 bloodmap

 Timestamp is 54974554 (Mon Dec 22 01:10:28 2014)

 Preferred load address is 00400000

 Start         Length     Name                   Class
 0001:00000000 00071d52H .text                   CODE
 0002:00000000 000002a8H .idata$5                DATA
 0002:000002a8 00000004H .CRT$XCA                DATA
 0002:000002ac 00000004H .CRT$XCAA               DATA
 0002:000002b0 00000004H .CRT$XCZ                DATA
 0002:000002b4 00000004H .CRT$XIA                DATA
 0002:000002b8 00000004H .CRT$XIAA               DATA
 0002:000002bc 00000004H .CRT$XIC                DATA
 0002:000002c0 00000004H .CRT$XIY                DATA
 0002:000002c4 00000004H .CRT$XIZ                DATA
 0002:000002d0 0000f7d8H .rdata                  DATA
 0002:0000faa8 00000042H .rdata$debug            DATA
 0002:0000faf0 00000004H .rdata$sxdata           DATA
 0002:0000faf4 00000004H .rtc$IAA                DATA
 0002:0000faf8 00000004H .rtc$IZZ                DATA
 0002:0000fafc 00000004H .rtc$TAA                DATA
 0002:0000fb00 00000004H .rtc$TZZ                DATA
 0002:0000fb08 0000007cH .xdata$x                DATA
 0002:0000fb84 00000078H .idata$2                DATA
 0002:0000fbfc 00000014H .idata$3                DATA
 0002:0000fc10 000002a8H .idata$4                DATA
 0002:0000feb8 000006e2H .idata$6                DATA
 0002:0001059a 00000000H .edata                  DATA
 0003:00000000 00013178H .data                   DATA
 0003:00013180 0d98089cH .bss                    DATA
 0004:00000000 00000250H .rsrc$01                DATA
 0004:00000250 000102f8H .rsrc$02                DATA

  Address         Publics by Value              Rva+Base       Lib:Object

 0000:00000000       __except_list              00000000     <absolute>
 0000:00000001       ___safe_se_handler_count   00000001     <absolute>
 0000:00009876       __fltused                  00009876     <absolute>
 0000:00009876       __ldused                   00009876     <absolute>
 0000:00000000       ___ImageBase               00400000     <linker-defined>
 0001:00000000       ?IncDrawVerts@@YAXXZ       00401000 f   bspfile_abstract.obj
 0001:000000b0       ?SetDrawVerts@@YAXH@Z      004010b0 f   bspfile_abstract.obj
 0001:00000140       ?SetDrawSurfacesBuffer@@YAXXZ 00401140 f   bspfile_abstract.obj
 0001:000001a0       ?SetDrawSurfaces@@YAXH@Z   004011a0 f   bspfile_abstract.obj
 0001:00000230       ?SwapBSPFile@@YAXXZ        00401230 f   bspfile_abstract.obj
 0001:000003b0       ?CopyLump@@YAHPAUbspHeader_t@@HPAXH@Z 004013b0 f   bspfile_abstract.obj
 0001:00000410       ?WriteBSPFile@@YAXPBD@Z    00401410 f   bspfile_abstract.obj
 0001:00000490       ?PrintBSPFileSizes@@YAXXZ  00401490 f   bspfile_abstract.obj
 0001:00000720       ?StripTrailing@@YAXPAD@Z   00401720 f   bspfile_abstract.obj
 0001:00000750       ?ParseEPair@@YAPAUepair_s@@XZ 00401750 f   bspfile_abstract.obj
 0001:00000830       ?ParseEntity@@YA?AW4qboolean@@XZ 00401830 f   bspfile_abstract.obj
 0001:00000920       ?ParseEntities@@YAXXZ      00401920 f   bspfile_abstract.obj
 0001:00000960       ?UnparseEntities@@YAXW4qboolean@@@Z 00401960 f   bspfile_abstract.obj
 0001:00000bd0       ?SetKeyValue@@YAXPAUentity_t@@PBD1@Z 00401bd0 f   bspfile_abstract.obj
 0001:00000ce0       ?KeyExists@@YA?AW4qboolean@@PBUentity_t@@PBD@Z 00401ce0 f   bspfile_abstract.obj
 0001:00000d10       ?ValueForKey@@YAPBDPBUentity_t@@PBD@Z 00401d10 f   bspfile_abstract.obj
 0001:00000d50       ?IntForKey@@YAHPBUentity_t@@PBD@Z 00401d50 f   bspfile_abstract.obj
 0001:00000da0       ?FloatForKey@@YAMPBUentity_t@@PBD@Z 00401da0 f   bspfile_abstract.obj
 0001:00000df0       ?GetVectorForKey@@YAXPBUentity_t@@PBDQAM@Z 00401df0 f   bspfile_abstract.obj
 0001:00000e70       ?FindTargetEntity@@YAPAUentity_t@@PBD@Z 00401e70 f   bspfile_abstract.obj
 0001:00000f10       ?GetEntityShadowFlags@@YAXPBUentity_t@@0PAD1W4qboolean@@@Z 00401f10 f   bspfile_abstract.obj
 0001:00000fe0       ?GetEntityLightmapScale@@YAXPBUentity_t@@PAMM@Z 00401fe0 f   bspfile_abstract.obj
 0001:000010b0       ?GetEntityLightmapAxis@@YAXPBUentity_t@@QAM1@Z 004020b0 f   bspfile_abstract.obj
 0001:000012d0       ?GetEntityNormalSmoothing@@YAXPBUentity_t@@PAHH@Z 004022d0 f   bspfile_abstract.obj
 0001:00001350       ?GetEntityMinlightAmbientColor@@YAXPBUentity_t@@QAM111W4qboolean@@@Z 00402350 f   bspfile_abstract.obj
 0001:000024b0       ?LoadIBSPFile@@YAXPBD@Z    004034b0 f   bspfile_ibsp.obj
 0001:00002670       ?WriteIBSPFile@@YAXPBD@Z   00403670 f   bspfile_ibsp.obj
 0001:00002ed0       ?LoadRBSPFile@@YAXPBD@Z    00403ed0 f   bspfile_rbsp.obj
 0001:00003140       ?WriteRBSPFile@@YAXPBD@Z   00404140 f   bspfile_rbsp.obj
 0001:000037a0       ?PNGReadData@@YAXPAUpng_struct_def@@PAEI@Z 004047a0 f   image.obj
 0001:00003ae0       ?WritePNG@@YAXPBDPAEHHW4qboolean@@2@Z 00404ae0 f   image.obj
 0001:00003de0       ?ImageFind@@YAPAUimage_s@@PBD@Z 00404de0 f   image.obj
 0001:00003e90       ?ImageLoad@@YAPAUimage_s@@PBD@Z 00404e90 f   image.obj
 0001:000042e0       ?FixAAS@@YAHHPAPAD@Z       004052e0 f   main.obj
 0001:000044b0       ?AnalyzeBSP@@YAHHPAPAD@Z   004054b0 f   main.obj
 0001:00004780       ?BSPInfo@@YAHHPAPAD@Z      00405780 f   main.obj
 0001:000049c0       ?ScaleBSPMain@@YAHHPAPAD@Z 004059c0 f   main.obj
 0001:000050d0       ?ConvertBSPMain@@YAHHPAPAD@Z 004060d0 f   main.obj
 0001:000054a0       _main                      004064a0 f   main.obj
 0001:00005c50       ?LerpDrawVert@@YAXPAUbspDrawVert_t@@00@Z 00406c50 f   mesh.obj
 0001:00005d30       ?LerpDrawVertAmount@@YAXPAUbspDrawVert_t@@0M0@Z 00406d30 f   mesh.obj
 0001:00005f00       ?FreeMesh@@YAXPAUmesh_t@@@Z 00406f00 f   mesh.obj
 0001:00005f20       ?CopyMesh@@YAPAUmesh_t@@PAU1@@Z 00406f20 f   mesh.obj
 0001:00005f70       ?TransposeMesh@@YAPAUmesh_t@@PAU1@@Z 00406f70 f   mesh.obj
 0001:00006010       ?InvertMesh@@YAXPAUmesh_t@@@Z 00407010 f   mesh.obj
 0001:000060e0       ?MakeMeshNormals@@YAXUmesh_t@@@Z 004070e0 f   mesh.obj
 0001:00006550       ?PutMeshOnCurve@@YAXUmesh_t@@@Z 00407550 f   mesh.obj
 0001:00006770       ?SubdivideMesh@@YAPAUmesh_t@@U1@MM@Z 00407770 f   mesh.obj
 0001:00006e20       ?IterationsForCurve@@YAHMH@Z 00407e20 f   mesh.obj
 0001:00006e90       ?SubdivideMesh2@@YAPAUmesh_t@@U1@H@Z 00407e90 f   mesh.obj
 0001:00007230       ?ProjectPointOntoVector@@YAXQAM000@Z 00408230 f   mesh.obj
 0001:000072c0       ?RemoveLinearMeshColumnsRows@@YAPAUmesh_t@@PAU1@@Z 004082c0 f   mesh.obj
 0001:00007630       ?PicoPrintFunc@@YAXHPBD@Z  00408630 f   model.obj
 0001:000076b0       ?PicoLoadFileFunc@@YAXPADPAPAEPAH@Z 004086b0 f   model.obj
 0001:000076d0       ?FindModel@@YAPAUpicoModel_s@@PBDH@Z 004086d0 f   model.obj
 0001:00007780       ?LoadModel@@YAPAUpicoModel_s@@PBDH@Z 00408780 f   model.obj
 0001:00007850       ?InsertModel@@YAXPADHHQAMMPAUremap_s@@PAUshaderInfo_s@@HHDDHM1111MHHW4qboolean@@M4PAH555@Z 00408850 f   model.obj
 0001:000086c0       ?LoadTriangleModels@@YAXXZ 004096c0 f   model.obj
 0001:00008920       ?AddTriangleModels@@YAXH@Z 00409920 f   model.obj
 0001:00009320       ?TidyShaders@@YAXXZ        0040a320 f   optimize.obj
 0001:000099d0       ?TidyEntities@@YAXXZ       0040a9d0 f   optimize.obj
 0001:00009a60       ?MergeDrawSurfaces@@YAXXZ  0040aa60 f   optimize.obj
 0001:0000a490       ?Vec3ByteCompareExt@@YA?AW4qboolean@@QAE0E@Z 0040b490 f   optimize.obj
 0001:0000a4f0       ?MergeDrawVerts@@YAXXZ     0040b4f0 f   optimize.obj
 0001:0000ace0       ?WriteResourceOBJFile@@YAXPBD@Z 0040bce0 f   optimize.obj
 0001:0000b4d0       ?OptimizeBSPMain@@YAHHPAPAD@Z 0040c4d0 f   optimize.obj
 0001:0000bb60       ?AllocateEntity@@YAPAUentity_t@@PAU1@@Z 0040cb60 f   patchbsp.obj
 0001:0000bbb0       ?FindMapEntityByUniqueKey@@YAPAUentity_t@@PBD@Z 0040cbb0 f   patchbsp.obj
 0001:0000bc70       ?PatchEntities@@YAXXZ      0040cc70 f   patchbsp.obj
 0001:0000c130       ?PatchBSPMain@@YAHHPAPAD@Z 0040d130 f   patchbsp.obj
 0001:0000c6e0       ?GetGame@@YAPAUgame_s@@PAD@Z 0040d6e0 f   path_init.obj
 0001:0000c7f0       ?AddBasePath@@YAXPAD@Z     0040d7f0 f   path_init.obj
 0001:0000c870       ?AddGamePath@@YAXPAD@Z     0040d870 f   path_init.obj
 0001:0000c8f0       ?InitPaths@@YAXPAHPAPAD@Z  0040d8f0 f   path_init.obj
 0001:0000cc80       ?SanitizePath@@YAXPAD0@Z   0040dc80 f   path_init.obj
 0001:0000ccf0       ?GetGamePath@@YA?AW4qboolean@@PAD0@Z 0040dcf0 f   path_init.obj
 0001:0000cde0       ?floor@@YAMM@Z             0040dde0 f i shaders.obj
 0001:0000ce00       ?ColorModBuildRandomMatrix@@YAXXZ 0040de00 f   shaders.obj
 0001:0000ce80       ?ColorModRandom@@YAMQAMM@Z 0040de80 f   shaders.obj
 0001:0000d090       ?ColorMod@@YAXPAUmapDrawSurface_s@@PAUcolorMod_s@@PAUbrush_s@@HH@Z 0040e090 f   shaders.obj
 0001:0000d640       ?TCModMultiply@@YAXQAY02M00@Z 0040e640 f   shaders.obj
 0001:0000d720       ?TCModRotate@@YAXQAY02MM@Z 0040e720 f   shaders.obj
 0001:0000d790       ?ApplySurfaceParm@@YA?AW4qboolean@@PADPAH11@Z 0040e790 f   shaders.obj
 0001:0000d880       ?BeginMapShaderFile@@YAXPBD@Z 0040e880 f   shaders.obj
 0001:0000d970       ?WriteMapShaderFile@@YAXXZ 0040e970 f   shaders.obj
 0001:0000da90       ?CustomShader@@YAPAUshaderInfo_s@@PAU1@PAD1@Z 0040ea90 f   shaders.obj
 0001:0000def0       ?FinishShader@@YAXPAUshaderInfo_s@@@Z 0040eef0 f   shaders.obj
 0001:0000e4e0       ?ShaderInfoForShader@@YAPAUshaderInfo_s@@PBD@Z 0040f4e0 f   shaders.obj
 0001:0000e5e0       ?GetTokenAppend@@YA?AW4qboolean@@PADW41@@Z 0040f5e0 f   shaders.obj
 0001:0000e6d0       ?Parse1DMatrixAppend@@YAXPADHPAM@Z 0040f6d0 f   shaders.obj
 0001:00011410       ?LoadShaderInfo@@YAXXZ     00412410 f   shaders.obj
 0001:000116a0       ?SetSurfaceExtra@@YAXPAUmapDrawSurface_s@@H@Z 004126a0 f   surface_extra.obj
 0001:00011740       ?GetSurfaceExtraEntityNum@@YAHH@Z 00412740 f   surface_extra.obj
 0001:00011770       ?WriteSurfaceExtraFile@@YAXPBD@Z 00412770 f   surface_extra.obj
 0001:00011a70       ?LoadSurfaceExtraFile@@YAXPBD@Z 00412a70 f   surface_extra.obj
 0001:00011eb0       ?safe_malloc_f@@YAPAXI@Z   00412eb0 f   cmdlib.obj
 0001:00011ee0       ?safe_malloc_logstart@@YAXXZ 00412ee0 f   cmdlib.obj
 0001:00011f20       ?safe_malloc_log@@YAPAXIPBDH@Z 00412f20 f   cmdlib.obj
 0001:00012040       ?safe_malloc_logend@@YAXXZ 00413040 f   cmdlib.obj
 0001:000120b0       ?ExpandArg@@YAPADPBD@Z     004130b0 f   cmdlib.obj
 0001:00012120       ?ExpandPath@@YAPADPBD@Z    00413120 f   cmdlib.obj
 0001:00012170       ?copystring@@YAPADPBD@Z    00413170 f   cmdlib.obj
 0001:000121b0       ?Q_getwd@@YAXPAD@Z         004131b0 f   cmdlib.obj
 0001:00012200       ?Q_strncasecmp@@YAHPBD0I@Z 00413200 f   cmdlib.obj
 0001:00012250       ?LoadFile@@YAHPBDPAPAX@Z   00413250 f   cmdlib.obj
 0001:00012300       ?DefaultExtension@@YAXPADPBD@Z 00413300 f   cmdlib.obj
 0001:00012370       ?StripExtension@@YAXPAD@Z  00413370 f   cmdlib.obj
 0001:000123b0       ?ExtractFileBase@@YAXPBDPAD@Z 004133b0 f   cmdlib.obj
 0001:00012400       ?ExtractFileExtension@@YAXPBDPAD@Z 00413400 f   cmdlib.obj
 0001:00012450       ?CRC_Block@@YAGPBEI@Z      00413450 f   cmdlib.obj
 0001:00012490       ?bufLittleShort@@YAHPAEHPAH@Z 00413490 f   imagelib.obj
 0001:000124d0       ?bufLittleLong@@YAHPAEHPAH@Z 004134d0 f   imagelib.obj
 0001:00012520       ?LBMRLEDecompress@@YAPAEPAE0H@Z 00413520 f   imagelib.obj
 0001:000125a0       ?LoadLBM@@YAXPBDPAPAE1@Z   004135a0 f   imagelib.obj
 0001:00012930       ?LoadPCX@@YAXPBDPAPAE1PAH2@Z 00413930 f   imagelib.obj
 0001:00012b60       ?LoadBMP@@YAXPBDPAPAE1PAH2@Z 00413b60 f   imagelib.obj
 0001:00012fa0       ?Load256Image@@YAXPBDPAPAE1PAH2@Z 00413fa0 f   imagelib.obj
 0001:00013070       ?TargaError@@YAXPAU_TargaHeader@@PBD@Z 00414070 f   imagelib.obj
 0001:000130c0       ?LoadTGABuffer@@YAXPBE0PAPAEPAH2@Z 004140c0 f   imagelib.obj
 0001:000135c0       ?WriteTGA@@YAXPBDPAEHH@Z   004145c0 f   imagelib.obj
 0001:00013690       ?Load32BitImage@@YAXPBDPAPAIPAH2@Z 00414690 f   imagelib.obj
 0001:00013790       ?xml_SendNode@@YAXPAU_xmlNode@@@Z 00414790 f   inout.obj
 0001:00013870       ?xml_Select@@YAXPADHHW4qboolean@@@Z 00414870 f   inout.obj
 0001:00013960       ?xml_Winding@@YAXPADQAY02MHW4qboolean@@@Z 00414960 f   inout.obj
 0001:00013af0       ?Broadcast_Shutdown@@YAXXZ 00414af0 f   inout.obj
 0001:00013b20       ?FPrintf@@YAXHPAD@Z        00414b20 f   inout.obj
 0001:00013bc0       ?Sys_FPrintf@@YAXHPBDZZ    00414bc0 f   inout.obj
 0001:00013cb0       ?Sys_Printf@@YAXPBDZZ      00414cb0 f   inout.obj
 0001:00013d00       ?Error@@YAXPBDZZ           00414d00 f   inout.obj
 0001:00013da0       ?MD4Update@@YAXPAUMD4_CTX_s@@PAEI@Z 00414da0 f   md4.obj
 0001:00013e40       ?MD4Final@@YAXQAEPAUMD4_CTX_s@@@Z 00414e40 f   md4.obj
 0001:000143d0       ?AllocWinding@@YAPAUwinding_t@@H@Z 004153d0 f   polylib.obj
 0001:00014440       ?FreeWinding@@YAXPAUwinding_t@@@Z 00415440 f   polylib.obj
 0001:00014480       ?WindingPlane@@YAXPAUwinding_t@@QAMPAM@Z 00415480 f   polylib.obj
 0001:000144f0       ?WindingArea@@YAMPAUwinding_t@@@Z 004154f0 f   polylib.obj
 0001:00014580       ?WindingCenter@@YAXPAUwinding_t@@QAM@Z 00415580 f   polylib.obj
 0001:000145e0       ?BaseWindingForPlane@@YAPAUwinding_t@@QAMM@Z 004155e0 f   polylib.obj
 0001:00014930       ?ReverseWinding@@YAPAUwinding_t@@PAU1@@Z 00415930 f   polylib.obj
 0001:00014a00       ?ClipWindingEpsilon@@YAXPAUwinding_t@@QAMMMPAPAU1@2@Z 00415a00 f   polylib.obj
 0001:00014d90       ?ChopWindingInPlace@@YAXPAPAUwinding_t@@QAMMM@Z 00415d90 f   polylib.obj
 0001:000150a0       ?WindingOnPlaneSide@@YAHPAUwinding_t@@QAMM@Z 004160a0 f   polylib.obj
 0001:00015150       ?AddWindingToConvexHull@@YAXPAUwinding_t@@PAPAU1@QAM@Z 00416150 f   polylib.obj
 0001:00015610       ?BaseDWindingForPlane@@YAPAUdwinding_t@@QAMMM@Z 00416610 f   polylib.obj
 0001:000158b0       ?WindingFromDWinding@@YAPAUwinding_t@@PAUdwinding_t@@@Z 004168b0 f   polylib.obj
 0001:00015970       ?ChopDWindingInPlace@@YAXPAPAUdwinding_t@@QAMMM@Z 00416970 f   polylib.obj
 0001:00015c90       ?FixDWinding@@YA?AW4qboolean@@PAUdwinding_t@@@Z 00416c90 f   polylib.obj
 0001:00015d90       ?AddScriptToStack@@YAXPBDH@Z 00416d90 f   scriplib.obj
 0001:00015e60       ?ParseFromMemory@@YAXPADH@Z 00416e60 f   scriplib.obj
 0001:00015ed0       ?EndOfScript@@YA?AW4qboolean@@W41@@Z 00416ed0 f   scriplib.obj
 0001:00015f90       ?GetToken@@YA?AW4qboolean@@W41@@Z 00416f90 f   scriplib.obj
 0001:00016280       ?TokenAvailable@@YA?AW4qboolean@@XZ 00417280 f   scriplib.obj
 0001:000162b0       ?MatchToken@@YAXPAD@Z      004172b0 f   scriplib.obj
 0001:00016310       ?Parse1DMatrix@@YAXHPAM@Z  00417310 f   scriplib.obj
 0001:000163f0       ?Parse2DMatrix@@YAXHHPAM@Z 004173f0 f   scriplib.obj
 0001:000164d0       ?GetThreadWork@@YAHXZ      004174d0 f   threads.obj
 0001:000165d0       ?RunThreadsOnIndividualThread@@YAXH@Z 004175d0 f   threads.obj
 0001:00016600       ?RunThreadsOnIndividual@@YAXHW4qboolean@@P6AXH@Z@Z 00417600 f   threads.obj
 0001:00016670       ?RunThreadsOn@@YAXHW4qboolean@@P6AXH@Z@Z 00417670 f   threads.obj
 0001:000166f0       ?RunSameThreadOn@@YAXHW4qboolean@@P6AXH@Z@Z 004176f0 f   threads.obj
 0001:000167e0       ?RunSameThreadOnIndividual@@YAXHW4qboolean@@P6AXH@Z@Z 004177e0 f   threads.obj
 0001:000168e0       ?_RunThreadsOn@@YAXHW4qboolean@@P6AXH@Z@Z 004178e0 f   threads.obj
 0001:00016a20       ?_ThreadMutexLock@@YAXPAUThreadMutex_s@@PADH@Z 00417a20 f   threads.obj
 0001:00016a80       ?_ThreadMutexUnlock@@YAXPAUThreadMutex_s@@PADH@Z 00417a80 f   threads.obj
 0001:00016c00       ?unzOpen@@YAPAXPBD@Z       00417c00 f   unzip.obj
 0001:00017030       ?unzGoToFirstFile@@YAHPAX@Z 00418030 f   unzip.obj
 0001:00017070       ?unzGoToNextFile@@YAHPAX@Z 00418070 f   unzip.obj
 0001:00017280       ?unzOpenCurrentFile@@YAHPAX@Z 00418280 f   unzip.obj
 0001:000173b0       ?unzReadCurrentFile@@YAHPAX0I@Z 004183b0 f   unzip.obj
 0001:00017550       ?unzCloseCurrentFile@@YAHPAX@Z 00418550 f   unzip.obj
 0001:000175c0       ?crc32@@YAKKPBEI@Z         004185c0 f   unzip.obj
 0001:000176d0       ?inflate_blocks_reset@@YAXPAUinflate_blocks_state@@PAUz_stream_s@@PAK@Z 004186d0 f   unzip.obj
 0001:00017740       ?inflate_blocks_new@@YAPAUinflate_blocks_state@@PAUz_stream_s@@P6AKKPBEI@ZI@Z 00418740 f   unzip.obj
 0001:000177e0       ?inflate_blocks@@YAHPAUinflate_blocks_state@@PAUz_stream_s@@H@Z 004187e0 f   unzip.obj
 0001:00018240       ?inflate_blocks_free@@YAHPAUinflate_blocks_state@@PAUz_stream_s@@@Z 00419240 f   unzip.obj
 0001:000182d0       ?inflate_flush@@YAHPAUinflate_blocks_state@@PAUz_stream_s@@H@Z 004192d0 f   unzip.obj
 0001:00018840       ?inflate_trees_bits@@YAHPAI0PAPAUinflate_huft_s@@PAU1@PAUz_stream_s@@@Z 00419840 f   unzip.obj
 0001:000188e0       ?inflate_trees_dynamic@@YAHIIPAI00PAPAUinflate_huft_s@@1PAU1@PAUz_stream_s@@@Z 004198e0 f   unzip.obj
 0001:00018a60       ?inflate_fast@@YAHIIPAUinflate_huft_s@@0PAUinflate_blocks_state@@PAUz_stream_s@@@Z 00419a60 f   unzip.obj
 0001:00018da0       ?inflate_codes_new@@YAPAUinflate_codes_state@@IIPAUinflate_huft_s@@0PAUz_stream_s@@@Z 00419da0 f   unzip.obj
 0001:00018de0       ?inflate_codes@@YAHPAUinflate_blocks_state@@PAUz_stream_s@@H@Z 00419de0 f   unzip.obj
 0001:00019450       ?adler32@@YAKKPBEI@Z       0041a450 f   unzip.obj
 0001:00019590       ?inflateReset@@YAHPAUz_stream_s@@@Z 0041a590 f   unzip.obj
 0001:000195d0       ?inflateEnd@@YAHPAUz_stream_s@@@Z 0041a5d0 f   unzip.obj
 0001:00019620       ?inflateInit2_@@YAHPAUz_stream_s@@HPBDH@Z 0041a620 f   unzip.obj
 0001:000196d0       ?inflate@@YAHPAUz_stream_s@@H@Z 0041a6d0 f   unzip.obj
 0001:00019a70       ?zcalloc@@YAPAEPAEII@Z     0041aa70 f   unzip.obj
 0001:00019a90       ?zcfree@@YAXPAE0@Z         0041aa90 f   unzip.obj
 0001:00019bc0       ?vfsInitDirectory@@YAXPBD@Z 0041abc0 f   vfs.obj
 0001:00019cf0       ?vfsGetFileCount@@YAHPBD@Z 0041acf0 f   vfs.obj
 0001:00019e40       ?vfsLoadFile@@YAHPBDPAPAXH@Z 0041ae40 f   vfs.obj
 0001:0001a180       ?AllocSideRef@@YAPAUsideRef_s@@PAUside_s@@PAU1@@Z 0041b180 f   brush.obj
 0001:0001a1a0       ?FreeBrush@@YAXPAUbrush_s@@@Z 0041b1a0 f   brush.obj
 0001:0001a250       ?CopyBrush@@YAPAUbrush_s@@PAU1@@Z 0041b250 f   brush.obj
 0001:0001a340       ?BoundBrush@@YA?AW4qboolean@@PAUbrush_s@@@Z 0041b340 f   brush.obj
 0001:0001a430       ?CreateBrushWindings@@YA?AW4qboolean@@PAUbrush_s@@@Z 0041b430 f   brush.obj
 0001:0001a560       ?BrushFromBounds@@YAPAUbrush_s@@MMMMMMPAUshaderInfo_s@@@Z 0041b560 f   brush.obj
 0001:0001a700       ?BrushVolume@@YAMPAUbrush_s@@@Z 0041b700 f   brush.obj
 0001:0001a7d0       ?WriteBSPBrushMap@@YAXPADPAUbrush_s@@@Z 0041b7d0 f   brush.obj
 0001:0001a9c0       ?FilterBrushIntoTree_r@@YAHPAUbrush_s@@PAUnode_s@@@Z 0041b9c0 f   brush.obj
 0001:0001aa60       ?FilterDetailBrushesIntoTree@@YAXPAUentity_t@@PAUtree_t@@@Z 0041ba60 f   brush.obj
 0001:0001ab10       ?FilterStructuralBrushesIntoTree@@YAXPAUentity_t@@PAUtree_t@@@Z 0041bb10 f   brush.obj
 0001:0001abc0       ?WindingIsTiny@@YA?AW4qboolean@@PAUwinding_t@@@Z 0041bbc0 f   brush.obj
 0001:0001ac50       ?WindingIsHuge@@YA?AW4qboolean@@PAUwinding_t@@@Z 0041bc50 f   brush.obj
 0001:0001acc0       ?BrushMostlyOnSide@@YAHPAUbrush_s@@PAUplane_s@@@Z 0041bcc0 f   brush.obj
 0001:0001aeb0       ?SplitBrush@@YAXPAUbrush_s@@HPAPAU1@1@Z 0041beb0 f   brush.obj
 0001:0001b570       ?ComputeAxisBase@@YAXQAM00@Z 0041c570 f   brush_primit.obj
 0001:0001b610       ?SetCloneModelNumbers@@YAXXZ 0041c610 f   bsp.obj
 0001:0001bd30       ?ProcessWorldModel@@YAXXZ  0041cd30 f   bsp.obj
 0001:0001c510       ?ProcessSubModel@@YAXXZ    0041d510 f   bsp.obj
 0001:0001c6e0       ?ProcessModels@@YAXXZ      0041d6e0 f   bsp.obj
 0001:0001c810       ?RegionScissor@@YAXXZ      0041d810 f   bsp.obj
 0001:0001d340       ?BSPMain@@YAHHPAPAD@Z      0041e340 f   bsp.obj
 0001:0001ef60       ?ProcessDecals@@YAXXZ      0041ff60 f   decals.obj
 0001:0001ff30       ?MakeEntityDecals@@YAXPAUentity_t@@@Z 00420f30 f   decals.obj
 0001:00020150       ?NewNodesArray@@YAPAUdnode_s@@H@Z 00421150 f   decorations.obj
 0001:000201a0       ?FreeNode@@YAXPAUdnode_s@@@Z 004211a0 f   decorations.obj
 0001:00020200       ?EntityArrayAdd@@YAXPAUdgroupents_s@@PAUentity_t@@@Z 00421200 f   decorations.obj
 0001:000202a0       ?NewDecoreGroup@@YAPAUdgroup_s@@PADW4decoreMatchParm_t@@@Z 004212a0 f   decorations.obj
 0001:000203d0       ?PopulateDecoreGroup@@YA?AW4qboolean@@PAUentity_t@@W4decoreMatchParm_t@@PAD@Z 004213d0 f   decorations.obj
 0001:000204f0       ?DecoreParseParm@@YAPADPADH@Z 004214f0 f   decorations.obj
 0001:00020550       ?DecoreParseActions@@YAXPAUdactions_s@@@Z 00421550 f   decorations.obj
 0001:00020a90       ?EntityPopulateDecorationGroups@@YAXH@Z 00421a90 f   decorations.obj
 0001:00020af0       ?LoadDecorationScript@@YAXXZ 00421af0 f   decorations.obj
 0001:00021330       ?EntityProcessActions@@YAXPAUentity_t@@PAUdactions_s@@@Z 00422330 f   decorations.obj
 0001:00021490       ?ImportFoliage@@YAXPAD@Z   00422490 f   decorations.obj
 0001:00021550       ?ImportRtlights@@YAXXZ     00422550 f   decorations.obj
 0001:00021be0       ?ProcessDecorationGroup@@YAXH@Z 00422be0 f   decorations.obj
 0001:000223e0       ?ProcessDecorations@@YAXXZ 004233e0 f   decorations.obj
 0001:000227a0       ?BuildFaceTree_r@@YAXPAUnode_s@@PAUface_s@@@Z 004237a0 f   facebsp.obj
 0001:00022a70       ?FaceBSP@@YAPAUtree_t@@PAUface_s@@@Z 00423a70 f   facebsp.obj
 0001:00022bb0       ?MakeStructuralBSPFaceList@@YAPAUface_s@@PAUbrush_s@@@Z 00423bb0 f   facebsp.obj
 0001:00022cf0       ?MakeVisibleBSPFaceList@@YAPAUface_s@@PAUbrush_s@@@Z 00423cf0 f   facebsp.obj
 0001:00022e30       ?DrawSurfToMesh@@YAPAUmesh_t@@PAUmapDrawSurface_s@@@Z 00423e30 f   fog.obj
 0001:00022e90       ?SplitMeshByPlane@@YAXPAUmesh_t@@QAMMPAPAU1@2@Z 00423e90 f   fog.obj
 0001:00023560       ?ChopPatchSurfaceByBrush@@YA?AW4qboolean@@PAUentity_t@@PAUmapDrawSurface_s@@PAUbrush_s@@@Z 00424560 f   fog.obj
 0001:00023790       ?WindingFromDrawSurf@@YAPAUwinding_t@@PAUmapDrawSurface_s@@@Z 00424790 f   fog.obj
 0001:00023970       ?ChopFaceSurfaceByBrush@@YA?AW4qboolean@@PAUentity_t@@PAUmapDrawSurface_s@@PAUbrush_s@@@Z 00424970 f   fog.obj
 0001:00023bf0       ?FogDrawSurfaces@@YAXPAUentity_t@@@Z 00424bf0 f   fog.obj
 0001:00023dc0       ?FogForBounds@@YAHQAM0M@Z  00424dc0 f   fog.obj
 0001:00023f00       ?CreateMapFogs@@YAXXZ      00424f00 f   fog.obj
 0001:00024160       ?LeakFile@@YAPAU_xmlNode@@PAUtree_t@@@Z 00425160 f   leakfile.obj
 0001:000243a0       ?CreateNewFloatPlane@@YAHQAMM@Z 004253a0 f   map.obj
 0001:00024580       ?SnapNormal@@YAXQAM@Z      00425580 f   map.obj
 0001:000245f0       ?FindFloatPlane@@YAHQAMMHPAY02M@Z 004255f0 f   map.obj
 0001:00024830       ?MapPlaneFromPoints@@YAHPAY02M@Z 00425830 f   map.obj
 0001:000248e0       ?SetBrushContents@@YAXPAUbrush_s@@@Z 004258e0 f   map.obj
 0001:00024a20       ?AddBrushBevels@@YAXXZ     00425a20 f   map.obj
 0001:000252c0       ?FinishBrush@@YAPAUbrush_s@@XZ 004262c0 f   map.obj
 0001:00025500       ?TextureAxisFromPlane@@YAXPAUplane_s@@QAM1@Z 00426500 f   map.obj
 0001:00025680       ?QuakeTextureVecs@@YAXPAUplane_s@@QAMM1QAY03M@Z 00426680 f   map.obj
 0001:00025be0       ?RemoveDuplicateBrushPlanes@@YA?AW4qboolean@@PAUbrush_s@@@Z 00426be0 f   map.obj
 0001:00025e20       ?MoveBrushesToWorld@@YAXPAUentity_t@@@Z 00426e20 f   map.obj
 0001:00025ef0       ?AdjustBrushesForOrigin@@YAXPAUentity_t@@@Z 00426ef0 f   map.obj
 0001:00026010       ?SetEntityBounds@@YAXPAUentity_t@@@Z 00427010 f   map.obj
 0001:000261c0       ?LoadEntityIndexMap@@YAXPAUentity_t@@@Z 004271c0 f   map.obj
 0001:00026d20       ?LoadMapFile@@YAXPADW4qboolean@@11@Z 00427d20 f   map.obj
 0001:00027320       ?CheckMapForErrors@@YAHXZ  00428320 f   map.obj
 0001:00027d20       ?ParsePatch@@YAXW4qboolean@@@Z 00428d20 f   patch.obj
 0001:00028340       ?PatchMapDrawSurfs@@YAXPAUentity_t@@@Z 00429340 f   patch.obj
 0001:00028770       ?RemovePortalFromNode@@YAXPAUportal_s@@PAUnode_s@@@Z 00429770 f   portals.obj
 0001:000287e0       ?MakeHeadnodePortals@@YAXPAUtree_t@@@Z 004297e0 f   portals.obj
 0001:000289c0       ?BaseWindingForNode@@YAPAUwinding_t@@PAUnode_s@@@Z 004299c0 f   portals.obj
 0001:00028aa0       ?MakeNodePortal@@YAXPAUnode_s@@@Z 00429aa0 f   portals.obj
 0001:00028c70       ?SplitNodePortals@@YAXPAUnode_s@@@Z 00429c70 f   portals.obj
 0001:00029130       ?CalcNodeBounds@@YAXPAUnode_s@@@Z 0042a130 f   portals.obj
 0001:000291a0       ?MakeTreePortals_r@@YAXPAUnode_s@@@Z 0042a1a0 f   portals.obj
 0001:00029290       ?FloodPortals_r@@YAXPAUnode_s@@HW4qboolean@@@Z 0042a290 f   portals.obj
 0001:00029300       ?PlaceOccupantTest@@YA?AW4qboolean@@PAUtree_t@@PAUnode_s@@QAM@Z 0042a300 f   portals.obj
 0001:00029360       ?PlaceOccupant@@YA?AW4qboolean@@PAUnode_s@@QAMPAUentity_t@@W41@@Z 0042a360 f   portals.obj
 0001:000293d0       ?FloodEntities@@YA?AW4qboolean@@PAUtree_t@@@Z 0042a3d0 f   portals.obj
 0001:00029a00       ?FloodAreas_r@@YAXPAUnode_s@@@Z 0042aa00 f   portals.obj
 0001:00029b00       ?FindAreas_r@@YAXPAUnode_s@@@Z 0042ab00 f   portals.obj
 0001:00029b50       ?FloodSkyboxArea_r@@YAXPAUnode_s@@@Z 0042ab50 f   portals.obj
 0001:00029ba0       ?FillOutside_r@@YAXPAUnode_s@@@Z 0042aba0 f   portals.obj
 0001:00029bf0       ?FillOutside@@YAXPAUnode_s@@@Z 0042abf0 f   portals.obj
 0001:00029c60       ?WriteFloat@@YAXPAU_iobuf@@M@Z 0042ac60 f   prtfile.obj
 0001:00029ce0       ?WritePortalFile_r@@YAXPAUnode_s@@@Z 0042ace0 f   prtfile.obj
 0001:00029eb0       ?WriteFaceFile_r@@YAXPAUnode_s@@@Z 0042aeb0 f   prtfile.obj
 0001:0002a090       ?NumberLeafs_r@@YAXPAUnode_s@@@Z 0042b090 f   prtfile.obj
 0001:0002a180       ?NumberClusters@@YAXPAUtree_t@@@Z 0042b180 f   prtfile.obj
 0001:0002a1f0       ?WritePortalFile@@YAXPAUtree_t@@@Z 0042b1f0 f   prtfile.obj
 0001:0002a2e0       ?AllocDrawSurface@@YAPAUmapDrawSurface_s@@W4surfaceType_t@@@Z 0042b2e0 f   surface.obj
 0001:0002a370       ?CloneSurface@@YAPAUmapDrawSurface_s@@PAU1@PAUshaderInfo_s@@@Z 0042b370 f   surface.obj
 0001:0002a430       ?MakeCelSurface@@YAPAUmapDrawSurface_s@@PAU1@PAUshaderInfo_s@@@Z 0042b430 f   surface.obj
 0001:0002a470       ?MakeSkyboxSurface@@YAPAUmapDrawSurface_s@@PAU1@@Z 0042b470 f   surface.obj
 0001:0002a4d0       ?IsTriangleDegenerate@@YA?AW4qboolean@@PAUbspDrawVert_t@@HHH@Z 0042b4d0 f   surface.obj
 0001:0002a570       ?ClearSurface@@YAXPAUmapDrawSurface_s@@@Z 0042b570 f   surface.obj
 0001:0002a5c0       ?TidyEntitySurfaces@@YAXPAUentity_t@@@Z 0042b5c0 f   surface.obj
 0001:0002a700       ?CalcSurfaceTextureRange@@YA?AW4qboolean@@PAUmapDrawSurface_s@@@Z 0042b700 f   surface.obj
 0001:0002a8f0       ?CalcLightmapAxis@@YA?AW4qboolean@@QAM0@Z 0042b8f0 f   surface.obj
 0001:0002aa10       ?ClassifySurfaces@@YAXHPAUmapDrawSurface_s@@@Z 0042ba10 f   surface.obj
 0001:0002ae70       ?ClassifyEntitySurfaces@@YAXPAUentity_t@@@Z 0042be70 f   surface.obj
 0001:0002af30       ?GetShaderIndexForPoint@@YAEPAUindexMap_s@@QAM11@Z 0042bf30 f   surface.obj
 0001:0002afd0       ?GetIndexedShader@@YAPAUshaderInfo_s@@PAU1@PAUindexMap_s@@HPAE@Z 0042bfd0 f   surface.obj
 0001:0002b1f0       ?DrawSurfaceForSide@@YAPAUmapDrawSurface_s@@PAUentity_t@@PAUbrush_s@@PAUside_s@@PAUwinding_t@@PAY02MPAHH@Z 0042c1f0 f   surface.obj
 0001:0002b770       ?DrawSurfaceForMesh@@YAPAUmapDrawSurface_s@@PAUentity_t@@PAUparseMesh_s@@PAUmesh_t@@@Z 0042c770 f   surface.obj
 0001:0002bfd0       ?DrawSurfaceForFlare@@YAPAUmapDrawSurface_s@@HQAM00PADH@Z 0042cfd0 f   surface.obj
 0001:0002c090       ?DrawSurfaceForShader@@YAPAUmapDrawSurface_s@@PAD@Z 0042d090 f   surface.obj
 0001:0002c3d0       ?SubdivideFaceSurfaces@@YAXPAUentity_t@@PAUtree_t@@@Z 0042d3d0 f   surface.obj
 0001:0002c610       ?ClipSideIntoTree_r@@YAXPAUwinding_t@@PAUside_s@@PAUnode_s@@@Z 0042d610 f   surface.obj
 0001:0002c700       ?SideInBrush@@YA?AW4qboolean@@PAUside_s@@PAUbrush_s@@@Z 0042d700 f   surface.obj
 0001:0002c7d0       ?CullSides@@YAXPAUentity_t@@@Z 0042d7d0 f   surface.obj
 0001:0002cc30       ?ClipSidesIntoTree@@YAXPAUentity_t@@PAUtree_t@@@Z 0042dc30 f   surface.obj
 0001:0002ce30       ?AddReferenceToLeaf@@YAHPAUmapDrawSurface_s@@PAUnode_s@@@Z 0042de30 f   surface.obj
 0001:0002cea0       ?AddReferenceToTree_r@@YAHPAUmapDrawSurface_s@@PAUnode_s@@W4qboolean@@@Z 0042dea0 f   surface.obj
 0001:0002cf40       ?FilterPointIntoTree_r@@YAHQAMPAUmapDrawSurface_s@@PAUnode_s@@@Z 0042df40 f   surface.obj
 0001:0002cfe0       ?FilterWindingIntoTree_r@@YAHPAUwinding_t@@PAUmapDrawSurface_s@@PAUnode_s@@@Z 0042dfe0 f   surface.obj
 0001:0002da60       ?EmitDrawVerts@@YAXPAUmapDrawSurface_s@@PAUbspDrawSurface_t@@H@Z 0042ea60 f   surface.obj
 0001:0002dbc0       ?FindDrawIndexes@@YAHHPAH@Z 0042ebc0 f   surface.obj
 0001:0002dcb0       ?EmitDrawIndexes@@YAXPAUmapDrawSurface_s@@PAUbspDrawSurface_t@@@Z 0042ecb0 f   surface.obj
 0001:0002dd50       ?EmitFlareSurface@@YAXPAUmapDrawSurface_s@@@Z 0042ed50 f   surface.obj
 0001:0002de40       ?EmitPatchSurface@@YAXPAUentity_t@@PAUmapDrawSurface_s@@@Z 0042ee40 f   surface.obj
 0001:0002ea80       ?MakeFogHullSurfs@@YAXPAUentity_t@@PAUtree_t@@PAD@Z 0042fa80 f   surface.obj
 0001:0002eda0       ?BiasSurfaceTextures@@YAXPAUmapDrawSurface_s@@@Z 0042fda0 f   surface.obj
 0001:0002ee00       ?AddSurfaceModelsToTriangle_r@@YAHPAUmapDrawSurface_s@@PAUsurfaceModel_s@@PAPAUbspDrawVert_t@@@Z 0042fe00 f   surface.obj
 0001:0002f2e0       ?AddSurfaceModels@@YAHPAUmapDrawSurface_s@@@Z 004302e0 f   surface.obj
 0001:0002f8b0       ?AddEntitySurfaceModels@@YAXPAUentity_t@@@Z 004308b0 f   surface.obj
 0001:0002fb90       ?DeformVertexes@@YAXPAUmapDrawSurface_s@@M@Z 00430b90 f   surface.obj
 0001:0002fbe0       ?FixDrawsurfVertexAlpha@@YAXH@Z 00430be0 f   surface.obj
 0001:00030140       ?FixVertexAlpha@@YAXPAUentity_t@@W4qboolean@@@Z 00431140 f   surface.obj
 0001:00030310       ?ApplyVertexMods@@YAXPAUentity_t@@W4qboolean@@@Z 00431310 f   surface.obj
 0001:000304f0       ?FilterDrawsurfsIntoTree@@YAXPAUentity_t@@PAUtree_t@@W4qboolean@@@Z 004314f0 f   surface.obj
 0001:000308b0       ?EmitDrawsurfsStats@@YAXXZ 004318b0 f   surface.obj
 0001:00030ca0       ?Foliage@@YAXPAUmapDrawSurface_s@@@Z 00431ca0 f   surface_foliage.obj
 0001:000310f0       ?Fur@@YAXPAUmapDrawSurface_s@@@Z 004320f0 f   surface_fur.obj
 0001:000313b0       ?FindMetaTriangle@@YAHPAUmetaTriangle_s@@PAUbspDrawVert_t@@11H@Z 004323b0 f   surface_meta.obj
 0001:000319c0       ?TriangulatePatchSurface@@YAXPAUentity_t@@PAUmapDrawSurface_s@@@Z 004329c0 f   surface_meta.obj
 0001:00031c90       ?FanFaceSurface@@YAXPAUmapDrawSurface_s@@@Z 00432c90 f   surface_meta.obj
 0001:00031f00       ?StripFaceSurface@@YAXPAUmapDrawSurface_s@@W4qboolean@@@Z 00432f00 f   surface_meta.obj
 0001:000321d0       ?EmitMetaStats@@YAXXZ      004331d0 f   surface_meta.obj
 0001:00032270       ?MakeEntityMetaTriangles@@YAXPAUentity_t@@@Z 00433270 f   surface_meta.obj
 0001:00032480       ?MetaTriangleFindAreaWeight@@YAXH@Z 00433480 f   surface_meta.obj
 0001:000329d0       ?SmoothMetaTriangles@@YAXXZ 004339d0 f   surface_meta.obj
 0001:00033250       ?AddMetaVertToSurface@@YAHPAUmapDrawSurface_s@@PAUbspDrawVert_t@@PAH@Z 00434250 f   surface_meta.obj
 0001:00034280       ?GroupMetaTriangles@@YAXXZ 00435280 f   surface_meta.obj
 0001:000346c0       ?MergeMetaTrianglesThread@@YAXH@Z 004356c0 f   surface_meta.obj
 0001:00034790       ?MergeMetaTriangles@@YAXXZ 00435790 f   surface_meta.obj
 0001:000349a0       ?InsertPointOnEdge@@YAXQAMPAUedgeLine_s@@@Z 004359a0 f   tjunction.obj
 0001:00034a70       ?AddEdge@@YAHQAM0W4qboolean@@@Z 00435a70 f   tjunction.obj
 0001:00034d00       ?AddSurfaceEdges@@YAXPAUmapDrawSurface_s@@@Z 00435d00 f   tjunction.obj
 0001:00034d60       ?ColinearEdge@@YA?AW4qboolean@@QAM00@Z 00435d60 f   tjunction.obj
 0001:00034e30       ?AddPatchEdges@@YAXPAUmapDrawSurface_s@@@Z 00435e30 f   tjunction.obj
 0001:00034fb0       ?FixSurfaceJunctions@@YAXPAUmapDrawSurface_s@@@Z 00435fb0 f   tjunction.obj
 0001:000353a0       ?FixBrokenSurface@@YA?AW4qboolean@@PAUmapDrawSurface_s@@@Z 004363a0 f   tjunction.obj
 0001:00035560       ?EdgeCompare@@YAHPBX0@Z    00436560 f   tjunction.obj
 0001:00035580       ?FixTJunctions@@YAXPAUentity_t@@@Z 00436580 f   tjunction.obj
 0001:000357e0       ?FreeTreePortals_r@@YAXPAUnode_s@@@Z 004367e0 f   tree.obj
 0001:00035890       ?FreeTree_r@@YAXPAUnode_s@@@Z 00436890 f   tree.obj
 0001:000358e0       ?EmitShader@@YAHPBDPAH1@Z  004368e0 f   writebsp.obj
 0001:000359f0       ?EmitPlanes@@YAXXZ         004369f0 f   writebsp.obj
 0001:00035b00       ?EmitLeaf@@YAXPAUnode_s@@@Z 00436b00 f   writebsp.obj
 0001:00035c40       ?EmitDrawNode_r@@YAHPAUnode_s@@@Z 00436c40 f   writebsp.obj
 0001:00035d50       ?SetModelNumbers@@YAXXZ    00436d50 f   writebsp.obj
 0001:00035dc0       ?SetLightStyles@@YAXXZ     00436dc0 f   writebsp.obj
 0001:00036090       ?BeginBSPFile@@YAXXZ       00437090 f   writebsp.obj
 0001:000360f0       ?EmitBrushes@@YAXPAUbrush_s@@PAH1@Z 004370f0 f   writebsp.obj
 0001:00036230       ?EmitFogs@@YAXXZ           00437230 f   writebsp.obj
 0001:000362d0       ?BeginModel@@YAXXZ         004372d0 f   writebsp.obj
 0001:00036530       ?EndModel@@YAXPAUentity_t@@PAUnode_s@@@Z 00437530 f   writebsp.obj
 0001:000369d0       ?CreateEntityLights@@YAXXZ 004379d0 f   light.obj
 0001:000373e0       ?CreateSurfaceLights@@YAXXZ 004383e0 f   light.obj
 0001:00037670       ?SetEntityOrigins@@YAXXZ   00438670 f   light.obj
 0001:00037800       ?PointToPolygonFormFactor@@YAMQBM0PBUwinding_t@@@Z 00438800 f   light.obj
 0001:000379c0       ?LightContribution@@YAHPAUtrace_t@@HW4qboolean@@@Z 004389c0 f   light.obj
 0001:00038040       ?LightContributionAllStyles@@YAXPAUtrace_t@@QAEQAY02MHW4qboolean@@@Z 00439040 f   light.obj
 0001:000381c0       ?LightContributionSuper@@YAHPAUtrace_t@@HW4qboolean@@HQBM22QAM@Z 004391c0 f   light.obj
 0001:00038670       ?AllocateGridArea@@YAXQAM0@Z 00439670 f   light.obj
 0001:000386e0       ?IlluminateGridPoint@@YAXPAUtrace_t@@H@Z 004396e0 f   light.obj
 0001:00038f90       ?IlluminateGridBlock@@YAXH@Z 00439f90 f   light.obj
 0001:00039340       ?FloodGridPoint@@YAXH@Z    0043a340 f   light.obj
 0001:000395e0       ?IlluminateGrid@@YAXXZ     0043a5e0 f   light.obj
 0001:00039720       ?SetupGrid@@YAXXZ          0043a720 f   light.obj
 0001:00039f10       ?SampleGrid@@YAXQAM000@Z   0043af10 f   light.obj
 0001:0003a2e0       ?LightWorld@@YAXXZ         0043b2e0 f   light.obj
 0001:0003acb0       ?LightMain@@YAHHPAPAD@Z    0043bcb0 f   light.obj
 0001:0003de80       ?RadFreeLights@@YAXXZ      0043ee80 f   light_bounce.obj
 0001:0003e240       ?RadSampleImage@@YA?AW4qboolean@@PAEHHQAM1@Z 0043f240 f   light_bounce.obj
 0001:0003ef90       ?RadLightForTriangles@@YAXHHPAUrawLightmap_s@@PAUshaderInfo_s@@MMPAUclipWork_t@@@Z 0043ff90 f   light_bounce.obj
 0001:0003f0b0       ?RadLightForPatch@@YAXHHPAUrawLightmap_s@@PAUshaderInfo_s@@MMPAUclipWork_t@@@Z 004400b0 f   light_bounce.obj
 0001:0003f490       ?RadLight@@YAXH@Z          00440490 f   light_bounce.obj
 0001:0003f600       ?RadCreateDiffuseLights@@YAXXZ 00440600 f   light_bounce.obj
 0001:0003fc10       ?ClipTraceWinding@@YAXPAUtraceWinding_s@@QAM00@Z 00440c10 f   light_trace.obj
 0001:00041420       ?SetupTraceNodes@@YAXXZ    00442420 f   light_trace.obj
 0001:00041600       ?TraceTriangle@@YA?AW4qboolean@@PAUtraceInfo_s@@PAUtraceTriangle_s@@PAUtrace_t@@@Z 00442600 f   light_trace.obj
 0001:00041e60       ?TraceLine@@YAXPAUtrace_t@@@Z 00442e60 f   light_trace.obj
 0001:00041fc0       ?SetupTrace@@YAMPAUtrace_t@@@Z 00442fc0 f   light_trace.obj
 0001:00042010       ?ColorToBytesLinear@@YAXPBMPAEMW4qboolean@@@Z 00443010 f   light_ydnar.obj
 0001:00042290       ?ColorToBytesGamma@@YAXPBMPAEMW4qboolean@@@Z 00443290 f   light_ydnar.obj
 0001:000425f0       ?ColorToBytesLinearExposure@@YAXPBMPAEMW4qboolean@@@Z 004435f0 f   light_ydnar.obj
 0001:00042890       ?ColorToBytesGammaExposure@@YAXPBMPAEMW4qboolean@@@Z 00443890 f   light_ydnar.obj
 0001:00042c00       ?ColorToBytesLinearCompensate@@YAXPBMPAEMW4qboolean@@@Z 00443c00 f   light_ydnar.obj
 0001:00042e90       ?ColorToBytesGammaCompensate@@YAXPBMPAEMW4qboolean@@@Z 00443e90 f   light_ydnar.obj
 0001:00043200       ?ColorToBytesLinearExposureCompensate@@YAXPBMPAEMW4qboolean@@@Z 00444200 f   light_ydnar.obj
 0001:000434b0       ?ColorToBytesGammaExposureCompensate@@YAXPBMPAEMW4qboolean@@@Z 004444b0 f   light_ydnar.obj
 0001:00043830       ?SmoothNormals@@YAXXZ      00444830 f   light_ydnar.obj
 0001:00045370       ?MapRawLightmap@@YAXH@Z    00446370 f   light_ydnar.obj
 0001:00045e10       ?DirtModeName@@YAPADPAW4dirtMode_t@@@Z 00446e10 f   light_ydnar.obj
 0001:00045e60       ?DirtFilterName@@YAPADPAW4dirtFilter_t@@@Z 00446e60 f   light_ydnar.obj
 0001:00045e90       ?EnableDirtForEntity@@YAXH@Z 00446e90 f   light_ydnar.obj
 0001:00045f20       ?SetupDirtForEntity@@YAXH@Z 00446f20 f   light_ydnar.obj
 0001:00046570       ?SetupDirt@@YAXXZ          00447570 f   light_ydnar.obj
 0001:00046800       ?DirtForSample@@YAMPAUtrace_t@@@Z 00447800 f   light_ydnar.obj
 0001:00046fa0       ?DirtyRawLightmap@@YAXH@Z  00447fa0 f   light_ydnar.obj
 0001:00047400       ?ApplyDirt@@YAXPAM000HMM@Z 00448400 f   light_ydnar.obj
 0001:00047c90       ?IlluminateRawLightmap@@YAXH@Z 00448c90 f   light_ydnar.obj
 0001:00048bd0       ?FilterRawLightmap@@YAXH@Z 00449bd0 f   light_ydnar.obj
 0001:00049250       ?WriteRawLightmapsFile@@YAXPBD@Z 0044a250 f   light_ydnar.obj
 0001:00049a60       ?IlluminateVertexes@@YAXH@Z 0044aa60 f   light_ydnar.obj
 0001:0004a770       ?SetupBrushes@@YAXXZ       0044b770 f   light_ydnar.obj
 0001:0004a8a0       ?ClusterVisible@@YA?AW4qboolean@@HH@Z 0044b8a0 f   light_ydnar.obj
 0001:0004a900       ?PointInLeafNum_r@@YAHQAMH@Z 0044b900 f   light_ydnar.obj
 0001:0004a990       ?ClusterForPointExt@@YAHQAMM@Z 0044b990 f   light_ydnar.obj
 0001:0004abb0       ?ClusterForPointExtFilter@@YAHQAMMHPAH@Z 0044bbb0 f   light_ydnar.obj
 0001:0004ac10       ?SetupEnvelopes@@YAXW4qboolean@@0@Z 0044bc10 f   light_ydnar.obj
 0001:0004b3e0       ?CreateTraceLightsForBounds@@YAXW4qboolean@@QAM11HPAHHPAUtrace_t@@@Z 0044c3e0 f   light_ydnar.obj
 0001:0004b650       ?CreateTraceLightsForSurface@@YAXHPAUtrace_t@@@Z 0044c650 f   light_ydnar.obj
 0001:0004b740       ?SetupFloodLight@@YAXXZ    0044c740 f   light_ydnar.obj
 0001:0004b970       ?WriteTGA24@@YAXPADPAEHHW4qboolean@@@Z 0044c970 f   lightmaps_ydnar.obj
 0001:0004baa0       ?ExportLightmaps@@YAXXZ    0044caa0 f   lightmaps_ydnar.obj
 0001:0004bbc0       ?ExportLightmapsMain@@YAHHPAPAD@Z 0044cbc0 f   lightmaps_ydnar.obj
 0001:0004bc50       ?ImportLightmapsMain@@YAHHPAPAD@Z 0044cc50 f   lightmaps_ydnar.obj
 0001:0004bf90       ?FinishRawLightmap@@YAXH@Z 0044cf90 f   lightmaps_ydnar.obj
 0001:0004c570       ?AddPatchToRawLightmap@@YA?AW4qboolean@@HPAUrawLightmap_s@@@Z 0044d570 f   lightmaps_ydnar.obj
 0001:0004c9c0       ?AddSurfaceToRawLightmap@@YA?AW4qboolean@@HPAUrawLightmap_s@@@Z 0044d9c0 f   lightmaps_ydnar.obj
 0001:0004d320       ?SetupSurfaceLightmaps@@YAXXZ 0044e320 f   lightmaps_ydnar.obj
 0001:0004dda0       ?AllocateSurfaceLightmaps@@YAXXZ 0044eda0 f   lightmaps_ydnar.obj
 0001:0004df70       ?AddStitchLuxels@@YAXHHHHPAH0H@Z 0044ef70 f   lightmaps_ydnar.obj
 0001:0004e140       ?StitchRawLightmap@@YAXH@Z 0044f140 f   lightmaps_ydnar.obj
 0001:0004e970       ?StitchLuxelsCompare@@YAHPBX0@Z 0044f970 f   lightmaps_ydnar.obj
 0001:0004e9d0       ?StitchSurfaceLightmaps@@YAXXZ 0044f9d0 f   lightmaps_ydnar.obj
 0001:00050420       ?SubsamplePixelForFloodLightmapBorders_r@@YAHPAUoutLightmap_s@@HHHQAM1@Z 00451420 f   lightmaps_ydnar.obj
 0001:00050d50       ?FloodLightmapBorders@@YAXPAUoutLightmap_s@@@Z 00451d50 f   lightmaps_ydnar.obj
 0001:000510b0       ?StoreSurfaceLightmaps@@YAXXZ 004520b0 f   lightmaps_ydnar.obj
 0001:00053210       ?PlaneFromWinding@@YAXPAUfixedWinding_t@@PAUvisPlane_t@@@Z 00454210 f   vis.obj
 0001:00053280       ?NewFixedWinding@@YAPAUfixedWinding_t@@H@Z 00454280 f   vis.obj
 0001:000532c0       ?PComp@@YAHPBX0@Z          004542c0 f   vis.obj
 0001:000532f0       ?SortPortals@@YAXXZ        004542f0 f   vis.obj
 0001:00053340       ?LeafVectorFromPortalVector@@YAHPAE0@Z 00454340 f   vis.obj
 0001:00053420       ?ClusterMerge@@YAXH@Z      00454420 f   vis.obj
 0001:000535a0       ?CalcPassageVis@@YAXXZ     004545a0 f   vis.obj
 0001:00053600       ?CalcPassagePortalVis@@YAXXZ 00454600 f   vis.obj
 0001:00053660       ?CalcFastVis@@YAXXZ        00454660 f   vis.obj
 0001:000536a0       ?CalcVis@@YAXXZ            004546a0 f   vis.obj
 0001:00053840       ?SetPortalSphere@@YAXPAUvportal_t@@@Z 00454840 f   vis.obj
 0001:00053980       ?Winding_PlanesConcave@@YAHPAUfixedWinding_t@@0QAM1MM@Z 00454980 f   vis.obj
 0001:00053a30       ?TryMergeLeaves@@YAHHH@Z   00454a30 f   vis.obj
 0001:00053ca0       ?UpdatePortals@@YAXXZ      00454ca0 f   vis.obj
 0001:00053d10       ?MergeLeaves@@YAXXZ        00454d10 f   vis.obj
 0001:00053dc0       ?TryMergeWinding@@YAPAUfixedWinding_t@@PAU1@0QAM@Z 00454dc0 f   vis.obj
 0001:000541a0       ?MergeLeafPortals@@YAXXZ   004551a0 f   vis.obj
 0001:00054310       ?CountActivePortals@@YAHXZ 00455310 f   vis.obj
 0001:00054370       ?LoadPortals@@YAXPAD@Z     00455370 f   vis.obj
 0001:00054ac0       ?VisMain@@YAHHPAPAD@Z      00455ac0 f   vis.obj
 0001:00055030       ?FreeStackWinding@@YAXPAUfixedWinding_t@@PAUpstack_s@@@Z 00456030 f   visflow.obj
 0001:00055080       ?VisChopWinding@@YAPAUfixedWinding_t@@PAU1@PAUpstack_s@@PAUvisPlane_t@@@Z 00456080 f   visflow.obj
 0001:00055470       ?ClipToSeperators@@YAPAUfixedWinding_t@@PAU1@00W4qboolean@@PAUpstack_s@@@Z 00456470 f   visflow.obj
 0001:00055920       ?RecursiveLeafFlow@@YAXHPAUthreaddata_t@@PAUpstack_s@@@Z 00456920 f   visflow.obj
 0001:00055d70       ?PortalFlow@@YAXH@Z        00456d70 f   visflow.obj
 0001:00055ee0       ?RecursivePassageFlow@@YAXPAUvportal_t@@PAUthreaddata_t@@PAUpstack_s@@@Z 00456ee0 f   visflow.obj
 0001:00056080       ?PassageFlow@@YAXH@Z       00457080 f   visflow.obj
 0001:00056150       ?RecursivePassagePortalFlow@@YAXPAUvportal_t@@PAUthreaddata_t@@PAUpstack_s@@@Z 00457150 f   visflow.obj
 0001:000565f0       ?PassagePortalFlow@@YAXH@Z 004575f0 f   visflow.obj
 0001:000566c0       ?PassageChopWinding@@YAPAUfixedWinding_t@@PAU1@0PAUvisPlane_t@@@Z 004576c0 f   visflow.obj
 0001:00056950       ?AddSeperators@@YAHPAUfixedWinding_t@@0W4qboolean@@PAUvisPlane_t@@H@Z 00457950 f   visflow.obj
 0001:00056d60       ?CreatePassages@@YAXH@Z    00457d60 f   visflow.obj
 0001:00057160       ?PassageMemory@@YAXXZ      00458160 f   visflow.obj
 0001:000571f0       ?SimpleFlood@@YAXPAUvportal_t@@H@Z 004581f0 f   visflow.obj
 0001:000572c0       ?BasePortalVis@@YAXH@Z     004582c0 f   visflow.obj
 0001:00057670       ?FindVertexInCollapsedMesh@@YAHH@Z 00458670 f   convert_ase.obj
 0001:000584e0       ?ConvertBSPToASE@@YAHPADH@Z 004594e0 f   convert_ase.obj
 0001:00058db0       ?ConvertBSPToMap@@YAHPADH@Z 00459db0 f   convert_map.obj
 0001:00059010       _g_free                    0045a010 f   glib-2.0:libglib-2.0-0.dll
 0001:00059016       _g_locale_to_utf8          0045a016 f   glib-2.0:libglib-2.0-0.dll
 0001:0005901c       _g_strdup                  0045a01c f   glib-2.0:libglib-2.0-0.dll
 0001:00059022       _g_strdown                 0045a022 f   glib-2.0:libglib-2.0-0.dll
 0001:00059028       _g_dir_read_name_utf8      0045a028 f   glib-2.0:libglib-2.0-0.dll
 0001:0005902e       _g_dir_open_utf8           0045a02e f   glib-2.0:libglib-2.0-0.dll
 0001:00059034       _g_dir_close               0045a034 f   glib-2.0:libglib-2.0-0.dll
 0001:0005903a       _g_slist_append            0045a03a f   glib-2.0:libglib-2.0-0.dll
 0001:00059040       _xmlNodeSetContent         0045a040 f   libxml2:libxml2.dll
 0001:00059046       _xmlBufferFree             0045a046 f   libxml2:libxml2.dll
 0001:0005904c       _xmlNodeDump               0045a04c f   libxml2:libxml2.dll
 0001:00059052       _xmlBufferCreate           0045a052 f   libxml2:libxml2.dll
 0001:00059058       _xmlNewNode                0045a058 f   libxml2:libxml2.dll
 0001:0005905e       _xmlAddChild               0045a05e f   libxml2:libxml2.dll
 0001:00059064       _xmlNewDoc                 0045a064 f   libxml2:libxml2.dll
 0001:0005906a       _xmlSetProp                0045a06a f   libxml2:libxml2.dll
 0001:00059070       _xmlNewDocRawNode          0045a070 f   libxml2:libxml2.dll
 0001:00059076       _png_get_IHDR              0045a076 f   libpng:libpng13.dll
 0001:0005907c       _png_read_image            0045a07c f   libpng:libpng13.dll
 0001:00059082       _png_write_info            0045a082 f   libpng:libpng13.dll
 0001:00059088       _png_destroy_write_struct  0045a088 f   libpng:libpng13.dll
 0001:0005908e       _png_set_expand            0045a08e f   libpng:libpng13.dll
 0001:00059094       _png_set_write_fn          0045a094 f   libpng:libpng13.dll
 0001:0005909a       _png_read_info             0045a09a f   libpng:libpng13.dll
 0001:000590a0       _png_set_iCCP              0045a0a0 f   libpng:libpng13.dll
 0001:000590a6       _png_set_strip_16          0045a0a6 f   libpng:libpng13.dll
 0001:000590ac       _png_set_packing           0045a0ac f   libpng:libpng13.dll
 0001:000590b2       _png_sig_cmp               0045a0b2 f   libpng:libpng13.dll
 0001:000590b8       _png_create_read_struct    0045a0b8 f   libpng:libpng13.dll
 0001:000590be       _png_write_end             0045a0be f   libpng:libpng13.dll
 0001:000590c4       _png_get_io_ptr            0045a0c4 f   libpng:libpng13.dll
 0001:000590ca       _png_create_info_struct    0045a0ca f   libpng:libpng13.dll
 0001:000590d0       _png_set_read_fn           0045a0d0 f   libpng:libpng13.dll
 0001:000590d6       _png_write_row             0045a0d6 f   libpng:libpng13.dll
 0001:000590dc       _png_get_valid             0045a0dc f   libpng:libpng13.dll
 0001:000590e2       _png_set_sRGB              0045a0e2 f   libpng:libpng13.dll
 0001:000590e8       _png_create_write_struct   0045a0e8 f   libpng:libpng13.dll
 0001:000590ee       _png_set_filler            0045a0ee f   libpng:libpng13.dll
 0001:000590f4       _png_set_filter            0045a0f4 f   libpng:libpng13.dll
 0001:000590fa       _png_set_IHDR              0045a0fa f   libpng:libpng13.dll
 0001:00059100       _png_set_interlace_handling 0045a100 f   libpng:libpng13.dll
 0001:00059106       _png_get_channels          0045a106 f   libpng:libpng13.dll
 0001:0005910c       _png_set_compression_level 0045a10c f   libpng:libpng13.dll
 0001:00059112       _png_destroy_read_struct   0045a112 f   libpng:libpng13.dll
 0001:00059120       _PicoInit                  0045a120 f   picomodel:picomodel.obj
 0001:00059130       _PicoSetMallocFunc         0045a130 f   picomodel:picomodel.obj
 0001:00059140       _PicoSetFreeFunc           0045a140 f   picomodel:picomodel.obj
 0001:00059150       _PicoSetLoadFileFunc       0045a150 f   picomodel:picomodel.obj
 0001:00059160       _PicoSetFreeFileFunc       0045a160 f   picomodel:picomodel.obj
 0001:00059170       _PicoSetPrintFunc          0045a170 f   picomodel:picomodel.obj
 0001:00059180       _PicoNewModel              0045a180 f   picomodel:picomodel.obj
 0001:000591c0       _PicoAdjustModel           0045a1c0 f   picomodel:picomodel.obj
 0001:000592d0       _PicoNewShader             0045a2d0 f   picomodel:picomodel.obj
 0001:00059390       _PicoFreeShader            0045a390 f   picomodel:picomodel.obj
 0001:000593d0       _PicoFindShader            0045a3d0 f   picomodel:picomodel.obj
 0001:00059480       _PicoFreeSurface           0045a480 f   picomodel:picomodel.obj
 0001:00059530       _PicoAdjustSurface         0045a530 f   picomodel:picomodel.obj
 0001:00059830       _PicoNewSkin               0045a830 f   picomodel:picomodel.obj
 0001:00059890       _PicoAdjustSkin            0045a890 f   picomodel:picomodel.obj
 0001:000598f0       _PicoNewSkinItem           0045a8f0 f   picomodel:picomodel.obj
 0001:00059940       _PicoFreeSkinItem          0045a940 f   picomodel:picomodel.obj
 0001:00059980       _PicoSetModelFrameNum      0045a980 f   picomodel:picomodel.obj
 0001:00059990       _PicoSetShaderMapName      0045a990 f   picomodel:picomodel.obj
 0001:00059990       _PicoSetModelFileName      0045a990 f   picomodel:picomodel.obj
 0001:000599d0       _PicoSetShaderAmbientColor 0045a9d0 f   picomodel:picomodel.obj
 0001:00059a00       _PicoSetShaderDiffuseColor 0045aa00 f   picomodel:picomodel.obj
 0001:00059a30       _PicoSetShaderSpecularColor 0045aa30 f   picomodel:picomodel.obj
 0001:00059a60       _PicoSetShaderTransparency 0045aa60 f   picomodel:picomodel.obj
 0001:00059aa0       _PicoSetShaderShininess    0045aaa0 f   picomodel:picomodel.obj
 0001:00059ae0       _PicoSetSurfaceType        0045aae0 f   picomodel:picomodel.obj
 0001:00059af0       _PicoSetSurfaceName        0045aaf0 f   picomodel:picomodel.obj
 0001:00059b30       _PicoSetSurfaceShader      0045ab30 f   picomodel:picomodel.obj
 0001:00059b30       _PicoSetModelNumFrames     0045ab30 f   picomodel:picomodel.obj
 0001:00059b40       _PicoSetSurfaceXYZ         0045ab40 f   picomodel:picomodel.obj
 0001:00059bb0       _PicoSetSurfaceNormal      0045abb0 f   picomodel:picomodel.obj
 0001:00059c00       _PicoSetSurfaceST          0045ac00 f   picomodel:picomodel.obj
 0001:00059c60       _PicoSetSurfaceColor       0045ac60 f   picomodel:picomodel.obj
 0001:00059ce0       _PicoSetSurfaceIndex       0045ace0 f   picomodel:picomodel.obj
 0001:00059d20       _PicoSetSurfaceSmoothingGroup 0045ad20 f   picomodel:picomodel.obj
 0001:00059d60       _PicoSetSkinNum            0045ad60 f   picomodel:picomodel.obj
 0001:00059d70       _PicoSetSkinItemObject     0045ad70 f   picomodel:picomodel.obj
 0001:00059da0       _PicoSetShaderName         0045ada0 f   picomodel:picomodel.obj
 0001:00059da0       _PicoSetModelName          0045ada0 f   picomodel:picomodel.obj
 0001:00059da0       _PicoSetSkinItemReplacement 0045ada0 f   picomodel:picomodel.obj
 0001:00059de0       _PicoGetModelName          0045ade0 f   picomodel:picomodel.obj
 0001:00059e00       _PicoGetModelFileName      0045ae00 f   picomodel:picomodel.obj
 0001:00059e00       _PicoGetShaderMapName      0045ae00 f   picomodel:picomodel.obj
 0001:00059e20       _PicoGetModelFrameNum      0045ae20 f   picomodel:picomodel.obj
 0001:00059e30       _PicoGetModelShader        0045ae30 f   picomodel:picomodel.obj
 0001:00059e60       _PicoGetModelNumSurfaces   0045ae60 f   picomodel:picomodel.obj
 0001:00059e70       _PicoGetModelSurface       0045ae70 f   picomodel:picomodel.obj
 0001:00059ea0       _PicoGetSurfaceType        0045aea0 f   picomodel:picomodel.obj
 0001:00059eb0       _PicoGetSurfaceNumVertexes 0045aeb0 f   picomodel:picomodel.obj
 0001:00059ec0       _PicoGetSurfaceXYZ         0045aec0 f   picomodel:picomodel.obj
 0001:00059ef0       _PicoGetSurfaceNormal      0045aef0 f   picomodel:picomodel.obj
 0001:00059f20       _PicoGetSurfaceST          0045af20 f   picomodel:picomodel.obj
 0001:00059f50       _PicoGetSurfaceColor       0045af50 f   picomodel:picomodel.obj
 0001:00059f80       _PicoGetSurfaceNumIndexes  0045af80 f   picomodel:picomodel.obj
 0001:00059f90       _PicoGetSurfaceIndexes     0045af90 f   picomodel:picomodel.obj
 0001:00059fb0       _PicoGetSurfaceShaderNameForSkin 0045afb0 f   picomodel:picomodel.obj
 0001:0005a080       _PicoVertexCoordGenerateHash 0045b080 f   picomodel:picomodel.obj
 0001:0005a120       _PicoNewVertexCombinationHashTable 0045b120 f   picomodel:picomodel.obj
 0001:0005a150       _PicoFreeVertexCombinationHashTable 0045b150 f   picomodel:picomodel.obj
 0001:0005a1b0       _PicoFindVertexCombinationInHashTable 0045b1b0 f   picomodel:picomodel.obj
 0001:0005a2d0       _PicoAddVertexCombinationToHashTable 0045b2d0 f   picomodel:picomodel.obj
 0001:0005a380       _PicoFindSurfaceVertexNum  0045b380 f   picomodel:picomodel.obj
 0001:0005a5e0       _indexarray_push_back      0045b5e0 f   picomodel:picomodel.obj
 0001:0005a600       _indexarray_reserve        0045b600 f   picomodel:picomodel.obj
 0001:0005a620       _binarytree_extend         0045b620 f   picomodel:picomodel.obj
 0001:0005a640       _binarytree_size           0045b640 f   picomodel:picomodel.obj
 0001:0005a650       _binarytree_reserve        0045b650 f   picomodel:picomodel.obj
 0001:0005a670       _binarytree_clear          0045b670 f   picomodel:picomodel.obj
 0001:0005a670       _indexarray_clear          0045b670 f   picomodel:picomodel.obj
 0001:0005a680       _UniqueIndices_size        0045b680 f   picomodel:picomodel.obj
 0001:0005a690       _UniqueIndices_reserve     0045b690 f   picomodel:picomodel.obj
 0001:0005a6c0       _UniqueIndices_init        0045b6c0 f   picomodel:picomodel.obj
 0001:0005a6e0       _UniqueIndices_destroy     0045b6e0 f   picomodel:picomodel.obj
 0001:0005a700       _UniqueIndices_find_or_insert 0045b700 f   picomodel:picomodel.obj
 0001:0005a7b0       _UniqueIndices_insert      0045b7b0 f   picomodel:picomodel.obj
 0001:0005a7f0       _lessSmoothVertex          0045b7f0 f   picomodel:picomodel.obj
 0001:0005a880       __pico_vertices_combine_shared_normals 0045b880 f   picomodel:picomodel.obj
 0001:0005a9a0       __pico_triangles_generate_weighted_normals 0045b9a0 f   picomodel:picomodel.obj
 0001:0005aa50       __pico_normals_zero        0045ba50 f   picomodel:picomodel.obj
 0001:0005aa80       __pico_normals_normalize   0045ba80 f   picomodel:picomodel.obj
 0001:0005aab0       __pico_length_vec          0045bab0 f   picomodel:picomodel.obj
 0001:0005aad0       __pico_normal_is_unit_length 0045bad0 f   picomodel:picomodel.obj
 0001:0005ab00       __pico_normal_within_tolerance 0045bb00 f   picomodel:picomodel.obj
 0001:0005ab30       __pico_normals_assign_generated_normals 0045bb30 f   picomodel:picomodel.obj
 0001:0005ab80       _PicoFixSurfaceNormals     0045bb80 f   picomodel:picomodel.obj
 0001:0005ac00       _PicoRemapModel            0045bc00 f   picomodel:picomodel.obj
 0001:0005b2a0       _PicoParseToken            0045c2a0 f   picomodel:picomodel.obj
 0001:0005b4f0       _PicoLoadSkinFiles         0045c4f0 f   picomodel:picomodel.obj
 0001:0005b7f0       _PicoModuleLoadModel       0045c7f0 f   picomodel:picomodel.obj
 0001:0005b8d0       _PicoLoadModel             0045c8d0 f   picomodel:picomodel.obj
 0001:0005b9c0       _PicoNewSurface            0045c9c0 f   picomodel:picomodel.obj
 0001:0005ba50       _PicoFreeSkin              0045ca50 f   picomodel:picomodel.obj
 0001:0005ba90       _PicoAddTriangleToModel    0045ca90 f   picomodel:picomodel.obj
 0001:0005bc80       _PicoFreeModel             0045cc80 f   picomodel:picomodel.obj
 0001:0005bd30       __pico_alloc               0045cd30 f   picomodel:picointernal.obj
 0001:0005bd70       __pico_calloc              0045cd70 f   picomodel:picointernal.obj
 0001:0005bdc0       __pico_clone_alloc         0045cdc0 f   picomodel:picointernal.obj
 0001:0005be00       __pico_free                0045ce00 f   picomodel:picointernal.obj
 0001:0005be20       __pico_load_file           0045ce20 f   picomodel:picointernal.obj
 0001:0005be50       __pico_free_file           0045ce50 f   picomodel:picointernal.obj
 0001:0005be70       __pico_printf              0045ce70 f   picomodel:picointernal.obj
 0001:0005bef0       __pico_first_token         0045cef0 f   picomodel:picointernal.obj
 0001:0005bf20       __pico_strltrim            0045cf20 f   picomodel:picointernal.obj
 0001:0005bf80       __pico_strrtrim            0045cf80 f   picomodel:picointernal.obj
 0001:0005c000       __pico_strlwr              0045d000 f   picomodel:picointernal.obj
 0001:0005c030       __pico_strchcount          0045d030 f   picomodel:picointernal.obj
 0001:0005c060       __pico_zero_bounds         0045d060 f   picomodel:picointernal.obj
 0001:0005c090       __pico_expand_bounds       0045d090 f   picomodel:picointernal.obj
 0001:0005c100       __pico_zero_vec            0045d100 f   picomodel:picointernal.obj
 0001:0005c110       __pico_zero_vec2           0045d110 f   picomodel:picointernal.obj
 0001:0005c120       __pico_set_vec             0045d120 f   picomodel:picointernal.obj
 0001:0005c140       __pico_copy_vec            0045d140 f   picomodel:picointernal.obj
 0001:0005c160       __pico_copy_vec2           0045d160 f   picomodel:picointernal.obj
 0001:0005c180       __pico_normalize_vec       0045d180 f   picomodel:picointernal.obj
 0001:0005c1d0       __pico_add_vec             0045d1d0 f   picomodel:picointernal.obj
 0001:0005c200       __pico_subtract_vec        0045d200 f   picomodel:picointernal.obj
 0001:0005c230       __pico_scale_vec           0045d230 f   picomodel:picointernal.obj
 0001:0005c260       __pico_dot_vec             0045d260 f   picomodel:picointernal.obj
 0001:0005c260       _dot                       0045d260 f   picomodel:vecmath.obj
 0001:0005c280       __pico_set_color           0045d280 f   picomodel:picointernal.obj
 0001:0005c2a0       __pico_copy_color          0045d2a0 f   picomodel:picointernal.obj
 0001:0005c2d0       _DDSLittleLong             0045d2d0 f   ddslib:ddslib.obj
 0001:0005c2d0       __pico_little_long         0045d2d0 f   picomodel:picointernal.obj
 0001:0005c2e0       _DDSLittleShort            0045d2e0 f   ddslib:ddslib.obj
 0001:0005c2e0       __pico_little_short        0045d2e0 f   picomodel:picointernal.obj
 0001:0005c2f0       __pico_little_float        0045d2f0 f   picomodel:picointernal.obj
 0001:0005c300       __pico_stristr             0045d300 f   picomodel:picointernal.obj
 0001:0005c360       __pico_unixify             0045d360 f   picomodel:picointernal.obj
 0001:0005c380       __pico_nopath              0045d380 f   picomodel:picointernal.obj
 0001:0005c400       __pico_setfext             0045d400 f   picomodel:picointernal.obj
 0001:0005c4c0       __pico_new_parser          0045d4c0 f   picomodel:picointernal.obj
 0001:0005c550       __pico_free_parser         0045d550 f   picomodel:picointernal.obj
 0001:0005c580       __pico_parse_ex            0045d580 f   picomodel:picointernal.obj
 0001:0005c6c0       __pico_parse_first         0045d6c0 f   picomodel:picointernal.obj
 0001:0005c6f0       __pico_parse               0045d6f0 f   picomodel:picointernal.obj
 0001:0005c720       __pico_parse_skip_rest     0045d720 f   picomodel:picointernal.obj
 0001:0005c740       __pico_parse_skip_braced   0045d740 f   picomodel:picointernal.obj
 0001:0005c7b0       __pico_parse_check         0045d7b0 f   picomodel:picointernal.obj
 0001:0005c810       __pico_parse_int           0045d810 f   picomodel:picointernal.obj
 0001:0005c850       __pico_parse_float         0045d850 f   picomodel:picointernal.obj
 0001:0005c890       __pico_parse_vec           0045d890 f   picomodel:picointernal.obj
 0001:0005c8f0       __pico_parse_vec2          0045d8f0 f   picomodel:picointernal.obj
 0001:0005c950       __pico_new_memstream       0045d950 f   picomodel:picointernal.obj
 0001:0005c990       __pico_free_memstream      0045d990 f   picomodel:picointernal.obj
 0001:0005c9b0       __pico_memstream_read      0045d9b0 f   picomodel:picointernal.obj
 0001:0005ca20       __pico_memstream_getc      0045da20 f   picomodel:picointernal.obj
 0001:0005ca50       __pico_memstream_seek      0045da50 f   picomodel:picointernal.obj
 0001:0005cae0       __pico_memstream_tell      0045dae0 f   picomodel:picointernal.obj
 0001:0005cb00       __pico_realloc             0045db00 f   picomodel:picointernal.obj
 0001:0005cb70       _PicoModuleList            0045db70 f   picomodel:picomodules.obj
 0001:0005d560       __terrain_load_tga_buffer  0045e560 f   picomodel:pm_terrain.obj
 0001:00060ef0       __ase_get_submaterial_or_default 00461ef0 f   picomodel:pm_ase.obj
 0001:00063680       _lwFreeLayer               00464680 f   picomodel:lwo2.obj
 0001:000636d0       _lwFreeObject              004646d0 f   picomodel:lwo2.obj
 0001:00063730       _lwGetObject               00464730 f   picomodel:lwo2.obj
 0001:00063c00       _lwValidateObject          00464c00 f   picomodel:lwo2.obj
 0001:00063ca0       _lwListFree                00464ca0 f   picomodel:list.obj
 0001:00063cd0       _lwListAdd                 00464cd0 f   picomodel:list.obj
 0001:00063d00       _lwListInsert              00464d00 f   picomodel:list.obj
 0001:00063d70       _lwFreeVMap                00464d70 f   picomodel:vmap.obj
 0001:00063de0       _lwGetVMap                 00464de0 f   picomodel:vmap.obj
 0001:00063fd0       _lwGetPointVMaps           00464fd0 f   picomodel:vmap.obj
 0001:000640d0       _lwGetPolyVMaps            004650d0 f   picomodel:vmap.obj
 0001:00064220       _lwFreePoints              00465220 f   picomodel:pntspols.obj
 0001:00064290       _lwFreePolygons            00465290 f   picomodel:pntspols.obj
 0001:00064340       _lwGetPoints               00465340 f   picomodel:pntspols.obj
 0001:000644f0       _lwGetBoundingBox          004654f0 f   picomodel:pntspols.obj
 0001:00064600       _lwAllocPolygons           00465600 f   picomodel:pntspols.obj
 0001:00064700       _lwGetPolygons             00465700 f   picomodel:pntspols.obj
 0001:00064890       _lwGetPolyNormals          00465890 f   picomodel:pntspols.obj
 0001:000649a0       _lwGetPointPolygons        004659a0 f   picomodel:pntspols.obj
 0001:00064af0       _lwResolvePolySurfaces     00465af0 f   picomodel:pntspols.obj
 0001:00064c60       _lwGetVertNormals          00465c60 f   picomodel:pntspols.obj
 0001:00064e30       _lwFreeTags                00465e30 f   picomodel:pntspols.obj
 0001:00064e80       _lwGetTags                 00465e80 f   picomodel:pntspols.obj
 0001:00064f90       _lwGetPolygonTags          00465f90 f   picomodel:pntspols.obj
 0001:00065070       _lwFreePlugin              00466070 f   picomodel:surface.obj
 0001:000650c0       _lwFreeTexture             004660c0 f   picomodel:surface.obj
 0001:00065150       _lwFreeSurface             00466150 f   picomodel:surface.obj
 0001:00065240       _lwGetTHeader              00466240 f   picomodel:surface.obj
 0001:00065390       _lwGetTMap                 00466390 f   picomodel:surface.obj
 0001:00065570       _lwGetImageMap             00466570 f   picomodel:surface.obj
 0001:000657b0       _lwGetProcedural           004667b0 f   picomodel:surface.obj
 0001:00065920       _lwGetGradient             00466920 f   picomodel:surface.obj
 0001:00065b90       _lwGetTexture              00466b90 f   picomodel:surface.obj
 0001:00065c90       _lwGetShader               00466c90 f   picomodel:surface.obj
 0001:00065f10       _lwDefaultSurface          00466f10 f   picomodel:surface.obj
 0001:00065f60       _lwGetSurface              00466f60 f   picomodel:surface.obj
 0001:000664f0       _lwFreeClip                004674f0 f   picomodel:clip.obj
 0001:000665e0       _lwGetClip                 004675e0 f   picomodel:clip.obj
 0001:000669e0       _lwFreeEnvelope            004679e0 f   picomodel:envelope.obj
 0001:00066a60       _lwGetEnvelope             00467a60 f   picomodel:envelope.obj
 0001:00066d30       _set_flen                  00467d30 f   picomodel:lwio.obj
 0001:00066d40       _get_flen                  00467d40 f   picomodel:lwio.obj
 0001:00066d50       _revbytes                  00467d50 f   picomodel:lwio.obj
 0001:00066dc0       _getbytes                  00467dc0 f   picomodel:lwio.obj
 0001:00066e30       _getI4                     00467e30 f   picomodel:lwio.obj
 0001:00066e30       _getU4                     00467e30 f   picomodel:lwio.obj
 0001:00066e90       _getU1                     00467e90 f   picomodel:lwio.obj
 0001:00066ed0       _getU2                     00467ed0 f   picomodel:lwio.obj
 0001:00066ed0       _getI2                     00467ed0 f   picomodel:lwio.obj
 0001:00066f30       _getVX                     00467f30 f   picomodel:lwio.obj
 0001:00066fb0       _getF4                     00467fb0 f   picomodel:lwio.obj
 0001:00067010       _getS0                     00468010 f   picomodel:lwio.obj
 0001:000670f0       _sgetI2                    004680f0 f   picomodel:lwio.obj
 0001:00067140       _sgetU2                    00468140 f   picomodel:lwio.obj
 0001:00067180       _sgetU4                    00468180 f   picomodel:lwio.obj
 0001:000671c0       _sgetVX                    004681c0 f   picomodel:lwio.obj
 0001:00067220       _sgetF4                    00468220 f   picomodel:lwio.obj
 0001:00067260       _sgetS0                    00468260 f   picomodel:lwio.obj
 0001:00067580       _lwGetSurface5             00468580 f   picomodel:lwob.obj
 0001:00067ef0       _lwGetPolygons5            00468ef0 f   picomodel:lwob.obj
 0001:00068070       _lwGetObject5              00469070 f   picomodel:lwob.obj
 0001:000682b0       _lwValidateObject5         004692b0 f   picomodel:lwob.obj
 0001:00068320       _cross                     00469320 f   picomodel:vecmath.obj
 0001:00068320       __pico_cross_vec           00469320 f   picomodel:picointernal.obj
 0001:00068360       _normalize                 00469360 f   picomodel:vecmath.obj
 0001:000683a0       _WinPrint                  004693a0 f   l_net:l_net.obj
 0001:000683a0       ?jpeg_mem_term@@YAXPAUjpeg_common_struct@@@Z 004693a0 f   jpeg6:jmemnobs.obj
 0001:000683b0       _Net_AllocSocket           004693b0 f   l_net:l_net.obj
 0001:000683e0       _Net_FreeSocket            004693e0 f   l_net:l_net.obj
 0001:000683f0       _Net_Connect               004693f0 f   l_net:l_net.obj
 0001:00068490       _Net_Disconnect            00469490 f   l_net:l_net.obj
 0001:000684b0       _Net_StringToAddress       004694b0 f   l_net:l_net.obj
 0001:000684d0       _Net_Setup                 004694d0 f   l_net:l_net.obj
 0001:000684f0       _NMSG_Clear                004694f0 f   l_net:l_net.obj
 0001:00068500       _NMSG_WriteLong            00469500 f   l_net:l_net.obj
 0001:00068560       _NMSG_WriteString          00469560 f   l_net:l_net.obj
 0001:000685d0       _Net_Send                  004695d0 f   l_net:l_net.obj
 0001:00068610       _WINS_ErrorMessage         00469610 f   l_net:l_net_wins.obj
 0001:00068660       _WINS_MyAddress            00469660 f   l_net:l_net_wins.obj
 0001:00068670       _WINS_OpenSocket           00469670 f   l_net:l_net_wins.obj
 0001:00068740       _WINS_OpenReliableSocket   00469740 f   l_net:l_net_wins.obj
 0001:00068830       _WINS_CloseSocket          00469830 f   l_net:l_net_wins.obj
 0001:00068860       _WINS_Connect              00469860 f   l_net:l_net_wins.obj
 0001:000688c0       _WINS_Write                004698c0 f   l_net:l_net_wins.obj
 0001:000689b0       _WINS_AddrToString         004699b0 f   l_net:l_net_wins.obj
 0001:00068a20       _WINS_StringToAddr         00469a20 f   l_net:l_net_wins.obj
 0001:00068aa0       _WINS_GetSocketAddr        00469aa0 f   l_net:l_net_wins.obj
 0001:00068af0       _WINS_Init                 00469af0 f   l_net:l_net_wins.obj
 0001:00068c70       _LoadJPGBuff               00469c70 f   jpeg6:jpgload.obj
 0001:00068e10       _jpeg_create_decompress    00469e10 f   jpeg6:jdapimin.obj
 0001:00068ea0       _jpeg_destroy_decompress   00469ea0 f   jpeg6:jdapimin.obj
 0001:00069080       _jpeg_consume_input        0046a080 f   jpeg6:jdapimin.obj
 0001:00069150       _jpeg_finish_decompress    0046a150 f   jpeg6:jdapimin.obj
 0001:00069220       _jpeg_read_header          0046a220 f   jpeg6:jdapimin.obj
 0001:00069310       _jpeg_read_scanlines       0046a310 f   jpeg6:jdapistd.obj
 0001:000693b0       _jpeg_start_decompress     0046a3b0 f   jpeg6:jdapistd.obj
 0001:000694f0       _jpeg_stdio_src            0046a4f0 f   jpeg6:jdatasrc.obj
 0001:000696e0       _jpeg_std_error            0046a6e0 f   jpeg6:jerror.obj
 0001:00069cd0       _jinit_input_controller    0046acd0 f   jpeg6:jdinput.obj
 0001:0006b620       _jpeg_resync_to_restart    0046c620 f   jpeg6:jdmarker.obj
 0001:0006b760       _jinit_marker_reader       0046c760 f   jpeg6:jdmarker.obj
 0001:0006c2e0       _jinit_memory_mgr          0046d2e0 f   jpeg6:jmemmgr.obj
 0001:0006c400       _jpeg_abort                0046d400 f   jpeg6:jcomapi.obj
 0001:0006c430       _jpeg_destroy              0046d430 f   jpeg6:jcomapi.obj
 0001:0006c460       _jpeg_alloc_quant_table    0046d460 f   jpeg6:jcomapi.obj
 0001:0006c480       _jpeg_alloc_huff_table     0046d480 f   jpeg6:jcomapi.obj
 0001:0006c4b0       _jpeg_calc_output_dimensions 0046d4b0 f   jpeg6:jdmaster.obj
 0001:0006c8e0       _jinit_master_decompress   0046d8e0 f   jpeg6:jdmaster.obj
 0001:0006c920       _jdiv_round_up             0046d920 f   jpeg6:jutils.obj
 0001:0006c930       _jround_up                 0046d930 f   jpeg6:jutils.obj
 0001:0006c950       _jcopy_sample_rows         0046d950 f   jpeg6:jutils.obj
 0001:0006c9a0       _jzero_far                 0046d9a0 f   jpeg6:jutils.obj
 0001:0006c9c0       ?jpeg_get_large@@YAPAXPAUjpeg_common_struct@@I@Z 0046d9c0 f   jpeg6:jmemnobs.obj
 0001:0006c9c0       ?jpeg_get_small@@YAPAXPAUjpeg_common_struct@@I@Z 0046d9c0 f   jpeg6:jmemnobs.obj
 0001:0006c9d0       ?jpeg_free_large@@YAXPAUjpeg_common_struct@@PAXI@Z 0046d9d0 f   jpeg6:jmemnobs.obj
 0001:0006c9d0       ?jpeg_free_small@@YAXPAUjpeg_common_struct@@PAXI@Z 0046d9d0 f   jpeg6:jmemnobs.obj
 0001:0006c9e0       ?jpeg_mem_available@@YAJPAUjpeg_common_struct@@JJJ@Z 0046d9e0 f   jpeg6:jmemnobs.obj
 0001:0006c9f0       ?jpeg_open_backing_store@@YAXPAUjpeg_common_struct@@PAUbacking_store_struct@@J@Z 0046d9f0 f   jpeg6:jmemnobs.obj
 0001:0006cfa0       _jinit_d_main_controller   0046dfa0 f   jpeg6:jdmainct.obj
 0001:0006d330       ?jpeg_mem_init@@YAJPAUjpeg_common_struct@@@Z 0046e330 f   jpeg6:jmemnobs.obj
 0001:0006d340       _jinit_d_coef_controller   0046e340 f   jpeg6:jdcoefct.obj
 0001:0006d410       ?jpeg_make_d_derived_tbl@@YAXPAUjpeg_decompress_struct@@PAUJHUFF_TBL@@PAPAUd_derived_tbl@@@Z 0046e410 f   jpeg6:jdhuff.obj
 0001:0006d5d0       ?jpeg_fill_bit_buffer@@YAEPAUbitread_working_state@@HHH@Z 0046e5d0 f   jpeg6:jdhuff.obj
 0001:0006d6d0       ?jpeg_huff_decode@@YAHPAUbitread_working_state@@HHPAUd_derived_tbl@@H@Z 0046e6d0 f   jpeg6:jdhuff.obj
 0001:0006dda0       _jinit_huff_decoder        0046eda0 f   jpeg6:jdhuff.obj
 0001:0006e010       _jinit_inverse_dct         0046f010 f   jpeg6:jddctmgr.obj
 0001:0006e180       _jinit_d_post_controller   0046f180 f   jpeg6:jdpostct.obj
 0001:0006e6b0       _jinit_upsampler           0046f6b0 f   jpeg6:jdsample.obj
 0001:0006eca0       _jinit_color_deconverter   0046fca0 f   jpeg6:jdcolor.obj
 0001:0006ee00       ?jpeg_idct_float@@YAXPAUjpeg_decompress_struct@@PAUjpeg_component_info@@PAFPAPAEI@Z 0046fe00 f   jpeg6:jidctflt.obj
 0001:0006f210       _DDSGetInfo                00470210 f   ddslib:ddslib.obj
 0001:0006fba0       _DDSDecompress             00470ba0 f   ddslib:ddslib.obj
 0001:0006fcd0       ?VectorCompare@@YA?AW4qboolean@@QBM0@Z 00470cd0 f   mathlib:mathlib.obj
 0001:0006fd10       ?VectorCompareExt@@YA?AW4qboolean@@QBM0M@Z 00470d10 f   mathlib:mathlib.obj
 0001:0006fd50       ?VectorLength@@YAMQBM@Z    00470d50 f   mathlib:mathlib.obj
 0001:0006fd80       ?VectorMA@@YAXQBMM0QAM@Z   00470d80 f   mathlib:mathlib.obj
 0001:0006fdb0       ?VectorNormalize@@YAMQBMQAM@Z 00470db0 f   mathlib:mathlib.obj
 0001:0006fe10       ?ColorNormalize@@YAMQBMQAM@Z 00470e10 f   mathlib:mathlib.obj
 0001:0006fe70       ?SnapWeldVector@@YAXQAM00@Z 00470e70 f   mathlib:mathlib.obj
 0001:0006ff70       ?ClearBounds@@YAXQAM0@Z    00470f70 f   mathlib:mathlib.obj
 0001:0006ffa0       ?AddPointToBounds@@YAXQAM00@Z 00470fa0 f   mathlib:mathlib.obj
 0001:00070050       ?PlaneFromPoints@@YA?AW4qboolean@@QAMQBM11@Z 00471050 f   mathlib:mathlib.obj
 0001:000700e0       ?NormalToLatLong@@YAXQBMQAE@Z 004710e0 f   mathlib:mathlib.obj
 0001:000701b0       ?PlaneTypeForNormal@@YAHQAM@Z 004711b0 f   mathlib:mathlib.obj
 0001:00070220       ?DVectorMA@@YAXQBNN0QAN@Z  00471220 f   mathlib:mathlib.obj
 0001:00070250       ?DVectorNormalize@@YANQAN0@Z 00471250 f   mathlib:mathlib.obj
 0001:000702b0       ?DVectorLength@@YANQBN@Z   004712b0 f   mathlib:mathlib.obj
 0001:000702e0       ?SnapWeldDVector@@YAXQAN00@Z 004712e0 f   mathlib:mathlib.obj
 0001:000703e0       ?MakeNormalVectors@@YAXQAM00@Z 004713e0 f   mathlib:mathlib.obj
 0001:00070460       ?m4x4_identity@@YAXQAM@Z   00471460 f   mathlib:m4x4.obj
 0001:000704a0       ?m4x4_assign@@YAXQAMQBM@Z  004714a0 f   mathlib:m4x4.obj
 0001:00070510       ?m4x4_translation_for_vec3@@YAXQAMQBM@Z 00471510 f   mathlib:m4x4.obj
 0001:00070560       ?m4x4_scale_for_vec3@@YAXQAMQBM@Z 00471560 f   mathlib:m4x4.obj
 0001:000705b0       ?m4x4_multiply_by_m4x4@@YAXQAMQBM@Z 004715b0 f   mathlib:m4x4.obj
 0001:000707d0       ?m4x4_premultiply_by_m4x4@@YAXQAMQBM@Z 004717d0 f   mathlib:m4x4.obj
 0001:000709f0       ?m4x4_transform_point@@YAXQBMQAM@Z 004719f0 f   mathlib:m4x4.obj
 0001:00070a50       ?m4x4_transform_normal@@YAXQBMQAM@Z 00471a50 f   mathlib:m4x4.obj
 0001:00070ab0       ?m4x4_transpose@@YAXQAM@Z  00471ab0 f   mathlib:m4x4.obj
 0001:00070b60       ?m3_det@@YAMQAM@Z          00471b60 f   mathlib:m4x4.obj
 0001:00070ba0       ?m4_submat@@YAXQAM0HH@Z    00471ba0 f   mathlib:m4x4.obj
 0001:00070ca0       ?m4_det@@YAMQAM@Z          00471ca0 f   mathlib:m4x4.obj
 0001:00070d10       ?m4x4_invert@@YAHQAM@Z     00471d10 f   mathlib:m4x4.obj
 0001:00070db0       ?m4x4_rotation_for_vec3@@YAXQAMQBMW4eulerOrder_t@@@Z 00471db0 f   mathlib:m4x4.obj
 0001:00071100       ?m4x4_translate_by_vec3@@YAXQAMQBM@Z 00472100 f   mathlib:m4x4.obj
 0001:00071130       ?m4x4_rotate_by_vec3@@YAXQAMQBMW4eulerOrder_t@@@Z 00472130 f   mathlib:m4x4.obj
 0001:00071160       ?m4x4_scale_by_vec3@@YAXQAMQBM@Z 00472160 f   mathlib:m4x4.obj
 0001:00071190       ?m4x4_pivoted_transform_by_vec3@@YAXQAMQBM1W4eulerOrder_t@@11@Z 00472190 f   mathlib:m4x4.obj
 0001:00071212       __stricmp                  00472212 f   MSVCRT:MSVCR90.dll
 0001:00071218       _rename                    00472218 f   MSVCRT:MSVCR90.dll
 0001:0007121e       _sprintf                   0047221e f   MSVCRT:MSVCR90.dll
 0001:00071224       _sscanf_s                  00472224 f   MSVCRT:MSVCR90.dll
 0001:0007122a       _sscanf                    0047222a f   MSVCRT:MSVCR90.dll
 0001:00071230       _strncmp                   00472230 f   MSVCRT:MSVCR90.dll
 0001:00071236       _free                      00472236 f   MSVCRT:MSVCR90.dll
 0001:0007123c       _atoi                      0047223c f   MSVCRT:MSVCR90.dll
 0001:00071242       _remove                    00472242 f   MSVCRT:MSVCR90.dll
 0001:00071248       _ftell                     00472248 f   MSVCRT:MSVCR90.dll
 0001:0007124e       _realloc                   0047224e f   MSVCRT:MSVCR90.dll
 0001:00071254       _atof                      00472254 f   MSVCRT:MSVCR90.dll
 0001:0007125a       __time64                   0047225a f   MSVCRT:MSVCR90.dll
 0001:00071260       _asctime                   00472260 f   MSVCRT:MSVCR90.dll
 0001:00071266       __localtime64              00472266 f   MSVCRT:MSVCR90.dll
 0001:0007126c       _fseek                     0047226c f   MSVCRT:MSVCR90.dll
 0001:00071272       _fclose                    00472272 f   MSVCRT:MSVCR90.dll
 0001:00071278       _fopen                     00472278 f   MSVCRT:MSVCR90.dll
 0001:0007127e       _fwrite                    0047227e f   MSVCRT:MSVCR90.dll
 0001:00071284       _strstr                    00472284 f   MSVCRT:MSVCR90.dll
 0001:0007128a       __onexit                   0047228a f   MSVCRT:atonexit.obj
 0001:0007132f       _atexit                    0047232f f   MSVCRT:atonexit.obj
 0001:00071346       _rand                      00472346 f   MSVCRT:MSVCR90.dll
 0001:0007134c       _srand                     0047234c f   MSVCRT:MSVCR90.dll
 0001:00071352       _memmove                   00472352 f   MSVCRT:MSVCR90.dll
 0001:00071358       __strnicmp                 00472358 f   MSVCRT:MSVCR90.dll
 0001:0007135e       _strchr                    0047235e f   MSVCRT:MSVCR90.dll
 0001:00071364       _qsort                     00472364 f   MSVCRT:MSVCR90.dll
 0001:0007136a       _strncpy                   0047236a f   MSVCRT:MSVCR90.dll
 0001:00071370       _fprintf                   00472370 f   MSVCRT:MSVCR90.dll
 0001:00071376       _exit                      00472376 f   MSVCRT:MSVCR90.dll
 0001:0007137c       _ceil                      0047237c f   MSVCRT:MSVCR90.dll
 0001:00071382       _malloc                    00472382 f   MSVCRT:MSVCR90.dll
 0001:00071388       _strerror                  00472388 f   MSVCRT:MSVCR90.dll
 0001:0007138e       _fputs                     0047238e f   MSVCRT:MSVCR90.dll
 0001:00071394       __errno                    00472394 f   MSVCRT:MSVCR90.dll
 0001:0007139a       __mkdir                    0047239a f   MSVCRT:MSVCR90.dll
 0001:000713a0       _fread                     004723a0 f   MSVCRT:MSVCR90.dll
 0001:000713a6       __getcwd                   004723a6 f   MSVCRT:MSVCR90.dll
 0001:000713ac       _vsprintf                  004723ac f   MSVCRT:MSVCR90.dll
 0001:000713b2       _printf                    004723b2 f   MSVCRT:MSVCR90.dll
 0001:000713b8       _rewind                    004723b8 f   MSVCRT:MSVCR90.dll
 0001:000713be       __access                   004723be f   MSVCRT:MSVCR90.dll
 0001:000713c4       __strdup                   004723c4 f   MSVCRT:MSVCR90.dll
 0001:000713ca       _strrchr                   004723ca f   MSVCRT:MSVCR90.dll
 0001:000713d0       _fscanf                    004723d0 f   MSVCRT:MSVCR90.dll
 0001:000713d6       ___iob_func                004723d6 f   MSVCRT:MSVCR90.dll
 0001:0007167e       _mainCRTStartup            0047267e f   MSVCRT:crtexe.obj
 0001:00071688       _memset                    00472688 f   MSVCRT:MSVCR90.dll
 0001:00071690       _memcpy                    00472690 f   MSVCRT:MSVCR90.dll
 0001:00071696       _floor                     00472696 f   MSVCRT:MSVCR90.dll
 0001:000716a0       __alloca_probe             004726a0     MSVCRT:chkstk.obj
 0001:000716a0       __chkstk                   004726a0 f   MSVCRT:chkstk.obj
 0001:000716cc       __CIacos                   004726cc f   MSVCRT:MSVCR90.dll
 0001:000716e0       __ftol2_sse                004726e0 f   MSVCRT:ftol2.obj
 0001:000716e9       __ftol2_pentium4           004726e9 f   MSVCRT:ftol2.obj
 0001:000716fc       __ftol2_sse_excpt          004726fc f   MSVCRT:ftol2.obj
 0001:00071716       __ftol2                    00472716 f   MSVCRT:ftol2.obj
 0001:0007178c       __setjmp3                  0047278c f   MSVCRT:MSVCR90.dll
 0001:00071792       __unlock                   00472792 f   MSVCRT:MSVCR90.dll
 0001:00071798       ___dllonexit               00472798 f   MSVCRT:MSVCR90.dll
 0001:0007179e       __lock                     0047279e f   MSVCRT:MSVCR90.dll
 0001:000717a4       __SEH_prolog4              004727a4 f   MSVCRT:sehprolg4.obj
 0001:000717e9       __SEH_epilog4              004727e9 f   MSVCRT:sehprolg4.obj
 0001:000717fd       __except_handler4          004727fd f   MSVCRT:chandler4gs.obj
 0001:00071822       ?__CxxUnhandledExceptionFilter@@YGJPAU_EXCEPTION_POINTERS@@@Z 00472822 f   MSVCRT:unhandld.obj
 0001:00071864       ___CxxSetUnhandledExceptionFilter 00472864 f   MSVCRT:unhandld.obj
 0001:00071872       __amsg_exit                00472872 f   MSVCRT:MSVCR90.dll
 0001:00071878       __RTC_Initialize           00472878 f   MSVCRT:_initsect_.obj
 0001:0007189e       __RTC_Terminate            0047289e f   MSVCRT:_initsect_.obj
 0001:000718c4       __XcptFilter               004728c4 f   MSVCRT:MSVCR90.dll
 0001:000718d0       __ValidateImageBase        004728d0 f   MSVCRT:pesect.obj
 0001:00071910       __FindPESection            00472910 f   MSVCRT:pesect.obj
 0001:00071960       __IsNonwritableInCurrentImage 00472960 f   MSVCRT:pesect.obj
 0001:00071a1e       __initterm                 00472a1e f   MSVCRT:MSVCR90.dll
 0001:00071a24       __initterm_e               00472a24 f   MSVCRT:MSVCR90.dll
 0001:00071a2a       __setdefaultprecision      00472a2a f   MSVCRT:fp8.obj
[...]
 0001:00036600       ?CreateSunLight@@YAXPAUsun_s@@@Z 00437600 f    CIL library: CIL module
 0001:00036840       ?CreateSkyLights@@YAXQAMMHMH@Z 00437840 f    CIL library: CIL module
 0001:0003df10       ?RadClipWindingEpsilon@@YAXPAUradWinding_t@@QAMMM00PAUclipWork_t@@@Z 0043ef10 f    CIL library: CIL module
 0001:0003e330       ?RadSample@@YAXHPAUbspDrawSurface_t@@PAUrawLightmap_s@@PAUshaderInfo_s@@PAUradWinding_t@@QAM4PAH@Z 0043f330 f    CIL library: CIL module
 0001:0003e7a0       ?RadSubdivideDiffuseLight@@YAXHPAUbspDrawSurface_t@@PAUrawLightmap_s@@PAUshaderInfo_s@@MMW4qboolean@@PAUradWinding_t@@PAUclipWork_t@@@Z 0043f7a0 f    CIL library: CIL module
 0001:0003f7b0       ?AddTraceInfo@@YAHPAUtraceInfo_s@@@Z 004407b0 f    CIL library: CIL module
 0001:0003f890       ?AllocTraceNode@@YAHXZ     00440890 f    CIL library: CIL module
 0001:0003f930       ?AddTraceWinding@@YAHPAUtraceWinding_s@@@Z 00440930 f    CIL library: CIL module
 0001:0003f9e0       ?AddTraceTriangle@@YAHPAUtraceTriangle_s@@@Z 004409e0 f    CIL library: CIL module
 0001:0003fac0       ?AddItemToTraceNode@@YAHPAUtraceNode_s@@H@Z 00440ac0 f    CIL library: CIL module
 0001:0003fb50       ?SetupTraceNodes_r@@YAHH@Z 00440b50 f    CIL library: CIL module
 0001:0003ffb0       ?FilterTraceWindingIntoNodes_r@@YAXPAUtraceWinding_s@@H@Z 00440fb0 f    CIL library: CIL module
 0001:000401a0       ?SubdivideTraceNode_r@@YAXHH@Z 004411a0 f    CIL library: CIL module
 0001:00040590       ?TriangulateTraceNode_r@@YAHH@Z 00441590 f    CIL library: CIL module
 0001:000407a0       ?PopulateWithBSPModel@@YAXPAUbspModel_t@@QAM@Z 004417a0 f    CIL library: CIL module
 0001:00040cf0       ?PopulateWithPicoModel@@YAXDPAUpicoModel_s@@QAMH@Z 00441cf0 f    CIL library: CIL module
 0001:00040eb0       ?PopulateTraceNodes@@YAXXZ 00441eb0 f    CIL library: CIL module
 0001:00041c50       ?TraceLine_r@@YA?AW4qboolean@@HQAM0PAUtrace_t@@@Z 00442c50 f    CIL library: CIL module
 0001:00043f20       ?CalcTangentVectors@@YA?AW4qboolean@@HPAPAUbspDrawVert_t@@PAY02M1@Z 00444f20 f    CIL library: CIL module
 0001:00044190       ?PerturbNormal@@YAXPAUbspDrawVert_t@@PAUshaderInfo_s@@QAMQAY02M3@Z 00445190 f    CIL library: CIL module
 0001:00044270       ?MapSingleLuxel@@YAHPAUrawLightmap_s@@PAUsurfaceInfo_s@@PAUbspDrawVert_t@@QAM3MQAY02M44@Z 00445270 f    CIL library: CIL module
 0001:00044ac0       ?MapTriangle_r@@YAXPAUrawLightmap_s@@PAUsurfaceInfo_s@@QAPAUbspDrawVert_t@@QAM3QAY02M44@Z 00445ac0 f    CIL library: CIL module
 0001:00044c90       ?MapTriangle@@YA?AW4qboolean@@PAUrawLightmap_s@@PAUsurfaceInfo_s@@QAPAUbspDrawVert_t@@W41@@Z 00445c90 f    CIL library: CIL module
 0001:00044f00       ?MapQuad_r@@YAXPAUrawLightmap_s@@PAUsurfaceInfo_s@@QAPAUbspDrawVert_t@@QAM3QAY02M4@Z 00445f00 f    CIL library: CIL module
 0001:000451d0       ?MapQuad@@YA?AW4qboolean@@PAUrawLightmap_s@@PAUsurfaceInfo_s@@QAPAUbspDrawVert_t@@@Z 004461d0 f    CIL library: CIL module
 0001:00047670       ?SubmapRawLuxel@@YA?AW4qboolean@@PAUrawLightmap_s@@HHMMPAHQAM2@Z 00448670 f    CIL library: CIL module
 0001:00047920       ?SubsampleRawLuxel_r@@YAXPAUrawLightmap_s@@PAUtrace_t@@QAMHHMPAM@Z 00448920 f    CIL library: CIL module
 0001:0004bf30       ?CompareLightSurface@@YAHPBX0@Z 0044cf30 f    CIL library: CIL module
 0001:0004d200       ?CompareSurfaceInfo@@YAHPBX0@Z 0044e200 f    CIL library: CIL module
 0001:0004ee60       ?CompareBSPLuxels@@YA?AW4qboolean@@PAUrawLightmap_s@@H0H@Z 0044fe60 f    CIL library: CIL module
 0001:0004f150       ?MergeBSPLuxels@@YA?AW4qboolean@@PAUrawLightmap_s@@H0H@Z 00450150 f    CIL library: CIL module
 0001:0004f360       ?ApproximateLuxel@@YA?AW4qboolean@@PAUrawLightmap_s@@PAUbspDrawVert_t@@@Z 00450360 f    CIL library: CIL module
 0001:0004f530       ?ApproximateTriangle_r@@YA?AW4qboolean@@PAUrawLightmap_s@@QAPAUbspDrawVert_t@@@Z 00450530 f    CIL library: CIL module
 0001:0004f6a0       ?ApproximateLightmap@@YA?AW4qboolean@@PAUrawLightmap_s@@@Z 004506a0 f    CIL library: CIL module
 0001:0004f9d0       ?TestOutLightmapStamp@@YA?AW4qboolean@@PAUrawLightmap_s@@HPAUoutLightmap_s@@HH@Z 004509d0 f    CIL library: CIL module
 0001:0004fb20       ?SetupOutLightmap@@YAXPAUrawLightmap_s@@PAUoutLightmap_s@@@Z 00450b20 f    CIL library: CIL module
 0001:0004fc60       ?FindOutLightmaps@@YAXPAUrawLightmap_s@@@Z 00450c60 f    CIL library: CIL module
 0001:00050330       ?CompareRawLightmap@@YAHPBX0@Z 00451330 f    CIL library: CIL module
 0001:000576f0       ?ConvertCollapsedSurface@@YAXPAU_iobuf@@PAUbspModel_t@@HHHQAM@Z 004586f0 f    CIL library: CIL module
 0001:00057e00       ?ConvertSurface@@YAXPAU_iobuf@@PAUbspModel_t@@HPAUbspDrawSurface_t@@HQAM@Z 00458e00 f    CIL library: CIL module
 0001:000582d0       ?ConvertModel@@YAXPAU_iobuf@@PAUbspModel_t@@HQAMH@Z 004592d0 f    CIL library: CIL module
 0001:00058370       ?ConvertShader@@YAXPAU_iobuf@@PAUbspShader_t@@H@Z 00459370 f    CIL library: CIL module
 0001:00058840       ?ConvertBrush@@YAXPAU_iobuf@@HPAUbspBrush_t@@QAM@Z 00459840 f    CIL library: CIL module
 0001:00058ab0       ?ConvertPatch@@YAXPAU_iobuf@@HPAUbspDrawSurface_t@@QAM@Z 00459ab0 f    CIL library: CIL module
 0001:00058c30       ?ConvertModel@@YAXPAU_iobuf@@PAUbspModel_t@@HQAM@Z 00459c30 f    CIL library: CIL module
 0001:00058d60       ?ConvertEPairs@@YAXPAU_iobuf@@PAUentity_t@@@Z 00459d60 f    CIL library: CIL module
 0001:0005cbb0       __obj_canload              0045dbb0 f   picomodel:pm_obj.obj
 0001:0005ccd0       _SizeObjVertexData         0045dcd0 f   picomodel:pm_obj.obj
 0001:0005cd50       _FreeObjVertexData         0045dd50 f   picomodel:pm_obj.obj
 0001:0005cd60       __obj_load                 0045dd60 f   picomodel:pm_obj.obj
 0001:0005da20       __terrain_canload          0045ea20 f   picomodel:pm_terrain.obj
 0001:0005da80       __terrain_load             0045ea80 f   picomodel:pm_terrain.obj
 0001:0005e1b0       _lwo_lwIDToStr             0045f1b0 f   picomodel:pm_lwo.obj
 0001:0005e1f0       __lwo_canload              0045f1f0 f   picomodel:pm_lwo.obj
 0001:0005e250       __lwo_load                 0045f250 f   picomodel:pm_lwo.obj
 0001:0005eb20       __fm_canload               0045fb20 f   picomodel:pm_fm.obj
 0001:0005ecd0       __fm_load                  0045fcd0 f   picomodel:pm_fm.obj
 0001:0005f720       __md2_canload              00460720 f   picomodel:pm_md2.obj
 0001:0005f760       __md2_load                 00460760 f   picomodel:pm_md2.obj
 0001:00060050       __mdc_canload              00461050 f   picomodel:pm_mdc.obj
 0001:00060090       __mdc_load                 00461090 f   picomodel:pm_mdc.obj
 0001:00060830       __ms3d_canload             00461830 f   picomodel:pm_ms3d.obj
 0001:000608a0       _GetWord                   004618a0 f   picomodel:pm_ms3d.obj
 0001:000608c0       __ms3d_load                004618c0 f   picomodel:pm_ms3d.obj
 0001:00060eb0       __ase_get_material         00461eb0 f   picomodel:pm_ase.obj
 0001:00060ec0       __ase_get_submaterial      00461ec0 f   picomodel:pm_ase.obj
 0001:00060f40       __ase_add_material         00461f40 f   picomodel:pm_ase.obj
 0001:00060f70       __ase_add_submaterial      00461f70 f   picomodel:pm_ase.obj
 0001:00060fc0       __ase_free_materials       00461fc0 f   picomodel:pm_ase.obj
 0001:00061000       __ase_canload              00462000 f   picomodel:pm_ase.obj
 0001:00061070       __ase_submit_triangles     00462070 f   picomodel:pm_ase.obj
 0001:00061480       __ase_load                 00462480 f   picomodel:pm_ase.obj
 0001:00062850       __3ds_canload              00463850 f   picomodel:pm_3ds.obj
 0001:000628a0       _GetChunk                  004638a0 f   picomodel:pm_3ds.obj
 0001:000628e0       _GetASCIIZ                 004638e0 f   picomodel:pm_3ds.obj
 0001:00062930       _GetByte                   00463930 f   picomodel:pm_3ds.obj
 0001:00062950       _GetWord                   00463950 f   picomodel:pm_3ds.obj
 0001:00062980       _GetFloat                  00463980 f   picomodel:pm_3ds.obj
 0001:000629b0       _GetMeshVertices           004639b0 f   picomodel:pm_3ds.obj
 0001:00062a20       _GetMeshFaces              00463a20 f   picomodel:pm_3ds.obj
 0001:00062ac0       _GetMeshTexCoords          00463ac0 f   picomodel:pm_3ds.obj
 0001:00062b20       _GetMeshShader             00463b20 f   picomodel:pm_3ds.obj
 0001:00062ca0       _GetDiffuseColor           00463ca0 f   picomodel:pm_3ds.obj
 0001:00062ce0       _DoNextEditorDataChunk     00463ce0 f   picomodel:pm_3ds.obj
 0001:00062f40       _DoNextChunk               00463f40 f   picomodel:pm_3ds.obj
 0001:00062fd0       __3ds_load                 00463fd0 f   picomodel:pm_3ds.obj
 0001:000630b0       __md3_canload              004640b0 f   picomodel:pm_md3.obj
 0001:000630f0       __md3_load                 004640f0 f   picomodel:pm_md3.obj
 0001:00065e30       _compare_shaders           00466e30 f   picomodel:surface.obj
 0001:00065e30       _compare_textures          00466e30 f   picomodel:surface.obj
 0001:00065e70       _add_texture               00466e70 f   picomodel:surface.obj
 0001:00066a20       _compare_keys              00467a20 f   picomodel:envelope.obj
 0001:000672f0       _add_clip                  004682f0 f   picomodel:lwob.obj
 0001:00067370       _add_tvel                  00468370 f   picomodel:lwob.obj
 0001:00067490       _get_texture               00468490 f   picomodel:lwob.obj
 0001:000683a0       ?term_source@@YAXPAUjpeg_decompress_struct@@@Z 004693a0 f   l_net:l_net.obj
 0001:000683a0       ?start_pass_dcolor@@YAXPAUjpeg_decompress_struct@@@Z 004693a0 f   l_net:l_net.obj
 0001:00068eb0       ?default_decompress_parms@@YAXPAUjpeg_decompress_struct@@@Z 00469eb0 f   jpeg6:jdapimin.obj
 0001:000692a0       ?output_pass_setup@@YAEPAUjpeg_decompress_struct@@@Z 0046a2a0 f   jpeg6:jdapistd.obj
 0001:00069450       ?init_source@@YAXPAUjpeg_decompress_struct@@@Z 0046a450 f   jpeg6:jdatasrc.obj
 0001:00069460       ?fill_input_buffer@@YAEPAUjpeg_decompress_struct@@@Z 0046a460 f   jpeg6:jdatasrc.obj
 0001:000694b0       ?skip_input_data@@YAXPAUjpeg_decompress_struct@@J@Z 0046a4b0 f   jpeg6:jdatasrc.obj
 0001:00069570       ?error_exit@@YAXPAUjpeg_common_struct@@@Z 0046a570 f   jpeg6:jerror.obj
 0001:000695a0       ?output_message@@YAXPAUjpeg_common_struct@@@Z 0046a5a0 f   jpeg6:jerror.obj
 0001:000695d0       ?emit_message@@YAXPAUjpeg_common_struct@@H@Z 0046a5d0 f   jpeg6:jerror.obj
 0001:00069610       ?format_message@@YAXPAUjpeg_common_struct@@PAD@Z 0046a610 f   jpeg6:jerror.obj
 0001:000696c0       ?reset_error_mgr@@YAXPAUjpeg_common_struct@@@Z 0046a6c0 f   jpeg6:jerror.obj
 0001:00069730       ?initial_setup@@YAXPAUjpeg_decompress_struct@@@Z 0046a730 f   jpeg6:jdinput.obj
 0001:00069930       ?per_scan_setup@@YAXPAUjpeg_decompress_struct@@@Z 0046a930 f   jpeg6:jdinput.obj
 0001:00069ad0       ?latch_quant_tables@@YAXPAUjpeg_decompress_struct@@@Z 0046aad0 f   jpeg6:jdinput.obj
 0001:00069b70       ?start_input_pass@@YAXPAUjpeg_decompress_struct@@@Z 0046ab70 f   jpeg6:jdinput.obj
 0001:00069bb0       ?consume_markers@@YAHPAUjpeg_decompress_struct@@@Z 0046abb0 f   jpeg6:jdinput.obj
 0001:00069c70       ?reset_input_controller@@YAXPAUjpeg_decompress_struct@@@Z 0046ac70 f   jpeg6:jdinput.obj
 0001:00069cb0       ?finish_input_pass@@YAXPAUjpeg_decompress_struct@@@Z 0046acb0 f   jpeg6:jdinput.obj
 0001:00069d20       ?get_soi@@YAEPAUjpeg_decompress_struct@@@Z 0046ad20 f   jpeg6:jdmarker.obj
 0001:00069dc0       ?get_sof@@YAEPAUjpeg_decompress_struct@@EE@Z 0046adc0 f   jpeg6:jdmarker.obj
 0001:0006a0c0       ?get_sos@@YAEPAUjpeg_decompress_struct@@@Z 0046b0c0 f   jpeg6:jdmarker.obj
 0001:0006a3c0       ?get_app0@@YAEPAUjpeg_decompress_struct@@@Z 0046b3c0 f   jpeg6:jdmarker.obj
 0001:0006a640       ?get_app14@@YAEPAUjpeg_decompress_struct@@@Z 0046b640 f   jpeg6:jdmarker.obj
 0001:0006a7f0       ?get_dac@@YAEPAUjpeg_decompress_struct@@@Z 0046b7f0 f   jpeg6:jdmarker.obj
 0001:0006a960       ?get_dht@@YAEPAUjpeg_decompress_struct@@@Z 0046b960 f   jpeg6:jdmarker.obj
 0001:0006ac40       ?get_dqt@@YAEPAUjpeg_decompress_struct@@@Z 0046bc40 f   jpeg6:jdmarker.obj
 0001:0006ae70       ?get_dri@@YAEPAUjpeg_decompress_struct@@@Z 0046be70 f   jpeg6:jdmarker.obj
 0001:0006af70       ?skip_variable@@YAEPAUjpeg_decompress_struct@@@Z 0046bf70 f   jpeg6:jdmarker.obj
 0001:0006b020       ?next_marker@@YAEPAUjpeg_decompress_struct@@@Z 0046c020 f   jpeg6:jdmarker.obj
 0001:0006b140       ?first_marker@@YAEPAUjpeg_decompress_struct@@@Z 0046c140 f   jpeg6:jdmarker.obj
 0001:0006b1e0       ?read_markers@@YAHPAUjpeg_decompress_struct@@@Z 0046c1e0 f   jpeg6:jdmarker.obj
 0001:0006b580       ?read_restart_marker@@YAEPAUjpeg_decompress_struct@@@Z 0046c580 f   jpeg6:jdmarker.obj
 0001:0006b720       ?reset_marker_reader@@YAXPAUjpeg_decompress_struct@@@Z 0046c720 f   jpeg6:jdmarker.obj
 0001:0006b7f0       ?out_of_memory@@YAXPAUjpeg_common_struct@@H@Z 0046c7f0 f   jpeg6:jmemmgr.obj
 0001:0006b810       ?alloc_small@@YAPAXPAUjpeg_common_struct@@HI@Z 0046c810 f   jpeg6:jmemmgr.obj
 0001:0006b940       ?alloc_large@@YAPAXPAUjpeg_common_struct@@HI@Z 0046c940 f   jpeg6:jmemmgr.obj
 0001:0006b9e0       ?alloc_sarray@@YAPAPAEPAUjpeg_common_struct@@HII@Z 0046c9e0 f   jpeg6:jmemmgr.obj
 0001:0006ba90       ?alloc_barray@@YAPAPAY0EA@FPAUjpeg_common_struct@@HII@Z 0046ca90 f   jpeg6:jmemmgr.obj
 0001:0006bb40       ?request_virt_sarray@@YAPAUjvirt_sarray_control@@PAUjpeg_common_struct@@HEIII@Z 0046cb40 f   jpeg6:jmemmgr.obj
 0001:0006bbb0       ?request_virt_barray@@YAPAUjvirt_barray_control@@PAUjpeg_common_struct@@HEIII@Z 0046cbb0 f   jpeg6:jmemmgr.obj
 0001:0006bc20       ?realize_virt_arrays@@YAXPAUjpeg_common_struct@@@Z 0046cc20 f   jpeg6:jmemmgr.obj
 0001:0006bdc0       ?do_sarray_io@@YAXPAUjpeg_common_struct@@PAUjvirt_sarray_control@@E@Z 0046cdc0 f   jpeg6:jmemmgr.obj
 0001:0006be60       ?do_barray_io@@YAXPAUjpeg_common_struct@@PAUjvirt_barray_control@@E@Z 0046ce60 f   jpeg6:jmemmgr.obj
 0001:0006bf00       ?access_virt_sarray@@YAPAPAEPAUjpeg_common_struct@@PAUjvirt_sarray_control@@IIE@Z 0046cf00 f   jpeg6:jmemmgr.obj
 0001:0006c040       ?access_virt_barray@@YAPAPAY0EA@FPAUjpeg_common_struct@@PAUjvirt_barray_control@@IIE@Z 0046d040 f   jpeg6:jmemmgr.obj
 0001:0006c190       ?free_pool@@YAXPAUjpeg_common_struct@@H@Z 0046d190 f   jpeg6:jmemmgr.obj
 0001:0006c2a0       ?self_destruct@@YAXPAUjpeg_common_struct@@@Z 0046d2a0 f   jpeg6:jmemmgr.obj
 0001:0006c4a0       ?use_merged_upsample@@YAEPAUjpeg_decompress_struct@@@Z 0046d4a0 f   jpeg6:jdmaster.obj
 0001:0006c550       ?prepare_range_limit_table@@YAXPAUjpeg_decompress_struct@@@Z 0046d550 f   jpeg6:jdmaster.obj
 0001:0006c5e0       ?master_selection@@YAXPAUjpeg_decompress_struct@@@Z 0046d5e0 f   jpeg6:jdmaster.obj
 0001:0006c770       ?prepare_for_output_pass@@YAXPAUjpeg_decompress_struct@@@Z 0046d770 f   jpeg6:jdmaster.obj
 0001:0006c8b0       ?finish_output_pass@@YAXPAUjpeg_decompress_struct@@@Z 0046d8b0 f   jpeg6:jdmaster.obj
 0001:0006ca10       ?alloc_funny_pointers@@YAXPAUjpeg_decompress_struct@@@Z 0046da10 f   jpeg6:jdmainct.obj
 0001:0006cac0       ?make_funny_pointers@@YAXPAUjpeg_decompress_struct@@@Z 0046dac0 f   jpeg6:jdmainct.obj
 0001:0006cc00       ?set_wraparound_pointers@@YAXPAUjpeg_decompress_struct@@@Z 0046dc00 f   jpeg6:jdmainct.obj
 0001:0006cce0       ?set_bottom_pointers@@YAXPAUjpeg_decompress_struct@@@Z 0046dce0 f   jpeg6:jdmainct.obj
 0001:0006cd80       ?process_data_simple_main@@YAXPAUjpeg_decompress_struct@@PAPAEPAII@Z 0046dd80 f   jpeg6:jdmainct.obj
 0001:0006cdf0       ?process_data_context_main@@YAXPAUjpeg_decompress_struct@@PAPAEPAII@Z 0046ddf0 f   jpeg6:jdmainct.obj
 0001:0006cf30       ?start_pass_main@@YAXPAUjpeg_decompress_struct@@W4J_BUF_MODE@@@Z 0046df30 f   jpeg6:jdmainct.obj
 0001:0006d080       ?start_iMCU_row@@YAXPAUjpeg_decompress_struct@@@Z 0046e080 f   jpeg6:jdcoefct.obj
 0001:0006d0d0       ?start_input_pass@@YAXPAUjpeg_decompress_struct@@@Z 0046e0d0 f   jpeg6:jdcoefct.obj
 0001:0006d0f0       ?start_output_pass@@YAXPAUjpeg_decompress_struct@@@Z 0046e0f0 f   jpeg6:jdcoefct.obj
 0001:0006d100       ?decompress_onepass@@YAHPAUjpeg_decompress_struct@@PAPAPAE@Z 0046e100 f   jpeg6:jdcoefct.obj
 0001:0006d330       ?dummy_consume_data@@YAHPAUjpeg_decompress_struct@@@Z 0046e330 f   jpeg6:jdcoefct.obj
 0001:0006d7c0       ?process_restart@@YAEPAUjpeg_decompress_struct@@@Z 0046e7c0 f   jpeg6:jdhuff.obj
 0001:0006d830       ?decode_mcu@@YAEPAUjpeg_decompress_struct@@PAPAY0EA@F@Z 0046e830 f   jpeg6:jdhuff.obj
 0001:0006dc60       ?start_pass_huff_decoder@@YAXPAUjpeg_decompress_struct@@@Z 0046ec60 f   jpeg6:jdhuff.obj
 0001:0006ddf0       ?start_pass@@YAXPAUjpeg_decompress_struct@@@Z 0046edf0 f   jpeg6:jddctmgr.obj
 0001:0006e080       ?post_process_1pass@@YAXPAUjpeg_decompress_struct@@PAPAPAEPAIIPAPAE2I@Z 0046f080 f   jpeg6:jdpostct.obj
 0001:0006e100       ?start_pass_dpost@@YAXPAUjpeg_decompress_struct@@W4J_BUF_MODE@@@Z 0046f100 f   jpeg6:jdpostct.obj
 0001:0006e200       ?start_pass_upsample@@YAXPAUjpeg_decompress_struct@@@Z 0046f200 f   jpeg6:jdsample.obj
 0001:0006e220       ?sep_upsample@@YAXPAUjpeg_decompress_struct@@PAPAPAEPAIIPAPAE2I@Z 0046f220 f   jpeg6:jdsample.obj
 0001:0006e2f0       ?fullsize_upsample@@YAXPAUjpeg_decompress_struct@@PAUjpeg_component_info@@PAPAEPAPAPAE@Z 0046f2f0 f   jpeg6:jdsample.obj
 0001:0006e300       ?noop_upsample@@YAXPAUjpeg_decompress_struct@@PAUjpeg_component_info@@PAPAEPAPAPAE@Z 0046f300 f   jpeg6:jdsample.obj
 0001:0006e310       ?int_upsample@@YAXPAUjpeg_decompress_struct@@PAUjpeg_component_info@@PAPAEPAPAPAE@Z 0046f310 f   jpeg6:jdsample.obj
 0001:0006e3f0       ?h2v1_upsample@@YAXPAUjpeg_decompress_struct@@PAUjpeg_component_info@@PAPAEPAPAPAE@Z 0046f3f0 f   jpeg6:jdsample.obj
 0001:0006e450       ?h2v2_upsample@@YAXPAUjpeg_decompress_struct@@PAUjpeg_component_info@@PAPAEPAPAPAE@Z 0046f450 f   jpeg6:jdsample.obj
 0001:0006e4c0       ?h2v1_fancy_upsample@@YAXPAUjpeg_decompress_struct@@PAUjpeg_component_info@@PAPAEPAPAPAE@Z 0046f4c0 f   jpeg6:jdsample.obj
 0001:0006e580       ?h2v2_fancy_upsample@@YAXPAUjpeg_decompress_struct@@PAUjpeg_component_info@@PAPAEPAPAPAE@Z 0046f580 f   jpeg6:jdsample.obj
 0001:0006e8a0       ?build_ycc_rgb_table@@YAXPAUjpeg_decompress_struct@@@Z 0046f8a0 f   jpeg6:jdcolor.obj
 0001:0006e970       ?ycc_rgb_convert@@YAXPAUjpeg_decompress_struct@@PAPAPAEIPAPAEH@Z 0046f970 f   jpeg6:jdcolor.obj
 0001:0006ea90       ?null_convert@@YAXPAUjpeg_decompress_struct@@PAPAPAEIPAPAEH@Z 0046fa90 f   jpeg6:jdcolor.obj
 0001:0006eb20       ?grayscale_convert@@YAXPAUjpeg_decompress_struct@@PAPAPAEIPAPAEH@Z 0046fb20 f   jpeg6:jdcolor.obj
 0001:0006eb50       ?ycck_cmyk_convert@@YAXPAUjpeg_decompress_struct@@PAPAPAEIPAPAEH@Z 0046fb50 f   jpeg6:jdcolor.obj
 0001:0006f1b0       _DDSDecodePixelFormat      004701b0 f   ddslib:ddslib.obj
 0001:0006f270       _DDSGetColorBlockColors    00470270 f   ddslib:ddslib.obj
 0001:0006f430       _DDSDecodeColorBlock       00470430 f   ddslib:ddslib.obj
 0001:0006f4f0       _DDSDecodeAlphaExplicit    004704f0 f   ddslib:ddslib.obj
 0001:0006f5c0       _DDSDecodeAlpha3BitLinear  004705c0 f   ddslib:ddslib.obj
 0001:0006f870       _DDSDecompressDXT1         00470870 f   ddslib:ddslib.obj
 0001:0006f920       _DDSDecompressDXT3         00470920 f   ddslib:ddslib.obj
 0001:0006fa10       _DDSDecompressDXT5         00470a10 f   ddslib:ddslib.obj
 0001:0006fb10       _DDSDecompressDXT2         00470b10 f   ddslib:ddslib.obj
 0001:0006fb30       _DDSDecompressDXT4         00470b30 f   ddslib:ddslib.obj
 0001:0006fb50       _DDSDecompressARGB8888     00470b50 f   ddslib:ddslib.obj
 0001:000713dc       _pre_cpp_init              004723dc f   MSVCRT:crtexe.obj
 0001:00071427       ___tmainCRTStartup         00472427 f   MSVCRT:crtexe.obj
 0001:0007159d       _pre_c_init                0047259d f   MSVCRT:crtexe.obj
 0001:00071aee       _has_osfxsr_set            00472aee f   MSVCRT:cpu_disp.obj
