 bloodmap

 Timestamp is 55d0fe8e (Mon Aug 17 00:20:14 2015)

 Preferred load address is 00400000

 Start         Length     Name                   Class
 0001:00000000 00076a92H .text                   CODE
 0002:00000000 000002a8H .idata$5                DATA
 0002:000002a8 00000004H .CRT$XCA                DATA
 0002:000002ac 00000004H .CRT$XCAA               DATA
 0002:000002b0 00000004H .CRT$XCZ                DATA
 0002:000002b4 00000004H .CRT$XIA                DATA
 0002:000002b8 00000004H .CRT$XIAA               DATA
 0002:000002bc 00000004H .CRT$XIC                DATA
 0002:000002c0 00000004H .CRT$XIY                DATA
 0002:000002c4 00000004H .CRT$XIZ                DATA
 0002:000002d0 00010278H .rdata                  DATA
 0002:00010548 00000042H .rdata$debug            DATA
 0002:00010590 00000004H .rdata$sxdata           DATA
 0002:00010594 00000004H .rtc$IAA                DATA
 0002:00010598 00000004H .rtc$IZZ                DATA
 0002:0001059c 00000004H .rtc$TAA                DATA
 0002:000105a0 00000004H .rtc$TZZ                DATA
 0002:000105a8 0000007cH .xdata$x                DATA
 0002:00010624 00000078H .idata$2                DATA
 0002:0001069c 00000014H .idata$3                DATA
 0002:000106b0 000002a8H .idata$4                DATA
 0002:00010958 000006e2H .idata$6                DATA
 0002:0001103a 00000000H .edata                  DATA
 0003:00000000 00016eb8H .data                   DATA
 0003:00016ec0 0df839dcH .bss                    DATA
 0004:00000000 00000250H .rsrc$01                DATA
 0004:00000250 000102f8H .rsrc$02                DATA

  Address         Publics by Value              Rva+Base       Lib:Object

 0000:00000000       __except_list              00000000     <absolute>
 0000:00000001       ___safe_se_handler_count   00000001     <absolute>
 0000:00009876       __ldused                   00009876     <absolute>
 0000:00009876       __fltused                  00009876     <absolute>
 0000:00000000       ___ImageBase               00400000     <linker-defined>
 0001:00000000       ?IncDrawVerts@@YAXXZ       00401000 f   bspfile_abstract.obj
 0001:000000b0       ?SetDrawVerts@@YAXH@Z      004010b0 f   bspfile_abstract.obj
 0001:00000140       ?SetDrawSurfacesBuffer@@YAXXZ 00401140 f   bspfile_abstract.obj
 0001:000001a0       ?SetDrawSurfaces@@YAXH@Z   004011a0 f   bspfile_abstract.obj
 0001:00000230       ?SwapBSPFile@@YAXXZ        00401230 f   bspfile_abstract.obj
 0001:000003b0       ?CopyLump@@YAHPAUbspHeader_t@@HPAXH@Z 004013b0 f   bspfile_abstract.obj
 0001:00000410       ?WriteBSPFile@@YAXPBD@Z    00401410 f   bspfile_abstract.obj
 0001:00000490       ?PrintBSPFileSizes@@YAXXZ  00401490 f   bspfile_abstract.obj
 0001:00000720       ?StripTrailing@@YAXPAD@Z   00401720 f   bspfile_abstract.obj
 0001:00000750       ?ParseEPair@@YAPAUepair_s@@XZ 00401750 f   bspfile_abstract.obj
 0001:00000830       ?ParseEntity@@YA?AW4qboolean@@XZ 00401830 f   bspfile_abstract.obj
 0001:00000940       ?ParseEntities@@YAXXZ      00401940 f   bspfile_abstract.obj
 0001:00000980       ?UnparseEntities@@YAXW4qboolean@@@Z 00401980 f   bspfile_abstract.obj
 0001:00000bf0       ?SetKeyValue@@YAXPAUentity_t@@PBD1@Z 00401bf0 f   bspfile_abstract.obj
 0001:00000d00       ?KeyExists@@YA?AW4qboolean@@PBUentity_t@@PBD@Z 00401d00 f   bspfile_abstract.obj
 0001:00000d30       ?ValueForKey@@YAPBDPBUentity_t@@PBD@Z 00401d30 f   bspfile_abstract.obj
 0001:00000d70       ?IntForKey@@YAHPBUentity_t@@PBD@Z 00401d70 f   bspfile_abstract.obj
 0001:00000dc0       ?FloatForKey@@YAMPBUentity_t@@PBD@Z 00401dc0 f   bspfile_abstract.obj
 0001:00000e10       ?GetVectorForKey@@YAXPBUentity_t@@PBDQAM@Z 00401e10 f   bspfile_abstract.obj
 0001:00000e90       ?FindTargetEntity@@YAPAUentity_t@@PBD@Z 00401e90 f   bspfile_abstract.obj
 0001:00000f30       ?GetEntityShadowFlags@@YAXPBUentity_t@@0PAD1W4qboolean@@@Z 00401f30 f   bspfile_abstract.obj
 0001:00001000       ?GetEntityLightmapScale@@YAXPBUentity_t@@PAMM@Z 00402000 f   bspfile_abstract.obj
 0001:000010d0       ?GetEntityLightmapAxis@@YAXPBUentity_t@@QAM1@Z 004020d0 f   bspfile_abstract.obj
 0001:000012f0       ?GetEntityNormalSmoothing@@YAXPBUentity_t@@PAHH@Z 004022f0 f   bspfile_abstract.obj
 0001:00001370       ?GetEntityMinlightAmbientColor@@YAXPBUentity_t@@QAM1111W4qboolean@@@Z 00402370 f   bspfile_abstract.obj
 0001:000029a0       ?LoadIBSPFile@@YAXPBD@Z    004039a0 f   bspfile_ibsp.obj
 0001:00002b70       ?WriteIBSPFile@@YAXPBD@Z   00403b70 f   bspfile_ibsp.obj
 0001:000033d0       ?LoadRBSPFile@@YAXPBD@Z    004043d0 f   bspfile_rbsp.obj
 0001:00003640       ?WriteRBSPFile@@YAXPBD@Z   00404640 f   bspfile_rbsp.obj
 0001:00003cc0       ?PNGReadData@@YAXPAUpng_struct_def@@PAEI@Z 00404cc0 f   image.obj
 0001:00004000       ?WritePNG@@YAXPBDPAEHHW4qboolean@@2@Z 00405000 f   image.obj
 0001:00004300       ?ImageFind@@YAPAUimage_s@@PBD@Z 00405300 f   image.obj
 0001:000043b0       ?ImageLoad@@YAPAUimage_s@@PBD@Z 004053b0 f   image.obj
 0001:00004800       ?FixAAS@@YAHHPAPAD@Z       00405800 f   main.obj
 0001:000049d0       ?AnalyzeBSP@@YAHHPAPAD@Z   004059d0 f   main.obj
 0001:00004cb0       ?BSPInfo@@YAHHPAPAD@Z      00405cb0 f   main.obj
 0001:00004ef0       ?ScaleBSPMain@@YAHHPAPAD@Z 00405ef0 f   main.obj
 0001:00005620       ?ConvertBSPMain@@YAHHPAPAD@Z 00406620 f   main.obj
 0001:000059d0       _main                      004069d0 f   main.obj
 0001:00006260       ?LerpDrawVert@@YAXPAUbspDrawVert_t@@00@Z 00407260 f   mesh.obj
 0001:00006340       ?LerpDrawVertAmount@@YAXPAUbspDrawVert_t@@0M0@Z 00407340 f   mesh.obj
 0001:00006510       ?FreeMesh@@YAXPAUmesh_t@@@Z 00407510 f   mesh.obj
 0001:00006530       ?CopyMesh@@YAPAUmesh_t@@PAU1@@Z 00407530 f   mesh.obj
 0001:00006580       ?TransposeMesh@@YAPAUmesh_t@@PAU1@@Z 00407580 f   mesh.obj
 0001:00006620       ?InvertMesh@@YAXPAUmesh_t@@@Z 00407620 f   mesh.obj
 0001:000066f0       ?MakeMeshNormals@@YAXUmesh_t@@@Z 004076f0 f   mesh.obj
 0001:00006b60       ?PutMeshOnCurve@@YAXUmesh_t@@@Z 00407b60 f   mesh.obj
 0001:00006d80       ?SubdivideMesh@@YAPAUmesh_t@@U1@MM@Z 00407d80 f   mesh.obj
 0001:00007430       ?IterationsForCurve@@YAHMH@Z 00408430 f   mesh.obj
 0001:000074a0       ?SubdivideMesh2@@YAPAUmesh_t@@U1@H@Z 004084a0 f   mesh.obj
 0001:00007840       ?ProjectPointOntoVector@@YAXQAM000@Z 00408840 f   mesh.obj
 0001:000078d0       ?RemoveLinearMeshColumnsRows@@YAPAUmesh_t@@PAU1@@Z 004088d0 f   mesh.obj
 0001:00007c40       ?PicoPrintFunc@@YAXHPBD@Z  00408c40 f   model.obj
 0001:00007cc0       ?PicoLoadFileFunc@@YAXPADPAPAEPAH@Z 00408cc0 f   model.obj
 0001:00007ce0       ?FindModel@@YAPAUpicoModel_s@@PBDH@Z 00408ce0 f   model.obj
 0001:00007d90       ?LoadModel@@YAPAUpicoModel_s@@PBDH@Z 00408d90 f   model.obj
 0001:00007e60       ?InsertModel@@YAXPADHHQAMMPAUremap_s@@PAUshaderInfo_s@@HHDDHM11111MHHW4qboolean@@M4PAH555@Z 00408e60 f   model.obj
 0001:00008d70       ?LoadTriangleModels@@YAXXZ 00409d70 f   model.obj
 0001:00009010       ?AddTriangleModels@@YAXH@Z 0040a010 f   model.obj
 0001:00009a60       ?TidyShaders@@YAXXZ        0040aa60 f   optimize.obj
 0001:0000a110       ?TidyEntities@@YAXXZ       0040b110 f   optimize.obj
 0001:0000a1a0       ?MergeDrawSurfaces@@YAXXZ  0040b1a0 f   optimize.obj
 0001:0000ac90       ?Vec3ByteCompareExt@@YA?AW4qboolean@@QAE0E@Z 0040bc90 f   optimize.obj
 0001:0000acf0       ?MergeDrawVerts@@YAXXZ     0040bcf0 f   optimize.obj
 0001:0000b4e0       ?WriteResourceOBJFile@@YAXPBD@Z 0040c4e0 f   optimize.obj
 0001:0000bcd0       ?OptimizeBSPMain@@YAHHPAPAD@Z 0040ccd0 f   optimize.obj
 0001:0000c360       ?AllocateEntity@@YAPAUentity_t@@PAU1@@Z 0040d360 f   patchbsp.obj
 0001:0000c3b0       ?FindMapEntityByUniqueKey@@YAPAUentity_t@@PBD@Z 0040d3b0 f   patchbsp.obj
 0001:0000c470       ?PatchEntities@@YAXXZ      0040d470 f   patchbsp.obj
 0001:0000c930       ?PatchBSPMain@@YAHHPAPAD@Z 0040d930 f   patchbsp.obj
 0001:0000cf90       ?GetGame@@YAPAUgame_s@@PAD@Z 0040df90 f   path_init.obj
 0001:0000d0a0       ?AddBasePath@@YAXPAD@Z     0040e0a0 f   path_init.obj
 0001:0000d120       ?AddGamePath@@YAXPAD@Z     0040e120 f   path_init.obj
 0001:0000d1a0       ?InitPaths@@YAXPAHPAPAD@Z  0040e1a0 f   path_init.obj
 0001:0000d520       ?SanitizePath@@YAXPAD0@Z   0040e520 f   path_init.obj
 0001:0000d590       ?GetGamePath@@YA?AW4qboolean@@PAD0@Z 0040e590 f   path_init.obj
 0001:0000d680       ?ColorModBuildRandomMatrix@@YAXXZ 0040e680 f   shaders.obj
 0001:0000d700       ?ColorModRandom@@YAMQAMM@Z 0040e700 f   shaders.obj
 0001:0000d910       ?ColorMod@@YAXPAUentity_t@@PAUmapDrawSurface_s@@PAUcolorMod_s@@PAUbrush_s@@HH@Z 0040e910 f   shaders.obj
 0001:0000e070       ?TCModMultiply@@YAXQAY02M00@Z 0040f070 f   shaders.obj
 0001:0000e150       ?TCModRotate@@YAXQAY02MM@Z 0040f150 f   shaders.obj
 0001:0000e1c0       ?ApplySurfaceParm@@YA?AW4qboolean@@PADPAH11@Z 0040f1c0 f   shaders.obj
 0001:0000e2b0       ?BeginMapShaderFile@@YAXPBD@Z 0040f2b0 f   shaders.obj
 0001:0000e3a0       ?WriteMapShaderFile@@YAXXZ 0040f3a0 f   shaders.obj
 0001:0000e4e0       ?CustomShader@@YAPAUshaderInfo_s@@PAU1@PAD1@Z 0040f4e0 f   shaders.obj
 0001:0000e950       ?FinishShader@@YAXPAUshaderInfo_s@@@Z 0040f950 f   shaders.obj
 0001:0000ef20       ?ShaderInfoForShader@@YAPAUshaderInfo_s@@PBD@Z 0040ff20 f   shaders.obj
 0001:0000f020       ?GetTokenAppend@@YA?AW4qboolean@@PADW41@@Z 00410020 f   shaders.obj
 0001:0000f110       ?Parse1DMatrixAppend@@YAXPADHPAM@Z 00410110 f   shaders.obj
 0001:0000f200       ?AllocateColorMod@@YAPAUcolorMod_s@@PAUshaderInfo_s@@W4colorModType_t@@@Z 00410200 f   shaders.obj
 0001:000123f0       ?LoadShaderInfo@@YAXXZ     004133f0 f   shaders.obj
 0001:00012660       ?SetSurfaceExtra@@YAXPAUmapDrawSurface_s@@H@Z 00413660 f   surface_extra.obj
 0001:00012770       ?GetSurfaceExtraEntityNum@@YAHH@Z 00413770 f   surface_extra.obj
 0001:000127a0       ?WriteSurfaceExtraFile@@YAXPBD@Z 004137a0 f   surface_extra.obj
 0001:00012b80       ?LoadSurfaceExtraFile@@YAXPBD@Z 00413b80 f   surface_extra.obj
 0001:00013050       ?safe_malloc_f@@YAPAXI@Z   00414050 f   cmdlib.obj
 0001:00013080       ?safe_malloc_logstart@@YAXXZ 00414080 f   cmdlib.obj
 0001:000130c0       ?safe_malloc_log@@YAPAXIPBDH@Z 004140c0 f   cmdlib.obj
 0001:000131e0       ?safe_malloc_logend@@YAXXZ 004141e0 f   cmdlib.obj
 0001:00013250       ?ExpandArg@@YAPADPBD@Z     00414250 f   cmdlib.obj
 0001:000132c0       ?ExpandPath@@YAPADPBD@Z    004142c0 f   cmdlib.obj
 0001:00013310       ?copystring@@YAPADPBD@Z    00414310 f   cmdlib.obj
 0001:00013350       ?Q_getwd@@YAXPAD@Z         00414350 f   cmdlib.obj
 0001:000133a0       ?Q_strncasecmp@@YAHPBD0I@Z 004143a0 f   cmdlib.obj
 0001:000133f0       ?LoadFile@@YAHPBDPAPAX@Z   004143f0 f   cmdlib.obj
 0001:000134a0       ?DefaultExtension@@YAXPADPBD@Z 004144a0 f   cmdlib.obj
 0001:00013510       ?StripExtension@@YAXPAD@Z  00414510 f   cmdlib.obj
 0001:00013550       ?ExtractFileBase@@YAXPBDPAD@Z 00414550 f   cmdlib.obj
 0001:000135a0       ?ExtractFileExtension@@YAXPBDPAD@Z 004145a0 f   cmdlib.obj
 0001:000135f0       ?CRC_Block@@YAGPBEI@Z      004145f0 f   cmdlib.obj
 0001:00013630       ?bufLittleShort@@YAHPAEHPAH@Z 00414630 f   imagelib.obj
 0001:00013670       ?bufLittleLong@@YAHPAEHPAH@Z 00414670 f   imagelib.obj
 0001:000136c0       ?LBMRLEDecompress@@YAPAEPAE0H@Z 004146c0 f   imagelib.obj
 0001:00013740       ?LoadLBM@@YAXPBDPAPAE1@Z   00414740 f   imagelib.obj
 0001:00013ad0       ?LoadPCX@@YAXPBDPAPAE1PAH2@Z 00414ad0 f   imagelib.obj
 0001:00013d00       ?LoadBMP@@YAXPBDPAPAE1PAH2@Z 00414d00 f   imagelib.obj
 0001:00014140       ?Load256Image@@YAXPBDPAPAE1PAH2@Z 00415140 f   imagelib.obj
 0001:00014210       ?TargaError@@YAXPAU_TargaHeader@@PBD@Z 00415210 f   imagelib.obj
 0001:00014260       ?LoadTGABuffer@@YAXPBE0PAPAEPAH2@Z 00415260 f   imagelib.obj
 0001:00014760       ?WriteTGA@@YAXPBDPAEHH@Z   00415760 f   imagelib.obj
 0001:00014830       ?Load32BitImage@@YAXPBDPAPAIPAH2@Z 00415830 f   imagelib.obj
 0001:00014930       ?xml_SendNode@@YAXPAU_xmlNode@@@Z 00415930 f   inout.obj
 0001:00014a10       ?xml_Select@@YAXPADHHW4qboolean@@@Z 00415a10 f   inout.obj
 0001:00014bd0       ?xml_Point@@YAXPADQAMW4qboolean@@@Z 00415bd0 f   inout.obj
 0001:00014d10       ?xml_Winding@@YAXPADQAY02MHW4qboolean@@@Z 00415d10 f   inout.obj
 0001:00014e80       ?Broadcast_Setup@@YAXPBD@Z 00415e80 f   inout.obj
 0001:00014ed0       ?Broadcast_Shutdown@@YAXXZ 00415ed0 f   inout.obj
 0001:00014f00       ?FPrintf@@YAXHPAD@Z        00415f00 f   inout.obj
 0001:00014fa0       ?Sys_FPrintf@@YAXHPBDZZ    00415fa0 f   inout.obj
 0001:000150e0       ?Sys_Printf@@YAXPBDZZ      004160e0 f   inout.obj
 0001:00015170       ?Sys_Warning@@YAXHPBDZZ    00416170 f   inout.obj
 0001:000152a0       ?Sys_Warning@@YAXHHPBDZZ   004162a0 f   inout.obj
 0001:000152e0       ?Sys_Warning@@YAXQAY02MHPBDZZ 004162e0 f   inout.obj
 0001:00015330       ?Sys_Warning@@YAXPAUwinding_t@@PBDZZ 00416330 f   inout.obj
 0001:00015380       ?Sys_Warning@@YAXQAMPBDZZ  00416380 f   inout.obj
 0001:000153e0       ?Sys_Warning@@YAXPBDZZ     004163e0 f   inout.obj
 0001:000154d0       ?Sys_Error@@YAXHHPBDZZ     004164d0 f   inout.obj
 0001:00015510       ?Sys_Error@@YAXQAY02MHPBDZZ 00416510 f   inout.obj
 0001:00015560       ?Sys_Error@@YAXPBDZZ       00416560 f   inout.obj
 0001:00015640       ?Error@@YAXPBDZZ           00416640 f   inout.obj
 0001:000156e0       ?MD4Update@@YAXPAUMD4_CTX_s@@PAEI@Z 004166e0 f   md4.obj
 0001:00015780       ?MD4Final@@YAXQAEPAUMD4_CTX_s@@@Z 00416780 f   md4.obj
 0001:00015d10       ?AllocWinding@@YAPAUwinding_t@@H@Z 00416d10 f   polylib.obj
 0001:00015d80       ?FreeWinding@@YAXPAUwinding_t@@@Z 00416d80 f   polylib.obj
 0001:00015dc0       ?WindingPlane@@YAXPAUwinding_t@@QAMPAM@Z 00416dc0 f   polylib.obj
 0001:00015e30       ?WindingArea@@YAMPAUwinding_t@@@Z 00416e30 f   polylib.obj
 0001:00015ec0       ?WindingCenter@@YAXPAUwinding_t@@QAM@Z 00416ec0 f   polylib.obj
 0001:00015f20       ?BaseWindingForPlane@@YAPAUwinding_t@@QAMM@Z 00416f20 f   polylib.obj
 0001:00016270       ?ReverseWinding@@YAPAUwinding_t@@PAU1@@Z 00417270 f   polylib.obj
 0001:00016340       ?ClipWindingEpsilon@@YAXPAUwinding_t@@QAMMMPAPAU1@2@Z 00417340 f   polylib.obj
 0001:000166d0       ?ChopWindingInPlace@@YAXPAPAUwinding_t@@QAMMM@Z 004176d0 f   polylib.obj
 0001:000169e0       ?WindingOnPlaneSide@@YAHPAUwinding_t@@QAMM@Z 004179e0 f   polylib.obj
 0001:00016a90       ?AddWindingToConvexHull@@YAXPAUwinding_t@@PAPAU1@QAM@Z 00417a90 f   polylib.obj
 0001:00016f50       ?BaseDWindingForPlane@@YAPAUdwinding_t@@QAMMM@Z 00417f50 f   polylib.obj
 0001:000171f0       ?WindingFromDWinding@@YAPAUwinding_t@@PAUdwinding_t@@@Z 004181f0 f   polylib.obj
 0001:000172b0       ?ChopDWindingInPlace@@YAXPAPAUdwinding_t@@QAMMM@Z 004182b0 f   polylib.obj
 0001:000175d0       ?FixDWinding@@YA?AW4qboolean@@PAUdwinding_t@@@Z 004185d0 f   polylib.obj
 0001:000176d0       ?AddScriptToStack@@YAXPBDH@Z 004186d0 f   scriplib.obj
 0001:000177a0       ?ParseFromMemory@@YAXPADH@Z 004187a0 f   scriplib.obj
 0001:00017810       ?EndOfScript@@YA?AW4qboolean@@W41@@Z 00418810 f   scriplib.obj
 0001:000178e0       ?GetToken@@YA?AW4qboolean@@W41@@Z 004188e0 f   scriplib.obj
 0001:00017be0       ?TokenAvailable@@YA?AW4qboolean@@XZ 00418be0 f   scriplib.obj
 0001:00017c10       ?MatchToken@@YAXPAD@Z      00418c10 f   scriplib.obj
 0001:00017c70       ?Parse1DMatrix@@YAXHPAM@Z  00418c70 f   scriplib.obj
 0001:00017d50       ?Parse2DMatrix@@YAXHHPAM@Z 00418d50 f   scriplib.obj
 0001:00017e30       ?GetThreadWork@@YAHXZ      00418e30 f   threads.obj
 0001:00017f30       ?RunThreadsOnIndividualThread@@YAXH@Z 00418f30 f   threads.obj
 0001:00017f60       ?RunThreadsOnIndividual@@YAXHW4qboolean@@P6AXH@Z@Z 00418f60 f   threads.obj
 0001:00017fd0       ?RunThreadsOn@@YAXHW4qboolean@@P6AXH@Z@Z 00418fd0 f   threads.obj
 0001:00018050       ?RunSameThreadOn@@YAXHW4qboolean@@P6AXH@Z@Z 00419050 f   threads.obj
 0001:00018140       ?RunSameThreadOnIndividual@@YAXHW4qboolean@@P6AXH@Z@Z 00419140 f   threads.obj
 0001:00018250       ?_RunThreadsOn@@YAXHW4qboolean@@P6AXH@Z@Z 00419250 f   threads.obj
 0001:00018390       ?_ThreadMutexLock@@YAXPAUThreadMutex_s@@PADH@Z 00419390 f   threads.obj
 0001:000183f0       ?_ThreadMutexUnlock@@YAXPAUThreadMutex_s@@PADH@Z 004193f0 f   threads.obj
 0001:00018570       ?unzOpen@@YAPAXPBD@Z       00419570 f   unzip.obj
 0001:000189a0       ?unzGoToFirstFile@@YAHPAX@Z 004199a0 f   unzip.obj
 0001:000189e0       ?unzGoToNextFile@@YAHPAX@Z 004199e0 f   unzip.obj
 0001:00018bf0       ?unzOpenCurrentFile@@YAHPAX@Z 00419bf0 f   unzip.obj
 0001:00018d20       ?unzReadCurrentFile@@YAHPAX0I@Z 00419d20 f   unzip.obj
 0001:00018ec0       ?unzCloseCurrentFile@@YAHPAX@Z 00419ec0 f   unzip.obj
 0001:00018f30       ?crc32@@YAKKPBEI@Z         00419f30 f   unzip.obj
 0001:00019040       ?inflate_blocks_reset@@YAXPAUinflate_blocks_state@@PAUz_stream_s@@PAK@Z 0041a040 f   unzip.obj
 0001:000190b0       ?inflate_blocks_new@@YAPAUinflate_blocks_state@@PAUz_stream_s@@P6AKKPBEI@ZI@Z 0041a0b0 f   unzip.obj
 0001:00019150       ?inflate_blocks@@YAHPAUinflate_blocks_state@@PAUz_stream_s@@H@Z 0041a150 f   unzip.obj
 0001:00019bb0       ?inflate_blocks_free@@YAHPAUinflate_blocks_state@@PAUz_stream_s@@@Z 0041abb0 f   unzip.obj
 0001:00019c40       ?inflate_flush@@YAHPAUinflate_blocks_state@@PAUz_stream_s@@H@Z 0041ac40 f   unzip.obj
 0001:0001a1b0       ?inflate_trees_bits@@YAHPAI0PAPAUinflate_huft_s@@PAU1@PAUz_stream_s@@@Z 0041b1b0 f   unzip.obj
 0001:0001a250       ?inflate_trees_dynamic@@YAHIIPAI00PAPAUinflate_huft_s@@1PAU1@PAUz_stream_s@@@Z 0041b250 f   unzip.obj
 0001:0001a3d0       ?inflate_fast@@YAHIIPAUinflate_huft_s@@0PAUinflate_blocks_state@@PAUz_stream_s@@@Z 0041b3d0 f   unzip.obj
 0001:0001a710       ?inflate_codes_new@@YAPAUinflate_codes_state@@IIPAUinflate_huft_s@@0PAUz_stream_s@@@Z 0041b710 f   unzip.obj
 0001:0001a750       ?inflate_codes@@YAHPAUinflate_blocks_state@@PAUz_stream_s@@H@Z 0041b750 f   unzip.obj
 0001:0001adc0       ?adler32@@YAKKPBEI@Z       0041bdc0 f   unzip.obj
 0001:0001af00       ?inflateReset@@YAHPAUz_stream_s@@@Z 0041bf00 f   unzip.obj
 0001:0001af40       ?inflateEnd@@YAHPAUz_stream_s@@@Z 0041bf40 f   unzip.obj
 0001:0001af90       ?inflateInit2_@@YAHPAUz_stream_s@@HPBDH@Z 0041bf90 f   unzip.obj
 0001:0001b040       ?inflate@@YAHPAUz_stream_s@@H@Z 0041c040 f   unzip.obj
 0001:0001b3e0       ?zcalloc@@YAPAEPAEII@Z     0041c3e0 f   unzip.obj
 0001:0001b400       ?zcfree@@YAXPAE0@Z         0041c400 f   unzip.obj
 0001:0001b530       ?vfsInitDirectory@@YAXPBD@Z 0041c530 f   vfs.obj
 0001:0001b660       ?vfsGetFileCount@@YAHPBD@Z 0041c660 f   vfs.obj
 0001:0001b7b0       ?vfsLoadFile@@YAHPBDPAPAXH@Z 0041c7b0 f   vfs.obj
 0001:0001baf0       ?AllocSideRef@@YAPAUsideRef_s@@PAUside_s@@PAU1@@Z 0041caf0 f   brush.obj
 0001:0001bb10       ?FreeBrush@@YAXPAUbrush_s@@@Z 0041cb10 f   brush.obj
 0001:0001bbc0       ?CopyBrush@@YAPAUbrush_s@@PAU1@@Z 0041cbc0 f   brush.obj
 0001:0001bcb0       ?BoundBrush@@YA?AW4qboolean@@PAUbrush_s@@@Z 0041ccb0 f   brush.obj
 0001:0001bda0       ?CreateBrushWindings@@YA?AW4qboolean@@PAUbrush_s@@@Z 0041cda0 f   brush.obj
 0001:0001bed0       ?BrushVolume@@YAMPAUbrush_s@@@Z 0041ced0 f   brush.obj
 0001:0001bfa0       ?WriteBSPBrushMap@@YAXPADPAUbrush_s@@@Z 0041cfa0 f   brush.obj
 0001:0001c190       ?FilterBrushIntoTree_r@@YAHPAUbrush_s@@PAUnode_s@@@Z 0041d190 f   brush.obj
 0001:0001c230       ?FilterDetailBrushesIntoTree@@YAXPAUentity_t@@PAUtree_t@@@Z 0041d230 f   brush.obj
 0001:0001c2e0       ?FilterStructuralBrushesIntoTree@@YAXPAUentity_t@@PAUtree_t@@W4qboolean@@@Z 0041d2e0 f   brush.obj
 0001:0001c3c0       ?WindingIsTiny@@YA?AW4qboolean@@PAUwinding_t@@@Z 0041d3c0 f   brush.obj
 0001:0001c450       ?WindingIsHuge@@YA?AW4qboolean@@PAUwinding_t@@@Z 0041d450 f   brush.obj
 0001:0001c4c0       ?BrushMostlyOnSide@@YAHPAUbrush_s@@PAUplane_s@@@Z 0041d4c0 f   brush.obj
 0001:0001c6b0       ?SplitBrush@@YAXPAUbrush_s@@HPAPAU1@1@Z 0041d6b0 f   brush.obj
 0001:0001cd70       ?ComputeAxisBase@@YAXQAM00@Z 0041dd70 f   brush_primit.obj
 0001:0001ce10       ?SetCloneModelNumbers@@YAXXZ 0041de10 f   bsp.obj
 0001:0001d520       ?ProcessWorldModel@@YAXXZ  0041e520 f   bsp.obj
 0001:0001e070       ?ProcessSubModel@@YAXXZ    0041f070 f   bsp.obj
 0001:0001e240       ?ProcessModels@@YAXXZ      0041f240 f   bsp.obj
 0001:0001e3b0       ?RegionScissor@@YAXXZ      0041f3b0 f   bsp.obj
 0001:0001ef70       ?BSPMain@@YAHHPAPAD@Z      0041ff70 f   bsp.obj
 0001:00020db0       ?ProcessDecals@@YAXXZ      00421db0 f   decals.obj
 0001:00021e90       ?MakeEntityDecals@@YAXPAUentity_t@@@Z 00422e90 f   decals.obj
 0001:000220b0       ?NewNodesArray@@YAPAUdnode_s@@H@Z 004230b0 f   decorations.obj
 0001:00022100       ?FreeNode@@YAXPAUdnode_s@@@Z 00423100 f   decorations.obj
 0001:00022160       ?EntityArrayAdd@@YAXPAUdgroupents_s@@PAUentity_t@@@Z 00423160 f   decorations.obj
 0001:00022200       ?NewDecoreGroup@@YAPAUdgroup_s@@PADW4decoreMatchParm_t@@@Z 00423200 f   decorations.obj
 0001:00022330       ?PopulateDecoreGroup@@YA?AW4qboolean@@PAUentity_t@@W4decoreMatchParm_t@@PAD@Z 00423330 f   decorations.obj
 0001:00022450       ?DecoreParseParm@@YAPADPADH@Z 00423450 f   decorations.obj
 0001:000224b0       ?DecoreParseActions@@YAXPAUdactions_s@@@Z 004234b0 f   decorations.obj
 0001:000229f0       ?EntityPopulateDecorationGroups@@YAXH@Z 004239f0 f   decorations.obj
 0001:00022a50       ?LoadDecorationScript@@YAXXZ 00423a50 f   decorations.obj
 0001:00023290       ?EntityProcessActions@@YAXPAUentity_t@@PAUdactions_s@@@Z 00424290 f   decorations.obj
 0001:000233f0       ?CreateEntity@@YAPAUentity_t@@PAD@Z 004243f0 f   decorations.obj
 0001:00023470       ?LoadFoliage@@YAXPAD@Z     00424470 f   decorations.obj
 0001:00023530       ?LoadRtlights@@YAXXZ       00424530 f   decorations.obj
 0001:00023b70       ?ProcessDecorationGroup@@YAXH@Z 00424b70 f   decorations.obj
 0001:00024330       ?ProcessDecorations@@YAXXZ 00425330 f   decorations.obj
 0001:000246f0       ?BuildFaceTree_r@@YAXPAUnode_s@@PAUface_s@@@Z 004256f0 f   facebsp.obj
 0001:000249c0       ?FaceBSP@@YAPAUtree_t@@PAUface_s@@W4qboolean@@@Z 004259c0 f   facebsp.obj
 0001:00024b20       ?MakeStructuralBSPFaceList@@YAPAUface_s@@PAUbrush_s@@@Z 00425b20 f   facebsp.obj
 0001:00024c60       ?MakeVisibleBSPFaceList@@YAPAUface_s@@PAUbrush_s@@@Z 00425c60 f   facebsp.obj
 0001:00024da0       ?DrawSurfToMesh@@YAPAUmesh_t@@PAUmapDrawSurface_s@@@Z 00425da0 f   fog.obj
 0001:00024e00       ?SplitMeshByPlane@@YAXPAUmesh_t@@QAMMPAPAU1@2@Z 00425e00 f   fog.obj
 0001:000254d0       ?ChopPatchSurfaceByBrush@@YA?AW4qboolean@@PAUentity_t@@PAUmapDrawSurface_s@@PAUbrush_s@@@Z 004264d0 f   fog.obj
 0001:00025700       ?WindingFromDrawSurf@@YAPAUwinding_t@@PAUmapDrawSurface_s@@@Z 00426700 f   fog.obj
 0001:000258e0       ?ChopFaceSurfaceByBrush@@YA?AW4qboolean@@PAUentity_t@@PAUmapDrawSurface_s@@PAUbrush_s@@@Z 004268e0 f   fog.obj
 0001:00025b60       ?FogDrawSurfaces@@YAXPAUentity_t@@@Z 00426b60 f   fog.obj
 0001:00025d30       ?FogForBounds@@YAHQAM0M@Z  00426d30 f   fog.obj
 0001:00025e70       ?CreateMapFogs@@YAXXZ      00426e70 f   fog.obj
 0001:000260d0       ?LeakFile@@YAPAU_xmlNode@@PAUtree_t@@@Z 004270d0 f   leakfile.obj
 0001:00026310       ?CreateNewFloatPlane@@YAHQAMM@Z 00427310 f   map.obj
 0001:000264f0       ?SnapNormal@@YAXQAM@Z      004274f0 f   map.obj
 0001:00026560       ?FindFloatPlane@@YAHQAMMHPAY02M@Z 00427560 f   map.obj
 0001:000267a0       ?MapPlaneFromPoints@@YAHPAY02M@Z 004277a0 f   map.obj
 0001:00026850       ?SetBrushContents@@YAXPAUbrush_s@@@Z 00427850 f   map.obj
 0001:00026990       ?AddBrushBevels@@YAXXZ     00427990 f   map.obj
 0001:00027230       ?FinishBrush@@YAPAUbrush_s@@XZ 00428230 f   map.obj
 0001:000274a0       ?TextureAxisFromPlane@@YAXPAUplane_s@@QAM1@Z 004284a0 f   map.obj
 0001:00027620       ?QuakeTextureVecs@@YAXPAUplane_s@@QAMM1QAY03M@Z 00428620 f   map.obj
 0001:00027b80       ?RemoveDuplicateBrushPlanes@@YA?AW4qboolean@@PAUbrush_s@@@Z 00428b80 f   map.obj
 0001:00027db0       ?MoveBrushesToWorld@@YAXPAUentity_t@@@Z 00428db0 f   map.obj
 0001:00027eb0       ?AdjustBrushesForOrigin@@YAXPAUentity_t@@@Z 00428eb0 f   map.obj
 0001:00027fd0       ?SetEntityBounds@@YAXPAUentity_t@@@Z 00428fd0 f   map.obj
 0001:00028180       ?LoadEntityIndexMap@@YAXPAUentity_t@@@Z 00429180 f   map.obj
 0001:00028e00       ?LoadMapFile@@YAXPADW4qboolean@@111@Z 00429e00 f   map.obj
 0001:000291f0       ?CheckMapForErrors@@YAHXZ  0042a1f0 f   map.obj
 0001:00029e30       ?ParsePatch@@YAXW4qboolean@@@Z 0042ae30 f   patch.obj
 0001:0002a450       ?PatchMapDrawSurfs@@YAXPAUentity_t@@@Z 0042b450 f   patch.obj
 0001:0002a880       ?RemovePortalFromNode@@YAXPAUportal_s@@PAUnode_s@@@Z 0042b880 f   portals.obj
 0001:0002a8f0       ?MakeHeadnodePortals@@YAXPAUtree_t@@@Z 0042b8f0 f   portals.obj
 0001:0002aad0       ?BaseWindingForNode@@YAPAUwinding_t@@PAUnode_s@@@Z 0042bad0 f   portals.obj
 0001:0002abb0       ?MakeNodePortal@@YAXPAUnode_s@@@Z 0042bbb0 f   portals.obj
 0001:0002ad80       ?SplitNodePortals@@YAXPAUnode_s@@@Z 0042bd80 f   portals.obj
 0001:0002b240       ?CalcNodeBounds@@YAXPAUnode_s@@@Z 0042c240 f   portals.obj
 0001:0002b2b0       ?MakeTreePortals_r@@YAXPAUnode_s@@@Z 0042c2b0 f   portals.obj
 0001:0002b380       ?FloodPortals_r@@YAXPAUnode_s@@HW4qboolean@@@Z 0042c380 f   portals.obj
 0001:0002b3f0       ?PlaceOccupantTest@@YA?AW4qboolean@@PAUtree_t@@PAUnode_s@@QAM@Z 0042c3f0 f   portals.obj
 0001:0002b450       ?PlaceOccupant@@YA?AW4qboolean@@PAUnode_s@@QAMPAUentity_t@@W41@@Z 0042c450 f   portals.obj
 0001:0002b4c0       ?FloodEntities@@YA?AW4qboolean@@PAUtree_t@@W41@@Z 0042c4c0 f   portals.obj
 0001:0002bb10       ?FloodAreas_r@@YAXPAUnode_s@@@Z 0042cb10 f   portals.obj
 0001:0002bc10       ?FindAreas_r@@YAXPAUnode_s@@@Z 0042cc10 f   portals.obj
 0001:0002bc60       ?FloodSkyboxArea_r@@YAXPAUnode_s@@@Z 0042cc60 f   portals.obj
 0001:0002bcb0       ?FillOutside_r@@YAXPAUnode_s@@@Z 0042ccb0 f   portals.obj
 0001:0002bd00       ?WriteFloat@@YAXPAU_iobuf@@M@Z 0042cd00 f   prtfile.obj
 0001:0002bd80       ?WritePortalFile_r@@YAXPAUnode_s@@@Z 0042cd80 f   prtfile.obj
 0001:0002bf50       ?WriteFaceFile_r@@YAXPAUnode_s@@@Z 0042cf50 f   prtfile.obj
 0001:0002c130       ?NumberLeafs_r@@YAXPAUnode_s@@@Z 0042d130 f   prtfile.obj
 0001:0002c220       ?NumberClusters@@YAXPAUtree_t@@@Z 0042d220 f   prtfile.obj
 0001:0002c290       ?WritePortalFile@@YAXPAUtree_t@@@Z 0042d290 f   prtfile.obj
 0001:0002c380       ?AllocDrawSurface@@YAPAUmapDrawSurface_s@@W4surfaceType_t@@@Z 0042d380 f   surface.obj
 0001:0002c410       ?CloneSurface@@YAPAUmapDrawSurface_s@@PAU1@PAUshaderInfo_s@@@Z 0042d410 f   surface.obj
 0001:0002c4d0       ?MakeCelSurface@@YAPAUmapDrawSurface_s@@PAU1@PAUshaderInfo_s@@@Z 0042d4d0 f   surface.obj
 0001:0002c510       ?MakeSkyboxSurface@@YAPAUmapDrawSurface_s@@PAU1@@Z 0042d510 f   surface.obj
 0001:0002c570       ?IsTriangleDegenerate@@YA?AW4qboolean@@PAUbspDrawVert_t@@HHH@Z 0042d570 f   surface.obj
 0001:0002c610       ?ClearSurface@@YAXPAUmapDrawSurface_s@@@Z 0042d610 f   surface.obj
 0001:0002c660       ?TidyEntitySurfaces@@YAXPAUentity_t@@@Z 0042d660 f   surface.obj
 0001:0002c7a0       ?CalcSurfaceTextureRange@@YA?AW4qboolean@@PAUmapDrawSurface_s@@@Z 0042d7a0 f   surface.obj
 0001:0002c990       ?CalcLightmapAxis@@YA?AW4qboolean@@QAM0@Z 0042d990 f   surface.obj
 0001:0002cab0       ?ClassifySurfaces@@YAXHPAUmapDrawSurface_s@@@Z 0042dab0 f   surface.obj
 0001:0002cf10       ?ClassifyEntitySurfaces@@YAXPAUentity_t@@@Z 0042df10 f   surface.obj
 0001:0002cfd0       ?GetShaderIndexForPoint@@YAEPAUindexMap_s@@QAM11@Z 0042dfd0 f   surface.obj
 0001:0002d070       ?GetIndexedShader@@YAPAUshaderInfo_s@@PAU1@PAUindexMap_s@@HPAE@Z 0042e070 f   surface.obj
 0001:0002d290       ?DrawSurfaceForSide@@YAPAUmapDrawSurface_s@@PAUentity_t@@PAUbrush_s@@PAUside_s@@PAUwinding_t@@PAY02MPAHH@Z 0042e290 f   surface.obj
 0001:0002d840       ?DrawSurfaceForMesh@@YAPAUmapDrawSurface_s@@PAUentity_t@@PAUparseMesh_s@@PAUmesh_t@@@Z 0042e840 f   surface.obj
 0001:0002e0c0       ?DrawSurfaceForFlare@@YAPAUmapDrawSurface_s@@HQAM00PADH@Z 0042f0c0 f   surface.obj
 0001:0002e180       ?DrawSurfaceForShader@@YAPAUmapDrawSurface_s@@PAD@Z 0042f180 f   surface.obj
 0001:0002e4c0       ?SubdivideFaceSurfaces@@YAXPAUentity_t@@PAUtree_t@@@Z 0042f4c0 f   surface.obj
 0001:0002e700       ?ClipSideIntoTree_r@@YAXPAUwinding_t@@PAUside_s@@PAUnode_s@@@Z 0042f700 f   surface.obj
 0001:0002e7f0       ?SideInBrush@@YA?AW4qboolean@@PAUside_s@@PAUbrush_s@@@Z 0042f7f0 f   surface.obj
 0001:0002e8c0       ?CullSides@@YAXPAUentity_t@@@Z 0042f8c0 f   surface.obj
 0001:0002ece0       ?ClipSidesIntoTree@@YAXPAUentity_t@@PAUtree_t@@W4qboolean@@@Z 0042fce0 f   surface.obj
 0001:0002ef10       ?AddReferenceToLeaf@@YAHPAUmapDrawSurface_s@@PAUnode_s@@@Z 0042ff10 f   surface.obj
 0001:0002ef80       ?AddReferenceToTree_r@@YAHPAUmapDrawSurface_s@@PAUnode_s@@W4qboolean@@@Z 0042ff80 f   surface.obj
 0001:0002f020       ?FilterPointIntoTree_r@@YAHQAMPAUmapDrawSurface_s@@PAUnode_s@@@Z 00430020 f   surface.obj
 0001:0002f0c0       ?FilterWindingIntoTree_r@@YAHPAUwinding_t@@PAUmapDrawSurface_s@@PAUnode_s@@@Z 004300c0 f   surface.obj
 0001:0002fb40       ?EmitDrawVerts@@YAXPAUmapDrawSurface_s@@PAUbspDrawSurface_t@@H@Z 00430b40 f   surface.obj
 0001:0002fca0       ?FindDrawIndexes@@YAHHPAH@Z 00430ca0 f   surface.obj
 0001:0002fd90       ?EmitDrawIndexes@@YAXPAUmapDrawSurface_s@@PAUbspDrawSurface_t@@@Z 00430d90 f   surface.obj
 0001:0002ff30       ?EmitFlareSurface@@YAXPAUmapDrawSurface_s@@@Z 00430f30 f   surface.obj
 0001:00030020       ?EmitPatchSurface@@YAXPAUentity_t@@PAUmapDrawSurface_s@@@Z 00431020 f   surface.obj
 0001:00030c60       ?MakeFogHullSurfs@@YAXPAUentity_t@@PAUtree_t@@PAD@Z 00431c60 f   surface.obj
 0001:00030f80       ?BiasSurfaceTextures@@YAXPAUmapDrawSurface_s@@@Z 00431f80 f   surface.obj
 0001:00030fe0       ?AddSurfaceModelsToTriangle_r@@YAHPAUmapDrawSurface_s@@PAUsurfaceModel_s@@PAPAUbspDrawVert_t@@@Z 00431fe0 f   surface.obj
 0001:000314d0       ?AddSurfaceModels@@YAHPAUmapDrawSurface_s@@@Z 004324d0 f   surface.obj
 0001:00031aa0       ?AddEntitySurfaceModels@@YAXPAUentity_t@@@Z 00432aa0 f   surface.obj
 0001:00031d90       ?DeformVertexes@@YAXPAUmapDrawSurface_s@@M@Z 00432d90 f   surface.obj
 0001:00031de0       ?FixDrawsurfVertexAlpha@@YAXH@Z 00432de0 f   surface.obj
 0001:00032340       ?FixVertexAlpha@@YAXPAUentity_t@@W4qboolean@@@Z 00433340 f   surface.obj
 0001:000324d0       ?ApplyVertexMods@@YAXPAUentity_t@@W4qboolean@@@Z 004334d0 f   surface.obj
 0001:000326c0       ?FilterDrawsurfsIntoTree@@YAXPAUentity_t@@PAUtree_t@@W4qboolean@@@Z 004336c0 f   surface.obj
 0001:00032a80       ?EmitDrawsurfsSimpleStats@@YAXXZ 00433a80 f   surface.obj
 0001:00032e40       ?Foliage@@YAXPAUmapDrawSurface_s@@@Z 00433e40 f   surface_foliage.obj
 0001:00033290       ?Fur@@YAXPAUmapDrawSurface_s@@@Z 00434290 f   surface_fur.obj
 0001:00033560       ?FindMetaTriangle@@YAHPAUmetaTriangle_s@@PAUbspDrawVert_t@@11H@Z 00434560 f   surface_meta.obj
 0001:00033bb0       ?TriangulatePatchSurface@@YAXPAUentity_t@@PAUmapDrawSurface_s@@@Z 00434bb0 f   surface_meta.obj
 0001:00033e80       ?FanFaceSurface@@YAXPAUmapDrawSurface_s@@@Z 00434e80 f   surface_meta.obj
 0001:000340f0       ?StripFaceSurface@@YAXPAUmapDrawSurface_s@@W4qboolean@@@Z 004350f0 f   surface_meta.obj
 0001:000343c0       ?EmitMetaStats@@YAXXZ      004353c0 f   surface_meta.obj
 0001:00034460       ?MakeEntityMetaTriangles@@YAXPAUentity_t@@@Z 00435460 f   surface_meta.obj
 0001:00034670       ?MetaTriangleFindAreaWeight@@YAXH@Z 00435670 f   surface_meta.obj
 0001:00034bd0       ?SmoothMetaTriangles@@YAXXZ 00435bd0 f   surface_meta.obj
 0001:00035450       ?AddMetaVertToSurface@@YAHPAUmapDrawSurface_s@@PAUbspDrawVert_t@@PAH@Z 00436450 f   surface_meta.obj
 0001:00036550       ?GroupMetaTriangles@@YAXXZ 00437550 f   surface_meta.obj
 0001:00036990       ?MergeMetaTrianglesThread@@YAXH@Z 00437990 f   surface_meta.obj
 0001:00036a70       ?MergeMetaTriangles@@YAXXZ 00437a70 f   surface_meta.obj
 0001:00036c80       ?InsertPointOnEdge@@YAXQAMPAUedgeLine_s@@@Z 00437c80 f   tjunction.obj
 0001:00036d50       ?AddEdge@@YAHQAM0W4qboolean@@@Z 00437d50 f   tjunction.obj
 0001:00036fe0       ?AddSurfaceEdges@@YAXPAUmapDrawSurface_s@@@Z 00437fe0 f   tjunction.obj
 0001:00037040       ?ColinearEdge@@YA?AW4qboolean@@QAM00@Z 00438040 f   tjunction.obj
 0001:00037110       ?AddPatchEdges@@YAXPAUmapDrawSurface_s@@@Z 00438110 f   tjunction.obj
 0001:00037290       ?FixSurfaceJunctions@@YAXPAUmapDrawSurface_s@@@Z 00438290 f   tjunction.obj
 0001:00037680       ?FixBrokenSurface@@YA?AW4qboolean@@PAUmapDrawSurface_s@@@Z 00438680 f   tjunction.obj
 0001:00037920       ?EdgeCompare@@YAHPBX0@Z    00438920 f   tjunction.obj
 0001:00037940       ?FixTJunctions@@YAXPAUentity_t@@@Z 00438940 f   tjunction.obj
 0001:00037ba0       ?FreeTreePortals_r@@YAXPAUnode_s@@@Z 00438ba0 f   tree.obj
 0001:00037c50       ?FreeTree_r@@YAXPAUnode_s@@@Z 00438c50 f   tree.obj
 0001:00037cb0       ?EmitShader@@YAHPBDPAH1@Z  00438cb0 f   writebsp.obj
 0001:00037dc0       ?EmitPlanes@@YAXXZ         00438dc0 f   writebsp.obj
 0001:00037ed0       ?EmitLeaf@@YAXPAUnode_s@@@Z 00438ed0 f   writebsp.obj
 0001:00038010       ?EmitDrawNode_r@@YAHPAUnode_s@@@Z 00439010 f   writebsp.obj
 0001:00038120       ?SetModelNumbers@@YAXXZ    00439120 f   writebsp.obj
 0001:00038190       ?SetLightStyles@@YAXXZ     00439190 f   writebsp.obj
 0001:00038460       ?BeginBSPFile@@YAXXZ       00439460 f   writebsp.obj
 0001:000384c0       ?EndBSPFile@@YAXXZ         004394c0 f   writebsp.obj
 0001:00038530       ?EmitBrushes@@YAXPAUbrush_s@@PAH1@Z 00439530 f   writebsp.obj
 0001:00038670       ?EmitFogs@@YAXXZ           00439670 f   writebsp.obj
 0001:00038710       ?BeginModel@@YAXXZ         00439710 f   writebsp.obj
 0001:00038970       ?EndModel@@YAXPAUentity_t@@PAUnode_s@@@Z 00439970 f   writebsp.obj
 0001:00038e10       ?CreateEntityLights@@YAXXZ 00439e10 f   light.obj
 0001:000398d0       ?CreateSurfaceLights@@YAXXZ 0043a8d0 f   light.obj
 0001:00039b80       ?SetEntityOrigins@@YAXXZ   0043ab80 f   light.obj
 0001:00039d10       ?PointToPolygonFormFactor@@YAMQBM0PBUwinding_t@@@Z 0043ad10 f   light.obj
 0001:00039ed0       ?LightContribution@@YAHPAUtrace_t@@HW4qboolean@@@Z 0043aed0 f   light.obj
 0001:0003a5d0       ?LightContributionAllStyles@@YAXPAUtrace_t@@QAEQAY02MHW4qboolean@@@Z 0043b5d0 f   light.obj
 0001:0003a750       ?LightContributionSuper@@YAHPAUtrace_t@@HW4qboolean@@HQBM22QAM@Z 0043b750 f   light.obj
 0001:0003ac00       ?AllocateGridArea@@YAXQAM0@Z 0043bc00 f   light.obj
 0001:0003ac70       ?IlluminateGridPoint@@YAXPAUtrace_t@@HPAPAUrawLightmap_s@@H@Z 0043bc70 f   light.obj
 0001:0003bda0       ?IlluminateGridBlock@@YAXH@Z 0043cda0 f   light.obj
 0001:0003c460       ?FloodGridPoint@@YAXH@Z    0043d460 f   light.obj
 0001:0003c6f0       ?FinishIlluminateGrid@@YAXXZ 0043d6f0 f   light.obj
 0001:0003c800       ?IlluminateGrid@@YAXXZ     0043d800 f   light.obj
 0001:0003c850       ?IlluminateGridByLightmap@@YAXXZ 0043d850 f   light.obj
 0001:0003c8b0       ?SetupGrid@@YAXXZ          0043d8b0 f   light.obj
 0001:0003d090       ?SampleGrid@@YAXQAM000@Z   0043e090 f   light.obj
 0001:0003d450       ?LightWorld@@YAXPAD@Z      0043e450 f   light.obj
 0001:0003e6e0       ?LightMain@@YAHHPAPAD@Z    0043f6e0 f   light.obj
 0001:00041be0       ?RadFreeLights@@YAXXZ      00442be0 f   light_bounce.obj
 0001:00041fa0       ?RadSampleImage@@YA?AW4qboolean@@PAEHHQAM1@Z 00442fa0 f   light_bounce.obj
 0001:00042df0       ?RadLightForTriangles@@YAXHHPAUrawLightmap_s@@PAUshaderInfo_s@@MMPAUclipWork_t@@@Z 00443df0 f   light_bounce.obj
 0001:00042f10       ?RadLightForPatch@@YAXHHPAUrawLightmap_s@@PAUshaderInfo_s@@MMPAUclipWork_t@@@Z 00443f10 f   light_bounce.obj
 0001:00043300       ?RadLight@@YAXH@Z          00444300 f   light_bounce.obj
 0001:00043480       ?RadCreateDiffuseLights@@YAXXZ 00444480 f   light_bounce.obj
 0001:00043a90       ?ClipTraceWinding@@YAXPAUtraceWinding_s@@QAM00@Z 00444a90 f   light_trace.obj
 0001:000452a0       ?SetupTraceNodes@@YAXXZ    004462a0 f   light_trace.obj
 0001:00045470       ?TraceTriangle@@YA?AW4qboolean@@PAUtraceInfo_s@@PAUtraceTriangle_s@@PAUtrace_t@@@Z 00446470 f   light_trace.obj
 0001:00045cb0       ?TraceLine@@YAXPAUtrace_t@@@Z 00446cb0 f   light_trace.obj
 0001:00045e10       ?SetupTrace@@YAMPAUtrace_t@@@Z 00446e10 f   light_trace.obj
 0001:00045e60       ?ColorToBytesLinear@@YAXPBMPAEMW4qboolean@@@Z 00446e60 f   light_ydnar.obj
 0001:000460e0       ?ColorToBytesGamma@@YAXPBMPAEMW4qboolean@@@Z 004470e0 f   light_ydnar.obj
 0001:00046440       ?ColorToBytesLinearExposure@@YAXPBMPAEMW4qboolean@@@Z 00447440 f   light_ydnar.obj
 0001:000466e0       ?ColorToBytesGammaExposure@@YAXPBMPAEMW4qboolean@@@Z 004476e0 f   light_ydnar.obj
 0001:00046a50       ?ColorToBytesLinearCompensate@@YAXPBMPAEMW4qboolean@@@Z 00447a50 f   light_ydnar.obj
 0001:00046ce0       ?ColorToBytesGammaCompensate@@YAXPBMPAEMW4qboolean@@@Z 00447ce0 f   light_ydnar.obj
 0001:00047050       ?ColorToBytesLinearExposureCompensate@@YAXPBMPAEMW4qboolean@@@Z 00448050 f   light_ydnar.obj
 0001:00047300       ?ColorToBytesGammaExposureCompensate@@YAXPBMPAEMW4qboolean@@@Z 00448300 f   light_ydnar.obj
 0001:00047680       ?SmoothNormals@@YAXXZ      00448680 f   light_ydnar.obj
 0001:00049350       ?MapRawLightmap@@YAXH@Z    0044a350 f   light_ydnar.obj
 0001:00049e10       ?DirtModeName@@YAPADPAW4dirtMode_t@@@Z 0044ae10 f   light_ydnar.obj
 0001:00049e60       ?DirtFilterName@@YAPADPAW4dirtFilter_t@@@Z 0044ae60 f   light_ydnar.obj
 0001:00049e90       ?EnableDirtForEntity@@YAXH@Z 0044ae90 f   light_ydnar.obj
 0001:00049f20       ?SetupDirtForEntity@@YAXH@Z 0044af20 f   light_ydnar.obj
 0001:0004a540       ?SetupDirt@@YAXXZ          0044b540 f   light_ydnar.obj
 0001:0004a7d0       ?DirtForSample@@YAMPAUtrace_t@@@Z 0044b7d0 f   light_ydnar.obj
 0001:0004af70       ?DirtyRawLightmap@@YAXH@Z  0044bf70 f   light_ydnar.obj
 0001:0004b3d0       ?ApplyDirt@@YAXPAM000HMM@Z 0044c3d0 f   light_ydnar.obj
 0001:0004bc50       ?LightGridRawLightmap@@YAXH@Z 0044cc50 f   light_ydnar.obj
 0001:0004bed0       ?IlluminateRawLightmap@@YAXH@Z 0044ced0 f   light_ydnar.obj
 0001:0004ce90       ?FilterRawLightmap@@YAXH@Z 0044de90 f   light_ydnar.obj
 0001:0004d530       ?WriteRawLightmapsFile@@YAXPBD@Z 0044e530 f   light_ydnar.obj
 0001:0004de00       ?IlluminateVertexes@@YAXH@Z 0044ee00 f   light_ydnar.obj
 0001:0004ec30       ?SetupBrushes@@YAXXZ       0044fc30 f   light_ydnar.obj
 0001:0004ed60       ?ClusterVisible@@YA?AW4qboolean@@HH@Z 0044fd60 f   light_ydnar.obj
 0001:0004edc0       ?PointInLeafNum_r@@YAHQAMH@Z 0044fdc0 f   light_ydnar.obj
 0001:0004ee50       ?ClusterForPointExt@@YAHQAMM@Z 0044fe50 f   light_ydnar.obj
 0001:0004f070       ?ClusterForPointExtFilter@@YAHQAMMHPAH@Z 00450070 f   light_ydnar.obj
 0001:0004f0d0       ?SetupEnvelopes@@YAXW4qboolean@@0@Z 004500d0 f   light_ydnar.obj
 0001:0004f900       ?CreateTraceLightsForBounds@@YAXW4qboolean@@QAM11HPAHHPAUtrace_t@@@Z 00450900 f   light_ydnar.obj
 0001:0004fb70       ?CreateTraceLightsForSurface@@YAXHPAUtrace_t@@@Z 00450b70 f   light_ydnar.obj
 0001:0004fc60       ?SetupFloodLight@@YAXXZ    00450c60 f   light_ydnar.obj
 0001:0004ff60       ?WriteTGA24@@YAXPADPAEHHW4qboolean@@@Z 00450f60 f   lightmaps_ydnar.obj
 0001:00050090       ?ExportLightmaps@@YAXXZ    00451090 f   lightmaps_ydnar.obj
 0001:000501b0       ?ExportLightmapsMain@@YAHHPAPAD@Z 004511b0 f   lightmaps_ydnar.obj
 0001:00050250       ?ImportLightmapsMain@@YAHHPAPAD@Z 00451250 f   lightmaps_ydnar.obj
 0001:000505c0       ?FinishRawLightmap@@YAXH@Z 004515c0 f   lightmaps_ydnar.obj
 0001:00050bb0       ?AddPatchToRawLightmap@@YA?AW4qboolean@@HPAUrawLightmap_s@@@Z 00451bb0 f   lightmaps_ydnar.obj
 0001:00051010       ?AddSurfaceToRawLightmap@@YA?AW4qboolean@@HPAUrawLightmap_s@@@Z 00452010 f   lightmaps_ydnar.obj
 0001:00051990       ?SetupSurfaceLightmaps@@YAXXZ 00452990 f   lightmaps_ydnar.obj
 0001:000525f0       ?AllocateSurfaceLightmaps@@YAXXZ 004535f0 f   lightmaps_ydnar.obj
 0001:000527b0       ?AddStitchLuxels@@YAXHHHHPAH0H@Z 004537b0 f   lightmaps_ydnar.obj
 0001:00052980       ?StitchRawLightmap@@YAXH@Z 00453980 f   lightmaps_ydnar.obj
 0001:00053100       ?StitchLuxelsCompare@@YAHPBX0@Z 00454100 f   lightmaps_ydnar.obj
 0001:00053160       ?StitchRawLightmaps@@YAXXZ 00454160 f   lightmaps_ydnar.obj
 0001:00054e30       ?SubsamplePixelForFloodLightmapBorders_r@@YAHPAUoutLightmap_s@@HHHQAM1@Z 00455e30 f   lightmaps_ydnar.obj
 0001:00055760       ?FloodLightmapBorders@@YAXPAUoutLightmap_s@@@Z 00456760 f   lightmaps_ydnar.obj
 0001:00055ac0       ?StoreSurfaceLightmaps@@YAXXZ 00456ac0 f   lightmaps_ydnar.obj
 0001:00057d30       ?PlaneFromWinding@@YAXPAUfixedWinding_t@@PAUvisPlane_t@@@Z 00458d30 f   vis.obj
 0001:00057da0       ?NewFixedWinding@@YAPAUfixedWinding_t@@H@Z 00458da0 f   vis.obj
 0001:00057de0       ?PComp@@YAHPBX0@Z          00458de0 f   vis.obj
 0001:00057e10       ?SortPortals@@YAXXZ        00458e10 f   vis.obj
 0001:00057e60       ?LeafVectorFromPortalVector@@YAHPAE0@Z 00458e60 f   vis.obj
 0001:00057f40       ?ClusterMerge@@YAXH@Z      00458f40 f   vis.obj
 0001:000580c0       ?CalcPassageVis@@YAXXZ     004590c0 f   vis.obj
 0001:00058110       ?CalcPassagePortalVis@@YAXXZ 00459110 f   vis.obj
 0001:00058160       ?CalcFastVis@@YAXXZ        00459160 f   vis.obj
 0001:000581a0       ?CalcVis@@YAXXZ            004591a0 f   vis.obj
 0001:00058350       ?SetPortalSphere@@YAXPAUvportal_t@@@Z 00459350 f   vis.obj
 0001:00058490       ?Winding_PlanesConcave@@YAHPAUfixedWinding_t@@0QAM1MM@Z 00459490 f   vis.obj
 0001:00058540       ?TryMergeLeaves@@YAHHH@Z   00459540 f   vis.obj
 0001:000587b0       ?UpdatePortals@@YAXXZ      004597b0 f   vis.obj
 0001:00058820       ?MergeLeaves@@YAXXZ        00459820 f   vis.obj
 0001:000588d0       ?TryMergeWinding@@YAPAUfixedWinding_t@@PAU1@0QAM@Z 004598d0 f   vis.obj
 0001:00058cb0       ?MergeLeafPortals@@YAXXZ   00459cb0 f   vis.obj
 0001:00058e20       ?CountActivePortals@@YAHXZ 00459e20 f   vis.obj
 0001:00058e80       ?LoadPortals@@YAXPAD@Z     00459e80 f   vis.obj
 0001:000595d0       ?VisMain@@YAHHPAPAD@Z      0045a5d0 f   vis.obj
 0001:00059be0       ?FreeStackWinding@@YAXPAUfixedWinding_t@@PAUpstack_s@@@Z 0045abe0 f   visflow.obj
 0001:00059c30       ?VisChopWinding@@YAPAUfixedWinding_t@@PAU1@PAUpstack_s@@PAUvisPlane_t@@@Z 0045ac30 f   visflow.obj
 0001:0005a020       ?ClipToSeperators@@YAPAUfixedWinding_t@@PAU1@00W4qboolean@@PAUpstack_s@@@Z 0045b020 f   visflow.obj
 0001:0005a4d0       ?RecursiveLeafFlow@@YAXHPAUthreaddata_t@@PAUpstack_s@@@Z 0045b4d0 f   visflow.obj
 0001:0005a920       ?PortalFlow@@YAXH@Z        0045b920 f   visflow.obj
 0001:0005aa90       ?RecursivePassageFlow@@YAXPAUvportal_t@@PAUthreaddata_t@@PAUpstack_s@@@Z 0045ba90 f   visflow.obj
 0001:0005ac30       ?PassageFlow@@YAXH@Z       0045bc30 f   visflow.obj
 0001:0005ad00       ?RecursivePassagePortalFlow@@YAXPAUvportal_t@@PAUthreaddata_t@@PAUpstack_s@@@Z 0045bd00 f   visflow.obj
 0001:0005b1a0       ?PassagePortalFlow@@YAXH@Z 0045c1a0 f   visflow.obj
 0001:0005b270       ?PassageChopWinding@@YAPAUfixedWinding_t@@PAU1@0PAUvisPlane_t@@@Z 0045c270 f   visflow.obj
 0001:0005b500       ?AddSeperators@@YAHPAUfixedWinding_t@@0W4qboolean@@PAUvisPlane_t@@H@Z 0045c500 f   visflow.obj
 0001:0005b910       ?CreatePassages@@YAXH@Z    0045c910 f   visflow.obj
 0001:0005bd10       ?PassageMemory@@YAXXZ      0045cd10 f   visflow.obj
 0001:0005bda0       ?SimpleFlood@@YAXPAUvportal_t@@H@Z 0045cda0 f   visflow.obj
 0001:0005be70       ?BasePortalVis@@YAXH@Z     0045ce70 f   visflow.obj
 0001:0005c220       ?FindVertexInCollapsedMesh@@YAHH@Z 0045d220 f   convert_ase.obj
 0001:0005d090       ?ConvertBSPToASE@@YAHPADH@Z 0045e090 f   convert_ase.obj
 0001:0005d960       ?ConvertBSPToMap@@YAHPADH@Z 0045e960 f   convert_map.obj
 0001:0005dbc0       _g_free                    0045ebc0 f   glib-2.0:libglib-2.0-0.dll
 0001:0005dbc6       _g_locale_to_utf8          0045ebc6 f   glib-2.0:libglib-2.0-0.dll
 0001:0005dbcc       _g_strdup                  0045ebcc f   glib-2.0:libglib-2.0-0.dll
 0001:0005dbd2       _g_strdown                 0045ebd2 f   glib-2.0:libglib-2.0-0.dll
 0001:0005dbd8       _g_dir_read_name_utf8      0045ebd8 f   glib-2.0:libglib-2.0-0.dll
 0001:0005dbde       _g_dir_open_utf8           0045ebde f   glib-2.0:libglib-2.0-0.dll
 0001:0005dbe4       _g_dir_close               0045ebe4 f   glib-2.0:libglib-2.0-0.dll
 0001:0005dbea       _g_slist_append            0045ebea f   glib-2.0:libglib-2.0-0.dll
 0001:0005dbf0       _xmlNodeSetContent         0045ebf0 f   libxml2:libxml2.dll
 0001:0005dbf6       _xmlBufferFree             0045ebf6 f   libxml2:libxml2.dll
 0001:0005dbfc       _xmlNodeDump               0045ebfc f   libxml2:libxml2.dll
 0001:0005dc02       _xmlBufferCreate           0045ec02 f   libxml2:libxml2.dll
 0001:0005dc08       _xmlNewNode                0045ec08 f   libxml2:libxml2.dll
 0001:0005dc0e       _xmlAddChild               0045ec0e f   libxml2:libxml2.dll
 0001:0005dc14       _xmlNewDoc                 0045ec14 f   libxml2:libxml2.dll
 0001:0005dc1a       _xmlSetProp                0045ec1a f   libxml2:libxml2.dll
 0001:0005dc20       _xmlNewDocRawNode          0045ec20 f   libxml2:libxml2.dll
 0001:0005dc26       _png_get_IHDR              0045ec26 f   libpng:libpng13.dll
 0001:0005dc2c       _png_read_image            0045ec2c f   libpng:libpng13.dll
 0001:0005dc32       _png_write_info            0045ec32 f   libpng:libpng13.dll
 0001:0005dc38       _png_destroy_write_struct  0045ec38 f   libpng:libpng13.dll
 0001:0005dc3e       _png_set_expand            0045ec3e f   libpng:libpng13.dll
 0001:0005dc44       _png_set_write_fn          0045ec44 f   libpng:libpng13.dll
 0001:0005dc4a       _png_read_info             0045ec4a f   libpng:libpng13.dll
 0001:0005dc50       _png_set_iCCP              0045ec50 f   libpng:libpng13.dll
 0001:0005dc56       _png_set_strip_16          0045ec56 f   libpng:libpng13.dll
 0001:0005dc5c       _png_set_packing           0045ec5c f   libpng:libpng13.dll
 0001:0005dc62       _png_sig_cmp               0045ec62 f   libpng:libpng13.dll
 0001:0005dc68       _png_create_read_struct    0045ec68 f   libpng:libpng13.dll
 0001:0005dc6e       _png_write_end             0045ec6e f   libpng:libpng13.dll
 0001:0005dc74       _png_get_io_ptr            0045ec74 f   libpng:libpng13.dll
 0001:0005dc7a       _png_create_info_struct    0045ec7a f   libpng:libpng13.dll
 0001:0005dc80       _png_set_read_fn           0045ec80 f   libpng:libpng13.dll
 0001:0005dc86       _png_write_row             0045ec86 f   libpng:libpng13.dll
 0001:0005dc8c       _png_get_valid             0045ec8c f   libpng:libpng13.dll
 0001:0005dc92       _png_set_sRGB              0045ec92 f   libpng:libpng13.dll
 0001:0005dc98       _png_create_write_struct   0045ec98 f   libpng:libpng13.dll
 0001:0005dc9e       _png_set_filler            0045ec9e f   libpng:libpng13.dll
 0001:0005dca4       _png_set_filter            0045eca4 f   libpng:libpng13.dll
 0001:0005dcaa       _png_set_IHDR              0045ecaa f   libpng:libpng13.dll
 0001:0005dcb0       _png_set_interlace_handling 0045ecb0 f   libpng:libpng13.dll
 0001:0005dcb6       _png_get_channels          0045ecb6 f   libpng:libpng13.dll
 0001:0005dcbc       _png_set_compression_level 0045ecbc f   libpng:libpng13.dll
 0001:0005dcc2       _png_destroy_read_struct   0045ecc2 f   libpng:libpng13.dll
 0001:0005dcd0       _PicoInit                  0045ecd0 f   picomodel:picomodel.obj
 0001:0005dce0       _PicoSetMallocFunc         0045ece0 f   picomodel:picomodel.obj
 0001:0005dcf0       _PicoSetFreeFunc           0045ecf0 f   picomodel:picomodel.obj
 0001:0005dd00       _PicoSetLoadFileFunc       0045ed00 f   picomodel:picomodel.obj
 0001:0005dd10       _PicoSetFreeFileFunc       0045ed10 f   picomodel:picomodel.obj
 0001:0005dd20       _PicoSetPrintFunc          0045ed20 f   picomodel:picomodel.obj
 0001:0005dd30       _PicoNewModel              0045ed30 f   picomodel:picomodel.obj
 0001:0005dd70       _PicoAdjustModel           0045ed70 f   picomodel:picomodel.obj
 0001:0005de80       _PicoNewShader             0045ee80 f   picomodel:picomodel.obj
 0001:0005df40       _PicoFreeShader            0045ef40 f   picomodel:picomodel.obj
 0001:0005df80       _PicoFindShader            0045ef80 f   picomodel:picomodel.obj
 0001:0005e030       _PicoFreeSurface           0045f030 f   picomodel:picomodel.obj
 0001:0005e0e0       _PicoAdjustSurface         0045f0e0 f   picomodel:picomodel.obj
 0001:0005e3e0       _PicoNewSkin               0045f3e0 f   picomodel:picomodel.obj
 0001:0005e440       _PicoAdjustSkin            0045f440 f   picomodel:picomodel.obj
 0001:0005e4a0       _PicoNewSkinItem           0045f4a0 f   picomodel:picomodel.obj
 0001:0005e4f0       _PicoFreeSkinItem          0045f4f0 f   picomodel:picomodel.obj
 0001:0005e530       _PicoSetSkinItemReplacement 0045f530 f   picomodel:picomodel.obj
 0001:0005e530       _PicoSetModelName          0045f530 f   picomodel:picomodel.obj
 0001:0005e530       _PicoSetShaderName         0045f530 f   picomodel:picomodel.obj
 0001:0005e570       _PicoSetModelFileName      0045f570 f   picomodel:picomodel.obj
 0001:0005e570       _PicoSetShaderMapName      0045f570 f   picomodel:picomodel.obj
 0001:0005e5b0       _PicoSetModelFrameNum      0045f5b0 f   picomodel:picomodel.obj
 0001:0005e5c0       _PicoSetShaderAmbientColor 0045f5c0 f   picomodel:picomodel.obj
 0001:0005e5f0       _PicoSetShaderDiffuseColor 0045f5f0 f   picomodel:picomodel.obj
 0001:0005e620       _PicoSetShaderSpecularColor 0045f620 f   picomodel:picomodel.obj
 0001:0005e650       _PicoSetShaderTransparency 0045f650 f   picomodel:picomodel.obj
 0001:0005e690       _PicoSetShaderShininess    0045f690 f   picomodel:picomodel.obj
 0001:0005e6d0       _PicoSetSurfaceType        0045f6d0 f   picomodel:picomodel.obj
 0001:0005e6e0       _PicoSetSurfaceName        0045f6e0 f   picomodel:picomodel.obj
 0001:0005e720       _PicoSetSurfaceShader      0045f720 f   picomodel:picomodel.obj
 0001:0005e720       _PicoSetModelNumFrames     0045f720 f   picomodel:picomodel.obj
 0001:0005e730       _PicoSetSurfaceXYZ         0045f730 f   picomodel:picomodel.obj
 0001:0005e7a0       _PicoSetSurfaceNormal      0045f7a0 f   picomodel:picomodel.obj
 0001:0005e7f0       _PicoSetSurfaceST          0045f7f0 f   picomodel:picomodel.obj
 0001:0005e850       _PicoSetSurfaceColor       0045f850 f   picomodel:picomodel.obj
 0001:0005e8d0       _PicoSetSurfaceIndex       0045f8d0 f   picomodel:picomodel.obj
 0001:0005e910       _PicoSetSurfaceSmoothingGroup 0045f910 f   picomodel:picomodel.obj
 0001:0005e950       _PicoSetSkinNum            0045f950 f   picomodel:picomodel.obj
 0001:0005e960       _PicoSetSkinItemObject     0045f960 f   picomodel:picomodel.obj
 0001:0005e990       _PicoGetModelName          0045f990 f   picomodel:picomodel.obj
 0001:0005e9b0       _PicoGetModelFileName      0045f9b0 f   picomodel:picomodel.obj
 0001:0005e9b0       _PicoGetShaderMapName      0045f9b0 f   picomodel:picomodel.obj
 0001:0005e9d0       _PicoGetModelFrameNum      0045f9d0 f   picomodel:picomodel.obj
 0001:0005e9e0       _PicoGetModelShader        0045f9e0 f   picomodel:picomodel.obj
 0001:0005ea10       _PicoGetModelNumSurfaces   0045fa10 f   picomodel:picomodel.obj
 0001:0005ea20       _PicoGetModelSurface       0045fa20 f   picomodel:picomodel.obj
 0001:0005ea50       _PicoGetSurfaceType        0045fa50 f   picomodel:picomodel.obj
 0001:0005ea60       _PicoGetSurfaceNumVertexes 0045fa60 f   picomodel:picomodel.obj
 0001:0005ea70       _PicoGetSurfaceXYZ         0045fa70 f   picomodel:picomodel.obj
 0001:0005eaa0       _PicoGetSurfaceNormal      0045faa0 f   picomodel:picomodel.obj
 0001:0005ead0       _PicoGetSurfaceST          0045fad0 f   picomodel:picomodel.obj
 0001:0005eb00       _PicoGetSurfaceColor       0045fb00 f   picomodel:picomodel.obj
 0001:0005eb30       _PicoGetSurfaceNumIndexes  0045fb30 f   picomodel:picomodel.obj
 0001:0005eb40       _PicoGetSurfaceIndexes     0045fb40 f   picomodel:picomodel.obj
 0001:0005eb60       _PicoGetSurfaceShaderNameForSkin 0045fb60 f   picomodel:picomodel.obj
 0001:0005ec30       _PicoVertexCoordGenerateHash 0045fc30 f   picomodel:picomodel.obj
 0001:0005ecd0       _PicoNewVertexCombinationHashTable 0045fcd0 f   picomodel:picomodel.obj
 0001:0005ed00       _PicoFreeVertexCombinationHashTable 0045fd00 f   picomodel:picomodel.obj
 0001:0005ed60       _PicoFindVertexCombinationInHashTable 0045fd60 f   picomodel:picomodel.obj
 0001:0005ee80       _PicoAddVertexCombinationToHashTable 0045fe80 f   picomodel:picomodel.obj
 0001:0005ef30       _PicoFindSurfaceVertexNum  0045ff30 f   picomodel:picomodel.obj
 0001:0005f210       _indexarray_push_back      00460210 f   picomodel:picomodel.obj
 0001:0005f230       _indexarray_reserve        00460230 f   picomodel:picomodel.obj
 0001:0005f250       _binarytree_extend         00460250 f   picomodel:picomodel.obj
 0001:0005f270       _binarytree_size           00460270 f   picomodel:picomodel.obj
 0001:0005f280       _binarytree_reserve        00460280 f   picomodel:picomodel.obj
 0001:0005f2a0       _binarytree_clear          004602a0 f   picomodel:picomodel.obj
 0001:0005f2a0       _indexarray_clear          004602a0 f   picomodel:picomodel.obj
 0001:0005f2b0       _UniqueIndices_size        004602b0 f   picomodel:picomodel.obj
 0001:0005f2c0       _UniqueIndices_reserve     004602c0 f   picomodel:picomodel.obj
 0001:0005f2f0       _UniqueIndices_init        004602f0 f   picomodel:picomodel.obj
 0001:0005f310       _UniqueIndices_destroy     00460310 f   picomodel:picomodel.obj
 0001:0005f330       _UniqueIndices_find_or_insert 00460330 f   picomodel:picomodel.obj
 0001:0005f3e0       _UniqueIndices_insert      004603e0 f   picomodel:picomodel.obj
 0001:0005f420       _lessSmoothVertex          00460420 f   picomodel:picomodel.obj
 0001:0005f4b0       __pico_vertices_combine_shared_normals 004604b0 f   picomodel:picomodel.obj
 0001:0005f5d0       __pico_triangles_generate_weighted_normals 004605d0 f   picomodel:picomodel.obj
 0001:0005f680       __pico_normals_zero        00460680 f   picomodel:picomodel.obj
 0001:0005f6b0       __pico_normals_normalize   004606b0 f   picomodel:picomodel.obj
 0001:0005f6e0       __pico_length_vec          004606e0 f   picomodel:picomodel.obj
 0001:0005f700       __pico_normal_is_unit_length 00460700 f   picomodel:picomodel.obj
 0001:0005f730       __pico_normal_within_tolerance 00460730 f   picomodel:picomodel.obj
 0001:0005f760       __pico_normals_assign_generated_normals 00460760 f   picomodel:picomodel.obj
 0001:0005f7b0       _PicoFixSurfaceNormals     004607b0 f   picomodel:picomodel.obj
 0001:0005f830       _PicoRemapModel            00460830 f   picomodel:picomodel.obj
 0001:0005fed0       _PicoParseToken            00460ed0 f   picomodel:picomodel.obj
 0001:00060120       _PicoLoadSkinFiles         00461120 f   picomodel:picomodel.obj
 0001:00060420       _PicoModuleLoadModel       00461420 f   picomodel:picomodel.obj
 0001:00060500       _PicoLoadModel             00461500 f   picomodel:picomodel.obj
 0001:000605f0       _PicoNewSurface            004615f0 f   picomodel:picomodel.obj
 0001:00060680       _PicoFreeSkin              00461680 f   picomodel:picomodel.obj
 0001:000606c0       _PicoAddTriangleToModel    004616c0 f   picomodel:picomodel.obj
 0001:000608b0       _PicoFreeModel             004618b0 f   picomodel:picomodel.obj
 0001:00060960       __pico_alloc               00461960 f   picomodel:picointernal.obj
 0001:000609a0       __pico_calloc              004619a0 f   picomodel:picointernal.obj
 0001:000609f0       __pico_clone_alloc         004619f0 f   picomodel:picointernal.obj
 0001:00060a30       __pico_free                00461a30 f   picomodel:picointernal.obj
 0001:00060a50       __pico_load_file           00461a50 f   picomodel:picointernal.obj
 0001:00060a80       __pico_free_file           00461a80 f   picomodel:picointernal.obj
 0001:00060aa0       __pico_printf              00461aa0 f   picomodel:picointernal.obj
 0001:00060b20       __pico_first_token         00461b20 f   picomodel:picointernal.obj
 0001:00060b50       __pico_strltrim            00461b50 f   picomodel:picointernal.obj
 0001:00060bb0       __pico_strrtrim            00461bb0 f   picomodel:picointernal.obj
 0001:00060c30       __pico_strlwr              00461c30 f   picomodel:picointernal.obj
 0001:00060c60       __pico_strchcount          00461c60 f   picomodel:picointernal.obj
 0001:00060c90       __pico_zero_bounds         00461c90 f   picomodel:picointernal.obj
 0001:00060cc0       __pico_expand_bounds       00461cc0 f   picomodel:picointernal.obj
 0001:00060d30       __pico_zero_vec            00461d30 f   picomodel:picointernal.obj
 0001:00060d40       __pico_zero_vec2           00461d40 f   picomodel:picointernal.obj
 0001:00060d50       __pico_set_vec             00461d50 f   picomodel:picointernal.obj
 0001:00060d70       __pico_copy_vec            00461d70 f   picomodel:picointernal.obj
 0001:00060d90       __pico_copy_vec2           00461d90 f   picomodel:picointernal.obj
 0001:00060db0       __pico_normalize_vec       00461db0 f   picomodel:picointernal.obj
 0001:00060e00       __pico_add_vec             00461e00 f   picomodel:picointernal.obj
 0001:00060e30       __pico_subtract_vec        00461e30 f   picomodel:picointernal.obj
 0001:00060e60       __pico_scale_vec           00461e60 f   picomodel:picointernal.obj
 0001:00060e90       _cross                     00461e90 f   picomodel:vecmath.obj
 0001:00060e90       __pico_cross_vec           00461e90 f   picomodel:picointernal.obj
 0001:00060ed0       __pico_set_color           00461ed0 f   picomodel:picointernal.obj
 0001:00060ef0       __pico_copy_color          00461ef0 f   picomodel:picointernal.obj
 0001:00060f20       __pico_little_short        00461f20 f   picomodel:picointernal.obj
 0001:00060f20       _DDSLittleShort            00461f20 f   ddslib:ddslib.obj
 0001:00060f30       __pico_little_float        00461f30 f   picomodel:picointernal.obj
 0001:00060f40       __pico_stristr             00461f40 f   picomodel:picointernal.obj
 0001:00060fa0       __pico_unixify             00461fa0 f   picomodel:picointernal.obj
 0001:00060fc0       __pico_nopath              00461fc0 f   picomodel:picointernal.obj
 0001:00061040       __pico_setfext             00462040 f   picomodel:picointernal.obj
 0001:00061100       __pico_new_parser          00462100 f   picomodel:picointernal.obj
 0001:00061190       __pico_free_parser         00462190 f   picomodel:picointernal.obj
 0001:000611c0       __pico_parse_ex            004621c0 f   picomodel:picointernal.obj
 0001:00061300       __pico_parse_first         00462300 f   picomodel:picointernal.obj
 0001:00061330       __pico_parse               00462330 f   picomodel:picointernal.obj
 0001:00061360       __pico_parse_skip_rest     00462360 f   picomodel:picointernal.obj
 0001:00061380       __pico_parse_skip_braced   00462380 f   picomodel:picointernal.obj
 0001:000613f0       __pico_parse_check         004623f0 f   picomodel:picointernal.obj
 0001:00061450       __pico_parse_int           00462450 f   picomodel:picointernal.obj
 0001:00061490       __pico_parse_float         00462490 f   picomodel:picointernal.obj
 0001:000614d0       __pico_parse_vec           004624d0 f   picomodel:picointernal.obj
 0001:00061530       __pico_parse_vec2          00462530 f   picomodel:picointernal.obj
 0001:00061590       __pico_new_memstream       00462590 f   picomodel:picointernal.obj
 0001:000615d0       __pico_free_memstream      004625d0 f   picomodel:picointernal.obj
 0001:000615f0       __pico_memstream_read      004625f0 f   picomodel:picointernal.obj
 0001:00061660       __pico_memstream_getc      00462660 f   picomodel:picointernal.obj
 0001:00061690       __pico_memstream_seek      00462690 f   picomodel:picointernal.obj
 0001:00061720       __pico_memstream_tell      00462720 f   picomodel:picointernal.obj
 0001:00061740       __pico_realloc             00462740 f   picomodel:picointernal.obj
 0001:000617b0       _PicoModuleList            004627b0 f   picomodel:picomodules.obj
 0001:000621a0       __terrain_load_tga_buffer  004631a0 f   picomodel:pm_terrain.obj
 0001:00065b30       __ase_get_submaterial_or_default 00466b30 f   picomodel:pm_ase.obj
 0001:000683d0       _lwFreeLayer               004693d0 f   picomodel:lwo2.obj
 0001:00068420       _lwFreeObject              00469420 f   picomodel:lwo2.obj
 0001:00068480       _lwGetObject               00469480 f   picomodel:lwo2.obj
 0001:00068950       _lwValidateObject          00469950 f   picomodel:lwo2.obj
 0001:000689f0       _lwListFree                004699f0 f   picomodel:list.obj
 0001:00068a20       _lwListAdd                 00469a20 f   picomodel:list.obj
 0001:00068a50       _lwListInsert              00469a50 f   picomodel:list.obj
 0001:00068ac0       _lwFreeVMap                00469ac0 f   picomodel:vmap.obj
 0001:00068b30       _lwGetVMap                 00469b30 f   picomodel:vmap.obj
 0001:00068d20       _lwGetPointVMaps           00469d20 f   picomodel:vmap.obj
 0001:00068e20       _lwGetPolyVMaps            00469e20 f   picomodel:vmap.obj
 0001:00068f70       _lwFreePoints              00469f70 f   picomodel:pntspols.obj
 0001:00068fe0       _lwFreePolygons            00469fe0 f   picomodel:pntspols.obj
 0001:00069090       _lwGetPoints               0046a090 f   picomodel:pntspols.obj
 0001:00069240       _lwGetBoundingBox          0046a240 f   picomodel:pntspols.obj
 0001:00069350       _lwAllocPolygons           0046a350 f   picomodel:pntspols.obj
 0001:00069450       _lwGetPolygons             0046a450 f   picomodel:pntspols.obj
 0001:000695e0       _lwGetPolyNormals          0046a5e0 f   picomodel:pntspols.obj
 0001:000696f0       _lwGetPointPolygons        0046a6f0 f   picomodel:pntspols.obj
 0001:00069840       _lwResolvePolySurfaces     0046a840 f   picomodel:pntspols.obj
 0001:000699b0       _lwGetVertNormals          0046a9b0 f   picomodel:pntspols.obj
 0001:00069b80       _lwFreeTags                0046ab80 f   picomodel:pntspols.obj
 0001:00069bd0       _lwGetTags                 0046abd0 f   picomodel:pntspols.obj
 0001:00069ce0       _lwGetPolygonTags          0046ace0 f   picomodel:pntspols.obj
 0001:00069dc0       _lwFreePlugin              0046adc0 f   picomodel:surface.obj
 0001:00069e10       _lwFreeTexture             0046ae10 f   picomodel:surface.obj
 0001:00069ea0       _lwFreeSurface             0046aea0 f   picomodel:surface.obj
 0001:00069f90       _lwGetTHeader              0046af90 f   picomodel:surface.obj
 0001:0006a0e0       _lwGetTMap                 0046b0e0 f   picomodel:surface.obj
 0001:0006a2c0       _lwGetImageMap             0046b2c0 f   picomodel:surface.obj
 0001:0006a500       _lwGetProcedural           0046b500 f   picomodel:surface.obj
 0001:0006a670       _lwGetGradient             0046b670 f   picomodel:surface.obj
 0001:0006a8e0       _lwGetTexture              0046b8e0 f   picomodel:surface.obj
 0001:0006a9e0       _lwGetShader               0046b9e0 f   picomodel:surface.obj
 0001:0006ac60       _lwDefaultSurface          0046bc60 f   picomodel:surface.obj
 0001:0006acb0       _lwGetSurface              0046bcb0 f   picomodel:surface.obj
 0001:0006b240       _lwFreeClip                0046c240 f   picomodel:clip.obj
 0001:0006b330       _lwGetClip                 0046c330 f   picomodel:clip.obj
 0001:0006b730       _lwFreeEnvelope            0046c730 f   picomodel:envelope.obj
 0001:0006b7b0       _lwGetEnvelope             0046c7b0 f   picomodel:envelope.obj
 0001:0006ba80       _set_flen                  0046ca80 f   picomodel:lwio.obj
 0001:0006ba90       _get_flen                  0046ca90 f   picomodel:lwio.obj
 0001:0006baa0       _revbytes                  0046caa0 f   picomodel:lwio.obj
 0001:0006bb10       _getbytes                  0046cb10 f   picomodel:lwio.obj
 0001:0006bb80       _getI4                     0046cb80 f   picomodel:lwio.obj
 0001:0006bb80       _getU4                     0046cb80 f   picomodel:lwio.obj
 0001:0006bbe0       _getU1                     0046cbe0 f   picomodel:lwio.obj
 0001:0006bc20       _getU2                     0046cc20 f   picomodel:lwio.obj
 0001:0006bc20       _getI2                     0046cc20 f   picomodel:lwio.obj
 0001:0006bc80       _getVX                     0046cc80 f   picomodel:lwio.obj
 0001:0006bd00       _getF4                     0046cd00 f   picomodel:lwio.obj
 0001:0006bd60       _getS0                     0046cd60 f   picomodel:lwio.obj
 0001:0006be40       _sgetI2                    0046ce40 f   picomodel:lwio.obj
 0001:0006be90       _sgetU2                    0046ce90 f   picomodel:lwio.obj
 0001:0006bed0       _sgetU4                    0046ced0 f   picomodel:lwio.obj
 0001:0006bf10       _sgetVX                    0046cf10 f   picomodel:lwio.obj
 0001:0006bf70       _sgetF4                    0046cf70 f   picomodel:lwio.obj
 0001:0006bfb0       _sgetS0                    0046cfb0 f   picomodel:lwio.obj
 0001:0006c2d0       _lwGetSurface5             0046d2d0 f   picomodel:lwob.obj
 0001:0006cc40       _lwGetPolygons5            0046dc40 f   picomodel:lwob.obj
 0001:0006cdc0       _lwGetObject5              0046ddc0 f   picomodel:lwob.obj
 0001:0006d000       _lwValidateObject5         0046e000 f   picomodel:lwob.obj
 0001:0006d070       __pico_dot_vec             0046e070 f   picomodel:picointernal.obj
 0001:0006d070       _dot                       0046e070 f   picomodel:vecmath.obj
 0001:0006d090       _normalize                 0046e090 f   picomodel:vecmath.obj
 0001:0006d0d0       _Net_AllocSocket           0046e0d0 f   l_net:l_net.obj
 0001:0006d100       _Net_FreeSocket            0046e100 f   l_net:l_net.obj
 0001:0006d110       _Net_Connect               0046e110 f   l_net:l_net.obj
 0001:0006d1b0       _Net_Disconnect            0046e1b0 f   l_net:l_net.obj
 0001:0006d1d0       _Net_StringToAddress       0046e1d0 f   l_net:l_net.obj
 0001:0006d1f0       _Net_Setup                 0046e1f0 f   l_net:l_net.obj
 0001:0006d210       _NMSG_Clear                0046e210 f   l_net:l_net.obj
 0001:0006d220       _NMSG_WriteLong            0046e220 f   l_net:l_net.obj
 0001:0006d280       _NMSG_WriteString          0046e280 f   l_net:l_net.obj
 0001:0006d2f0       _Net_Send                  0046e2f0 f   l_net:l_net.obj
 0001:0006d330       _WINS_ErrorMessage         0046e330 f   l_net:l_net_wins.obj
 0001:0006d380       _WINS_MyAddress            0046e380 f   l_net:l_net_wins.obj
 0001:0006d390       _WINS_OpenSocket           0046e390 f   l_net:l_net_wins.obj
 0001:0006d460       _WINS_OpenReliableSocket   0046e460 f   l_net:l_net_wins.obj
 0001:0006d550       _WINS_CloseSocket          0046e550 f   l_net:l_net_wins.obj
 0001:0006d580       _WINS_Connect              0046e580 f   l_net:l_net_wins.obj
 0001:0006d5e0       _WINS_Write                0046e5e0 f   l_net:l_net_wins.obj
 0001:0006d6d0       _WINS_AddrToString         0046e6d0 f   l_net:l_net_wins.obj
 0001:0006d740       _WINS_StringToAddr         0046e740 f   l_net:l_net_wins.obj
 0001:0006d7c0       _WINS_GetSocketAddr        0046e7c0 f   l_net:l_net_wins.obj
 0001:0006d810       _WINS_Init                 0046e810 f   l_net:l_net_wins.obj
 0001:0006d990       _LoadJPGBuff               0046e990 f   jpeg6:jpgload.obj
 0001:0006db30       _jpeg_create_decompress    0046eb30 f   jpeg6:jdapimin.obj
 0001:0006dbc0       _jpeg_destroy_decompress   0046ebc0 f   jpeg6:jdapimin.obj
 0001:0006dda0       _jpeg_consume_input        0046eda0 f   jpeg6:jdapimin.obj
 0001:0006de70       _jpeg_finish_decompress    0046ee70 f   jpeg6:jdapimin.obj
 0001:0006df40       _jpeg_read_header          0046ef40 f   jpeg6:jdapimin.obj
 0001:0006e030       _jpeg_read_scanlines       0046f030 f   jpeg6:jdapistd.obj
 0001:0006e0d0       _jpeg_start_decompress     0046f0d0 f   jpeg6:jdapistd.obj
 0001:0006e210       _WinPrint                  0046f210 f   l_net:l_net.obj
 0001:0006e210       ?jpeg_mem_term@@YAXPAUjpeg_common_struct@@@Z 0046f210 f   jpeg6:jmemnobs.obj
 0001:0006e220       _jpeg_stdio_src            0046f220 f   jpeg6:jdatasrc.obj
 0001:0006e410       _jpeg_std_error            0046f410 f   jpeg6:jerror.obj
 0001:0006ea00       _jinit_input_controller    0046fa00 f   jpeg6:jdinput.obj
 0001:00070350       _jpeg_resync_to_restart    00471350 f   jpeg6:jdmarker.obj
 0001:00070490       _jinit_marker_reader       00471490 f   jpeg6:jdmarker.obj
 0001:00071010       _jinit_memory_mgr          00472010 f   jpeg6:jmemmgr.obj
 0001:00071130       _jpeg_abort                00472130 f   jpeg6:jcomapi.obj
 0001:00071160       _jpeg_destroy              00472160 f   jpeg6:jcomapi.obj
 0001:00071190       _jpeg_alloc_quant_table    00472190 f   jpeg6:jcomapi.obj
 0001:000711b0       _jpeg_alloc_huff_table     004721b0 f   jpeg6:jcomapi.obj
 0001:000711e0       _jpeg_calc_output_dimensions 004721e0 f   jpeg6:jdmaster.obj
 0001:00071610       _jinit_master_decompress   00472610 f   jpeg6:jdmaster.obj
 0001:00071650       _jdiv_round_up             00472650 f   jpeg6:jutils.obj
 0001:00071660       _jround_up                 00472660 f   jpeg6:jutils.obj
 0001:00071680       _jcopy_sample_rows         00472680 f   jpeg6:jutils.obj
 0001:000716d0       _jzero_far                 004726d0 f   jpeg6:jutils.obj
 0001:000716f0       ?jpeg_get_large@@YAPAXPAUjpeg_common_struct@@I@Z 004726f0 f   jpeg6:jmemnobs.obj
 0001:000716f0       ?jpeg_get_small@@YAPAXPAUjpeg_common_struct@@I@Z 004726f0 f   jpeg6:jmemnobs.obj
 0001:00071700       ?jpeg_free_large@@YAXPAUjpeg_common_struct@@PAXI@Z 00472700 f   jpeg6:jmemnobs.obj
 0001:00071700       ?jpeg_free_small@@YAXPAUjpeg_common_struct@@PAXI@Z 00472700 f   jpeg6:jmemnobs.obj
 0001:00071710       ?jpeg_mem_available@@YAJPAUjpeg_common_struct@@JJJ@Z 00472710 f   jpeg6:jmemnobs.obj
 0001:00071720       ?jpeg_open_backing_store@@YAXPAUjpeg_common_struct@@PAUbacking_store_struct@@J@Z 00472720 f   jpeg6:jmemnobs.obj
 0001:00071740       ?jpeg_mem_init@@YAJPAUjpeg_common_struct@@@Z 00472740 f   jpeg6:jmemnobs.obj
 0001:00071ce0       _jinit_d_main_controller   00472ce0 f   jpeg6:jdmainct.obj
 0001:00072070       _jinit_d_coef_controller   00473070 f   jpeg6:jdcoefct.obj
 0001:00072140       ?jpeg_make_d_derived_tbl@@YAXPAUjpeg_decompress_struct@@PAUJHUFF_TBL@@PAPAUd_derived_tbl@@@Z 00473140 f   jpeg6:jdhuff.obj
 0001:00072300       ?jpeg_fill_bit_buffer@@YAEPAUbitread_working_state@@HHH@Z 00473300 f   jpeg6:jdhuff.obj
 0001:00072400       ?jpeg_huff_decode@@YAHPAUbitread_working_state@@HHPAUd_derived_tbl@@H@Z 00473400 f   jpeg6:jdhuff.obj
 0001:00072ad0       _jinit_huff_decoder        00473ad0 f   jpeg6:jdhuff.obj
 0001:00072d40       _jinit_inverse_dct         00473d40 f   jpeg6:jddctmgr.obj
 0001:00072eb0       _jinit_d_post_controller   00473eb0 f   jpeg6:jdpostct.obj
 0001:000733e0       _jinit_upsampler           004743e0 f   jpeg6:jdsample.obj
 0001:000739d0       _jinit_color_deconverter   004749d0 f   jpeg6:jdcolor.obj
 0001:00073b30       ?jpeg_idct_float@@YAXPAUjpeg_decompress_struct@@PAUjpeg_component_info@@PAFPAPAEI@Z 00474b30 f   jpeg6:jidctflt.obj
 0001:00073ee0       __pico_little_long         00474ee0 f   picomodel:picointernal.obj
 0001:00073ee0       _DDSLittleLong             00474ee0 f   ddslib:ddslib.obj
 0001:00073f50       _DDSGetInfo                00474f50 f   ddslib:ddslib.obj
 0001:000748e0       _DDSDecompress             004758e0 f   ddslib:ddslib.obj
 0001:00074a10       ?VectorCompare@@YA?AW4qboolean@@QBM0@Z 00475a10 f   mathlib:mathlib.obj
 0001:00074a50       ?VectorCompareExt@@YA?AW4qboolean@@QBM0M@Z 00475a50 f   mathlib:mathlib.obj
 0001:00074a90       ?VectorLength@@YAMQBM@Z    00475a90 f   mathlib:mathlib.obj
 0001:00074ac0       ?VectorMA@@YAXQBMM0QAM@Z   00475ac0 f   mathlib:mathlib.obj
 0001:00074af0       ?VectorNormalize@@YAMQBMQAM@Z 00475af0 f   mathlib:mathlib.obj
 0001:00074b50       ?ColorNormalize@@YAMQBMQAM@Z 00475b50 f   mathlib:mathlib.obj
 0001:00074bb0       ?SnapWeldVector@@YAXQAM00@Z 00475bb0 f   mathlib:mathlib.obj
 0001:00074cb0       ?ClearBounds@@YAXQAM0@Z    00475cb0 f   mathlib:mathlib.obj
 0001:00074ce0       ?AddPointToBounds@@YAXQAM00@Z 00475ce0 f   mathlib:mathlib.obj
 0001:00074d90       ?PlaneFromPoints@@YA?AW4qboolean@@QAMQBM11@Z 00475d90 f   mathlib:mathlib.obj
 0001:00074e20       ?NormalToLatLong@@YAXQBMQAE@Z 00475e20 f   mathlib:mathlib.obj
 0001:00074ef0       ?PlaneTypeForNormal@@YAHQAM@Z 00475ef0 f   mathlib:mathlib.obj
 0001:00074f60       ?DVectorMA@@YAXQBNN0QAN@Z  00475f60 f   mathlib:mathlib.obj
 0001:00074f90       ?DVectorNormalize@@YANQAN0@Z 00475f90 f   mathlib:mathlib.obj
 0001:00074ff0       ?DVectorLength@@YANQBN@Z   00475ff0 f   mathlib:mathlib.obj
 0001:00075020       ?SnapWeldDVector@@YAXQAN00@Z 00476020 f   mathlib:mathlib.obj
 0001:00075120       ?MakeNormalVectors@@YAXQAM00@Z 00476120 f   mathlib:mathlib.obj
 0001:000751a0       ?m4x4_identity@@YAXQAM@Z   004761a0 f   mathlib:m4x4.obj
 0001:000751e0       ?m4x4_assign@@YAXQAMQBM@Z  004761e0 f   mathlib:m4x4.obj
 0001:00075250       ?m4x4_translation_for_vec3@@YAXQAMQBM@Z 00476250 f   mathlib:m4x4.obj
 0001:000752a0       ?m4x4_scale_for_vec3@@YAXQAMQBM@Z 004762a0 f   mathlib:m4x4.obj
 0001:000752f0       ?m4x4_multiply_by_m4x4@@YAXQAMQBM@Z 004762f0 f   mathlib:m4x4.obj
 0001:00075510       ?m4x4_premultiply_by_m4x4@@YAXQAMQBM@Z 00476510 f   mathlib:m4x4.obj
 0001:00075730       ?m4x4_transform_point@@YAXQBMQAM@Z 00476730 f   mathlib:m4x4.obj
 0001:00075790       ?m4x4_transform_normal@@YAXQBMQAM@Z 00476790 f   mathlib:m4x4.obj
 0001:000757f0       ?m4x4_transpose@@YAXQAM@Z  004767f0 f   mathlib:m4x4.obj
 0001:000758a0       ?m3_det@@YAMQAM@Z          004768a0 f   mathlib:m4x4.obj
 0001:000758e0       ?m4_submat@@YAXQAM0HH@Z    004768e0 f   mathlib:m4x4.obj
 0001:000759e0       ?m4_det@@YAMQAM@Z          004769e0 f   mathlib:m4x4.obj
 0001:00075a50       ?m4x4_invert@@YAHQAM@Z     00476a50 f   mathlib:m4x4.obj
 0001:00075af0       ?m4x4_rotation_for_vec3@@YAXQAMQBMW4eulerOrder_t@@@Z 00476af0 f   mathlib:m4x4.obj
 0001:00075e40       ?m4x4_translate_by_vec3@@YAXQAMQBM@Z 00476e40 f   mathlib:m4x4.obj
 0001:00075e70       ?m4x4_rotate_by_vec3@@YAXQAMQBMW4eulerOrder_t@@@Z 00476e70 f   mathlib:m4x4.obj
 0001:00075ea0       ?m4x4_scale_by_vec3@@YAXQAMQBM@Z 00476ea0 f   mathlib:m4x4.obj
 0001:00075ed0       ?m4x4_pivoted_transform_by_vec3@@YAXQAMQBM1W4eulerOrder_t@@11@Z 00476ed0 f   mathlib:m4x4.obj
 0001:00075f52       __stricmp                  00476f52 f   MSVCRT:MSVCR90.dll
 0001:00075f58       _rename                    00476f58 f   MSVCRT:MSVCR90.dll
 0001:00075f5e       _sprintf                   00476f5e f   MSVCRT:MSVCR90.dll
 0001:00075f64       _sscanf_s                  00476f64 f   MSVCRT:MSVCR90.dll
 0001:00075f6a       _sscanf                    00476f6a f   MSVCRT:MSVCR90.dll
 0001:00075f70       _strncmp                   00476f70 f   MSVCRT:MSVCR90.dll
 0001:00075f76       _free                      00476f76 f   MSVCRT:MSVCR90.dll
 0001:00075f7c       _atoi                      00476f7c f   MSVCRT:MSVCR90.dll
 0001:00075f82       _remove                    00476f82 f   MSVCRT:MSVCR90.dll
 0001:00075f88       _ftell                     00476f88 f   MSVCRT:MSVCR90.dll
 0001:00075f8e       _realloc                   00476f8e f   MSVCRT:MSVCR90.dll
 0001:00075f94       _atof                      00476f94 f   MSVCRT:MSVCR90.dll
 0001:00075f9a       __time64                   00476f9a f   MSVCRT:MSVCR90.dll
 0001:00075fa0       _asctime                   00476fa0 f   MSVCRT:MSVCR90.dll
 0001:00075fa6       __localtime64              00476fa6 f   MSVCRT:MSVCR90.dll
 0001:00075fac       _fseek                     00476fac f   MSVCRT:MSVCR90.dll
 0001:00075fb2       _fclose                    00476fb2 f   MSVCRT:MSVCR90.dll
 0001:00075fb8       _fopen                     00476fb8 f   MSVCRT:MSVCR90.dll
 0001:00075fbe       _fwrite                    00476fbe f   MSVCRT:MSVCR90.dll
 0001:00075fc4       _strstr                    00476fc4 f   MSVCRT:MSVCR90.dll
 0001:00075fca       __onexit                   00476fca f   MSVCRT:atonexit.obj
 0001:0007606f       _atexit                    0047706f f   MSVCRT:atonexit.obj
 0001:00076086       _rand                      00477086 f   MSVCRT:MSVCR90.dll
 0001:0007608c       _srand                     0047708c f   MSVCRT:MSVCR90.dll
 0001:00076092       _memmove                   00477092 f   MSVCRT:MSVCR90.dll
 0001:00076098       __strnicmp                 00477098 f   MSVCRT:MSVCR90.dll
 0001:0007609e       _strchr                    0047709e f   MSVCRT:MSVCR90.dll
 0001:000760a4       _qsort                     004770a4 f   MSVCRT:MSVCR90.dll
 0001:000760aa       _strncpy                   004770aa f   MSVCRT:MSVCR90.dll
 0001:000760b0       _fprintf                   004770b0 f   MSVCRT:MSVCR90.dll
 0001:000760b6       _exit                      004770b6 f   MSVCRT:MSVCR90.dll
 0001:000760bc       _ceil                      004770bc f   MSVCRT:MSVCR90.dll
 0001:000760c2       _malloc                    004770c2 f   MSVCRT:MSVCR90.dll
 0001:000760c8       _strerror                  004770c8 f   MSVCRT:MSVCR90.dll
 0001:000760ce       _fputs                     004770ce f   MSVCRT:MSVCR90.dll
 0001:000760d4       __errno                    004770d4 f   MSVCRT:MSVCR90.dll
 0001:000760da       __mkdir                    004770da f   MSVCRT:MSVCR90.dll
 0001:000760e0       _fread                     004770e0 f   MSVCRT:MSVCR90.dll
 0001:000760e6       __getcwd                   004770e6 f   MSVCRT:MSVCR90.dll
 0001:000760ec       _vsprintf                  004770ec f   MSVCRT:MSVCR90.dll
 0001:000760f2       _printf                    004770f2 f   MSVCRT:MSVCR90.dll
 0001:000760f8       _rewind                    004770f8 f   MSVCRT:MSVCR90.dll
 0001:000760fe       __access                   004770fe f   MSVCRT:MSVCR90.dll
 0001:00076104       __strdup                   00477104 f   MSVCRT:MSVCR90.dll
 0001:0007610a       _strrchr                   0047710a f   MSVCRT:MSVCR90.dll
 0001:00076110       _fscanf                    00477110 f   MSVCRT:MSVCR90.dll
 0001:00076116       ___iob_func                00477116 f   MSVCRT:MSVCR90.dll
 0001:000763be       _mainCRTStartup            004773be f   MSVCRT:crtexe.obj
 0001:000763c8       _memset                    004773c8 f   MSVCRT:MSVCR90.dll
 0001:000763d0       _memcpy                    004773d0 f   MSVCRT:MSVCR90.dll
 0001:000763d6       _floor                     004773d6 f   MSVCRT:MSVCR90.dll
 0001:000763e0       __alloca_probe             004773e0     MSVCRT:chkstk.obj
 0001:000763e0       __chkstk                   004773e0 f   MSVCRT:chkstk.obj
 0001:0007640c       __CIacos                   0047740c f   MSVCRT:MSVCR90.dll
 0001:00076420       __ftol2_sse                00477420 f   MSVCRT:ftol2.obj
 0001:00076429       __ftol2_pentium4           00477429 f   MSVCRT:ftol2.obj
 0001:0007643c       __ftol2_sse_excpt          0047743c f   MSVCRT:ftol2.obj
 0001:00076456       __ftol2                    00477456 f   MSVCRT:ftol2.obj
 0001:000764cc       __setjmp3                  004774cc f   MSVCRT:MSVCR90.dll
 0001:000764d2       __unlock                   004774d2 f   MSVCRT:MSVCR90.dll
 0001:000764d8       ___dllonexit               004774d8 f   MSVCRT:MSVCR90.dll
 0001:000764de       __lock                     004774de f   MSVCRT:MSVCR90.dll
 0001:000764e4       __SEH_prolog4              004774e4 f   MSVCRT:sehprolg4.obj
[...]
 0001:00038a40       ?CreateSunLight@@YAXPAUsun_s@@@Z 00439a40 f    CIL library: CIL module
 0001:00038c80       ?CreateSkyLights@@YAXQAMMHMH@Z 00439c80 f    CIL library: CIL module
 0001:00041c70       ?RadClipWindingEpsilon@@YAXPAUradWinding_t@@QAMMM00PAUclipWork_t@@@Z 00442c70 f    CIL library: CIL module
 0001:00042180       ?RadSample@@YAXHPAUbspDrawSurface_t@@PAUrawLightmap_s@@PAUshaderInfo_s@@PAUradWinding_t@@QAM4PAH@Z 00443180 f    CIL library: CIL module
 0001:00042600       ?RadSubdivideDiffuseLight@@YAXHPAUbspDrawSurface_t@@PAUrawLightmap_s@@PAUshaderInfo_s@@MMW4qboolean@@PAUradWinding_t@@PAUclipWork_t@@@Z 00443600 f    CIL library: CIL module
 0001:00043630       ?AddTraceInfo@@YAHPAUtraceInfo_s@@@Z 00444630 f    CIL library: CIL module
 0001:00043710       ?AllocTraceNode@@YAHXZ     00444710 f    CIL library: CIL module
 0001:000437b0       ?AddTraceWinding@@YAHPAUtraceWinding_s@@@Z 004447b0 f    CIL library: CIL module
 0001:00043860       ?AddTraceTriangle@@YAHPAUtraceTriangle_s@@@Z 00444860 f    CIL library: CIL module
 0001:00043940       ?AddItemToTraceNode@@YAHPAUtraceNode_s@@H@Z 00444940 f    CIL library: CIL module
 0001:000439d0       ?SetupTraceNodes_r@@YAHH@Z 004449d0 f    CIL library: CIL module
 0001:00043e30       ?FilterTraceWindingIntoNodes_r@@YAXPAUtraceWinding_s@@H@Z 00444e30 f    CIL library: CIL module
 0001:00044020       ?SubdivideTraceNode_r@@YAXHH@Z 00445020 f    CIL library: CIL module
 0001:00044410       ?TriangulateTraceNode_r@@YAHH@Z 00445410 f    CIL library: CIL module
 0001:00044620       ?PopulateWithBSPModel@@YAXPAUbspModel_t@@QAM@Z 00445620 f    CIL library: CIL module
 0001:00044b70       ?PopulateWithPicoModel@@YAXDPAUpicoModel_s@@QAMH@Z 00445b70 f    CIL library: CIL module
 0001:00044d30       ?PopulateTraceNodes@@YAXXZ 00445d30 f    CIL library: CIL module
 0001:00045aa0       ?TraceLine_r@@YA?AW4qboolean@@HQAM0PAUtrace_t@@@Z 00446aa0 f    CIL library: CIL module
 0001:00047d70       ?CalcTangentVectors@@YA?AW4qboolean@@HPAPAUbspDrawVert_t@@PAY02M1@Z 00448d70 f    CIL library: CIL module
 0001:00047fe0       ?PerturbNormal@@YAXPAUbspDrawVert_t@@PAUshaderInfo_s@@QAMQAY02M3@Z 00448fe0 f    CIL library: CIL module
 0001:000480c0       ?MapSingleLuxel@@YAHPAUrawLightmap_s@@PAUsurfaceInfo_s@@PAUbspDrawVert_t@@QAM3MQAY02M44@Z 004490c0 f    CIL library: CIL module
 0001:00048b20       ?MapTriangle_r@@YAXPAUrawLightmap_s@@PAUsurfaceInfo_s@@QAPAUbspDrawVert_t@@QAM3QAY02M44@Z 00449b20 f    CIL library: CIL module
 0001:00048cd0       ?MapTriangle@@YA?AW4qboolean@@PAUrawLightmap_s@@PAUsurfaceInfo_s@@QAPAUbspDrawVert_t@@W41@@Z 00449cd0 f    CIL library: CIL module
 0001:00048f40       ?MapQuad_r@@YAXPAUrawLightmap_s@@PAUsurfaceInfo_s@@QAPAUbspDrawVert_t@@QAM3QAY02M4@Z 00449f40 f    CIL library: CIL module
 0001:000491b0       ?MapQuad@@YA?AW4qboolean@@PAUrawLightmap_s@@PAUsurfaceInfo_s@@QAPAUbspDrawVert_t@@@Z 0044a1b0 f    CIL library: CIL module
 0001:0004b640       ?SubmapRawLuxel@@YA?AW4qboolean@@PAUrawLightmap_s@@HHMMPAHQAM2@Z 0044c640 f    CIL library: CIL module
 0001:0004b8f0       ?SubsampleRawLuxel_r@@YAXPAUrawLightmap_s@@PAUtrace_t@@QAMHHMPAM@Z 0044c8f0 f    CIL library: CIL module
 0001:00050560       ?CompareLightSurface@@YAHPBX0@Z 00451560 f    CIL library: CIL module
 0001:00051870       ?CompareSurfaceInfo@@YAHPBX0@Z 00452870 f    CIL library: CIL module
 0001:000537a0       ?CompareBSPLuxels@@YA?AW4qboolean@@PAUrawLightmap_s@@H0H@Z 004547a0 f    CIL library: CIL module
 0001:00053a90       ?MergeBSPLuxels@@YA?AW4qboolean@@PAUrawLightmap_s@@H0H@Z 00454a90 f    CIL library: CIL module
 0001:00053ca0       ?ApproximateLuxel@@YA?AW4qboolean@@PAUrawLightmap_s@@PAUbspDrawVert_t@@@Z 00454ca0 f    CIL library: CIL module
 0001:00053ed0       ?ApproximateTriangle_r@@YA?AW4qboolean@@PAUrawLightmap_s@@QAPAUbspDrawVert_t@@@Z 00454ed0 f    CIL library: CIL module
 0001:00054040       ?ApproximateLightmap@@YA?AW4qboolean@@PAUrawLightmap_s@@@Z 00455040 f    CIL library: CIL module
 0001:00054360       ?TestOutLightmapStamp@@YA?AW4qboolean@@PAUrawLightmap_s@@HPAUoutLightmap_s@@HH@Z 00455360 f    CIL library: CIL module
 0001:000544b0       ?SetupOutLightmap@@YAXPAUrawLightmap_s@@PAUoutLightmap_s@@@Z 004554b0 f    CIL library: CIL module
 0001:000545f0       ?FindOutLightmaps@@YAXPAUrawLightmap_s@@@Z 004555f0 f    CIL library: CIL module
 0001:00054d30       ?CompareRawLightmap@@YAHPBX0@Z 00455d30 f    CIL library: CIL module
 0001:0005c2a0       ?ConvertCollapsedSurface@@YAXPAU_iobuf@@PAUbspModel_t@@HHHQAM@Z 0045d2a0 f    CIL library: CIL module
 0001:0005c9b0       ?ConvertSurface@@YAXPAU_iobuf@@PAUbspModel_t@@HPAUbspDrawSurface_t@@HQAM@Z 0045d9b0 f    CIL library: CIL module
 0001:0005ce80       ?ConvertModel@@YAXPAU_iobuf@@PAUbspModel_t@@HQAMH@Z 0045de80 f    CIL library: CIL module
 0001:0005cf20       ?ConvertShader@@YAXPAU_iobuf@@PAUbspShader_t@@H@Z 0045df20 f    CIL library: CIL module
 0001:0005d3f0       ?ConvertBrush@@YAXPAU_iobuf@@HPAUbspBrush_t@@QAM@Z 0045e3f0 f    CIL library: CIL module
 0001:0005d660       ?ConvertPatch@@YAXPAU_iobuf@@HPAUbspDrawSurface_t@@QAM@Z 0045e660 f    CIL library: CIL module
 0001:0005d7e0       ?ConvertModel@@YAXPAU_iobuf@@PAUbspModel_t@@HQAM@Z 0045e7e0 f    CIL library: CIL module
 0001:0005d910       ?ConvertEPairs@@YAXPAU_iobuf@@PAUentity_t@@@Z 0045e910 f    CIL library: CIL module
 0001:000617f0       __obj_canload              004627f0 f   picomodel:pm_obj.obj
 0001:00061910       _SizeObjVertexData         00462910 f   picomodel:pm_obj.obj
 0001:00061990       _FreeObjVertexData         00462990 f   picomodel:pm_obj.obj
 0001:000619a0       __obj_load                 004629a0 f   picomodel:pm_obj.obj
 0001:00062660       __terrain_canload          00463660 f   picomodel:pm_terrain.obj
 0001:000626c0       __terrain_load             004636c0 f   picomodel:pm_terrain.obj
 0001:00062df0       _lwo_lwIDToStr             00463df0 f   picomodel:pm_lwo.obj
 0001:00062e30       __lwo_canload              00463e30 f   picomodel:pm_lwo.obj
 0001:00062e90       __lwo_load                 00463e90 f   picomodel:pm_lwo.obj
 0001:00063760       __fm_canload               00464760 f   picomodel:pm_fm.obj
 0001:00063910       __fm_load                  00464910 f   picomodel:pm_fm.obj
 0001:00064360       __md2_canload              00465360 f   picomodel:pm_md2.obj
 0001:000643a0       __md2_load                 004653a0 f   picomodel:pm_md2.obj
 0001:00064c90       __mdc_canload              00465c90 f   picomodel:pm_mdc.obj
 0001:00064cd0       __mdc_load                 00465cd0 f   picomodel:pm_mdc.obj
 0001:00065470       __ms3d_canload             00466470 f   picomodel:pm_ms3d.obj
 0001:000654e0       _GetWord                   004664e0 f   picomodel:pm_ms3d.obj
 0001:00065500       __ms3d_load                00466500 f   picomodel:pm_ms3d.obj
 0001:00065af0       __ase_get_material         00466af0 f   picomodel:pm_ase.obj
 0001:00065b00       __ase_get_submaterial      00466b00 f   picomodel:pm_ase.obj
 0001:00065b80       __ase_add_material         00466b80 f   picomodel:pm_ase.obj
 0001:00065bb0       __ase_add_submaterial      00466bb0 f   picomodel:pm_ase.obj
 0001:00065c00       __ase_free_materials       00466c00 f   picomodel:pm_ase.obj
 0001:00065c40       __ase_canload              00466c40 f   picomodel:pm_ase.obj
 0001:00065cb0       __ase_submit_triangles     00466cb0 f   picomodel:pm_ase.obj
 0001:000660c0       __ase_load                 004670c0 f   picomodel:pm_ase.obj
 0001:00067490       __3ds_canload              00468490 f   picomodel:pm_3ds.obj
 0001:000674e0       _GetChunk                  004684e0 f   picomodel:pm_3ds.obj
 0001:00067520       _GetASCIIZ                 00468520 f   picomodel:pm_3ds.obj
 0001:00067570       _GetByte                   00468570 f   picomodel:pm_3ds.obj
 0001:00067590       _GetWord                   00468590 f   picomodel:pm_3ds.obj
 0001:000675c0       _GetFloat                  004685c0 f   picomodel:pm_3ds.obj
 0001:000675f0       _GetMeshVertices           004685f0 f   picomodel:pm_3ds.obj
 0001:00067660       _GetMeshFaces              00468660 f   picomodel:pm_3ds.obj
 0001:00067700       _GetMeshTexCoords          00468700 f   picomodel:pm_3ds.obj
 0001:00067760       _GetMeshShader             00468760 f   picomodel:pm_3ds.obj
 0001:000678e0       _GetDiffuseColor           004688e0 f   picomodel:pm_3ds.obj
 0001:00067920       _DoNextEditorDataChunk     00468920 f   picomodel:pm_3ds.obj
 0001:00067b80       _DoNextChunk               00468b80 f   picomodel:pm_3ds.obj
 0001:00067c10       __3ds_load                 00468c10 f   picomodel:pm_3ds.obj
 0001:00067cf0       __md3_canload              00468cf0 f   picomodel:pm_md3.obj
 0001:00067d30       __md3_load                 00468d30 f   picomodel:pm_md3.obj
 0001:0006ab80       _compare_shaders           0046bb80 f   picomodel:surface.obj
 0001:0006ab80       _compare_textures          0046bb80 f   picomodel:surface.obj
 0001:0006abc0       _add_texture               0046bbc0 f   picomodel:surface.obj
 0001:0006b770       _compare_keys              0046c770 f   picomodel:envelope.obj
 0001:0006c040       _add_clip                  0046d040 f   picomodel:lwob.obj
 0001:0006c0c0       _add_tvel                  0046d0c0 f   picomodel:lwob.obj
 0001:0006c1e0       _get_texture               0046d1e0 f   picomodel:lwob.obj
 0001:0006dbd0       ?default_decompress_parms@@YAXPAUjpeg_decompress_struct@@@Z 0046ebd0 f   jpeg6:jdapimin.obj
 0001:0006dfc0       ?output_pass_setup@@YAEPAUjpeg_decompress_struct@@@Z 0046efc0 f   jpeg6:jdapistd.obj
 0001:0006e170       ?init_source@@YAXPAUjpeg_decompress_struct@@@Z 0046f170 f   jpeg6:jdatasrc.obj
 0001:0006e180       ?fill_input_buffer@@YAEPAUjpeg_decompress_struct@@@Z 0046f180 f   jpeg6:jdatasrc.obj
 0001:0006e1d0       ?skip_input_data@@YAXPAUjpeg_decompress_struct@@J@Z 0046f1d0 f   jpeg6:jdatasrc.obj
 0001:0006e210       ?start_pass_dcolor@@YAXPAUjpeg_decompress_struct@@@Z 0046f210 f   jpeg6:jdatasrc.obj
 0001:0006e210       ?term_source@@YAXPAUjpeg_decompress_struct@@@Z 0046f210 f   jpeg6:jdatasrc.obj
 0001:0006e2a0       ?error_exit@@YAXPAUjpeg_common_struct@@@Z 0046f2a0 f   jpeg6:jerror.obj
 0001:0006e2d0       ?output_message@@YAXPAUjpeg_common_struct@@@Z 0046f2d0 f   jpeg6:jerror.obj
 0001:0006e300       ?emit_message@@YAXPAUjpeg_common_struct@@H@Z 0046f300 f   jpeg6:jerror.obj
 0001:0006e340       ?format_message@@YAXPAUjpeg_common_struct@@PAD@Z 0046f340 f   jpeg6:jerror.obj
 0001:0006e3f0       ?reset_error_mgr@@YAXPAUjpeg_common_struct@@@Z 0046f3f0 f   jpeg6:jerror.obj
 0001:0006e460       ?initial_setup@@YAXPAUjpeg_decompress_struct@@@Z 0046f460 f   jpeg6:jdinput.obj
 0001:0006e660       ?per_scan_setup@@YAXPAUjpeg_decompress_struct@@@Z 0046f660 f   jpeg6:jdinput.obj
 0001:0006e800       ?latch_quant_tables@@YAXPAUjpeg_decompress_struct@@@Z 0046f800 f   jpeg6:jdinput.obj
 0001:0006e8a0       ?start_input_pass@@YAXPAUjpeg_decompress_struct@@@Z 0046f8a0 f   jpeg6:jdinput.obj
 0001:0006e8e0       ?consume_markers@@YAHPAUjpeg_decompress_struct@@@Z 0046f8e0 f   jpeg6:jdinput.obj
 0001:0006e9a0       ?reset_input_controller@@YAXPAUjpeg_decompress_struct@@@Z 0046f9a0 f   jpeg6:jdinput.obj
 0001:0006e9e0       ?finish_input_pass@@YAXPAUjpeg_decompress_struct@@@Z 0046f9e0 f   jpeg6:jdinput.obj
 0001:0006ea50       ?get_soi@@YAEPAUjpeg_decompress_struct@@@Z 0046fa50 f   jpeg6:jdmarker.obj
 0001:0006eaf0       ?get_sof@@YAEPAUjpeg_decompress_struct@@EE@Z 0046faf0 f   jpeg6:jdmarker.obj
 0001:0006edf0       ?get_sos@@YAEPAUjpeg_decompress_struct@@@Z 0046fdf0 f   jpeg6:jdmarker.obj
 0001:0006f0f0       ?get_app0@@YAEPAUjpeg_decompress_struct@@@Z 004700f0 f   jpeg6:jdmarker.obj
 0001:0006f370       ?get_app14@@YAEPAUjpeg_decompress_struct@@@Z 00470370 f   jpeg6:jdmarker.obj
 0001:0006f520       ?get_dac@@YAEPAUjpeg_decompress_struct@@@Z 00470520 f   jpeg6:jdmarker.obj
 0001:0006f690       ?get_dht@@YAEPAUjpeg_decompress_struct@@@Z 00470690 f   jpeg6:jdmarker.obj
 0001:0006f970       ?get_dqt@@YAEPAUjpeg_decompress_struct@@@Z 00470970 f   jpeg6:jdmarker.obj
 0001:0006fba0       ?get_dri@@YAEPAUjpeg_decompress_struct@@@Z 00470ba0 f   jpeg6:jdmarker.obj
 0001:0006fca0       ?skip_variable@@YAEPAUjpeg_decompress_struct@@@Z 00470ca0 f   jpeg6:jdmarker.obj
 0001:0006fd50       ?next_marker@@YAEPAUjpeg_decompress_struct@@@Z 00470d50 f   jpeg6:jdmarker.obj
 0001:0006fe70       ?first_marker@@YAEPAUjpeg_decompress_struct@@@Z 00470e70 f   jpeg6:jdmarker.obj
 0001:0006ff10       ?read_markers@@YAHPAUjpeg_decompress_struct@@@Z 00470f10 f   jpeg6:jdmarker.obj
 0001:000702b0       ?read_restart_marker@@YAEPAUjpeg_decompress_struct@@@Z 004712b0 f   jpeg6:jdmarker.obj
 0001:00070450       ?reset_marker_reader@@YAXPAUjpeg_decompress_struct@@@Z 00471450 f   jpeg6:jdmarker.obj
 0001:00070520       ?out_of_memory@@YAXPAUjpeg_common_struct@@H@Z 00471520 f   jpeg6:jmemmgr.obj
 0001:00070540       ?alloc_small@@YAPAXPAUjpeg_common_struct@@HI@Z 00471540 f   jpeg6:jmemmgr.obj
 0001:00070670       ?alloc_large@@YAPAXPAUjpeg_common_struct@@HI@Z 00471670 f   jpeg6:jmemmgr.obj
 0001:00070710       ?alloc_sarray@@YAPAPAEPAUjpeg_common_struct@@HII@Z 00471710 f   jpeg6:jmemmgr.obj
 0001:000707c0       ?alloc_barray@@YAPAPAY0EA@FPAUjpeg_common_struct@@HII@Z 004717c0 f   jpeg6:jmemmgr.obj
 0001:00070870       ?request_virt_sarray@@YAPAUjvirt_sarray_control@@PAUjpeg_common_struct@@HEIII@Z 00471870 f   jpeg6:jmemmgr.obj
 0001:000708e0       ?request_virt_barray@@YAPAUjvirt_barray_control@@PAUjpeg_common_struct@@HEIII@Z 004718e0 f   jpeg6:jmemmgr.obj
 0001:00070950       ?realize_virt_arrays@@YAXPAUjpeg_common_struct@@@Z 00471950 f   jpeg6:jmemmgr.obj
 0001:00070af0       ?do_sarray_io@@YAXPAUjpeg_common_struct@@PAUjvirt_sarray_control@@E@Z 00471af0 f   jpeg6:jmemmgr.obj
 0001:00070b90       ?do_barray_io@@YAXPAUjpeg_common_struct@@PAUjvirt_barray_control@@E@Z 00471b90 f   jpeg6:jmemmgr.obj
 0001:00070c30       ?access_virt_sarray@@YAPAPAEPAUjpeg_common_struct@@PAUjvirt_sarray_control@@IIE@Z 00471c30 f   jpeg6:jmemmgr.obj
 0001:00070d70       ?access_virt_barray@@YAPAPAY0EA@FPAUjpeg_common_struct@@PAUjvirt_barray_control@@IIE@Z 00471d70 f   jpeg6:jmemmgr.obj
 0001:00070ec0       ?free_pool@@YAXPAUjpeg_common_struct@@H@Z 00471ec0 f   jpeg6:jmemmgr.obj
 0001:00070fd0       ?self_destruct@@YAXPAUjpeg_common_struct@@@Z 00471fd0 f   jpeg6:jmemmgr.obj
 0001:000711d0       ?use_merged_upsample@@YAEPAUjpeg_decompress_struct@@@Z 004721d0 f   jpeg6:jdmaster.obj
 0001:00071280       ?prepare_range_limit_table@@YAXPAUjpeg_decompress_struct@@@Z 00472280 f   jpeg6:jdmaster.obj
 0001:00071310       ?master_selection@@YAXPAUjpeg_decompress_struct@@@Z 00472310 f   jpeg6:jdmaster.obj
 0001:000714a0       ?prepare_for_output_pass@@YAXPAUjpeg_decompress_struct@@@Z 004724a0 f   jpeg6:jdmaster.obj
 0001:000715e0       ?finish_output_pass@@YAXPAUjpeg_decompress_struct@@@Z 004725e0 f   jpeg6:jdmaster.obj
 0001:00071740       ?dummy_consume_data@@YAHPAUjpeg_decompress_struct@@@Z 00472740 f   jpeg6:jmemnobs.obj
 0001:00071750       ?alloc_funny_pointers@@YAXPAUjpeg_decompress_struct@@@Z 00472750 f   jpeg6:jdmainct.obj
 0001:00071800       ?make_funny_pointers@@YAXPAUjpeg_decompress_struct@@@Z 00472800 f   jpeg6:jdmainct.obj
 0001:00071940       ?set_wraparound_pointers@@YAXPAUjpeg_decompress_struct@@@Z 00472940 f   jpeg6:jdmainct.obj
 0001:00071a20       ?set_bottom_pointers@@YAXPAUjpeg_decompress_struct@@@Z 00472a20 f   jpeg6:jdmainct.obj
 0001:00071ac0       ?process_data_simple_main@@YAXPAUjpeg_decompress_struct@@PAPAEPAII@Z 00472ac0 f   jpeg6:jdmainct.obj
 0001:00071b30       ?process_data_context_main@@YAXPAUjpeg_decompress_struct@@PAPAEPAII@Z 00472b30 f   jpeg6:jdmainct.obj
 0001:00071c70       ?start_pass_main@@YAXPAUjpeg_decompress_struct@@W4J_BUF_MODE@@@Z 00472c70 f   jpeg6:jdmainct.obj
 0001:00071dc0       ?start_iMCU_row@@YAXPAUjpeg_decompress_struct@@@Z 00472dc0 f   jpeg6:jdcoefct.obj
 0001:00071e10       ?start_input_pass@@YAXPAUjpeg_decompress_struct@@@Z 00472e10 f   jpeg6:jdcoefct.obj
 0001:00071e30       ?start_output_pass@@YAXPAUjpeg_decompress_struct@@@Z 00472e30 f   jpeg6:jdcoefct.obj
 0001:00071e40       ?decompress_onepass@@YAHPAUjpeg_decompress_struct@@PAPAPAE@Z 00472e40 f   jpeg6:jdcoefct.obj
 0001:000724f0       ?process_restart@@YAEPAUjpeg_decompress_struct@@@Z 004734f0 f   jpeg6:jdhuff.obj
 0001:00072560       ?decode_mcu@@YAEPAUjpeg_decompress_struct@@PAPAY0EA@F@Z 00473560 f   jpeg6:jdhuff.obj
 0001:00072990       ?start_pass_huff_decoder@@YAXPAUjpeg_decompress_struct@@@Z 00473990 f   jpeg6:jdhuff.obj
 0001:00072b20       ?start_pass@@YAXPAUjpeg_decompress_struct@@@Z 00473b20 f   jpeg6:jddctmgr.obj
 0001:00072db0       ?post_process_1pass@@YAXPAUjpeg_decompress_struct@@PAPAPAEPAIIPAPAE2I@Z 00473db0 f   jpeg6:jdpostct.obj
 0001:00072e30       ?start_pass_dpost@@YAXPAUjpeg_decompress_struct@@W4J_BUF_MODE@@@Z 00473e30 f   jpeg6:jdpostct.obj
 0001:00072f30       ?start_pass_upsample@@YAXPAUjpeg_decompress_struct@@@Z 00473f30 f   jpeg6:jdsample.obj
 0001:00072f50       ?sep_upsample@@YAXPAUjpeg_decompress_struct@@PAPAPAEPAIIPAPAE2I@Z 00473f50 f   jpeg6:jdsample.obj
 0001:00073020       ?fullsize_upsample@@YAXPAUjpeg_decompress_struct@@PAUjpeg_component_info@@PAPAEPAPAPAE@Z 00474020 f   jpeg6:jdsample.obj
 0001:00073030       ?noop_upsample@@YAXPAUjpeg_decompress_struct@@PAUjpeg_component_info@@PAPAEPAPAPAE@Z 00474030 f   jpeg6:jdsample.obj
 0001:00073040       ?int_upsample@@YAXPAUjpeg_decompress_struct@@PAUjpeg_component_info@@PAPAEPAPAPAE@Z 00474040 f   jpeg6:jdsample.obj
 0001:00073120       ?h2v1_upsample@@YAXPAUjpeg_decompress_struct@@PAUjpeg_component_info@@PAPAEPAPAPAE@Z 00474120 f   jpeg6:jdsample.obj
 0001:00073180       ?h2v2_upsample@@YAXPAUjpeg_decompress_struct@@PAUjpeg_component_info@@PAPAEPAPAPAE@Z 00474180 f   jpeg6:jdsample.obj
 0001:000731f0       ?h2v1_fancy_upsample@@YAXPAUjpeg_decompress_struct@@PAUjpeg_component_info@@PAPAEPAPAPAE@Z 004741f0 f   jpeg6:jdsample.obj
 0001:000732b0       ?h2v2_fancy_upsample@@YAXPAUjpeg_decompress_struct@@PAUjpeg_component_info@@PAPAEPAPAPAE@Z 004742b0 f   jpeg6:jdsample.obj
 0001:000735d0       ?build_ycc_rgb_table@@YAXPAUjpeg_decompress_struct@@@Z 004745d0 f   jpeg6:jdcolor.obj
 0001:000736a0       ?ycc_rgb_convert@@YAXPAUjpeg_decompress_struct@@PAPAPAEIPAPAEH@Z 004746a0 f   jpeg6:jdcolor.obj
 0001:000737c0       ?null_convert@@YAXPAUjpeg_decompress_struct@@PAPAPAEIPAPAEH@Z 004747c0 f   jpeg6:jdcolor.obj
 0001:00073850       ?grayscale_convert@@YAXPAUjpeg_decompress_struct@@PAPAPAEIPAPAEH@Z 00474850 f   jpeg6:jdcolor.obj
 0001:00073880       ?ycck_cmyk_convert@@YAXPAUjpeg_decompress_struct@@PAPAPAEIPAPAEH@Z 00474880 f   jpeg6:jdcolor.obj
 0001:00073ef0       _DDSDecodePixelFormat      00474ef0 f   ddslib:ddslib.obj
 0001:00073fb0       _DDSGetColorBlockColors    00474fb0 f   ddslib:ddslib.obj
 0001:00074170       _DDSDecodeColorBlock       00475170 f   ddslib:ddslib.obj
 0001:00074230       _DDSDecodeAlphaExplicit    00475230 f   ddslib:ddslib.obj
 0001:00074300       _DDSDecodeAlpha3BitLinear  00475300 f   ddslib:ddslib.obj
 0001:000745b0       _DDSDecompressDXT1         004755b0 f   ddslib:ddslib.obj
 0001:00074660       _DDSDecompressDXT3         00475660 f   ddslib:ddslib.obj
 0001:00074750       _DDSDecompressDXT5         00475750 f   ddslib:ddslib.obj
 0001:00074850       _DDSDecompressDXT2         00475850 f   ddslib:ddslib.obj
 0001:00074870       _DDSDecompressDXT4         00475870 f   ddslib:ddslib.obj
 0001:00074890       _DDSDecompressARGB8888     00475890 f   ddslib:ddslib.obj
 0001:0007611c       _pre_cpp_init              0047711c f   MSVCRT:crtexe.obj
 0001:00076167       ___tmainCRTStartup         00477167 f   MSVCRT:crtexe.obj
 0001:000762dd       _pre_c_init                004772dd f   MSVCRT:crtexe.obj
 0001:0007682e       _has_osfxsr_set            0047782e f   MSVCRT:cpu_disp.obj
