 bloodmap

 Timestamp is 532df3ef (Sun Mar 23 00:34:55 2014)

 Preferred load address is 0000000140000000

 Start         Length     Name                   Class
 0001:00000000 000807aeH .text                   CODE
 0001:000807b0 0000005eH .text$00                CODE
 0001:00080810 00000061H .text$x                 CODE
 0002:00000000 000004c0H .idata$5                DATA
 0002:000004c0 00000008H .CRT$XCA                DATA
 0002:000004c8 00000008H .CRT$XCAA               DATA
 0002:000004d0 00000008H .CRT$XCZ                DATA
 0002:000004d8 00000008H .CRT$XIA                DATA
 0002:000004e0 00000008H .CRT$XIAA               DATA
 0002:000004e8 00000008H .CRT$XIY                DATA
 0002:000004f0 00000008H .CRT$XIZ                DATA
 0002:00000500 0000f940H .rdata                  DATA
 0002:0000fe40 00000042H .rdata$debug            DATA
 0002:0000fe88 00000008H .rtc$IAA                DATA
 0002:0000fe90 00000008H .rtc$IZZ                DATA
 0002:0000fe98 00000008H .rtc$TAA                DATA
 0002:0000fea0 00000008H .rtc$TZZ                DATA
 0002:0000fea8 000094e4H .xdata                  DATA
 0002:0001938c 00000078H .idata$2                DATA
 0002:00019404 00000014H .idata$3                DATA
 0002:00019418 000004c0H .idata$4                DATA
 0002:000198d8 0000072cH .idata$6                DATA
 0002:0001a004 00000000H .edata                  DATA
 0003:00000000 00014528H .data                   DATA
 0003:00014540 0f5bcdc0H .bss                    DATA
 0004:00000000 0000606cH .pdata                  DATA
 0005:00000000 00000250H .rsrc$01                DATA
 0005:00000250 000102f8H .rsrc$02                DATA

  Address         Publics by Value              Rva+Base               Lib:Object

 0000:00000000       ___safe_se_handler_count   0000000000000000     <absolute>
 0000:00000000       ___safe_se_handler_table   0000000000000000     <absolute>
 0000:00000000       __ImageBase                0000000140000000     <linker-defined>
 0001:00000000       ?IncDrawVerts@@YAXXZ       0000000140001000 f   bspfile_abstract.obj
 0001:000000d0       ?SetDrawVerts@@YAXH@Z      00000001400010d0 f   bspfile_abstract.obj
 0001:00000190       ?SetDrawSurfaces@@YAXH@Z   0000000140001190 f   bspfile_abstract.obj
 0001:00000250       ?SwapBSPFile@@YAXXZ        0000000140001250 f   bspfile_abstract.obj
 0001:00000400       ?WriteBSPFile@@YAXPEBD@Z   0000000140001400 f   bspfile_abstract.obj
 0001:000004a0       ?PrintBSPFileSizes@@YAXXZ  00000001400014a0 f   bspfile_abstract.obj
 0001:00000740       ?ParseEPair@@YAPEAUepair_s@@XZ 0000000140001740 f   bspfile_abstract.obj
 0001:000008b0       ?ParseEntity@@YA?AW4qboolean@@XZ 00000001400018b0 f   bspfile_abstract.obj
 0001:000009b0       ?ParseEntities@@YAXXZ      00000001400019b0 f   bspfile_abstract.obj
 0001:00000a50       ?UnparseEntities@@YAXW4qboolean@@@Z 0000000140001a50 f   bspfile_abstract.obj
 0001:00000d90       ?SetKeyValue@@YAXPEAUentity_t@@PEBD1@Z 0000000140001d90 f   bspfile_abstract.obj
 0001:00000ee0       ?ValueForKey@@YAPEBDPEBUentity_t@@PEBD@Z 0000000140001ee0 f   bspfile_abstract.obj
 0001:00000f50       ?IntForKey@@YAHPEBUentity_t@@PEBD@Z 0000000140001f50 f   bspfile_abstract.obj
 0001:00000fd0       ?FloatForKey@@YAMPEBUentity_t@@PEBD@Z 0000000140001fd0 f   bspfile_abstract.obj
 0001:00001040       ?GetVectorForKey@@YAXPEBUentity_t@@PEBDQEAM@Z 0000000140002040 f   bspfile_abstract.obj
 0001:00001100       ?FindTargetEntity@@YAPEAUentity_t@@PEBD@Z 0000000140002100 f   bspfile_abstract.obj
 0001:000011d0       ?GetEntityShadowFlags@@YAXPEBUentity_t@@0PEAD1@Z 00000001400021d0 f   bspfile_abstract.obj
 0001:00002570       ?LoadIBSPFile@@YAXPEBD@Z   0000000140003570 f   bspfile_ibsp.obj
 0001:00002b40       ?WriteIBSPFile@@YAXPEBD@Z  0000000140003b40 f   bspfile_ibsp.obj
 0001:00003570       ?LoadRBSPFile@@YAXPEBD@Z   0000000140004570 f   bspfile_rbsp.obj
 0001:00003d30       ?WriteRBSPFile@@YAXPEBD@Z  0000000140004d30 f   bspfile_rbsp.obj
 0001:00004400       ?AllocateDiskPage@@YAXPEAUdiskCache_t@@HH@Z 0000000140005400 f   diskcache.obj
 0001:000044f0       ?SelectDiskPage@@YAPEAUcachePage_s@@PEAUdiskCache_t@@H@Z 00000001400054f0 f   diskcache.obj
 0001:00004590       ?DeselectDiskPage@@YAXPEAUdiskCache_t@@H@Z 0000000140005590 f   diskcache.obj
 0001:00004720       ?PNGReadData@@YAXPEAUpng_struct_def@@PEAE_K@Z 0000000140005720 f   image.obj
 0001:00004b60       ?ImageFind@@YAPEAUimage_s@@PEBD@Z 0000000140005b60 f   image.obj
 0001:00004c50       ?ImageLoad@@YAPEAUimage_s@@PEBD@Z 0000000140005c50 f   image.obj
 0001:000054e0       ?FixAAS@@YAHHPEAPEAD@Z     00000001400064e0 f   main.obj
 0001:00005770       ?AnalyzeBSP@@YAHHPEAPEAD@Z 0000000140006770 f   main.obj
 0001:00005b60       ?BSPInfo@@YAHHPEAPEAD@Z    0000000140006b60 f   main.obj
 0001:00005ea0       ?ScaleBSPMain@@YAHHPEAPEAD@Z 0000000140006ea0 f   main.obj
 0001:00006e60       ?ConvertBSPMain@@YAHHPEAPEAD@Z 0000000140007e60 f   main.obj
 0001:000071b0       main                       00000001400081b0 f   main.obj
 0001:00007840       ?LerpDrawVert@@YAXPEAUbspDrawVert_t@@00@Z 0000000140008840 f   mesh.obj
 0001:00007990       ?LerpDrawVertAmount@@YAXPEAUbspDrawVert_t@@0M0@Z 0000000140008990 f   mesh.obj
 0001:00007b70       ?CopyMesh@@YAPEAUmesh_t@@PEAU1@@Z 0000000140008b70 f   mesh.obj
 0001:00007bf0       ?TransposeMesh@@YAPEAUmesh_t@@PEAU1@@Z 0000000140008bf0 f   mesh.obj
 0001:00007cf0       ?InvertMesh@@YAXPEAUmesh_t@@@Z 0000000140008cf0 f   mesh.obj
 0001:00007e30       ?MakeMeshNormals@@YAXUmesh_t@@@Z 0000000140008e30 f   mesh.obj
 0001:000083c0       ?PutMeshOnCurve@@YAXUmesh_t@@@Z 00000001400093c0 f   mesh.obj
 0001:00008710       ?SubdivideMesh@@YAPEAUmesh_t@@U1@MM@Z 0000000140009710 f   mesh.obj
 0001:00009420       ?IterationsForCurve@@YAHMH@Z 000000014000a420 f   mesh.obj
 0001:000094a0       ?SubdivideMesh2@@YAPEAUmesh_t@@U1@H@Z 000000014000a4a0 f   mesh.obj
 0001:00009d70       ?RemoveLinearMeshColumnsRows@@YAPEAUmesh_t@@PEAU1@@Z 000000014000ad70 f   mesh.obj
 0001:0000a360       ?PicoPrintFunc@@YAXHPEBD@Z 000000014000b360 f   model.obj
 0001:0000a3e0       ?PicoLoadFileFunc@@YAXPEADPEAPEAEPEAH@Z 000000014000b3e0 f   model.obj
 0001:0000a400       ?FindModel@@YAPEAUpicoModel_s@@PEADH@Z 000000014000b400 f   model.obj
 0001:0000a4d0       ?LoadModel@@YAPEAUpicoModel_s@@PEADH@Z 000000014000b4d0 f   model.obj
 0001:0000a5d0       ?InsertModel@@YAXPEADHQEAMMPEAUremap_s@@PEAUshaderInfo_s@@HDDHMHEH@Z 000000014000b5d0 f   model.obj
 0001:0000b730       ?AddTriangleModels@@YAXPEAUentity_t@@@Z 000000014000c730 f   model.obj
 0001:0000c450       ?TidyShaders@@YAXXZ        000000014000d450 f   optimize.obj
 0001:0000cbb0       ?MergeDrawSurfaces@@YAXXZ  000000014000dbb0 f   optimize.obj
 0001:0000d7d0       ?MergeDrawVerts@@YAXXZ     000000014000e7d0 f   optimize.obj
 0001:0000df10       ?OptimizeBSPMain@@YAHHPEAPEAD@Z 000000014000ef10 f   optimize.obj
 0001:0000e4a0       ?AllocateEntity@@YAPEAUentity_t@@PEAU1@@Z 000000014000f4a0 f   patchbsp.obj
 0001:0000e520       ?FindMapEntityByUniqueKey@@YAPEAUentity_t@@PEBD@Z 000000014000f520 f   patchbsp.obj
 0001:0000e630       ?PatchEntities@@YAXXZ      000000014000f630 f   patchbsp.obj
 0001:0000ebb0       ?PatchBSPMain@@YAHHPEAPEAD@Z 000000014000fbb0 f   patchbsp.obj
 0001:0000f170       ?GetGame@@YAPEAUgame_s@@PEAD@Z 0000000140010170 f   path_init.obj
 0001:0000f2c0       ?AddBasePath@@YAXPEAD@Z    00000001400102c0 f   path_init.obj
 0001:0000f360       ?AddGamePath@@YAXPEAD@Z    0000000140010360 f   path_init.obj
 0001:0000f400       ?InitPaths@@YAXPEAHPEAPEAD@Z 0000000140010400 f   path_init.obj
 0001:0000f8e0       ?ColorModBuildRandomMatrix@@YAXXZ 00000001400108e0 f   shaders.obj
 0001:0000f990       ?ColorModRandom@@YAMQEAMM@Z 0000000140010990 f   shaders.obj
 0001:0000fc60       ?ColorMod@@YAXPEAUmapDrawSurface_s@@PEAUcolorMod_s@@PEAUbrush_s@@HH@Z 0000000140010c60 f   shaders.obj
 0001:000103c0       ?TCModMultiply@@YAXQEAY02M00@Z 00000001400113c0 f   shaders.obj
 0001:00010540       ?TCModRotate@@YAXQEAY02MM@Z 0000000140011540 f   shaders.obj
 0001:00010630       ?ApplySurfaceParm@@YA?AW4qboolean@@PEADPEAH11@Z 0000000140011630 f   shaders.obj
 0001:00010780       ?BeginMapShaderFile@@YAXPEBD@Z 0000000140011780 f   shaders.obj
 0001:000108d0       ?WriteMapShaderFile@@YAXXZ 00000001400118d0 f   shaders.obj
 0001:00010a50       ?CustomShader@@YAPEAUshaderInfo_s@@PEAU1@PEAD1@Z 0000000140011a50 f   shaders.obj
 0001:00011100       ?FinishShader@@YAXPEAUshaderInfo_s@@@Z 0000000140012100 f   shaders.obj
 0001:00011830       ?ShaderInfoForShader@@YAPEAUshaderInfo_s@@PEBD@Z 0000000140012830 f   shaders.obj
 0001:00011a30       ?GetTokenAppend@@YA?AW4qboolean@@PEADW41@@Z 0000000140012a30 f   shaders.obj
 0001:00011b30       ?Parse1DMatrixAppend@@YAXPEADHPEAM@Z 0000000140012b30 f   shaders.obj
 0001:000144f0       ?LoadShaderInfo@@YAXXZ     00000001400154f0 f   shaders.obj
 0001:00014810       ?SetSurfaceExtra@@YAXPEAUmapDrawSurface_s@@H@Z 0000000140015810 f   surface_extra.obj
 0001:000148c0       ?WriteSurfaceExtraFile@@YAXPEBD@Z 00000001400158c0 f   surface_extra.obj
 0001:00014c50       ?LoadSurfaceExtraFile@@YAXPEBD@Z 0000000140015c50 f   surface_extra.obj
 0001:00015120       ?safe_malloc_f@@YAPEAX_K@Z 0000000140016120 f   cmdlib.obj
 0001:00015160       ?safe_malloc_log@@YAPEAX_KPEBDH@Z 0000000140016160 f   cmdlib.obj
 0001:000152b0       ?safe_malloc_logend@@YAXXZ 00000001400162b0 f   cmdlib.obj
 0001:00015350       ?ExpandArg@@YAPEADPEBD@Z   0000000140016350 f   cmdlib.obj
 0001:000153e0       ?ExpandPath@@YAPEADPEBD@Z  00000001400163e0 f   cmdlib.obj
 0001:00015450       ?Q_getwd@@YAXPEAD@Z        0000000140016450 f   cmdlib.obj
 0001:000154b0       ?LoadFile@@YAHPEBDPEAPEAX@Z 00000001400164b0 f   cmdlib.obj
 0001:000155a0       ?DefaultExtension@@YAXPEADPEBD@Z 00000001400165a0 f   cmdlib.obj
 0001:00015610       ?LBMRLEDecompress@@YAPEAEPEAE0H@Z 0000000140016610 f   imagelib.obj
 0001:000156e0       ?LoadLBM@@YAXPEBDPEAPEAE1@Z 00000001400166e0 f   imagelib.obj
 0001:00015ad0       ?LoadPCX@@YAXPEBDPEAPEAE1PEAH2@Z 0000000140016ad0 f   imagelib.obj
 0001:00015d70       ?LoadBMP@@YAXPEBDPEAPEAE1PEAH2@Z 0000000140016d70 f   imagelib.obj
 0001:00016390       ?Load256Image@@YAXPEBDPEAPEAE1PEAH2@Z 0000000140017390 f   imagelib.obj
 0001:000165a0       ?TargaError@@YAXPEAU_TargaHeader@@PEBD@Z 00000001400175a0 f   imagelib.obj
 0001:00016650       ?LoadTGABuffer@@YAXPEBE0PEAPEAEPEAH2@Z 0000000140017650 f   imagelib.obj
 0001:00016d20       ?LoadTGA@@YAXPEBDPEAPEAEPEAH2@Z 0000000140017d20 f   imagelib.obj
 0001:00016db0       ?WriteTGA@@YAXPEBDPEAEHH@Z 0000000140017db0 f   imagelib.obj
 0001:00016ec0       ?Load32BitImage@@YAXPEBDPEAPEAIPEAH2@Z 0000000140017ec0 f   imagelib.obj
 0001:00017070       ?xml_SendNode@@YAXPEAU_xmlNode@@@Z 0000000140018070 f   inout.obj
 0001:00017190       ?xml_Select@@YAXPEADHHW4qboolean@@@Z 0000000140018190 f   inout.obj
 0001:000172d0       ?xml_Winding@@YAXPEADQEAY02MHW4qboolean@@@Z 00000001400182d0 f   inout.obj
 0001:00017470       ?Broadcast_Shutdown@@YAXXZ 0000000140018470 f   inout.obj
 0001:000174b0       ?Sys_FPrintf@@YAXHPEBDZZ   00000001400184b0 f   inout.obj
 0001:000175e0       ?Sys_Printf@@YAXPEBDZZ     00000001400185e0 f   inout.obj
 0001:000176e0       ?Error@@YAXPEBDZZ          00000001400186e0 f   inout.obj
 0001:00017830       ?MD4Update@@YAXPEAUMD4_CTX_s@@PEAEI@Z 0000000140018830 f   md4.obj
 0001:00017900       ?MD4Final@@YAXQEAEPEAUMD4_CTX_s@@@Z 0000000140018900 f   md4.obj
 0001:00017fb0       ?AllocWinding@@YAPEAUwinding_t@@H@Z 0000000140018fb0 f   polylib.obj
 0001:00018050       ?FreeWinding@@YAXPEAUwinding_t@@@Z 0000000140019050 f   polylib.obj
 0001:00018090       ?WindingArea@@YAMPEAUwinding_t@@@Z 0000000140019090 f   polylib.obj
 0001:000181f0       ?BaseWindingForPlane@@YAPEAUwinding_t@@QEAMM@Z 00000001400191f0 f   polylib.obj
 0001:00018550       ?ReverseWinding@@YAPEAUwinding_t@@PEAU1@@Z 0000000140019550 f   polylib.obj
 0001:00018660       ?ClipWindingEpsilon@@YAXPEAUwinding_t@@QEAMMMPEAPEAU1@2@Z 0000000140019660 f   polylib.obj
 0001:00018ae0       ?ChopWindingInPlace@@YAXPEAPEAUwinding_t@@QEAMMM@Z 0000000140019ae0 f   polylib.obj
 0001:00018ea0       ?WindingOnPlaneSide@@YAHPEAUwinding_t@@QEAMM@Z 0000000140019ea0 f   polylib.obj
 0001:00018fc0       ?AddWindingToConvexHull@@YAXPEAUwinding_t@@PEAPEAU1@QEAM@Z 0000000140019fc0 f   polylib.obj
 0001:00019610       ?AddScriptToStack@@YAXPEBDH@Z 000000014001a610 f   scriplib.obj
 0001:00019710       ?EndOfScript@@YA?AW4qboolean@@W41@@Z 000000014001a710 f   scriplib.obj
 0001:000197f0       ?GetToken@@YA?AW4qboolean@@W41@@Z 000000014001a7f0 f   scriplib.obj
 0001:00019b20       ?TokenAvailable@@YA?AW4qboolean@@XZ 000000014001ab20 f   scriplib.obj
 0001:00019b60       ?MatchToken@@YAXPEAD@Z     000000014001ab60 f   scriplib.obj
 0001:00019bc0       ?Parse1DMatrix@@YAXHPEAM@Z 000000014001abc0 f   scriplib.obj
 0001:00019cb0       ?Parse2DMatrix@@YAXHHPEAM@Z 000000014001acb0 f   scriplib.obj
 0001:00019d80       ?GetThreadWork@@YAHXZ      000000014001ad80 f   threads.obj
 0001:00019ec0       ?ThreadWorkerFunction@@YAXH@Z 000000014001aec0 f   threads.obj
 0001:00019ef0       ?RunThreadsOn@@YAXHW4qboolean@@P6AXH@Z@Z 000000014001aef0 f   threads.obj
 0001:0001a1c0       ?unzOpen@@YAPEAXPEBD@Z     000000014001b1c0 f   unzip.obj
 0001:0001a770       ?unzGoToFirstFile@@YAHPEAX@Z 000000014001b770 f   unzip.obj
 0001:0001a7d0       ?unzGoToNextFile@@YAHPEAX@Z 000000014001b7d0 f   unzip.obj
 0001:0001aa50       ?unzOpenCurrentFile@@YAHPEAX@Z 000000014001ba50 f   unzip.obj
 0001:0001abd0       ?unzReadCurrentFile@@YAHPEAX0I@Z 000000014001bbd0 f   unzip.obj
 0001:0001ae00       ?unzCloseCurrentFile@@YAHPEAX@Z 000000014001be00 f   unzip.obj
 0001:0001aeb0       ?crc32@@YAKKPEBEI@Z        000000014001beb0 f   unzip.obj
 0001:0001b000       ?inflate_blocks_reset@@YAXPEAUinflate_blocks_state@@PEAUz_stream_s@@PEAK@Z 000000014001c000 f   unzip.obj
 0001:0001b080       ?inflate_blocks_new@@YAPEAUinflate_blocks_state@@PEAUz_stream_s@@P6AKKPEBEI@ZI@Z 000000014001c080 f   unzip.obj
 0001:0001b160       ?inflate_blocks@@YAHPEAUinflate_blocks_state@@PEAUz_stream_s@@H@Z 000000014001c160 f   unzip.obj
 0001:0001bd40       ?inflate_blocks_free@@YAHPEAUinflate_blocks_state@@PEAUz_stream_s@@@Z 000000014001cd40 f   unzip.obj
 0001:0001bde0       ?inflate_flush@@YAHPEAUinflate_blocks_state@@PEAUz_stream_s@@H@Z 000000014001cde0 f   unzip.obj
 0001:0001c400       ?inflate_trees_bits@@YAHPEAI0PEAPEAUinflate_huft_s@@PEAU1@PEAUz_stream_s@@@Z 000000014001d400 f   unzip.obj
 0001:0001c4e0       ?inflate_fast@@YAHIIPEAUinflate_huft_s@@0PEAUinflate_blocks_state@@PEAUz_stream_s@@@Z 000000014001d4e0 f   unzip.obj
 0001:0001c870       ?inflate_codes_new@@YAPEAUinflate_codes_state@@IIPEAUinflate_huft_s@@0PEAUz_stream_s@@@Z 000000014001d870 f   unzip.obj
 0001:0001c8e0       ?inflate_codes@@YAHPEAUinflate_blocks_state@@PEAUz_stream_s@@H@Z 000000014001d8e0 f   unzip.obj
 0001:0001cee0       ?adler32@@YAKKPEBEI@Z      000000014001dee0 f   unzip.obj
 0001:0001d050       ?inflateReset@@YAHPEAUz_stream_s@@@Z 000000014001e050 f   unzip.obj
 0001:0001d110       ?inflateEnd@@YAHPEAUz_stream_s@@@Z 000000014001e110 f   unzip.obj
 0001:0001d170       ?inflateInit2_@@YAHPEAUz_stream_s@@HPEBDH@Z 000000014001e170 f   unzip.obj
 0001:0001d260       ?inflate@@YAHPEAUz_stream_s@@H@Z 000000014001e260 f   unzip.obj
 0001:0001d6e0       ?zcalloc@@YAPEAEPEAEII@Z   000000014001e6e0 f   unzip.obj
 0001:0001d700       ?zcfree@@YAXPEAE0@Z        000000014001e700 f   unzip.obj
 0001:0001d8a0       ?vfsInitDirectory@@YAXPEBD@Z 000000014001e8a0 f   vfs.obj
 0001:0001da70       ?vfsGetFileCount@@YAHPEBD@Z 000000014001ea70 f   vfs.obj
 0001:0001dbf0       ?vfsLoadFile@@YAHPEBDPEAPEAXH@Z 000000014001ebf0 f   vfs.obj
 0001:0001df40       ?AllocSideRef@@YAPEAUsideRef_s@@PEAUside_s@@PEAU1@@Z 000000014001ef40 f   brush.obj
 0001:0001df90       ?AllocBrush@@YAPEAUbrush_s@@H@Z 000000014001ef90 f   brush.obj
 0001:0001e010       ?FreeBrush@@YAXPEAUbrush_s@@@Z 000000014001f010 f   brush.obj
 0001:0001e100       ?CopyBrush@@YAPEAUbrush_s@@PEAU1@@Z 000000014001f100 f   brush.obj
 0001:0001e1d0       ?BoundBrush@@YA?AW4qboolean@@PEAUbrush_s@@@Z 000000014001f1d0 f   brush.obj
 0001:0001e2c0       ?SnapWeldVector@@YAXQEAM00@Z 000000014001f2c0 f   brush.obj
 0001:0001e400       ?FixWinding@@YA?AW4qboolean@@PEAUwinding_t@@@Z 000000014001f400 f   brush.obj
 0001:0001e570       ?CreateBrushWindings@@YA?AW4qboolean@@PEAUbrush_s@@@Z 000000014001f570 f   brush.obj
 0001:0001e6d0       ?BrushVolume@@YAMPEAUbrush_s@@@Z 000000014001f6d0 f   brush.obj
 0001:0001e800       ?WriteBSPBrushMap@@YAXPEADPEAUbrush_s@@@Z 000000014001f800 f   brush.obj
 0001:0001e9e0       ?FilterBrushIntoTree_r@@YAHPEAUbrush_s@@PEAUnode_s@@@Z 000000014001f9e0 f   brush.obj
 0001:0001eab0       ?FilterDetailBrushesIntoTree@@YAXPEAUentity_t@@PEAUtree_t@@@Z 000000014001fab0 f   brush.obj
 0001:0001eb80       ?FilterStructuralBrushesIntoTree@@YAXPEAUentity_t@@PEAUtree_t@@@Z 000000014001fb80 f   brush.obj
 0001:0001ec50       ?WindingIsTiny@@YA?AW4qboolean@@PEAUwinding_t@@@Z 000000014001fc50 f   brush.obj
 0001:0001ed30       ?BrushMostlyOnSide@@YAHPEAUbrush_s@@PEAUplane_s@@@Z 000000014001fd30 f   brush.obj
 0001:0001efb0       ?SplitBrush@@YAXPEAUbrush_s@@HPEAPEAU1@1@Z 000000014001ffb0 f   brush.obj
 0001:0001f760       ?ComputeAxisBase@@YAXQEAM00@Z 0000000140020760 f   brush_primit.obj
 0001:0001f8c0       ?SetCloneModelNumbers@@YAXXZ 00000001400208c0 f   bsp.obj
 0001:0001fd00       ?ProcessWorldModel@@YAXXZ  0000000140020d00 f   bsp.obj
 0001:00020890       ?ProcessSubModel@@YAXXZ    0000000140021890 f   bsp.obj
 0001:00020b20       ?ProcessModels@@YAXXZ      0000000140021b20 f   bsp.obj
 0001:00020d00       ?BSPMain@@YAHHPEAPEAD@Z    0000000140021d00 f   bsp.obj
 0001:00022ce0       ?ProcessDecals@@YAXXZ      0000000140023ce0 f   decals.obj
 0001:000241d0       ?MakeEntityDecals@@YAXPEAUentity_t@@@Z 00000001400251d0 f   decals.obj
 0001:00024550       ?FreeNode@@YAXPEAUdnode_s@@@Z 0000000140025550 f   decorations.obj
 0001:000245c0       ?FreeNodesArray@@YAXPEAUdnode_s@@H@Z 00000001400255c0 f   decorations.obj
 0001:000246c0       ?AddNextNode@@YAXPEAUdnode_s@@PEADPEAX@Z 00000001400256c0 f   decorations.obj
 0001:00024740       ?AddNextNodeRandom@@YAXPEAUdnode_s@@PEADPEAX@Z 0000000140025740 f   decorations.obj
 0001:00024810       ?NewDecoreGroup@@YAPEAUdgroup_s@@PEADW4dmatch_t@@@Z 0000000140025810 f   decorations.obj
 0001:00024900       ?PopulateDecoreGroup@@YA?AW4qboolean@@PEAUentity_t@@W4dmatch_t@@PEAD@Z 0000000140025900 f   decorations.obj
 0001:00024a30       ?DecoreParseActions@@YAXPEAUdactions_s@@@Z 0000000140025a30 f   decorations.obj
 0001:00025070       ?DecoreParseOptions@@YAXXZ 0000000140026070 f   decorations.obj
 0001:00025530       ?LoadDecorationScript@@YAXXZ 0000000140026530 f   decorations.obj
 0001:000259a0       ?EntityProcessActions@@YAXPEAUentity_t@@PEAUdactions_s@@@Z 00000001400269a0 f   decorations.obj
 0001:00025b70       ?MergeModelsForGroup@@YAHPEAUdgroup_s@@PEAUdnode_s@@H@Z 0000000140026b70 f   decorations.obj
 0001:00026120       ?ImportRtlights@@YAXXZ     0000000140027120 f   decorations.obj
 0001:00026ae0       ?ProcessDecorations@@YAXXZ 0000000140027ae0 f   decorations.obj
 0001:00027230       ?BuildFaceTree_r@@YAXPEAUnode_s@@PEAUface_s@@@Z 0000000140028230 f   facebsp.obj
 0001:00027600       ?FaceBSP@@YAPEAUtree_t@@PEAUface_s@@@Z 0000000140028600 f   facebsp.obj
 0001:000277a0       ?MakeStructuralBSPFaceList@@YAPEAUface_s@@PEAUbrush_s@@@Z 00000001400287a0 f   facebsp.obj
 0001:00027900       ?MakeVisibleBSPFaceList@@YAPEAUface_s@@PEAUbrush_s@@@Z 0000000140028900 f   facebsp.obj
 0001:00027a60       ?DrawSurfToMesh@@YAPEAUmesh_t@@PEAUmapDrawSurface_s@@@Z 0000000140028a60 f   fog.obj
 0001:00027b00       ?SplitMeshByPlane@@YAXPEAUmesh_t@@QEAMMPEAPEAU1@2@Z 0000000140028b00 f   fog.obj
 0001:000282a0       ?ChopPatchSurfaceByBrush@@YA?AW4qboolean@@PEAUentity_t@@PEAUmapDrawSurface_s@@PEAUbrush_s@@@Z 00000001400292a0 f   fog.obj
 0001:00028500       ?WindingFromDrawSurf@@YAPEAUwinding_t@@PEAUmapDrawSurface_s@@@Z 0000000140029500 f   fog.obj
 0001:00028740       ?ChopFaceSurfaceByBrush@@YA?AW4qboolean@@PEAUentity_t@@PEAUmapDrawSurface_s@@PEAUbrush_s@@@Z 0000000140029740 f   fog.obj
 0001:00028aa0       ?FogDrawSurfaces@@YAXPEAUentity_t@@@Z 0000000140029aa0 f   fog.obj
 0001:00028cb0       ?FogForBounds@@YAHQEAM0M@Z 0000000140029cb0 f   fog.obj
 0001:00028e30       ?CreateMapFogs@@YAXXZ      0000000140029e30 f   fog.obj
 0001:00029170       ?LeakFile@@YAPEAU_xmlNode@@PEAUtree_t@@@Z 000000014002a170 f   leakfile.obj
 0001:000295f0       ?CreateNewFloatPlane@@YAHQEAMM@Z 000000014002a5f0 f   map.obj
 0001:000297f0       ?SnapNormal@@YAXQEAM@Z     000000014002a7f0 f   map.obj
 0001:00029890       ?FindFloatPlane@@YAHQEAMMHPEAY02M@Z 000000014002a890 f   map.obj
 0001:00029be0       ?MapPlaneFromPoints@@YAHPEAY02M@Z 000000014002abe0 f   map.obj
 0001:00029cd0       ?SetBrushContents@@YAXPEAUbrush_s@@@Z 000000014002acd0 f   map.obj
 0001:00029dc0       ?AddBrushBevels@@YAXXZ     000000014002adc0 f   map.obj
 0001:0002ab10       ?FinishBrush@@YAPEAUbrush_s@@XZ 000000014002bb10 f   map.obj
 0001:0002ad30       ?TextureAxisFromPlane@@YAXPEAUplane_s@@QEAM1@Z 000000014002bd30 f   map.obj
 0001:0002af00       ?QuakeTextureVecs@@YAXPEAUplane_s@@QEAMM1QEAY03M@Z 000000014002bf00 f   map.obj
 0001:0002b7b0       ?RemoveDuplicateBrushPlanes@@YA?AW4qboolean@@PEAUbrush_s@@@Z 000000014002c7b0 f   map.obj
 0001:0002bcd0       ?MoveBrushesToWorld@@YAXPEAUentity_t@@@Z 000000014002ccd0 f   map.obj
 0001:0002bdd0       ?AdjustBrushesForOrigin@@YAXPEAUentity_t@@@Z 000000014002cdd0 f   map.obj
 0001:0002bf20       ?SetEntityBounds@@YAXPEAUentity_t@@@Z 000000014002cf20 f   map.obj
 0001:0002c2a0       ?LoadEntityIndexMap@@YAXPEAUentity_t@@@Z 000000014002d2a0 f   map.obj
 0001:0002cfa0       ?LoadMapFile@@YAXPEADW4qboolean@@@Z 000000014002dfa0 f   map.obj
 0001:0002de80       ?ParsePatch@@YAXW4qboolean@@@Z 000000014002ee80 f   patch.obj
 0001:0002e670       ?PatchMapDrawSurfs@@YAXPEAUentity_t@@@Z 000000014002f670 f   patch.obj
 0001:0002ec30       ?MakeHeadnodePortals@@YAXPEAUtree_t@@@Z 000000014002fc30 f   portals.obj
 0001:0002ef30       ?BaseWindingForNode@@YAPEAUwinding_t@@PEAUnode_s@@@Z 000000014002ff30 f   portals.obj
 0001:0002f040       ?MakeNodePortal@@YAXPEAUnode_s@@@Z 0000000140030040 f   portals.obj
 0001:0002f280       ?SplitNodePortals@@YAXPEAUnode_s@@@Z 0000000140030280 f   portals.obj
 0001:0002f9f0       ?CalcNodeBounds@@YAXPEAUnode_s@@@Z 00000001400309f0 f   portals.obj
 0001:0002fa80       ?MakeTreePortals_r@@YAXPEAUnode_s@@@Z 0000000140030a80 f   portals.obj
 0001:0002fba0       ?FloodPortals_r@@YAXPEAUnode_s@@HW4qboolean@@@Z 0000000140030ba0 f   portals.obj
 0001:0002fc40       ?FloodEntities@@YA?AW4qboolean@@PEAUtree_t@@@Z 0000000140030c40 f   portals.obj
 0001:00030210       ?FloodAreas_r@@YAXPEAUnode_s@@@Z 0000000140031210 f   portals.obj
 0001:00030350       ?FindAreas_r@@YAXPEAUnode_s@@@Z 0000000140031350 f   portals.obj
 0001:000303a0       ?FloodSkyboxArea_r@@YAXPEAUnode_s@@@Z 00000001400313a0 f   portals.obj
 0001:000303f0       ?FloodAreas@@YAXPEAUtree_t@@@Z 00000001400313f0 f   portals.obj
 0001:000304a0       ?FillOutside_r@@YAXPEAUnode_s@@@Z 00000001400314a0 f   portals.obj
 0001:00030500       ?FillOutside@@YAXPEAUnode_s@@@Z 0000000140031500 f   portals.obj
 0001:000305c0       ?WriteFloat@@YAXPEAU_iobuf@@M@Z 00000001400315c0 f   prtfile.obj
 0001:00030650       ?WritePortalFile_r@@YAXPEAUnode_s@@@Z 0000000140031650 f   prtfile.obj
 0001:00030970       ?WriteFaceFile_r@@YAXPEAUnode_s@@@Z 0000000140031970 f   prtfile.obj
 0001:00030bb0       ?NumberLeafs_r@@YAXPEAUnode_s@@@Z 0000000140031bb0 f   prtfile.obj
 0001:00030ce0       ?NumberClusters@@YAXPEAUtree_t@@@Z 0000000140031ce0 f   prtfile.obj
 0001:00030d60       ?WritePortalFile@@YAXPEAUtree_t@@@Z 0000000140031d60 f   prtfile.obj
 0001:00030e60       ?AllocDrawSurface@@YAPEAUmapDrawSurface_s@@W4surfaceType_t@@@Z 0000000140031e60 f   surface.obj
 0001:00030f10       ?FinishSurface@@YAXPEAUmapDrawSurface_s@@@Z 0000000140031f10 f   surface.obj
 0001:00030fd0       ?CloneSurface@@YAPEAUmapDrawSurface_s@@PEAU1@PEAUshaderInfo_s@@@Z 0000000140031fd0 f   surface.obj
 0001:000310d0       ?IsTriangleDegenerate@@YA?AW4qboolean@@PEAUbspDrawVert_t@@HHH@Z 00000001400320d0 f   surface.obj
 0001:000311c0       ?ClearSurface@@YAXPEAUmapDrawSurface_s@@@Z 00000001400321c0 f   surface.obj
 0001:00031220       ?TidyEntitySurfaces@@YAXPEAUentity_t@@@Z 0000000140032220 f   surface.obj
 0001:000313a0       ?CalcSurfaceTextureRange@@YA?AW4qboolean@@PEAUmapDrawSurface_s@@@Z 00000001400323a0 f   surface.obj
 0001:00031600       ?CalcLightmapAxis@@YA?AW4qboolean@@QEAM0@Z 0000000140032600 f   surface.obj
 0001:00031710       ?ClassifySurfaces@@YAXHPEAUmapDrawSurface_s@@@Z 0000000140032710 f   surface.obj
 0001:00031bc0       ?ClassifyEntitySurfaces@@YAXPEAUentity_t@@@Z 0000000140032bc0 f   surface.obj
 0001:00031c50       ?GetShaderIndexForPoint@@YAEPEAUindexMap_s@@QEAM11@Z 0000000140032c50 f   surface.obj
 0001:00031d40       ?GetIndexedShader@@YAPEAUshaderInfo_s@@PEAU1@PEAUindexMap_s@@HPEAE@Z 0000000140032d40 f   surface.obj
 0001:00031f60       ?DrawSurfaceForSide@@YAPEAUmapDrawSurface_s@@PEAUentity_t@@PEAUbrush_s@@PEAUside_s@@PEAUwinding_t@@@Z 0000000140032f60 f   surface.obj
 0001:00032970       ?DrawSurfaceForMesh@@YAPEAUmapDrawSurface_s@@PEAUentity_t@@PEAUparseMesh_s@@PEAUmesh_t@@@Z 0000000140033970 f   surface.obj
 0001:00033400       ?DrawSurfaceForFlare@@YAPEAUmapDrawSurface_s@@HQEAM00PEADH@Z 0000000140034400 f   surface.obj
 0001:00033940       ?SubdivideFaceSurfaces@@YAXPEAUentity_t@@PEAUtree_t@@@Z 0000000140034940 f   surface.obj
 0001:00033ca0       ?ClipSideIntoTree_r@@YAXPEAUwinding_t@@PEAUside_s@@PEAUnode_s@@@Z 0000000140034ca0 f   surface.obj
 0001:00033db0       ?SideInBrush@@YA?AW4qboolean@@PEAUside_s@@PEAUbrush_s@@@Z 0000000140034db0 f   surface.obj
 0001:00033ea0       ?CullSides@@YAXPEAUentity_t@@@Z 0000000140034ea0 f   surface.obj
 0001:000344c0       ?ClipSidesIntoTree@@YAXPEAUentity_t@@PEAUtree_t@@@Z 00000001400354c0 f   surface.obj
 0001:00034670       ?AddReferenceToLeaf@@YAHPEAUmapDrawSurface_s@@PEAUnode_s@@@Z 0000000140035670 f   surface.obj
 0001:00034720       ?AddReferenceToTree_r@@YAHPEAUmapDrawSurface_s@@PEAUnode_s@@W4qboolean@@@Z 0000000140035720 f   surface.obj
 0001:000347f0       ?FilterPointIntoTree_r@@YAHQEAMPEAUmapDrawSurface_s@@PEAUnode_s@@@Z 00000001400357f0 f   surface.obj
 0001:000348d0       ?FilterWindingIntoTree_r@@YAHPEAUwinding_t@@PEAUmapDrawSurface_s@@PEAUnode_s@@@Z 00000001400358d0 f   surface.obj
 0001:000356e0       ?EmitDrawVerts@@YAXPEAUmapDrawSurface_s@@PEAUbspDrawSurface_t@@@Z 00000001400366e0 f   surface.obj
 0001:000358b0       ?FindDrawIndexes@@YAHHPEAH@Z 00000001400368b0 f   surface.obj
 0001:00035a10       ?EmitDrawIndexes@@YAXPEAUmapDrawSurface_s@@PEAUbspDrawSurface_t@@@Z 0000000140036a10 f   surface.obj
 0001:00035af0       ?EmitFlareSurface@@YAXPEAUmapDrawSurface_s@@@Z 0000000140036af0 f   surface.obj
 0001:00035c20       ?EmitPatchSurface@@YAXPEAUentity_t@@PEAUmapDrawSurface_s@@@Z 0000000140036c20 f   surface.obj
 0001:00036e40       ?MakeFogHullSurfs@@YAXPEAUentity_t@@PEAUtree_t@@PEAD@Z 0000000140037e40 f   surface.obj
 0001:00037210       ?AddSurfaceModelsToTriangle_r@@YAHPEAUmapDrawSurface_s@@PEAUsurfaceModel_s@@PEAPEAUbspDrawVert_t@@@Z 0000000140038210 f   surface.obj
 0001:000377b0       ?AddSurfaceModels@@YAHPEAUmapDrawSurface_s@@@Z 00000001400387b0 f   surface.obj
 0001:000381e0       ?FixVertexAlpha@@YAHPEAUentity_t@@@Z 00000001400391e0 f   surface.obj
 0001:00038590       ?FilterDrawsurfsIntoTree@@YAXPEAUentity_t@@PEAUtree_t@@@Z 0000000140039590 f   surface.obj
 0001:00039250       ?Foliage@@YAXPEAUmapDrawSurface_s@@@Z 000000014003a250 f   surface_foliage.obj
 0001:000397c0       ?Fur@@YAXPEAUmapDrawSurface_s@@@Z 000000014003a7c0 f   surface_fur.obj
 0001:00039bb0       ?FindMetaTriangle@@YAHPEAUmetaTriangle_s@@PEAUbspDrawVert_t@@11H@Z 000000014003abb0 f   surface_meta.obj
 0001:0003a060       ?TriangulatePatchSurface@@YAXPEAUentity_t@@PEAUmapDrawSurface_s@@@Z 000000014003b060 f   surface_meta.obj
 0001:0003a580       ?FanFaceSurface@@YAXPEAUmapDrawSurface_s@@@Z 000000014003b580 f   surface_meta.obj
 0001:0003a8c0       ?StripFaceSurface@@YAXPEAUmapDrawSurface_s@@@Z 000000014003b8c0 f   surface_meta.obj
 0001:0003abd0       ?EmitMetaStats@@YAXXZ      000000014003bbd0 f   surface_meta.obj
 0001:0003ac80       ?MakeEntityMetaTriangles@@YAXPEAUentity_t@@@Z 000000014003bc80 f   surface_meta.obj
 0001:0003ae90       ?SmoothMetaTriangles@@YAXXZ 000000014003be90 f   surface_meta.obj
 0001:0003b880       ?AddMetaVertToSurface@@YAHPEAUmapDrawSurface_s@@PEAUbspDrawVert_t@@PEAH@Z 000000014003c880 f   surface_meta.obj
 0001:0003c5d0       ?MergeMetaTriangles@@YAXXZ 000000014003d5d0 f   surface_meta.obj
 0001:0003c770       ?InsertPointOnEdge@@YAXQEAMPEAUedgeLine_s@@@Z 000000014003d770 f   tjunction.obj
 0001:0003c8a0       ?AddEdge@@YAHQEAM0W4qboolean@@@Z 000000014003d8a0 f   tjunction.obj
 0001:0003cd60       ?AddSurfaceEdges@@YAXPEAUmapDrawSurface_s@@@Z 000000014003dd60 f   tjunction.obj
 0001:0003cdf0       ?ColinearEdge@@YA?AW4qboolean@@QEAM00@Z 000000014003ddf0 f   tjunction.obj
 0001:0003cf10       ?AddPatchEdges@@YAXPEAUmapDrawSurface_s@@@Z 000000014003df10 f   tjunction.obj
 0001:0003d0e0       ?FixSurfaceJunctions@@YAXPEAUmapDrawSurface_s@@@Z 000000014003e0e0 f   tjunction.obj
 0001:0003d660       ?FixBrokenSurface@@YA?AW4qboolean@@PEAUmapDrawSurface_s@@@Z 000000014003e660 f   tjunction.obj
 0001:0003d8e0       ?EdgeCompare@@YAHPEBX0@Z   000000014003e8e0 f   tjunction.obj
 0001:0003d8f0       ?FixTJunctions@@YAXPEAUentity_t@@@Z 000000014003e8f0 f   tjunction.obj
 0001:0003dbb0       ?FreeTreePortals_r@@YAXPEAUnode_s@@@Z 000000014003ebb0 f   tree.obj
 0001:0003dd40       ?FreeTree_r@@YAXPEAUnode_s@@@Z 000000014003ed40 f   tree.obj
 0001:0003dda0       ?FreeTree@@YAXPEAUtree_t@@@Z 000000014003eda0 f   tree.obj
 0001:0003de20       ?EmitShader@@YAHPEBDPEAH1@Z 000000014003ee20 f   writebsp.obj
 0001:0003df90       ?EmitPlanes@@YAXXZ         000000014003ef90 f   writebsp.obj
 0001:0003e0e0       ?EmitLeaf@@YAXPEAUnode_s@@@Z 000000014003f0e0 f   writebsp.obj
 0001:0003e240       ?EmitDrawNode_r@@YAHPEAUnode_s@@@Z 000000014003f240 f   writebsp.obj
 0001:0003e370       ?SetModelNumbers@@YAXXZ    000000014003f370 f   writebsp.obj
 0001:0003e410       ?SetLightStyles@@YAXXZ     000000014003f410 f   writebsp.obj
 0001:0003e760       ?EndBSPFile@@YAXXZ         000000014003f760 f   writebsp.obj
 0001:0003e850       ?EmitBrushes@@YAXPEAUbrush_s@@PEAH1@Z 000000014003f850 f   writebsp.obj
 0001:0003eb40       ?EmitFogs@@YAXXZ           000000014003fb40 f   writebsp.obj
 0001:0003ec60       ?BeginModel@@YAXXZ         000000014003fc60 f   writebsp.obj
 0001:0003efa0       ?EndModel@@YAXPEAUentity_t@@PEAUnode_s@@@Z 000000014003ffa0 f   writebsp.obj
 0001:0003f5d0       ?CreateEntityLights@@YAXXZ 00000001400405d0 f   light.obj
 0001:000403e0       ?CreateSurfaceLights@@YAXXZ 00000001400413e0 f   light.obj
 0001:00040760       ?SetEntityOrigins@@YAXXZ   0000000140041760 f   light.obj
 0001:000409e0       ?PointToPolygonFormFactor@@YAMQEBM0PEBUwinding_t@@@Z 00000001400419e0 f   light.obj
 0001:00040cb0       ?LightContribution@@YAHPEAUtrace_t@@HW4qboolean@@@Z 0000000140041cb0 f   light.obj
 0001:00041440       ?LightContributionAllStyles@@YAXPEAUtrace_t@@QEAEQEAY02MHW4qboolean@@@Z 0000000140042440 f   light.obj
 0001:000416c0       ?TraceGrid@@YAXH@Z         00000001400426c0 f   light.obj
 0001:00041f60       ?SetupGrid@@YAXXZ          0000000140042f60 f   light.obj
 0001:000423b0       ?LightWorld@@YAXXZ         00000001400433b0 f   light.obj
 0001:000431c0       ?LightMain@@YAHHPEAPEAD@Z  00000001400441c0 f   light.obj
 0001:000452c0       ?RadFreeLights@@YAXXZ      00000001400462c0 f   light_bounce.obj
 0001:00045770       ?RadSampleImage@@YA?AW4qboolean@@PEAEHHQEAM1@Z 0000000140046770 f   light_bounce.obj
 0001:00046940       ?RadLightForTriangles@@YAXHHPEAUrawLightmap_s@@PEAUshaderInfo_s@@MMPEAUclipWork_t@@@Z 0000000140047940 f   light_bounce.obj
 0001:00046b30       ?RadLightForPatch@@YAXHHPEAUrawLightmap_s@@PEAUshaderInfo_s@@MMPEAUclipWork_t@@@Z 0000000140047b30 f   light_bounce.obj
 0001:000470b0       ?RadLight@@YAXH@Z          00000001400480b0 f   light_bounce.obj
 0001:000472a0       ?RadCreateDiffuseLights@@YAXXZ 00000001400482a0 f   light_bounce.obj
 0001:00047b70       ?ClipTraceWinding@@YAXPEAUtraceWinding_s@@QEAM00@Z 0000000140048b70 f   light_trace.obj
 0001:000499c0       ?SetupTraceNodes@@YAXXZ    000000014004a9c0 f   light_trace.obj
 0001:00049bf0       ?TraceTriangle@@YA?AW4qboolean@@PEAUtraceInfo_s@@PEAUtraceTriangle_s@@PEAUtrace_t@@@Z 000000014004abf0 f   light_trace.obj
 0001:0004a5a0       ?TraceLine@@YAXPEAUtrace_t@@@Z 000000014004b5a0 f   light_trace.obj
 0001:0004a780       ?SetupTrace@@YAMPEAUtrace_t@@@Z 000000014004b780 f   light_trace.obj
 0001:0004a800       ?ColorToBytes@@YAXPEBMPEAEM@Z 000000014004b800 f   light_ydnar.obj
 0001:0004aa30       ?SmoothNormals@@YAXXZ      000000014004ba30 f   light_ydnar.obj
 0001:0004cf70       ?MapRawLightmap@@YAXH@Z    000000014004df70 f   light_ydnar.obj
 0001:0004dd40       ?EnableDirtForEntity@@YAXH@Z 000000014004ed40 f   light_ydnar.obj
 0001:0004dde0       ?SetupDirtForEntity@@YAXH@Z 000000014004ede0 f   light_ydnar.obj
 0001:0004e570       ?SetupDirt@@YAXXZ          000000014004f570 f   light_ydnar.obj
 0001:0004e820       ?DirtForSample@@YAMPEAUtrace_t@@H@Z 000000014004f820 f   light_ydnar.obj
 0001:0004f120       ?DirtyRawLightmap@@YAXH@Z  0000000140050120 f   light_ydnar.obj
 0001:0004f7b0       ?ApplyDirt@@YAXPEAM000HMM@Z 00000001400507b0 f   light_ydnar.obj
 0001:0004fd70       ?SkyLightAmbientIlluminateLightmap@@YAXPEAUrawLightmap_s@@@Z 0000000140050d70 f   light_ydnar.obj
 0001:00050b00       ?IlluminateRawLightmap@@YAXH@Z 0000000140051b00 f   light_ydnar.obj
 0001:00052960       ?IlluminateVertexes@@YAXH@Z 0000000140053960 f   light_ydnar.obj
 0001:00053b40       ?SetupBrushes@@YAXXZ       0000000140054b40 f   light_ydnar.obj
 0001:00053d10       ?ClusterVisible@@YA?AW4qboolean@@HH@Z 0000000140054d10 f   light_ydnar.obj
 0001:00053da0       ?PointInLeafNum_r@@YAHQEAMH@Z 0000000140054da0 f   light_ydnar.obj
 0001:00053eb0       ?ClusterForPointExt@@YAHQEAMM@Z 0000000140054eb0 f   light_ydnar.obj
 0001:000541e0       ?ClusterForPointExtFilter@@YAHQEAMMHPEAH@Z 00000001400551e0 f   light_ydnar.obj
 0001:00054250       ?SetupEnvelopes@@YAXW4qboolean@@0@Z 0000000140055250 f   light_ydnar.obj
 0001:00054c40       ?CreateTraceLightsForBounds@@YAXQEAM00HPEAHHPEAUtrace_t@@@Z 0000000140055c40 f   light_ydnar.obj
 0001:00054fe0       ?CreateTraceLightsForSurface@@YAXHPEAUtrace_t@@@Z 0000000140055fe0 f   light_ydnar.obj
 0001:000550f0       ?SetupFloodLight@@YAXXZ    00000001400560f0 f   light_ydnar.obj
 0001:00055420       ?FloodLightForSample@@YAMPEAUtrace_t@@MW4qboolean@@@Z 0000000140056420 f   light_ydnar.obj
 0001:00055890       ?FloodlightIlluminateLightmap@@YAXPEAUrawLightmap_s@@@Z 0000000140056890 f   light_ydnar.obj
 0001:00055b00       ?WriteTGA24@@YAXPEADPEAEHHW4qboolean@@@Z 0000000140056b00 f   lightmaps_ydnar.obj
 0001:00055c80       ?ExportLightmaps@@YAXXZ    0000000140056c80 f   lightmaps_ydnar.obj
 0001:00055e20       ?ExportLightmapsMain@@YAHHPEAPEAD@Z 0000000140056e20 f   lightmaps_ydnar.obj
 0001:00055f50       ?ImportLightmapsMain@@YAHHPEAPEAD@Z 0000000140056f50 f   lightmaps_ydnar.obj
 0001:00056490       ?LoadRawLightmap@@YAPEAUcachePage_s@@H@Z 0000000140057490 f   lightmaps_ydnar.obj
 0001:00056650       ?FinishRawLightmap@@YAXH@Z 0000000140057650 f   lightmaps_ydnar.obj
 0001:00056d00       ?AddPatchToRawLightmap@@YA?AW4qboolean@@HPEAUrawLightmap_s@@@Z 0000000140057d00 f   lightmaps_ydnar.obj
 0001:00057290       ?AddSurfaceToRawLightmap@@YA?AW4qboolean@@HPEAUrawLightmap_s@@@Z 0000000140058290 f   lightmaps_ydnar.obj
 0001:00057de0       ?SetupSurfaceLightmaps@@YAXXZ 0000000140058de0 f   lightmaps_ydnar.obj
 0001:000589e0       ?AllocateSurfaceLightmaps@@YAXXZ 00000001400599e0 f   lightmaps_ydnar.obj
 0001:0005a450       ?StoreSurfaceLightmaps@@YAXXZ 000000014005b450 f   lightmaps_ydnar.obj
 0001:0005cce0       ?PlaneFromWinding@@YAXPEAUfixedWinding_t@@PEAUvisPlane_t@@@Z 000000014005dce0 f   vis.obj
 0001:0005cdf0       ?NewFixedWinding@@YAPEAUfixedWinding_t@@H@Z 000000014005ddf0 f   vis.obj
 0001:0005ce60       ?PComp@@YAHPEBX0@Z         000000014005de60 f   vis.obj
 0001:0005ce90       ?LeafVectorFromPortalVector@@YAHPEAE0@Z 000000014005de90 f   vis.obj
 0001:0005cff0       ?ClusterMerge@@YAXH@Z      000000014005dff0 f   vis.obj
 0001:0005d1f0       ?CalcPortalVis@@YAXXZ      000000014005e1f0 f   vis.obj
 0001:0005d270       ?CalcPassageVis@@YAXXZ     000000014005e270 f   vis.obj
 0001:0005d380       ?CalcPassagePortalVis@@YAXXZ 000000014005e380 f   vis.obj
 0001:0005d490       ?CalcVis@@YAXXZ            000000014005e490 f   vis.obj
 0001:0005d750       ?SetPortalSphere@@YAXPEAUvportal_t@@@Z 000000014005e750 f   vis.obj
 0001:0005d8b0       ?TryMergeLeaves@@YAHHH@Z   000000014005e8b0 f   vis.obj
 0001:0005dc10       ?MergeLeaves@@YAXXZ        000000014005ec10 f   vis.obj
 0001:0005dd70       ?TryMergeWinding@@YAPEAUfixedWinding_t@@PEAU1@0QEAM@Z 000000014005ed70 f   vis.obj
 0001:0005e2a0       ?MergeLeafPortals@@YAXXZ   000000014005f2a0 f   vis.obj
 0001:0005e4b0       ?LoadPortals@@YAXPEAD@Z    000000014005f4b0 f   vis.obj
 0001:0005ece0       ?VisMain@@YAHHPEAPEAD@Z    000000014005fce0 f   vis.obj
 0001:0005f190       ?FreeStackWinding@@YAXPEAUfixedWinding_t@@PEAUpstack_s@@@Z 0000000140060190 f   visflow.obj
 0001:0005f1f0       ?VisChopWinding@@YAPEAUfixedWinding_t@@PEAU1@PEAUpstack_s@@PEAUvisPlane_t@@@Z 00000001400601f0 f   visflow.obj
 0001:0005f6a0       ?ClipToSeperators@@YAPEAUfixedWinding_t@@PEAU1@00W4qboolean@@PEAUpstack_s@@@Z 00000001400606a0 f   visflow.obj
 0001:0005fcf0       ?RecursiveLeafFlow@@YAXHPEAUthreaddata_t@@PEAUpstack_s@@@Z 0000000140060cf0 f   visflow.obj
 0001:000603b0       ?PortalFlow@@YAXH@Z        00000001400613b0 f   visflow.obj
 0001:00060570       ?RecursivePassageFlow@@YAXPEAUvportal_t@@PEAUthreaddata_t@@PEAUpstack_s@@@Z 0000000140061570 f   visflow.obj
 0001:000607f0       ?PassageFlow@@YAXH@Z       00000001400617f0 f   visflow.obj
 0001:000608c0       ?RecursivePassagePortalFlow@@YAXPEAUvportal_t@@PEAUthreaddata_t@@PEAUpstack_s@@@Z 00000001400618c0 f   visflow.obj
 0001:00060f80       ?PassagePortalFlow@@YAXH@Z 0000000140061f80 f   visflow.obj
 0001:00061050       ?PassageChopWinding@@YAPEAUfixedWinding_t@@PEAU1@0PEAUvisPlane_t@@@Z 0000000140062050 f   visflow.obj
 0001:00061390       ?AddSeperators@@YAHPEAUfixedWinding_t@@0W4qboolean@@PEAUvisPlane_t@@H@Z 0000000140062390 f   visflow.obj
 0001:00061980       ?CreatePassages@@YAXH@Z    0000000140062980 f   visflow.obj
 0001:00061f90       ?PassageMemory@@YAXXZ      0000000140062f90 f   visflow.obj
 0001:00062050       ?SimpleFlood@@YAXPEAUvportal_t@@H@Z 0000000140063050 f   visflow.obj
 0001:00062150       ?BasePortalVis@@YAXH@Z     0000000140063150 f   visflow.obj
 0001:00063d40       ?ConvertBSPToASE@@YAHPEADH@Z 0000000140064d40 f   convert_ase.obj
 0001:00064980       ?ConvertBSPToMap@@YAHPEADH@Z 0000000140065980 f   convert_map.obj
 0001:00064dc0       WinPrint                   0000000140065dc0 f   l_net:l_net.obj
 0001:00064dd0       Net_Send                   0000000140065dd0 f   l_net:l_net.obj
 0001:00064e20       Net_AllocSocket            0000000140065e20 f   l_net:l_net.obj
 0001:00064e50       Net_FreeSocket             0000000140065e50 f   l_net:l_net.obj
 0001:00064e60       Net_Connect                0000000140065e60 f   l_net:l_net.obj
 0001:00064f10       Net_Disconnect             0000000140065f10 f   l_net:l_net.obj
 0001:00064f40       Net_StringToAddress        0000000140065f40 f   l_net:l_net.obj
 0001:00064f60       Net_Setup                  0000000140065f60 f   l_net:l_net.obj
 0001:00064f90       NMSG_Clear                 0000000140065f90 f   l_net:l_net.obj
 0001:00064fa0       NMSG_WriteLong             0000000140065fa0 f   l_net:l_net.obj
 0001:00065010       NMSG_WriteString           0000000140066010 f   l_net:l_net.obj
 0001:000650a0       WINS_ErrorMessage          00000001400660a0 f   l_net:l_net_wins.obj
 0001:00065100       WINS_Init                  0000000140066100 f   l_net:l_net_wins.obj
 0001:00065270       WINS_MyAddress             0000000140066270 f   l_net:l_net_wins.obj
 0001:00065280       WINS_OpenSocket            0000000140066280 f   l_net:l_net_wins.obj
 0001:00065370       WINS_OpenReliableSocket    0000000140066370 f   l_net:l_net_wins.obj
 0001:00065490       WINS_CloseSocket           0000000140066490 f   l_net:l_net_wins.obj
 0001:000654d0       WINS_Connect               00000001400664d0 f   l_net:l_net_wins.obj
 0001:00065540       WINS_Write                 0000000140066540 f   l_net:l_net_wins.obj
 0001:000655f0       WINS_AddrToString          00000001400665f0 f   l_net:l_net_wins.obj
 0001:00065670       WINS_StringToAddr          0000000140066670 f   l_net:l_net_wins.obj
 0001:000656f0       WINS_GetSocketAddr         00000001400666f0 f   l_net:l_net_wins.obj
 0001:00065750       MakeNormalVectors          0000000140066750 f   mathlib:mathlib.obj
 0001:00065810       VectorLength               0000000140066810 f   mathlib:mathlib.obj
 0001:00065840       VectorCompare              0000000140066840 f   mathlib:mathlib.obj
 0001:00065890       VectorMA                   0000000140066890 f   mathlib:mathlib.obj
 0001:000658d0       VectorNormalize            00000001400668d0 f   mathlib:mathlib.obj
 0001:00065940       ColorNormalize             0000000140066940 f   mathlib:mathlib.obj
 0001:000659b0       VectorInverse              00000001400669b0 f   mathlib:mathlib.obj
 0001:000659e0       ClearBounds                00000001400669e0 f   mathlib:mathlib.obj
 0001:00065a10       AddPointToBounds           0000000140066a10 f   mathlib:mathlib.obj
 0001:00065a70       PlaneFromPoints            0000000140066a70 f   mathlib:mathlib.obj
 0001:00065b70       NormalToLatLong            0000000140066b70 f   mathlib:mathlib.obj
 0001:00065c30       PlaneTypeForNormal         0000000140066c30 f   mathlib:mathlib.obj
 0001:00065c90       m4x4_identity              0000000140066c90 f   mathlib:m4x4.obj
 0001:00065ce0       m4x4_assign                0000000140066ce0 f   mathlib:m4x4.obj
 0001:00065d40       m4x4_translation_for_vec3  0000000140066d40 f   mathlib:m4x4.obj
 0001:00065d90       m4x4_rotation_for_vec3     0000000140066d90 f   mathlib:m4x4.obj
 0001:00065f60       m4x4_scale_for_vec3        0000000140066f60 f   mathlib:m4x4.obj
 0001:00065fa0       m4x4_translate_by_vec3     0000000140066fa0 f   mathlib:m4x4.obj
 0001:00065fd0       m4x4_rotate_by_vec3        0000000140066fd0 f   mathlib:m4x4.obj
 0001:00066000       m4x4_scale_by_vec3         0000000140067000 f   mathlib:m4x4.obj
 0001:00066030       m4x4_pivoted_transform_by_vec3 0000000140067030 f   mathlib:m4x4.obj
 0001:000660e0       m4x4_multiply_by_m4x4      00000001400670e0 f   mathlib:m4x4.obj
 0001:000664e0       m4x4_transform_point       00000001400674e0 f   mathlib:m4x4.obj
 0001:00066580       m4x4_transform_normal      0000000140067580 f   mathlib:m4x4.obj
 0001:00066610       m4x4_transpose             0000000140067610 f   mathlib:m4x4.obj
 0001:00066710       ?m3_det@@YAMQEAM@Z         0000000140067710 f   mathlib:m4x4.obj
 0001:000667a0       ?m4_submat@@YAXQEAM0HH@Z   00000001400677a0 f   mathlib:m4x4.obj
 0001:000668f0       ?m4_det@@YAMQEAM@Z         00000001400678f0 f   mathlib:m4x4.obj
 0001:00066980       m4x4_invert                0000000140067980 f   mathlib:m4x4.obj
 0001:00066a48       g_free                     0000000140067a48 f   glib-2.0:libglib-2.0-0.dll
 0001:00066a4e       g_locale_to_utf8           0000000140067a4e f   glib-2.0:libglib-2.0-0.dll
 0001:00066a54       g_strdup                   0000000140067a54 f   glib-2.0:libglib-2.0-0.dll
 0001:00066a5a       g_strdown                  0000000140067a5a f   glib-2.0:libglib-2.0-0.dll
 0001:00066a60       g_dir_read_name_utf8       0000000140067a60 f   glib-2.0:libglib-2.0-0.dll
 0001:00066a66       g_dir_open_utf8            0000000140067a66 f   glib-2.0:libglib-2.0-0.dll
 0001:00066a6c       g_dir_close                0000000140067a6c f   glib-2.0:libglib-2.0-0.dll
 0001:00066a72       g_slist_append             0000000140067a72 f   glib-2.0:libglib-2.0-0.dll
 0001:00066a78       xmlNodeSetContent          0000000140067a78 f   libxml2:libxml2-2.dll
 0001:00066a7e       xmlBufferFree              0000000140067a7e f   libxml2:libxml2-2.dll
 0001:00066a84       xmlNodeDump                0000000140067a84 f   libxml2:libxml2-2.dll
 0001:00066a8a       xmlBufferCreate            0000000140067a8a f   libxml2:libxml2-2.dll
 0001:00066a90       xmlNewNode                 0000000140067a90 f   libxml2:libxml2-2.dll
 0001:00066a96       xmlAddChild                0000000140067a96 f   libxml2:libxml2-2.dll
 0001:00066a9c       xmlNewDoc                  0000000140067a9c f   libxml2:libxml2-2.dll
 0001:00066aa2       xmlSetProp                 0000000140067aa2 f   libxml2:libxml2-2.dll
 0001:00066aa8       xmlNewDocRawNode           0000000140067aa8 f   libxml2:libxml2-2.dll
 0001:00066aae       png_get_IHDR               0000000140067aae f   libpng:libpng14-14.dll
 0001:00066ab4       png_read_image             0000000140067ab4 f   libpng:libpng14-14.dll
 0001:00066aba       png_set_expand             0000000140067aba f   libpng:libpng14-14.dll
 0001:00066ac0       png_read_info              0000000140067ac0 f   libpng:libpng14-14.dll
 0001:00066ac6       png_set_strip_16           0000000140067ac6 f   libpng:libpng14-14.dll
 0001:00066acc       png_sig_cmp                0000000140067acc f   libpng:libpng14-14.dll
 0001:00066ad2       png_create_read_struct     0000000140067ad2 f   libpng:libpng14-14.dll
 0001:00066ad8       png_get_io_ptr             0000000140067ad8 f   libpng:libpng14-14.dll
 0001:00066ade       png_create_info_struct     0000000140067ade f   libpng:libpng14-14.dll
 0001:00066ae4       png_set_read_fn            0000000140067ae4 f   libpng:libpng14-14.dll
 0001:00066aea       png_get_valid              0000000140067aea f   libpng:libpng14-14.dll
 0001:00066af0       png_set_filler             0000000140067af0 f   libpng:libpng14-14.dll
 0001:00066af6       png_get_channels           0000000140067af6 f   libpng:libpng14-14.dll
 0001:00066afc       png_destroy_read_struct    0000000140067afc f   libpng:libpng14-14.dll
 0001:00066b10       DDSLittleLong              0000000140067b10 f   ddslib:ddslib.obj
 0001:00066b20       DDSLittleShort             0000000140067b20 f   ddslib:ddslib.obj
 0001:00066b90       DDSGetInfo                 0000000140067b90 f   ddslib:ddslib.obj
 0001:00067730       DDSDecompress              0000000140068730 f   ddslib:ddslib.obj
 0001:00067850       LoadJPGBuff                0000000140068850 f   jpeg6:jpgload.obj
 0001:00067a40       jpeg_create_decompress     0000000140068a40 f   jpeg6:jdapimin.obj
 0001:00067af0       jpeg_destroy_decompress    0000000140068af0 f   jpeg6:jdapimin.obj
 0001:00067cd0       jpeg_consume_input         0000000140068cd0 f   jpeg6:jdapimin.obj
 0001:00067dc0       jpeg_finish_decompress     0000000140068dc0 f   jpeg6:jdapimin.obj
 0001:00067e90       jpeg_read_header           0000000140068e90 f   jpeg6:jdapimin.obj
 0001:00067fa0       jpeg_read_scanlines        0000000140068fa0 f   jpeg6:jdapistd.obj
 0001:00068070       jpeg_start_decompress      0000000140069070 f   jpeg6:jdapistd.obj
 0001:000681e0       jpeg_stdio_src             00000001400691e0 f   jpeg6:jdatasrc.obj
 0001:00068430       jpeg_std_error             0000000140069430 f   jpeg6:jerror.obj
 0001:00068b40       jinit_input_controller     0000000140069b40 f   jpeg6:jdinput.obj
 0001:0006a710       jpeg_resync_to_restart     000000014006b710 f   jpeg6:jdmarker.obj
 0001:0006a870       jinit_marker_reader        000000014006b870 f   jpeg6:jdmarker.obj
 0001:0006b6c0       jinit_memory_mgr           000000014006c6c0 f   jpeg6:jmemmgr.obj
 0001:0006b830       jpeg_abort                 000000014006c830 f   jpeg6:jcomapi.obj
 0001:0006b870       jpeg_destroy               000000014006c870 f   jpeg6:jcomapi.obj
 0001:0006b8b0       jpeg_alloc_quant_table     000000014006c8b0 f   jpeg6:jcomapi.obj
 0001:0006b8d0       jpeg_alloc_huff_table      000000014006c8d0 f   jpeg6:jcomapi.obj
 0001:0006b900       jpeg_calc_output_dimensions 000000014006c900 f   jpeg6:jdmaster.obj
 0001:0006bd90       jinit_master_decompress    000000014006cd90 f   jpeg6:jdmaster.obj
 0001:0006bde0       jdiv_round_up              000000014006cde0 f   jpeg6:jutils.obj
 0001:0006bdf0       jround_up                  000000014006cdf0 f   jpeg6:jutils.obj
 0001:0006be10       jcopy_sample_rows          000000014006ce10 f   jpeg6:jutils.obj
 0001:0006be80       jzero_far                  000000014006ce80 f   jpeg6:jutils.obj
 0001:0006be90       ?jpeg_get_small@@YAPEAXPEAUjpeg_common_struct@@_K@Z 000000014006ce90 f   jpeg6:jmemnobs.obj
 0001:0006be90       ?jpeg_get_large@@YAPEAXPEAUjpeg_common_struct@@_K@Z 000000014006ce90 f   jpeg6:jmemnobs.obj
 0001:0006bea0       ?jpeg_free_large@@YAXPEAUjpeg_common_struct@@PEAX_K@Z 000000014006cea0 f   jpeg6:jmemnobs.obj
 0001:0006bea0       ?jpeg_free_small@@YAXPEAUjpeg_common_struct@@PEAX_K@Z 000000014006cea0 f   jpeg6:jmemnobs.obj
 0001:0006beb0       ?jpeg_mem_available@@YAJPEAUjpeg_common_struct@@JJJ@Z 000000014006ceb0 f   jpeg6:jmemnobs.obj
 0001:0006bec0       ?jpeg_open_backing_store@@YAXPEAUjpeg_common_struct@@PEAUbacking_store_struct@@J@Z 000000014006cec0 f   jpeg6:jmemnobs.obj
 0001:0006c620       jinit_d_main_controller    000000014006d620 f   jpeg6:jdmainct.obj
 0001:0006ca80       ?jpeg_mem_init@@YAJPEAUjpeg_common_struct@@@Z 000000014006da80 f   jpeg6:jmemnobs.obj
 0001:0006ca90       jinit_d_coef_controller    000000014006da90 f   jpeg6:jdcoefct.obj
 0001:0006cbb0       ?jpeg_make_d_derived_tbl@@YAXPEAUjpeg_decompress_struct@@PEAUJHUFF_TBL@@PEAPEAUd_derived_tbl@@@Z 000000014006dbb0 f   jpeg6:jdhuff.obj
 0001:0006cdc0       ?jpeg_fill_bit_buffer@@YAEPEAUbitread_working_state@@HHH@Z 000000014006ddc0 f   jpeg6:jdhuff.obj
 0001:0006cef0       ?jpeg_huff_decode@@YAHPEAUbitread_working_state@@HHPEAUd_derived_tbl@@H@Z 000000014006def0 f   jpeg6:jdhuff.obj
 0001:0006d6e0       jinit_huff_decoder         000000014006e6e0 f   jpeg6:jdhuff.obj
 0001:0006da50       jinit_inverse_dct          000000014006ea50 f   jpeg6:jddctmgr.obj
 0001:0006dc50       jinit_d_post_controller    000000014006ec50 f   jpeg6:jdpostct.obj
 0001:0006e380       jinit_upsampler            000000014006f380 f   jpeg6:jdsample.obj
 0001:0006eb40       ?jpeg_mem_term@@YAXPEAUjpeg_common_struct@@@Z 000000014006fb40 f   jpeg6:jmemnobs.obj
 0001:0006eb40       _pico_little_float         000000014006fb40 f   picomodel:picointernal.obj
 0001:0006eb50       jinit_color_deconverter    000000014006fb50 f   jpeg6:jdcolor.obj
 0001:0006ecf0       ?jpeg_idct_float@@YAXPEAUjpeg_decompress_struct@@PEAUjpeg_component_info@@PEAFPEAPEAEI@Z 000000014006fcf0 f   jpeg6:jidctflt.obj
 0001:0006f200       PicoInit                   0000000140070200 f   picomodel:picomodel.obj
 0001:0006f210       PicoSetMallocFunc          0000000140070210 f   picomodel:picomodel.obj
 0001:0006f230       PicoSetFreeFunc            0000000140070230 f   picomodel:picomodel.obj
 0001:0006f250       PicoSetLoadFileFunc        0000000140070250 f   picomodel:picomodel.obj
 0001:0006f270       PicoSetFreeFileFunc        0000000140070270 f   picomodel:picomodel.obj
 0001:0006f290       PicoSetPrintFunc           0000000140070290 f   picomodel:picomodel.obj
 0001:0006f2b0       PicoNewModel               00000001400702b0 f   picomodel:picomodel.obj
 0001:0006f300       PicoAdjustModel            0000000140070300 f   picomodel:picomodel.obj
 0001:0006f3e0       PicoNewShader              00000001400703e0 f   picomodel:picomodel.obj
 0001:0006f4c0       PicoFreeShader             00000001400704c0 f   picomodel:picomodel.obj
 0001:0006f500       PicoFindShader             0000000140070500 f   picomodel:picomodel.obj
 0001:0006f5f0       PicoFreeSurface            00000001400705f0 f   picomodel:picomodel.obj
 0001:0006f6d0       PicoAdjustSurface          00000001400706d0 f   picomodel:picomodel.obj
 0001:0006fa10       PicoSetShaderMapName       0000000140070a10 f   picomodel:picomodel.obj
 0001:0006fa10       PicoSetModelFileName       0000000140070a10 f   picomodel:picomodel.obj
 0001:0006fa50       PicoSetModelFrameNum       0000000140070a50 f   picomodel:picomodel.obj
 0001:0006fa60       PicoSetModelNumFrames      0000000140070a60 f   picomodel:picomodel.obj
 0001:0006fa70       PicoSetModelName           0000000140070a70 f   picomodel:picomodel.obj
 0001:0006fa70       PicoSetShaderName          0000000140070a70 f   picomodel:picomodel.obj
 0001:0006fab0       PicoSetShaderAmbientColor  0000000140070ab0 f   picomodel:picomodel.obj
 0001:0006fae0       PicoSetShaderDiffuseColor  0000000140070ae0 f   picomodel:picomodel.obj
 0001:0006fb10       PicoSetShaderSpecularColor 0000000140070b10 f   picomodel:picomodel.obj
 0001:0006fb40       PicoSetShaderTransparency  0000000140070b40 f   picomodel:picomodel.obj
 0001:0006fb80       PicoSetShaderShininess     0000000140070b80 f   picomodel:picomodel.obj
 0001:0006fbc0       PicoSetSurfaceType         0000000140070bc0 f   picomodel:picomodel.obj
 0001:0006fbd0       PicoSetSurfaceName         0000000140070bd0 f   picomodel:picomodel.obj
 0001:0006fc10       PicoSetSurfaceShader       0000000140070c10 f   picomodel:picomodel.obj
 0001:0006fc20       PicoSetSurfaceXYZ          0000000140070c20 f   picomodel:picomodel.obj
 0001:0006fcb0       PicoSetSurfaceNormal       0000000140070cb0 f   picomodel:picomodel.obj
 0001:0006fd20       PicoSetSurfaceST           0000000140070d20 f   picomodel:picomodel.obj
 0001:0006fda0       PicoSetSurfaceColor        0000000140070da0 f   picomodel:picomodel.obj
 0001:0006fe50       PicoSetSurfaceIndex        0000000140070e50 f   picomodel:picomodel.obj
 0001:0006feb0       PicoSetSurfaceSmoothingGroup 0000000140070eb0 f   picomodel:picomodel.obj
 0001:0006ff00       PicoGetShaderName          0000000140070f00 f   picomodel:picomodel.obj
 0001:0006ff00       PicoGetModelName           0000000140070f00 f   picomodel:picomodel.obj
 0001:0006ff20       PicoGetShaderMapName       0000000140070f20 f   picomodel:picomodel.obj
 0001:0006ff20       PicoGetModelFileName       0000000140070f20 f   picomodel:picomodel.obj
 0001:0006ff40       PicoGetModelFrameNum       0000000140070f40 f   picomodel:picomodel.obj
 0001:0006ff50       PicoGetModelShader         0000000140070f50 f   picomodel:picomodel.obj
 0001:0006ff80       PicoGetModelNumSurfaces    0000000140070f80 f   picomodel:picomodel.obj
 0001:0006ff90       PicoGetModelSurface        0000000140070f90 f   picomodel:picomodel.obj
 0001:0006ffc0       PicoGetSurfaceType         0000000140070fc0 f   picomodel:picomodel.obj
 0001:0006ffd0       PicoGetSurfaceShader       0000000140070fd0 f   picomodel:picomodel.obj
 0001:0006ffe0       PicoGetSurfaceNumVertexes  0000000140070fe0 f   picomodel:picomodel.obj
 0001:0006fff0       PicoGetSurfaceXYZ          0000000140070ff0 f   picomodel:picomodel.obj
 0001:00070020       PicoGetSurfaceNormal       0000000140071020 f   picomodel:picomodel.obj
 0001:00070050       PicoGetSurfaceST           0000000140071050 f   picomodel:picomodel.obj
 0001:00070080       PicoGetSurfaceColor        0000000140071080 f   picomodel:picomodel.obj
 0001:000700b0       PicoGetSurfaceNumIndexes   00000001400710b0 f   picomodel:picomodel.obj
 0001:000700c0       PicoGetSurfaceIndexes      00000001400710c0 f   picomodel:picomodel.obj
 0001:000700e0       PicoVertexCoordGenerateHash 00000001400710e0 f   picomodel:picomodel.obj
 0001:00070200       PicoNewVertexCombinationHashTable 0000000140071200 f   picomodel:picomodel.obj
 0001:00070230       PicoFreeVertexCombinationHashTable 0000000140071230 f   picomodel:picomodel.obj
 0001:000702b0       PicoFindVertexCombinationInHashTable 00000001400712b0 f   picomodel:picomodel.obj
 0001:00070470       PicoAddVertexCombinationToHashTable 0000000140071470 f   picomodel:picomodel.obj
 0001:00070560       PicoFindSurfaceVertexNum   0000000140071560 f   picomodel:picomodel.obj
 0001:00070860       indexarray_push_back       0000000140071860 f   picomodel:picomodel.obj
 0001:00070870       indexarray_reserve         0000000140071870 f   picomodel:picomodel.obj
 0001:000708a0       binarytree_clear           00000001400718a0 f   picomodel:picomodel.obj
 0001:000708a0       indexarray_clear           00000001400718a0 f   picomodel:picomodel.obj
 0001:000708b0       binarytree_extend          00000001400718b0 f   picomodel:picomodel.obj
 0001:000708d0       binarytree_size            00000001400718d0 f   picomodel:picomodel.obj
 0001:000708e0       binarytree_reserve         00000001400718e0 f   picomodel:picomodel.obj
 0001:00070910       UniqueIndices_size         0000000140071910 f   picomodel:picomodel.obj
 0001:00070920       UniqueIndices_reserve      0000000140071920 f   picomodel:picomodel.obj
 0001:00070950       UniqueIndices_init         0000000140071950 f   picomodel:picomodel.obj
 0001:00070960       UniqueIndices_destroy      0000000140071960 f   picomodel:picomodel.obj
 0001:00070980       UniqueIndices_find_or_insert 0000000140071980 f   picomodel:picomodel.obj
 0001:00070a50       UniqueIndices_insert       0000000140071a50 f   picomodel:picomodel.obj
 0001:00070a90       lessSmoothVertex           0000000140071a90 f   picomodel:picomodel.obj
 0001:00070b10       _pico_vertices_combine_shared_normals 0000000140071b10 f   picomodel:picomodel.obj
 0001:00070c60       _pico_triangles_generate_weighted_normals 0000000140071c60 f   picomodel:picomodel.obj
 0001:00070d40       _pico_normals_zero         0000000140071d40 f   picomodel:picomodel.obj
 0001:00070d80       _pico_normals_normalize    0000000140071d80 f   picomodel:picomodel.obj
 0001:00070dc0       _pico_length_vec           0000000140071dc0 f   picomodel:picomodel.obj
 0001:00070df0       _pico_normal_is_unit_length 0000000140071df0 f   picomodel:picomodel.obj
 0001:00070e30       _pico_normal_within_tolerance 0000000140071e30 f   picomodel:picomodel.obj
 0001:00070e60       _pico_normals_assign_generated_normals 0000000140071e60 f   picomodel:picomodel.obj
 0001:00070ed0       PicoFixSurfaceNormals      0000000140071ed0 f   picomodel:picomodel.obj
 0001:00070f70       PicoRemapModel             0000000140071f70 f   picomodel:picomodel.obj
 0001:000714c0       PicoModuleLoadModel        00000001400724c0 f   picomodel:picomodel.obj
 0001:000715a0       PicoLoadModel              00000001400725a0 f   picomodel:picomodel.obj
 0001:00071680       PicoFreeModel              0000000140072680 f   picomodel:picomodel.obj
 0001:00071740       PicoNewSurface             0000000140072740 f   picomodel:picomodel.obj
 0001:000717e0       PicoAddTriangleToModel     00000001400727e0 f   picomodel:picomodel.obj
 0001:00071a30       _pico_alloc                0000000140072a30 f   picomodel:picointernal.obj
 0001:00071a90       _pico_calloc               0000000140072a90 f   picomodel:picointernal.obj
 0001:00071b00       _pico_clone_alloc          0000000140072b00 f   picomodel:picointernal.obj
 0001:00071b60       _pico_free                 0000000140072b60 f   picomodel:picointernal.obj
 0001:00071b80       _pico_load_file            0000000140072b80 f   picomodel:picointernal.obj
 0001:00071ba0       _pico_free_file            0000000140072ba0 f   picomodel:picointernal.obj
 0001:00071bd0       _pico_printf               0000000140072bd0 f   picomodel:picointernal.obj
 0001:00071c60       _pico_first_token          0000000140072c60 f   picomodel:picointernal.obj
 0001:00071c90       _pico_strltrim             0000000140072c90 f   picomodel:picointernal.obj
 0001:00071d10       _pico_strrtrim             0000000140072d10 f   picomodel:picointernal.obj
 0001:00071dd0       _pico_strlwr               0000000140072dd0 f   picomodel:picointernal.obj
 0001:00071e00       _pico_strchcount           0000000140072e00 f   picomodel:picointernal.obj
 0001:00071e30       _pico_zero_bounds          0000000140072e30 f   picomodel:picointernal.obj
 0001:00071e60       _pico_expand_bounds        0000000140072e60 f   picomodel:picointernal.obj
 0001:00071ec0       _pico_zero_vec             0000000140072ec0 f   picomodel:picointernal.obj
 0001:00071ed0       _pico_zero_vec2            0000000140072ed0 f   picomodel:picointernal.obj
 0001:00071ee0       _pico_set_vec              0000000140072ee0 f   picomodel:picointernal.obj
 0001:00071ef0       _pico_copy_vec             0000000140072ef0 f   picomodel:picointernal.obj
 0001:00071f10       _pico_copy_vec2            0000000140072f10 f   picomodel:picointernal.obj
 0001:00071f20       _pico_normalize_vec        0000000140072f20 f   picomodel:picointernal.obj
 0001:00071fb0       _pico_add_vec              0000000140072fb0 f   picomodel:picointernal.obj
 0001:00071fe0       _pico_subtract_vec         0000000140072fe0 f   picomodel:picointernal.obj
 0001:00072010       _pico_scale_vec            0000000140073010 f   picomodel:picointernal.obj
 0001:00072040       _pico_cross_vec            0000000140073040 f   picomodel:picointernal.obj
 0001:00072040       cross                      0000000140073040 f   picomodel:vecmath.obj
 0001:000720a0       _pico_set_color            00000001400730a0 f   picomodel:picointernal.obj
 0001:000720c0       _pico_copy_color           00000001400730c0 f   picomodel:picointernal.obj
 0001:000720e0       _pico_little_long          00000001400730e0 f   picomodel:picointernal.obj
 0001:000720f0       _pico_little_short         00000001400730f0 f   picomodel:picointernal.obj
 0001:00072100       _pico_stristr              0000000140073100 f   picomodel:picointernal.obj
 0001:00072180       _pico_unixify              0000000140073180 f   picomodel:picointernal.obj
 0001:000721b0       _pico_nopath               00000001400731b0 f   picomodel:picointernal.obj
 0001:00072250       _pico_setfext              0000000140073250 f   picomodel:picointernal.obj
 0001:00072320       _pico_new_parser           0000000140073320 f   picomodel:picointernal.obj
 0001:000723f0       _pico_free_parser          00000001400733f0 f   picomodel:picointernal.obj
 0001:00072420       _pico_parse_ex             0000000140073420 f   picomodel:picointernal.obj
 0001:00072580       _pico_parse_first          0000000140073580 f   picomodel:picointernal.obj
 0001:000725c0       _pico_parse                00000001400735c0 f   picomodel:picointernal.obj
 0001:000725f0       _pico_parse_skip_rest      00000001400735f0 f   picomodel:picointernal.obj
 0001:00072620       _pico_parse_skip_braced    0000000140073620 f   picomodel:picointernal.obj
 0001:000726d0       _pico_parse_check          00000001400736d0 f   picomodel:picointernal.obj
 0001:00072730       _pico_parse_int            0000000140073730 f   picomodel:picointernal.obj
 0001:00072780       _pico_parse_float          0000000140073780 f   picomodel:picointernal.obj
 0001:000727d0       _pico_parse_vec            00000001400737d0 f   picomodel:picointernal.obj
 0001:00072870       _pico_parse_vec2           0000000140073870 f   picomodel:picointernal.obj
 0001:00072910       _pico_new_memstream        0000000140073910 f   picomodel:picointernal.obj
 0001:00072970       _pico_free_memstream       0000000140073970 f   picomodel:picointernal.obj
 0001:00072990       _pico_memstream_read       0000000140073990 f   picomodel:picointernal.obj
 0001:00072a20       _pico_memstream_getc       0000000140073a20 f   picomodel:picointernal.obj
 0001:00072a60       _pico_memstream_seek       0000000140073a60 f   picomodel:picointernal.obj
 0001:00072af0       _pico_memstream_tell       0000000140073af0 f   picomodel:picointernal.obj
 0001:00072b10       _pico_realloc              0000000140073b10 f   picomodel:picointernal.obj
 0001:00072bb0       PicoModuleList             0000000140073bb0 f   picomodel:picomodules.obj
 0001:00073860       _terrain_load_tga_buffer   0000000140074860 f   picomodel:pm_terrain.obj
 0001:000777a0       _ase_get_submaterial_or_default 00000001400787a0 f   picomodel:pm_ase.obj
 0001:0007a5a0       lwFreeLayer                000000014007b5a0 f   picomodel:lwo2.obj
 0001:0007a5f0       lwFreeObject               000000014007b5f0 f   picomodel:lwo2.obj
 0001:0007a660       lwGetObject                000000014007b660 f   picomodel:lwo2.obj
 0001:0007abb0       lwValidateObject           000000014007bbb0 f   picomodel:lwo2.obj
 0001:0007ac80       lwListFree                 000000014007bc80 f   picomodel:list.obj
 0001:0007acb0       lwListAdd                  000000014007bcb0 f   picomodel:list.obj
 0001:0007ace0       lwListInsert               000000014007bce0 f   picomodel:list.obj
 0001:0007ad80       lwFreeVMap                 000000014007bd80 f   picomodel:vmap.obj
 0001:0007adf0       lwGetVMap                  000000014007bdf0 f   picomodel:vmap.obj
 0001:0007b050       lwGetPointVMaps            000000014007c050 f   picomodel:vmap.obj
 0001:0007b1b0       lwGetPolyVMaps             000000014007c1b0 f   picomodel:vmap.obj
 0001:0007b390       lwFreePoints               000000014007c390 f   picomodel:pntspols.obj
 0001:0007b420       lwFreePolygons             000000014007c420 f   picomodel:pntspols.obj
 0001:0007b500       lwGetPoints                000000014007c500 f   picomodel:pntspols.obj
 0001:0007b720       lwGetBoundingBox           000000014007c720 f   picomodel:pntspols.obj
 0001:0007b810       lwAllocPolygons            000000014007c810 f   picomodel:pntspols.obj
 0001:0007b930       lwGetPolygons              000000014007c930 f   picomodel:pntspols.obj
 0001:0007bb00       lwGetPolyNormals           000000014007cb00 f   picomodel:pntspols.obj
 0001:0007bc70       lwGetPointPolygons         000000014007cc70 f   picomodel:pntspols.obj
 0001:0007bdd0       lwResolvePolySurfaces      000000014007cdd0 f   picomodel:pntspols.obj
 0001:0007bfa0       lwGetVertNormals           000000014007cfa0 f   picomodel:pntspols.obj
 0001:0007c220       lwFreeTags                 000000014007d220 f   picomodel:pntspols.obj
 0001:0007c2a0       lwGetTags                  000000014007d2a0 f   picomodel:pntspols.obj
 0001:0007c3f0       lwGetPolygonTags           000000014007d3f0 f   picomodel:pntspols.obj
 0001:0007c530       lwFreePlugin               000000014007d530 f   picomodel:surface.obj
 0001:0007c580       lwFreeTexture              000000014007d580 f   picomodel:surface.obj
 0001:0007c610       lwFreeSurface              000000014007d610 f   picomodel:surface.obj
 0001:0007c710       lwGetTHeader               000000014007d710 f   picomodel:surface.obj
 0001:0007c8a0       lwGetTMap                  000000014007d8a0 f   picomodel:surface.obj
 0001:0007cad0       lwGetImageMap              000000014007dad0 f   picomodel:surface.obj
 0001:0007cd50       lwGetProcedural            000000014007dd50 f   picomodel:surface.obj
 0001:0007cef0       lwGetGradient              000000014007def0 f   picomodel:surface.obj
 0001:0007d1a0       lwGetTexture               000000014007e1a0 f   picomodel:surface.obj
 0001:0007d2e0       lwGetShader                000000014007e2e0 f   picomodel:surface.obj
 0001:0007d5b0       lwDefaultSurface           000000014007e5b0 f   picomodel:surface.obj
 0001:0007d620       lwGetSurface               000000014007e620 f   picomodel:surface.obj
 0001:0007dc60       lwFreeClip                 000000014007ec60 f   picomodel:clip.obj
 0001:0007dd30       lwGetClip                  000000014007ed30 f   picomodel:clip.obj
 0001:0007e1b0       lwFreeEnvelope             000000014007f1b0 f   picomodel:envelope.obj
 0001:0007e230       lwGetEnvelope              000000014007f230 f   picomodel:envelope.obj
 0001:0007e560       set_flen                   000000014007f560 f   picomodel:lwio.obj
 0001:0007e570       get_flen                   000000014007f570 f   picomodel:lwio.obj
 0001:0007e580       revbytes                   000000014007f580 f   picomodel:lwio.obj
 0001:0007e600       getbytes                   000000014007f600 f   picomodel:lwio.obj
 0001:0007e6b0       getU2                      000000014007f6b0 f   picomodel:lwio.obj
 0001:0007e6b0       getI2                      000000014007f6b0 f   picomodel:lwio.obj
 0001:0007e710       getU4                      000000014007f710 f   picomodel:lwio.obj
 0001:0007e710       getI4                      000000014007f710 f   picomodel:lwio.obj
 0001:0007e770       getU1                      000000014007f770 f   picomodel:lwio.obj
 0001:0007e7b0       getVX                      000000014007f7b0 f   picomodel:lwio.obj
 0001:0007e860       getF4                      000000014007f860 f   picomodel:lwio.obj
 0001:0007e8c0       getS0                      000000014007f8c0 f   picomodel:lwio.obj
 0001:0007ea00       sgetI2                     000000014007fa00 f   picomodel:lwio.obj
 0001:0007ea60       sgetU2                     000000014007fa60 f   picomodel:lwio.obj
 0001:0007eaa0       sgetU4                     000000014007faa0 f   picomodel:lwio.obj
 0001:0007eb00       sgetVX                     000000014007fb00 f   picomodel:lwio.obj
 0001:0007eb80       sgetF4                     000000014007fb80 f   picomodel:lwio.obj
 0001:0007ebe0       sgetS0                     000000014007fbe0 f   picomodel:lwio.obj
 0001:0007f040       lwGetSurface5              0000000140080040 f   picomodel:lwob.obj
 0001:0007fa40       lwGetPolygons5             0000000140080a40 f   picomodel:lwob.obj
 0001:0007fc00       lwGetObject5               0000000140080c00 f   picomodel:lwob.obj
 0001:0007fe80       lwValidateObject5          0000000140080e80 f   picomodel:lwob.obj
 0001:0007ff30       _pico_dot_vec              0000000140080f30 f   picomodel:picointernal.obj
 0001:0007ff30       dot                        0000000140080f30 f   picomodel:vecmath.obj
 0001:0007ff60       normalize                  0000000140080f60 f   picomodel:vecmath.obj
 0001:0007ffac       _stricmp                   0000000140080fac f   MSVCRT:MSVCR90.dll
 0001:0007ffb2       rename                     0000000140080fb2 f   MSVCRT:MSVCR90.dll
 0001:0007ffb8       sprintf                    0000000140080fb8 f   MSVCRT:MSVCR90.dll
 0001:0007ffbe       sscanf                     0000000140080fbe f   MSVCRT:MSVCR90.dll
 0001:0007ffc4       strncmp                    0000000140080fc4 f   MSVCRT:MSVCR90.dll
 0001:0007ffca       free                       0000000140080fca f   MSVCRT:MSVCR90.dll
 0001:0007ffd0       atoi                       0000000140080fd0 f   MSVCRT:MSVCR90.dll
 0001:0007ffd6       remove                     0000000140080fd6 f   MSVCRT:MSVCR90.dll
 0001:0007ffdc       ftell                      0000000140080fdc f   MSVCRT:MSVCR90.dll
 0001:0007ffe2       realloc                    0000000140080fe2 f   MSVCRT:MSVCR90.dll
 0001:0007ffe8       atof                       0000000140080fe8 f   MSVCRT:MSVCR90.dll
 0001:0007ffee       _time64                    0000000140080fee f   MSVCRT:MSVCR90.dll
 0001:0007fff4       asctime                    0000000140080ff4 f   MSVCRT:MSVCR90.dll
 0001:0007fffa       _localtime64               0000000140080ffa f   MSVCRT:MSVCR90.dll
 0001:00080000       fseek                      0000000140081000 f   MSVCRT:MSVCR90.dll
 0001:00080006       fclose                     0000000140081006 f   MSVCRT:MSVCR90.dll
 0001:0008000c       tmpnam                     000000014008100c f   MSVCRT:MSVCR90.dll
 0001:00080012       strstr                     0000000140081012 f   MSVCRT:MSVCR90.dll
 0001:00080018       _onexit                    0000000140081018 f   MSVCRT:atonexit.obj
 0001:000800c8       atexit                     00000001400810c8 f   MSVCRT:atonexit.obj
 0001:000800e0       printf                     00000001400810e0 f   MSVCRT:MSVCR90.dll
 0001:000800e6       fopen                      00000001400810e6 f   MSVCRT:MSVCR90.dll
 0001:000800ec       rand                       00000001400810ec f   MSVCRT:MSVCR90.dll
 0001:000800f2       srand                      00000001400810f2 f   MSVCRT:MSVCR90.dll
 0001:000800f8       fwrite                     00000001400810f8 f   MSVCRT:MSVCR90.dll
 0001:000800fe       memmove                    00000001400810fe f   MSVCRT:MSVCR90.dll
 0001:00080104       _strnicmp                  0000000140081104 f   MSVCRT:MSVCR90.dll
 0001:0008010a       strchr                     000000014008110a f   MSVCRT:MSVCR90.dll
 0001:00080110       strncpy                    0000000140081110 f   MSVCRT:MSVCR90.dll
 0001:00080116       exit                       0000000140081116 f   MSVCRT:MSVCR90.dll
 0001:0008011c       fprintf                    000000014008111c f   MSVCRT:MSVCR90.dll
 0001:00080122       malloc                     0000000140081122 f   MSVCRT:MSVCR90.dll
 0001:00080128       strerror                   0000000140081128 f   MSVCRT:MSVCR90.dll
 0001:0008012e       fputs                      000000014008112e f   MSVCRT:MSVCR90.dll
 0001:00080134       _errno                     0000000140081134 f   MSVCRT:MSVCR90.dll
 0001:0008013a       _mkdir                     000000014008113a f   MSVCRT:MSVCR90.dll
 0001:00080140       fread                      0000000140081140 f   MSVCRT:MSVCR90.dll
 0001:00080146       _getcwd                    0000000140081146 f   MSVCRT:MSVCR90.dll
 0001:0008014c       vsprintf                   000000014008114c f   MSVCRT:MSVCR90.dll
 0001:00080152       __iob_func                 0000000140081152 f   MSVCRT:MSVCR90.dll
 0001:00080158       fflush                     0000000140081158 f   MSVCRT:MSVCR90.dll
 0001:0008015e       rewind                     000000014008115e f   MSVCRT:MSVCR90.dll
 0001:00080164       _access                    0000000140081164 f   MSVCRT:MSVCR90.dll
 0001:0008016a       _strdup                    000000014008116a f   MSVCRT:MSVCR90.dll
 0001:00080170       strrchr                    0000000140081170 f   MSVCRT:MSVCR90.dll
 0001:00080176       sscanf_s                   0000000140081176 f   MSVCRT:MSVCR90.dll
 0001:0008017c       qsort                      000000014008117c f   MSVCRT:MSVCR90.dll
 0001:00080182       fscanf                     0000000140081182 f   MSVCRT:MSVCR90.dll
 0001:00080458       mainCRTStartup             0000000140081458 f   MSVCRT:crtexe.obj
 0001:0008046a       memset                     000000014008146a f   MSVCRT:MSVCR90.dll
 0001:00080470       _setjmp                    0000000140081470 f   MSVCRT:MSVCR90.dll
 0001:00080476       memcpy                     0000000140081476 f   MSVCRT:MSVCR90.dll
 0001:00080480       sin                        0000000140081480 f   MSVCRT:MSVCR90.dll
 0001:00080486       cos                        0000000140081486 f   MSVCRT:MSVCR90.dll
 0001:0008048c       acosf                      000000014008148c f   MSVCRT:MSVCR90.dll
 0001:00080492       log                        0000000140081492 f   MSVCRT:MSVCR90.dll
 0001:00080498       __C_specific_handler       0000000140081498 f   MSVCRT:MSVCR90.dll
 0001:0008049e       _unlock                    000000014008149e f   MSVCRT:MSVCR90.dll
 0001:000804a4       __dllonexit                00000001400814a4 f   MSVCRT:MSVCR90.dll
 0001:000804aa       _lock                      00000001400814aa f   MSVCRT:MSVCR90.dll
 0001:000804b0       ?__CxxUnhandledExceptionFilter@@YAJPEAU_EXCEPTION_POINTERS@@@Z 00000001400814b0 f   MSVCRT:unhandld.obj
 0001:000804f4       __CxxSetUnhandledExceptionFilter 00000001400814f4 f   MSVCRT:unhandld.obj
 0001:0008050c       _amsg_exit                 000000014008150c f   MSVCRT:MSVCR90.dll
 0001:00080514       _RTC_Initialize            0000000140081514 f   MSVCRT:_initsect_.obj
 0001:0008054c       _RTC_Terminate             000000014008154c f   MSVCRT:_initsect_.obj
 0001:00080584       _XcptFilter                0000000140081584 f   MSVCRT:MSVCR90.dll
 0001:00080590       _ValidateImageBase         0000000140081590 f   MSVCRT:pesect.obj
 0001:000805c0       _FindPESection             00000001400815c0 f   MSVCRT:pesect.obj
 0001:00080610       _IsNonwritableInCurrentImage 0000000140081610 f   MSVCRT:pesect.obj
 0001:00080652       _initterm                  0000000140081652 f   MSVCRT:MSVCR90.dll
 0001:00080658       _initterm_e                0000000140081658 f   MSVCRT:MSVCR90.dll
 0001:00080660       _matherr                   0000000140081660 f   MSVCRT:merr.obj
 0001:00080660       _setargv                   0000000140081660 f   MSVCRT:dllargv.obj
 0001:00080664       __security_init_cookie     0000000140081664 f   MSVCRT:gs_support.obj
 0001:00080718       ?terminate@@YAXXZ          0000000140081718 f   MSVCRT:MSVCR90.dll
 0001:0008071e       send                       000000014008171e f   wsock32:WSOCK32.dll
 0001:00080724       gethostbyname              0000000140081724 f   wsock32:WSOCK32.dll
 0001:0008072a       closesocket                000000014008172a f   wsock32:WSOCK32.dll
 0001:00080730       socket                     0000000140081730 f   wsock32:WSOCK32.dll
 0001:00080736       bind                       0000000140081736 f   wsock32:WSOCK32.dll
 0001:0008073c       setsockopt                 000000014008173c f   wsock32:WSOCK32.dll
 0001:00080742       getsockname                0000000140081742 f   wsock32:WSOCK32.dll
 0001:00080748       ntohs                      0000000140081748 f   wsock32:WSOCK32.dll
 0001:0008074e       htons                      000000014008174e f   wsock32:WSOCK32.dll
 0001:00080754       WSAGetLastError            0000000140081754 f   wsock32:WSOCK32.dll
 0001:0008075a       htonl                      000000014008175a f   wsock32:WSOCK32.dll
 0001:00080760       inet_addr                  0000000140081760 f   wsock32:WSOCK32.dll
 0001:00080766       ntohl                      0000000140081766 f   wsock32:WSOCK32.dll
 0001:0008076c       WSAStartup                 000000014008176c f   wsock32:WSOCK32.dll
 0001:00080772       connect                    0000000140081772 f   wsock32:WSOCK32.dll
 0001:00080778       gethostname                0000000140081778 f   wsock32:WSOCK32.dll
 0001:0008077e       ioctlsocket                000000014008177e f   wsock32:WSOCK32.dll
 0001:00080784       expf                       0000000140081784 f   MSVCRT:MSVCR90.dll
 0001:0008078a       atan2f                     000000014008178a f   MSVCRT:MSVCR90.dll
 0001:00080790       sinf                       0000000140081790 f   MSVCRT:MSVCR90.dll
 0001:00080796       powf                       0000000140081796 f   MSVCRT:MSVCR90.dll
 0001:0008079c       cosf                       000000014008179c f   MSVCRT:MSVCR90.dll
 0001:000807a2       acos                       00000001400817a2 f   MSVCRT:MSVCR90.dll
 0001:000807a8       memcmp                     00000001400817a8 f   MSVCRT:MSVCR90.dll
 0001:000807c0       _alloca_probe              00000001400817c0     MSVCRT:chkstk.obj
 0001:000807c0       __chkstk                   00000001400817c0 f   MSVCRT:chkstk.obj
 0002:00000000       __imp_DeleteCriticalSection 0000000140082000     kernel32:KERNEL32.dll
 0002:00000008       __imp_GetSystemInfo        0000000140082008     kernel32:KERNEL32.dll
 0002:00000010       __imp_WaitForSingleObject  0000000140082010     kernel32:KERNEL32.dll
 0002:00000018       __imp_EnterCriticalSection 0000000140082018     kernel32:KERNEL32.dll
[...]
 0001:0004a330       ?TraceLine_r@@YA?AW4qboolean@@HQEAM0PEAUtrace_t@@@Z 000000014004b330 f    CIL library: CIL module
 0001:0004b3b0       ?CalcTangentVectors@@YA?AW4qboolean@@HPEAPEAUbspDrawVert_t@@PEAY02M1@Z 000000014004c3b0 f    CIL library: CIL module
 0001:0004b780       ?PerturbNormal@@YAXPEAUbspDrawVert_t@@PEAUshaderInfo_s@@QEAMQEAY02M3@Z 000000014004c780 f    CIL library: CIL module
 0001:0004b8e0       ?MapSingleLuxel@@YAHPEAUrawLightmap_s@@PEAUsurfaceInfo_s@@PEAUbspDrawVert_t@@QEAMMQEAY02M44@Z 000000014004c8e0 f    CIL library: CIL module
 0001:0004c490       ?MapTriangle_r@@YAXPEAUrawLightmap_s@@PEAUsurfaceInfo_s@@QEAPEAUbspDrawVert_t@@QEAMQEAY02M44@Z 000000014004d490 f    CIL library: CIL module
 0001:0004c700       ?MapTriangle@@YA?AW4qboolean@@PEAUrawLightmap_s@@PEAUsurfaceInfo_s@@QEAPEAUbspDrawVert_t@@W41@@Z 000000014004d700 f    CIL library: CIL module
 0001:0004ca10       ?MapQuad_r@@YAXPEAUrawLightmap_s@@PEAUsurfaceInfo_s@@QEAPEAUbspDrawVert_t@@QEAMQEAY02M4@Z 000000014004da10 f    CIL library: CIL module
 0001:0004cd50       ?MapQuad@@YA?AW4qboolean@@PEAUrawLightmap_s@@PEAUsurfaceInfo_s@@QEAPEAUbspDrawVert_t@@@Z 000000014004dd50 f    CIL library: CIL module
 0001:00050290       ?SubmapRawLuxel@@YA?AW4qboolean@@PEAUrawLightmap_s@@HHMMPEAHQEAM2@Z 0000000140051290 f    CIL library: CIL module
 0001:00050610       ?SubsampleRawLuxel_r@@YAXPEAUrawLightmap_s@@PEAUtrace_t@@QEAMHHMPEAM@Z 0000000140051610 f    CIL library: CIL module
 0001:00056440       ?CompareLightSurface@@YAHPEBX0@Z 0000000140057440 f    CIL library: CIL module
 0001:00057cc0       ?CompareSurfaceInfo@@YAHPEBX0@Z 0000000140058cc0 f    CIL library: CIL module
 0001:00058be0       ?CompareBSPLuxels@@YA?AW4qboolean@@PEAUrawLightmap_s@@H0H@Z 0000000140059be0 f    CIL library: CIL module
 0001:00058f90       ?MergeBSPLuxels@@YA?AW4qboolean@@PEAUrawLightmap_s@@H0H@Z 0000000140059f90 f    CIL library: CIL module
 0001:00059220       ?ApproximateLuxel@@YA?AW4qboolean@@PEAUrawLightmap_s@@PEAUbspDrawVert_t@@@Z 000000014005a220 f    CIL library: CIL module
 0001:00059420       ?ApproximateTriangle_r@@YA?AW4qboolean@@PEAUrawLightmap_s@@QEAPEAUbspDrawVert_t@@@Z 000000014005a420 f    CIL library: CIL module
 0001:00059630       ?ApproximateLightmap@@YA?AW4qboolean@@PEAUrawLightmap_s@@@Z 000000014005a630 f    CIL library: CIL module
 0001:00059ac0       ?TestOutLightmapStamp@@YA?AW4qboolean@@PEAUrawLightmap_s@@HPEAUoutLightmap_s@@HH@Z 000000014005aac0 f    CIL library: CIL module
 0001:00059c50       ?SetupOutLightmap@@YAXPEAUrawLightmap_s@@PEAUoutLightmap_s@@@Z 000000014005ac50 f    CIL library: CIL module
 0001:00059db0       ?FindOutLightmaps@@YAXPEAUrawLightmap_s@@@Z 000000014005adb0 f    CIL library: CIL module
 0001:0005a350       ?CompareRawLightmap@@YAHPEBX0@Z 000000014005b350 f    CIL library: CIL module
 0001:00062700       ?ConvertCollapsedSurface@@YAXPEAU_iobuf@@PEAUbspModel_t@@HHHQEAM@Z 0000000140063700 f    CIL library: CIL module
 0001:000633d0       ?ConvertSurface@@YAXPEAU_iobuf@@PEAUbspModel_t@@HPEAUbspDrawSurface_t@@HQEAM@Z 00000001400643d0 f    CIL library: CIL module
 0001:00063a40       ?ConvertModel@@YAXPEAU_iobuf@@PEAUbspModel_t@@HQEAMH@Z 0000000140064a40 f    CIL library: CIL module
 0001:00063b60       ?ConvertShader@@YAXPEAU_iobuf@@PEAUbspShader_t@@H@Z 0000000140064b60 f    CIL library: CIL module
 0001:00064270       ?ConvertBrush@@YAXPEAU_iobuf@@HPEAUbspBrush_t@@QEAM@Z 0000000140065270 f    CIL library: CIL module
 0001:000645f0       ?ConvertPatch@@YAXPEAU_iobuf@@HPEAUbspDrawSurface_t@@QEAM@Z 00000001400655f0 f    CIL library: CIL module
 0001:00064810       ?ConvertModel@@YAXPEAU_iobuf@@PEAUbspModel_t@@HQEAM@Z 0000000140065810 f    CIL library: CIL module
 0001:00066b30       DDSDecodePixelFormat       0000000140067b30 f   ddslib:ddslib.obj
 0001:00066bf0       DDSGetColorBlockColors     0000000140067bf0 f   ddslib:ddslib.obj
 0001:00066dc0       DDSDecodeColorBlock        0000000140067dc0 f   ddslib:ddslib.obj
 0001:00066ea0       DDSDecodeAlphaExplicit     0000000140067ea0 f   ddslib:ddslib.obj
 0001:00066fa0       DDSDecodeAlpha3BitLinear   0000000140067fa0 f   ddslib:ddslib.obj
 0001:000672a0       DDSDecompressDXT1          00000001400682a0 f   ddslib:ddslib.obj
 0001:000673b0       DDSDecompressDXT3          00000001400683b0 f   ddslib:ddslib.obj
 0001:00067530       DDSDecompressDXT5          0000000140068530 f   ddslib:ddslib.obj
 0001:000676b0       DDSDecompressDXT2          00000001400686b0 f   ddslib:ddslib.obj
 0001:000676c0       DDSDecompressDXT4          00000001400686c0 f   ddslib:ddslib.obj
 0001:000676d0       DDSDecompressARGB8888      00000001400686d0 f   ddslib:ddslib.obj
 0001:00067b00       ?default_decompress_parms@@YAXPEAUjpeg_decompress_struct@@@Z 0000000140068b00 f   jpeg6:jdapimin.obj
 0001:00067f20       ?output_pass_setup@@YAEPEAUjpeg_decompress_struct@@@Z 0000000140068f20 f   jpeg6:jdapistd.obj
 0001:00068120       ?init_source@@YAXPEAUjpeg_decompress_struct@@@Z 0000000140069120 f   jpeg6:jdatasrc.obj
 0001:00068130       ?fill_input_buffer@@YAEPEAUjpeg_decompress_struct@@@Z 0000000140069130 f   jpeg6:jdatasrc.obj
 0001:00068190       ?skip_input_data@@YAXPEAUjpeg_decompress_struct@@J@Z 0000000140069190 f   jpeg6:jdatasrc.obj
 0001:00068290       ?error_exit@@YAXPEAUjpeg_common_struct@@@Z 0000000140069290 f   jpeg6:jerror.obj
 0001:000682c0       ?output_message@@YAXPEAUjpeg_common_struct@@@Z 00000001400692c0 f   jpeg6:jerror.obj
 0001:000682f0       ?emit_message@@YAXPEAUjpeg_common_struct@@H@Z 00000001400692f0 f   jpeg6:jerror.obj
 0001:00068330       ?format_message@@YAXPEAUjpeg_common_struct@@PEAD@Z 0000000140069330 f   jpeg6:jerror.obj
 0001:00068410       ?reset_error_mgr@@YAXPEAUjpeg_common_struct@@@Z 0000000140069410 f   jpeg6:jerror.obj
 0001:000684b0       ?initial_setup@@YAXPEAUjpeg_decompress_struct@@@Z 00000001400694b0 f   jpeg6:jdinput.obj
 0001:000686c0       ?per_scan_setup@@YAXPEAUjpeg_decompress_struct@@@Z 00000001400696c0 f   jpeg6:jdinput.obj
 0001:000688a0       ?latch_quant_tables@@YAXPEAUjpeg_decompress_struct@@@Z 00000001400698a0 f   jpeg6:jdinput.obj
 0001:00068970       ?start_input_pass@@YAXPEAUjpeg_decompress_struct@@@Z 0000000140069970 f   jpeg6:jdinput.obj
 0001:000689c0       ?consume_markers@@YAHPEAUjpeg_decompress_struct@@@Z 00000001400699c0 f   jpeg6:jdinput.obj
 0001:00068ad0       ?reset_input_controller@@YAXPEAUjpeg_decompress_struct@@@Z 0000000140069ad0 f   jpeg6:jdinput.obj
 0001:00068b20       ?finish_input_pass@@YAXPEAUjpeg_decompress_struct@@@Z 0000000140069b20 f   jpeg6:jdinput.obj
 0001:00068ba0       ?get_soi@@YAEPEAUjpeg_decompress_struct@@@Z 0000000140069ba0 f   jpeg6:jdmarker.obj
 0001:00068c60       ?get_sof@@YAEPEAUjpeg_decompress_struct@@EE@Z 0000000140069c60 f   jpeg6:jdmarker.obj
 0001:00068fb0       ?get_sos@@YAEPEAUjpeg_decompress_struct@@@Z 0000000140069fb0 f   jpeg6:jdmarker.obj
 0001:000692e0       ?get_app0@@YAEPEAUjpeg_decompress_struct@@@Z 000000014006a2e0 f   jpeg6:jdmarker.obj
 0001:000695c0       ?get_app14@@YAEPEAUjpeg_decompress_struct@@@Z 000000014006a5c0 f   jpeg6:jdmarker.obj
 0001:000697b0       ?get_dac@@YAEPEAUjpeg_decompress_struct@@@Z 000000014006a7b0 f   jpeg6:jdmarker.obj
 0001:00069960       ?get_dht@@YAEPEAUjpeg_decompress_struct@@@Z 000000014006a960 f   jpeg6:jdmarker.obj
 0001:00069c90       ?get_dqt@@YAEPEAUjpeg_decompress_struct@@@Z 000000014006ac90 f   jpeg6:jdmarker.obj
 0001:00069f10       ?get_dri@@YAEPEAUjpeg_decompress_struct@@@Z 000000014006af10 f   jpeg6:jdmarker.obj
 0001:0006a030       ?skip_variable@@YAEPEAUjpeg_decompress_struct@@@Z 000000014006b030 f   jpeg6:jdmarker.obj
 0001:0006a100       ?next_marker@@YAEPEAUjpeg_decompress_struct@@@Z 000000014006b100 f   jpeg6:jdmarker.obj
 0001:0006a270       ?first_marker@@YAEPEAUjpeg_decompress_struct@@@Z 000000014006b270 f   jpeg6:jdmarker.obj
 0001:0006a340       ?read_markers@@YAHPEAUjpeg_decompress_struct@@@Z 000000014006b340 f   jpeg6:jdmarker.obj
 0001:0006a660       ?read_restart_marker@@YAEPEAUjpeg_decompress_struct@@@Z 000000014006b660 f   jpeg6:jdmarker.obj
 0001:0006a830       ?reset_marker_reader@@YAXPEAUjpeg_decompress_struct@@@Z 000000014006b830 f   jpeg6:jdmarker.obj
 0001:0006a920       ?out_of_memory@@YAXPEAUjpeg_common_struct@@H@Z 000000014006b920 f   jpeg6:jmemmgr.obj
 0001:0006a940       ?alloc_small@@YAPEAXPEAUjpeg_common_struct@@H_K@Z 000000014006b940 f   jpeg6:jmemmgr.obj
 0001:0006aac0       ?alloc_large@@YAPEAXPEAUjpeg_common_struct@@H_K@Z 000000014006bac0 f   jpeg6:jmemmgr.obj
 0001:0006aba0       ?alloc_sarray@@YAPEAPEAEPEAUjpeg_common_struct@@HII@Z 000000014006bba0 f   jpeg6:jmemmgr.obj
 0001:0006ac90       ?alloc_barray@@YAPEAPEAY0EA@FPEAUjpeg_common_struct@@HII@Z 000000014006bc90 f   jpeg6:jmemmgr.obj
 0001:0006ada0       ?request_virt_sarray@@YAPEAUjvirt_sarray_control@@PEAUjpeg_common_struct@@HEIII@Z 000000014006bda0 f   jpeg6:jmemmgr.obj
 0001:0006ae50       ?request_virt_barray@@YAPEAUjvirt_barray_control@@PEAUjpeg_common_struct@@HEIII@Z 000000014006be50 f   jpeg6:jmemmgr.obj
 0001:0006af00       ?realize_virt_arrays@@YAXPEAUjpeg_common_struct@@@Z 000000014006bf00 f   jpeg6:jmemmgr.obj
 0001:0006b0e0       ?do_sarray_io@@YAXPEAUjpeg_common_struct@@PEAUjvirt_sarray_control@@E@Z 000000014006c0e0 f   jpeg6:jmemmgr.obj
 0001:0006b1a0       ?do_barray_io@@YAXPEAUjpeg_common_struct@@PEAUjvirt_barray_control@@E@Z 000000014006c1a0 f   jpeg6:jmemmgr.obj
 0001:0006b260       ?access_virt_sarray@@YAPEAPEAEPEAUjpeg_common_struct@@PEAUjvirt_sarray_control@@IIE@Z 000000014006c260 f   jpeg6:jmemmgr.obj
 0001:0006b3c0       ?access_virt_barray@@YAPEAPEAY0EA@FPEAUjpeg_common_struct@@PEAUjvirt_barray_control@@IIE@Z 000000014006c3c0 f   jpeg6:jmemmgr.obj
 0001:0006b520       ?free_pool@@YAXPEAUjpeg_common_struct@@H@Z 000000014006c520 f   jpeg6:jmemmgr.obj
 0001:0006b670       ?self_destruct@@YAXPEAUjpeg_common_struct@@@Z 000000014006c670 f   jpeg6:jmemmgr.obj
 0001:0006b8f0       ?use_merged_upsample@@YAEPEAUjpeg_decompress_struct@@@Z 000000014006c8f0 f   jpeg6:jdmaster.obj
 0001:0006b9b0       ?prepare_range_limit_table@@YAXPEAUjpeg_decompress_struct@@@Z 000000014006c9b0 f   jpeg6:jdmaster.obj
 0001:0006ba60       ?master_selection@@YAXPEAUjpeg_decompress_struct@@@Z 000000014006ca60 f   jpeg6:jdmaster.obj
 0001:0006bc10       ?prepare_for_output_pass@@YAXPEAUjpeg_decompress_struct@@@Z 000000014006cc10 f   jpeg6:jdmaster.obj
 0001:0006bd60       ?finish_output_pass@@YAXPEAUjpeg_decompress_struct@@@Z 000000014006cd60 f   jpeg6:jdmaster.obj
 0001:0006bed0       ?alloc_funny_pointers@@YAXPEAUjpeg_decompress_struct@@@Z 000000014006ced0 f   jpeg6:jdmainct.obj
 0001:0006bfd0       ?make_funny_pointers@@YAXPEAUjpeg_decompress_struct@@@Z 000000014006cfd0 f   jpeg6:jdmainct.obj
 0001:0006c170       ?set_wraparound_pointers@@YAXPEAUjpeg_decompress_struct@@@Z 000000014006d170 f   jpeg6:jdmainct.obj
 0001:0006c280       ?set_bottom_pointers@@YAXPEAUjpeg_decompress_struct@@@Z 000000014006d280 f   jpeg6:jdmainct.obj
 0001:0006c350       ?process_data_simple_main@@YAXPEAUjpeg_decompress_struct@@PEAPEAEPEAII@Z 000000014006d350 f   jpeg6:jdmainct.obj
 0001:0006c400       ?process_data_context_main@@YAXPEAUjpeg_decompress_struct@@PEAPEAEPEAII@Z 000000014006d400 f   jpeg6:jdmainct.obj
 0001:0006c590       ?start_pass_main@@YAXPEAUjpeg_decompress_struct@@W4J_BUF_MODE@@@Z 000000014006d590 f   jpeg6:jdmainct.obj
 0001:0006c740       ?start_iMCU_row@@YAXPEAUjpeg_decompress_struct@@@Z 000000014006d740 f   jpeg6:jdcoefct.obj
 0001:0006c7a0       ?start_input_pass@@YAXPEAUjpeg_decompress_struct@@@Z 000000014006d7a0 f   jpeg6:jdcoefct.obj
 0001:0006c7b0       ?start_output_pass@@YAXPEAUjpeg_decompress_struct@@@Z 000000014006d7b0 f   jpeg6:jdcoefct.obj
 0001:0006c7c0       ?decompress_onepass@@YAHPEAUjpeg_decompress_struct@@PEAPEAPEAE@Z 000000014006d7c0 f   jpeg6:jdcoefct.obj
 0001:0006ca80       ?dummy_consume_data@@YAHPEAUjpeg_decompress_struct@@@Z 000000014006da80 f   jpeg6:jdcoefct.obj
 0001:0006d010       ?process_restart@@YAEPEAUjpeg_decompress_struct@@@Z 000000014006e010 f   jpeg6:jdhuff.obj
 0001:0006d0b0       ?decode_mcu@@YAEPEAUjpeg_decompress_struct@@PEAPEAY0EA@F@Z 000000014006e0b0 f   jpeg6:jdhuff.obj
 0001:0006d580       ?start_pass_huff_decoder@@YAXPEAUjpeg_decompress_struct@@@Z 000000014006e580 f   jpeg6:jdhuff.obj
 0001:0006d740       ?start_pass@@YAXPEAUjpeg_decompress_struct@@@Z 000000014006e740 f   jpeg6:jddctmgr.obj
 0001:0006db00       ?post_process_1pass@@YAXPEAUjpeg_decompress_struct@@PEAPEAPEAEPEAIIPEAPEAE2I@Z 000000014006eb00 f   jpeg6:jdpostct.obj
 0001:0006dbb0       ?start_pass_dpost@@YAXPEAUjpeg_decompress_struct@@W4J_BUF_MODE@@@Z 000000014006ebb0 f   jpeg6:jdpostct.obj
 0001:0006dd00       ?start_pass_upsample@@YAXPEAUjpeg_decompress_struct@@@Z 000000014006ed00 f   jpeg6:jdsample.obj
 0001:0006dd20       ?sep_upsample@@YAXPEAUjpeg_decompress_struct@@PEAPEAPEAEPEAIIPEAPEAE2I@Z 000000014006ed20 f   jpeg6:jdsample.obj
 0001:0006de70       ?fullsize_upsample@@YAXPEAUjpeg_decompress_struct@@PEAUjpeg_component_info@@PEAPEAEPEAPEAPEAE@Z 000000014006ee70 f   jpeg6:jdsample.obj
 0001:0006de80       ?noop_upsample@@YAXPEAUjpeg_decompress_struct@@PEAUjpeg_component_info@@PEAPEAEPEAPEAPEAE@Z 000000014006ee80 f   jpeg6:jdsample.obj
 0001:0006de90       ?int_upsample@@YAXPEAUjpeg_decompress_struct@@PEAUjpeg_component_info@@PEAPEAEPEAPEAPEAE@Z 000000014006ee90 f   jpeg6:jdsample.obj
 0001:0006dff0       ?h2v1_upsample@@YAXPEAUjpeg_decompress_struct@@PEAUjpeg_component_info@@PEAPEAEPEAPEAPEAE@Z 000000014006eff0 f   jpeg6:jdsample.obj
 0001:0006e060       ?h2v2_upsample@@YAXPEAUjpeg_decompress_struct@@PEAUjpeg_component_info@@PEAPEAEPEAPEAPEAE@Z 000000014006f060 f   jpeg6:jdsample.obj
 0001:0006e120       ?h2v1_fancy_upsample@@YAXPEAUjpeg_decompress_struct@@PEAUjpeg_component_info@@PEAPEAEPEAPEAPEAE@Z 000000014006f120 f   jpeg6:jdsample.obj
 0001:0006e210       ?h2v2_fancy_upsample@@YAXPEAUjpeg_decompress_struct@@PEAUjpeg_component_info@@PEAPEAEPEAPEAPEAE@Z 000000014006f210 f   jpeg6:jdsample.obj
 0001:0006e5d0       ?build_ycc_rgb_table@@YAXPEAUjpeg_decompress_struct@@@Z 000000014006f5d0 f   jpeg6:jdcolor.obj
 0001:0006e6d0       ?ycc_rgb_convert@@YAXPEAUjpeg_decompress_struct@@PEAPEAPEAEIPEAPEAEH@Z 000000014006f6d0 f   jpeg6:jdcolor.obj
 0001:0006e870       ?null_convert@@YAXPEAUjpeg_decompress_struct@@PEAPEAPEAEIPEAPEAEH@Z 000000014006f870 f   jpeg6:jdcolor.obj
 0001:0006e930       ?grayscale_convert@@YAXPEAUjpeg_decompress_struct@@PEAPEAPEAEIPEAPEAEH@Z 000000014006f930 f   jpeg6:jdcolor.obj
 0001:0006e970       ?ycck_cmyk_convert@@YAXPEAUjpeg_decompress_struct@@PEAPEAPEAEIPEAPEAEH@Z 000000014006f970 f   jpeg6:jdcolor.obj
 0001:0006eb40       ?term_source@@YAXPEAUjpeg_decompress_struct@@@Z 000000014006fb40 f   jpeg6:jdcolor.obj
 0001:0006eb40       ?start_pass_dcolor@@YAXPEAUjpeg_decompress_struct@@@Z 000000014006fb40 f   jpeg6:jdcolor.obj
 0001:00072be0       _obj_canload               0000000140073be0 f   picomodel:pm_obj.obj
 0001:00072d40       SizeObjVertexData          0000000140073d40 f   picomodel:pm_obj.obj
 0001:00072e00       FreeObjVertexData          0000000140073e00 f   picomodel:pm_obj.obj
 0001:00072e20       _obj_load                  0000000140073e20 f   picomodel:pm_obj.obj
 0001:00073d30       _terrain_canload           0000000140074d30 f   picomodel:pm_terrain.obj
 0001:00073da0       _terrain_load              0000000140074da0 f   picomodel:pm_terrain.obj
 0001:00074580       lwo_lwIDToStr              0000000140075580 f   picomodel:pm_lwo.obj
 0001:000745d0       _lwo_canload               00000001400755d0 f   picomodel:pm_lwo.obj
 0001:00074640       _lwo_load                  0000000140075640 f   picomodel:pm_lwo.obj
 0001:00074f40       _fm_canload                0000000140075f40 f   picomodel:pm_fm.obj
 0001:00075070       _fm_load                   0000000140076070 f   picomodel:pm_fm.obj
 0001:00075b50       _md2_canload               0000000140076b50 f   picomodel:pm_md2.obj
 0001:00075ba0       _md2_load                  0000000140076ba0 f   picomodel:pm_md2.obj
 0001:00076610       _mdc_canload               0000000140077610 f   picomodel:pm_mdc.obj
 0001:00076660       _mdc_load                  0000000140077660 f   picomodel:pm_mdc.obj
 0001:00076f40       _ms3d_canload              0000000140077f40 f   picomodel:pm_ms3d.obj
 0001:00076fc0       GetWord                    0000000140077fc0 f   picomodel:pm_ms3d.obj
 0001:00077000       _ms3d_load                 0000000140078000 f   picomodel:pm_ms3d.obj
 0001:00077730       _ase_get_material          0000000140078730 f   picomodel:pm_ase.obj
 0001:00077750       _ase_get_submaterial       0000000140078750 f   picomodel:pm_ase.obj
 0001:00077800       _ase_add_material          0000000140078800 f   picomodel:pm_ase.obj
 0001:00077840       _ase_add_submaterial       0000000140078840 f   picomodel:pm_ase.obj
 0001:000778c0       _ase_free_materials        00000001400788c0 f   picomodel:pm_ase.obj
 0001:00077940       _ase_canload               0000000140078940 f   picomodel:pm_ase.obj
 0001:000779d0       VectorCompareExtn          00000001400789d0 f   picomodel:pm_ase.obj
 0001:00077a20       _ase_submit_triangles      0000000140078a20 f   picomodel:pm_ase.obj
 0001:00077e60       _ase_load                  0000000140078e60 f   picomodel:pm_ase.obj
 0001:00079470       _3ds_canload               000000014007a470 f   picomodel:pm_3ds.obj
 0001:000794d0       GetChunk                   000000014007a4d0 f   picomodel:pm_3ds.obj
 0001:00079530       GetASCIIZ                  000000014007a530 f   picomodel:pm_3ds.obj
 0001:000795c0       GetByte                    000000014007a5c0 f   picomodel:pm_3ds.obj
 0001:000795e0       GetWord                    000000014007a5e0 f   picomodel:pm_3ds.obj
 0001:00079620       GetFloat                   000000014007a620 f   picomodel:pm_3ds.obj
 0001:00079650       GetMeshVertices            000000014007a650 f   picomodel:pm_3ds.obj
 0001:000796e0       GetMeshFaces               000000014007a6e0 f   picomodel:pm_3ds.obj
 0001:000797a0       GetMeshTexCoords           000000014007a7a0 f   picomodel:pm_3ds.obj
 0001:00079830       GetMeshShader              000000014007a830 f   picomodel:pm_3ds.obj
 0001:00079a00       GetDiffuseColor            000000014007aa00 f   picomodel:pm_3ds.obj
 0001:00079a50       DoNextEditorDataChunk      000000014007aa50 f   picomodel:pm_3ds.obj
 0001:00079cd0       DoNextChunk                000000014007acd0 f   picomodel:pm_3ds.obj
 0001:00079d90       _3ds_load                  000000014007ad90 f   picomodel:pm_3ds.obj
 0001:00079ea0       _md3_canload               000000014007aea0 f   picomodel:pm_md3.obj
 0001:00079ef0       _md3_load                  000000014007aef0 f   picomodel:pm_md3.obj
 0001:0007d4c0       compare_shaders            000000014007e4c0 f   picomodel:surface.obj
 0001:0007d4c0       compare_textures           000000014007e4c0 f   picomodel:surface.obj
 0001:0007d4f0       add_texture                000000014007e4f0 f   picomodel:surface.obj
 0001:0007e200       compare_keys               000000014007f200 f   picomodel:envelope.obj
 0001:0007ecb0       add_clip                   000000014007fcb0 f   picomodel:lwob.obj
 0001:0007ed60       add_tvel                   000000014007fd60 f   picomodel:lwob.obj
 0001:0007eee0       get_texture                000000014007fee0 f   picomodel:lwob.obj
 0001:00080188       pre_cpp_init               0000000140081188 f   MSVCRT:crtexe.obj
 0001:000801f0       __tmainCRTStartup          00000001400811f0 f   MSVCRT:crtexe.obj
 0001:00080370       pre_c_init                 0000000140081370 f   MSVCRT:crtexe.obj
 0001:00080810       _onexit$fin$0              0000000140081810 f   MSVCRT:atonexit.obj
 0001:00080829       __tmainCRTStartup$filt$0   0000000140081829 f   MSVCRT:crtexe.obj
 0001:00080850       _IsNonwritableInCurrentImage$filt$0 0000000140081850 f   MSVCRT:pesect.obj
