 bloodmap

 Timestamp is 54974447 (Mon Dec 22 01:05:59 2014)

 Preferred load address is 0000000140000000

 Start         Length     Name                   Class
 0001:00000000 00091838H .text                   CODE
 0001:00091840 0000005eH .text$00                CODE
 0001:000918a0 00000061H .text$x                 CODE
 0002:00000000 00000528H .idata$5                DATA
 0002:00000528 00000008H .CRT$XCA                DATA
 0002:00000530 00000008H .CRT$XCAA               DATA
 0002:00000538 00000008H .CRT$XCZ                DATA
 0002:00000540 00000008H .CRT$XIA                DATA
 0002:00000548 00000008H .CRT$XIAA               DATA
 0002:00000550 00000008H .CRT$XIY                DATA
 0002:00000558 00000008H .CRT$XIZ                DATA
 0002:00000560 00010d40H .rdata                  DATA
 0002:000112a0 00000042H .rdata$debug            DATA
 0002:000112e8 00000008H .rtc$IAA                DATA
 0002:000112f0 00000008H .rtc$IZZ                DATA
 0002:000112f8 00000008H .rtc$TAA                DATA
 0002:00011300 00000008H .rtc$TZZ                DATA
 0002:00011308 00009f88H .xdata                  DATA
 0002:0001b290 00000078H .idata$2                DATA
 0002:0001b308 00000014H .idata$3                DATA
 0002:0001b320 00000528H .idata$4                DATA
 0002:0001b848 00000842H .idata$6                DATA
 0002:0001c08a 00000000H .edata                  DATA
 0003:00000000 00015408H .data                   DATA
 0003:00015420 0fdcf200H .bss                    DATA
 0004:00000000 000065dcH .pdata                  DATA
 0005:00000000 00000250H .rsrc$01                DATA
 0005:00000250 000102f8H .rsrc$02                DATA

  Address         Publics by Value              Rva+Base               Lib:Object

 0000:00000000       ___safe_se_handler_table   0000000000000000     <absolute>
 0000:00000000       ___safe_se_handler_count   0000000000000000     <absolute>
 0000:00000000       __ImageBase                0000000140000000     <linker-defined>
 0001:00000000       ?IncDrawVerts@@YAXXZ       0000000140001000 f   bspfile_abstract.obj
 0001:000000d0       ?SetDrawVerts@@YAXH@Z      00000001400010d0 f   bspfile_abstract.obj
 0001:00000190       ?SetDrawSurfaces@@YAXH@Z   0000000140001190 f   bspfile_abstract.obj
 0001:00000250       ?SwapBSPFile@@YAXXZ        0000000140001250 f   bspfile_abstract.obj
 0001:00000400       ?WriteBSPFile@@YAXPEBD@Z   0000000140001400 f   bspfile_abstract.obj
 0001:000004a0       ?PrintBSPFileSizes@@YAXXZ  00000001400014a0 f   bspfile_abstract.obj
 0001:00000740       ?ParseEPair@@YAPEAUepair_s@@XZ 0000000140001740 f   bspfile_abstract.obj
 0001:000008b0       ?ParseEntity@@YA?AW4qboolean@@XZ 00000001400018b0 f   bspfile_abstract.obj
 0001:000009b0       ?ParseEntities@@YAXXZ      00000001400019b0 f   bspfile_abstract.obj
 0001:00000a50       ?UnparseEntities@@YAXW4qboolean@@@Z 0000000140001a50 f   bspfile_abstract.obj
 0001:00000d90       ?SetKeyValue@@YAXPEAUentity_t@@PEBD1@Z 0000000140001d90 f   bspfile_abstract.obj
 0001:00000ee0       ?KeyExists@@YA?AW4qboolean@@PEBUentity_t@@PEBD@Z 0000000140001ee0 f   bspfile_abstract.obj
 0001:00000f40       ?ValueForKey@@YAPEBDPEBUentity_t@@PEBD@Z 0000000140001f40 f   bspfile_abstract.obj
 0001:00000fb0       ?IntForKey@@YAHPEBUentity_t@@PEBD@Z 0000000140001fb0 f   bspfile_abstract.obj
 0001:00001030       ?FloatForKey@@YAMPEBUentity_t@@PEBD@Z 0000000140002030 f   bspfile_abstract.obj
 0001:000010a0       ?GetVectorForKey@@YAXPEBUentity_t@@PEBDQEAM@Z 00000001400020a0 f   bspfile_abstract.obj
 0001:00001160       ?FindTargetEntity@@YAPEAUentity_t@@PEBD@Z 0000000140002160 f   bspfile_abstract.obj
 0001:00001230       ?GetEntityShadowFlags@@YAXPEBUentity_t@@0PEAD1W4qboolean@@@Z 0000000140002230 f   bspfile_abstract.obj
 0001:00001480       ?GetEntityLightmapScale@@YAXPEBUentity_t@@PEAMM@Z 0000000140002480 f   bspfile_abstract.obj
 0001:00001620       ?GetEntityLightmapAxis@@YAXPEBUentity_t@@QEAM1@Z 0000000140002620 f   bspfile_abstract.obj
 0001:00001900       ?GetEntityNormalSmoothing@@YAXPEBUentity_t@@PEAHH@Z 0000000140002900 f   bspfile_abstract.obj
 0001:00001a10       ?GetEntityMinlightAmbientColor@@YAXPEBUentity_t@@QEAM111W4qboolean@@@Z 0000000140002a10 f   bspfile_abstract.obj
 0001:000030f0       ?LoadIBSPFile@@YAXPEBD@Z   00000001400040f0 f   bspfile_ibsp.obj
 0001:000036c0       ?WriteIBSPFile@@YAXPEBD@Z  00000001400046c0 f   bspfile_ibsp.obj
 0001:000040f0       ?LoadRBSPFile@@YAXPEBD@Z   00000001400050f0 f   bspfile_rbsp.obj
 0001:000048a0       ?WriteRBSPFile@@YAXPEBD@Z  00000001400058a0 f   bspfile_rbsp.obj
 0001:00005060       ?PNGReadData@@YAXPEAUpng_struct_def@@PEAE_K@Z 0000000140006060 f   image.obj
 0001:000053f0       ?WritePNG@@YAXPEBDPEAEHHW4qboolean@@2@Z 00000001400063f0 f   image.obj
 0001:000057a0       ?ImageFind@@YAPEAUimage_s@@PEBD@Z 00000001400067a0 f   image.obj
 0001:00005890       ?ImageLoad@@YAPEAUimage_s@@PEBD@Z 0000000140006890 f   image.obj
 0001:00006120       ?FixAAS@@YAHHPEAPEAD@Z     0000000140007120 f   main.obj
 0001:000063b0       ?AnalyzeBSP@@YAHHPEAPEAD@Z 00000001400073b0 f   main.obj
 0001:000067a0       ?BSPInfo@@YAHHPEAPEAD@Z    00000001400077a0 f   main.obj
 0001:00006ae0       ?ScaleBSPMain@@YAHHPEAPEAD@Z 0000000140007ae0 f   main.obj
 0001:00007aa0       ?ConvertBSPMain@@YAHHPEAPEAD@Z 0000000140008aa0 f   main.obj
 0001:00007e20       main                       0000000140008e20 f   main.obj
 0001:00008450       ?LerpDrawVert@@YAXPEAUbspDrawVert_t@@00@Z 0000000140009450 f   mesh.obj
 0001:000085a0       ?LerpDrawVertAmount@@YAXPEAUbspDrawVert_t@@0M0@Z 00000001400095a0 f   mesh.obj
 0001:00008780       ?CopyMesh@@YAPEAUmesh_t@@PEAU1@@Z 0000000140009780 f   mesh.obj
 0001:00008800       ?TransposeMesh@@YAPEAUmesh_t@@PEAU1@@Z 0000000140009800 f   mesh.obj
 0001:00008900       ?InvertMesh@@YAXPEAUmesh_t@@@Z 0000000140009900 f   mesh.obj
 0001:00008a40       ?MakeMeshNormals@@YAXUmesh_t@@@Z 0000000140009a40 f   mesh.obj
 0001:00008fd0       ?PutMeshOnCurve@@YAXUmesh_t@@@Z 0000000140009fd0 f   mesh.obj
 0001:00009320       ?SubdivideMesh@@YAPEAUmesh_t@@U1@MM@Z 000000014000a320 f   mesh.obj
 0001:0000a050       ?IterationsForCurve@@YAHMH@Z 000000014000b050 f   mesh.obj
 0001:0000a0d0       ?SubdivideMesh2@@YAPEAUmesh_t@@U1@H@Z 000000014000b0d0 f   mesh.obj
 0001:0000a9c0       ?RemoveLinearMeshColumnsRows@@YAPEAUmesh_t@@PEAU1@@Z 000000014000b9c0 f   mesh.obj
 0001:0000afb0       ?PicoPrintFunc@@YAXHPEBD@Z 000000014000bfb0 f   model.obj
 0001:0000b030       ?PicoLoadFileFunc@@YAXPEADPEAPEAEPEAH@Z 000000014000c030 f   model.obj
 0001:0000b050       ?FindModel@@YAPEAUpicoModel_s@@PEBDH@Z 000000014000c050 f   model.obj
 0001:0000b120       ?LoadModel@@YAPEAUpicoModel_s@@PEBDH@Z 000000014000c120 f   model.obj
 0001:0000b230       ?InsertModel@@YAXPEADHHQEAMMPEAUremap_s@@PEAUshaderInfo_s@@HHDDHM1111MHHW4qboolean@@M4PEAH555@Z 000000014000c230 f   model.obj
 0001:0000c4d0       ?LoadTriangleModels@@YAXXZ 000000014000d4d0 f   model.obj
 0001:0000c820       ?AddTriangleModels@@YAXH@Z 000000014000d820 f   model.obj
 0001:0000d950       ?TidyShaders@@YAXXZ        000000014000e950 f   optimize.obj
 0001:0000e0b0       ?MergeDrawSurfaces@@YAXXZ  000000014000f0b0 f   optimize.obj
 0001:0000ece0       ?MergeDrawVerts@@YAXXZ     000000014000fce0 f   optimize.obj
 0001:0000f750       ?WriteResourceOBJFile@@YAXPEBD@Z 0000000140010750 f   optimize.obj
 0001:00010030       ?OptimizeBSPMain@@YAHHPEAPEAD@Z 0000000140011030 f   optimize.obj
 0001:00010720       ?AllocateEntity@@YAPEAUentity_t@@PEAU1@@Z 0000000140011720 f   patchbsp.obj
 0001:000107a0       ?FindMapEntityByUniqueKey@@YAPEAUentity_t@@PEBD@Z 00000001400117a0 f   patchbsp.obj
 0001:000108b0       ?PatchEntities@@YAXXZ      00000001400118b0 f   patchbsp.obj
 0001:00010e30       ?PatchBSPMain@@YAHHPEAPEAD@Z 0000000140011e30 f   patchbsp.obj
 0001:00011470       ?GetGame@@YAPEAUgame_s@@PEAD@Z 0000000140012470 f   path_init.obj
 0001:000115c0       ?AddBasePath@@YAXPEAD@Z    00000001400125c0 f   path_init.obj
 0001:00011660       ?AddGamePath@@YAXPEAD@Z    0000000140012660 f   path_init.obj
 0001:00011700       ?InitPaths@@YAXPEAHPEAPEAD@Z 0000000140012700 f   path_init.obj
 0001:00011be0       ?GetGamePath@@YA?AW4qboolean@@PEAD0@Z 0000000140012be0 f   path_init.obj
 0001:00011e70       ?ColorModBuildRandomMatrix@@YAXXZ 0000000140012e70 f   shaders.obj
 0001:00011f20       ?ColorModRandom@@YAMQEAMM@Z 0000000140012f20 f   shaders.obj
 0001:000121f0       ?ColorMod@@YAXPEAUmapDrawSurface_s@@PEAUcolorMod_s@@PEAUbrush_s@@HH@Z 00000001400131f0 f   shaders.obj
 0001:00012980       ?TCModMultiply@@YAXQEAY02M00@Z 0000000140013980 f   shaders.obj
 0001:00012b00       ?TCModRotate@@YAXQEAY02MM@Z 0000000140013b00 f   shaders.obj
 0001:00012bf0       ?ApplySurfaceParm@@YA?AW4qboolean@@PEADPEAH11@Z 0000000140013bf0 f   shaders.obj
 0001:00012d40       ?BeginMapShaderFile@@YAXPEBD@Z 0000000140013d40 f   shaders.obj
 0001:00012eb0       ?WriteMapShaderFile@@YAXXZ 0000000140013eb0 f   shaders.obj
 0001:00013030       ?CustomShader@@YAPEAUshaderInfo_s@@PEAU1@PEAD1@Z 0000000140014030 f   shaders.obj
 0001:000136f0       ?FinishShader@@YAXPEAUshaderInfo_s@@@Z 00000001400146f0 f   shaders.obj
 0001:00013e40       ?ShaderInfoForShader@@YAPEAUshaderInfo_s@@PEBD@Z 0000000140014e40 f   shaders.obj
 0001:00014040       ?GetTokenAppend@@YA?AW4qboolean@@PEADW41@@Z 0000000140015040 f   shaders.obj
 0001:00014140       ?Parse1DMatrixAppend@@YAXPEADHPEAM@Z 0000000140015140 f   shaders.obj
 0001:00016bd0       ?LoadShaderInfo@@YAXXZ     0000000140017bd0 f   shaders.obj
 0001:00016f10       ?SetSurfaceExtra@@YAXPEAUmapDrawSurface_s@@H@Z 0000000140017f10 f   surface_extra.obj
 0001:00016fe0       ?WriteSurfaceExtraFile@@YAXPEBD@Z 0000000140017fe0 f   surface_extra.obj
 0001:000173b0       ?LoadSurfaceExtraFile@@YAXPEBD@Z 00000001400183b0 f   surface_extra.obj
 0001:000178e0       ?AllocSideRef@@YAPEAUsideRef_s@@PEAUside_s@@PEAU1@@Z 00000001400188e0 f   brush.obj
 0001:00017930       ?AllocBrush@@YAPEAUbrush_s@@H@Z 0000000140018930 f   brush.obj
 0001:000179b0       ?FreeBrush@@YAXPEAUbrush_s@@@Z 00000001400189b0 f   brush.obj
 0001:00017aa0       ?CopyBrush@@YAPEAUbrush_s@@PEAU1@@Z 0000000140018aa0 f   brush.obj
 0001:00017b70       ?BoundBrush@@YA?AW4qboolean@@PEAUbrush_s@@@Z 0000000140018b70 f   brush.obj
 0001:00017c60       ?CreateBrushWindings@@YA?AW4qboolean@@PEAUbrush_s@@@Z 0000000140018c60 f   brush.obj
 0001:00017df0       ?BrushFromBounds@@YAPEAUbrush_s@@MMMMMMPEAUshaderInfo_s@@@Z 0000000140018df0 f   brush.obj
 0001:00017ff0       ?BrushVolume@@YAMPEAUbrush_s@@@Z 0000000140018ff0 f   brush.obj
 0001:00018120       ?WriteBSPBrushMap@@YAXPEADPEAUbrush_s@@@Z 0000000140019120 f   brush.obj
 0001:00018330       ?FilterBrushIntoTree_r@@YAHPEAUbrush_s@@PEAUnode_s@@@Z 0000000140019330 f   brush.obj
 0001:00018400       ?FilterDetailBrushesIntoTree@@YAXPEAUentity_t@@PEAUtree_t@@@Z 0000000140019400 f   brush.obj
 0001:000184d0       ?FilterStructuralBrushesIntoTree@@YAXPEAUentity_t@@PEAUtree_t@@@Z 00000001400194d0 f   brush.obj
 0001:000185a0       ?WindingIsTiny@@YA?AW4qboolean@@PEAUwinding_t@@@Z 00000001400195a0 f   brush.obj
 0001:00018680       ?BrushMostlyOnSide@@YAHPEAUbrush_s@@PEAUplane_s@@@Z 0000000140019680 f   brush.obj
 0001:00018900       ?SplitBrush@@YAXPEAUbrush_s@@HPEAPEAU1@1@Z 0000000140019900 f   brush.obj
 0001:000190b0       ?ComputeAxisBase@@YAXQEAM00@Z 000000014001a0b0 f   brush_primit.obj
 0001:00019210       ?SetCloneModelNumbers@@YAXXZ 000000014001a210 f   bsp.obj
 0001:00019a90       ?ProcessWorldModel@@YAXXZ  000000014001aa90 f   bsp.obj
 0001:0001a650       ?ProcessSubModel@@YAXXZ    000000014001b650 f   bsp.obj
 0001:0001a8e0       ?ProcessModels@@YAXXZ      000000014001b8e0 f   bsp.obj
 0001:0001aac0       ?RegionScissor@@YAXXZ      000000014001bac0 f   bsp.obj
 0001:0001b9e0       ?BSPMain@@YAHHPEAPEAD@Z    000000014001c9e0 f   bsp.obj
 0001:0001d920       ?ProcessDecals@@YAXXZ      000000014001e920 f   decals.obj
 0001:0001edb0       ?MakeEntityDecals@@YAXPEAUentity_t@@@Z 000000014001fdb0 f   decals.obj
 0001:0001f160       ?FreeNode@@YAXPEAUdnode_s@@@Z 0000000140020160 f   decorations.obj
 0001:0001f1d0       ?FreeNodesArray@@YAXPEAUdnode_s@@H@Z 00000001400201d0 f   decorations.obj
 0001:0001f2d0       ?EntityArrayAdd@@YAXPEAUdgroupents_s@@PEAUentity_t@@@Z 00000001400202d0 f   decorations.obj
 0001:0001f390       ?NewDecoreGroup@@YAPEAUdgroup_s@@PEADW4decoreMatchParm_t@@@Z 0000000140020390 f   decorations.obj
 0001:0001f500       ?PopulateDecoreGroup@@YA?AW4qboolean@@PEAUentity_t@@W4decoreMatchParm_t@@PEAD@Z 0000000140020500 f   decorations.obj
 0001:0001f6f0       ?DecoreParseActions@@YAXPEAUdactions_s@@@Z 00000001400206f0 f   decorations.obj
 0001:0001fd30       ?EntityPopulateDecorationGroups@@YAXH@Z 0000000140020d30 f   decorations.obj
 0001:0001fda0       ?LoadDecorationScript@@YAXXZ 0000000140020da0 f   decorations.obj
 0001:00020580       ?EntityProcessActions@@YAXPEAUentity_t@@PEAUdactions_s@@@Z 0000000140021580 f   decorations.obj
 0001:00020750       ?ImportFoliage@@YAXPEAD@Z  0000000140021750 f   decorations.obj
 0001:000209b0       ?ImportRtlights@@YAXXZ     00000001400219b0 f   decorations.obj
 0001:00021370       ?ProcessDecorationGroup@@YAXH@Z 0000000140022370 f   decorations.obj
 0001:00021cd0       ?ProcessDecorations@@YAXXZ 0000000140022cd0 f   decorations.obj
 0001:00022150       ?BuildFaceTree_r@@YAXPEAUnode_s@@PEAUface_s@@@Z 0000000140023150 f   facebsp.obj
 0001:00022520       ?FaceBSP@@YAPEAUtree_t@@PEAUface_s@@@Z 0000000140023520 f   facebsp.obj
 0001:000226c0       ?MakeStructuralBSPFaceList@@YAPEAUface_s@@PEAUbrush_s@@@Z 00000001400236c0 f   facebsp.obj
 0001:00022830       ?MakeVisibleBSPFaceList@@YAPEAUface_s@@PEAUbrush_s@@@Z 0000000140023830 f   facebsp.obj
 0001:000229a0       ?DrawSurfToMesh@@YAPEAUmesh_t@@PEAUmapDrawSurface_s@@@Z 00000001400239a0 f   fog.obj
 0001:00022a40       ?SplitMeshByPlane@@YAXPEAUmesh_t@@QEAMMPEAPEAU1@2@Z 0000000140023a40 f   fog.obj
 0001:000231e0       ?ChopPatchSurfaceByBrush@@YA?AW4qboolean@@PEAUentity_t@@PEAUmapDrawSurface_s@@PEAUbrush_s@@@Z 00000001400241e0 f   fog.obj
 0001:00023440       ?WindingFromDrawSurf@@YAPEAUwinding_t@@PEAUmapDrawSurface_s@@@Z 0000000140024440 f   fog.obj
 0001:00023680       ?ChopFaceSurfaceByBrush@@YA?AW4qboolean@@PEAUentity_t@@PEAUmapDrawSurface_s@@PEAUbrush_s@@@Z 0000000140024680 f   fog.obj
 0001:00023a00       ?FogDrawSurfaces@@YAXPEAUentity_t@@@Z 0000000140024a00 f   fog.obj
 0001:00023c10       ?FogForBounds@@YAHQEAM0M@Z 0000000140024c10 f   fog.obj
 0001:00023d90       ?CreateMapFogs@@YAXXZ      0000000140024d90 f   fog.obj
 0001:000240d0       ?LeakFile@@YAPEAU_xmlNode@@PEAUtree_t@@@Z 00000001400250d0 f   leakfile.obj
 0001:00024550       ?CreateNewFloatPlane@@YAHQEAMM@Z 0000000140025550 f   map.obj
 0001:00024750       ?SnapNormal@@YAXQEAM@Z     0000000140025750 f   map.obj
 0001:000247f0       ?FindFloatPlane@@YAHQEAMMHPEAY02M@Z 00000001400257f0 f   map.obj
 0001:00024b40       ?MapPlaneFromPoints@@YAHPEAY02M@Z 0000000140025b40 f   map.obj
 0001:00024ca0       ?SetBrushContents@@YAXPEAUbrush_s@@@Z 0000000140025ca0 f   map.obj
 0001:00024df0       ?AddBrushBevels@@YAXXZ     0000000140025df0 f   map.obj
 0001:00025b40       ?FinishBrush@@YAPEAUbrush_s@@XZ 0000000140026b40 f   map.obj
 0001:00025de0       ?TextureAxisFromPlane@@YAXPEAUplane_s@@QEAM1@Z 0000000140026de0 f   map.obj
 0001:00025fb0       ?QuakeTextureVecs@@YAXPEAUplane_s@@QEAMM1QEAY03M@Z 0000000140026fb0 f   map.obj
 0001:00026850       ?RemoveDuplicateBrushPlanes@@YA?AW4qboolean@@PEAUbrush_s@@@Z 0000000140027850 f   map.obj
 0001:00026e60       ?MoveBrushesToWorld@@YAXPEAUentity_t@@@Z 0000000140027e60 f   map.obj
 0001:00026f90       ?AdjustBrushesForOrigin@@YAXPEAUentity_t@@@Z 0000000140027f90 f   map.obj
 0001:000270e0       ?SetEntityBounds@@YAXPEAUentity_t@@@Z 00000001400280e0 f   map.obj
 0001:00027470       ?LoadEntityIndexMap@@YAXPEAUentity_t@@@Z 0000000140028470 f   map.obj
 0001:00028260       ?LoadMapFile@@YAXPEADW4qboolean@@11@Z 0000000140029260 f   map.obj
 0001:00028920       ?CheckMapForErrors@@YAHXZ  0000000140029920 f   map.obj
 0001:00029760       ?ParsePatch@@YAXW4qboolean@@@Z 000000014002a760 f   patch.obj
 0001:00029f90       ?PatchMapDrawSurfs@@YAXPEAUentity_t@@@Z 000000014002af90 f   patch.obj
 0001:0002a560       ?MakeHeadnodePortals@@YAXPEAUtree_t@@@Z 000000014002b560 f   portals.obj
 0001:0002a860       ?BaseWindingForNode@@YAPEAUwinding_t@@PEAUnode_s@@@Z 000000014002b860 f   portals.obj
 0001:0002a970       ?MakeNodePortal@@YAXPEAUnode_s@@@Z 000000014002b970 f   portals.obj
 0001:0002abb0       ?SplitNodePortals@@YAXPEAUnode_s@@@Z 000000014002bbb0 f   portals.obj
 0001:0002b320       ?CalcNodeBounds@@YAXPEAUnode_s@@@Z 000000014002c320 f   portals.obj
 0001:0002b3b0       ?MakeTreePortals_r@@YAXPEAUnode_s@@@Z 000000014002c3b0 f   portals.obj
 0001:0002b4d0       ?FloodPortals_r@@YAXPEAUnode_s@@HW4qboolean@@@Z 000000014002c4d0 f   portals.obj
 0001:0002b570       ?PlaceOccupantTest@@YA?AW4qboolean@@PEAUtree_t@@PEAUnode_s@@QEAM@Z 000000014002c570 f   portals.obj
 0001:0002b610       ?FloodEntities@@YA?AW4qboolean@@PEAUtree_t@@@Z 000000014002c610 f   portals.obj
 0001:0002c0f0       ?FloodAreas_r@@YAXPEAUnode_s@@@Z 000000014002d0f0 f   portals.obj
 0001:0002c240       ?FindAreas_r@@YAXPEAUnode_s@@@Z 000000014002d240 f   portals.obj
 0001:0002c290       ?FloodSkyboxArea_r@@YAXPEAUnode_s@@@Z 000000014002d290 f   portals.obj
 0001:0002c2e0       ?FloodAreas@@YAXPEAUtree_t@@@Z 000000014002d2e0 f   portals.obj
 0001:0002c390       ?FillOutside_r@@YAXPEAUnode_s@@@Z 000000014002d390 f   portals.obj
 0001:0002c3f0       ?FillOutside@@YAXPEAUnode_s@@@Z 000000014002d3f0 f   portals.obj
 0001:0002c4b0       ?WriteFloat@@YAXPEAU_iobuf@@M@Z 000000014002d4b0 f   prtfile.obj
 0001:0002c540       ?WritePortalFile_r@@YAXPEAUnode_s@@@Z 000000014002d540 f   prtfile.obj
 0001:0002c860       ?WriteFaceFile_r@@YAXPEAUnode_s@@@Z 000000014002d860 f   prtfile.obj
 0001:0002caa0       ?NumberLeafs_r@@YAXPEAUnode_s@@@Z 000000014002daa0 f   prtfile.obj
 0001:0002cbd0       ?NumberClusters@@YAXPEAUtree_t@@@Z 000000014002dbd0 f   prtfile.obj
 0001:0002cc50       ?WritePortalFile@@YAXPEAUtree_t@@@Z 000000014002dc50 f   prtfile.obj
 0001:0002cd50       ?AllocDrawSurface@@YAPEAUmapDrawSurface_s@@W4surfaceType_t@@@Z 000000014002dd50 f   surface.obj
 0001:0002ce20       ?FinishSurface@@YAXPEAUmapDrawSurface_s@@@Z 000000014002de20 f   surface.obj
 0001:0002cee0       ?CloneSurface@@YAPEAUmapDrawSurface_s@@PEAU1@PEAUshaderInfo_s@@@Z 000000014002dee0 f   surface.obj
 0001:0002cfe0       ?MakeSkyboxSurface@@YAPEAUmapDrawSurface_s@@PEAU1@@Z 000000014002dfe0 f   surface.obj
 0001:0002d060       ?IsTriangleDegenerate@@YA?AW4qboolean@@PEAUbspDrawVert_t@@HHH@Z 000000014002e060 f   surface.obj
 0001:0002d150       ?ClearSurface@@YAXPEAUmapDrawSurface_s@@@Z 000000014002e150 f   surface.obj
 0001:0002d1b0       ?TidyEntitySurfaces@@YAXPEAUentity_t@@@Z 000000014002e1b0 f   surface.obj
 0001:0002d330       ?CalcSurfaceTextureRange@@YA?AW4qboolean@@PEAUmapDrawSurface_s@@@Z 000000014002e330 f   surface.obj
 0001:0002d590       ?CalcLightmapAxis@@YA?AW4qboolean@@QEAM0@Z 000000014002e590 f   surface.obj
 0001:0002d6a0       ?ClassifySurfaces@@YAXHPEAUmapDrawSurface_s@@@Z 000000014002e6a0 f   surface.obj
 0001:0002db70       ?ClassifyEntitySurfaces@@YAXPEAUentity_t@@@Z 000000014002eb70 f   surface.obj
 0001:0002dbe0       ?GetShaderIndexForPoint@@YAEPEAUindexMap_s@@QEAM11@Z 000000014002ebe0 f   surface.obj
 0001:0002dcd0       ?GetIndexedShader@@YAPEAUshaderInfo_s@@PEAU1@PEAUindexMap_s@@HPEAE@Z 000000014002ecd0 f   surface.obj
 0001:0002df30       ?DrawSurfaceForSide@@YAPEAUmapDrawSurface_s@@PEAUentity_t@@PEAUbrush_s@@PEAUside_s@@PEAUwinding_t@@PEAY02MPEAHH@Z 000000014002ef30 f   surface.obj
 0001:0002e9c0       ?DrawSurfaceForMesh@@YAPEAUmapDrawSurface_s@@PEAUentity_t@@PEAUparseMesh_s@@PEAUmesh_t@@@Z 000000014002f9c0 f   surface.obj
 0001:0002f510       ?DrawSurfaceForFlare@@YAPEAUmapDrawSurface_s@@HQEAM00PEADH@Z 0000000140030510 f   surface.obj
 0001:0002fa60       ?SubdivideFaceSurfaces@@YAXPEAUentity_t@@PEAUtree_t@@@Z 0000000140030a60 f   surface.obj
 0001:0002fdc0       ?ClipSideIntoTree_r@@YAXPEAUwinding_t@@PEAUside_s@@PEAUnode_s@@@Z 0000000140030dc0 f   surface.obj
 0001:0002fed0       ?SideInBrush@@YA?AW4qboolean@@PEAUside_s@@PEAUbrush_s@@@Z 0000000140030ed0 f   surface.obj
 0001:0002ffc0       ?CullSides@@YAXPEAUentity_t@@@Z 0000000140030fc0 f   surface.obj
 0001:00030420       ?ClipSidesIntoTree@@YAXPEAUentity_t@@PEAUtree_t@@@Z 0000000140031420 f   surface.obj
 0001:00030640       ?AddReferenceToLeaf@@YAHPEAUmapDrawSurface_s@@PEAUnode_s@@@Z 0000000140031640 f   surface.obj
 0001:000306f0       ?AddReferenceToTree_r@@YAHPEAUmapDrawSurface_s@@PEAUnode_s@@W4qboolean@@@Z 00000001400316f0 f   surface.obj
 0001:000307c0       ?FilterPointIntoTree_r@@YAHQEAMPEAUmapDrawSurface_s@@PEAUnode_s@@@Z 00000001400317c0 f   surface.obj
 0001:000308a0       ?FilterWindingIntoTree_r@@YAHPEAUwinding_t@@PEAUmapDrawSurface_s@@PEAUnode_s@@@Z 00000001400318a0 f   surface.obj
 0001:000316b0       ?EmitDrawVerts@@YAXPEAUmapDrawSurface_s@@PEAUbspDrawSurface_t@@H@Z 00000001400326b0 f   surface.obj
 0001:00031880       ?FindDrawIndexes@@YAHHPEAH@Z 0000000140032880 f   surface.obj
 0001:000319e0       ?EmitDrawIndexes@@YAXPEAUmapDrawSurface_s@@PEAUbspDrawSurface_t@@@Z 00000001400329e0 f   surface.obj
 0001:00031ac0       ?EmitFlareSurface@@YAXPEAUmapDrawSurface_s@@@Z 0000000140032ac0 f   surface.obj
 0001:00031bf0       ?EmitPatchSurface@@YAXPEAUentity_t@@PEAUmapDrawSurface_s@@@Z 0000000140032bf0 f   surface.obj
 0001:00032f20       ?MakeFogHullSurfs@@YAXPEAUentity_t@@PEAUtree_t@@PEAD@Z 0000000140033f20 f   surface.obj
 0001:00033300       ?AddSurfaceModelsToTriangle_r@@YAHPEAUmapDrawSurface_s@@PEAUsurfaceModel_s@@PEAPEAUbspDrawVert_t@@@Z 0000000140034300 f   surface.obj
 0001:00033950       ?AddSurfaceModels@@YAHPEAUmapDrawSurface_s@@@Z 0000000140034950 f   surface.obj
 0001:00034380       ?FixDrawsurfVertexAlpha@@YAXH@Z 0000000140035380 f   surface.obj
 0001:00034f10       ?FixVertexAlpha@@YAXPEAUentity_t@@W4qboolean@@@Z 0000000140035f10 f   surface.obj
 0001:00035170       ?ApplyVertexMods@@YAXPEAUentity_t@@W4qboolean@@@Z 0000000140036170 f   surface.obj
 0001:000353b0       ?FilterDrawsurfsIntoTree@@YAXPEAUentity_t@@PEAUtree_t@@W4qboolean@@@Z 00000001400363b0 f   surface.obj
 0001:00035980       ?EmitDrawsurfsStats@@YAXXZ 0000000140036980 f   surface.obj
 0001:00035ec0       ?Foliage@@YAXPEAUmapDrawSurface_s@@@Z 0000000140036ec0 f   surface_foliage.obj
 0001:000364f0       ?Fur@@YAXPEAUmapDrawSurface_s@@@Z 00000001400374f0 f   surface_fur.obj
 0001:00036890       ?FindMetaTriangle@@YAHPEAUmetaTriangle_s@@PEAUbspDrawVert_t@@11H@Z 0000000140037890 f   surface_meta.obj
 0001:00036fa0       ?TriangulatePatchSurface@@YAXPEAUentity_t@@PEAUmapDrawSurface_s@@@Z 0000000140037fa0 f   surface_meta.obj
 0001:000374c0       ?FanFaceSurface@@YAXPEAUmapDrawSurface_s@@@Z 00000001400384c0 f   surface_meta.obj
 0001:00037810       ?StripFaceSurface@@YAXPEAUmapDrawSurface_s@@W4qboolean@@@Z 0000000140038810 f   surface_meta.obj
 0001:00037b20       ?EmitMetaStats@@YAXXZ      0000000140038b20 f   surface_meta.obj
 0001:00037bd0       ?MakeEntityMetaTriangles@@YAXPEAUentity_t@@@Z 0000000140038bd0 f   surface_meta.obj
 0001:00037e20       ?MetaTriangleFindAreaWeight@@YAXH@Z 0000000140038e20 f   surface_meta.obj
 0001:00038370       ?SmoothMetaTriangles@@YAXXZ 0000000140039370 f   surface_meta.obj
 0001:00038ea0       ?AddMetaVertToSurface@@YAHPEAUmapDrawSurface_s@@PEAUbspDrawVert_t@@PEAH@Z 0000000140039ea0 f   surface_meta.obj
 0001:0003a230       ?GroupMetaTriangles@@YAXXZ 000000014003b230 f   surface_meta.obj
 0001:0003aa40       ?MergeMetaTrianglesThread@@YAXH@Z 000000014003ba40 f   surface_meta.obj
 0001:0003ab40       ?MergeMetaTriangles@@YAXXZ 000000014003bb40 f   surface_meta.obj
 0001:0003ade0       ?InsertPointOnEdge@@YAXQEAMPEAUedgeLine_s@@@Z 000000014003bde0 f   tjunction.obj
 0001:0003af10       ?AddEdge@@YAHQEAM0W4qboolean@@@Z 000000014003bf10 f   tjunction.obj
 0001:0003b3d0       ?AddSurfaceEdges@@YAXPEAUmapDrawSurface_s@@@Z 000000014003c3d0 f   tjunction.obj
 0001:0003b460       ?ColinearEdge@@YA?AW4qboolean@@QEAM00@Z 000000014003c460 f   tjunction.obj
 0001:0003b580       ?AddPatchEdges@@YAXPEAUmapDrawSurface_s@@@Z 000000014003c580 f   tjunction.obj
 0001:0003b750       ?FixSurfaceJunctions@@YAXPEAUmapDrawSurface_s@@@Z 000000014003c750 f   tjunction.obj
 0001:0003bcd0       ?FixBrokenSurface@@YA?AW4qboolean@@PEAUmapDrawSurface_s@@@Z 000000014003ccd0 f   tjunction.obj
 0001:0003bf50       ?EdgeCompare@@YAHPEBX0@Z   000000014003cf50 f   tjunction.obj
 0001:0003bf60       ?FixTJunctions@@YAXPEAUentity_t@@@Z 000000014003cf60 f   tjunction.obj
 0001:0003c230       ?FreeTreePortals_r@@YAXPEAUnode_s@@@Z 000000014003d230 f   tree.obj
 0001:0003c3c0       ?FreeTree_r@@YAXPEAUnode_s@@@Z 000000014003d3c0 f   tree.obj
 0001:0003c420       ?FreeTree@@YAXPEAUtree_t@@@Z 000000014003d420 f   tree.obj
 0001:0003c4a0       ?EmitShader@@YAHPEBDPEAH1@Z 000000014003d4a0 f   writebsp.obj
 0001:0003c610       ?EmitPlanes@@YAXXZ         000000014003d610 f   writebsp.obj
 0001:0003c760       ?EmitLeaf@@YAXPEAUnode_s@@@Z 000000014003d760 f   writebsp.obj
 0001:0003c8c0       ?EmitDrawNode_r@@YAHPEAUnode_s@@@Z 000000014003d8c0 f   writebsp.obj
 0001:0003c9f0       ?SetModelNumbers@@YAXXZ    000000014003d9f0 f   writebsp.obj
 0001:0003ca90       ?SetLightStyles@@YAXXZ     000000014003da90 f   writebsp.obj
 0001:0003cde0       ?EndBSPFile@@YAXXZ         000000014003dde0 f   writebsp.obj
 0001:0003ced0       ?EmitBrushes@@YAXPEAUbrush_s@@PEAH1@Z 000000014003ded0 f   writebsp.obj
 0001:0003d1d0       ?EmitFogs@@YAXXZ           000000014003e1d0 f   writebsp.obj
 0001:0003d2f0       ?BeginModel@@YAXXZ         000000014003e2f0 f   writebsp.obj
 0001:0003d6a0       ?EndModel@@YAXPEAUentity_t@@PEAUnode_s@@@Z 000000014003e6a0 f   writebsp.obj
 0001:0003dca0       ?CreateEntityLights@@YAXXZ 000000014003eca0 f   light.obj
 0001:0003ebb0       ?CreateSurfaceLights@@YAXXZ 000000014003fbb0 f   light.obj
 0001:0003ef40       ?SetEntityOrigins@@YAXXZ   000000014003ff40 f   light.obj
 0001:0003f1c0       ?PointToPolygonFormFactor@@YAMQEBM0PEBUwinding_t@@@Z 00000001400401c0 f   light.obj
 0001:0003f480       ?LightContribution@@YAHPEAUtrace_t@@HW4qboolean@@@Z 0000000140040480 f   light.obj
 0001:0003fc20       ?LightContributionAllStyles@@YAXPEAUtrace_t@@QEAEQEAY02MHW4qboolean@@@Z 0000000140040c20 f   light.obj
 0001:0003fe60       ?LightContributionSuper@@YAHPEAUtrace_t@@HW4qboolean@@HQEBM22QEAM@Z 0000000140040e60 f   light.obj
 0001:00040530       ?IlluminateGridPoint@@YAXPEAUtrace_t@@H@Z 0000000140041530 f   light.obj
 0001:000412c0       ?IlluminateGridBlock@@YAXH@Z 00000001400422c0 f   light.obj
 0001:00041950       ?FloodGridPoint@@YAXH@Z    0000000140042950 f   light.obj
 0001:00041c90       ?IlluminateGrid@@YAXXZ     0000000140042c90 f   light.obj
 0001:00041ed0       ?SetupGrid@@YAXXZ          0000000140042ed0 f   light.obj
 0001:00042950       ?SampleGrid@@YAXQEAM000@Z  0000000140043950 f   light.obj
 0001:00042e30       ?LightWorld@@YAXXZ         0000000140043e30 f   light.obj
 0001:00043cd0       ?LightMain@@YAHHPEAPEAD@Z  0000000140044cd0 f   light.obj
 0001:00046ff0       ?RadFreeLights@@YAXXZ      0000000140047ff0 f   light_bounce.obj
 0001:000474b0       ?RadSampleImage@@YA?AW4qboolean@@PEAEHHQEAM1@Z 00000001400484b0 f   light_bounce.obj
 0001:00048690       ?RadLightForTriangles@@YAXHHPEAUrawLightmap_s@@PEAUshaderInfo_s@@MMPEAUclipWork_t@@@Z 0000000140049690 f   light_bounce.obj
 0001:00048880       ?RadLightForPatch@@YAXHHPEAUrawLightmap_s@@PEAUshaderInfo_s@@MMPEAUclipWork_t@@@Z 0000000140049880 f   light_bounce.obj
 0001:00048df0       ?RadLight@@YAXH@Z          0000000140049df0 f   light_bounce.obj
 0001:00048fe0       ?RadCreateDiffuseLights@@YAXXZ 0000000140049fe0 f   light_bounce.obj
 0001:000498d0       ?ClipTraceWinding@@YAXPEAUtraceWinding_s@@QEAM00@Z 000000014004a8d0 f   light_trace.obj
 0001:0004ba50       ?SetupTraceNodes@@YAXXZ    000000014004ca50 f   light_trace.obj
 0001:0004bc80       ?TraceTriangle@@YA?AW4qboolean@@PEAUtraceInfo_s@@PEAUtraceTriangle_s@@PEAUtrace_t@@@Z 000000014004cc80 f   light_trace.obj
 0001:0004c630       ?TraceLine@@YAXPEAUtrace_t@@@Z 000000014004d630 f   light_trace.obj
 0001:0004c810       ?SetupTrace@@YAMPEAUtrace_t@@@Z 000000014004d810 f   light_trace.obj
 0001:0004c890       ?ColorToBytesLinear@@YAXPEBMPEAEMW4qboolean@@@Z 000000014004d890 f   light_ydnar.obj
 0001:0004cb30       ?ColorToBytesGamma@@YAXPEBMPEAEMW4qboolean@@@Z 000000014004db30 f   light_ydnar.obj
 0001:0004ce70       ?ColorToBytesLinearExposure@@YAXPEBMPEAEMW4qboolean@@@Z 000000014004de70 f   light_ydnar.obj
 0001:0004d140       ?ColorToBytesGammaExposure@@YAXPEBMPEAEMW4qboolean@@@Z 000000014004e140 f   light_ydnar.obj
 0001:0004d4c0       ?ColorToBytesLinearCompensate@@YAXPEBMPEAEMW4qboolean@@@Z 000000014004e4c0 f   light_ydnar.obj
 0001:0004d770       ?ColorToBytesGammaCompensate@@YAXPEBMPEAEMW4qboolean@@@Z 000000014004e770 f   light_ydnar.obj
 0001:0004dac0       ?ColorToBytesLinearExposureCompensate@@YAXPEBMPEAEMW4qboolean@@@Z 000000014004eac0 f   light_ydnar.obj
 0001:0004ddc0       ?ColorToBytesGammaExposureCompensate@@YAXPEBMPEAEMW4qboolean@@@Z 000000014004edc0 f   light_ydnar.obj
 0001:0004e150       ?SmoothNormals@@YAXXZ      000000014004f150 f   light_ydnar.obj
 0001:00050770       ?MapRawLightmap@@YAXH@Z    0000000140051770 f   light_ydnar.obj
 0001:00051480       ?DirtModeName@@YAPEADPEAW4dirtMode_t@@@Z 0000000140052480 f   light_ydnar.obj
 0001:000514f0       ?EnableDirtForEntity@@YAXH@Z 00000001400524f0 f   light_ydnar.obj
 0001:00051590       ?SetupDirtForEntity@@YAXH@Z 0000000140052590 f   light_ydnar.obj
 0001:00051d90       ?SetupDirt@@YAXXZ          0000000140052d90 f   light_ydnar.obj
 0001:000520c0       ?DirtForSample@@YAMPEAUtrace_t@@@Z 00000001400530c0 f   light_ydnar.obj
 0001:00052ad0       ?DirtyRawLightmap@@YAXH@Z  0000000140053ad0 f   light_ydnar.obj
 0001:00053030       ?ApplyDirt@@YAXPEAM000HMM@Z 0000000140054030 f   light_ydnar.obj
 0001:00053b60       ?IlluminateRawLightmap@@YAXH@Z 0000000140054b60 f   light_ydnar.obj
 0001:00055470       ?FilterRawLightmap@@YAXH@Z 0000000140056470 f   light_ydnar.obj
 0001:00055d00       ?WriteRawLightmapsFile@@YAXPEBD@Z 0000000140056d00 f   light_ydnar.obj
 0001:00056a50       ?IlluminateVertexes@@YAXH@Z 0000000140057a50 f   light_ydnar.obj
 0001:00057c60       ?SetupBrushes@@YAXXZ       0000000140058c60 f   light_ydnar.obj
 0001:00057e30       ?ClusterVisible@@YA?AW4qboolean@@HH@Z 0000000140058e30 f   light_ydnar.obj
 0001:00057ec0       ?PointInLeafNum_r@@YAHQEAMH@Z 0000000140058ec0 f   light_ydnar.obj
 0001:00057fd0       ?ClusterForPointExt@@YAHQEAMM@Z 0000000140058fd0 f   light_ydnar.obj
 0001:00058300       ?ClusterForPointExtFilter@@YAHQEAMMHPEAH@Z 0000000140059300 f   light_ydnar.obj
 0001:00058370       ?SetupEnvelopes@@YAXW4qboolean@@0@Z 0000000140059370 f   light_ydnar.obj
 0001:00058d60       ?CreateTraceLightsForBounds@@YAXW4qboolean@@QEAM11HPEAHHPEAUtrace_t@@@Z 0000000140059d60 f   light_ydnar.obj
 0001:000590f0       ?CreateTraceLightsForSurface@@YAXHPEAUtrace_t@@@Z 000000014005a0f0 f   light_ydnar.obj
 0001:00059210       ?SetupFloodLight@@YAXXZ    000000014005a210 f   light_ydnar.obj
 0001:00059530       ?WriteTGA24@@YAXPEADPEAEHHW4qboolean@@@Z 000000014005a530 f   lightmaps_ydnar.obj
 0001:000596b0       ?ExportLightmaps@@YAXXZ    000000014005a6b0 f   lightmaps_ydnar.obj
 0001:00059850       ?ExportLightmapsMain@@YAHHPEAPEAD@Z 000000014005a850 f   lightmaps_ydnar.obj
 0001:00059980       ?ImportLightmapsMain@@YAHHPEAPEAD@Z 000000014005a980 f   lightmaps_ydnar.obj
 0001:00059ec0       ?FinishRawLightmap@@YAXH@Z 000000014005aec0 f   lightmaps_ydnar.obj
 0001:0005a5a0       ?AddPatchToRawLightmap@@YA?AW4qboolean@@HPEAUrawLightmap_s@@@Z 000000014005b5a0 f   lightmaps_ydnar.obj
 0001:0005ab50       ?AddSurfaceToRawLightmap@@YA?AW4qboolean@@HPEAUrawLightmap_s@@@Z 000000014005bb50 f   lightmaps_ydnar.obj
 0001:0005b840       ?SetupSurfaceLightmaps@@YAXXZ 000000014005c840 f   lightmaps_ydnar.obj
 0001:0005c550       ?AllocateSurfaceLightmaps@@YAXXZ 000000014005d550 f   lightmaps_ydnar.obj
 0001:0005c760       ?AddStitchLuxels@@YAXHHHHPEAH0H@Z 000000014005d760 f   lightmaps_ydnar.obj
 0001:0005c9b0       ?StitchRawLightmap@@YAXH@Z 000000014005d9b0 f   lightmaps_ydnar.obj
 0001:0005d370       ?StitchLuxelsCompare@@YAHPEBX0@Z 000000014005e370 f   lightmaps_ydnar.obj
 0001:0005d3c0       ?StitchSurfaceLightmaps@@YAXXZ 000000014005e3c0 f   lightmaps_ydnar.obj
 0001:0005f5c0       ?SubsamplePixelForFloodLightmapBorders_r@@YAHPEAUoutLightmap_s@@HHHQEAM1@Z 00000001400605c0 f   lightmaps_ydnar.obj
 0001:00060140       ?FloodLightmapBorders@@YAXPEAUoutLightmap_s@@@Z 0000000140061140 f   lightmaps_ydnar.obj
 0001:00060510       ?StoreSurfaceLightmaps@@YAXXZ 0000000140061510 f   lightmaps_ydnar.obj
 0001:00062f70       ?PlaneFromWinding@@YAXPEAUfixedWinding_t@@PEAUvisPlane_t@@@Z 0000000140063f70 f   vis.obj
 0001:00063080       ?NewFixedWinding@@YAPEAUfixedWinding_t@@H@Z 0000000140064080 f   vis.obj
 0001:000630f0       ?PComp@@YAHPEBX0@Z         00000001400640f0 f   vis.obj
 0001:00063120       ?LeafVectorFromPortalVector@@YAHPEAE0@Z 0000000140064120 f   vis.obj
 0001:00063280       ?ClusterMerge@@YAXH@Z      0000000140064280 f   vis.obj
 0001:00063480       ?CalcPortalVis@@YAXXZ      0000000140064480 f   vis.obj
 0001:00063510       ?CalcPassageVis@@YAXXZ     0000000140064510 f   vis.obj
 0001:00063640       ?CalcPassagePortalVis@@YAXXZ 0000000140064640 f   vis.obj
 0001:00063770       ?CalcVis@@YAXXZ            0000000140064770 f   vis.obj
 0001:00063a40       ?SetPortalSphere@@YAXPEAUvportal_t@@@Z 0000000140064a40 f   vis.obj
 0001:00063ba0       ?TryMergeLeaves@@YAHHH@Z   0000000140064ba0 f   vis.obj
 0001:00063f00       ?MergeLeaves@@YAXXZ        0000000140064f00 f   vis.obj
 0001:00064060       ?TryMergeWinding@@YAPEAUfixedWinding_t@@PEAU1@0QEAM@Z 0000000140065060 f   vis.obj
 0001:00064590       ?MergeLeafPortals@@YAXXZ   0000000140065590 f   vis.obj
 0001:000647a0       ?LoadPortals@@YAXPEAD@Z    00000001400657a0 f   vis.obj
 0001:00064fd0       ?VisMain@@YAHHPEAPEAD@Z    0000000140065fd0 f   vis.obj
 0001:000654c0       ?FreeStackWinding@@YAXPEAUfixedWinding_t@@PEAUpstack_s@@@Z 00000001400664c0 f   visflow.obj
 0001:00065520       ?VisChopWinding@@YAPEAUfixedWinding_t@@PEAU1@PEAUpstack_s@@PEAUvisPlane_t@@@Z 0000000140066520 f   visflow.obj
 0001:000659d0       ?ClipToSeperators@@YAPEAUfixedWinding_t@@PEAU1@00W4qboolean@@PEAUpstack_s@@@Z 00000001400669d0 f   visflow.obj
 0001:00066020       ?RecursiveLeafFlow@@YAXHPEAUthreaddata_t@@PEAUpstack_s@@@Z 0000000140067020 f   visflow.obj
 0001:000666e0       ?PortalFlow@@YAXH@Z        00000001400676e0 f   visflow.obj
 0001:000668a0       ?RecursivePassageFlow@@YAXPEAUvportal_t@@PEAUthreaddata_t@@PEAUpstack_s@@@Z 00000001400678a0 f   visflow.obj
 0001:00066b20       ?PassageFlow@@YAXH@Z       0000000140067b20 f   visflow.obj
 0001:00066bf0       ?RecursivePassagePortalFlow@@YAXPEAUvportal_t@@PEAUthreaddata_t@@PEAUpstack_s@@@Z 0000000140067bf0 f   visflow.obj
 0001:000672b0       ?PassagePortalFlow@@YAXH@Z 00000001400682b0 f   visflow.obj
 0001:00067380       ?PassageChopWinding@@YAPEAUfixedWinding_t@@PEAU1@0PEAUvisPlane_t@@@Z 0000000140068380 f   visflow.obj
 0001:000676c0       ?AddSeperators@@YAHPEAUfixedWinding_t@@0W4qboolean@@PEAUvisPlane_t@@H@Z 00000001400686c0 f   visflow.obj
 0001:00067cb0       ?CreatePassages@@YAXH@Z    0000000140068cb0 f   visflow.obj
 0001:000682c0       ?PassageMemory@@YAXXZ      00000001400692c0 f   visflow.obj
 0001:00068380       ?SimpleFlood@@YAXPEAUvportal_t@@H@Z 0000000140069380 f   visflow.obj
 0001:00068480       ?BasePortalVis@@YAXH@Z     0000000140069480 f   visflow.obj
 0001:0006a000       ?ConvertBSPToASE@@YAHPEADH@Z 000000014006b000 f   convert_ase.obj
 0001:0006ac90       ?ConvertBSPToMap@@YAHPEADH@Z 000000014006bc90 f   convert_map.obj
 0001:0006b0d0       ?safe_malloc_f@@YAPEAX_K@Z 000000014006c0d0 f   cmdlib.obj
 0001:0006b110       ?safe_malloc_log@@YAPEAX_KPEBDH@Z 000000014006c110 f   cmdlib.obj
 0001:0006b260       ?safe_malloc_logend@@YAXXZ 000000014006c260 f   cmdlib.obj
 0001:0006b300       ?ExpandArg@@YAPEADPEBD@Z   000000014006c300 f   cmdlib.obj
 0001:0006b390       ?ExpandPath@@YAPEADPEBD@Z  000000014006c390 f   cmdlib.obj
 0001:0006b400       ?Q_getwd@@YAXPEAD@Z        000000014006c400 f   cmdlib.obj
 0001:0006b460       ?LoadFile@@YAHPEBDPEAPEAX@Z 000000014006c460 f   cmdlib.obj
 0001:0006b550       ?DefaultExtension@@YAXPEADPEBD@Z 000000014006c550 f   cmdlib.obj
 0001:0006b5c0       ?LBMRLEDecompress@@YAPEAEPEAE0H@Z 000000014006c5c0 f   imagelib.obj
 0001:0006b690       ?LoadLBM@@YAXPEBDPEAPEAE1@Z 000000014006c690 f   imagelib.obj
 0001:0006ba80       ?LoadPCX@@YAXPEBDPEAPEAE1PEAH2@Z 000000014006ca80 f   imagelib.obj
 0001:0006bd20       ?LoadBMP@@YAXPEBDPEAPEAE1PEAH2@Z 000000014006cd20 f   imagelib.obj
 0001:0006c340       ?Load256Image@@YAXPEBDPEAPEAE1PEAH2@Z 000000014006d340 f   imagelib.obj
 0001:0006c550       ?TargaError@@YAXPEAU_TargaHeader@@PEBD@Z 000000014006d550 f   imagelib.obj
 0001:0006c600       ?LoadTGABuffer@@YAXPEBE0PEAPEAEPEAH2@Z 000000014006d600 f   imagelib.obj
 0001:0006ccd0       ?LoadTGA@@YAXPEBDPEAPEAEPEAH2@Z 000000014006dcd0 f   imagelib.obj
 0001:0006cd60       ?WriteTGA@@YAXPEBDPEAEHH@Z 000000014006dd60 f   imagelib.obj
 0001:0006ce70       ?Load32BitImage@@YAXPEBDPEAPEAIPEAH2@Z 000000014006de70 f   imagelib.obj
 0001:0006d020       ?xml_SendNode@@YAXPEAU_xmlNode@@@Z 000000014006e020 f   inout.obj
 0001:0006d140       ?xml_Select@@YAXPEADHHW4qboolean@@@Z 000000014006e140 f   inout.obj
 0001:0006d280       ?xml_Winding@@YAXPEADQEAY02MHW4qboolean@@@Z 000000014006e280 f   inout.obj
 0001:0006d420       ?Broadcast_Shutdown@@YAXXZ 000000014006e420 f   inout.obj
 0001:0006d460       ?Sys_FPrintf@@YAXHPEBDZZ   000000014006e460 f   inout.obj
 0001:0006d590       ?Sys_Printf@@YAXPEBDZZ     000000014006e590 f   inout.obj
 0001:0006d690       ?Error@@YAXPEBDZZ          000000014006e690 f   inout.obj
 0001:0006d7e0       ?MD4Update@@YAXPEAUMD4_CTX_s@@PEAEI@Z 000000014006e7e0 f   md4.obj
 0001:0006d8b0       ?MD4Final@@YAXQEAEPEAUMD4_CTX_s@@@Z 000000014006e8b0 f   md4.obj
 0001:0006df60       ?AllocWinding@@YAPEAUwinding_t@@H@Z 000000014006ef60 f   polylib.obj
 0001:0006e000       ?FreeWinding@@YAXPEAUwinding_t@@@Z 000000014006f000 f   polylib.obj
 0001:0006e040       ?WindingArea@@YAMPEAUwinding_t@@@Z 000000014006f040 f   polylib.obj
 0001:0006e1a0       ?BaseWindingForPlane@@YAPEAUwinding_t@@QEAMM@Z 000000014006f1a0 f   polylib.obj
 0001:0006e590       ?ReverseWinding@@YAPEAUwinding_t@@PEAU1@@Z 000000014006f590 f   polylib.obj
 0001:0006e6a0       ?ClipWindingEpsilon@@YAXPEAUwinding_t@@QEAMMMPEAPEAU1@2@Z 000000014006f6a0 f   polylib.obj
 0001:0006eba0       ?ChopWindingInPlace@@YAXPEAPEAUwinding_t@@QEAMMM@Z 000000014006fba0 f   polylib.obj
 0001:0006efe0       ?WindingOnPlaneSide@@YAHPEAUwinding_t@@QEAMM@Z 000000014006ffe0 f   polylib.obj
 0001:0006f100       ?AddWindingToConvexHull@@YAXPEAUwinding_t@@PEAPEAU1@QEAM@Z 0000000140070100 f   polylib.obj
 0001:0006f750       ?BaseDWindingForPlane@@YAPEAUdwinding_t@@QEAMMM@Z 0000000140070750 f   polylib.obj
 0001:0006fad0       ?WindingFromDWinding@@YAPEAUwinding_t@@PEAUdwinding_t@@@Z 0000000140070ad0 f   polylib.obj
 0001:0006fc00       ?ChopDWindingInPlace@@YAXPEAPEAUdwinding_t@@QEAMMM@Z 0000000140070c00 f   polylib.obj
 0001:00070030       ?FixDWinding@@YA?AW4qboolean@@PEAUdwinding_t@@@Z 0000000140071030 f   polylib.obj
 0001:000701a0       ?AddScriptToStack@@YAXPEBDH@Z 00000001400711a0 f   scriplib.obj
 0001:000702a0       ?EndOfScript@@YA?AW4qboolean@@W41@@Z 00000001400712a0 f   scriplib.obj
 0001:00070380       ?GetToken@@YA?AW4qboolean@@W41@@Z 0000000140071380 f   scriplib.obj
 0001:000706b0       ?TokenAvailable@@YA?AW4qboolean@@XZ 00000001400716b0 f   scriplib.obj
 0001:000706f0       ?MatchToken@@YAXPEAD@Z     00000001400716f0 f   scriplib.obj
 0001:00070750       ?Parse1DMatrix@@YAXHPEAM@Z 0000000140071750 f   scriplib.obj
 0001:00070840       ?Parse2DMatrix@@YAXHHPEAM@Z 0000000140071840 f   scriplib.obj
 0001:00070910       ?GetThreadWork@@YAHXZ      0000000140071910 f   threads.obj
 0001:00070a50       ?RunThreadsOnIndividualThread@@YAXH@Z 0000000140071a50 f   threads.obj
 0001:00070a80       ?RunThreadsOnIndividual@@YAXHW4qboolean@@P6AXH@Z@Z 0000000140071a80 f   threads.obj
 0001:00070b10       ?RunThreadsOn@@YAXHW4qboolean@@P6AXH@Z@Z 0000000140071b10 f   threads.obj
 0001:00070ba0       ?RunSameThreadOn@@YAXHW4qboolean@@P6AXH@Z@Z 0000000140071ba0 f   threads.obj
 0001:00070cb0       ?RunSameThreadOnIndividual@@YAXHW4qboolean@@P6AXH@Z@Z 0000000140071cb0 f   threads.obj
 0001:00070dd0       ?_RunThreadsOn@@YAXHW4qboolean@@P6AXH@Z@Z 0000000140071dd0 f   threads.obj
 0001:00070f50       ?_ThreadMutexLock@@YAXPEAUThreadMutex_s@@PEADH@Z 0000000140071f50 f   threads.obj
 0001:00071150       ?unzOpen@@YAPEAXPEBD@Z     0000000140072150 f   unzip.obj
 0001:00071700       ?unzGoToFirstFile@@YAHPEAX@Z 0000000140072700 f   unzip.obj
 0001:00071760       ?unzGoToNextFile@@YAHPEAX@Z 0000000140072760 f   unzip.obj
 0001:000719e0       ?unzOpenCurrentFile@@YAHPEAX@Z 00000001400729e0 f   unzip.obj
 0001:00071b60       ?unzReadCurrentFile@@YAHPEAX0I@Z 0000000140072b60 f   unzip.obj
 0001:00071d90       ?unzCloseCurrentFile@@YAHPEAX@Z 0000000140072d90 f   unzip.obj
 0001:00071e40       ?crc32@@YAKKPEBEI@Z        0000000140072e40 f   unzip.obj
 0001:00071f90       ?inflate_blocks_reset@@YAXPEAUinflate_blocks_state@@PEAUz_stream_s@@PEAK@Z 0000000140072f90 f   unzip.obj
 0001:00072010       ?inflate_blocks_new@@YAPEAUinflate_blocks_state@@PEAUz_stream_s@@P6AKKPEBEI@ZI@Z 0000000140073010 f   unzip.obj
 0001:000720f0       ?inflate_blocks@@YAHPEAUinflate_blocks_state@@PEAUz_stream_s@@H@Z 00000001400730f0 f   unzip.obj
 0001:00072cd0       ?inflate_blocks_free@@YAHPEAUinflate_blocks_state@@PEAUz_stream_s@@@Z 0000000140073cd0 f   unzip.obj
 0001:00072d70       ?inflate_flush@@YAHPEAUinflate_blocks_state@@PEAUz_stream_s@@H@Z 0000000140073d70 f   unzip.obj
 0001:00073390       ?inflate_trees_bits@@YAHPEAI0PEAPEAUinflate_huft_s@@PEAU1@PEAUz_stream_s@@@Z 0000000140074390 f   unzip.obj
 0001:00073470       ?inflate_fast@@YAHIIPEAUinflate_huft_s@@0PEAUinflate_blocks_state@@PEAUz_stream_s@@@Z 0000000140074470 f   unzip.obj
 0001:00073800       ?inflate_codes_new@@YAPEAUinflate_codes_state@@IIPEAUinflate_huft_s@@0PEAUz_stream_s@@@Z 0000000140074800 f   unzip.obj
 0001:00073870       ?inflate_codes@@YAHPEAUinflate_blocks_state@@PEAUz_stream_s@@H@Z 0000000140074870 f   unzip.obj
 0001:00073e70       ?adler32@@YAKKPEBEI@Z      0000000140074e70 f   unzip.obj
 0001:00073fe0       ?inflateReset@@YAHPEAUz_stream_s@@@Z 0000000140074fe0 f   unzip.obj
 0001:000740a0       ?inflateEnd@@YAHPEAUz_stream_s@@@Z 00000001400750a0 f   unzip.obj
 0001:00074100       ?inflateInit2_@@YAHPEAUz_stream_s@@HPEBDH@Z 0000000140075100 f   unzip.obj
 0001:000741f0       ?inflate@@YAHPEAUz_stream_s@@H@Z 00000001400751f0 f   unzip.obj
 0001:00074670       ?zcalloc@@YAPEAEPEAEII@Z   0000000140075670 f   unzip.obj
 0001:00074690       ?zcfree@@YAXPEAE0@Z        0000000140075690 f   unzip.obj
 0001:00074830       ?vfsInitDirectory@@YAXPEBD@Z 0000000140075830 f   vfs.obj
 0001:00074a00       ?vfsGetFileCount@@YAHPEBD@Z 0000000140075a00 f   vfs.obj
 0001:00074b80       ?vfsLoadFile@@YAHPEBDPEAPEAXH@Z 0000000140075b80 f   vfs.obj
 0001:00074ed0       WinPrint                   0000000140075ed0 f   l_net:l_net.obj
 0001:00074ee0       Net_Send                   0000000140075ee0 f   l_net:l_net.obj
 0001:00074f30       Net_AllocSocket            0000000140075f30 f   l_net:l_net.obj
 0001:00074f60       Net_FreeSocket             0000000140075f60 f   l_net:l_net.obj
 0001:00074f70       Net_Connect                0000000140075f70 f   l_net:l_net.obj
 0001:00075020       Net_Disconnect             0000000140076020 f   l_net:l_net.obj
 0001:00075050       Net_StringToAddress        0000000140076050 f   l_net:l_net.obj
 0001:00075070       Net_Setup                  0000000140076070 f   l_net:l_net.obj
 0001:000750a0       NMSG_Clear                 00000001400760a0 f   l_net:l_net.obj
 0001:000750b0       NMSG_WriteLong             00000001400760b0 f   l_net:l_net.obj
 0001:00075120       NMSG_WriteString           0000000140076120 f   l_net:l_net.obj
 0001:000751b0       WINS_ErrorMessage          00000001400761b0 f   l_net:l_net_wins.obj
 0001:00075210       WINS_Init                  0000000140076210 f   l_net:l_net_wins.obj
 0001:00075380       WINS_MyAddress             0000000140076380 f   l_net:l_net_wins.obj
 0001:00075390       WINS_OpenSocket            0000000140076390 f   l_net:l_net_wins.obj
 0001:00075480       WINS_OpenReliableSocket    0000000140076480 f   l_net:l_net_wins.obj
 0001:000755a0       WINS_CloseSocket           00000001400765a0 f   l_net:l_net_wins.obj
 0001:000755e0       WINS_Connect               00000001400765e0 f   l_net:l_net_wins.obj
 0001:00075650       WINS_Write                 0000000140076650 f   l_net:l_net_wins.obj
 0001:00075700       WINS_AddrToString          0000000140076700 f   l_net:l_net_wins.obj
 0001:00075780       WINS_StringToAddr          0000000140076780 f   l_net:l_net_wins.obj
 0001:00075800       WINS_GetSocketAddr         0000000140076800 f   l_net:l_net_wins.obj
 0001:00075860       ?MakeNormalVectors@@YAXQEAM00@Z 0000000140076860 f   mathlib:mathlib.obj
 0001:00075920       ?VectorCompare@@YA?AW4qboolean@@QEBM0@Z 0000000140076920 f   mathlib:mathlib.obj
 0001:00075970       ?VectorCompareExt@@YA?AW4qboolean@@QEBM0M@Z 0000000140076970 f   mathlib:mathlib.obj
 0001:000759b0       ?VectorLength@@YAMQEBM@Z   00000001400769b0 f   mathlib:mathlib.obj
 0001:000759e0       ?VectorMA@@YAXQEBMM0QEAM@Z 00000001400769e0 f   mathlib:mathlib.obj
 0001:00075a20       ?VectorNormalize@@YAMQEBMQEAM@Z 0000000140076a20 f   mathlib:mathlib.obj
 0001:00075ad0       ?ColorNormalize@@YAMQEBMQEAM@Z 0000000140076ad0 f   mathlib:mathlib.obj
 0001:00075b40       ?SnapWeldVector@@YAXQEAM00@Z 0000000140076b40 f   mathlib:mathlib.obj
 0001:00075c90       ?ClearBounds@@YAXQEAM0@Z   0000000140076c90 f   mathlib:mathlib.obj
 0001:00075cc0       ?AddPointToBounds@@YAXQEAM00@Z 0000000140076cc0 f   mathlib:mathlib.obj
 0001:00075d60       ?PlaneFromPoints@@YA?AW4qboolean@@QEAMQEBM11@Z 0000000140076d60 f   mathlib:mathlib.obj
 0001:00075e60       ?NormalToLatLong@@YAXQEBMQEAE@Z 0000000140076e60 f   mathlib:mathlib.obj
 0001:00075f20       ?PlaneTypeForNormal@@YAHQEAM@Z 0000000140076f20 f   mathlib:mathlib.obj
 0001:00075f80       ?DVectorMA@@YAXQEBNN0QEAN@Z 0000000140076f80 f   mathlib:mathlib.obj
 0001:00075fc0       ?DVectorNormalize@@YANQEAN0@Z 0000000140076fc0 f   mathlib:mathlib.obj
 0001:00076040       ?DVectorLength@@YANQEBN@Z  0000000140077040 f   mathlib:mathlib.obj
 0001:00076070       ?SnapWeldDVector@@YAXQEAN00@Z 0000000140077070 f   mathlib:mathlib.obj
 0001:00076200       ?m4x4_identity@@YAXQEAM@Z  0000000140077200 f   mathlib:m4x4.obj
 0001:00076250       ?m4x4_assign@@YAXQEAMQEBM@Z 0000000140077250 f   mathlib:m4x4.obj
 0001:000762b0       ?m4x4_translation_for_vec3@@YAXQEAMQEBM@Z 00000001400772b0 f   mathlib:m4x4.obj
 0001:00076300       ?m4x4_rotation_for_vec3@@YAXQEAMQEBMW4eulerOrder_t@@@Z 0000000140077300 f   mathlib:m4x4.obj
 0001:000764d0       ?m4x4_scale_for_vec3@@YAXQEAMQEBM@Z 00000001400774d0 f   mathlib:m4x4.obj
 0001:00076510       ?m4x4_translate_by_vec3@@YAXQEAMQEBM@Z 0000000140077510 f   mathlib:m4x4.obj
 0001:00076540       ?m4x4_rotate_by_vec3@@YAXQEAMQEBMW4eulerOrder_t@@@Z 0000000140077540 f   mathlib:m4x4.obj
 0001:00076570       ?m4x4_scale_by_vec3@@YAXQEAMQEBM@Z 0000000140077570 f   mathlib:m4x4.obj
 0001:000765a0       ?m4x4_pivoted_transform_by_vec3@@YAXQEAMQEBM1W4eulerOrder_t@@11@Z 00000001400775a0 f   mathlib:m4x4.obj
 0001:00076650       ?m4x4_multiply_by_m4x4@@YAXQEAMQEBM@Z 0000000140077650 f   mathlib:m4x4.obj
 0001:00076a50       ?m4x4_transform_point@@YAXQEBMQEAM@Z 0000000140077a50 f   mathlib:m4x4.obj
 0001:00076af0       ?m4x4_transform_normal@@YAXQEBMQEAM@Z 0000000140077af0 f   mathlib:m4x4.obj
 0001:00076b80       ?m4x4_transpose@@YAXQEAM@Z 0000000140077b80 f   mathlib:m4x4.obj
 0001:00076c80       ?m3_det@@YAMQEAM@Z         0000000140077c80 f   mathlib:m4x4.obj
 0001:00076d10       ?m4_submat@@YAXQEAM0HH@Z   0000000140077d10 f   mathlib:m4x4.obj
 0001:00076e60       ?m4_det@@YAMQEAM@Z         0000000140077e60 f   mathlib:m4x4.obj
 0001:00076ef0       ?m4x4_invert@@YAHQEAM@Z    0000000140077ef0 f   mathlib:m4x4.obj
 0001:00076fb8       g_free                     0000000140077fb8 f   glib-2.0:libglib-2.0-0.dll
 0001:00076fbe       g_locale_to_utf8           0000000140077fbe f   glib-2.0:libglib-2.0-0.dll
 0001:00076fc4       g_strdup                   0000000140077fc4 f   glib-2.0:libglib-2.0-0.dll
 0001:00076fca       g_strdown                  0000000140077fca f   glib-2.0:libglib-2.0-0.dll
 0001:00076fd0       g_dir_read_name_utf8       0000000140077fd0 f   glib-2.0:libglib-2.0-0.dll
 0001:00076fd6       g_dir_open_utf8            0000000140077fd6 f   glib-2.0:libglib-2.0-0.dll
 0001:00076fdc       g_dir_close                0000000140077fdc f   glib-2.0:libglib-2.0-0.dll
 0001:00076fe2       g_slist_append             0000000140077fe2 f   glib-2.0:libglib-2.0-0.dll
 0001:00076fe8       xmlNodeSetContent          0000000140077fe8 f   libxml2:libxml2-2.dll
 0001:00076fee       xmlNewNode                 0000000140077fee f   libxml2:libxml2-2.dll
 0001:00076ff4       xmlAddChild                0000000140077ff4 f   libxml2:libxml2-2.dll
 0001:00076ffa       xmlSetProp                 0000000140077ffa f   libxml2:libxml2-2.dll
 0001:00077000       xmlBufferFree              0000000140078000 f   libxml2:libxml2-2.dll
 0001:00077006       xmlNodeDump                0000000140078006 f   libxml2:libxml2-2.dll
 0001:0007700c       xmlBufferCreate            000000014007800c f   libxml2:libxml2-2.dll
 0001:00077012       xmlNewDoc                  0000000140078012 f   libxml2:libxml2-2.dll
 0001:00077018       xmlNewDocRawNode           0000000140078018 f   libxml2:libxml2-2.dll
 0001:0007701e       png_get_IHDR               000000014007801e f   libpng:libpng14-14.dll
 0001:00077024       png_read_image             0000000140078024 f   libpng:libpng14-14.dll
 0001:0007702a       png_write_info             000000014007802a f   libpng:libpng14-14.dll
 0001:00077030       png_destroy_write_struct   0000000140078030 f   libpng:libpng14-14.dll
 0001:00077036       png_set_expand             0000000140078036 f   libpng:libpng14-14.dll
 0001:0007703c       png_set_write_fn           000000014007803c f   libpng:libpng14-14.dll
 0001:00077042       png_read_info              0000000140078042 f   libpng:libpng14-14.dll
 0001:00077048       png_set_iCCP               0000000140078048 f   libpng:libpng14-14.dll
 0001:0007704e       png_set_strip_16           000000014007804e f   libpng:libpng14-14.dll
 0001:00077054       png_set_packing            0000000140078054 f   libpng:libpng14-14.dll
 0001:0007705a       png_sig_cmp                000000014007805a f   libpng:libpng14-14.dll
 0001:00077060       png_create_read_struct     0000000140078060 f   libpng:libpng14-14.dll
 0001:00077066       png_write_end              0000000140078066 f   libpng:libpng14-14.dll
 0001:0007706c       png_get_io_ptr             000000014007806c f   libpng:libpng14-14.dll
 0001:00077072       png_create_info_struct     0000000140078072 f   libpng:libpng14-14.dll
 0001:00077078       png_set_read_fn            0000000140078078 f   libpng:libpng14-14.dll
 0001:0007707e       png_write_row              000000014007807e f   libpng:libpng14-14.dll
 0001:00077084       png_get_valid              0000000140078084 f   libpng:libpng14-14.dll
 0001:0007708a       png_set_sRGB               000000014007808a f   libpng:libpng14-14.dll
 0001:00077090       png_create_write_struct    0000000140078090 f   libpng:libpng14-14.dll
 0001:00077096       png_set_filler             0000000140078096 f   libpng:libpng14-14.dll
 0001:0007709c       png_set_filter             000000014007809c f   libpng:libpng14-14.dll
 0001:000770a2       png_set_IHDR               00000001400780a2 f   libpng:libpng14-14.dll
 0001:000770a8       png_set_interlace_handling 00000001400780a8 f   libpng:libpng14-14.dll
 0001:000770ae       png_get_channels           00000001400780ae f   libpng:libpng14-14.dll
 0001:000770b4       png_set_compression_level  00000001400780b4 f   libpng:libpng14-14.dll
 0001:000770ba       png_destroy_read_struct    00000001400780ba f   libpng:libpng14-14.dll
 0001:000770c0       DDSLittleLong              00000001400780c0 f   ddslib:ddslib.obj
 0001:000770d0       DDSLittleShort             00000001400780d0 f   ddslib:ddslib.obj
 0001:00077140       DDSGetInfo                 0000000140078140 f   ddslib:ddslib.obj
 0001:00077ce0       DDSDecompress              0000000140078ce0 f   ddslib:ddslib.obj
 0001:00077e00       LoadJPGBuff                0000000140078e00 f   jpeg6:jpgload.obj
 0001:00077ff0       jpeg_create_decompress     0000000140078ff0 f   jpeg6:jdapimin.obj
 0001:000780a0       jpeg_destroy_decompress    00000001400790a0 f   jpeg6:jdapimin.obj
 0001:00078280       jpeg_consume_input         0000000140079280 f   jpeg6:jdapimin.obj
 0001:00078370       jpeg_finish_decompress     0000000140079370 f   jpeg6:jdapimin.obj
 0001:00078440       jpeg_read_header           0000000140079440 f   jpeg6:jdapimin.obj
 0001:00078550       jpeg_read_scanlines        0000000140079550 f   jpeg6:jdapistd.obj
 0001:00078620       jpeg_start_decompress      0000000140079620 f   jpeg6:jdapistd.obj
 0001:00078790       jpeg_stdio_src             0000000140079790 f   jpeg6:jdatasrc.obj
 0001:000789e0       jpeg_std_error             00000001400799e0 f   jpeg6:jerror.obj
 0001:000790f0       jinit_input_controller     000000014007a0f0 f   jpeg6:jdinput.obj
 0001:0007acc0       jpeg_resync_to_restart     000000014007bcc0 f   jpeg6:jdmarker.obj
 0001:0007ae20       jinit_marker_reader        000000014007be20 f   jpeg6:jdmarker.obj
 0001:0007bc70       jinit_memory_mgr           000000014007cc70 f   jpeg6:jmemmgr.obj
 0001:0007bde0       jpeg_abort                 000000014007cde0 f   jpeg6:jcomapi.obj
 0001:0007be20       jpeg_destroy               000000014007ce20 f   jpeg6:jcomapi.obj
 0001:0007be60       jpeg_alloc_quant_table     000000014007ce60 f   jpeg6:jcomapi.obj
 0001:0007be80       jpeg_alloc_huff_table      000000014007ce80 f   jpeg6:jcomapi.obj
 0001:0007beb0       jpeg_calc_output_dimensions 000000014007ceb0 f   jpeg6:jdmaster.obj
 0001:0007c340       jinit_master_decompress    000000014007d340 f   jpeg6:jdmaster.obj
 0001:0007c390       jdiv_round_up              000000014007d390 f   jpeg6:jutils.obj
 0001:0007c3a0       jround_up                  000000014007d3a0 f   jpeg6:jutils.obj
 0001:0007c3c0       jcopy_sample_rows          000000014007d3c0 f   jpeg6:jutils.obj
 0001:0007c430       jzero_far                  000000014007d430 f   jpeg6:jutils.obj
 0001:0007c440       ?jpeg_get_large@@YAPEAXPEAUjpeg_common_struct@@_K@Z 000000014007d440 f   jpeg6:jmemnobs.obj
 0001:0007c440       ?jpeg_get_small@@YAPEAXPEAUjpeg_common_struct@@_K@Z 000000014007d440 f   jpeg6:jmemnobs.obj
 0001:0007c450       ?jpeg_free_large@@YAXPEAUjpeg_common_struct@@PEAX_K@Z 000000014007d450 f   jpeg6:jmemnobs.obj
 0001:0007c450       ?jpeg_free_small@@YAXPEAUjpeg_common_struct@@PEAX_K@Z 000000014007d450 f   jpeg6:jmemnobs.obj
 0001:0007c460       ?jpeg_mem_available@@YAJPEAUjpeg_common_struct@@JJJ@Z 000000014007d460 f   jpeg6:jmemnobs.obj
 0001:0007c470       ?jpeg_open_backing_store@@YAXPEAUjpeg_common_struct@@PEAUbacking_store_struct@@J@Z 000000014007d470 f   jpeg6:jmemnobs.obj
 0001:0007c480       _pico_little_float         000000014007d480 f   picomodel:picointernal.obj
 0001:0007c480       ?jpeg_mem_term@@YAXPEAUjpeg_common_struct@@@Z 000000014007d480 f   jpeg6:jmemnobs.obj
 0001:0007cbe0       jinit_d_main_controller    000000014007dbe0 f   jpeg6:jdmainct.obj
 0001:0007d040       ?jpeg_mem_init@@YAJPEAUjpeg_common_struct@@@Z 000000014007e040 f   jpeg6:jmemnobs.obj
 0001:0007d050       jinit_d_coef_controller    000000014007e050 f   jpeg6:jdcoefct.obj
 0001:0007d170       ?jpeg_make_d_derived_tbl@@YAXPEAUjpeg_decompress_struct@@PEAUJHUFF_TBL@@PEAPEAUd_derived_tbl@@@Z 000000014007e170 f   jpeg6:jdhuff.obj
 0001:0007d380       ?jpeg_fill_bit_buffer@@YAEPEAUbitread_working_state@@HHH@Z 000000014007e380 f   jpeg6:jdhuff.obj
 0001:0007d4b0       ?jpeg_huff_decode@@YAHPEAUbitread_working_state@@HHPEAUd_derived_tbl@@H@Z 000000014007e4b0 f   jpeg6:jdhuff.obj
 0001:0007dca0       jinit_huff_decoder         000000014007eca0 f   jpeg6:jdhuff.obj
 0001:0007e010       jinit_inverse_dct          000000014007f010 f   jpeg6:jddctmgr.obj
 0001:0007e210       jinit_d_post_controller    000000014007f210 f   jpeg6:jdpostct.obj
 0001:0007e940       jinit_upsampler            000000014007f940 f   jpeg6:jdsample.obj
 0001:0007f100       jinit_color_deconverter    0000000140080100 f   jpeg6:jdcolor.obj
 0001:0007f2a0       ?jpeg_idct_float@@YAXPEAUjpeg_decompress_struct@@PEAUjpeg_component_info@@PEAFPEAPEAEI@Z 00000001400802a0 f   jpeg6:jidctflt.obj
 0001:0007f7b0       PicoInit                   00000001400807b0 f   picomodel:picomodel.obj
 0001:0007f7c0       PicoSetMallocFunc          00000001400807c0 f   picomodel:picomodel.obj
 0001:0007f7e0       PicoSetFreeFunc            00000001400807e0 f   picomodel:picomodel.obj
 0001:0007f800       PicoSetLoadFileFunc        0000000140080800 f   picomodel:picomodel.obj
 0001:0007f820       PicoSetFreeFileFunc        0000000140080820 f   picomodel:picomodel.obj
 0001:0007f840       PicoSetPrintFunc           0000000140080840 f   picomodel:picomodel.obj
 0001:0007f860       PicoNewModel               0000000140080860 f   picomodel:picomodel.obj
 0001:0007f8b0       PicoAdjustModel            00000001400808b0 f   picomodel:picomodel.obj
 0001:0007f9e0       PicoNewShader              00000001400809e0 f   picomodel:picomodel.obj
 0001:0007fac0       PicoFreeShader             0000000140080ac0 f   picomodel:picomodel.obj
 0001:0007fb00       PicoFindShader             0000000140080b00 f   picomodel:picomodel.obj
 0001:0007fbf0       PicoFreeSurface            0000000140080bf0 f   picomodel:picomodel.obj
 0001:0007fcd0       PicoAdjustSurface          0000000140080cd0 f   picomodel:picomodel.obj
 0001:00080010       PicoNewSkin                0000000140081010 f   picomodel:picomodel.obj
 0001:00080090       PicoAdjustSkin             0000000140081090 f   picomodel:picomodel.obj
 0001:00080130       PicoNewSkinItem            0000000140081130 f   picomodel:picomodel.obj
 0001:000801a0       PicoFreeSkinItem           00000001400811a0 f   picomodel:picomodel.obj
 0001:000801e0       PicoSetModelFileName       00000001400811e0 f   picomodel:picomodel.obj
 0001:000801e0       PicoSetShaderMapName       00000001400811e0 f   picomodel:picomodel.obj
 0001:00080220       PicoSetModelFrameNum       0000000140081220 f   picomodel:picomodel.obj
 0001:00080230       PicoSetModelNumFrames      0000000140081230 f   picomodel:picomodel.obj
 0001:00080240       PicoSetSkinItemReplacement 0000000140081240 f   picomodel:picomodel.obj
 0001:00080240       PicoSetShaderName          0000000140081240 f   picomodel:picomodel.obj
 0001:00080240       PicoSetModelName           0000000140081240 f   picomodel:picomodel.obj
 0001:00080280       PicoSetShaderAmbientColor  0000000140081280 f   picomodel:picomodel.obj
 0001:000802b0       PicoSetShaderDiffuseColor  00000001400812b0 f   picomodel:picomodel.obj
 0001:000802e0       PicoSetShaderSpecularColor 00000001400812e0 f   picomodel:picomodel.obj
 0001:00080310       PicoSetShaderTransparency  0000000140081310 f   picomodel:picomodel.obj
 0001:00080350       PicoSetShaderShininess     0000000140081350 f   picomodel:picomodel.obj
 0001:00080390       PicoSetSurfaceType         0000000140081390 f   picomodel:picomodel.obj
 0001:000803a0       PicoSetSurfaceName         00000001400813a0 f   picomodel:picomodel.obj
 0001:000803e0       PicoSetSurfaceShader       00000001400813e0 f   picomodel:picomodel.obj
 0001:000803f0       PicoSetSurfaceXYZ          00000001400813f0 f   picomodel:picomodel.obj
 0001:00080480       PicoSetSurfaceNormal       0000000140081480 f   picomodel:picomodel.obj
 0001:000804f0       PicoSetSurfaceST           00000001400814f0 f   picomodel:picomodel.obj
 0001:00080570       PicoSetSurfaceColor        0000000140081570 f   picomodel:picomodel.obj
 0001:00080620       PicoSetSurfaceIndex        0000000140081620 f   picomodel:picomodel.obj
 0001:00080680       PicoSetSurfaceSmoothingGroup 0000000140081680 f   picomodel:picomodel.obj
 0001:000806d0       PicoSetSkinNum             00000001400816d0 f   picomodel:picomodel.obj
 0001:000806e0       PicoSetSkinItemObject      00000001400816e0 f   picomodel:picomodel.obj
 0001:00080720       PicoGetModelName           0000000140081720 f   picomodel:picomodel.obj
 0001:00080740       PicoGetModelFileName       0000000140081740 f   picomodel:picomodel.obj
 0001:00080740       PicoGetShaderMapName       0000000140081740 f   picomodel:picomodel.obj
 0001:00080760       PicoGetModelFrameNum       0000000140081760 f   picomodel:picomodel.obj
 0001:00080770       PicoGetModelShader         0000000140081770 f   picomodel:picomodel.obj
 0001:000807a0       PicoGetModelNumSurfaces    00000001400817a0 f   picomodel:picomodel.obj
 0001:000807b0       PicoGetModelSurface        00000001400817b0 f   picomodel:picomodel.obj
 0001:000807e0       PicoGetSurfaceType         00000001400817e0 f   picomodel:picomodel.obj
 0001:000807f0       PicoGetSurfaceNumVertexes  00000001400817f0 f   picomodel:picomodel.obj
 0001:00080800       PicoGetSurfaceXYZ          0000000140081800 f   picomodel:picomodel.obj
 0001:00080830       PicoGetSurfaceNormal       0000000140081830 f   picomodel:picomodel.obj
 0001:00080860       PicoGetSurfaceST           0000000140081860 f   picomodel:picomodel.obj
 0001:00080890       PicoGetSurfaceColor        0000000140081890 f   picomodel:picomodel.obj
 0001:000808c0       PicoGetSurfaceNumIndexes   00000001400818c0 f   picomodel:picomodel.obj
 0001:000808d0       PicoGetSurfaceIndexes      00000001400818d0 f   picomodel:picomodel.obj
 0001:000808f0       PicoGetSurfaceShaderNameForSkin 00000001400818f0 f   picomodel:picomodel.obj
 0001:000809d0       PicoVertexCoordGenerateHash 00000001400819d0 f   picomodel:picomodel.obj
 0001:00080af0       PicoNewVertexCombinationHashTable 0000000140081af0 f   picomodel:picomodel.obj
 0001:00080b20       PicoFreeVertexCombinationHashTable 0000000140081b20 f   picomodel:picomodel.obj
 0001:00080ba0       PicoFindVertexCombinationInHashTable 0000000140081ba0 f   picomodel:picomodel.obj
 0001:00080d60       PicoAddVertexCombinationToHashTable 0000000140081d60 f   picomodel:picomodel.obj
 0001:00080e50       PicoFindSurfaceVertexNum   0000000140081e50 f   picomodel:picomodel.obj
 0001:00081150       indexarray_push_back       0000000140082150 f   picomodel:picomodel.obj
 0001:00081160       indexarray_reserve         0000000140082160 f   picomodel:picomodel.obj
 0001:00081190       binarytree_clear           0000000140082190 f   picomodel:picomodel.obj
 0001:00081190       indexarray_clear           0000000140082190 f   picomodel:picomodel.obj
 0001:000811a0       binarytree_extend          00000001400821a0 f   picomodel:picomodel.obj
 0001:000811c0       binarytree_size            00000001400821c0 f   picomodel:picomodel.obj
 0001:000811d0       binarytree_reserve         00000001400821d0 f   picomodel:picomodel.obj
 0001:00081200       UniqueIndices_size         0000000140082200 f   picomodel:picomodel.obj
 0001:00081210       UniqueIndices_reserve      0000000140082210 f   picomodel:picomodel.obj
 0001:00081240       UniqueIndices_init         0000000140082240 f   picomodel:picomodel.obj
 0001:00081250       UniqueIndices_destroy      0000000140082250 f   picomodel:picomodel.obj
 0001:00081270       UniqueIndices_find_or_insert 0000000140082270 f   picomodel:picomodel.obj
 0001:00081340       UniqueIndices_insert       0000000140082340 f   picomodel:picomodel.obj
 0001:00081380       lessSmoothVertex           0000000140082380 f   picomodel:picomodel.obj
 0001:00081400       _pico_vertices_combine_shared_normals 0000000140082400 f   picomodel:picomodel.obj
 0001:00081550       _pico_triangles_generate_weighted_normals 0000000140082550 f   picomodel:picomodel.obj
 0001:00081630       _pico_normals_zero         0000000140082630 f   picomodel:picomodel.obj
 0001:00081670       _pico_normals_normalize    0000000140082670 f   picomodel:picomodel.obj
 0001:000816b0       _pico_length_vec           00000001400826b0 f   picomodel:picomodel.obj
 0001:000816e0       _pico_normal_is_unit_length 00000001400826e0 f   picomodel:picomodel.obj
 0001:00081720       _pico_normal_within_tolerance 0000000140082720 f   picomodel:picomodel.obj
 0001:00081750       _pico_normals_assign_generated_normals 0000000140082750 f   picomodel:picomodel.obj
 0001:000817c0       PicoFixSurfaceNormals      00000001400827c0 f   picomodel:picomodel.obj
 0001:00081860       PicoRemapModel             0000000140082860 f   picomodel:picomodel.obj
 0001:00081db0       PicoParseToken             0000000140082db0 f   picomodel:picomodel.obj
 0001:00082040       PicoLoadSkinFiles          0000000140083040 f   picomodel:picomodel.obj
 0001:00082300       PicoModuleLoadModel        0000000140083300 f   picomodel:picomodel.obj
 0001:00082400       PicoLoadModel              0000000140083400 f   picomodel:picomodel.obj
 0001:00082510       PicoNewSurface             0000000140083510 f   picomodel:picomodel.obj
 0001:000825c0       PicoFreeSkin               00000001400835c0 f   picomodel:picomodel.obj
 0001:00082620       PicoAddTriangleToModel     0000000140083620 f   picomodel:picomodel.obj
 0001:000828b0       PicoFreeModel              00000001400838b0 f   picomodel:picomodel.obj
 0001:000829a0       _pico_alloc                00000001400839a0 f   picomodel:picointernal.obj
 0001:00082a00       _pico_calloc               0000000140083a00 f   picomodel:picointernal.obj
 0001:00082a70       _pico_clone_alloc          0000000140083a70 f   picomodel:picointernal.obj
 0001:00082ad0       _pico_free                 0000000140083ad0 f   picomodel:picointernal.obj
 0001:00082af0       _pico_load_file            0000000140083af0 f   picomodel:picointernal.obj
 0001:00082b10       _pico_free_file            0000000140083b10 f   picomodel:picointernal.obj
 0001:00082b40       _pico_printf               0000000140083b40 f   picomodel:picointernal.obj
 0001:00082bd0       _pico_first_token          0000000140083bd0 f   picomodel:picointernal.obj
 0001:00082c00       _pico_strltrim             0000000140083c00 f   picomodel:picointernal.obj
 0001:00082c80       _pico_strrtrim             0000000140083c80 f   picomodel:picointernal.obj
 0001:00082d40       _pico_strlwr               0000000140083d40 f   picomodel:picointernal.obj
 0001:00082d70       _pico_strchcount           0000000140083d70 f   picomodel:picointernal.obj
 0001:00082da0       _pico_zero_bounds          0000000140083da0 f   picomodel:picointernal.obj
 0001:00082dd0       _pico_expand_bounds        0000000140083dd0 f   picomodel:picointernal.obj
 0001:00082e30       _pico_zero_vec             0000000140083e30 f   picomodel:picointernal.obj
 0001:00082e40       _pico_zero_vec2            0000000140083e40 f   picomodel:picointernal.obj
 0001:00082e50       _pico_set_vec              0000000140083e50 f   picomodel:picointernal.obj
 0001:00082e60       _pico_copy_vec             0000000140083e60 f   picomodel:picointernal.obj
 0001:00082e80       _pico_copy_vec2            0000000140083e80 f   picomodel:picointernal.obj
 0001:00082e90       _pico_normalize_vec        0000000140083e90 f   picomodel:picointernal.obj
 0001:00082f20       _pico_add_vec              0000000140083f20 f   picomodel:picointernal.obj
 0001:00082f50       _pico_subtract_vec         0000000140083f50 f   picomodel:picointernal.obj
 0001:00082f80       _pico_scale_vec            0000000140083f80 f   picomodel:picointernal.obj
 0001:00082fb0       cross                      0000000140083fb0 f   picomodel:vecmath.obj
 0001:00082fb0       _pico_cross_vec            0000000140083fb0 f   picomodel:picointernal.obj
 0001:00083010       _pico_set_color            0000000140084010 f   picomodel:picointernal.obj
 0001:00083030       _pico_copy_color           0000000140084030 f   picomodel:picointernal.obj
 0001:00083050       _pico_little_long          0000000140084050 f   picomodel:picointernal.obj
 0001:00083060       _pico_little_short         0000000140084060 f   picomodel:picointernal.obj
 0001:00083070       _pico_stristr              0000000140084070 f   picomodel:picointernal.obj
 0001:000830f0       _pico_unixify              00000001400840f0 f   picomodel:picointernal.obj
 0001:00083120       _pico_nopath               0000000140084120 f   picomodel:picointernal.obj
 0001:000831c0       _pico_setfext              00000001400841c0 f   picomodel:picointernal.obj
 0001:00083290       _pico_new_parser           0000000140084290 f   picomodel:picointernal.obj
 0001:00083360       _pico_free_parser          0000000140084360 f   picomodel:picointernal.obj
 0001:00083390       _pico_parse_ex             0000000140084390 f   picomodel:picointernal.obj
 0001:000834f0       _pico_parse_first          00000001400844f0 f   picomodel:picointernal.obj
 0001:00083530       _pico_parse                0000000140084530 f   picomodel:picointernal.obj
 0001:00083560       _pico_parse_skip_rest      0000000140084560 f   picomodel:picointernal.obj
 0001:00083590       _pico_parse_skip_braced    0000000140084590 f   picomodel:picointernal.obj
 0001:00083640       _pico_parse_check          0000000140084640 f   picomodel:picointernal.obj
 0001:000836a0       _pico_parse_int            00000001400846a0 f   picomodel:picointernal.obj
 0001:000836f0       _pico_parse_float          00000001400846f0 f   picomodel:picointernal.obj
 0001:00083740       _pico_parse_vec            0000000140084740 f   picomodel:picointernal.obj
 0001:000837e0       _pico_parse_vec2           00000001400847e0 f   picomodel:picointernal.obj
 0001:00083880       _pico_new_memstream        0000000140084880 f   picomodel:picointernal.obj
 0001:000838e0       _pico_free_memstream       00000001400848e0 f   picomodel:picointernal.obj
 0001:00083900       _pico_memstream_read       0000000140084900 f   picomodel:picointernal.obj
 0001:00083990       _pico_memstream_getc       0000000140084990 f   picomodel:picointernal.obj
 0001:000839d0       _pico_memstream_seek       00000001400849d0 f   picomodel:picointernal.obj
 0001:00083a60       _pico_memstream_tell       0000000140084a60 f   picomodel:picointernal.obj
 0001:00083a80       _pico_realloc              0000000140084a80 f   picomodel:picointernal.obj
 0001:00083b20       PicoModuleList             0000000140084b20 f   picomodel:picomodules.obj
 0001:000847d0       _terrain_load_tga_buffer   00000001400857d0 f   picomodel:pm_terrain.obj
 0001:00088710       _ase_get_submaterial_or_default 0000000140089710 f   picomodel:pm_ase.obj
 0001:0008b640       lwFreeLayer                000000014008c640 f   picomodel:lwo2.obj
 0001:0008b690       lwFreeObject               000000014008c690 f   picomodel:lwo2.obj
 0001:0008b700       lwGetObject                000000014008c700 f   picomodel:lwo2.obj
 0001:0008bc50       lwValidateObject           000000014008cc50 f   picomodel:lwo2.obj
 0001:0008bd20       lwListFree                 000000014008cd20 f   picomodel:list.obj
 0001:0008bd50       lwListAdd                  000000014008cd50 f   picomodel:list.obj
 0001:0008bd80       lwListInsert               000000014008cd80 f   picomodel:list.obj
 0001:0008be20       lwFreeVMap                 000000014008ce20 f   picomodel:vmap.obj
 0001:0008be90       lwGetVMap                  000000014008ce90 f   picomodel:vmap.obj
 0001:0008c0f0       lwGetPointVMaps            000000014008d0f0 f   picomodel:vmap.obj
 0001:0008c250       lwGetPolyVMaps             000000014008d250 f   picomodel:vmap.obj
 0001:0008c430       lwFreePoints               000000014008d430 f   picomodel:pntspols.obj
 0001:0008c4c0       lwFreePolygons             000000014008d4c0 f   picomodel:pntspols.obj
 0001:0008c5a0       lwGetPoints                000000014008d5a0 f   picomodel:pntspols.obj
 0001:0008c7c0       lwGetBoundingBox           000000014008d7c0 f   picomodel:pntspols.obj
 0001:0008c8b0       lwAllocPolygons            000000014008d8b0 f   picomodel:pntspols.obj
 0001:0008c9d0       lwGetPolygons              000000014008d9d0 f   picomodel:pntspols.obj
 0001:0008cba0       lwGetPolyNormals           000000014008dba0 f   picomodel:pntspols.obj
 0001:0008cd10       lwGetPointPolygons         000000014008dd10 f   picomodel:pntspols.obj
 0001:0008ce70       lwResolvePolySurfaces      000000014008de70 f   picomodel:pntspols.obj
 0001:0008d040       lwGetVertNormals           000000014008e040 f   picomodel:pntspols.obj
 0001:0008d2c0       lwFreeTags                 000000014008e2c0 f   picomodel:pntspols.obj
 0001:0008d340       lwGetTags                  000000014008e340 f   picomodel:pntspols.obj
 0001:0008d490       lwGetPolygonTags           000000014008e490 f   picomodel:pntspols.obj
 0001:0008d5d0       lwFreePlugin               000000014008e5d0 f   picomodel:surface.obj
 0001:0008d620       lwFreeTexture              000000014008e620 f   picomodel:surface.obj
 0001:0008d6b0       lwFreeSurface              000000014008e6b0 f   picomodel:surface.obj
 0001:0008d7b0       lwGetTHeader               000000014008e7b0 f   picomodel:surface.obj
 0001:0008d940       lwGetTMap                  000000014008e940 f   picomodel:surface.obj
 0001:0008db70       lwGetImageMap              000000014008eb70 f   picomodel:surface.obj
 0001:0008ddf0       lwGetProcedural            000000014008edf0 f   picomodel:surface.obj
 0001:0008df90       lwGetGradient              000000014008ef90 f   picomodel:surface.obj
 0001:0008e240       lwGetTexture               000000014008f240 f   picomodel:surface.obj
 0001:0008e380       lwGetShader                000000014008f380 f   picomodel:surface.obj
 0001:0008e650       lwDefaultSurface           000000014008f650 f   picomodel:surface.obj
 0001:0008e6c0       lwGetSurface               000000014008f6c0 f   picomodel:surface.obj
 0001:0008ed00       lwFreeClip                 000000014008fd00 f   picomodel:clip.obj
 0001:0008edd0       lwGetClip                  000000014008fdd0 f   picomodel:clip.obj
 0001:0008f250       lwFreeEnvelope             0000000140090250 f   picomodel:envelope.obj
 0001:0008f2d0       lwGetEnvelope              00000001400902d0 f   picomodel:envelope.obj
 0001:0008f600       set_flen                   0000000140090600 f   picomodel:lwio.obj
 0001:0008f610       get_flen                   0000000140090610 f   picomodel:lwio.obj
 0001:0008f620       revbytes                   0000000140090620 f   picomodel:lwio.obj
 0001:0008f6a0       getbytes                   00000001400906a0 f   picomodel:lwio.obj
 0001:0008f750       getU1                      0000000140090750 f   picomodel:lwio.obj
 0001:0008f790       getU2                      0000000140090790 f   picomodel:lwio.obj
 0001:0008f790       getI2                      0000000140090790 f   picomodel:lwio.obj
 0001:0008f7f0       getI4                      00000001400907f0 f   picomodel:lwio.obj
 0001:0008f7f0       getU4                      00000001400907f0 f   picomodel:lwio.obj
 0001:0008f850       getVX                      0000000140090850 f   picomodel:lwio.obj
 0001:0008f900       getF4                      0000000140090900 f   picomodel:lwio.obj
 0001:0008f960       getS0                      0000000140090960 f   picomodel:lwio.obj
 0001:0008faa0       sgetI2                     0000000140090aa0 f   picomodel:lwio.obj
 0001:0008fb00       sgetU2                     0000000140090b00 f   picomodel:lwio.obj
 0001:0008fb40       sgetU4                     0000000140090b40 f   picomodel:lwio.obj
 0001:0008fba0       sgetVX                     0000000140090ba0 f   picomodel:lwio.obj
 0001:0008fc20       sgetF4                     0000000140090c20 f   picomodel:lwio.obj
 0001:0008fc80       sgetS0                     0000000140090c80 f   picomodel:lwio.obj
 0001:000900e0       lwGetSurface5              00000001400910e0 f   picomodel:lwob.obj
 0001:00090ae0       lwGetPolygons5             0000000140091ae0 f   picomodel:lwob.obj
 0001:00090ca0       lwGetObject5               0000000140091ca0 f   picomodel:lwob.obj
 0001:00090f20       lwValidateObject5          0000000140091f20 f   picomodel:lwob.obj
 0001:00090fd0       _pico_dot_vec              0000000140091fd0 f   picomodel:picointernal.obj
 0001:00090fd0       dot                        0000000140091fd0 f   picomodel:vecmath.obj
 0001:00091000       normalize                  0000000140092000 f   picomodel:vecmath.obj
 0001:0009104c       _stricmp                   000000014009204c f   MSVCRT:MSVCR90.dll
 0001:00091052       rename                     0000000140092052 f   MSVCRT:MSVCR90.dll
 0001:00091058       sprintf                    0000000140092058 f   MSVCRT:MSVCR90.dll
 0001:0009105e       sscanf_s                   000000014009205e f   MSVCRT:MSVCR90.dll
 0001:00091064       sscanf                     0000000140092064 f   MSVCRT:MSVCR90.dll
 0001:0009106a       strncmp                    000000014009206a f   MSVCRT:MSVCR90.dll
 0001:00091070       free                       0000000140092070 f   MSVCRT:MSVCR90.dll
 0001:00091076       atoi                       0000000140092076 f   MSVCRT:MSVCR90.dll
 0001:0009107c       remove                     000000014009207c f   MSVCRT:MSVCR90.dll
 0001:00091082       ftell                      0000000140092082 f   MSVCRT:MSVCR90.dll
 0001:00091088       realloc                    0000000140092088 f   MSVCRT:MSVCR90.dll
 0001:0009108e       atof                       000000014009208e f   MSVCRT:MSVCR90.dll
 0001:00091094       _time64                    0000000140092094 f   MSVCRT:MSVCR90.dll
 0001:0009109a       asctime                    000000014009209a f   MSVCRT:MSVCR90.dll
 0001:000910a0       _localtime64               00000001400920a0 f   MSVCRT:MSVCR90.dll
 0001:000910a6       fseek                      00000001400920a6 f   MSVCRT:MSVCR90.dll
 0001:000910ac       fclose                     00000001400920ac f   MSVCRT:MSVCR90.dll
 0001:000910b2       fopen                      00000001400920b2 f   MSVCRT:MSVCR90.dll
 0001:000910b8       fwrite                     00000001400920b8 f   MSVCRT:MSVCR90.dll
 0001:000910be       strstr                     00000001400920be f   MSVCRT:MSVCR90.dll
 0001:000910c4       _onexit                    00000001400920c4 f   MSVCRT:atonexit.obj
 0001:00091174       atexit                     0000000140092174 f   MSVCRT:atonexit.obj
 0001:0009118c       rand                       000000014009218c f   MSVCRT:MSVCR90.dll
 0001:00091192       srand                      0000000140092192 f   MSVCRT:MSVCR90.dll
 0001:00091198       memmove                    0000000140092198 f   MSVCRT:MSVCR90.dll
 0001:0009119e       _strnicmp                  000000014009219e f   MSVCRT:MSVCR90.dll
 0001:000911a4       strchr                     00000001400921a4 f   MSVCRT:MSVCR90.dll
[...]
 0001:0004fe00       ?MapTriangle@@YA?AW4qboolean@@PEAUrawLightmap_s@@PEAUsurfaceInfo_s@@QEAPEAUbspDrawVert_t@@W41@@Z 0000000140050e00 f    CIL library: CIL module
 0001:00050180       ?MapQuad_r@@YAXPEAUrawLightmap_s@@PEAUsurfaceInfo_s@@QEAPEAUbspDrawVert_t@@QEAM3QEAY02M4@Z 0000000140051180 f    CIL library: CIL module
 0001:00050500       ?MapQuad@@YA?AW4qboolean@@PEAUrawLightmap_s@@PEAUsurfaceInfo_s@@QEAPEAUbspDrawVert_t@@@Z 0000000140051500 f    CIL library: CIL module
 0001:000532f0       ?SubmapRawLuxel@@YA?AW4qboolean@@PEAUrawLightmap_s@@HHMMPEAHQEAM2@Z 00000001400542f0 f    CIL library: CIL module
 0001:00053670       ?SubsampleRawLuxel_r@@YAXPEAUrawLightmap_s@@PEAUtrace_t@@QEAMHHMPEAM@Z 0000000140054670 f    CIL library: CIL module
 0001:00059e70       ?CompareLightSurface@@YAHPEBX0@Z 000000014005ae70 f    CIL library: CIL module
 0001:0005b710       ?CompareSurfaceInfo@@YAHPEBX0@Z 000000014005c710 f    CIL library: CIL module
 0001:0005d9b0       ?CompareBSPLuxels@@YA?AW4qboolean@@PEAUrawLightmap_s@@H0H@Z 000000014005e9b0 f    CIL library: CIL module
 0001:0005dd60       ?MergeBSPLuxels@@YA?AW4qboolean@@PEAUrawLightmap_s@@H0H@Z 000000014005ed60 f    CIL library: CIL module
 0001:0005dfe0       ?ApproximateLuxel@@YA?AW4qboolean@@PEAUrawLightmap_s@@PEAUbspDrawVert_t@@@Z 000000014005efe0 f    CIL library: CIL module
 0001:0005e1e0       ?ApproximateTriangle_r@@YA?AW4qboolean@@PEAUrawLightmap_s@@QEAPEAUbspDrawVert_t@@@Z 000000014005f1e0 f    CIL library: CIL module
 0001:0005e3f0       ?ApproximateLightmap@@YA?AW4qboolean@@PEAUrawLightmap_s@@@Z 000000014005f3f0 f    CIL library: CIL module
 0001:0005e860       ?TestOutLightmapStamp@@YA?AW4qboolean@@PEAUrawLightmap_s@@HPEAUoutLightmap_s@@HH@Z 000000014005f860 f    CIL library: CIL module
 0001:0005e9f0       ?SetupOutLightmap@@YAXPEAUrawLightmap_s@@PEAUoutLightmap_s@@@Z 000000014005f9f0 f    CIL library: CIL module
 0001:0005eb50       ?FindOutLightmaps@@YAXPEAUrawLightmap_s@@@Z 000000014005fb50 f    CIL library: CIL module
 0001:0005f4c0       ?CompareRawLightmap@@YAHPEBX0@Z 00000001400604c0 f    CIL library: CIL module
 0001:00068a30       ?ConvertCollapsedSurface@@YAXPEAU_iobuf@@PEAUbspModel_t@@HHHQEAM@Z 0000000140069a30 f    CIL library: CIL module
 0001:000696b0       ?ConvertSurface@@YAXPEAU_iobuf@@PEAUbspModel_t@@HPEAUbspDrawSurface_t@@HQEAM@Z 000000014006a6b0 f    CIL library: CIL module
 0001:00069d20       ?ConvertModel@@YAXPEAU_iobuf@@PEAUbspModel_t@@HQEAMH@Z 000000014006ad20 f    CIL library: CIL module
 0001:00069e20       ?ConvertShader@@YAXPEAU_iobuf@@PEAUbspShader_t@@H@Z 000000014006ae20 f    CIL library: CIL module
 0001:0006a580       ?ConvertBrush@@YAXPEAU_iobuf@@HPEAUbspBrush_t@@QEAM@Z 000000014006b580 f    CIL library: CIL module
 0001:0006a900       ?ConvertPatch@@YAXPEAU_iobuf@@HPEAUbspDrawSurface_t@@QEAM@Z 000000014006b900 f    CIL library: CIL module
 0001:0006ab20       ?ConvertModel@@YAXPEAU_iobuf@@PEAUbspModel_t@@HQEAM@Z 000000014006bb20 f    CIL library: CIL module
 0001:0006d9a0       ?MD4Transform@@YAXQEAKQEAE@Z 000000014006e9a0 f    CIL library: CIL module
 0001:00070ff0       ?unzlocal_SearchCentralDir@@YAKPEAU_iobuf@@@Z 0000000140071ff0 f    CIL library: CIL module
 0001:00071370       ?unzlocal_GetCurrentFileInfoInternal@@YAHPEAXPEAUunz_file_info_s@@PEAUunz_file_info_internal_s@@PEADK0K3K@Z 0000000140072370 f    CIL library: CIL module
 0001:000717f0       ?unzlocal_CheckCurrentFileCoherencyHeader@@YAHPEAUunz_s@@PEAIPEAK1@Z 00000001400727f0 f    CIL library: CIL module
 0001:00072e90       ?huft_build@@YAHPEAIIIPEBI1PEAPEAUinflate_huft_s@@0PEAU1@00@Z 0000000140073e90 f    CIL library: CIL module
 0001:000746a0       ?vfsInitPakFile@@YAXPEBD@Z 00000001400756a0 f    CIL library: CIL module
 0001:000770e0       DDSDecodePixelFormat       00000001400780e0 f   ddslib:ddslib.obj
 0001:000771a0       DDSGetColorBlockColors     00000001400781a0 f   ddslib:ddslib.obj
 0001:00077370       DDSDecodeColorBlock        0000000140078370 f   ddslib:ddslib.obj
 0001:00077450       DDSDecodeAlphaExplicit     0000000140078450 f   ddslib:ddslib.obj
 0001:00077550       DDSDecodeAlpha3BitLinear   0000000140078550 f   ddslib:ddslib.obj
 0001:00077850       DDSDecompressDXT1          0000000140078850 f   ddslib:ddslib.obj
 0001:00077960       DDSDecompressDXT3          0000000140078960 f   ddslib:ddslib.obj
 0001:00077ae0       DDSDecompressDXT5          0000000140078ae0 f   ddslib:ddslib.obj
 0001:00077c60       DDSDecompressDXT2          0000000140078c60 f   ddslib:ddslib.obj
 0001:00077c70       DDSDecompressDXT4          0000000140078c70 f   ddslib:ddslib.obj
 0001:00077c80       DDSDecompressARGB8888      0000000140078c80 f   ddslib:ddslib.obj
 0001:000780b0       ?default_decompress_parms@@YAXPEAUjpeg_decompress_struct@@@Z 00000001400790b0 f   jpeg6:jdapimin.obj
 0001:000784d0       ?output_pass_setup@@YAEPEAUjpeg_decompress_struct@@@Z 00000001400794d0 f   jpeg6:jdapistd.obj
 0001:000786d0       ?init_source@@YAXPEAUjpeg_decompress_struct@@@Z 00000001400796d0 f   jpeg6:jdatasrc.obj
 0001:000786e0       ?fill_input_buffer@@YAEPEAUjpeg_decompress_struct@@@Z 00000001400796e0 f   jpeg6:jdatasrc.obj
 0001:00078740       ?skip_input_data@@YAXPEAUjpeg_decompress_struct@@J@Z 0000000140079740 f   jpeg6:jdatasrc.obj
 0001:00078840       ?error_exit@@YAXPEAUjpeg_common_struct@@@Z 0000000140079840 f   jpeg6:jerror.obj
 0001:00078870       ?output_message@@YAXPEAUjpeg_common_struct@@@Z 0000000140079870 f   jpeg6:jerror.obj
 0001:000788a0       ?emit_message@@YAXPEAUjpeg_common_struct@@H@Z 00000001400798a0 f   jpeg6:jerror.obj
 0001:000788e0       ?format_message@@YAXPEAUjpeg_common_struct@@PEAD@Z 00000001400798e0 f   jpeg6:jerror.obj
 0001:000789c0       ?reset_error_mgr@@YAXPEAUjpeg_common_struct@@@Z 00000001400799c0 f   jpeg6:jerror.obj
 0001:00078a60       ?initial_setup@@YAXPEAUjpeg_decompress_struct@@@Z 0000000140079a60 f   jpeg6:jdinput.obj
 0001:00078c70       ?per_scan_setup@@YAXPEAUjpeg_decompress_struct@@@Z 0000000140079c70 f   jpeg6:jdinput.obj
 0001:00078e50       ?latch_quant_tables@@YAXPEAUjpeg_decompress_struct@@@Z 0000000140079e50 f   jpeg6:jdinput.obj
 0001:00078f20       ?start_input_pass@@YAXPEAUjpeg_decompress_struct@@@Z 0000000140079f20 f   jpeg6:jdinput.obj
 0001:00078f70       ?consume_markers@@YAHPEAUjpeg_decompress_struct@@@Z 0000000140079f70 f   jpeg6:jdinput.obj
 0001:00079080       ?reset_input_controller@@YAXPEAUjpeg_decompress_struct@@@Z 000000014007a080 f   jpeg6:jdinput.obj
 0001:000790d0       ?finish_input_pass@@YAXPEAUjpeg_decompress_struct@@@Z 000000014007a0d0 f   jpeg6:jdinput.obj
 0001:00079150       ?get_soi@@YAEPEAUjpeg_decompress_struct@@@Z 000000014007a150 f   jpeg6:jdmarker.obj
 0001:00079210       ?get_sof@@YAEPEAUjpeg_decompress_struct@@EE@Z 000000014007a210 f   jpeg6:jdmarker.obj
 0001:00079560       ?get_sos@@YAEPEAUjpeg_decompress_struct@@@Z 000000014007a560 f   jpeg6:jdmarker.obj
 0001:00079890       ?get_app0@@YAEPEAUjpeg_decompress_struct@@@Z 000000014007a890 f   jpeg6:jdmarker.obj
 0001:00079b70       ?get_app14@@YAEPEAUjpeg_decompress_struct@@@Z 000000014007ab70 f   jpeg6:jdmarker.obj
 0001:00079d60       ?get_dac@@YAEPEAUjpeg_decompress_struct@@@Z 000000014007ad60 f   jpeg6:jdmarker.obj
 0001:00079f10       ?get_dht@@YAEPEAUjpeg_decompress_struct@@@Z 000000014007af10 f   jpeg6:jdmarker.obj
 0001:0007a240       ?get_dqt@@YAEPEAUjpeg_decompress_struct@@@Z 000000014007b240 f   jpeg6:jdmarker.obj
 0001:0007a4c0       ?get_dri@@YAEPEAUjpeg_decompress_struct@@@Z 000000014007b4c0 f   jpeg6:jdmarker.obj
 0001:0007a5e0       ?skip_variable@@YAEPEAUjpeg_decompress_struct@@@Z 000000014007b5e0 f   jpeg6:jdmarker.obj
 0001:0007a6b0       ?next_marker@@YAEPEAUjpeg_decompress_struct@@@Z 000000014007b6b0 f   jpeg6:jdmarker.obj
 0001:0007a820       ?first_marker@@YAEPEAUjpeg_decompress_struct@@@Z 000000014007b820 f   jpeg6:jdmarker.obj
 0001:0007a8f0       ?read_markers@@YAHPEAUjpeg_decompress_struct@@@Z 000000014007b8f0 f   jpeg6:jdmarker.obj
 0001:0007ac10       ?read_restart_marker@@YAEPEAUjpeg_decompress_struct@@@Z 000000014007bc10 f   jpeg6:jdmarker.obj
 0001:0007ade0       ?reset_marker_reader@@YAXPEAUjpeg_decompress_struct@@@Z 000000014007bde0 f   jpeg6:jdmarker.obj
 0001:0007aed0       ?out_of_memory@@YAXPEAUjpeg_common_struct@@H@Z 000000014007bed0 f   jpeg6:jmemmgr.obj
 0001:0007aef0       ?alloc_small@@YAPEAXPEAUjpeg_common_struct@@H_K@Z 000000014007bef0 f   jpeg6:jmemmgr.obj
 0001:0007b070       ?alloc_large@@YAPEAXPEAUjpeg_common_struct@@H_K@Z 000000014007c070 f   jpeg6:jmemmgr.obj
 0001:0007b150       ?alloc_sarray@@YAPEAPEAEPEAUjpeg_common_struct@@HII@Z 000000014007c150 f   jpeg6:jmemmgr.obj
 0001:0007b240       ?alloc_barray@@YAPEAPEAY0EA@FPEAUjpeg_common_struct@@HII@Z 000000014007c240 f   jpeg6:jmemmgr.obj
 0001:0007b350       ?request_virt_sarray@@YAPEAUjvirt_sarray_control@@PEAUjpeg_common_struct@@HEIII@Z 000000014007c350 f   jpeg6:jmemmgr.obj
 0001:0007b400       ?request_virt_barray@@YAPEAUjvirt_barray_control@@PEAUjpeg_common_struct@@HEIII@Z 000000014007c400 f   jpeg6:jmemmgr.obj
 0001:0007b4b0       ?realize_virt_arrays@@YAXPEAUjpeg_common_struct@@@Z 000000014007c4b0 f   jpeg6:jmemmgr.obj
 0001:0007b690       ?do_sarray_io@@YAXPEAUjpeg_common_struct@@PEAUjvirt_sarray_control@@E@Z 000000014007c690 f   jpeg6:jmemmgr.obj
 0001:0007b750       ?do_barray_io@@YAXPEAUjpeg_common_struct@@PEAUjvirt_barray_control@@E@Z 000000014007c750 f   jpeg6:jmemmgr.obj
 0001:0007b810       ?access_virt_sarray@@YAPEAPEAEPEAUjpeg_common_struct@@PEAUjvirt_sarray_control@@IIE@Z 000000014007c810 f   jpeg6:jmemmgr.obj
 0001:0007b970       ?access_virt_barray@@YAPEAPEAY0EA@FPEAUjpeg_common_struct@@PEAUjvirt_barray_control@@IIE@Z 000000014007c970 f   jpeg6:jmemmgr.obj
 0001:0007bad0       ?free_pool@@YAXPEAUjpeg_common_struct@@H@Z 000000014007cad0 f   jpeg6:jmemmgr.obj
 0001:0007bc20       ?self_destruct@@YAXPEAUjpeg_common_struct@@@Z 000000014007cc20 f   jpeg6:jmemmgr.obj
 0001:0007bea0       ?use_merged_upsample@@YAEPEAUjpeg_decompress_struct@@@Z 000000014007cea0 f   jpeg6:jdmaster.obj
 0001:0007bf60       ?prepare_range_limit_table@@YAXPEAUjpeg_decompress_struct@@@Z 000000014007cf60 f   jpeg6:jdmaster.obj
 0001:0007c010       ?master_selection@@YAXPEAUjpeg_decompress_struct@@@Z 000000014007d010 f   jpeg6:jdmaster.obj
 0001:0007c1c0       ?prepare_for_output_pass@@YAXPEAUjpeg_decompress_struct@@@Z 000000014007d1c0 f   jpeg6:jdmaster.obj
 0001:0007c310       ?finish_output_pass@@YAXPEAUjpeg_decompress_struct@@@Z 000000014007d310 f   jpeg6:jdmaster.obj
 0001:0007c480       ?start_pass_dcolor@@YAXPEAUjpeg_decompress_struct@@@Z 000000014007d480 f   jpeg6:jmemnobs.obj
 0001:0007c480       ?PNGFlushData@@YAXPEAUpng_struct_def@@@Z 000000014007d480 f   jpeg6:jmemnobs.obj
 0001:0007c480       ?term_source@@YAXPEAUjpeg_decompress_struct@@@Z 000000014007d480 f   jpeg6:jmemnobs.obj
 0001:0007c490       ?alloc_funny_pointers@@YAXPEAUjpeg_decompress_struct@@@Z 000000014007d490 f   jpeg6:jdmainct.obj
 0001:0007c590       ?make_funny_pointers@@YAXPEAUjpeg_decompress_struct@@@Z 000000014007d590 f   jpeg6:jdmainct.obj
 0001:0007c730       ?set_wraparound_pointers@@YAXPEAUjpeg_decompress_struct@@@Z 000000014007d730 f   jpeg6:jdmainct.obj
 0001:0007c840       ?set_bottom_pointers@@YAXPEAUjpeg_decompress_struct@@@Z 000000014007d840 f   jpeg6:jdmainct.obj
 0001:0007c910       ?process_data_simple_main@@YAXPEAUjpeg_decompress_struct@@PEAPEAEPEAII@Z 000000014007d910 f   jpeg6:jdmainct.obj
 0001:0007c9c0       ?process_data_context_main@@YAXPEAUjpeg_decompress_struct@@PEAPEAEPEAII@Z 000000014007d9c0 f   jpeg6:jdmainct.obj
 0001:0007cb50       ?start_pass_main@@YAXPEAUjpeg_decompress_struct@@W4J_BUF_MODE@@@Z 000000014007db50 f   jpeg6:jdmainct.obj
 0001:0007cd00       ?start_iMCU_row@@YAXPEAUjpeg_decompress_struct@@@Z 000000014007dd00 f   jpeg6:jdcoefct.obj
 0001:0007cd60       ?start_input_pass@@YAXPEAUjpeg_decompress_struct@@@Z 000000014007dd60 f   jpeg6:jdcoefct.obj
 0001:0007cd70       ?start_output_pass@@YAXPEAUjpeg_decompress_struct@@@Z 000000014007dd70 f   jpeg6:jdcoefct.obj
 0001:0007cd80       ?decompress_onepass@@YAHPEAUjpeg_decompress_struct@@PEAPEAPEAE@Z 000000014007dd80 f   jpeg6:jdcoefct.obj
 0001:0007d040       ?dummy_consume_data@@YAHPEAUjpeg_decompress_struct@@@Z 000000014007e040 f   jpeg6:jdcoefct.obj
 0001:0007d5d0       ?process_restart@@YAEPEAUjpeg_decompress_struct@@@Z 000000014007e5d0 f   jpeg6:jdhuff.obj
 0001:0007d670       ?decode_mcu@@YAEPEAUjpeg_decompress_struct@@PEAPEAY0EA@F@Z 000000014007e670 f   jpeg6:jdhuff.obj
 0001:0007db40       ?start_pass_huff_decoder@@YAXPEAUjpeg_decompress_struct@@@Z 000000014007eb40 f   jpeg6:jdhuff.obj
 0001:0007dd00       ?start_pass@@YAXPEAUjpeg_decompress_struct@@@Z 000000014007ed00 f   jpeg6:jddctmgr.obj
 0001:0007e0c0       ?post_process_1pass@@YAXPEAUjpeg_decompress_struct@@PEAPEAPEAEPEAIIPEAPEAE2I@Z 000000014007f0c0 f   jpeg6:jdpostct.obj
 0001:0007e170       ?start_pass_dpost@@YAXPEAUjpeg_decompress_struct@@W4J_BUF_MODE@@@Z 000000014007f170 f   jpeg6:jdpostct.obj
 0001:0007e2c0       ?start_pass_upsample@@YAXPEAUjpeg_decompress_struct@@@Z 000000014007f2c0 f   jpeg6:jdsample.obj
 0001:0007e2e0       ?sep_upsample@@YAXPEAUjpeg_decompress_struct@@PEAPEAPEAEPEAIIPEAPEAE2I@Z 000000014007f2e0 f   jpeg6:jdsample.obj
 0001:0007e430       ?fullsize_upsample@@YAXPEAUjpeg_decompress_struct@@PEAUjpeg_component_info@@PEAPEAEPEAPEAPEAE@Z 000000014007f430 f   jpeg6:jdsample.obj
 0001:0007e440       ?noop_upsample@@YAXPEAUjpeg_decompress_struct@@PEAUjpeg_component_info@@PEAPEAEPEAPEAPEAE@Z 000000014007f440 f   jpeg6:jdsample.obj
 0001:0007e450       ?int_upsample@@YAXPEAUjpeg_decompress_struct@@PEAUjpeg_component_info@@PEAPEAEPEAPEAPEAE@Z 000000014007f450 f   jpeg6:jdsample.obj
 0001:0007e5b0       ?h2v1_upsample@@YAXPEAUjpeg_decompress_struct@@PEAUjpeg_component_info@@PEAPEAEPEAPEAPEAE@Z 000000014007f5b0 f   jpeg6:jdsample.obj
 0001:0007e620       ?h2v2_upsample@@YAXPEAUjpeg_decompress_struct@@PEAUjpeg_component_info@@PEAPEAEPEAPEAPEAE@Z 000000014007f620 f   jpeg6:jdsample.obj
 0001:0007e6e0       ?h2v1_fancy_upsample@@YAXPEAUjpeg_decompress_struct@@PEAUjpeg_component_info@@PEAPEAEPEAPEAPEAE@Z 000000014007f6e0 f   jpeg6:jdsample.obj
 0001:0007e7d0       ?h2v2_fancy_upsample@@YAXPEAUjpeg_decompress_struct@@PEAUjpeg_component_info@@PEAPEAEPEAPEAPEAE@Z 000000014007f7d0 f   jpeg6:jdsample.obj
 0001:0007eb90       ?build_ycc_rgb_table@@YAXPEAUjpeg_decompress_struct@@@Z 000000014007fb90 f   jpeg6:jdcolor.obj
 0001:0007ec90       ?ycc_rgb_convert@@YAXPEAUjpeg_decompress_struct@@PEAPEAPEAEIPEAPEAEH@Z 000000014007fc90 f   jpeg6:jdcolor.obj
 0001:0007ee30       ?null_convert@@YAXPEAUjpeg_decompress_struct@@PEAPEAPEAEIPEAPEAEH@Z 000000014007fe30 f   jpeg6:jdcolor.obj
 0001:0007eef0       ?grayscale_convert@@YAXPEAUjpeg_decompress_struct@@PEAPEAPEAEIPEAPEAEH@Z 000000014007fef0 f   jpeg6:jdcolor.obj
 0001:0007ef30       ?ycck_cmyk_convert@@YAXPEAUjpeg_decompress_struct@@PEAPEAPEAEIPEAPEAEH@Z 000000014007ff30 f   jpeg6:jdcolor.obj
 0001:00083b50       _obj_canload               0000000140084b50 f   picomodel:pm_obj.obj
 0001:00083cb0       SizeObjVertexData          0000000140084cb0 f   picomodel:pm_obj.obj
 0001:00083d70       FreeObjVertexData          0000000140084d70 f   picomodel:pm_obj.obj
 0001:00083d90       _obj_load                  0000000140084d90 f   picomodel:pm_obj.obj
 0001:00084ca0       _terrain_canload           0000000140085ca0 f   picomodel:pm_terrain.obj
 0001:00084d10       _terrain_load              0000000140085d10 f   picomodel:pm_terrain.obj
 0001:000854f0       lwo_lwIDToStr              00000001400864f0 f   picomodel:pm_lwo.obj
 0001:00085540       _lwo_canload               0000000140086540 f   picomodel:pm_lwo.obj
 0001:000855b0       _lwo_load                  00000001400865b0 f   picomodel:pm_lwo.obj
 0001:00085eb0       _fm_canload                0000000140086eb0 f   picomodel:pm_fm.obj
 0001:00085fe0       _fm_load                   0000000140086fe0 f   picomodel:pm_fm.obj
 0001:00086ac0       _md2_canload               0000000140087ac0 f   picomodel:pm_md2.obj
 0001:00086b10       _md2_load                  0000000140087b10 f   picomodel:pm_md2.obj
 0001:00087580       _mdc_canload               0000000140088580 f   picomodel:pm_mdc.obj
 0001:000875d0       _mdc_load                  00000001400885d0 f   picomodel:pm_mdc.obj
 0001:00087eb0       _ms3d_canload              0000000140088eb0 f   picomodel:pm_ms3d.obj
 0001:00087f30       GetWord                    0000000140088f30 f   picomodel:pm_ms3d.obj
 0001:00087f70       _ms3d_load                 0000000140088f70 f   picomodel:pm_ms3d.obj
 0001:000886a0       _ase_get_material          00000001400896a0 f   picomodel:pm_ase.obj
 0001:000886c0       _ase_get_submaterial       00000001400896c0 f   picomodel:pm_ase.obj
 0001:00088770       _ase_add_material          0000000140089770 f   picomodel:pm_ase.obj
 0001:000887b0       _ase_add_submaterial       00000001400897b0 f   picomodel:pm_ase.obj
 0001:00088830       _ase_free_materials        0000000140089830 f   picomodel:pm_ase.obj
 0001:000888b0       _ase_canload               00000001400898b0 f   picomodel:pm_ase.obj
 0001:00088940       _ase_submit_triangles      0000000140089940 f   picomodel:pm_ase.obj
 0001:00088eb0       _ase_load                  0000000140089eb0 f   picomodel:pm_ase.obj
 0001:0008a510       _3ds_canload               000000014008b510 f   picomodel:pm_3ds.obj
 0001:0008a570       GetChunk                   000000014008b570 f   picomodel:pm_3ds.obj
 0001:0008a5d0       GetASCIIZ                  000000014008b5d0 f   picomodel:pm_3ds.obj
 0001:0008a660       GetByte                    000000014008b660 f   picomodel:pm_3ds.obj
 0001:0008a680       GetWord                    000000014008b680 f   picomodel:pm_3ds.obj
 0001:0008a6c0       GetFloat                   000000014008b6c0 f   picomodel:pm_3ds.obj
 0001:0008a6f0       GetMeshVertices            000000014008b6f0 f   picomodel:pm_3ds.obj
 0001:0008a780       GetMeshFaces               000000014008b780 f   picomodel:pm_3ds.obj
 0001:0008a840       GetMeshTexCoords           000000014008b840 f   picomodel:pm_3ds.obj
 0001:0008a8d0       GetMeshShader              000000014008b8d0 f   picomodel:pm_3ds.obj
 0001:0008aaa0       GetDiffuseColor            000000014008baa0 f   picomodel:pm_3ds.obj
 0001:0008aaf0       DoNextEditorDataChunk      000000014008baf0 f   picomodel:pm_3ds.obj
 0001:0008ad70       DoNextChunk                000000014008bd70 f   picomodel:pm_3ds.obj
 0001:0008ae30       _3ds_load                  000000014008be30 f   picomodel:pm_3ds.obj
 0001:0008af40       _md3_canload               000000014008bf40 f   picomodel:pm_md3.obj
 0001:0008af90       _md3_load                  000000014008bf90 f   picomodel:pm_md3.obj
 0001:0008e560       compare_shaders            000000014008f560 f   picomodel:surface.obj
 0001:0008e560       compare_textures           000000014008f560 f   picomodel:surface.obj
 0001:0008e590       add_texture                000000014008f590 f   picomodel:surface.obj
 0001:0008f2a0       compare_keys               00000001400902a0 f   picomodel:envelope.obj
 0001:0008fd50       add_clip                   0000000140090d50 f   picomodel:lwob.obj
 0001:0008fe00       add_tvel                   0000000140090e00 f   picomodel:lwob.obj
 0001:0008ff80       get_texture                0000000140090f80 f   picomodel:lwob.obj
 0001:0009121c       pre_cpp_init               000000014009221c f   MSVCRT:crtexe.obj
 0001:00091284       __tmainCRTStartup          0000000140092284 f   MSVCRT:crtexe.obj
 0001:00091404       pre_c_init                 0000000140092404 f   MSVCRT:crtexe.obj
 0001:000918a0       _onexit$fin$0              00000001400928a0 f   MSVCRT:atonexit.obj
 0001:000918b9       __tmainCRTStartup$filt$0   00000001400928b9 f   MSVCRT:crtexe.obj
 0001:000918e0       _IsNonwritableInCurrentImage$filt$0 00000001400928e0 f   MSVCRT:pesect.obj
