 bloodmap

 Timestamp is 54b9bbfd (Sat Jan 17 04:33:49 2015)

 Preferred load address is 0000000140000000

 Start         Length     Name                   Class
 0001:00000000 00095438H .text                   CODE
 0001:00095440 0000005eH .text$00                CODE
 0001:000954a0 00000061H .text$x                 CODE
 0002:00000000 00000528H .idata$5                DATA
 0002:00000528 00000008H .CRT$XCA                DATA
 0002:00000530 00000008H .CRT$XCAA               DATA
 0002:00000538 00000008H .CRT$XCZ                DATA
 0002:00000540 00000008H .CRT$XIA                DATA
 0002:00000548 00000008H .CRT$XIAA               DATA
 0002:00000550 00000008H .CRT$XIY                DATA
 0002:00000558 00000008H .CRT$XIZ                DATA
 0002:00000560 000115b0H .rdata                  DATA
 0002:00011b10 00000042H .rdata$debug            DATA
 0002:00011b58 00000008H .rtc$IAA                DATA
 0002:00011b60 00000008H .rtc$IZZ                DATA
 0002:00011b68 00000008H .rtc$TAA                DATA
 0002:00011b70 00000008H .rtc$TZZ                DATA
 0002:00011b78 00009ec8H .xdata                  DATA
 0002:0001ba40 00000078H .idata$2                DATA
 0002:0001bab8 00000014H .idata$3                DATA
 0002:0001bad0 00000528H .idata$4                DATA
 0002:0001bff8 00000842H .idata$6                DATA
 0002:0001c83a 00000000H .edata                  DATA
 0003:00000000 00015498H .data                   DATA
 0003:000154a0 0fdd3320H .bss                    DATA
 0004:00000000 00006624H .pdata                  DATA
 0005:00000000 00000250H .rsrc$01                DATA
 0005:00000250 000102f8H .rsrc$02                DATA

  Address         Publics by Value              Rva+Base               Lib:Object

 0000:00000000       ___safe_se_handler_table   0000000000000000     <absolute>
 0000:00000000       ___safe_se_handler_count   0000000000000000     <absolute>
 0000:00000000       __ImageBase                0000000140000000     <linker-defined>
 0001:00000000       ?IncDrawVerts@@YAXXZ       0000000140001000 f   bspfile_abstract.obj
 0001:000000d0       ?SetDrawVerts@@YAXH@Z      00000001400010d0 f   bspfile_abstract.obj
 0001:00000190       ?SetDrawSurfaces@@YAXH@Z   0000000140001190 f   bspfile_abstract.obj
 0001:00000250       ?SwapBSPFile@@YAXXZ        0000000140001250 f   bspfile_abstract.obj
 0001:00000400       ?WriteBSPFile@@YAXPEBD@Z   0000000140001400 f   bspfile_abstract.obj
 0001:000004a0       ?PrintBSPFileSizes@@YAXXZ  00000001400014a0 f   bspfile_abstract.obj
 0001:00000740       ?ParseEPair@@YAPEAUepair_s@@XZ 0000000140001740 f   bspfile_abstract.obj
 0001:000008b0       ?ParseEntity@@YA?AW4qboolean@@XZ 00000001400018b0 f   bspfile_abstract.obj
 0001:000009d0       ?ParseEntities@@YAXXZ      00000001400019d0 f   bspfile_abstract.obj
 0001:00000a70       ?UnparseEntities@@YAXW4qboolean@@@Z 0000000140001a70 f   bspfile_abstract.obj
 0001:00000db0       ?SetKeyValue@@YAXPEAUentity_t@@PEBD1@Z 0000000140001db0 f   bspfile_abstract.obj
 0001:00000f00       ?KeyExists@@YA?AW4qboolean@@PEBUentity_t@@PEBD@Z 0000000140001f00 f   bspfile_abstract.obj
 0001:00000f60       ?ValueForKey@@YAPEBDPEBUentity_t@@PEBD@Z 0000000140001f60 f   bspfile_abstract.obj
 0001:00000fd0       ?IntForKey@@YAHPEBUentity_t@@PEBD@Z 0000000140001fd0 f   bspfile_abstract.obj
 0001:00001050       ?FloatForKey@@YAMPEBUentity_t@@PEBD@Z 0000000140002050 f   bspfile_abstract.obj
 0001:000010c0       ?GetVectorForKey@@YAXPEBUentity_t@@PEBDQEAM@Z 00000001400020c0 f   bspfile_abstract.obj
 0001:00001180       ?FindTargetEntity@@YAPEAUentity_t@@PEBD@Z 0000000140002180 f   bspfile_abstract.obj
 0001:00001250       ?GetEntityShadowFlags@@YAXPEBUentity_t@@0PEAD1W4qboolean@@@Z 0000000140002250 f   bspfile_abstract.obj
 0001:000014a0       ?GetEntityLightmapScale@@YAXPEBUentity_t@@PEAMM@Z 00000001400024a0 f   bspfile_abstract.obj
 0001:00001640       ?GetEntityLightmapAxis@@YAXPEBUentity_t@@QEAM1@Z 0000000140002640 f   bspfile_abstract.obj
 0001:00001920       ?GetEntityNormalSmoothing@@YAXPEBUentity_t@@PEAHH@Z 0000000140002920 f   bspfile_abstract.obj
 0001:00001a30       ?GetEntityMinlightAmbientColor@@YAXPEBUentity_t@@QEAM1111W4qboolean@@@Z 0000000140002a30 f   bspfile_abstract.obj
 0001:000032e0       ?LoadIBSPFile@@YAXPEBD@Z   00000001400042e0 f   bspfile_ibsp.obj
 0001:000038b0       ?WriteIBSPFile@@YAXPEBD@Z  00000001400048b0 f   bspfile_ibsp.obj
 0001:000042e0       ?LoadRBSPFile@@YAXPEBD@Z   00000001400052e0 f   bspfile_rbsp.obj
 0001:00004a80       ?WriteRBSPFile@@YAXPEBD@Z  0000000140005a80 f   bspfile_rbsp.obj
 0001:00005240       ?PNGReadData@@YAXPEAUpng_struct_def@@PEAE_K@Z 0000000140006240 f   image.obj
 0001:000055d0       ?WritePNG@@YAXPEBDPEAEHHW4qboolean@@2@Z 00000001400065d0 f   image.obj
 0001:00005980       ?ImageFind@@YAPEAUimage_s@@PEBD@Z 0000000140006980 f   image.obj
 0001:00005a70       ?ImageLoad@@YAPEAUimage_s@@PEBD@Z 0000000140006a70 f   image.obj
 0001:00006300       ?FixAAS@@YAHHPEAPEAD@Z     0000000140007300 f   main.obj
 0001:000065a0       ?AnalyzeBSP@@YAHHPEAPEAD@Z 00000001400075a0 f   main.obj
 0001:00006990       ?BSPInfo@@YAHHPEAPEAD@Z    0000000140007990 f   main.obj
 0001:00006cd0       ?ScaleBSPMain@@YAHHPEAPEAD@Z 0000000140007cd0 f   main.obj
 0001:00007ca0       ?ConvertBSPMain@@YAHHPEAPEAD@Z 0000000140008ca0 f   main.obj
 0001:000080c0       main                       00000001400090c0 f   main.obj
 0001:00008750       ?LerpDrawVert@@YAXPEAUbspDrawVert_t@@00@Z 0000000140009750 f   mesh.obj
 0001:000088a0       ?LerpDrawVertAmount@@YAXPEAUbspDrawVert_t@@0M0@Z 00000001400098a0 f   mesh.obj
 0001:00008a80       ?CopyMesh@@YAPEAUmesh_t@@PEAU1@@Z 0000000140009a80 f   mesh.obj
 0001:00008b00       ?TransposeMesh@@YAPEAUmesh_t@@PEAU1@@Z 0000000140009b00 f   mesh.obj
 0001:00008c00       ?InvertMesh@@YAXPEAUmesh_t@@@Z 0000000140009c00 f   mesh.obj
 0001:00008d40       ?MakeMeshNormals@@YAXUmesh_t@@@Z 0000000140009d40 f   mesh.obj
 0001:000092d0       ?PutMeshOnCurve@@YAXUmesh_t@@@Z 000000014000a2d0 f   mesh.obj
 0001:00009620       ?SubdivideMesh@@YAPEAUmesh_t@@U1@MM@Z 000000014000a620 f   mesh.obj
 0001:0000a350       ?IterationsForCurve@@YAHMH@Z 000000014000b350 f   mesh.obj
 0001:0000a3d0       ?SubdivideMesh2@@YAPEAUmesh_t@@U1@H@Z 000000014000b3d0 f   mesh.obj
 0001:0000acc0       ?RemoveLinearMeshColumnsRows@@YAPEAUmesh_t@@PEAU1@@Z 000000014000bcc0 f   mesh.obj
 0001:0000b2b0       ?PicoPrintFunc@@YAXHPEBD@Z 000000014000c2b0 f   model.obj
 0001:0000b330       ?PicoLoadFileFunc@@YAXPEADPEAPEAEPEAH@Z 000000014000c330 f   model.obj
 0001:0000b350       ?FindModel@@YAPEAUpicoModel_s@@PEBDH@Z 000000014000c350 f   model.obj
 0001:0000b420       ?LoadModel@@YAPEAUpicoModel_s@@PEBDH@Z 000000014000c420 f   model.obj
 0001:0000b530       ?InsertModel@@YAXPEADHHQEAMMPEAUremap_s@@PEAUshaderInfo_s@@HHDDHM11111MHHW4qboolean@@M4PEAH555@Z 000000014000c530 f   model.obj
 0001:0000c8c0       ?LoadTriangleModels@@YAXXZ 000000014000d8c0 f   model.obj
 0001:0000cc30       ?AddTriangleModels@@YAXH@Z 000000014000dc30 f   model.obj
 0001:0000de10       ?TidyShaders@@YAXXZ        000000014000ee10 f   optimize.obj
 0001:0000e570       ?MergeDrawSurfaces@@YAXXZ  000000014000f570 f   optimize.obj
 0001:0000f280       ?MergeDrawVerts@@YAXXZ     0000000140010280 f   optimize.obj
 0001:0000fcd0       ?WriteResourceOBJFile@@YAXPEBD@Z 0000000140010cd0 f   optimize.obj
 0001:000105b0       ?OptimizeBSPMain@@YAHHPEAPEAD@Z 00000001400115b0 f   optimize.obj
 0001:00010cb0       ?AllocateEntity@@YAPEAUentity_t@@PEAU1@@Z 0000000140011cb0 f   patchbsp.obj
 0001:00010d30       ?FindMapEntityByUniqueKey@@YAPEAUentity_t@@PEBD@Z 0000000140011d30 f   patchbsp.obj
 0001:00010e40       ?PatchEntities@@YAXXZ      0000000140011e40 f   patchbsp.obj
 0001:000113c0       ?PatchBSPMain@@YAHHPEAPEAD@Z 00000001400123c0 f   patchbsp.obj
 0001:000119f0       ?GetGame@@YAPEAUgame_s@@PEAD@Z 00000001400129f0 f   path_init.obj
 0001:00011b40       ?AddBasePath@@YAXPEAD@Z    0000000140012b40 f   path_init.obj
 0001:00011be0       ?AddGamePath@@YAXPEAD@Z    0000000140012be0 f   path_init.obj
 0001:00011c80       ?InitPaths@@YAXPEAHPEAPEAD@Z 0000000140012c80 f   path_init.obj
 0001:00012150       ?GetGamePath@@YA?AW4qboolean@@PEAD0@Z 0000000140013150 f   path_init.obj
 0001:000123e0       ?ColorModBuildRandomMatrix@@YAXXZ 00000001400133e0 f   shaders.obj
 0001:00012490       ?ColorModRandom@@YAMQEAMM@Z 0000000140013490 f   shaders.obj
 0001:00012760       ?ColorMod@@YAXPEAUentity_t@@PEAUmapDrawSurface_s@@PEAUcolorMod_s@@PEAUbrush_s@@HH@Z 0000000140013760 f   shaders.obj
 0001:00013120       ?TCModMultiply@@YAXQEAY02M00@Z 0000000140014120 f   shaders.obj
 0001:000132a0       ?TCModRotate@@YAXQEAY02MM@Z 00000001400142a0 f   shaders.obj
 0001:00013390       ?ApplySurfaceParm@@YA?AW4qboolean@@PEADPEAH11@Z 0000000140014390 f   shaders.obj
 0001:000134e0       ?BeginMapShaderFile@@YAXPEBD@Z 00000001400144e0 f   shaders.obj
 0001:00013650       ?WriteMapShaderFile@@YAXXZ 0000000140014650 f   shaders.obj
 0001:000137d0       ?CustomShader@@YAPEAUshaderInfo_s@@PEAU1@PEAD1@Z 00000001400147d0 f   shaders.obj
 0001:00013eb0       ?FinishShader@@YAXPEAUshaderInfo_s@@@Z 0000000140014eb0 f   shaders.obj
 0001:00014600       ?ShaderInfoForShader@@YAPEAUshaderInfo_s@@PEBD@Z 0000000140015600 f   shaders.obj
 0001:00014800       ?GetTokenAppend@@YA?AW4qboolean@@PEADW41@@Z 0000000140015800 f   shaders.obj
 0001:00014900       ?Parse1DMatrixAppend@@YAXPEADHPEAM@Z 0000000140015900 f   shaders.obj
 0001:000149f0       ?AllocateColorMod@@YAPEAUcolorMod_s@@PEAUshaderInfo_s@@W4colorModType_t@@@Z 00000001400159f0 f   shaders.obj
 0001:00017720       ?LoadShaderInfo@@YAXXZ     0000000140018720 f   shaders.obj
 0001:00017960       ?AllocSideRef@@YAPEAUsideRef_s@@PEAUside_s@@PEAU1@@Z 0000000140018960 f   brush.obj
 0001:000179b0       ?AllocBrush@@YAPEAUbrush_s@@H@Z 00000001400189b0 f   brush.obj
 0001:00017a30       ?FreeBrush@@YAXPEAUbrush_s@@@Z 0000000140018a30 f   brush.obj
 0001:00017b20       ?CopyBrush@@YAPEAUbrush_s@@PEAU1@@Z 0000000140018b20 f   brush.obj
 0001:00017bf0       ?BoundBrush@@YA?AW4qboolean@@PEAUbrush_s@@@Z 0000000140018bf0 f   brush.obj
 0001:00017ce0       ?CreateBrushWindings@@YA?AW4qboolean@@PEAUbrush_s@@@Z 0000000140018ce0 f   brush.obj
 0001:00017e70       ?BrushVolume@@YAMPEAUbrush_s@@@Z 0000000140018e70 f   brush.obj
 0001:00017fa0       ?WriteBSPBrushMap@@YAXPEADPEAUbrush_s@@@Z 0000000140018fa0 f   brush.obj
 0001:000181b0       ?FilterBrushIntoTree_r@@YAHPEAUbrush_s@@PEAUnode_s@@@Z 00000001400191b0 f   brush.obj
 0001:00018280       ?FilterDetailBrushesIntoTree@@YAXPEAUentity_t@@PEAUtree_t@@@Z 0000000140019280 f   brush.obj
 0001:00018350       ?FilterStructuralBrushesIntoTree@@YAXPEAUentity_t@@PEAUtree_t@@W4qboolean@@@Z 0000000140019350 f   brush.obj
 0001:00018450       ?WindingIsTiny@@YA?AW4qboolean@@PEAUwinding_t@@@Z 0000000140019450 f   brush.obj
 0001:00018530       ?BrushMostlyOnSide@@YAHPEAUbrush_s@@PEAUplane_s@@@Z 0000000140019530 f   brush.obj
 0001:000187b0       ?SplitBrush@@YAXPEAUbrush_s@@HPEAPEAU1@1@Z 00000001400197b0 f   brush.obj
 0001:00018f60       ?ComputeAxisBase@@YAXQEAM00@Z 0000000140019f60 f   brush_primit.obj
 0001:000190c0       ?SetCloneModelNumbers@@YAXXZ 000000014001a0c0 f   bsp.obj
 0001:00019950       ?ProcessWorldModel@@YAXXZ  000000014001a950 f   bsp.obj
 0001:0001a880       ?ProcessSubModel@@YAXXZ    000000014001b880 f   bsp.obj
 0001:0001ab20       ?ProcessModels@@YAXXZ      000000014001bb20 f   bsp.obj
 0001:0001ad50       ?RegionScissor@@YAXXZ      000000014001bd50 f   bsp.obj
 0001:0001bcf0       ?BSPMain@@YAHHPEAPEAD@Z    000000014001ccf0 f   bsp.obj
 0001:0001dd10       ?ProcessDecals@@YAXXZ      000000014001ed10 f   decals.obj
 0001:0001f2a0       ?MakeEntityDecals@@YAXPEAUentity_t@@@Z 00000001400202a0 f   decals.obj
 0001:0001f650       ?FreeNode@@YAXPEAUdnode_s@@@Z 0000000140020650 f   decorations.obj
 0001:0001f6c0       ?FreeNodesArray@@YAXPEAUdnode_s@@H@Z 00000001400206c0 f   decorations.obj
 0001:0001f7c0       ?EntityArrayAdd@@YAXPEAUdgroupents_s@@PEAUentity_t@@@Z 00000001400207c0 f   decorations.obj
 0001:0001f880       ?NewDecoreGroup@@YAPEAUdgroup_s@@PEADW4decoreMatchParm_t@@@Z 0000000140020880 f   decorations.obj
 0001:0001f9f0       ?PopulateDecoreGroup@@YA?AW4qboolean@@PEAUentity_t@@W4decoreMatchParm_t@@PEAD@Z 00000001400209f0 f   decorations.obj
 0001:0001fbe0       ?DecoreParseActions@@YAXPEAUdactions_s@@@Z 0000000140020be0 f   decorations.obj
 0001:00020220       ?EntityPopulateDecorationGroups@@YAXH@Z 0000000140021220 f   decorations.obj
 0001:00020290       ?LoadDecorationScript@@YAXXZ 0000000140021290 f   decorations.obj
 0001:00020a70       ?EntityProcessActions@@YAXPEAUentity_t@@PEAUdactions_s@@@Z 0000000140021a70 f   decorations.obj
 0001:00020c40       ?CreateEntity@@YAPEAUentity_t@@PEAD@Z 0000000140021c40 f   decorations.obj
 0001:00020cf0       ?LoadFoliage@@YAXPEAD@Z    0000000140021cf0 f   decorations.obj
 0001:00020f50       ?LoadRtlights@@YAXXZ       0000000140021f50 f   decorations.obj
 0001:000218c0       ?ProcessDecorationGroup@@YAXH@Z 00000001400228c0 f   decorations.obj
 0001:000221e0       ?ProcessDecorations@@YAXXZ 00000001400231e0 f   decorations.obj
 0001:00022660       ?BuildFaceTree_r@@YAXPEAUnode_s@@PEAUface_s@@@Z 0000000140023660 f   facebsp.obj
 0001:00022a30       ?FaceBSP@@YAPEAUtree_t@@PEAUface_s@@W4qboolean@@@Z 0000000140023a30 f   facebsp.obj
 0001:00022be0       ?MakeStructuralBSPFaceList@@YAPEAUface_s@@PEAUbrush_s@@@Z 0000000140023be0 f   facebsp.obj
 0001:00022d50       ?MakeVisibleBSPFaceList@@YAPEAUface_s@@PEAUbrush_s@@@Z 0000000140023d50 f   facebsp.obj
 0001:00022ec0       ?DrawSurfToMesh@@YAPEAUmesh_t@@PEAUmapDrawSurface_s@@@Z 0000000140023ec0 f   fog.obj
 0001:00022f60       ?SplitMeshByPlane@@YAXPEAUmesh_t@@QEAMMPEAPEAU1@2@Z 0000000140023f60 f   fog.obj
 0001:00023700       ?ChopPatchSurfaceByBrush@@YA?AW4qboolean@@PEAUentity_t@@PEAUmapDrawSurface_s@@PEAUbrush_s@@@Z 0000000140024700 f   fog.obj
 0001:00023960       ?WindingFromDrawSurf@@YAPEAUwinding_t@@PEAUmapDrawSurface_s@@@Z 0000000140024960 f   fog.obj
 0001:00023ba0       ?ChopFaceSurfaceByBrush@@YA?AW4qboolean@@PEAUentity_t@@PEAUmapDrawSurface_s@@PEAUbrush_s@@@Z 0000000140024ba0 f   fog.obj
 0001:00023f20       ?FogDrawSurfaces@@YAXPEAUentity_t@@@Z 0000000140024f20 f   fog.obj
 0001:00024130       ?FogForBounds@@YAHQEAM0M@Z 0000000140025130 f   fog.obj
 0001:000242b0       ?CreateMapFogs@@YAXXZ      00000001400252b0 f   fog.obj
 0001:000245f0       ?LeakFile@@YAPEAU_xmlNode@@PEAUtree_t@@@Z 00000001400255f0 f   leakfile.obj
 0001:00024a70       ?CreateNewFloatPlane@@YAHQEAMM@Z 0000000140025a70 f   map.obj
 0001:00024c70       ?SnapNormal@@YAXQEAM@Z     0000000140025c70 f   map.obj
 0001:00024d10       ?FindFloatPlane@@YAHQEAMMHPEAY02M@Z 0000000140025d10 f   map.obj
 0001:00025060       ?MapPlaneFromPoints@@YAHPEAY02M@Z 0000000140026060 f   map.obj
 0001:000251c0       ?SetBrushContents@@YAXPEAUbrush_s@@@Z 00000001400261c0 f   map.obj
 0001:00025310       ?AddBrushBevels@@YAXXZ     0000000140026310 f   map.obj
 0001:00025eb0       ?FinishBrush@@YAPEAUbrush_s@@XZ 0000000140026eb0 f   map.obj
 0001:00026150       ?TextureAxisFromPlane@@YAXPEAUplane_s@@QEAM1@Z 0000000140027150 f   map.obj
 0001:00026320       ?QuakeTextureVecs@@YAXPEAUplane_s@@QEAMM1QEAY03M@Z 0000000140027320 f   map.obj
 0001:00026af0       ?RemoveDuplicateBrushPlanes@@YA?AW4qboolean@@PEAUbrush_s@@@Z 0000000140027af0 f   map.obj
 0001:00026e10       ?MoveBrushesToWorld@@YAXPEAUentity_t@@@Z 0000000140027e10 f   map.obj
 0001:00026f40       ?AdjustBrushesForOrigin@@YAXPEAUentity_t@@@Z 0000000140027f40 f   map.obj
 0001:00027090       ?SetEntityBounds@@YAXPEAUentity_t@@@Z 0000000140028090 f   map.obj
 0001:00027420       ?LoadEntityIndexMap@@YAXPEAUentity_t@@@Z 0000000140028420 f   map.obj
 0001:00028320       ?LoadMapFile@@YAXPEADW4qboolean@@111@Z 0000000140029320 f   map.obj
 0001:000287c0       ?CheckMapForErrors@@YAHXZ  00000001400297c0 f   map.obj
 0001:000297d0       ?ParsePatch@@YAXW4qboolean@@@Z 000000014002a7d0 f   patch.obj
 0001:00029ff0       ?PatchMapDrawSurfs@@YAXPEAUentity_t@@@Z 000000014002aff0 f   patch.obj
 0001:0002a5c0       ?MakeHeadnodePortals@@YAXPEAUtree_t@@@Z 000000014002b5c0 f   portals.obj
 0001:0002a8c0       ?BaseWindingForNode@@YAPEAUwinding_t@@PEAUnode_s@@@Z 000000014002b8c0 f   portals.obj
 0001:0002a9d0       ?MakeNodePortal@@YAXPEAUnode_s@@@Z 000000014002b9d0 f   portals.obj
 0001:0002ac10       ?SplitNodePortals@@YAXPEAUnode_s@@@Z 000000014002bc10 f   portals.obj
 0001:0002b380       ?CalcNodeBounds@@YAXPEAUnode_s@@@Z 000000014002c380 f   portals.obj
 0001:0002b410       ?MakeTreePortals_r@@YAXPEAUnode_s@@@Z 000000014002c410 f   portals.obj
 0001:0002b500       ?FloodPortals_r@@YAXPEAUnode_s@@HW4qboolean@@@Z 000000014002c500 f   portals.obj
 0001:0002b5a0       ?PlaceOccupantTest@@YA?AW4qboolean@@PEAUtree_t@@PEAUnode_s@@QEAM@Z 000000014002c5a0 f   portals.obj
 0001:0002b640       ?FloodEntities@@YA?AW4qboolean@@PEAUtree_t@@W41@@Z 000000014002c640 f   portals.obj
 0001:0002c0d0       ?FloodAreas_r@@YAXPEAUnode_s@@@Z 000000014002d0d0 f   portals.obj
 0001:0002c220       ?FindAreas_r@@YAXPEAUnode_s@@@Z 000000014002d220 f   portals.obj
 0001:0002c270       ?FloodSkyboxArea_r@@YAXPEAUnode_s@@@Z 000000014002d270 f   portals.obj
 0001:0002c2c0       ?FloodAreas@@YAXPEAUtree_t@@@Z 000000014002d2c0 f   portals.obj
 0001:0002c370       ?FillOutside_r@@YAXPEAUnode_s@@@Z 000000014002d370 f   portals.obj
 0001:0002c3d0       ?FillOutside@@YAXPEAUnode_s@@@Z 000000014002d3d0 f   portals.obj
 0001:0002c450       ?WriteFloat@@YAXPEAU_iobuf@@M@Z 000000014002d450 f   prtfile.obj
 0001:0002c4e0       ?WritePortalFile_r@@YAXPEAUnode_s@@@Z 000000014002d4e0 f   prtfile.obj
 0001:0002c800       ?WriteFaceFile_r@@YAXPEAUnode_s@@@Z 000000014002d800 f   prtfile.obj
 0001:0002ca40       ?NumberLeafs_r@@YAXPEAUnode_s@@@Z 000000014002da40 f   prtfile.obj
 0001:0002cb70       ?NumberClusters@@YAXPEAUtree_t@@@Z 000000014002db70 f   prtfile.obj
 0001:0002cbf0       ?WritePortalFile@@YAXPEAUtree_t@@@Z 000000014002dbf0 f   prtfile.obj
 0001:0002ccf0       ?AllocDrawSurface@@YAPEAUmapDrawSurface_s@@W4surfaceType_t@@@Z 000000014002dcf0 f   surface.obj
 0001:0002cdc0       ?FinishSurface@@YAXPEAUmapDrawSurface_s@@@Z 000000014002ddc0 f   surface.obj
 0001:0002ce80       ?CloneSurface@@YAPEAUmapDrawSurface_s@@PEAU1@PEAUshaderInfo_s@@@Z 000000014002de80 f   surface.obj
 0001:0002cf80       ?MakeSkyboxSurface@@YAPEAUmapDrawSurface_s@@PEAU1@@Z 000000014002df80 f   surface.obj
 0001:0002d000       ?IsTriangleDegenerate@@YA?AW4qboolean@@PEAUbspDrawVert_t@@HHH@Z 000000014002e000 f   surface.obj
 0001:0002d0f0       ?ClearSurface@@YAXPEAUmapDrawSurface_s@@@Z 000000014002e0f0 f   surface.obj
 0001:0002d150       ?TidyEntitySurfaces@@YAXPEAUentity_t@@@Z 000000014002e150 f   surface.obj
 0001:0002d2d0       ?CalcSurfaceTextureRange@@YA?AW4qboolean@@PEAUmapDrawSurface_s@@@Z 000000014002e2d0 f   surface.obj
 0001:0002d530       ?CalcLightmapAxis@@YA?AW4qboolean@@QEAM0@Z 000000014002e530 f   surface.obj
 0001:0002d640       ?ClassifySurfaces@@YAXHPEAUmapDrawSurface_s@@@Z 000000014002e640 f   surface.obj
 0001:0002db10       ?ClassifyEntitySurfaces@@YAXPEAUentity_t@@@Z 000000014002eb10 f   surface.obj
 0001:0002db90       ?GetShaderIndexForPoint@@YAEPEAUindexMap_s@@QEAM11@Z 000000014002eb90 f   surface.obj
 0001:0002dc80       ?GetIndexedShader@@YAPEAUshaderInfo_s@@PEAU1@PEAUindexMap_s@@HPEAE@Z 000000014002ec80 f   surface.obj
 0001:0002dee0       ?DrawSurfaceForSide@@YAPEAUmapDrawSurface_s@@PEAUentity_t@@PEAUbrush_s@@PEAUside_s@@PEAUwinding_t@@PEAY02MPEAHH@Z 000000014002eee0 f   surface.obj
 0001:0002e9a0       ?DrawSurfaceForMesh@@YAPEAUmapDrawSurface_s@@PEAUentity_t@@PEAUparseMesh_s@@PEAUmesh_t@@@Z 000000014002f9a0 f   surface.obj
 0001:0002f510       ?DrawSurfaceForFlare@@YAPEAUmapDrawSurface_s@@HQEAM00PEADH@Z 0000000140030510 f   surface.obj
 0001:0002fa60       ?SubdivideFaceSurfaces@@YAXPEAUentity_t@@PEAUtree_t@@@Z 0000000140030a60 f   surface.obj
 0001:0002fdc0       ?ClipSideIntoTree_r@@YAXPEAUwinding_t@@PEAUside_s@@PEAUnode_s@@@Z 0000000140030dc0 f   surface.obj
 0001:0002fed0       ?SideInBrush@@YA?AW4qboolean@@PEAUside_s@@PEAUbrush_s@@@Z 0000000140030ed0 f   surface.obj
 0001:0002ffc0       ?CullSides@@YAXPEAUentity_t@@@Z 0000000140030fc0 f   surface.obj
 0001:00030420       ?ClipSidesIntoTree@@YAXPEAUentity_t@@PEAUtree_t@@W4qboolean@@@Z 0000000140031420 f   surface.obj
 0001:00030690       ?AddReferenceToLeaf@@YAHPEAUmapDrawSurface_s@@PEAUnode_s@@@Z 0000000140031690 f   surface.obj
 0001:00030740       ?AddReferenceToTree_r@@YAHPEAUmapDrawSurface_s@@PEAUnode_s@@W4qboolean@@@Z 0000000140031740 f   surface.obj
 0001:00030810       ?FilterPointIntoTree_r@@YAHQEAMPEAUmapDrawSurface_s@@PEAUnode_s@@@Z 0000000140031810 f   surface.obj
 0001:000308f0       ?FilterWindingIntoTree_r@@YAHPEAUwinding_t@@PEAUmapDrawSurface_s@@PEAUnode_s@@@Z 00000001400318f0 f   surface.obj
 0001:00031700       ?EmitDrawVerts@@YAXPEAUmapDrawSurface_s@@PEAUbspDrawSurface_t@@H@Z 0000000140032700 f   surface.obj
 0001:000318d0       ?FindDrawIndexes@@YAHHPEAH@Z 00000001400328d0 f   surface.obj
 0001:00031a30       ?EmitDrawIndexes@@YAXPEAUmapDrawSurface_s@@PEAUbspDrawSurface_t@@@Z 0000000140032a30 f   surface.obj
 0001:00031c60       ?EmitFlareSurface@@YAXPEAUmapDrawSurface_s@@@Z 0000000140032c60 f   surface.obj
 0001:00031d90       ?EmitPatchSurface@@YAXPEAUentity_t@@PEAUmapDrawSurface_s@@@Z 0000000140032d90 f   surface.obj
 0001:000330c0       ?MakeFogHullSurfs@@YAXPEAUentity_t@@PEAUtree_t@@PEAD@Z 00000001400340c0 f   surface.obj
 0001:000334a0       ?AddSurfaceModelsToTriangle_r@@YAHPEAUmapDrawSurface_s@@PEAUsurfaceModel_s@@PEAPEAUbspDrawVert_t@@@Z 00000001400344a0 f   surface.obj
 0001:00033b00       ?AddSurfaceModels@@YAHPEAUmapDrawSurface_s@@@Z 0000000140034b00 f   surface.obj
 0001:00034530       ?FixDrawsurfVertexAlpha@@YAXH@Z 0000000140035530 f   surface.obj
 0001:000350c0       ?FixVertexAlpha@@YAXPEAUentity_t@@W4qboolean@@@Z 00000001400360c0 f   surface.obj
 0001:00035340       ?ApplyVertexMods@@YAXPEAUentity_t@@W4qboolean@@@Z 0000000140036340 f   surface.obj
 0001:00035580       ?FilterDrawsurfsIntoTree@@YAXPEAUentity_t@@PEAUtree_t@@W4qboolean@@@Z 0000000140036580 f   surface.obj
 0001:00035b50       ?EmitDrawsurfsSimpleStats@@YAXXZ 0000000140036b50 f   surface.obj
 0001:00035cc0       ?SetSurfaceExtra@@YAXPEAUmapDrawSurface_s@@H@Z 0000000140036cc0 f   surface_extra.obj
 0001:00035e10       ?WriteSurfaceExtraFile@@YAXPEBD@Z 0000000140036e10 f   surface_extra.obj
 0001:00036310       ?LoadSurfaceExtraFile@@YAXPEBD@Z 0000000140037310 f   surface_extra.obj
 0001:00036d40       ?Foliage@@YAXPEAUmapDrawSurface_s@@@Z 0000000140037d40 f   surface_foliage.obj
 0001:00037380       ?Fur@@YAXPEAUmapDrawSurface_s@@@Z 0000000140038380 f   surface_fur.obj
 0001:00037720       ?FindMetaTriangle@@YAHPEAUmetaTriangle_s@@PEAUbspDrawVert_t@@11H@Z 0000000140038720 f   surface_meta.obj
 0001:00037e90       ?TriangulatePatchSurface@@YAXPEAUentity_t@@PEAUmapDrawSurface_s@@@Z 0000000140038e90 f   surface_meta.obj
 0001:000383b0       ?FanFaceSurface@@YAXPEAUmapDrawSurface_s@@@Z 00000001400393b0 f   surface_meta.obj
 0001:00038700       ?StripFaceSurface@@YAXPEAUmapDrawSurface_s@@W4qboolean@@@Z 0000000140039700 f   surface_meta.obj
 0001:00038a10       ?EmitMetaStats@@YAXXZ      0000000140039a10 f   surface_meta.obj
 0001:00038ac0       ?MakeEntityMetaTriangles@@YAXPEAUentity_t@@@Z 0000000140039ac0 f   surface_meta.obj
 0001:00038d10       ?MetaTriangleFindAreaWeight@@YAXH@Z 0000000140039d10 f   surface_meta.obj
 0001:00039270       ?SmoothMetaTriangles@@YAXXZ 000000014003a270 f   surface_meta.obj
 0001:00039da0       ?AddMetaVertToSurface@@YAHPEAUmapDrawSurface_s@@PEAUbspDrawVert_t@@PEAH@Z 000000014003ada0 f   surface_meta.obj
 0001:0003b230       ?GroupMetaTriangles@@YAXXZ 000000014003c230 f   surface_meta.obj
 0001:0003ba40       ?MergeMetaTrianglesThread@@YAXH@Z 000000014003ca40 f   surface_meta.obj
 0001:0003bb50       ?MergeMetaTriangles@@YAXXZ 000000014003cb50 f   surface_meta.obj
 0001:0003bdf0       ?InsertPointOnEdge@@YAXQEAMPEAUedgeLine_s@@@Z 000000014003cdf0 f   tjunction.obj
 0001:0003bf20       ?AddEdge@@YAHQEAM0W4qboolean@@@Z 000000014003cf20 f   tjunction.obj
 0001:0003c3e0       ?AddSurfaceEdges@@YAXPEAUmapDrawSurface_s@@@Z 000000014003d3e0 f   tjunction.obj
 0001:0003c470       ?ColinearEdge@@YA?AW4qboolean@@QEAM00@Z 000000014003d470 f   tjunction.obj
 0001:0003c590       ?AddPatchEdges@@YAXPEAUmapDrawSurface_s@@@Z 000000014003d590 f   tjunction.obj
 0001:0003c760       ?FixSurfaceJunctions@@YAXPEAUmapDrawSurface_s@@@Z 000000014003d760 f   tjunction.obj
 0001:0003cce0       ?FixBrokenSurface@@YA?AW4qboolean@@PEAUmapDrawSurface_s@@@Z 000000014003dce0 f   tjunction.obj
 0001:0003d0a0       ?EdgeCompare@@YAHPEBX0@Z   000000014003e0a0 f   tjunction.obj
 0001:0003d0b0       ?FixTJunctions@@YAXPEAUentity_t@@@Z 000000014003e0b0 f   tjunction.obj
 0001:0003d380       ?FreeTreePortals_r@@YAXPEAUnode_s@@@Z 000000014003e380 f   tree.obj
 0001:0003d510       ?FreeTree_r@@YAXPEAUnode_s@@@Z 000000014003e510 f   tree.obj
 0001:0003d570       ?FreeTree@@YAXPEAUtree_t@@@Z 000000014003e570 f   tree.obj
 0001:0003d5f0       ?EmitShader@@YAHPEBDPEAH1@Z 000000014003e5f0 f   writebsp.obj
 0001:0003d760       ?EmitPlanes@@YAXXZ         000000014003e760 f   writebsp.obj
 0001:0003d8b0       ?EmitLeaf@@YAXPEAUnode_s@@@Z 000000014003e8b0 f   writebsp.obj
 0001:0003da20       ?EmitDrawNode_r@@YAHPEAUnode_s@@@Z 000000014003ea20 f   writebsp.obj
 0001:0003db50       ?SetModelNumbers@@YAXXZ    000000014003eb50 f   writebsp.obj
 0001:0003dbf0       ?SetLightStyles@@YAXXZ     000000014003ebf0 f   writebsp.obj
 0001:0003df40       ?EndBSPFile@@YAXXZ         000000014003ef40 f   writebsp.obj
 0001:0003e040       ?EmitBrushes@@YAXPEAUbrush_s@@PEAH1@Z 000000014003f040 f   writebsp.obj
 0001:0003e340       ?EmitFogs@@YAXXZ           000000014003f340 f   writebsp.obj
 0001:0003e460       ?BeginModel@@YAXXZ         000000014003f460 f   writebsp.obj
 0001:0003e810       ?EndModel@@YAXPEAUentity_t@@PEAUnode_s@@@Z 000000014003f810 f   writebsp.obj
 0001:0003ee10       ?CreateEntityLights@@YAXXZ 000000014003fe10 f   light.obj
 0001:0003fd40       ?CreateSurfaceLights@@YAXXZ 0000000140040d40 f   light.obj
 0001:000400d0       ?SetEntityOrigins@@YAXXZ   00000001400410d0 f   light.obj
 0001:00040350       ?PointToPolygonFormFactor@@YAMQEBM0PEBUwinding_t@@@Z 0000000140041350 f   light.obj
 0001:00040610       ?LightContribution@@YAHPEAUtrace_t@@HW4qboolean@@@Z 0000000140041610 f   light.obj
 0001:00040db0       ?LightContributionAllStyles@@YAXPEAUtrace_t@@QEAEQEAY02MHW4qboolean@@@Z 0000000140041db0 f   light.obj
 0001:00040ff0       ?LightContributionSuper@@YAHPEAUtrace_t@@HW4qboolean@@HQEBM22QEAM@Z 0000000140041ff0 f   light.obj
 0001:000416c0       ?IlluminateGridPoint@@YAXPEAUtrace_t@@H@Z 00000001400426c0 f   light.obj
 0001:00042590       ?IlluminateGridBlock@@YAXH@Z 0000000140043590 f   light.obj
 0001:00042c20       ?FloodGridPoint@@YAXH@Z    0000000140043c20 f   light.obj
 0001:00042f60       ?IlluminateGrid@@YAXXZ     0000000140043f60 f   light.obj
 0001:000431d0       ?SetupGrid@@YAXXZ          00000001400441d0 f   light.obj
 0001:00043c60       ?SampleGrid@@YAXQEAM000@Z  0000000140044c60 f   light.obj
 0001:00044140       ?LightWorld@@YAXPEAD@Z     0000000140045140 f   light.obj
 0001:00045c20       ?LightMain@@YAHHPEAPEAD@Z  0000000140046c20 f   light.obj
 0001:00049270       ?RadFreeLights@@YAXXZ      000000014004a270 f   light_bounce.obj
 0001:00049730       ?RadSampleImage@@YA?AW4qboolean@@PEAEHHQEAM1@Z 000000014004a730 f   light_bounce.obj
 0001:0004a910       ?RadLightForTriangles@@YAXHHPEAUrawLightmap_s@@PEAUshaderInfo_s@@MMPEAUclipWork_t@@@Z 000000014004b910 f   light_bounce.obj
 0001:0004ab00       ?RadLightForPatch@@YAXHHPEAUrawLightmap_s@@PEAUshaderInfo_s@@MMPEAUclipWork_t@@@Z 000000014004bb00 f   light_bounce.obj
 0001:0004b070       ?RadLight@@YAXH@Z          000000014004c070 f   light_bounce.obj
 0001:0004b260       ?RadCreateDiffuseLights@@YAXXZ 000000014004c260 f   light_bounce.obj
 0001:0004bb50       ?ClipTraceWinding@@YAXPEAUtraceWinding_s@@QEAM00@Z 000000014004cb50 f   light_trace.obj
 0001:0004dcc0       ?SetupTraceNodes@@YAXXZ    000000014004ecc0 f   light_trace.obj
 0001:0004dee0       ?TraceTriangle@@YA?AW4qboolean@@PEAUtraceInfo_s@@PEAUtraceTriangle_s@@PEAUtrace_t@@@Z 000000014004eee0 f   light_trace.obj
 0001:0004ea00       ?TraceLine@@YAXPEAUtrace_t@@@Z 000000014004fa00 f   light_trace.obj
 0001:0004ebf0       ?SetupTrace@@YAMPEAUtrace_t@@@Z 000000014004fbf0 f   light_trace.obj
 0001:0004ec70       ?ColorToBytesLinear@@YAXPEBMPEAEMW4qboolean@@@Z 000000014004fc70 f   light_ydnar.obj
 0001:0004ef10       ?ColorToBytesGamma@@YAXPEBMPEAEMW4qboolean@@@Z 000000014004ff10 f   light_ydnar.obj
 0001:0004f250       ?ColorToBytesLinearExposure@@YAXPEBMPEAEMW4qboolean@@@Z 0000000140050250 f   light_ydnar.obj
 0001:0004f520       ?ColorToBytesGammaExposure@@YAXPEBMPEAEMW4qboolean@@@Z 0000000140050520 f   light_ydnar.obj
 0001:0004f8a0       ?ColorToBytesLinearCompensate@@YAXPEBMPEAEMW4qboolean@@@Z 00000001400508a0 f   light_ydnar.obj
 0001:0004fb50       ?ColorToBytesGammaCompensate@@YAXPEBMPEAEMW4qboolean@@@Z 0000000140050b50 f   light_ydnar.obj
 0001:0004fea0       ?ColorToBytesLinearExposureCompensate@@YAXPEBMPEAEMW4qboolean@@@Z 0000000140050ea0 f   light_ydnar.obj
 0001:000501a0       ?ColorToBytesGammaExposureCompensate@@YAXPEBMPEAEMW4qboolean@@@Z 00000001400511a0 f   light_ydnar.obj
 0001:00050530       ?SmoothNormals@@YAXXZ      0000000140051530 f   light_ydnar.obj
 0001:00052d70       ?MapRawLightmap@@YAXH@Z    0000000140053d70 f   light_ydnar.obj
 0001:00053b20       ?DirtModeName@@YAPEADPEAW4dirtMode_t@@@Z 0000000140054b20 f   light_ydnar.obj
 0001:00053b90       ?EnableDirtForEntity@@YAXH@Z 0000000140054b90 f   light_ydnar.obj
 0001:00053c30       ?SetupDirtForEntity@@YAXH@Z 0000000140054c30 f   light_ydnar.obj
 0001:00054430       ?SetupDirt@@YAXXZ          0000000140055430 f   light_ydnar.obj
 0001:00054750       ?DirtForSample@@YAMPEAUtrace_t@@@Z 0000000140055750 f   light_ydnar.obj
 0001:00055160       ?DirtyRawLightmap@@YAXH@Z  0000000140056160 f   light_ydnar.obj
 0001:000556c0       ?ApplyDirt@@YAXPEAM000HMM@Z 00000001400566c0 f   light_ydnar.obj
 0001:000561f0       ?IlluminateRawLightmap@@YAXH@Z 00000001400571f0 f   light_ydnar.obj
 0001:00057e50       ?FilterRawLightmap@@YAXH@Z 0000000140058e50 f   light_ydnar.obj
 0001:000586d0       ?WriteRawLightmapsFile@@YAXPEBD@Z 00000001400596d0 f   light_ydnar.obj
 0001:00059350       ?IlluminateVertexes@@YAXH@Z 000000014005a350 f   light_ydnar.obj
 0001:0005a670       ?SetupBrushes@@YAXXZ       000000014005b670 f   light_ydnar.obj
 0001:0005a840       ?ClusterVisible@@YA?AW4qboolean@@HH@Z 000000014005b840 f   light_ydnar.obj
 0001:0005a8d0       ?PointInLeafNum_r@@YAHQEAMH@Z 000000014005b8d0 f   light_ydnar.obj
 0001:0005a9e0       ?ClusterForPointExt@@YAHQEAMM@Z 000000014005b9e0 f   light_ydnar.obj
 0001:0005ad10       ?ClusterForPointExtFilter@@YAHQEAMMHPEAH@Z 000000014005bd10 f   light_ydnar.obj
 0001:0005ad80       ?SetupEnvelopes@@YAXW4qboolean@@0@Z 000000014005bd80 f   light_ydnar.obj
 0001:0005b7f0       ?CreateTraceLightsForBounds@@YAXW4qboolean@@QEAM11HPEAHHPEAUtrace_t@@@Z 000000014005c7f0 f   light_ydnar.obj
 0001:0005bb80       ?CreateTraceLightsForSurface@@YAXHPEAUtrace_t@@@Z 000000014005cb80 f   light_ydnar.obj
 0001:0005bca0       ?SetupFloodLight@@YAXXZ    000000014005cca0 f   light_ydnar.obj
 0001:0005bfc0       ?WriteTGA24@@YAXPEADPEAEHHW4qboolean@@@Z 000000014005cfc0 f   lightmaps_ydnar.obj
 0001:0005c140       ?ExportLightmaps@@YAXXZ    000000014005d140 f   lightmaps_ydnar.obj
 0001:0005c2e0       ?ExportLightmapsMain@@YAHHPEAPEAD@Z 000000014005d2e0 f   lightmaps_ydnar.obj
 0001:0005c420       ?ImportLightmapsMain@@YAHHPEAPEAD@Z 000000014005d420 f   lightmaps_ydnar.obj
 0001:0005c970       ?FinishRawLightmap@@YAXH@Z 000000014005d970 f   lightmaps_ydnar.obj
 0001:0005d060       ?AddPatchToRawLightmap@@YA?AW4qboolean@@HPEAUrawLightmap_s@@@Z 000000014005e060 f   lightmaps_ydnar.obj
 0001:0005d610       ?AddSurfaceToRawLightmap@@YA?AW4qboolean@@HPEAUrawLightmap_s@@@Z 000000014005e610 f   lightmaps_ydnar.obj
 0001:0005e320       ?SetupSurfaceLightmaps@@YAXXZ 000000014005f320 f   lightmaps_ydnar.obj
 0001:0005f260       ?AllocateSurfaceLightmaps@@YAXXZ 0000000140060260 f   lightmaps_ydnar.obj
 0001:0005f460       ?AddStitchLuxels@@YAXHHHHPEAH0H@Z 0000000140060460 f   lightmaps_ydnar.obj
 0001:0005f6b0       ?StitchRawLightmap@@YAXH@Z 00000001400606b0 f   lightmaps_ydnar.obj
 0001:000600a0       ?StitchLuxelsCompare@@YAHPEBX0@Z 00000001400610a0 f   lightmaps_ydnar.obj
 0001:000600f0       ?StitchRawLightmaps@@YAXXZ 00000001400610f0 f   lightmaps_ydnar.obj
 0001:00062500       ?SubsamplePixelForFloodLightmapBorders_r@@YAHPEAUoutLightmap_s@@HHHQEAM1@Z 0000000140063500 f   lightmaps_ydnar.obj
 0001:00063080       ?FloodLightmapBorders@@YAXPEAUoutLightmap_s@@@Z 0000000140064080 f   lightmaps_ydnar.obj
 0001:00063450       ?StoreSurfaceLightmaps@@YAXXZ 0000000140064450 f   lightmaps_ydnar.obj
 0001:00065f70       ?PlaneFromWinding@@YAXPEAUfixedWinding_t@@PEAUvisPlane_t@@@Z 0000000140066f70 f   vis.obj
 0001:00066080       ?NewFixedWinding@@YAPEAUfixedWinding_t@@H@Z 0000000140067080 f   vis.obj
 0001:000660f0       ?PComp@@YAHPEBX0@Z         00000001400670f0 f   vis.obj
 0001:00066120       ?LeafVectorFromPortalVector@@YAHPEAE0@Z 0000000140067120 f   vis.obj
 0001:00066280       ?ClusterMerge@@YAXH@Z      0000000140067280 f   vis.obj
 0001:00066480       ?CalcPortalVis@@YAXXZ      0000000140067480 f   vis.obj
 0001:00066510       ?CalcPassageVis@@YAXXZ     0000000140067510 f   vis.obj
 0001:00066640       ?CalcPassagePortalVis@@YAXXZ 0000000140067640 f   vis.obj
 0001:00066770       ?CalcVis@@YAXXZ            0000000140067770 f   vis.obj
 0001:00066a50       ?SetPortalSphere@@YAXPEAUvportal_t@@@Z 0000000140067a50 f   vis.obj
 0001:00066bb0       ?TryMergeLeaves@@YAHHH@Z   0000000140067bb0 f   vis.obj
 0001:00066f10       ?MergeLeaves@@YAXXZ        0000000140067f10 f   vis.obj
 0001:00067070       ?TryMergeWinding@@YAPEAUfixedWinding_t@@PEAU1@0QEAM@Z 0000000140068070 f   vis.obj
 0001:000675a0       ?MergeLeafPortals@@YAXXZ   00000001400685a0 f   vis.obj
 0001:000677b0       ?LoadPortals@@YAXPEAD@Z    00000001400687b0 f   vis.obj
 0001:00067fe0       ?VisMain@@YAHHPEAPEAD@Z    0000000140068fe0 f   vis.obj
 0001:00068530       ?FreeStackWinding@@YAXPEAUfixedWinding_t@@PEAUpstack_s@@@Z 0000000140069530 f   visflow.obj
 0001:00068590       ?VisChopWinding@@YAPEAUfixedWinding_t@@PEAU1@PEAUpstack_s@@PEAUvisPlane_t@@@Z 0000000140069590 f   visflow.obj
 0001:00068a40       ?ClipToSeperators@@YAPEAUfixedWinding_t@@PEAU1@00W4qboolean@@PEAUpstack_s@@@Z 0000000140069a40 f   visflow.obj
 0001:00069090       ?RecursiveLeafFlow@@YAXHPEAUthreaddata_t@@PEAUpstack_s@@@Z 000000014006a090 f   visflow.obj
 0001:00069750       ?PortalFlow@@YAXH@Z        000000014006a750 f   visflow.obj
 0001:00069910       ?RecursivePassageFlow@@YAXPEAUvportal_t@@PEAUthreaddata_t@@PEAUpstack_s@@@Z 000000014006a910 f   visflow.obj
 0001:00069b90       ?PassageFlow@@YAXH@Z       000000014006ab90 f   visflow.obj
 0001:00069c60       ?RecursivePassagePortalFlow@@YAXPEAUvportal_t@@PEAUthreaddata_t@@PEAUpstack_s@@@Z 000000014006ac60 f   visflow.obj
 0001:0006a320       ?PassagePortalFlow@@YAXH@Z 000000014006b320 f   visflow.obj
 0001:0006a3f0       ?PassageChopWinding@@YAPEAUfixedWinding_t@@PEAU1@0PEAUvisPlane_t@@@Z 000000014006b3f0 f   visflow.obj
 0001:0006a730       ?AddSeperators@@YAHPEAUfixedWinding_t@@0W4qboolean@@PEAUvisPlane_t@@H@Z 000000014006b730 f   visflow.obj
 0001:0006ad20       ?CreatePassages@@YAXH@Z    000000014006bd20 f   visflow.obj
 0001:0006b330       ?PassageMemory@@YAXXZ      000000014006c330 f   visflow.obj
 0001:0006b3f0       ?SimpleFlood@@YAXPEAUvportal_t@@H@Z 000000014006c3f0 f   visflow.obj
 0001:0006b4f0       ?BasePortalVis@@YAXH@Z     000000014006c4f0 f   visflow.obj
 0001:0006d070       ?ConvertBSPToASE@@YAHPEADH@Z 000000014006e070 f   convert_ase.obj
 0001:0006dd00       ?ConvertBSPToMap@@YAHPEADH@Z 000000014006ed00 f   convert_map.obj
 0001:0006e140       ?safe_malloc_f@@YAPEAX_K@Z 000000014006f140 f   cmdlib.obj
 0001:0006e180       ?safe_malloc_log@@YAPEAX_KPEBDH@Z 000000014006f180 f   cmdlib.obj
 0001:0006e2d0       ?safe_malloc_logend@@YAXXZ 000000014006f2d0 f   cmdlib.obj
 0001:0006e370       ?ExpandArg@@YAPEADPEBD@Z   000000014006f370 f   cmdlib.obj
 0001:0006e400       ?ExpandPath@@YAPEADPEBD@Z  000000014006f400 f   cmdlib.obj
 0001:0006e470       ?Q_getwd@@YAXPEAD@Z        000000014006f470 f   cmdlib.obj
 0001:0006e4d0       ?LoadFile@@YAHPEBDPEAPEAX@Z 000000014006f4d0 f   cmdlib.obj
 0001:0006e5c0       ?DefaultExtension@@YAXPEADPEBD@Z 000000014006f5c0 f   cmdlib.obj
 0001:0006e630       ?LBMRLEDecompress@@YAPEAEPEAE0H@Z 000000014006f630 f   imagelib.obj
 0001:0006e700       ?LoadLBM@@YAXPEBDPEAPEAE1@Z 000000014006f700 f   imagelib.obj
 0001:0006eaf0       ?LoadPCX@@YAXPEBDPEAPEAE1PEAH2@Z 000000014006faf0 f   imagelib.obj
 0001:0006ed90       ?LoadBMP@@YAXPEBDPEAPEAE1PEAH2@Z 000000014006fd90 f   imagelib.obj
 0001:0006f3b0       ?Load256Image@@YAXPEBDPEAPEAE1PEAH2@Z 00000001400703b0 f   imagelib.obj
 0001:0006f5c0       ?TargaError@@YAXPEAU_TargaHeader@@PEBD@Z 00000001400705c0 f   imagelib.obj
 0001:0006f670       ?LoadTGABuffer@@YAXPEBE0PEAPEAEPEAH2@Z 0000000140070670 f   imagelib.obj
 0001:0006fd40       ?LoadTGA@@YAXPEBDPEAPEAEPEAH2@Z 0000000140070d40 f   imagelib.obj
 0001:0006fdd0       ?WriteTGA@@YAXPEBDPEAEHH@Z 0000000140070dd0 f   imagelib.obj
 0001:0006fee0       ?Load32BitImage@@YAXPEBDPEAPEAIPEAH2@Z 0000000140070ee0 f   imagelib.obj
 0001:00070090       ?xml_SendNode@@YAXPEAU_xmlNode@@@Z 0000000140071090 f   inout.obj
 0001:000701b0       ?xml_Select@@YAXPEADHHW4qboolean@@@Z 00000001400711b0 f   inout.obj
 0001:00070390       ?xml_Point@@YAXPEADQEAMW4qboolean@@@Z 0000000140071390 f   inout.obj
 0001:00070510       ?xml_Winding@@YAXPEADQEAY02MHW4qboolean@@@Z 0000000140071510 f   inout.obj
 0001:000706c0       ?Broadcast_Setup@@YAXPEBD@Z 00000001400716c0 f   inout.obj
 0001:00070740       ?Broadcast_Shutdown@@YAXXZ 0000000140071740 f   inout.obj
 0001:00070780       ?Sys_FPrintf@@YAXHPEBDZZ   0000000140071780 f   inout.obj
 0001:00070910       ?Sys_Printf@@YAXPEBDZZ     0000000140071910 f   inout.obj
 0001:00070a60       ?Sys_Warning@@YAXHPEBDZZ   0000000140071a60 f   inout.obj
 0001:00070bb0       ?Sys_Warning@@YAXHHPEBDZZ  0000000140071bb0 f   inout.obj
 0001:00070c10       ?Sys_Warning@@YAXQEAY02MHPEBDZZ 0000000140071c10 f   inout.obj
 0001:00070c70       ?Sys_Warning@@YAXPEAUwinding_t@@PEBDZZ 0000000140071c70 f   inout.obj
 0001:00070cc0       ?Sys_Warning@@YAXQEAMPEBDZZ 0000000140071cc0 f   inout.obj
 0001:00070d30       ?Sys_Warning@@YAXPEBDZZ    0000000140071d30 f   inout.obj
 0001:00070e60       ?Sys_Error@@YAXHHPEBDZZ    0000000140071e60 f   inout.obj
 0001:00070ec0       ?Sys_Error@@YAXQEAY02MHPEBDZZ 0000000140071ec0 f   inout.obj
 0001:00070f20       ?Sys_Error@@YAXPEBDZZ      0000000140071f20 f   inout.obj
 0001:00071040       ?Error@@YAXPEBDZZ          0000000140072040 f   inout.obj
 0001:00071190       ?MD4Update@@YAXPEAUMD4_CTX_s@@PEAEI@Z 0000000140072190 f   md4.obj
 0001:00071260       ?MD4Final@@YAXQEAEPEAUMD4_CTX_s@@@Z 0000000140072260 f   md4.obj
 0001:00071910       ?AllocWinding@@YAPEAUwinding_t@@H@Z 0000000140072910 f   polylib.obj
 0001:000719b0       ?FreeWinding@@YAXPEAUwinding_t@@@Z 00000001400729b0 f   polylib.obj
 0001:000719f0       ?WindingArea@@YAMPEAUwinding_t@@@Z 00000001400729f0 f   polylib.obj
 0001:00071b50       ?BaseWindingForPlane@@YAPEAUwinding_t@@QEAMM@Z 0000000140072b50 f   polylib.obj
 0001:00071f40       ?ReverseWinding@@YAPEAUwinding_t@@PEAU1@@Z 0000000140072f40 f   polylib.obj
 0001:00072050       ?ClipWindingEpsilon@@YAXPEAUwinding_t@@QEAMMMPEAPEAU1@2@Z 0000000140073050 f   polylib.obj
 0001:00072550       ?ChopWindingInPlace@@YAXPEAPEAUwinding_t@@QEAMMM@Z 0000000140073550 f   polylib.obj
 0001:00072990       ?WindingOnPlaneSide@@YAHPEAUwinding_t@@QEAMM@Z 0000000140073990 f   polylib.obj
 0001:00072ab0       ?AddWindingToConvexHull@@YAXPEAUwinding_t@@PEAPEAU1@QEAM@Z 0000000140073ab0 f   polylib.obj
 0001:00073100       ?BaseDWindingForPlane@@YAPEAUdwinding_t@@QEAMMM@Z 0000000140074100 f   polylib.obj
 0001:00073480       ?WindingFromDWinding@@YAPEAUwinding_t@@PEAUdwinding_t@@@Z 0000000140074480 f   polylib.obj
 0001:000735b0       ?ChopDWindingInPlace@@YAXPEAPEAUdwinding_t@@QEAMMM@Z 00000001400745b0 f   polylib.obj
 0001:000739e0       ?FixDWinding@@YA?AW4qboolean@@PEAUdwinding_t@@@Z 00000001400749e0 f   polylib.obj
 0001:00073b50       ?AddScriptToStack@@YAXPEBDH@Z 0000000140074b50 f   scriplib.obj
 0001:00073c50       ?EndOfScript@@YA?AW4qboolean@@W41@@Z 0000000140074c50 f   scriplib.obj
 0001:00073d40       ?GetToken@@YA?AW4qboolean@@W41@@Z 0000000140074d40 f   scriplib.obj
 0001:00074070       ?TokenAvailable@@YA?AW4qboolean@@XZ 0000000140075070 f   scriplib.obj
 0001:000740b0       ?MatchToken@@YAXPEAD@Z     00000001400750b0 f   scriplib.obj
 0001:00074110       ?Parse1DMatrix@@YAXHPEAM@Z 0000000140075110 f   scriplib.obj
 0001:00074200       ?Parse2DMatrix@@YAXHHPEAM@Z 0000000140075200 f   scriplib.obj
 0001:000742d0       ?GetThreadWork@@YAHXZ      00000001400752d0 f   threads.obj
 0001:00074410       ?RunThreadsOnIndividualThread@@YAXH@Z 0000000140075410 f   threads.obj
 0001:00074440       ?RunThreadsOnIndividual@@YAXHW4qboolean@@P6AXH@Z@Z 0000000140075440 f   threads.obj
 0001:000744e0       ?RunThreadsOn@@YAXHW4qboolean@@P6AXH@Z@Z 00000001400754e0 f   threads.obj
 0001:00074580       ?RunSameThreadOn@@YAXHW4qboolean@@P6AXH@Z@Z 0000000140075580 f   threads.obj
 0001:00074690       ?RunSameThreadOnIndividual@@YAXHW4qboolean@@P6AXH@Z@Z 0000000140075690 f   threads.obj
 0001:000747c0       ?_RunThreadsOn@@YAXHW4qboolean@@P6AXH@Z@Z 00000001400757c0 f   threads.obj
 0001:00074940       ?_ThreadMutexLock@@YAXPEAUThreadMutex_s@@PEADH@Z 0000000140075940 f   threads.obj
 0001:00074b40       ?unzOpen@@YAPEAXPEBD@Z     0000000140075b40 f   unzip.obj
 0001:000750f0       ?unzGoToFirstFile@@YAHPEAX@Z 00000001400760f0 f   unzip.obj
 0001:00075150       ?unzGoToNextFile@@YAHPEAX@Z 0000000140076150 f   unzip.obj
 0001:000753d0       ?unzOpenCurrentFile@@YAHPEAX@Z 00000001400763d0 f   unzip.obj
 0001:00075550       ?unzReadCurrentFile@@YAHPEAX0I@Z 0000000140076550 f   unzip.obj
 0001:00075780       ?unzCloseCurrentFile@@YAHPEAX@Z 0000000140076780 f   unzip.obj
 0001:00075830       ?crc32@@YAKKPEBEI@Z        0000000140076830 f   unzip.obj
 0001:00075980       ?inflate_blocks_reset@@YAXPEAUinflate_blocks_state@@PEAUz_stream_s@@PEAK@Z 0000000140076980 f   unzip.obj
 0001:00075a00       ?inflate_blocks_new@@YAPEAUinflate_blocks_state@@PEAUz_stream_s@@P6AKKPEBEI@ZI@Z 0000000140076a00 f   unzip.obj
 0001:00075ae0       ?inflate_blocks@@YAHPEAUinflate_blocks_state@@PEAUz_stream_s@@H@Z 0000000140076ae0 f   unzip.obj
 0001:000766c0       ?inflate_blocks_free@@YAHPEAUinflate_blocks_state@@PEAUz_stream_s@@@Z 00000001400776c0 f   unzip.obj
 0001:00076760       ?inflate_flush@@YAHPEAUinflate_blocks_state@@PEAUz_stream_s@@H@Z 0000000140077760 f   unzip.obj
 0001:00076d80       ?inflate_trees_bits@@YAHPEAI0PEAPEAUinflate_huft_s@@PEAU1@PEAUz_stream_s@@@Z 0000000140077d80 f   unzip.obj
 0001:00076e60       ?inflate_fast@@YAHIIPEAUinflate_huft_s@@0PEAUinflate_blocks_state@@PEAUz_stream_s@@@Z 0000000140077e60 f   unzip.obj
 0001:000771f0       ?inflate_codes_new@@YAPEAUinflate_codes_state@@IIPEAUinflate_huft_s@@0PEAUz_stream_s@@@Z 00000001400781f0 f   unzip.obj
 0001:00077260       ?inflate_codes@@YAHPEAUinflate_blocks_state@@PEAUz_stream_s@@H@Z 0000000140078260 f   unzip.obj
 0001:00077860       ?adler32@@YAKKPEBEI@Z      0000000140078860 f   unzip.obj
 0001:000779d0       ?inflateReset@@YAHPEAUz_stream_s@@@Z 00000001400789d0 f   unzip.obj
 0001:00077a90       ?inflateEnd@@YAHPEAUz_stream_s@@@Z 0000000140078a90 f   unzip.obj
 0001:00077af0       ?inflateInit2_@@YAHPEAUz_stream_s@@HPEBDH@Z 0000000140078af0 f   unzip.obj
 0001:00077be0       ?inflate@@YAHPEAUz_stream_s@@H@Z 0000000140078be0 f   unzip.obj
 0001:00078060       ?zcalloc@@YAPEAEPEAEII@Z   0000000140079060 f   unzip.obj
 0001:00078080       ?zcfree@@YAXPEAE0@Z        0000000140079080 f   unzip.obj
 0001:00078220       ?vfsInitDirectory@@YAXPEBD@Z 0000000140079220 f   vfs.obj
 0001:000783f0       ?vfsGetFileCount@@YAHPEBD@Z 00000001400793f0 f   vfs.obj
 0001:00078570       ?vfsLoadFile@@YAHPEBDPEAPEAXH@Z 0000000140079570 f   vfs.obj
 0001:000788c0       WinPrint                   00000001400798c0 f   l_net:l_net.obj
 0001:000788d0       Net_Send                   00000001400798d0 f   l_net:l_net.obj
 0001:00078920       Net_AllocSocket            0000000140079920 f   l_net:l_net.obj
 0001:00078950       Net_FreeSocket             0000000140079950 f   l_net:l_net.obj
 0001:00078960       Net_Connect                0000000140079960 f   l_net:l_net.obj
 0001:00078a10       Net_Disconnect             0000000140079a10 f   l_net:l_net.obj
 0001:00078a40       Net_StringToAddress        0000000140079a40 f   l_net:l_net.obj
 0001:00078a60       Net_Setup                  0000000140079a60 f   l_net:l_net.obj
 0001:00078a90       NMSG_Clear                 0000000140079a90 f   l_net:l_net.obj
 0001:00078aa0       NMSG_WriteLong             0000000140079aa0 f   l_net:l_net.obj
 0001:00078b10       NMSG_WriteString           0000000140079b10 f   l_net:l_net.obj
 0001:00078ba0       WINS_ErrorMessage          0000000140079ba0 f   l_net:l_net_wins.obj
 0001:00078c00       WINS_Init                  0000000140079c00 f   l_net:l_net_wins.obj
 0001:00078d70       WINS_MyAddress             0000000140079d70 f   l_net:l_net_wins.obj
 0001:00078d80       WINS_OpenSocket            0000000140079d80 f   l_net:l_net_wins.obj
 0001:00078e70       WINS_OpenReliableSocket    0000000140079e70 f   l_net:l_net_wins.obj
 0001:00078f90       WINS_CloseSocket           0000000140079f90 f   l_net:l_net_wins.obj
 0001:00078fd0       WINS_Connect               0000000140079fd0 f   l_net:l_net_wins.obj
 0001:00079040       WINS_Write                 000000014007a040 f   l_net:l_net_wins.obj
 0001:000790f0       WINS_AddrToString          000000014007a0f0 f   l_net:l_net_wins.obj
 0001:00079170       WINS_StringToAddr          000000014007a170 f   l_net:l_net_wins.obj
 0001:000791f0       WINS_GetSocketAddr         000000014007a1f0 f   l_net:l_net_wins.obj
 0001:00079250       ?MakeNormalVectors@@YAXQEAM00@Z 000000014007a250 f   mathlib:mathlib.obj
 0001:00079310       ?VectorCompare@@YA?AW4qboolean@@QEBM0@Z 000000014007a310 f   mathlib:mathlib.obj
 0001:00079360       ?VectorCompareExt@@YA?AW4qboolean@@QEBM0M@Z 000000014007a360 f   mathlib:mathlib.obj
 0001:000793a0       ?VectorLength@@YAMQEBM@Z   000000014007a3a0 f   mathlib:mathlib.obj
 0001:000793d0       ?VectorMA@@YAXQEBMM0QEAM@Z 000000014007a3d0 f   mathlib:mathlib.obj
 0001:00079410       ?VectorNormalize@@YAMQEBMQEAM@Z 000000014007a410 f   mathlib:mathlib.obj
 0001:000794c0       ?ColorNormalize@@YAMQEBMQEAM@Z 000000014007a4c0 f   mathlib:mathlib.obj
 0001:00079530       ?SnapWeldVector@@YAXQEAM00@Z 000000014007a530 f   mathlib:mathlib.obj
 0001:00079680       ?ClearBounds@@YAXQEAM0@Z   000000014007a680 f   mathlib:mathlib.obj
 0001:000796b0       ?AddPointToBounds@@YAXQEAM00@Z 000000014007a6b0 f   mathlib:mathlib.obj
 0001:00079750       ?PlaneFromPoints@@YA?AW4qboolean@@QEAMQEBM11@Z 000000014007a750 f   mathlib:mathlib.obj
 0001:00079850       ?NormalToLatLong@@YAXQEBMQEAE@Z 000000014007a850 f   mathlib:mathlib.obj
 0001:00079910       ?PlaneTypeForNormal@@YAHQEAM@Z 000000014007a910 f   mathlib:mathlib.obj
 0001:00079970       ?DVectorMA@@YAXQEBNN0QEAN@Z 000000014007a970 f   mathlib:mathlib.obj
 0001:000799b0       ?DVectorNormalize@@YANQEAN0@Z 000000014007a9b0 f   mathlib:mathlib.obj
 0001:00079a30       ?DVectorLength@@YANQEBN@Z  000000014007aa30 f   mathlib:mathlib.obj
 0001:00079a60       ?SnapWeldDVector@@YAXQEAN00@Z 000000014007aa60 f   mathlib:mathlib.obj
 0001:00079bf0       ?m4x4_identity@@YAXQEAM@Z  000000014007abf0 f   mathlib:m4x4.obj
 0001:00079c40       ?m4x4_assign@@YAXQEAMQEBM@Z 000000014007ac40 f   mathlib:m4x4.obj
 0001:00079ca0       ?m4x4_translation_for_vec3@@YAXQEAMQEBM@Z 000000014007aca0 f   mathlib:m4x4.obj
 0001:00079cf0       ?m4x4_rotation_for_vec3@@YAXQEAMQEBMW4eulerOrder_t@@@Z 000000014007acf0 f   mathlib:m4x4.obj
 0001:00079ec0       ?m4x4_scale_for_vec3@@YAXQEAMQEBM@Z 000000014007aec0 f   mathlib:m4x4.obj
 0001:00079f00       ?m4x4_translate_by_vec3@@YAXQEAMQEBM@Z 000000014007af00 f   mathlib:m4x4.obj
 0001:00079f30       ?m4x4_rotate_by_vec3@@YAXQEAMQEBMW4eulerOrder_t@@@Z 000000014007af30 f   mathlib:m4x4.obj
 0001:00079f60       ?m4x4_scale_by_vec3@@YAXQEAMQEBM@Z 000000014007af60 f   mathlib:m4x4.obj
 0001:00079f90       ?m4x4_pivoted_transform_by_vec3@@YAXQEAMQEBM1W4eulerOrder_t@@11@Z 000000014007af90 f   mathlib:m4x4.obj
 0001:0007a040       ?m4x4_multiply_by_m4x4@@YAXQEAMQEBM@Z 000000014007b040 f   mathlib:m4x4.obj
 0001:0007a440       ?m4x4_transform_point@@YAXQEBMQEAM@Z 000000014007b440 f   mathlib:m4x4.obj
 0001:0007a4e0       ?m4x4_transform_normal@@YAXQEBMQEAM@Z 000000014007b4e0 f   mathlib:m4x4.obj
 0001:0007a570       ?m4x4_transpose@@YAXQEAM@Z 000000014007b570 f   mathlib:m4x4.obj
 0001:0007a670       ?m3_det@@YAMQEAM@Z         000000014007b670 f   mathlib:m4x4.obj
 0001:0007a700       ?m4_submat@@YAXQEAM0HH@Z   000000014007b700 f   mathlib:m4x4.obj
 0001:0007a850       ?m4_det@@YAMQEAM@Z         000000014007b850 f   mathlib:m4x4.obj
 0001:0007a8e0       ?m4x4_invert@@YAHQEAM@Z    000000014007b8e0 f   mathlib:m4x4.obj
 0001:0007a9a8       g_free                     000000014007b9a8 f   glib-2.0:libglib-2.0-0.dll
 0001:0007a9ae       g_locale_to_utf8           000000014007b9ae f   glib-2.0:libglib-2.0-0.dll
 0001:0007a9b4       g_strdup                   000000014007b9b4 f   glib-2.0:libglib-2.0-0.dll
 0001:0007a9ba       g_strdown                  000000014007b9ba f   glib-2.0:libglib-2.0-0.dll
 0001:0007a9c0       g_dir_read_name_utf8       000000014007b9c0 f   glib-2.0:libglib-2.0-0.dll
 0001:0007a9c6       g_dir_open_utf8            000000014007b9c6 f   glib-2.0:libglib-2.0-0.dll
 0001:0007a9cc       g_dir_close                000000014007b9cc f   glib-2.0:libglib-2.0-0.dll
 0001:0007a9d2       g_slist_append             000000014007b9d2 f   glib-2.0:libglib-2.0-0.dll
 0001:0007a9d8       xmlNodeSetContent          000000014007b9d8 f   libxml2:libxml2-2.dll
 0001:0007a9de       xmlNewNode                 000000014007b9de f   libxml2:libxml2-2.dll
 0001:0007a9e4       xmlAddChild                000000014007b9e4 f   libxml2:libxml2-2.dll
 0001:0007a9ea       xmlSetProp                 000000014007b9ea f   libxml2:libxml2-2.dll
 0001:0007a9f0       xmlBufferFree              000000014007b9f0 f   libxml2:libxml2-2.dll
 0001:0007a9f6       xmlNodeDump                000000014007b9f6 f   libxml2:libxml2-2.dll
 0001:0007a9fc       xmlBufferCreate            000000014007b9fc f   libxml2:libxml2-2.dll
 0001:0007aa02       xmlNewDoc                  000000014007ba02 f   libxml2:libxml2-2.dll
 0001:0007aa08       xmlNewDocRawNode           000000014007ba08 f   libxml2:libxml2-2.dll
 0001:0007aa0e       png_get_IHDR               000000014007ba0e f   libpng:libpng14-14.dll
 0001:0007aa14       png_read_image             000000014007ba14 f   libpng:libpng14-14.dll
 0001:0007aa1a       png_write_info             000000014007ba1a f   libpng:libpng14-14.dll
 0001:0007aa20       png_destroy_write_struct   000000014007ba20 f   libpng:libpng14-14.dll
 0001:0007aa26       png_set_expand             000000014007ba26 f   libpng:libpng14-14.dll
 0001:0007aa2c       png_set_write_fn           000000014007ba2c f   libpng:libpng14-14.dll
 0001:0007aa32       png_read_info              000000014007ba32 f   libpng:libpng14-14.dll
 0001:0007aa38       png_set_iCCP               000000014007ba38 f   libpng:libpng14-14.dll
 0001:0007aa3e       png_set_strip_16           000000014007ba3e f   libpng:libpng14-14.dll
 0001:0007aa44       png_set_packing            000000014007ba44 f   libpng:libpng14-14.dll
 0001:0007aa4a       png_sig_cmp                000000014007ba4a f   libpng:libpng14-14.dll
 0001:0007aa50       png_create_read_struct     000000014007ba50 f   libpng:libpng14-14.dll
 0001:0007aa56       png_write_end              000000014007ba56 f   libpng:libpng14-14.dll
 0001:0007aa5c       png_get_io_ptr             000000014007ba5c f   libpng:libpng14-14.dll
 0001:0007aa62       png_create_info_struct     000000014007ba62 f   libpng:libpng14-14.dll
 0001:0007aa68       png_set_read_fn            000000014007ba68 f   libpng:libpng14-14.dll
 0001:0007aa6e       png_write_row              000000014007ba6e f   libpng:libpng14-14.dll
 0001:0007aa74       png_get_valid              000000014007ba74 f   libpng:libpng14-14.dll
 0001:0007aa7a       png_set_sRGB               000000014007ba7a f   libpng:libpng14-14.dll
 0001:0007aa80       png_create_write_struct    000000014007ba80 f   libpng:libpng14-14.dll
 0001:0007aa86       png_set_filler             000000014007ba86 f   libpng:libpng14-14.dll
 0001:0007aa8c       png_set_filter             000000014007ba8c f   libpng:libpng14-14.dll
 0001:0007aa92       png_set_IHDR               000000014007ba92 f   libpng:libpng14-14.dll
 0001:0007aa98       png_set_interlace_handling 000000014007ba98 f   libpng:libpng14-14.dll
 0001:0007aa9e       png_get_channels           000000014007ba9e f   libpng:libpng14-14.dll
 0001:0007aaa4       png_set_compression_level  000000014007baa4 f   libpng:libpng14-14.dll
 0001:0007aaaa       png_destroy_read_struct    000000014007baaa f   libpng:libpng14-14.dll
 0001:0007aab0       DDSLittleLong              000000014007bab0 f   ddslib:ddslib.obj
 0001:0007aac0       DDSLittleShort             000000014007bac0 f   ddslib:ddslib.obj
 0001:0007ab30       DDSGetInfo                 000000014007bb30 f   ddslib:ddslib.obj
 0001:0007b6d0       DDSDecompress              000000014007c6d0 f   ddslib:ddslib.obj
 0001:0007b7f0       LoadJPGBuff                000000014007c7f0 f   jpeg6:jpgload.obj
 0001:0007b9e0       jpeg_create_decompress     000000014007c9e0 f   jpeg6:jdapimin.obj
 0001:0007ba90       jpeg_destroy_decompress    000000014007ca90 f   jpeg6:jdapimin.obj
 0001:0007bc70       jpeg_consume_input         000000014007cc70 f   jpeg6:jdapimin.obj
 0001:0007bd60       jpeg_finish_decompress     000000014007cd60 f   jpeg6:jdapimin.obj
 0001:0007be30       jpeg_read_header           000000014007ce30 f   jpeg6:jdapimin.obj
 0001:0007bf40       jpeg_read_scanlines        000000014007cf40 f   jpeg6:jdapistd.obj
 0001:0007c010       jpeg_start_decompress      000000014007d010 f   jpeg6:jdapistd.obj
 0001:0007c180       _pico_little_float         000000014007d180 f   picomodel:picointernal.obj
 0001:0007c180       ?jpeg_mem_term@@YAXPEAUjpeg_common_struct@@@Z 000000014007d180 f   jpeg6:jmemnobs.obj
 0001:0007c190       jpeg_stdio_src             000000014007d190 f   jpeg6:jdatasrc.obj
 0001:0007c3e0       jpeg_std_error             000000014007d3e0 f   jpeg6:jerror.obj
 0001:0007caf0       jinit_input_controller     000000014007daf0 f   jpeg6:jdinput.obj
 0001:0007e6c0       jpeg_resync_to_restart     000000014007f6c0 f   jpeg6:jdmarker.obj
 0001:0007e820       jinit_marker_reader        000000014007f820 f   jpeg6:jdmarker.obj
 0001:0007f670       jinit_memory_mgr           0000000140080670 f   jpeg6:jmemmgr.obj
 0001:0007f7e0       jpeg_abort                 00000001400807e0 f   jpeg6:jcomapi.obj
 0001:0007f820       jpeg_destroy               0000000140080820 f   jpeg6:jcomapi.obj
 0001:0007f860       jpeg_alloc_quant_table     0000000140080860 f   jpeg6:jcomapi.obj
 0001:0007f880       jpeg_alloc_huff_table      0000000140080880 f   jpeg6:jcomapi.obj
 0001:0007f8b0       jpeg_calc_output_dimensions 00000001400808b0 f   jpeg6:jdmaster.obj
 0001:0007fd40       jinit_master_decompress    0000000140080d40 f   jpeg6:jdmaster.obj
 0001:0007fd90       jdiv_round_up              0000000140080d90 f   jpeg6:jutils.obj
 0001:0007fda0       jround_up                  0000000140080da0 f   jpeg6:jutils.obj
 0001:0007fdc0       jcopy_sample_rows          0000000140080dc0 f   jpeg6:jutils.obj
 0001:0007fe30       jzero_far                  0000000140080e30 f   jpeg6:jutils.obj
 0001:0007fe40       ?jpeg_get_large@@YAPEAXPEAUjpeg_common_struct@@_K@Z 0000000140080e40 f   jpeg6:jmemnobs.obj
 0001:0007fe40       ?jpeg_get_small@@YAPEAXPEAUjpeg_common_struct@@_K@Z 0000000140080e40 f   jpeg6:jmemnobs.obj
 0001:0007fe50       ?jpeg_free_small@@YAXPEAUjpeg_common_struct@@PEAX_K@Z 0000000140080e50 f   jpeg6:jmemnobs.obj
 0001:0007fe50       ?jpeg_free_large@@YAXPEAUjpeg_common_struct@@PEAX_K@Z 0000000140080e50 f   jpeg6:jmemnobs.obj
 0001:0007fe60       ?jpeg_mem_available@@YAJPEAUjpeg_common_struct@@JJJ@Z 0000000140080e60 f   jpeg6:jmemnobs.obj
 0001:0007fe70       ?jpeg_open_backing_store@@YAXPEAUjpeg_common_struct@@PEAUbacking_store_struct@@J@Z 0000000140080e70 f   jpeg6:jmemnobs.obj
 0001:000805d0       jinit_d_main_controller    00000001400815d0 f   jpeg6:jdmainct.obj
 0001:00080a30       ?jpeg_mem_init@@YAJPEAUjpeg_common_struct@@@Z 0000000140081a30 f   jpeg6:jmemnobs.obj
 0001:00080a40       jinit_d_coef_controller    0000000140081a40 f   jpeg6:jdcoefct.obj
 0001:00080b60       ?jpeg_make_d_derived_tbl@@YAXPEAUjpeg_decompress_struct@@PEAUJHUFF_TBL@@PEAPEAUd_derived_tbl@@@Z 0000000140081b60 f   jpeg6:jdhuff.obj
 0001:00080d70       ?jpeg_fill_bit_buffer@@YAEPEAUbitread_working_state@@HHH@Z 0000000140081d70 f   jpeg6:jdhuff.obj
 0001:00080ea0       ?jpeg_huff_decode@@YAHPEAUbitread_working_state@@HHPEAUd_derived_tbl@@H@Z 0000000140081ea0 f   jpeg6:jdhuff.obj
 0001:00081690       jinit_huff_decoder         0000000140082690 f   jpeg6:jdhuff.obj
 0001:00081a00       jinit_inverse_dct          0000000140082a00 f   jpeg6:jddctmgr.obj
 0001:00081c00       jinit_d_post_controller    0000000140082c00 f   jpeg6:jdpostct.obj
 0001:00082330       jinit_upsampler            0000000140083330 f   jpeg6:jdsample.obj
 0001:00082af0       jinit_color_deconverter    0000000140083af0 f   jpeg6:jdcolor.obj
 0001:00082c90       ?jpeg_idct_float@@YAXPEAUjpeg_decompress_struct@@PEAUjpeg_component_info@@PEAFPEAPEAEI@Z 0000000140083c90 f   jpeg6:jidctflt.obj
 0001:000831a0       PicoInit                   00000001400841a0 f   picomodel:picomodel.obj
 0001:000831b0       PicoSetMallocFunc          00000001400841b0 f   picomodel:picomodel.obj
 0001:000831d0       PicoSetFreeFunc            00000001400841d0 f   picomodel:picomodel.obj
 0001:000831f0       PicoSetLoadFileFunc        00000001400841f0 f   picomodel:picomodel.obj
 0001:00083210       PicoSetFreeFileFunc        0000000140084210 f   picomodel:picomodel.obj
 0001:00083230       PicoSetPrintFunc           0000000140084230 f   picomodel:picomodel.obj
 0001:00083250       PicoNewModel               0000000140084250 f   picomodel:picomodel.obj
 0001:000832a0       PicoAdjustModel            00000001400842a0 f   picomodel:picomodel.obj
 0001:000833d0       PicoNewShader              00000001400843d0 f   picomodel:picomodel.obj
 0001:000834b0       PicoFreeShader             00000001400844b0 f   picomodel:picomodel.obj
 0001:000834f0       PicoFindShader             00000001400844f0 f   picomodel:picomodel.obj
 0001:000835e0       PicoFreeSurface            00000001400845e0 f   picomodel:picomodel.obj
 0001:000836c0       PicoAdjustSurface          00000001400846c0 f   picomodel:picomodel.obj
 0001:00083a00       PicoNewSkin                0000000140084a00 f   picomodel:picomodel.obj
 0001:00083a80       PicoAdjustSkin             0000000140084a80 f   picomodel:picomodel.obj
 0001:00083b20       PicoNewSkinItem            0000000140084b20 f   picomodel:picomodel.obj
 0001:00083b90       PicoFreeSkinItem           0000000140084b90 f   picomodel:picomodel.obj
 0001:00083bd0       PicoSetModelFileName       0000000140084bd0 f   picomodel:picomodel.obj
 0001:00083bd0       PicoSetShaderMapName       0000000140084bd0 f   picomodel:picomodel.obj
 0001:00083c10       PicoSetModelFrameNum       0000000140084c10 f   picomodel:picomodel.obj
 0001:00083c20       PicoSetModelNumFrames      0000000140084c20 f   picomodel:picomodel.obj
 0001:00083c30       PicoSetShaderName          0000000140084c30 f   picomodel:picomodel.obj
 0001:00083c30       PicoSetSkinItemReplacement 0000000140084c30 f   picomodel:picomodel.obj
 0001:00083c30       PicoSetModelName           0000000140084c30 f   picomodel:picomodel.obj
 0001:00083c70       PicoSetShaderAmbientColor  0000000140084c70 f   picomodel:picomodel.obj
 0001:00083ca0       PicoSetShaderDiffuseColor  0000000140084ca0 f   picomodel:picomodel.obj
 0001:00083cd0       PicoSetShaderSpecularColor 0000000140084cd0 f   picomodel:picomodel.obj
 0001:00083d00       PicoSetShaderTransparency  0000000140084d00 f   picomodel:picomodel.obj
 0001:00083d40       PicoSetShaderShininess     0000000140084d40 f   picomodel:picomodel.obj
 0001:00083d80       PicoSetSurfaceType         0000000140084d80 f   picomodel:picomodel.obj
 0001:00083d90       PicoSetSurfaceName         0000000140084d90 f   picomodel:picomodel.obj
 0001:00083dd0       PicoSetSurfaceShader       0000000140084dd0 f   picomodel:picomodel.obj
 0001:00083de0       PicoSetSurfaceXYZ          0000000140084de0 f   picomodel:picomodel.obj
 0001:00083e70       PicoSetSurfaceNormal       0000000140084e70 f   picomodel:picomodel.obj
 0001:00083ee0       PicoSetSurfaceST           0000000140084ee0 f   picomodel:picomodel.obj
 0001:00083f60       PicoSetSurfaceColor        0000000140084f60 f   picomodel:picomodel.obj
 0001:00084010       PicoSetSurfaceIndex        0000000140085010 f   picomodel:picomodel.obj
 0001:00084070       PicoSetSurfaceSmoothingGroup 0000000140085070 f   picomodel:picomodel.obj
 0001:000840c0       PicoSetSkinNum             00000001400850c0 f   picomodel:picomodel.obj
 0001:000840d0       PicoSetSkinItemObject      00000001400850d0 f   picomodel:picomodel.obj
 0001:00084110       PicoGetModelName           0000000140085110 f   picomodel:picomodel.obj
 0001:00084130       PicoGetModelFrameNum       0000000140085130 f   picomodel:picomodel.obj
 0001:00084140       PicoGetModelShader         0000000140085140 f   picomodel:picomodel.obj
 0001:00084170       PicoGetModelNumSurfaces    0000000140085170 f   picomodel:picomodel.obj
 0001:00084180       PicoGetModelSurface        0000000140085180 f   picomodel:picomodel.obj
 0001:000841b0       PicoGetShaderMapName       00000001400851b0 f   picomodel:picomodel.obj
 0001:000841b0       PicoGetModelFileName       00000001400851b0 f   picomodel:picomodel.obj
 0001:000841d0       PicoGetSurfaceType         00000001400851d0 f   picomodel:picomodel.obj
 0001:000841e0       PicoGetSurfaceNumVertexes  00000001400851e0 f   picomodel:picomodel.obj
 0001:000841f0       PicoGetSurfaceXYZ          00000001400851f0 f   picomodel:picomodel.obj
 0001:00084220       PicoGetSurfaceNormal       0000000140085220 f   picomodel:picomodel.obj
 0001:00084250       PicoGetSurfaceST           0000000140085250 f   picomodel:picomodel.obj
 0001:00084280       PicoGetSurfaceColor        0000000140085280 f   picomodel:picomodel.obj
 0001:000842b0       PicoGetSurfaceNumIndexes   00000001400852b0 f   picomodel:picomodel.obj
 0001:000842c0       PicoGetSurfaceIndexes      00000001400852c0 f   picomodel:picomodel.obj
 0001:000842e0       PicoGetSurfaceShaderNameForSkin 00000001400852e0 f   picomodel:picomodel.obj
 0001:000843c0       PicoVertexCoordGenerateHash 00000001400853c0 f   picomodel:picomodel.obj
 0001:000844e0       PicoNewVertexCombinationHashTable 00000001400854e0 f   picomodel:picomodel.obj
 0001:00084510       PicoFreeVertexCombinationHashTable 0000000140085510 f   picomodel:picomodel.obj
 0001:00084590       PicoFindVertexCombinationInHashTable 0000000140085590 f   picomodel:picomodel.obj
 0001:00084750       PicoAddVertexCombinationToHashTable 0000000140085750 f   picomodel:picomodel.obj
 0001:00084840       PicoFindSurfaceVertexNum   0000000140085840 f   picomodel:picomodel.obj
 0001:00084c70       indexarray_push_back       0000000140085c70 f   picomodel:picomodel.obj
 0001:00084c80       indexarray_reserve         0000000140085c80 f   picomodel:picomodel.obj
 0001:00084cb0       binarytree_extend          0000000140085cb0 f   picomodel:picomodel.obj
 0001:00084cd0       binarytree_size            0000000140085cd0 f   picomodel:picomodel.obj
 0001:00084ce0       binarytree_reserve         0000000140085ce0 f   picomodel:picomodel.obj
 0001:00084d10       indexarray_clear           0000000140085d10 f   picomodel:picomodel.obj
 0001:00084d10       binarytree_clear           0000000140085d10 f   picomodel:picomodel.obj
 0001:00084d20       UniqueIndices_size         0000000140085d20 f   picomodel:picomodel.obj
 0001:00084d30       UniqueIndices_reserve      0000000140085d30 f   picomodel:picomodel.obj
 0001:00084d60       UniqueIndices_init         0000000140085d60 f   picomodel:picomodel.obj
 0001:00084d70       UniqueIndices_destroy      0000000140085d70 f   picomodel:picomodel.obj
 0001:00084d90       UniqueIndices_find_or_insert 0000000140085d90 f   picomodel:picomodel.obj
 0001:00084e60       UniqueIndices_insert       0000000140085e60 f   picomodel:picomodel.obj
 0001:00084ea0       lessSmoothVertex           0000000140085ea0 f   picomodel:picomodel.obj
 0001:00084f20       _pico_vertices_combine_shared_normals 0000000140085f20 f   picomodel:picomodel.obj
 0001:00085070       _pico_triangles_generate_weighted_normals 0000000140086070 f   picomodel:picomodel.obj
 0001:00085150       _pico_normals_zero         0000000140086150 f   picomodel:picomodel.obj
 0001:00085190       _pico_normals_normalize    0000000140086190 f   picomodel:picomodel.obj
 0001:000851d0       _pico_length_vec           00000001400861d0 f   picomodel:picomodel.obj
 0001:00085200       _pico_normal_is_unit_length 0000000140086200 f   picomodel:picomodel.obj
 0001:00085240       _pico_normal_within_tolerance 0000000140086240 f   picomodel:picomodel.obj
 0001:00085270       _pico_normals_assign_generated_normals 0000000140086270 f   picomodel:picomodel.obj
 0001:000852e0       PicoFixSurfaceNormals      00000001400862e0 f   picomodel:picomodel.obj
 0001:00085380       PicoRemapModel             0000000140086380 f   picomodel:picomodel.obj
 0001:000858d0       PicoParseToken             00000001400868d0 f   picomodel:picomodel.obj
 0001:00085b60       PicoLoadSkinFiles          0000000140086b60 f   picomodel:picomodel.obj
 0001:00085e20       PicoModuleLoadModel        0000000140086e20 f   picomodel:picomodel.obj
 0001:00085f20       PicoLoadModel              0000000140086f20 f   picomodel:picomodel.obj
 0001:00086030       PicoNewSurface             0000000140087030 f   picomodel:picomodel.obj
 0001:000860e0       PicoFreeSkin               00000001400870e0 f   picomodel:picomodel.obj
 0001:00086140       PicoAddTriangleToModel     0000000140087140 f   picomodel:picomodel.obj
 0001:000863d0       PicoFreeModel              00000001400873d0 f   picomodel:picomodel.obj
 0001:000864c0       _pico_alloc                00000001400874c0 f   picomodel:picointernal.obj
 0001:00086520       _pico_calloc               0000000140087520 f   picomodel:picointernal.obj
 0001:00086590       _pico_clone_alloc          0000000140087590 f   picomodel:picointernal.obj
 0001:000865f0       _pico_free                 00000001400875f0 f   picomodel:picointernal.obj
 0001:00086610       _pico_load_file            0000000140087610 f   picomodel:picointernal.obj
 0001:00086630       _pico_free_file            0000000140087630 f   picomodel:picointernal.obj
 0001:00086660       _pico_printf               0000000140087660 f   picomodel:picointernal.obj
 0001:000866f0       _pico_first_token          00000001400876f0 f   picomodel:picointernal.obj
 0001:00086720       _pico_strltrim             0000000140087720 f   picomodel:picointernal.obj
 0001:000867a0       _pico_strrtrim             00000001400877a0 f   picomodel:picointernal.obj
 0001:00086860       _pico_strlwr               0000000140087860 f   picomodel:picointernal.obj
 0001:00086890       _pico_strchcount           0000000140087890 f   picomodel:picointernal.obj
 0001:000868c0       _pico_zero_bounds          00000001400878c0 f   picomodel:picointernal.obj
 0001:000868f0       _pico_expand_bounds        00000001400878f0 f   picomodel:picointernal.obj
 0001:00086950       _pico_zero_vec             0000000140087950 f   picomodel:picointernal.obj
 0001:00086960       _pico_zero_vec2            0000000140087960 f   picomodel:picointernal.obj
 0001:00086970       _pico_set_vec              0000000140087970 f   picomodel:picointernal.obj
 0001:00086980       _pico_copy_vec             0000000140087980 f   picomodel:picointernal.obj
 0001:000869a0       _pico_copy_vec2            00000001400879a0 f   picomodel:picointernal.obj
 0001:000869b0       _pico_normalize_vec        00000001400879b0 f   picomodel:picointernal.obj
 0001:00086a40       _pico_add_vec              0000000140087a40 f   picomodel:picointernal.obj
 0001:00086a70       _pico_subtract_vec         0000000140087a70 f   picomodel:picointernal.obj
 0001:00086aa0       _pico_scale_vec            0000000140087aa0 f   picomodel:picointernal.obj
 0001:00086ad0       _pico_cross_vec            0000000140087ad0 f   picomodel:picointernal.obj
 0001:00086ad0       cross                      0000000140087ad0 f   picomodel:vecmath.obj
 0001:00086b30       _pico_set_color            0000000140087b30 f   picomodel:picointernal.obj
 0001:00086b50       _pico_copy_color           0000000140087b50 f   picomodel:picointernal.obj
 0001:00086b70       _pico_little_long          0000000140087b70 f   picomodel:picointernal.obj
 0001:00086b80       _pico_little_short         0000000140087b80 f   picomodel:picointernal.obj
 0001:00086b90       _pico_stristr              0000000140087b90 f   picomodel:picointernal.obj
 0001:00086c10       _pico_unixify              0000000140087c10 f   picomodel:picointernal.obj
 0001:00086c40       _pico_nopath               0000000140087c40 f   picomodel:picointernal.obj
 0001:00086ce0       _pico_setfext              0000000140087ce0 f   picomodel:picointernal.obj
 0001:00086db0       _pico_new_parser           0000000140087db0 f   picomodel:picointernal.obj
 0001:00086e80       _pico_free_parser          0000000140087e80 f   picomodel:picointernal.obj
 0001:00086eb0       _pico_parse_ex             0000000140087eb0 f   picomodel:picointernal.obj
 0001:00087010       _pico_parse_first          0000000140088010 f   picomodel:picointernal.obj
 0001:00087050       _pico_parse                0000000140088050 f   picomodel:picointernal.obj
 0001:00087080       _pico_parse_skip_rest      0000000140088080 f   picomodel:picointernal.obj
 0001:000870b0       _pico_parse_skip_braced    00000001400880b0 f   picomodel:picointernal.obj
 0001:00087160       _pico_parse_check          0000000140088160 f   picomodel:picointernal.obj
 0001:000871c0       _pico_parse_int            00000001400881c0 f   picomodel:picointernal.obj
 0001:00087210       _pico_parse_float          0000000140088210 f   picomodel:picointernal.obj
 0001:00087260       _pico_parse_vec            0000000140088260 f   picomodel:picointernal.obj
 0001:00087300       _pico_parse_vec2           0000000140088300 f   picomodel:picointernal.obj
 0001:000873a0       _pico_new_memstream        00000001400883a0 f   picomodel:picointernal.obj
 0001:00087400       _pico_free_memstream       0000000140088400 f   picomodel:picointernal.obj
 0001:00087420       _pico_memstream_read       0000000140088420 f   picomodel:picointernal.obj
 0001:000874b0       _pico_memstream_getc       00000001400884b0 f   picomodel:picointernal.obj
 0001:000874f0       _pico_memstream_seek       00000001400884f0 f   picomodel:picointernal.obj
 0001:00087580       _pico_memstream_tell       0000000140088580 f   picomodel:picointernal.obj
 0001:000875a0       _pico_realloc              00000001400885a0 f   picomodel:picointernal.obj
 0001:00087640       PicoModuleList             0000000140088640 f   picomodel:picomodules.obj
 0001:000882f0       _terrain_load_tga_buffer   00000001400892f0 f   picomodel:pm_terrain.obj
 0001:0008c230       _ase_get_submaterial_or_default 000000014008d230 f   picomodel:pm_ase.obj
 0001:0008f240       lwFreeLayer                0000000140090240 f   picomodel:lwo2.obj
 0001:0008f290       lwFreeObject               0000000140090290 f   picomodel:lwo2.obj
 0001:0008f300       lwGetObject                0000000140090300 f   picomodel:lwo2.obj
 0001:0008f850       lwValidateObject           0000000140090850 f   picomodel:lwo2.obj
 0001:0008f920       lwListFree                 0000000140090920 f   picomodel:list.obj
 0001:0008f950       lwListAdd                  0000000140090950 f   picomodel:list.obj
 0001:0008f980       lwListInsert               0000000140090980 f   picomodel:list.obj
 0001:0008fa20       lwFreeVMap                 0000000140090a20 f   picomodel:vmap.obj
 0001:0008fa90       lwGetVMap                  0000000140090a90 f   picomodel:vmap.obj
 0001:0008fcf0       lwGetPointVMaps            0000000140090cf0 f   picomodel:vmap.obj
 0001:0008fe50       lwGetPolyVMaps             0000000140090e50 f   picomodel:vmap.obj
 0001:00090030       lwFreePoints               0000000140091030 f   picomodel:pntspols.obj
 0001:000900c0       lwFreePolygons             00000001400910c0 f   picomodel:pntspols.obj
 0001:000901a0       lwGetPoints                00000001400911a0 f   picomodel:pntspols.obj
 0001:000903c0       lwGetBoundingBox           00000001400913c0 f   picomodel:pntspols.obj
 0001:000904b0       lwAllocPolygons            00000001400914b0 f   picomodel:pntspols.obj
 0001:000905d0       lwGetPolygons              00000001400915d0 f   picomodel:pntspols.obj
 0001:000907a0       lwGetPolyNormals           00000001400917a0 f   picomodel:pntspols.obj
 0001:00090910       lwGetPointPolygons         0000000140091910 f   picomodel:pntspols.obj
 0001:00090a70       lwResolvePolySurfaces      0000000140091a70 f   picomodel:pntspols.obj
 0001:00090c40       lwGetVertNormals           0000000140091c40 f   picomodel:pntspols.obj
 0001:00090ec0       lwFreeTags                 0000000140091ec0 f   picomodel:pntspols.obj
 0001:00090f40       lwGetTags                  0000000140091f40 f   picomodel:pntspols.obj
 0001:00091090       lwGetPolygonTags           0000000140092090 f   picomodel:pntspols.obj
 0001:000911d0       lwFreePlugin               00000001400921d0 f   picomodel:surface.obj
 0001:00091220       lwFreeTexture              0000000140092220 f   picomodel:surface.obj
 0001:000912b0       lwFreeSurface              00000001400922b0 f   picomodel:surface.obj
 0001:000913b0       lwGetTHeader               00000001400923b0 f   picomodel:surface.obj
 0001:00091540       lwGetTMap                  0000000140092540 f   picomodel:surface.obj
 0001:00091770       lwGetImageMap              0000000140092770 f   picomodel:surface.obj
 0001:000919f0       lwGetProcedural            00000001400929f0 f   picomodel:surface.obj
 0001:00091b90       lwGetGradient              0000000140092b90 f   picomodel:surface.obj
 0001:00091e40       lwGetTexture               0000000140092e40 f   picomodel:surface.obj
 0001:00091f80       lwGetShader                0000000140092f80 f   picomodel:surface.obj
 0001:00092250       lwDefaultSurface           0000000140093250 f   picomodel:surface.obj
 0001:000922c0       lwGetSurface               00000001400932c0 f   picomodel:surface.obj
 0001:00092900       lwFreeClip                 0000000140093900 f   picomodel:clip.obj
 0001:000929d0       lwGetClip                  00000001400939d0 f   picomodel:clip.obj
 0001:00092e50       lwFreeEnvelope             0000000140093e50 f   picomodel:envelope.obj
 0001:00092ed0       lwGetEnvelope              0000000140093ed0 f   picomodel:envelope.obj
 0001:00093200       set_flen                   0000000140094200 f   picomodel:lwio.obj
 0001:00093210       get_flen                   0000000140094210 f   picomodel:lwio.obj
 0001:00093220       revbytes                   0000000140094220 f   picomodel:lwio.obj
 0001:000932a0       getbytes                   00000001400942a0 f   picomodel:lwio.obj
 0001:00093350       getI2                      0000000140094350 f   picomodel:lwio.obj
 0001:00093350       getU2                      0000000140094350 f   picomodel:lwio.obj
 0001:000933b0       getU4                      00000001400943b0 f   picomodel:lwio.obj
 0001:000933b0       getI4                      00000001400943b0 f   picomodel:lwio.obj
 0001:00093410       getU1                      0000000140094410 f   picomodel:lwio.obj
 0001:00093450       getVX                      0000000140094450 f   picomodel:lwio.obj
 0001:00093500       getF4                      0000000140094500 f   picomodel:lwio.obj
 0001:00093560       getS0                      0000000140094560 f   picomodel:lwio.obj
 0001:000936a0       sgetI2                     00000001400946a0 f   picomodel:lwio.obj
 0001:00093700       sgetU2                     0000000140094700 f   picomodel:lwio.obj
 0001:00093740       sgetU4                     0000000140094740 f   picomodel:lwio.obj
 0001:000937a0       sgetVX                     00000001400947a0 f   picomodel:lwio.obj
 0001:00093820       sgetF4                     0000000140094820 f   picomodel:lwio.obj
 0001:00093880       sgetS0                     0000000140094880 f   picomodel:lwio.obj
 0001:00093ce0       lwGetSurface5              0000000140094ce0 f   picomodel:lwob.obj
 0001:000946e0       lwGetPolygons5             00000001400956e0 f   picomodel:lwob.obj
 0001:000948a0       lwGetObject5               00000001400958a0 f   picomodel:lwob.obj
 0001:00094b20       lwValidateObject5          0000000140095b20 f   picomodel:lwob.obj
 0001:00094bd0       _pico_dot_vec              0000000140095bd0 f   picomodel:picointernal.obj
 0001:00094bd0       dot                        0000000140095bd0 f   picomodel:vecmath.obj
 0001:00094c00       normalize                  0000000140095c00 f   picomodel:vecmath.obj
 0001:00094c4c       _stricmp                   0000000140095c4c f   MSVCRT:MSVCR90.dll
 0001:00094c52       rename                     0000000140095c52 f   MSVCRT:MSVCR90.dll
 0001:00094c58       sprintf                    0000000140095c58 f   MSVCRT:MSVCR90.dll
 0001:00094c5e       sscanf_s                   0000000140095c5e f   MSVCRT:MSVCR90.dll
 0001:00094c64       sscanf                     0000000140095c64 f   MSVCRT:MSVCR90.dll
 0001:00094c6a       strncmp                    0000000140095c6a f   MSVCRT:MSVCR90.dll
 0001:00094c70       free                       0000000140095c70 f   MSVCRT:MSVCR90.dll
 0001:00094c76       atoi                       0000000140095c76 f   MSVCRT:MSVCR90.dll
 0001:00094c7c       remove                     0000000140095c7c f   MSVCRT:MSVCR90.dll
 0001:00094c82       ftell                      0000000140095c82 f   MSVCRT:MSVCR90.dll
 0001:00094c88       realloc                    0000000140095c88 f   MSVCRT:MSVCR90.dll
 0001:00094c8e       atof                       0000000140095c8e f   MSVCRT:MSVCR90.dll
 0001:00094c94       _time64                    0000000140095c94 f   MSVCRT:MSVCR90.dll
 0001:00094c9a       asctime                    0000000140095c9a f   MSVCRT:MSVCR90.dll
[...]
 0001:00052400       ?MapTriangle@@YA?AW4qboolean@@PEAUrawLightmap_s@@PEAUsurfaceInfo_s@@QEAPEAUbspDrawVert_t@@W41@@Z 0000000140053400 f    CIL library: CIL module
 0001:00052780       ?MapQuad_r@@YAXPEAUrawLightmap_s@@PEAUsurfaceInfo_s@@QEAPEAUbspDrawVert_t@@QEAM3QEAY02M4@Z 0000000140053780 f    CIL library: CIL module
 0001:00052b00       ?MapQuad@@YA?AW4qboolean@@PEAUrawLightmap_s@@PEAUsurfaceInfo_s@@QEAPEAUbspDrawVert_t@@@Z 0000000140053b00 f    CIL library: CIL module
 0001:00055980       ?SubmapRawLuxel@@YA?AW4qboolean@@PEAUrawLightmap_s@@HHMMPEAHQEAM2@Z 0000000140056980 f    CIL library: CIL module
 0001:00055d00       ?SubsampleRawLuxel_r@@YAXPEAUrawLightmap_s@@PEAUtrace_t@@QEAMHHMPEAM@Z 0000000140056d00 f    CIL library: CIL module
 0001:0005c910       ?CompareLightSurface@@YAHPEBX0@Z 000000014005d910 f    CIL library: CIL module
 0001:0005e1f0       ?CompareSurfaceInfo@@YAHPEBX0@Z 000000014005f1f0 f    CIL library: CIL module
 0001:00060880       ?CompareBSPLuxels@@YA?AW4qboolean@@PEAUrawLightmap_s@@H0H@Z 0000000140061880 f    CIL library: CIL module
 0001:00060c30       ?MergeBSPLuxels@@YA?AW4qboolean@@PEAUrawLightmap_s@@H0H@Z 0000000140061c30 f    CIL library: CIL module
 0001:00060ec0       ?ApproximateLuxel@@YA?AW4qboolean@@PEAUrawLightmap_s@@PEAUbspDrawVert_t@@@Z 0000000140061ec0 f    CIL library: CIL module
 0001:000610f0       ?ApproximateTriangle_r@@YA?AW4qboolean@@PEAUrawLightmap_s@@QEAPEAUbspDrawVert_t@@@Z 00000001400620f0 f    CIL library: CIL module
 0001:00061300       ?ApproximateLightmap@@YA?AW4qboolean@@PEAUrawLightmap_s@@@Z 0000000140062300 f    CIL library: CIL module
 0001:00061770       ?TestOutLightmapStamp@@YA?AW4qboolean@@PEAUrawLightmap_s@@HPEAUoutLightmap_s@@HH@Z 0000000140062770 f    CIL library: CIL module
 0001:00061900       ?SetupOutLightmap@@YAXPEAUrawLightmap_s@@PEAUoutLightmap_s@@@Z 0000000140062900 f    CIL library: CIL module
 0001:00061a60       ?FindOutLightmaps@@YAXPEAUrawLightmap_s@@@Z 0000000140062a60 f    CIL library: CIL module
 0001:000623f0       ?CompareRawLightmap@@YAHPEBX0@Z 00000001400633f0 f    CIL library: CIL module
 0001:0006baa0       ?ConvertCollapsedSurface@@YAXPEAU_iobuf@@PEAUbspModel_t@@HHHQEAM@Z 000000014006caa0 f    CIL library: CIL module
 0001:0006c720       ?ConvertSurface@@YAXPEAU_iobuf@@PEAUbspModel_t@@HPEAUbspDrawSurface_t@@HQEAM@Z 000000014006d720 f    CIL library: CIL module
 0001:0006cd90       ?ConvertModel@@YAXPEAU_iobuf@@PEAUbspModel_t@@HQEAMH@Z 000000014006dd90 f    CIL library: CIL module
 0001:0006ce90       ?ConvertShader@@YAXPEAU_iobuf@@PEAUbspShader_t@@H@Z 000000014006de90 f    CIL library: CIL module
 0001:0006d5f0       ?ConvertBrush@@YAXPEAU_iobuf@@HPEAUbspBrush_t@@QEAM@Z 000000014006e5f0 f    CIL library: CIL module
 0001:0006d970       ?ConvertPatch@@YAXPEAU_iobuf@@HPEAUbspDrawSurface_t@@QEAM@Z 000000014006e970 f    CIL library: CIL module
 0001:0006db90       ?ConvertModel@@YAXPEAU_iobuf@@PEAUbspModel_t@@HQEAM@Z 000000014006eb90 f    CIL library: CIL module
 0001:00071350       ?MD4Transform@@YAXQEAKQEAE@Z 0000000140072350 f    CIL library: CIL module
 0001:000749e0       ?unzlocal_SearchCentralDir@@YAKPEAU_iobuf@@@Z 00000001400759e0 f    CIL library: CIL module
 0001:00074d60       ?unzlocal_GetCurrentFileInfoInternal@@YAHPEAXPEAUunz_file_info_s@@PEAUunz_file_info_internal_s@@PEADK0K3K@Z 0000000140075d60 f    CIL library: CIL module
 0001:000751e0       ?unzlocal_CheckCurrentFileCoherencyHeader@@YAHPEAUunz_s@@PEAIPEAK1@Z 00000001400761e0 f    CIL library: CIL module
 0001:00076880       ?huft_build@@YAHPEAIIIPEBI1PEAPEAUinflate_huft_s@@0PEAU1@00@Z 0000000140077880 f    CIL library: CIL module
 0001:00078090       ?vfsInitPakFile@@YAXPEBD@Z 0000000140079090 f    CIL library: CIL module
 0001:0007aad0       DDSDecodePixelFormat       000000014007bad0 f   ddslib:ddslib.obj
 0001:0007ab90       DDSGetColorBlockColors     000000014007bb90 f   ddslib:ddslib.obj
 0001:0007ad60       DDSDecodeColorBlock        000000014007bd60 f   ddslib:ddslib.obj
 0001:0007ae40       DDSDecodeAlphaExplicit     000000014007be40 f   ddslib:ddslib.obj
 0001:0007af40       DDSDecodeAlpha3BitLinear   000000014007bf40 f   ddslib:ddslib.obj
 0001:0007b240       DDSDecompressDXT1          000000014007c240 f   ddslib:ddslib.obj
 0001:0007b350       DDSDecompressDXT3          000000014007c350 f   ddslib:ddslib.obj
 0001:0007b4d0       DDSDecompressDXT5          000000014007c4d0 f   ddslib:ddslib.obj
 0001:0007b650       DDSDecompressDXT2          000000014007c650 f   ddslib:ddslib.obj
 0001:0007b660       DDSDecompressDXT4          000000014007c660 f   ddslib:ddslib.obj
 0001:0007b670       DDSDecompressARGB8888      000000014007c670 f   ddslib:ddslib.obj
 0001:0007baa0       ?default_decompress_parms@@YAXPEAUjpeg_decompress_struct@@@Z 000000014007caa0 f   jpeg6:jdapimin.obj
 0001:0007bec0       ?output_pass_setup@@YAEPEAUjpeg_decompress_struct@@@Z 000000014007cec0 f   jpeg6:jdapistd.obj
 0001:0007c0c0       ?init_source@@YAXPEAUjpeg_decompress_struct@@@Z 000000014007d0c0 f   jpeg6:jdatasrc.obj
 0001:0007c0d0       ?fill_input_buffer@@YAEPEAUjpeg_decompress_struct@@@Z 000000014007d0d0 f   jpeg6:jdatasrc.obj
 0001:0007c130       ?skip_input_data@@YAXPEAUjpeg_decompress_struct@@J@Z 000000014007d130 f   jpeg6:jdatasrc.obj
 0001:0007c180       ?PNGFlushData@@YAXPEAUpng_struct_def@@@Z 000000014007d180 f   jpeg6:jdatasrc.obj
 0001:0007c180       ?term_source@@YAXPEAUjpeg_decompress_struct@@@Z 000000014007d180 f   jpeg6:jdatasrc.obj
 0001:0007c180       ?start_pass_dcolor@@YAXPEAUjpeg_decompress_struct@@@Z 000000014007d180 f   jpeg6:jdatasrc.obj
 0001:0007c240       ?error_exit@@YAXPEAUjpeg_common_struct@@@Z 000000014007d240 f   jpeg6:jerror.obj
 0001:0007c270       ?output_message@@YAXPEAUjpeg_common_struct@@@Z 000000014007d270 f   jpeg6:jerror.obj
 0001:0007c2a0       ?emit_message@@YAXPEAUjpeg_common_struct@@H@Z 000000014007d2a0 f   jpeg6:jerror.obj
 0001:0007c2e0       ?format_message@@YAXPEAUjpeg_common_struct@@PEAD@Z 000000014007d2e0 f   jpeg6:jerror.obj
 0001:0007c3c0       ?reset_error_mgr@@YAXPEAUjpeg_common_struct@@@Z 000000014007d3c0 f   jpeg6:jerror.obj
 0001:0007c460       ?initial_setup@@YAXPEAUjpeg_decompress_struct@@@Z 000000014007d460 f   jpeg6:jdinput.obj
 0001:0007c670       ?per_scan_setup@@YAXPEAUjpeg_decompress_struct@@@Z 000000014007d670 f   jpeg6:jdinput.obj
 0001:0007c850       ?latch_quant_tables@@YAXPEAUjpeg_decompress_struct@@@Z 000000014007d850 f   jpeg6:jdinput.obj
 0001:0007c920       ?start_input_pass@@YAXPEAUjpeg_decompress_struct@@@Z 000000014007d920 f   jpeg6:jdinput.obj
 0001:0007c970       ?consume_markers@@YAHPEAUjpeg_decompress_struct@@@Z 000000014007d970 f   jpeg6:jdinput.obj
 0001:0007ca80       ?reset_input_controller@@YAXPEAUjpeg_decompress_struct@@@Z 000000014007da80 f   jpeg6:jdinput.obj
 0001:0007cad0       ?finish_input_pass@@YAXPEAUjpeg_decompress_struct@@@Z 000000014007dad0 f   jpeg6:jdinput.obj
 0001:0007cb50       ?get_soi@@YAEPEAUjpeg_decompress_struct@@@Z 000000014007db50 f   jpeg6:jdmarker.obj
 0001:0007cc10       ?get_sof@@YAEPEAUjpeg_decompress_struct@@EE@Z 000000014007dc10 f   jpeg6:jdmarker.obj
 0001:0007cf60       ?get_sos@@YAEPEAUjpeg_decompress_struct@@@Z 000000014007df60 f   jpeg6:jdmarker.obj
 0001:0007d290       ?get_app0@@YAEPEAUjpeg_decompress_struct@@@Z 000000014007e290 f   jpeg6:jdmarker.obj
 0001:0007d570       ?get_app14@@YAEPEAUjpeg_decompress_struct@@@Z 000000014007e570 f   jpeg6:jdmarker.obj
 0001:0007d760       ?get_dac@@YAEPEAUjpeg_decompress_struct@@@Z 000000014007e760 f   jpeg6:jdmarker.obj
 0001:0007d910       ?get_dht@@YAEPEAUjpeg_decompress_struct@@@Z 000000014007e910 f   jpeg6:jdmarker.obj
 0001:0007dc40       ?get_dqt@@YAEPEAUjpeg_decompress_struct@@@Z 000000014007ec40 f   jpeg6:jdmarker.obj
 0001:0007dec0       ?get_dri@@YAEPEAUjpeg_decompress_struct@@@Z 000000014007eec0 f   jpeg6:jdmarker.obj
 0001:0007dfe0       ?skip_variable@@YAEPEAUjpeg_decompress_struct@@@Z 000000014007efe0 f   jpeg6:jdmarker.obj
 0001:0007e0b0       ?next_marker@@YAEPEAUjpeg_decompress_struct@@@Z 000000014007f0b0 f   jpeg6:jdmarker.obj
 0001:0007e220       ?first_marker@@YAEPEAUjpeg_decompress_struct@@@Z 000000014007f220 f   jpeg6:jdmarker.obj
 0001:0007e2f0       ?read_markers@@YAHPEAUjpeg_decompress_struct@@@Z 000000014007f2f0 f   jpeg6:jdmarker.obj
 0001:0007e610       ?read_restart_marker@@YAEPEAUjpeg_decompress_struct@@@Z 000000014007f610 f   jpeg6:jdmarker.obj
 0001:0007e7e0       ?reset_marker_reader@@YAXPEAUjpeg_decompress_struct@@@Z 000000014007f7e0 f   jpeg6:jdmarker.obj
 0001:0007e8d0       ?out_of_memory@@YAXPEAUjpeg_common_struct@@H@Z 000000014007f8d0 f   jpeg6:jmemmgr.obj
 0001:0007e8f0       ?alloc_small@@YAPEAXPEAUjpeg_common_struct@@H_K@Z 000000014007f8f0 f   jpeg6:jmemmgr.obj
 0001:0007ea70       ?alloc_large@@YAPEAXPEAUjpeg_common_struct@@H_K@Z 000000014007fa70 f   jpeg6:jmemmgr.obj
 0001:0007eb50       ?alloc_sarray@@YAPEAPEAEPEAUjpeg_common_struct@@HII@Z 000000014007fb50 f   jpeg6:jmemmgr.obj
 0001:0007ec40       ?alloc_barray@@YAPEAPEAY0EA@FPEAUjpeg_common_struct@@HII@Z 000000014007fc40 f   jpeg6:jmemmgr.obj
 0001:0007ed50       ?request_virt_sarray@@YAPEAUjvirt_sarray_control@@PEAUjpeg_common_struct@@HEIII@Z 000000014007fd50 f   jpeg6:jmemmgr.obj
 0001:0007ee00       ?request_virt_barray@@YAPEAUjvirt_barray_control@@PEAUjpeg_common_struct@@HEIII@Z 000000014007fe00 f   jpeg6:jmemmgr.obj
 0001:0007eeb0       ?realize_virt_arrays@@YAXPEAUjpeg_common_struct@@@Z 000000014007feb0 f   jpeg6:jmemmgr.obj
 0001:0007f090       ?do_sarray_io@@YAXPEAUjpeg_common_struct@@PEAUjvirt_sarray_control@@E@Z 0000000140080090 f   jpeg6:jmemmgr.obj
 0001:0007f150       ?do_barray_io@@YAXPEAUjpeg_common_struct@@PEAUjvirt_barray_control@@E@Z 0000000140080150 f   jpeg6:jmemmgr.obj
 0001:0007f210       ?access_virt_sarray@@YAPEAPEAEPEAUjpeg_common_struct@@PEAUjvirt_sarray_control@@IIE@Z 0000000140080210 f   jpeg6:jmemmgr.obj
 0001:0007f370       ?access_virt_barray@@YAPEAPEAY0EA@FPEAUjpeg_common_struct@@PEAUjvirt_barray_control@@IIE@Z 0000000140080370 f   jpeg6:jmemmgr.obj
 0001:0007f4d0       ?free_pool@@YAXPEAUjpeg_common_struct@@H@Z 00000001400804d0 f   jpeg6:jmemmgr.obj
 0001:0007f620       ?self_destruct@@YAXPEAUjpeg_common_struct@@@Z 0000000140080620 f   jpeg6:jmemmgr.obj
 0001:0007f8a0       ?use_merged_upsample@@YAEPEAUjpeg_decompress_struct@@@Z 00000001400808a0 f   jpeg6:jdmaster.obj
 0001:0007f960       ?prepare_range_limit_table@@YAXPEAUjpeg_decompress_struct@@@Z 0000000140080960 f   jpeg6:jdmaster.obj
 0001:0007fa10       ?master_selection@@YAXPEAUjpeg_decompress_struct@@@Z 0000000140080a10 f   jpeg6:jdmaster.obj
 0001:0007fbc0       ?prepare_for_output_pass@@YAXPEAUjpeg_decompress_struct@@@Z 0000000140080bc0 f   jpeg6:jdmaster.obj
 0001:0007fd10       ?finish_output_pass@@YAXPEAUjpeg_decompress_struct@@@Z 0000000140080d10 f   jpeg6:jdmaster.obj
 0001:0007fe80       ?alloc_funny_pointers@@YAXPEAUjpeg_decompress_struct@@@Z 0000000140080e80 f   jpeg6:jdmainct.obj
 0001:0007ff80       ?make_funny_pointers@@YAXPEAUjpeg_decompress_struct@@@Z 0000000140080f80 f   jpeg6:jdmainct.obj
 0001:00080120       ?set_wraparound_pointers@@YAXPEAUjpeg_decompress_struct@@@Z 0000000140081120 f   jpeg6:jdmainct.obj
 0001:00080230       ?set_bottom_pointers@@YAXPEAUjpeg_decompress_struct@@@Z 0000000140081230 f   jpeg6:jdmainct.obj
 0001:00080300       ?process_data_simple_main@@YAXPEAUjpeg_decompress_struct@@PEAPEAEPEAII@Z 0000000140081300 f   jpeg6:jdmainct.obj
 0001:000803b0       ?process_data_context_main@@YAXPEAUjpeg_decompress_struct@@PEAPEAEPEAII@Z 00000001400813b0 f   jpeg6:jdmainct.obj
 0001:00080540       ?start_pass_main@@YAXPEAUjpeg_decompress_struct@@W4J_BUF_MODE@@@Z 0000000140081540 f   jpeg6:jdmainct.obj
 0001:000806f0       ?start_iMCU_row@@YAXPEAUjpeg_decompress_struct@@@Z 00000001400816f0 f   jpeg6:jdcoefct.obj
 0001:00080750       ?start_input_pass@@YAXPEAUjpeg_decompress_struct@@@Z 0000000140081750 f   jpeg6:jdcoefct.obj
 0001:00080760       ?start_output_pass@@YAXPEAUjpeg_decompress_struct@@@Z 0000000140081760 f   jpeg6:jdcoefct.obj
 0001:00080770       ?decompress_onepass@@YAHPEAUjpeg_decompress_struct@@PEAPEAPEAE@Z 0000000140081770 f   jpeg6:jdcoefct.obj
 0001:00080a30       ?dummy_consume_data@@YAHPEAUjpeg_decompress_struct@@@Z 0000000140081a30 f   jpeg6:jdcoefct.obj
 0001:00080fc0       ?process_restart@@YAEPEAUjpeg_decompress_struct@@@Z 0000000140081fc0 f   jpeg6:jdhuff.obj
 0001:00081060       ?decode_mcu@@YAEPEAUjpeg_decompress_struct@@PEAPEAY0EA@F@Z 0000000140082060 f   jpeg6:jdhuff.obj
 0001:00081530       ?start_pass_huff_decoder@@YAXPEAUjpeg_decompress_struct@@@Z 0000000140082530 f   jpeg6:jdhuff.obj
 0001:000816f0       ?start_pass@@YAXPEAUjpeg_decompress_struct@@@Z 00000001400826f0 f   jpeg6:jddctmgr.obj
 0001:00081ab0       ?post_process_1pass@@YAXPEAUjpeg_decompress_struct@@PEAPEAPEAEPEAIIPEAPEAE2I@Z 0000000140082ab0 f   jpeg6:jdpostct.obj
 0001:00081b60       ?start_pass_dpost@@YAXPEAUjpeg_decompress_struct@@W4J_BUF_MODE@@@Z 0000000140082b60 f   jpeg6:jdpostct.obj
 0001:00081cb0       ?start_pass_upsample@@YAXPEAUjpeg_decompress_struct@@@Z 0000000140082cb0 f   jpeg6:jdsample.obj
 0001:00081cd0       ?sep_upsample@@YAXPEAUjpeg_decompress_struct@@PEAPEAPEAEPEAIIPEAPEAE2I@Z 0000000140082cd0 f   jpeg6:jdsample.obj
 0001:00081e20       ?fullsize_upsample@@YAXPEAUjpeg_decompress_struct@@PEAUjpeg_component_info@@PEAPEAEPEAPEAPEAE@Z 0000000140082e20 f   jpeg6:jdsample.obj
 0001:00081e30       ?noop_upsample@@YAXPEAUjpeg_decompress_struct@@PEAUjpeg_component_info@@PEAPEAEPEAPEAPEAE@Z 0000000140082e30 f   jpeg6:jdsample.obj
 0001:00081e40       ?int_upsample@@YAXPEAUjpeg_decompress_struct@@PEAUjpeg_component_info@@PEAPEAEPEAPEAPEAE@Z 0000000140082e40 f   jpeg6:jdsample.obj
 0001:00081fa0       ?h2v1_upsample@@YAXPEAUjpeg_decompress_struct@@PEAUjpeg_component_info@@PEAPEAEPEAPEAPEAE@Z 0000000140082fa0 f   jpeg6:jdsample.obj
 0001:00082010       ?h2v2_upsample@@YAXPEAUjpeg_decompress_struct@@PEAUjpeg_component_info@@PEAPEAEPEAPEAPEAE@Z 0000000140083010 f   jpeg6:jdsample.obj
 0001:000820d0       ?h2v1_fancy_upsample@@YAXPEAUjpeg_decompress_struct@@PEAUjpeg_component_info@@PEAPEAEPEAPEAPEAE@Z 00000001400830d0 f   jpeg6:jdsample.obj
 0001:000821c0       ?h2v2_fancy_upsample@@YAXPEAUjpeg_decompress_struct@@PEAUjpeg_component_info@@PEAPEAEPEAPEAPEAE@Z 00000001400831c0 f   jpeg6:jdsample.obj
 0001:00082580       ?build_ycc_rgb_table@@YAXPEAUjpeg_decompress_struct@@@Z 0000000140083580 f   jpeg6:jdcolor.obj
 0001:00082680       ?ycc_rgb_convert@@YAXPEAUjpeg_decompress_struct@@PEAPEAPEAEIPEAPEAEH@Z 0000000140083680 f   jpeg6:jdcolor.obj
 0001:00082820       ?null_convert@@YAXPEAUjpeg_decompress_struct@@PEAPEAPEAEIPEAPEAEH@Z 0000000140083820 f   jpeg6:jdcolor.obj
 0001:000828e0       ?grayscale_convert@@YAXPEAUjpeg_decompress_struct@@PEAPEAPEAEIPEAPEAEH@Z 00000001400838e0 f   jpeg6:jdcolor.obj
 0001:00082920       ?ycck_cmyk_convert@@YAXPEAUjpeg_decompress_struct@@PEAPEAPEAEIPEAPEAEH@Z 0000000140083920 f   jpeg6:jdcolor.obj
 0001:00087670       _obj_canload               0000000140088670 f   picomodel:pm_obj.obj
 0001:000877d0       SizeObjVertexData          00000001400887d0 f   picomodel:pm_obj.obj
 0001:00087890       FreeObjVertexData          0000000140088890 f   picomodel:pm_obj.obj
 0001:000878b0       _obj_load                  00000001400888b0 f   picomodel:pm_obj.obj
 0001:000887c0       _terrain_canload           00000001400897c0 f   picomodel:pm_terrain.obj
 0001:00088830       _terrain_load              0000000140089830 f   picomodel:pm_terrain.obj
 0001:00089010       lwo_lwIDToStr              000000014008a010 f   picomodel:pm_lwo.obj
 0001:00089060       _lwo_canload               000000014008a060 f   picomodel:pm_lwo.obj
 0001:000890d0       _lwo_load                  000000014008a0d0 f   picomodel:pm_lwo.obj
 0001:000899d0       _fm_canload                000000014008a9d0 f   picomodel:pm_fm.obj
 0001:00089b00       _fm_load                   000000014008ab00 f   picomodel:pm_fm.obj
 0001:0008a5e0       _md2_canload               000000014008b5e0 f   picomodel:pm_md2.obj
 0001:0008a630       _md2_load                  000000014008b630 f   picomodel:pm_md2.obj
 0001:0008b0a0       _mdc_canload               000000014008c0a0 f   picomodel:pm_mdc.obj
 0001:0008b0f0       _mdc_load                  000000014008c0f0 f   picomodel:pm_mdc.obj
 0001:0008b9d0       _ms3d_canload              000000014008c9d0 f   picomodel:pm_ms3d.obj
 0001:0008ba50       GetWord                    000000014008ca50 f   picomodel:pm_ms3d.obj
 0001:0008ba90       _ms3d_load                 000000014008ca90 f   picomodel:pm_ms3d.obj
 0001:0008c1c0       _ase_get_material          000000014008d1c0 f   picomodel:pm_ase.obj
 0001:0008c1e0       _ase_get_submaterial       000000014008d1e0 f   picomodel:pm_ase.obj
 0001:0008c290       _ase_add_material          000000014008d290 f   picomodel:pm_ase.obj
 0001:0008c2d0       _ase_add_submaterial       000000014008d2d0 f   picomodel:pm_ase.obj
 0001:0008c350       _ase_free_materials        000000014008d350 f   picomodel:pm_ase.obj
 0001:0008c3d0       _ase_canload               000000014008d3d0 f   picomodel:pm_ase.obj
 0001:0008c460       _ase_submit_triangles      000000014008d460 f   picomodel:pm_ase.obj
 0001:0008c9d0       _ase_load                  000000014008d9d0 f   picomodel:pm_ase.obj
 0001:0008e030       _3ds_canload               000000014008f030 f   picomodel:pm_3ds.obj
 0001:0008e090       GetChunk                   000000014008f090 f   picomodel:pm_3ds.obj
 0001:0008e0f0       GetASCIIZ                  000000014008f0f0 f   picomodel:pm_3ds.obj
 0001:0008e180       GetByte                    000000014008f180 f   picomodel:pm_3ds.obj
 0001:0008e1a0       GetWord                    000000014008f1a0 f   picomodel:pm_3ds.obj
 0001:0008e1e0       GetFloat                   000000014008f1e0 f   picomodel:pm_3ds.obj
 0001:0008e210       GetMeshVertices            000000014008f210 f   picomodel:pm_3ds.obj
 0001:0008e2a0       GetMeshFaces               000000014008f2a0 f   picomodel:pm_3ds.obj
 0001:0008e360       GetMeshTexCoords           000000014008f360 f   picomodel:pm_3ds.obj
 0001:0008e3f0       GetMeshShader              000000014008f3f0 f   picomodel:pm_3ds.obj
 0001:0008e5c0       GetDiffuseColor            000000014008f5c0 f   picomodel:pm_3ds.obj
 0001:0008e610       DoNextEditorDataChunk      000000014008f610 f   picomodel:pm_3ds.obj
 0001:0008e890       DoNextChunk                000000014008f890 f   picomodel:pm_3ds.obj
 0001:0008e950       _3ds_load                  000000014008f950 f   picomodel:pm_3ds.obj
 0001:0008ea60       _md3_canload               000000014008fa60 f   picomodel:pm_md3.obj
 0001:0008eab0       _md3_load                  000000014008fab0 f   picomodel:pm_md3.obj
 0001:00092160       compare_shaders            0000000140093160 f   picomodel:surface.obj
 0001:00092160       compare_textures           0000000140093160 f   picomodel:surface.obj
 0001:00092190       add_texture                0000000140093190 f   picomodel:surface.obj
 0001:00092ea0       compare_keys               0000000140093ea0 f   picomodel:envelope.obj
 0001:00093950       add_clip                   0000000140094950 f   picomodel:lwob.obj
 0001:00093a00       add_tvel                   0000000140094a00 f   picomodel:lwob.obj
 0001:00093b80       get_texture                0000000140094b80 f   picomodel:lwob.obj
 0001:00094e1c       pre_cpp_init               0000000140095e1c f   MSVCRT:crtexe.obj
 0001:00094e84       __tmainCRTStartup          0000000140095e84 f   MSVCRT:crtexe.obj
 0001:00095004       pre_c_init                 0000000140096004 f   MSVCRT:crtexe.obj
 0001:000954a0       _onexit$fin$0              00000001400964a0 f   MSVCRT:atonexit.obj
 0001:000954b9       __tmainCRTStartup$filt$0   00000001400964b9 f   MSVCRT:crtexe.obj
 0001:000954e0       _IsNonwritableInCurrentImage$filt$0 00000001400964e0 f   MSVCRT:pesect.obj
