 bloodmap

 Timestamp is 573a4950 (Tue May 17 01:27:28 2016)

 Preferred load address is 0000000140000000

 Start         Length     Name                   Class
 0001:00000000 00097d48H .text                   CODE
 0001:00097d50 0000005eH .text$00                CODE
 0001:00097db0 00000061H .text$x                 CODE
 0002:00000000 00000528H .idata$5                DATA
 0002:00000528 00000008H .CRT$XCA                DATA
 0002:00000530 00000008H .CRT$XCAA               DATA
 0002:00000538 00000008H .CRT$XCZ                DATA
 0002:00000540 00000008H .CRT$XIA                DATA
 0002:00000548 00000008H .CRT$XIAA               DATA
 0002:00000550 00000008H .CRT$XIY                DATA
 0002:00000558 00000008H .CRT$XIZ                DATA
 0002:00000560 00011a08H .rdata                  DATA
 0002:00011f68 00000042H .rdata$debug            DATA
 0002:00011fb0 00000008H .rtc$IAA                DATA
 0002:00011fb8 00000008H .rtc$IZZ                DATA
 0002:00011fc0 00000008H .rtc$TAA                DATA
 0002:00011fc8 00000008H .rtc$TZZ                DATA
 0002:00011fd0 00009fa0H .xdata                  DATA
 0002:0001bf70 00000078H .idata$2                DATA
 0002:0001bfe8 00000014H .idata$3                DATA
 0002:0001c000 00000528H .idata$4                DATA
 0002:0001c528 00000842H .idata$6                DATA
 0002:0001cd6a 00000000H .edata                  DATA
 0003:00000000 00019a68H .data                   DATA
 0003:00019a80 105d3740H .bss                    DATA
 0004:00000000 000066fcH .pdata                  DATA
 0005:00000000 00000250H .rsrc$01                DATA
 0005:00000250 000102f8H .rsrc$02                DATA

  Address         Publics by Value              Rva+Base               Lib:Object

 0000:00000000       ___safe_se_handler_count   0000000000000000     <absolute>
 0000:00000000       ___safe_se_handler_table   0000000000000000     <absolute>
 0000:00000000       __ImageBase                0000000140000000     <linker-defined>
 0001:00000000       ?IncDrawVerts@@YAXXZ       0000000140001000 f   bspfile_abstract.obj
 0001:000000d0       ?SetDrawVerts@@YAXH@Z      00000001400010d0 f   bspfile_abstract.obj
 0001:00000190       ?SetDrawSurfaces@@YAXH@Z   0000000140001190 f   bspfile_abstract.obj
 0001:00000250       ?SwapBSPFile@@YAXXZ        0000000140001250 f   bspfile_abstract.obj
 0001:00000400       ?WriteBSPFile@@YAXPEBD@Z   0000000140001400 f   bspfile_abstract.obj
 0001:000004a0       ?PrintBSPFileSizes@@YAXXZ  00000001400014a0 f   bspfile_abstract.obj
 0001:00000740       ?ParseEPair@@YAPEAUepair_s@@XZ 0000000140001740 f   bspfile_abstract.obj
 0001:000008b0       ?ParseEntity@@YA?AW4qboolean@@XZ 00000001400018b0 f   bspfile_abstract.obj
 0001:000009d0       ?ParseEntities@@YAXXZ      00000001400019d0 f   bspfile_abstract.obj
 0001:00000a70       ?UnparseEntities@@YAXW4qboolean@@@Z 0000000140001a70 f   bspfile_abstract.obj
 0001:00000db0       ?SetKeyValue@@YAXPEAUentity_t@@PEBD1@Z 0000000140001db0 f   bspfile_abstract.obj
 0001:00000f00       ?KeyExists@@YA?AW4qboolean@@PEBUentity_t@@PEBD@Z 0000000140001f00 f   bspfile_abstract.obj
 0001:00000f60       ?ValueForKey@@YAPEBDPEBUentity_t@@PEBD@Z 0000000140001f60 f   bspfile_abstract.obj
 0001:00000fd0       ?IntForKey@@YAHPEBUentity_t@@PEBD@Z 0000000140001fd0 f   bspfile_abstract.obj
 0001:00001050       ?FloatForKey@@YAMPEBUentity_t@@PEBD@Z 0000000140002050 f   bspfile_abstract.obj
 0001:000010c0       ?GetVectorForKey@@YAXPEBUentity_t@@PEBDQEAM@Z 00000001400020c0 f   bspfile_abstract.obj
 0001:00001180       ?FindTargetEntity@@YAPEAUentity_t@@PEBD@Z 0000000140002180 f   bspfile_abstract.obj
 0001:00001250       ?GetEntityShadowFlags@@YAXPEBUentity_t@@0PEAD1W4qboolean@@@Z 0000000140002250 f   bspfile_abstract.obj
 0001:000014a0       ?GetEntityLightmapScale@@YAXPEBUentity_t@@PEAMM@Z 00000001400024a0 f   bspfile_abstract.obj
 0001:00001640       ?GetEntityLightmapAxis@@YAXPEBUentity_t@@QEAM1@Z 0000000140002640 f   bspfile_abstract.obj
 0001:00001920       ?GetEntityNormalSmoothing@@YAXPEBUentity_t@@PEAHH@Z 0000000140002920 f   bspfile_abstract.obj
 0001:00001a30       ?GetEntityMinlightAmbientColor@@YAXPEBUentity_t@@QEAM1111W4qboolean@@@Z 0000000140002a30 f   bspfile_abstract.obj
 0001:00002610       ?GetEntityPatchMeta@@YAXPEBUentity_t@@PEAW4qboolean@@PEAM2MM@Z 0000000140003610 f   bspfile_abstract.obj
 0001:00003ac0       ?LoadIBSPFile@@YAXPEBD@Z   0000000140004ac0 f   bspfile_ibsp.obj
 0001:000040a0       ?WriteIBSPFile@@YAXPEBD@Z  00000001400050a0 f   bspfile_ibsp.obj
 0001:00004ae0       ?LoadRBSPFile@@YAXPEBD@Z   0000000140005ae0 f   bspfile_rbsp.obj
 0001:00005290       ?WriteRBSPFile@@YAXPEBD@Z  0000000140006290 f   bspfile_rbsp.obj
 0001:00005a50       ?PNGReadData@@YAXPEAUpng_struct_def@@PEAE_K@Z 0000000140006a50 f   image.obj
 0001:00005de0       ?WritePNG@@YAXPEBDPEAEHHW4qboolean@@2@Z 0000000140006de0 f   image.obj
 0001:00006190       ?ImageFind@@YAPEAUimage_s@@PEBD@Z 0000000140007190 f   image.obj
 0001:00006280       ?ImageLoad@@YAPEAUimage_s@@PEBD@Z 0000000140007280 f   image.obj
 0001:00006b10       ?FixAAS@@YAHHPEAPEAD@Z     0000000140007b10 f   main.obj
 0001:00006db0       ?AnalyzeBSP@@YAHHPEAPEAD@Z 0000000140007db0 f   main.obj
 0001:000071a0       ?BSPInfo@@YAHHPEAPEAD@Z    00000001400081a0 f   main.obj
 0001:000074e0       ?ScaleBSPMain@@YAHHPEAPEAD@Z 00000001400084e0 f   main.obj
 0001:000084b0       ?ConvertBSPMain@@YAHHPEAPEAD@Z 00000001400094b0 f   main.obj
 0001:000088d0       main                       00000001400098d0 f   main.obj
 0001:00008f70       ?LerpDrawVert@@YAXPEAUbspDrawVert_t@@00@Z 0000000140009f70 f   mesh.obj
 0001:000090c0       ?LerpDrawVertAmount@@YAXPEAUbspDrawVert_t@@0M0@Z 000000014000a0c0 f   mesh.obj
 0001:000092a0       ?CopyMesh@@YAPEAUmesh_t@@PEAU1@@Z 000000014000a2a0 f   mesh.obj
 0001:00009320       ?TransposeMesh@@YAPEAUmesh_t@@PEAU1@@Z 000000014000a320 f   mesh.obj
 0001:00009420       ?InvertMesh@@YAXPEAUmesh_t@@@Z 000000014000a420 f   mesh.obj
 0001:00009560       ?MakeMeshNormals@@YAXUmesh_t@@@Z 000000014000a560 f   mesh.obj
 0001:00009af0       ?PutMeshOnCurve@@YAXUmesh_t@@@Z 000000014000aaf0 f   mesh.obj
 0001:00009e40       ?SubdivideMesh@@YAPEAUmesh_t@@U1@MM@Z 000000014000ae40 f   mesh.obj
 0001:0000ab70       ?IterationsForCurve@@YAHMM@Z 000000014000bb70 f   mesh.obj
 0001:0000ac10       ?SubdivideMesh2@@YAPEAUmesh_t@@U1@H@Z 000000014000bc10 f   mesh.obj
 0001:0000b500       ?RemoveLinearMeshColumnsRows@@YAPEAUmesh_t@@PEAU1@@Z 000000014000c500 f   mesh.obj
 0001:0000baf0       ?PicoPrintFunc@@YAXHPEBD@Z 000000014000caf0 f   model.obj
 0001:0000bb70       ?PicoLoadFileFunc@@YAXPEADPEAPEAEPEAH@Z 000000014000cb70 f   model.obj
 0001:0000bb90       ?FindModel@@YAPEAUpicoModel_s@@PEBDH@Z 000000014000cb90 f   model.obj
 0001:0000bc60       ?LoadModel@@YAPEAUpicoModel_s@@PEBDH@Z 000000014000cc60 f   model.obj
 0001:0000bd70       ?InsertModel@@YAXPEADHHQEAMMPEAUremap_s@@PEAUshaderInfo_s@@HHDDHM11111MHHW4qboolean@@M4PEAH555@Z 000000014000cd70 f   model.obj
 0001:0000d100       ?LoadTriangleModels@@YAXXZ 000000014000e100 f   model.obj
 0001:0000d470       ?AddTriangleModels@@YAXH@Z 000000014000e470 f   model.obj
 0001:0000e650       ?TidyShaders@@YAXXZ        000000014000f650 f   optimize.obj
 0001:0000edb0       ?MergeDrawSurfaces@@YAXXZ  000000014000fdb0 f   optimize.obj
 0001:0000fac0       ?MergeDrawVerts@@YAXXZ     0000000140010ac0 f   optimize.obj
 0001:00010510       ?WriteResourceOBJFile@@YAXPEBD@Z 0000000140011510 f   optimize.obj
 0001:00010df0       ?OptimizeBSPMain@@YAHHPEAPEAD@Z 0000000140011df0 f   optimize.obj
 0001:00011540       ?AllocateEntity@@YAPEAUentity_t@@PEAU1@@Z 0000000140012540 f   patchbsp.obj
 0001:000115c0       ?FindMapEntityByUniqueKey@@YAPEAUentity_t@@PEBD@Z 00000001400125c0 f   patchbsp.obj
 0001:000116d0       ?PatchEntities@@YAXXZ      00000001400126d0 f   patchbsp.obj
 0001:00011c50       ?PatchBSPMain@@YAHHPEAPEAD@Z 0000000140012c50 f   patchbsp.obj
 0001:00012280       ?GetGame@@YAPEAUgame_s@@PEAD@Z 0000000140013280 f   path_init.obj
 0001:000123d0       ?AddBasePath@@YAXPEAD@Z    00000001400133d0 f   path_init.obj
 0001:00012470       ?AddGamePath@@YAXPEAD@Z    0000000140013470 f   path_init.obj
 0001:00012510       ?InitPaths@@YAXPEAHPEAPEAD@Z 0000000140013510 f   path_init.obj
 0001:000129e0       ?SanitizePath@@YAXPEAD0@Z  00000001400139e0 f   path_init.obj
 0001:00012a70       ?GetGamePath@@YA?AW4qboolean@@PEAD0@Z 0000000140013a70 f   path_init.obj
 0001:00012d00       ?ColorModBuildRandomMatrix@@YAXXZ 0000000140013d00 f   shaders.obj
 0001:00012db0       ?ColorModRandom@@YAMQEAMM@Z 0000000140013db0 f   shaders.obj
 0001:00013080       ?ColorMod@@YAXPEAUentity_t@@PEAUmapDrawSurface_s@@PEAUcolorMod_s@@PEAUbrush_s@@HH@Z 0000000140014080 f   shaders.obj
 0001:00013a40       ?TCModMultiply@@YAXQEAY02M00@Z 0000000140014a40 f   shaders.obj
 0001:00013bc0       ?TCModRotate@@YAXQEAY02MM@Z 0000000140014bc0 f   shaders.obj
 0001:00013cb0       ?ApplySurfaceParm@@YA?AW4qboolean@@PEADPEAH11@Z 0000000140014cb0 f   shaders.obj
 0001:00013e00       ?BeginMapShaderFile@@YAXPEBD@Z 0000000140014e00 f   shaders.obj
 0001:00013f70       ?WriteMapShaderFile@@YAXXZ 0000000140014f70 f   shaders.obj
 0001:000140f0       ?CustomShader@@YAPEAUshaderInfo_s@@PEAU1@PEAD1@Z 00000001400150f0 f   shaders.obj
 0001:000147d0       ?FinishShader@@YAXPEAUshaderInfo_s@@@Z 00000001400157d0 f   shaders.obj
 0001:00014ed0       ?ShaderInfoForShader@@YAPEAUshaderInfo_s@@PEBD@Z 0000000140015ed0 f   shaders.obj
 0001:000150d0       ?GetTokenAppend@@YA?AW4qboolean@@PEADW41@@Z 00000001400160d0 f   shaders.obj
 0001:000151d0       ?Parse1DMatrixAppend@@YAXPEADHPEAM@Z 00000001400161d0 f   shaders.obj
 0001:000152c0       ?AllocateColorMod@@YAPEAUcolorMod_s@@PEAUshaderInfo_s@@W4colorModType_t@@@Z 00000001400162c0 f   shaders.obj
 0001:000183d0       ?LoadShaderInfo@@YAXXZ     00000001400193d0 f   shaders.obj
 0001:00018610       ?AllocSideRef@@YAPEAUsideRef_s@@PEAUside_s@@PEAU1@@Z 0000000140019610 f   brush.obj
 0001:00018660       ?AllocBrush@@YAPEAUbrush_s@@H@Z 0000000140019660 f   brush.obj
 0001:000186e0       ?FreeBrush@@YAXPEAUbrush_s@@@Z 00000001400196e0 f   brush.obj
 0001:000187d0       ?CopyBrush@@YAPEAUbrush_s@@PEAU1@@Z 00000001400197d0 f   brush.obj
 0001:000188a0       ?BoundBrush@@YA?AW4qboolean@@PEAUbrush_s@@@Z 00000001400198a0 f   brush.obj
 0001:00018990       ?CreateBrushWindings@@YA?AW4qboolean@@PEAUbrush_s@@@Z 0000000140019990 f   brush.obj
 0001:00018b20       ?BrushVolume@@YAMPEAUbrush_s@@@Z 0000000140019b20 f   brush.obj
 0001:00018c50       ?WriteBSPBrushMap@@YAXPEADPEAUbrush_s@@@Z 0000000140019c50 f   brush.obj
 0001:00018e60       ?FilterBrushIntoTree_r@@YAHPEAUbrush_s@@PEAUnode_s@@@Z 0000000140019e60 f   brush.obj
 0001:00018f30       ?FilterDetailBrushesIntoTree@@YAXPEAUentity_t@@PEAUtree_t@@@Z 0000000140019f30 f   brush.obj
 0001:00019000       ?FilterStructuralBrushesIntoTree@@YAXPEAUentity_t@@PEAUtree_t@@W4qboolean@@@Z 000000014001a000 f   brush.obj
 0001:00019100       ?WindingIsTiny@@YA?AW4qboolean@@PEAUwinding_t@@@Z 000000014001a100 f   brush.obj
 0001:000191e0       ?BrushMostlyOnSide@@YAHPEAUbrush_s@@PEAUplane_s@@@Z 000000014001a1e0 f   brush.obj
 0001:00019450       ?SplitBrush@@YAXPEAUbrush_s@@HPEAPEAU1@1@Z 000000014001a450 f   brush.obj
 0001:00019c00       ?ComputeAxisBase@@YAXQEAM00@Z 000000014001ac00 f   brush_primit.obj
 0001:00019d50       ?SetCloneModelNumbers@@YAXXZ 000000014001ad50 f   bsp.obj
 0001:0001a5d0       ?ProcessWorldModel@@YAXXZ  000000014001b5d0 f   bsp.obj
 0001:0001b5f0       ?ProcessSubModel@@YAXXZ    000000014001c5f0 f   bsp.obj
 0001:0001b880       ?ProcessModels@@YAXXZ      000000014001c880 f   bsp.obj
 0001:0001baa0       ?RegionScissor@@YAXXZ      000000014001caa0 f   bsp.obj
 0001:0001ca40       ?BSPMain@@YAHHPEAPEAD@Z    000000014001da40 f   bsp.obj
 0001:0001eba0       ?ProcessDecals@@YAXXZ      000000014001fba0 f   decals.obj
 0001:00020130       ?MakeEntityDecals@@YAXPEAUentity_t@@@Z 0000000140021130 f   decals.obj
 0001:000204e0       ?FreeNode@@YAXPEAUdnode_s@@@Z 00000001400214e0 f   decorations.obj
 0001:00020550       ?FreeNodesArray@@YAXPEAUdnode_s@@H@Z 0000000140021550 f   decorations.obj
 0001:00020650       ?EntityArrayAdd@@YAXPEAUdgroupents_s@@PEAUentity_t@@@Z 0000000140021650 f   decorations.obj
 0001:00020710       ?NewDecoreGroup@@YAPEAUdgroup_s@@PEADW4decoreMatchParm_t@@@Z 0000000140021710 f   decorations.obj
 0001:00020880       ?PopulateDecoreGroup@@YA?AW4qboolean@@PEAUentity_t@@W4decoreMatchParm_t@@PEAD@Z 0000000140021880 f   decorations.obj
 0001:00020a70       ?DecoreParseActions@@YAXPEAUdactions_s@@@Z 0000000140021a70 f   decorations.obj
 0001:000210b0       ?EntityPopulateDecorationGroups@@YAXH@Z 00000001400220b0 f   decorations.obj
 0001:00021120       ?LoadDecorationScript@@YAXXZ 0000000140022120 f   decorations.obj
 0001:00021900       ?EntityProcessActions@@YAXPEAUentity_t@@PEAUdactions_s@@@Z 0000000140022900 f   decorations.obj
 0001:00021ad0       ?CreateEntity@@YAPEAUentity_t@@PEAD@Z 0000000140022ad0 f   decorations.obj
 0001:00021b80       ?LoadFoliage@@YAXPEAD@Z    0000000140022b80 f   decorations.obj
 0001:00021de0       ?LoadRtlights@@YAXXZ       0000000140022de0 f   decorations.obj
 0001:00022750       ?ProcessDecorationGroup@@YAXH@Z 0000000140023750 f   decorations.obj
 0001:00023070       ?ProcessDecorations@@YAXXZ 0000000140024070 f   decorations.obj
 0001:000234f0       ?BuildFaceTree_r@@YAXPEAUnode_s@@PEAUface_s@@@Z 00000001400244f0 f   facebsp.obj
 0001:000238c0       ?FaceBSP@@YAPEAUtree_t@@PEAUface_s@@W4qboolean@@@Z 00000001400248c0 f   facebsp.obj
 0001:00023a70       ?MakeStructuralBSPFaceList@@YAPEAUface_s@@PEAUbrush_s@@@Z 0000000140024a70 f   facebsp.obj
 0001:00023be0       ?MakeVisibleBSPFaceList@@YAPEAUface_s@@PEAUbrush_s@@@Z 0000000140024be0 f   facebsp.obj
 0001:00023d50       ?DrawSurfToMesh@@YAPEAUmesh_t@@PEAUmapDrawSurface_s@@@Z 0000000140024d50 f   fog.obj
 0001:00023df0       ?SplitMeshByPlane@@YAXPEAUmesh_t@@QEAMMPEAPEAU1@2@Z 0000000140024df0 f   fog.obj
 0001:00024590       ?ChopPatchSurfaceByBrush@@YA?AW4qboolean@@PEAUentity_t@@PEAUmapDrawSurface_s@@PEAUbrush_s@@@Z 0000000140025590 f   fog.obj
 0001:000247f0       ?WindingFromDrawSurf@@YAPEAUwinding_t@@PEAUmapDrawSurface_s@@@Z 00000001400257f0 f   fog.obj
 0001:00024a30       ?ChopFaceSurfaceByBrush@@YA?AW4qboolean@@PEAUentity_t@@PEAUmapDrawSurface_s@@PEAUbrush_s@@@Z 0000000140025a30 f   fog.obj
 0001:00024db0       ?FogDrawSurfaces@@YAXPEAUentity_t@@@Z 0000000140025db0 f   fog.obj
 0001:00024fc0       ?FogForBounds@@YAHQEAM0M@Z 0000000140025fc0 f   fog.obj
 0001:00025140       ?CreateMapFogs@@YAXXZ      0000000140026140 f   fog.obj
 0001:00025480       ?LeakFile@@YAPEAU_xmlNode@@PEAUtree_t@@@Z 0000000140026480 f   leakfile.obj
 0001:00025900       ?CreateNewFloatPlane@@YAHQEAMM@Z 0000000140026900 f   map.obj
 0001:00025b00       ?SnapNormal@@YAXQEAM@Z     0000000140026b00 f   map.obj
 0001:00025ba0       ?FindFloatPlane@@YAHQEAMMHPEAY02M@Z 0000000140026ba0 f   map.obj
 0001:00025ef0       ?MapPlaneFromPoints@@YAHPEAY02M@Z 0000000140026ef0 f   map.obj
 0001:00026050       ?SetBrushContents@@YAXPEAUbrush_s@@@Z 0000000140027050 f   map.obj
 0001:000261a0       ?AddBrushBevels@@YAXXZ     00000001400271a0 f   map.obj
 0001:00026d40       ?FinishBrush@@YAPEAUbrush_s@@XZ 0000000140027d40 f   map.obj
 0001:00027020       ?TextureAxisFromPlane@@YAXPEAUplane_s@@QEAM1@Z 0000000140028020 f   map.obj
 0001:000271f0       ?QuakeTextureVecs@@YAXPEAUplane_s@@QEAMM1QEAY03M@Z 00000001400281f0 f   map.obj
 0001:000279c0       ?RemoveDuplicateBrushPlanes@@YA?AW4qboolean@@PEAUbrush_s@@@Z 00000001400289c0 f   map.obj
 0001:00027ce0       ?MoveBrushesToWorld@@YAXPEAUentity_t@@@Z 0000000140028ce0 f   map.obj
 0001:00027e50       ?AdjustBrushesForOrigin@@YAXPEAUentity_t@@@Z 0000000140028e50 f   map.obj
 0001:00027f90       ?SetEntityBounds@@YAXPEAUentity_t@@@Z 0000000140028f90 f   map.obj
 0001:00028320       ?LoadEntityIndexMap@@YAXPEAUentity_t@@@Z 0000000140029320 f   map.obj
 0001:000292a0       ?LoadMapFile@@YAXPEADW4qboolean@@111@Z 000000014002a2a0 f   map.obj
 0001:00029740       ?CheckMapForErrors@@YAHXZ  000000014002a740 f   map.obj
 0001:0002a750       ?ParsePatch@@YAXW4qboolean@@@Z 000000014002b750 f   patch.obj
 0001:0002af70       ?PatchMapDrawSurfs@@YAXPEAUentity_t@@@Z 000000014002bf70 f   patch.obj
 0001:0002b540       ?MakeHeadnodePortals@@YAXPEAUtree_t@@@Z 000000014002c540 f   portals.obj
 0001:0002b840       ?BaseWindingForNode@@YAPEAUwinding_t@@PEAUnode_s@@@Z 000000014002c840 f   portals.obj
 0001:0002b950       ?MakeNodePortal@@YAXPEAUnode_s@@@Z 000000014002c950 f   portals.obj
 0001:0002bb90       ?SplitNodePortals@@YAXPEAUnode_s@@@Z 000000014002cb90 f   portals.obj
 0001:0002c300       ?CalcNodeBounds@@YAXPEAUnode_s@@@Z 000000014002d300 f   portals.obj
 0001:0002c390       ?MakeTreePortals_r@@YAXPEAUnode_s@@@Z 000000014002d390 f   portals.obj
 0001:0002c480       ?FloodPortals_r@@YAXPEAUnode_s@@HW4qboolean@@@Z 000000014002d480 f   portals.obj
 0001:0002c520       ?PlaceOccupantTest@@YA?AW4qboolean@@PEAUtree_t@@PEAUnode_s@@QEAM@Z 000000014002d520 f   portals.obj
 0001:0002c5c0       ?FloodEntities@@YA?AW4qboolean@@PEAUtree_t@@W41@@Z 000000014002d5c0 f   portals.obj
 0001:0002d050       ?FloodAreas_r@@YAXPEAUnode_s@@@Z 000000014002e050 f   portals.obj
 0001:0002d1a0       ?FindAreas_r@@YAXPEAUnode_s@@@Z 000000014002e1a0 f   portals.obj
 0001:0002d1f0       ?FloodSkyboxArea_r@@YAXPEAUnode_s@@@Z 000000014002e1f0 f   portals.obj
 0001:0002d240       ?FloodAreas@@YAXPEAUtree_t@@@Z 000000014002e240 f   portals.obj
 0001:0002d2f0       ?FillOutside_r@@YAXPEAUnode_s@@@Z 000000014002e2f0 f   portals.obj
 0001:0002d350       ?FillOutside@@YAXPEAUnode_s@@@Z 000000014002e350 f   portals.obj
 0001:0002d3d0       ?WriteFloat@@YAXPEAU_iobuf@@M@Z 000000014002e3d0 f   prtfile.obj
 0001:0002d460       ?WritePortalFile_r@@YAXPEAUnode_s@@@Z 000000014002e460 f   prtfile.obj
 0001:0002d780       ?WriteFaceFile_r@@YAXPEAUnode_s@@@Z 000000014002e780 f   prtfile.obj
 0001:0002d9c0       ?NumberLeafs_r@@YAXPEAUnode_s@@@Z 000000014002e9c0 f   prtfile.obj
 0001:0002daf0       ?NumberClusters@@YAXPEAUtree_t@@@Z 000000014002eaf0 f   prtfile.obj
 0001:0002db70       ?WritePortalFile@@YAXPEAUtree_t@@@Z 000000014002eb70 f   prtfile.obj
 0001:0002dc70       ?AllocDrawSurface@@YAPEAUmapDrawSurface_s@@W4surfaceType_t@@@Z 000000014002ec70 f   surface.obj
 0001:0002dd40       ?FinishSurface@@YAXPEAUmapDrawSurface_s@@@Z 000000014002ed40 f   surface.obj
 0001:0002de00       ?CloneSurface@@YAPEAUmapDrawSurface_s@@PEAU1@PEAUshaderInfo_s@@@Z 000000014002ee00 f   surface.obj
 0001:0002df00       ?MakeSkyboxSurface@@YAPEAUmapDrawSurface_s@@PEAU1@@Z 000000014002ef00 f   surface.obj
 0001:0002df80       ?IsTriangleDegenerate@@YA?AW4qboolean@@PEAUbspDrawVert_t@@HHH@Z 000000014002ef80 f   surface.obj
 0001:0002e070       ?ClearSurface@@YAXPEAUmapDrawSurface_s@@@Z 000000014002f070 f   surface.obj
 0001:0002e0d0       ?TidyEntitySurfaces@@YAXPEAUentity_t@@@Z 000000014002f0d0 f   surface.obj
 0001:0002e250       ?CalcSurfaceTextureRange@@YA?AW4qboolean@@PEAUmapDrawSurface_s@@@Z 000000014002f250 f   surface.obj
 0001:0002e4b0       ?CalcLightmapAxis@@YA?AW4qboolean@@QEAM0@Z 000000014002f4b0 f   surface.obj
 0001:0002e5c0       ?ClassifySurfaces@@YAXHPEAUmapDrawSurface_s@@@Z 000000014002f5c0 f   surface.obj
 0001:0002ea90       ?ClassifyEntitySurfaces@@YAXPEAUentity_t@@@Z 000000014002fa90 f   surface.obj
 0001:0002eb00       ?GetShaderIndexForPoint@@YAEPEAUindexMap_s@@QEAM11@Z 000000014002fb00 f   surface.obj
 0001:0002ebf0       ?GetIndexedShader@@YAPEAUshaderInfo_s@@PEAU1@PEAUindexMap_s@@HPEAE@Z 000000014002fbf0 f   surface.obj
 0001:0002ee50       ?DrawSurfaceForSide@@YAPEAUmapDrawSurface_s@@PEAUentity_t@@PEAUbrush_s@@PEAUside_s@@PEAUwinding_t@@PEAY02MPEAHH@Z 000000014002fe50 f   surface.obj
 0001:0002f910       ?DrawSurfaceForMesh@@YAPEAUmapDrawSurface_s@@PEAUentity_t@@PEAUparseMesh_s@@PEAUmesh_t@@@Z 0000000140030910 f   surface.obj
 0001:000304b0       ?DrawSurfaceForFlare@@YAPEAUmapDrawSurface_s@@HQEAM00PEADH@Z 00000001400314b0 f   surface.obj
 0001:00030a00       ?SubdivideFaceSurfaces@@YAXPEAUentity_t@@PEAUtree_t@@@Z 0000000140031a00 f   surface.obj
 0001:00030d60       ?ClipSideIntoTree_r@@YAXPEAUwinding_t@@PEAUside_s@@PEAUnode_s@@@Z 0000000140031d60 f   surface.obj
 0001:00030e70       ?SideInBrush@@YA?AW4qboolean@@PEAUside_s@@PEAUbrush_s@@@Z 0000000140031e70 f   surface.obj
 0001:00030f60       ?CullSides@@YAXPEAUentity_t@@@Z 0000000140031f60 f   surface.obj
 0001:000313c0       ?ClipSidesIntoTree@@YAXPEAUentity_t@@PEAUtree_t@@W4qboolean@@@Z 00000001400323c0 f   surface.obj
 0001:00031630       ?AddReferenceToLeaf@@YAHPEAUmapDrawSurface_s@@PEAUnode_s@@@Z 0000000140032630 f   surface.obj
 0001:000316e0       ?AddReferenceToTree_r@@YAHPEAUmapDrawSurface_s@@PEAUnode_s@@W4qboolean@@@Z 00000001400326e0 f   surface.obj
 0001:000317b0       ?FilterPointIntoTree_r@@YAHQEAMPEAUmapDrawSurface_s@@PEAUnode_s@@@Z 00000001400327b0 f   surface.obj
 0001:00031890       ?FilterWindingIntoTree_r@@YAHPEAUwinding_t@@PEAUmapDrawSurface_s@@PEAUnode_s@@@Z 0000000140032890 f   surface.obj
 0001:000326a0       ?EmitDrawVerts@@YAXPEAUmapDrawSurface_s@@PEAUbspDrawSurface_t@@H@Z 00000001400336a0 f   surface.obj
 0001:00032870       ?FindDrawIndexes@@YAHHPEAH@Z 0000000140033870 f   surface.obj
 0001:000329d0       ?EmitDrawIndexes@@YAXPEAUmapDrawSurface_s@@PEAUbspDrawSurface_t@@@Z 00000001400339d0 f   surface.obj
 0001:00032c00       ?EmitFlareSurface@@YAXPEAUmapDrawSurface_s@@@Z 0000000140033c00 f   surface.obj
 0001:00032d30       ?EmitPatchSurface@@YAXPEAUentity_t@@PEAUmapDrawSurface_s@@@Z 0000000140033d30 f   surface.obj
 0001:000340d0       ?MakeFogHullSurfs@@YAXPEAUentity_t@@PEAUtree_t@@PEAD@Z 00000001400350d0 f   surface.obj
 0001:000344b0       ?BiasSurfaceTextures@@YAXPEAUmapDrawSurface_s@@@Z 00000001400354b0 f   surface.obj
 0001:00034530       ?AddSurfaceModelsToTriangle_r@@YAHPEAUmapDrawSurface_s@@PEAUsurfaceModel_s@@PEAPEAUbspDrawVert_t@@@Z 0000000140035530 f   surface.obj
 0001:00034b90       ?AddSurfaceModels@@YAHPEAUmapDrawSurface_s@@@Z 0000000140035b90 f   surface.obj
 0001:000355c0       ?FixDrawsurfVertexAlpha@@YAXH@Z 00000001400365c0 f   surface.obj
 0001:00036150       ?FixVertexAlpha@@YAXPEAUentity_t@@W4qboolean@@@Z 0000000140037150 f   surface.obj
 0001:000363d0       ?ApplyVertexMods@@YAXPEAUentity_t@@W4qboolean@@@Z 00000001400373d0 f   surface.obj
 0001:00036610       ?FilterDrawsurfsIntoTree@@YAXPEAUentity_t@@PEAUtree_t@@W4qboolean@@@Z 0000000140037610 f   surface.obj
 0001:00036ce0       ?EmitDrawsurfsSimpleStats@@YAXXZ 0000000140037ce0 f   surface.obj
 0001:00036e50       ?SetSurfaceExtra@@YAXPEAUmapDrawSurface_s@@H@Z 0000000140037e50 f   surface_extra.obj
 0001:00036fa0       ?WriteSurfaceExtraFile@@YAXPEBD@Z 0000000140037fa0 f   surface_extra.obj
 0001:000374a0       ?LoadSurfaceExtraFile@@YAXPEBD@Z 00000001400384a0 f   surface_extra.obj
 0001:00037ed0       ?Foliage@@YAXPEAUmapDrawSurface_s@@@Z 0000000140038ed0 f   surface_foliage.obj
 0001:00038510       ?Fur@@YAXPEAUmapDrawSurface_s@@@Z 0000000140039510 f   surface_fur.obj
 0001:000388b0       ?FindMetaTriangle@@YAHPEAUmetaTriangle_s@@PEAUbspDrawVert_t@@11H@Z 00000001400398b0 f   surface_meta.obj
 0001:00039020       ?TriangulatePatchSurface@@YAXPEAUentity_t@@PEAUmapDrawSurface_s@@@Z 000000014003a020 f   surface_meta.obj
 0001:000392e0       ?FanFaceSurface@@YAXPEAUmapDrawSurface_s@@@Z 000000014003a2e0 f   surface_meta.obj
 0001:00039630       ?StripFaceSurface@@YAXPEAUmapDrawSurface_s@@W4qboolean@@@Z 000000014003a630 f   surface_meta.obj
 0001:00039940       ?EmitMetaStats@@YAXXZ      000000014003a940 f   surface_meta.obj
 0001:000399f0       ?MakeEntityMetaTriangles@@YAXPEAUentity_t@@@Z 000000014003a9f0 f   surface_meta.obj
 0001:00039c40       ?MetaTriangleFindAreaWeight@@YAXH@Z 000000014003ac40 f   surface_meta.obj
 0001:0003a1b0       ?SmoothMetaTriangles@@YAXXZ 000000014003b1b0 f   surface_meta.obj
 0001:0003acf0       ?AddMetaVertToSurface@@YAHPEAUmapDrawSurface_s@@PEAUbspDrawVert_t@@PEAH@Z 000000014003bcf0 f   surface_meta.obj
 0001:0003c180       ?GroupMetaTriangles@@YAXXZ 000000014003d180 f   surface_meta.obj
 0001:0003c9a0       ?MergeMetaTrianglesThread@@YAXH@Z 000000014003d9a0 f   surface_meta.obj
 0001:0003cab0       ?MergeMetaTriangles@@YAXXZ 000000014003dab0 f   surface_meta.obj
 0001:0003cd50       ?InsertPointOnEdge@@YAXQEAMPEAUedgeLine_s@@@Z 000000014003dd50 f   tjunction.obj
 0001:0003ce80       ?AddEdge@@YAHQEAM0W4qboolean@@@Z 000000014003de80 f   tjunction.obj
 0001:0003d340       ?AddSurfaceEdges@@YAXPEAUmapDrawSurface_s@@@Z 000000014003e340 f   tjunction.obj
 0001:0003d3d0       ?ColinearEdge@@YA?AW4qboolean@@QEAM00@Z 000000014003e3d0 f   tjunction.obj
 0001:0003d4f0       ?AddPatchEdges@@YAXPEAUmapDrawSurface_s@@@Z 000000014003e4f0 f   tjunction.obj
 0001:0003d6c0       ?FixSurfaceJunctions@@YAXPEAUmapDrawSurface_s@@@Z 000000014003e6c0 f   tjunction.obj
 0001:0003dc40       ?FixBrokenSurface@@YA?AW4qboolean@@PEAUmapDrawSurface_s@@@Z 000000014003ec40 f   tjunction.obj
 0001:0003e000       ?EdgeCompare@@YAHPEBX0@Z   000000014003f000 f   tjunction.obj
 0001:0003e010       ?FixTJunctions@@YAXPEAUentity_t@@@Z 000000014003f010 f   tjunction.obj
 0001:0003e2e0       ?FreeTreePortals_r@@YAXPEAUnode_s@@@Z 000000014003f2e0 f   tree.obj
 0001:0003e470       ?FreeTree_r@@YAXPEAUnode_s@@@Z 000000014003f470 f   tree.obj
 0001:0003e4d0       ?FreeTree@@YAXPEAUtree_t@@@Z 000000014003f4d0 f   tree.obj
 0001:0003e550       ?EmitShader@@YAHPEBDPEAH1@Z 000000014003f550 f   writebsp.obj
 0001:0003e6c0       ?EmitPlanes@@YAXXZ         000000014003f6c0 f   writebsp.obj
 0001:0003e810       ?EmitLeaf@@YAXPEAUnode_s@@@Z 000000014003f810 f   writebsp.obj
 0001:0003e980       ?EmitDrawNode_r@@YAHPEAUnode_s@@@Z 000000014003f980 f   writebsp.obj
 0001:0003eab0       ?SetModelNumbers@@YAXXZ    000000014003fab0 f   writebsp.obj
 0001:0003eb50       ?SetLightStyles@@YAXXZ     000000014003fb50 f   writebsp.obj
 0001:0003eea0       ?EndBSPFile@@YAXXZ         000000014003fea0 f   writebsp.obj
 0001:0003efa0       ?EmitBrushes@@YAXPEAUbrush_s@@PEAH1@Z 000000014003ffa0 f   writebsp.obj
 0001:0003f2a0       ?EmitFogs@@YAXXZ           00000001400402a0 f   writebsp.obj
 0001:0003f3c0       ?BeginModel@@YAXXZ         00000001400403c0 f   writebsp.obj
 0001:0003f770       ?EndModel@@YAXPEAUentity_t@@PEAUnode_s@@@Z 0000000140040770 f   writebsp.obj
 0001:0003fd70       ?CreateEntityLights@@YAXXZ 0000000140040d70 f   light.obj
 0001:00040da0       ?CreateSurfaceLights@@YAXXZ 0000000140041da0 f   light.obj
 0001:00041130       ?SetEntityOrigins@@YAXXZ   0000000140042130 f   light.obj
 0001:000413b0       ?PointToPolygonFormFactor@@YAMQEBM0PEBUwinding_t@@@Z 00000001400423b0 f   light.obj
 0001:00041670       ?LightContribution@@YAHPEAUtrace_t@@HW4qboolean@@@Z 0000000140042670 f   light.obj
 0001:00041e50       ?LightContributionAllStyles@@YAXPEAUtrace_t@@QEAEQEAY02MHW4qboolean@@@Z 0000000140042e50 f   light.obj
 0001:00042090       ?LightContributionSuper@@YAHPEAUtrace_t@@HW4qboolean@@HQEBM22QEAM@Z 0000000140043090 f   light.obj
 0001:00042760       ?IlluminateGridPoint@@YAXPEAUtrace_t@@HPEAPEAUrawLightmap_s@@H@Z 0000000140043760 f   light.obj
 0001:000440a0       ?IlluminateGridBlock@@YAXH@Z 00000001400450a0 f   light.obj
 0001:000449e0       ?FloodGridPoint@@YAXH@Z    00000001400459e0 f   light.obj
 0001:00044d00       ?FinishIlluminateGrid@@YAXXZ 0000000140045d00 f   light.obj
 0001:00044eb0       ?IlluminateGrid@@YAXXZ     0000000140045eb0 f   light.obj
 0001:00044f80       ?IlluminateGridByLightmap@@YAXXZ 0000000140045f80 f   light.obj
 0001:00045050       ?SetupGrid@@YAXXZ          0000000140046050 f   light.obj
 0001:00045b00       ?SampleGrid@@YAXQEAM000@Z  0000000140046b00 f   light.obj
 0001:00045fe0       ?LightWorld@@YAXPEAD@Z     0000000140046fe0 f   light.obj
 0001:00047a90       ?LightMain@@YAHHPEAPEAD@Z  0000000140048a90 f   light.obj
 0001:0004b3f0       ?RadFreeLights@@YAXXZ      000000014004c3f0 f   light_bounce.obj
 0001:0004b8b0       ?RadSampleImage@@YA?AW4qboolean@@PEAEHHQEAM1@Z 000000014004c8b0 f   light_bounce.obj
 0001:0004cbb0       ?RadLightForTriangles@@YAXHHPEAUrawLightmap_s@@PEAUshaderInfo_s@@MMPEAUclipWork_t@@@Z 000000014004dbb0 f   light_bounce.obj
 0001:0004cda0       ?RadLightForPatch@@YAXHHPEAUrawLightmap_s@@PEAUshaderInfo_s@@MMPEAUclipWork_t@@@Z 000000014004dda0 f   light_bounce.obj
 0001:0004d310       ?RadLight@@YAXH@Z          000000014004e310 f   light_bounce.obj
 0001:0004d500       ?RadCreateDiffuseLights@@YAXXZ 000000014004e500 f   light_bounce.obj
 0001:0004ddf0       ?ClipTraceWinding@@YAXPEAUtraceWinding_s@@QEAM00@Z 000000014004edf0 f   light_trace.obj
 0001:0004ff70       ?SetupTraceNodes@@YAXXZ    0000000140050f70 f   light_trace.obj
 0001:00050190       ?TraceTriangle@@YA?AW4qboolean@@PEAUtraceInfo_s@@PEAUtraceTriangle_s@@PEAUtrace_t@@@Z 0000000140051190 f   light_trace.obj
 0001:00050cb0       ?TraceLine@@YAXPEAUtrace_t@@@Z 0000000140051cb0 f   light_trace.obj
 0001:00050ea0       ?SetupTrace@@YAMPEAUtrace_t@@@Z 0000000140051ea0 f   light_trace.obj
 0001:00050f20       ?ColorToBytesLinear@@YAXPEBMPEAEMW4qboolean@@@Z 0000000140051f20 f   light_ydnar.obj
 0001:000511c0       ?ColorToBytesGamma@@YAXPEBMPEAEMW4qboolean@@@Z 00000001400521c0 f   light_ydnar.obj
 0001:00051500       ?ColorToBytesLinearExposure@@YAXPEBMPEAEMW4qboolean@@@Z 0000000140052500 f   light_ydnar.obj
 0001:000517d0       ?ColorToBytesGammaExposure@@YAXPEBMPEAEMW4qboolean@@@Z 00000001400527d0 f   light_ydnar.obj
 0001:00051b50       ?ColorToBytesLinearCompensate@@YAXPEBMPEAEMW4qboolean@@@Z 0000000140052b50 f   light_ydnar.obj
 0001:00051e00       ?ColorToBytesGammaCompensate@@YAXPEBMPEAEMW4qboolean@@@Z 0000000140052e00 f   light_ydnar.obj
 0001:00052150       ?ColorToBytesLinearExposureCompensate@@YAXPEBMPEAEMW4qboolean@@@Z 0000000140053150 f   light_ydnar.obj
 0001:00052450       ?ColorToBytesGammaExposureCompensate@@YAXPEBMPEAEMW4qboolean@@@Z 0000000140053450 f   light_ydnar.obj
 0001:000527e0       ?SmoothNormals@@YAXXZ      00000001400537e0 f   light_ydnar.obj
 0001:00055020       ?MapRawLightmap@@YAXH@Z    0000000140056020 f   light_ydnar.obj
 0001:00055de0       ?DirtModeName@@YAPEADPEAW4dirtMode_t@@@Z 0000000140056de0 f   light_ydnar.obj
 0001:00055e50       ?EnableDirtForEntity@@YAXH@Z 0000000140056e50 f   light_ydnar.obj
 0001:00055ef0       ?SetupDirtForEntity@@YAXH@Z 0000000140056ef0 f   light_ydnar.obj
 0001:000566f0       ?SetupDirt@@YAXXZ          00000001400576f0 f   light_ydnar.obj
 0001:00056a10       ?DirtForSample@@YAMPEAUtrace_t@@@Z 0000000140057a10 f   light_ydnar.obj
 0001:00057420       ?DirtyRawLightmap@@YAXH@Z  0000000140058420 f   light_ydnar.obj
 0001:00057980       ?ApplyDirt@@YAXPEAM000HMM@Z 0000000140058980 f   light_ydnar.obj
 0001:000584b0       ?LightGridRawLightmap@@YAXH@Z 00000001400594b0 f   light_ydnar.obj
 0001:00058940       ?IlluminateRawLightmap@@YAXH@Z 0000000140059940 f   light_ydnar.obj
 0001:0005a400       ?FilterRawLightmap@@YAXH@Z 000000014005b400 f   light_ydnar.obj
 0001:0005ac80       ?WriteRawLightmapsFile@@YAXPEBD@Z 000000014005bc80 f   light_ydnar.obj
 0001:0005b900       ?IlluminateVertexes@@YAXH@Z 000000014005c900 f   light_ydnar.obj
 0001:0005cc20       ?SetupBrushes@@YAXXZ       000000014005dc20 f   light_ydnar.obj
 0001:0005cdf0       ?ClusterVisible@@YA?AW4qboolean@@HH@Z 000000014005ddf0 f   light_ydnar.obj
 0001:0005ce80       ?PointInLeafNum_r@@YAHQEAMH@Z 000000014005de80 f   light_ydnar.obj
 0001:0005cf90       ?ClusterForPointExt@@YAHQEAMM@Z 000000014005df90 f   light_ydnar.obj
 0001:0005d2c0       ?ClusterForPointExtFilter@@YAHQEAMMHPEAH@Z 000000014005e2c0 f   light_ydnar.obj
 0001:0005d330       ?SetupEnvelopes@@YAXW4qboolean@@0@Z 000000014005e330 f   light_ydnar.obj
 0001:0005dda0       ?CreateTraceLightsForBounds@@YAXW4qboolean@@QEAM11HPEAHHPEAUtrace_t@@@Z 000000014005eda0 f   light_ydnar.obj
 0001:0005e130       ?CreateTraceLightsForSurface@@YAXHPEAUtrace_t@@@Z 000000014005f130 f   light_ydnar.obj
 0001:0005e250       ?SetupFloodLight@@YAXXZ    000000014005f250 f   light_ydnar.obj
 0001:0005e6a0       ?WriteTGA24@@YAXPEADPEAEHHW4qboolean@@@Z 000000014005f6a0 f   lightmaps_ydnar.obj
 0001:0005e820       ?ExportLightmaps@@YAXXZ    000000014005f820 f   lightmaps_ydnar.obj
 0001:0005e9c0       ?ExportLightmapsMain@@YAHHPEAPEAD@Z 000000014005f9c0 f   lightmaps_ydnar.obj
 0001:0005eb00       ?ImportLightmapsMain@@YAHHPEAPEAD@Z 000000014005fb00 f   lightmaps_ydnar.obj
 0001:0005eff0       ?GetExternalLightmapPath@@YAXPEAD0H00@Z 000000014005fff0 f   lightmaps_ydnar.obj
 0001:0005f1d0       ?FinishRawLightmap@@YAXH@Z 00000001400601d0 f   lightmaps_ydnar.obj
 0001:0005f8c0       ?AddPatchToRawLightmap@@YA?AW4qboolean@@HPEAUrawLightmap_s@@@Z 00000001400608c0 f   lightmaps_ydnar.obj
 0001:0005fe70       ?AddSurfaceToRawLightmap@@YA?AW4qboolean@@HPEAUrawLightmap_s@@@Z 0000000140060e70 f   lightmaps_ydnar.obj
 0001:00060b80       ?SetupSurfaceLightmaps@@YAXXZ 0000000140061b80 f   lightmaps_ydnar.obj
 0001:00061ad0       ?AllocateSurfaceLightmaps@@YAXXZ 0000000140062ad0 f   lightmaps_ydnar.obj
 0001:00061cd0       ?AddStitchLuxels@@YAXHHHHPEAH0H@Z 0000000140062cd0 f   lightmaps_ydnar.obj
 0001:00061f20       ?StitchRawLightmap@@YAXH@Z 0000000140062f20 f   lightmaps_ydnar.obj
 0001:00062910       ?StitchLuxelsCompare@@YAHPEBX0@Z 0000000140063910 f   lightmaps_ydnar.obj
 0001:00062960       ?StitchRawLightmaps@@YAXXZ 0000000140063960 f   lightmaps_ydnar.obj
 0001:00064d70       ?SubsamplePixelForFloodLightmapBorders_r@@YAHPEAUoutLightmap_s@@HHHQEAM1@Z 0000000140065d70 f   lightmaps_ydnar.obj
 0001:000658f0       ?FloodLightmapBorders@@YAXPEAUoutLightmap_s@@@Z 00000001400668f0 f   lightmaps_ydnar.obj
 0001:00065cc0       ?StoreSurfaceLightmaps@@YAXXZ 0000000140066cc0 f   lightmaps_ydnar.obj
 0001:00068880       ?PlaneFromWinding@@YAXPEAUfixedWinding_t@@PEAUvisPlane_t@@@Z 0000000140069880 f   vis.obj
 0001:00068990       ?NewFixedWinding@@YAPEAUfixedWinding_t@@H@Z 0000000140069990 f   vis.obj
 0001:00068a00       ?PComp@@YAHPEBX0@Z         0000000140069a00 f   vis.obj
 0001:00068a30       ?LeafVectorFromPortalVector@@YAHPEAE0@Z 0000000140069a30 f   vis.obj
 0001:00068b90       ?ClusterMerge@@YAXH@Z      0000000140069b90 f   vis.obj
 0001:00068d90       ?CalcPortalVis@@YAXXZ      0000000140069d90 f   vis.obj
 0001:00068e20       ?CalcPassageVis@@YAXXZ     0000000140069e20 f   vis.obj
 0001:00068f50       ?CalcPassagePortalVis@@YAXXZ 0000000140069f50 f   vis.obj
 0001:00069080       ?CalcVis@@YAXXZ            000000014006a080 f   vis.obj
 0001:00069360       ?SetPortalSphere@@YAXPEAUvportal_t@@@Z 000000014006a360 f   vis.obj
 0001:000694c0       ?TryMergeLeaves@@YAHHH@Z   000000014006a4c0 f   vis.obj
 0001:00069820       ?MergeLeaves@@YAXXZ        000000014006a820 f   vis.obj
 0001:00069980       ?TryMergeWinding@@YAPEAUfixedWinding_t@@PEAU1@0QEAM@Z 000000014006a980 f   vis.obj
 0001:00069eb0       ?MergeLeafPortals@@YAXXZ   000000014006aeb0 f   vis.obj
 0001:0006a0c0       ?LoadPortals@@YAXPEAD@Z    000000014006b0c0 f   vis.obj
 0001:0006a8f0       ?VisMain@@YAHHPEAPEAD@Z    000000014006b8f0 f   vis.obj
 0001:0006ae40       ?FreeStackWinding@@YAXPEAUfixedWinding_t@@PEAUpstack_s@@@Z 000000014006be40 f   visflow.obj
 0001:0006aea0       ?VisChopWinding@@YAPEAUfixedWinding_t@@PEAU1@PEAUpstack_s@@PEAUvisPlane_t@@@Z 000000014006bea0 f   visflow.obj
 0001:0006b350       ?ClipToSeperators@@YAPEAUfixedWinding_t@@PEAU1@00W4qboolean@@PEAUpstack_s@@@Z 000000014006c350 f   visflow.obj
 0001:0006b970       ?RecursiveLeafFlow@@YAXHPEAUthreaddata_t@@PEAUpstack_s@@@Z 000000014006c970 f   visflow.obj
 0001:0006c020       ?PortalFlow@@YAXH@Z        000000014006d020 f   visflow.obj
 0001:0006c1e0       ?RecursivePassageFlow@@YAXPEAUvportal_t@@PEAUthreaddata_t@@PEAUpstack_s@@@Z 000000014006d1e0 f   visflow.obj
 0001:0006c460       ?PassageFlow@@YAXH@Z       000000014006d460 f   visflow.obj
 0001:0006c530       ?RecursivePassagePortalFlow@@YAXPEAUvportal_t@@PEAUthreaddata_t@@PEAUpstack_s@@@Z 000000014006d530 f   visflow.obj
 0001:0006cbf0       ?PassagePortalFlow@@YAXH@Z 000000014006dbf0 f   visflow.obj
 0001:0006ccc0       ?PassageChopWinding@@YAPEAUfixedWinding_t@@PEAU1@0PEAUvisPlane_t@@@Z 000000014006dcc0 f   visflow.obj
 0001:0006d000       ?AddSeperators@@YAHPEAUfixedWinding_t@@0W4qboolean@@PEAUvisPlane_t@@H@Z 000000014006e000 f   visflow.obj
 0001:0006d5c0       ?CreatePassages@@YAXH@Z    000000014006e5c0 f   visflow.obj
 0001:0006dbd0       ?PassageMemory@@YAXXZ      000000014006ebd0 f   visflow.obj
 0001:0006dc90       ?SimpleFlood@@YAXPEAUvportal_t@@H@Z 000000014006ec90 f   visflow.obj
 0001:0006dd90       ?BasePortalVis@@YAXH@Z     000000014006ed90 f   visflow.obj
 0001:0006f910       ?ConvertBSPToASE@@YAHPEADH@Z 0000000140070910 f   convert_ase.obj
 0001:000705a0       ?ConvertBSPToMap@@YAHPEADH@Z 00000001400715a0 f   convert_map.obj
 0001:000709e0       ?safe_malloc_f@@YAPEAX_K@Z 00000001400719e0 f   cmdlib.obj
 0001:00070a20       ?safe_malloc_log@@YAPEAX_KPEBDH@Z 0000000140071a20 f   cmdlib.obj
 0001:00070b70       ?safe_malloc_logend@@YAXXZ 0000000140071b70 f   cmdlib.obj
 0001:00070c10       ?ExpandArg@@YAPEADPEBD@Z   0000000140071c10 f   cmdlib.obj
 0001:00070ca0       ?ExpandPath@@YAPEADPEBD@Z  0000000140071ca0 f   cmdlib.obj
 0001:00070d10       ?Q_getwd@@YAXPEAD@Z        0000000140071d10 f   cmdlib.obj
 0001:00070d70       ?LoadFile@@YAHPEBDPEAPEAX@Z 0000000140071d70 f   cmdlib.obj
 0001:00070e60       ?DefaultExtension@@YAXPEADPEBD@Z 0000000140071e60 f   cmdlib.obj
 0001:00070ed0       ?LBMRLEDecompress@@YAPEAEPEAE0H@Z 0000000140071ed0 f   imagelib.obj
 0001:00070fa0       ?LoadLBM@@YAXPEBDPEAPEAE1@Z 0000000140071fa0 f   imagelib.obj
 0001:00071390       ?LoadPCX@@YAXPEBDPEAPEAE1PEAH2@Z 0000000140072390 f   imagelib.obj
 0001:00071630       ?LoadBMP@@YAXPEBDPEAPEAE1PEAH2@Z 0000000140072630 f   imagelib.obj
 0001:00071c50       ?Load256Image@@YAXPEBDPEAPEAE1PEAH2@Z 0000000140072c50 f   imagelib.obj
 0001:00071e60       ?TargaError@@YAXPEAU_TargaHeader@@PEBD@Z 0000000140072e60 f   imagelib.obj
 0001:00071f10       ?LoadTGABuffer@@YAXPEBE0PEAPEAEPEAH2@Z 0000000140072f10 f   imagelib.obj
 0001:000725e0       ?LoadTGA@@YAXPEBDPEAPEAEPEAH2@Z 00000001400735e0 f   imagelib.obj
 0001:00072670       ?WriteTGA@@YAXPEBDPEAEHH@Z 0000000140073670 f   imagelib.obj
 0001:00072780       ?Load32BitImage@@YAXPEBDPEAPEAIPEAH2@Z 0000000140073780 f   imagelib.obj
 0001:00072930       ?xml_SendNode@@YAXPEAU_xmlNode@@@Z 0000000140073930 f   inout.obj
 0001:00072a50       ?xml_Select@@YAXPEADHHW4qboolean@@@Z 0000000140073a50 f   inout.obj
 0001:00072c30       ?xml_Point@@YAXPEADQEAMW4qboolean@@@Z 0000000140073c30 f   inout.obj
 0001:00072db0       ?xml_Winding@@YAXPEADQEAY02MHW4qboolean@@@Z 0000000140073db0 f   inout.obj
 0001:00072f60       ?Broadcast_Setup@@YAXPEBD@Z 0000000140073f60 f   inout.obj
 0001:00072fe0       ?Broadcast_Shutdown@@YAXXZ 0000000140073fe0 f   inout.obj
 0001:00073020       ?Sys_FPrintf@@YAXHPEBDZZ   0000000140074020 f   inout.obj
 0001:000731b0       ?Sys_Printf@@YAXPEBDZZ     00000001400741b0 f   inout.obj
 0001:00073300       ?Sys_Warning@@YAXHPEBDZZ   0000000140074300 f   inout.obj
 0001:00073450       ?Sys_Warning@@YAXHHPEBDZZ  0000000140074450 f   inout.obj
 0001:000734b0       ?Sys_Warning@@YAXQEAY02MHPEBDZZ 00000001400744b0 f   inout.obj
 0001:00073510       ?Sys_Warning@@YAXPEAUwinding_t@@PEBDZZ 0000000140074510 f   inout.obj
 0001:00073560       ?Sys_Warning@@YAXQEAMPEBDZZ 0000000140074560 f   inout.obj
 0001:000735d0       ?Sys_Warning@@YAXPEBDZZ    00000001400745d0 f   inout.obj
 0001:00073700       ?Sys_Error@@YAXHHPEBDZZ    0000000140074700 f   inout.obj
 0001:00073760       ?Sys_Error@@YAXQEAY02MHPEBDZZ 0000000140074760 f   inout.obj
 0001:000737c0       ?Sys_Error@@YAXPEBDZZ      00000001400747c0 f   inout.obj
 0001:000738e0       ?Error@@YAXPEBDZZ          00000001400748e0 f   inout.obj
 0001:00073a30       ?MD4Update@@YAXPEAUMD4_CTX_s@@PEAEI@Z 0000000140074a30 f   md4.obj
 0001:00073b00       ?MD4Final@@YAXQEAEPEAUMD4_CTX_s@@@Z 0000000140074b00 f   md4.obj
 0001:000741b0       ?AllocWinding@@YAPEAUwinding_t@@H@Z 00000001400751b0 f   polylib.obj
 0001:00074250       ?FreeWinding@@YAXPEAUwinding_t@@@Z 0000000140075250 f   polylib.obj
 0001:00074290       ?WindingArea@@YAMPEAUwinding_t@@@Z 0000000140075290 f   polylib.obj
 0001:000743f0       ?BaseWindingForPlane@@YAPEAUwinding_t@@QEAMM@Z 00000001400753f0 f   polylib.obj
 0001:000747e0       ?ReverseWinding@@YAPEAUwinding_t@@PEAU1@@Z 00000001400757e0 f   polylib.obj
 0001:000748f0       ?ClipWindingEpsilon@@YAXPEAUwinding_t@@QEAMMMPEAPEAU1@2@Z 00000001400758f0 f   polylib.obj
 0001:00074df0       ?ChopWindingInPlace@@YAXPEAPEAUwinding_t@@QEAMMM@Z 0000000140075df0 f   polylib.obj
 0001:00075220       ?WindingOnPlaneSide@@YAHPEAUwinding_t@@QEAMM@Z 0000000140076220 f   polylib.obj
 0001:00075340       ?AddWindingToConvexHull@@YAXPEAUwinding_t@@PEAPEAU1@QEAM@Z 0000000140076340 f   polylib.obj
 0001:00075990       ?BaseDWindingForPlane@@YAPEAUdwinding_t@@QEAMMM@Z 0000000140076990 f   polylib.obj
 0001:00075d10       ?WindingFromDWinding@@YAPEAUwinding_t@@PEAUdwinding_t@@@Z 0000000140076d10 f   polylib.obj
 0001:00075e40       ?ChopDWindingInPlace@@YAXPEAPEAUdwinding_t@@QEAMMM@Z 0000000140076e40 f   polylib.obj
 0001:00076270       ?FixDWinding@@YA?AW4qboolean@@PEAUdwinding_t@@@Z 0000000140077270 f   polylib.obj
 0001:000763e0       ?AddScriptToStack@@YAXPEBDH@Z 00000001400773e0 f   scriplib.obj
 0001:000764e0       ?EndOfScript@@YA?AW4qboolean@@W41@@Z 00000001400774e0 f   scriplib.obj
 0001:000765d0       ?GetToken@@YA?AW4qboolean@@W41@@Z 00000001400775d0 f   scriplib.obj
 0001:00076900       ?TokenAvailable@@YA?AW4qboolean@@XZ 0000000140077900 f   scriplib.obj
 0001:00076940       ?MatchToken@@YAXPEAD@Z     0000000140077940 f   scriplib.obj
 0001:000769a0       ?Parse1DMatrix@@YAXHPEAM@Z 00000001400779a0 f   scriplib.obj
 0001:00076a90       ?Parse2DMatrix@@YAXHHPEAM@Z 0000000140077a90 f   scriplib.obj
 0001:00076b60       ?GetThreadWork@@YAHXZ      0000000140077b60 f   threads.obj
 0001:00076ca0       ?RunThreadsOnIndividualThread@@YAXH@Z 0000000140077ca0 f   threads.obj
 0001:00076cd0       ?RunThreadsOnIndividual@@YAXHW4qboolean@@P6AXH@Z@Z 0000000140077cd0 f   threads.obj
 0001:00076d70       ?RunThreadsOn@@YAXHW4qboolean@@P6AXH@Z@Z 0000000140077d70 f   threads.obj
 0001:00076e10       ?RunSameThreadOn@@YAXHW4qboolean@@P6AXH@Z@Z 0000000140077e10 f   threads.obj
 0001:00076f20       ?RunSameThreadOnIndividual@@YAXHW4qboolean@@P6AXH@Z@Z 0000000140077f20 f   threads.obj
 0001:00077050       ?_RunThreadsOn@@YAXHW4qboolean@@P6AXH@Z@Z 0000000140078050 f   threads.obj
 0001:000771d0       ?_ThreadMutexLock@@YAXPEAUThreadMutex_s@@PEADH@Z 00000001400781d0 f   threads.obj
 0001:000773d0       ?unzOpen@@YAPEAXPEBD@Z     00000001400783d0 f   unzip.obj
 0001:00077980       ?unzGoToFirstFile@@YAHPEAX@Z 0000000140078980 f   unzip.obj
 0001:000779e0       ?unzGoToNextFile@@YAHPEAX@Z 00000001400789e0 f   unzip.obj
 0001:00077c60       ?unzOpenCurrentFile@@YAHPEAX@Z 0000000140078c60 f   unzip.obj
 0001:00077de0       ?unzReadCurrentFile@@YAHPEAX0I@Z 0000000140078de0 f   unzip.obj
 0001:00078010       ?unzCloseCurrentFile@@YAHPEAX@Z 0000000140079010 f   unzip.obj
 0001:000780c0       ?crc32@@YAKKPEBEI@Z        00000001400790c0 f   unzip.obj
 0001:00078210       ?inflate_blocks_reset@@YAXPEAUinflate_blocks_state@@PEAUz_stream_s@@PEAK@Z 0000000140079210 f   unzip.obj
 0001:00078290       ?inflate_blocks_new@@YAPEAUinflate_blocks_state@@PEAUz_stream_s@@P6AKKPEBEI@ZI@Z 0000000140079290 f   unzip.obj
 0001:00078370       ?inflate_blocks@@YAHPEAUinflate_blocks_state@@PEAUz_stream_s@@H@Z 0000000140079370 f   unzip.obj
 0001:00078f50       ?inflate_blocks_free@@YAHPEAUinflate_blocks_state@@PEAUz_stream_s@@@Z 0000000140079f50 f   unzip.obj
 0001:00078ff0       ?inflate_flush@@YAHPEAUinflate_blocks_state@@PEAUz_stream_s@@H@Z 0000000140079ff0 f   unzip.obj
 0001:00079610       ?inflate_trees_bits@@YAHPEAI0PEAPEAUinflate_huft_s@@PEAU1@PEAUz_stream_s@@@Z 000000014007a610 f   unzip.obj
 0001:000796f0       ?inflate_fast@@YAHIIPEAUinflate_huft_s@@0PEAUinflate_blocks_state@@PEAUz_stream_s@@@Z 000000014007a6f0 f   unzip.obj
 0001:00079a80       ?inflate_codes_new@@YAPEAUinflate_codes_state@@IIPEAUinflate_huft_s@@0PEAUz_stream_s@@@Z 000000014007aa80 f   unzip.obj
 0001:00079af0       ?inflate_codes@@YAHPEAUinflate_blocks_state@@PEAUz_stream_s@@H@Z 000000014007aaf0 f   unzip.obj
 0001:0007a0f0       ?adler32@@YAKKPEBEI@Z      000000014007b0f0 f   unzip.obj
 0001:0007a260       ?inflateReset@@YAHPEAUz_stream_s@@@Z 000000014007b260 f   unzip.obj
 0001:0007a320       ?inflateEnd@@YAHPEAUz_stream_s@@@Z 000000014007b320 f   unzip.obj
 0001:0007a380       ?inflateInit2_@@YAHPEAUz_stream_s@@HPEBDH@Z 000000014007b380 f   unzip.obj
 0001:0007a470       ?inflate@@YAHPEAUz_stream_s@@H@Z 000000014007b470 f   unzip.obj
 0001:0007a8f0       ?zcalloc@@YAPEAEPEAEII@Z   000000014007b8f0 f   unzip.obj
 0001:0007a910       ?zcfree@@YAXPEAE0@Z        000000014007b910 f   unzip.obj
 0001:0007aab0       ?vfsInitDirectory@@YAXPEBD@Z 000000014007bab0 f   vfs.obj
 0001:0007ac80       ?vfsGetFileCount@@YAHPEBD@Z 000000014007bc80 f   vfs.obj
 0001:0007ae00       ?vfsLoadFile@@YAHPEBDPEAPEAXH@Z 000000014007be00 f   vfs.obj
 0001:0007b150       WinPrint                   000000014007c150 f   l_net:l_net.obj
 0001:0007b160       Net_Send                   000000014007c160 f   l_net:l_net.obj
 0001:0007b1b0       Net_AllocSocket            000000014007c1b0 f   l_net:l_net.obj
 0001:0007b1e0       Net_FreeSocket             000000014007c1e0 f   l_net:l_net.obj
 0001:0007b1f0       Net_Connect                000000014007c1f0 f   l_net:l_net.obj
 0001:0007b2a0       Net_Disconnect             000000014007c2a0 f   l_net:l_net.obj
 0001:0007b2d0       Net_StringToAddress        000000014007c2d0 f   l_net:l_net.obj
 0001:0007b2f0       Net_Setup                  000000014007c2f0 f   l_net:l_net.obj
 0001:0007b320       NMSG_Clear                 000000014007c320 f   l_net:l_net.obj
 0001:0007b330       NMSG_WriteLong             000000014007c330 f   l_net:l_net.obj
 0001:0007b3a0       NMSG_WriteString           000000014007c3a0 f   l_net:l_net.obj
 0001:0007b430       WINS_ErrorMessage          000000014007c430 f   l_net:l_net_wins.obj
 0001:0007b490       WINS_Init                  000000014007c490 f   l_net:l_net_wins.obj
 0001:0007b600       WINS_MyAddress             000000014007c600 f   l_net:l_net_wins.obj
 0001:0007b610       WINS_OpenSocket            000000014007c610 f   l_net:l_net_wins.obj
 0001:0007b700       WINS_OpenReliableSocket    000000014007c700 f   l_net:l_net_wins.obj
 0001:0007b820       WINS_CloseSocket           000000014007c820 f   l_net:l_net_wins.obj
 0001:0007b860       WINS_Connect               000000014007c860 f   l_net:l_net_wins.obj
 0001:0007b8d0       WINS_Write                 000000014007c8d0 f   l_net:l_net_wins.obj
 0001:0007b980       WINS_AddrToString          000000014007c980 f   l_net:l_net_wins.obj
 0001:0007ba00       WINS_StringToAddr          000000014007ca00 f   l_net:l_net_wins.obj
 0001:0007ba80       WINS_GetSocketAddr         000000014007ca80 f   l_net:l_net_wins.obj
 0001:0007bae0       ?MakeNormalVectors@@YAXQEAM00@Z 000000014007cae0 f   mathlib:mathlib.obj
 0001:0007bba0       ?VectorCompare@@YA?AW4qboolean@@QEBM0@Z 000000014007cba0 f   mathlib:mathlib.obj
 0001:0007bbf0       ?VectorCompareExt@@YA?AW4qboolean@@QEBM0M@Z 000000014007cbf0 f   mathlib:mathlib.obj
 0001:0007bc30       ?VectorLength@@YAMQEBM@Z   000000014007cc30 f   mathlib:mathlib.obj
 0001:0007bc60       ?VectorMA@@YAXQEBMM0QEAM@Z 000000014007cc60 f   mathlib:mathlib.obj
 0001:0007bca0       ?VectorNormalize@@YAMQEBMQEAM@Z 000000014007cca0 f   mathlib:mathlib.obj
 0001:0007bd50       ?ColorNormalize@@YAMQEBMQEAM@Z 000000014007cd50 f   mathlib:mathlib.obj
 0001:0007bdc0       ?SnapWeldVector@@YAXQEAM00@Z 000000014007cdc0 f   mathlib:mathlib.obj
 0001:0007bf10       ?ClearBounds@@YAXQEAM0@Z   000000014007cf10 f   mathlib:mathlib.obj
 0001:0007bf40       ?AddPointToBounds@@YAXQEAM00@Z 000000014007cf40 f   mathlib:mathlib.obj
 0001:0007bfe0       ?PlaneFromPoints@@YA?AW4qboolean@@QEAMQEBM11@Z 000000014007cfe0 f   mathlib:mathlib.obj
 0001:0007c0e0       ?NormalToLatLong@@YAXQEBMQEAE@Z 000000014007d0e0 f   mathlib:mathlib.obj
 0001:0007c1a0       ?PlaneTypeForNormal@@YAHQEAM@Z 000000014007d1a0 f   mathlib:mathlib.obj
 0001:0007c200       ?DVectorMA@@YAXQEBNN0QEAN@Z 000000014007d200 f   mathlib:mathlib.obj
 0001:0007c240       ?DVectorNormalize@@YANQEAN0@Z 000000014007d240 f   mathlib:mathlib.obj
 0001:0007c2c0       ?DVectorLength@@YANQEBN@Z  000000014007d2c0 f   mathlib:mathlib.obj
 0001:0007c2f0       ?SnapWeldDVector@@YAXQEAN00@Z 000000014007d2f0 f   mathlib:mathlib.obj
 0001:0007c480       ?m4x4_identity@@YAXQEAM@Z  000000014007d480 f   mathlib:m4x4.obj
 0001:0007c4d0       ?m4x4_assign@@YAXQEAMQEBM@Z 000000014007d4d0 f   mathlib:m4x4.obj
 0001:0007c530       ?m4x4_translation_for_vec3@@YAXQEAMQEBM@Z 000000014007d530 f   mathlib:m4x4.obj
 0001:0007c580       ?m4x4_rotation_for_vec3@@YAXQEAMQEBMW4eulerOrder_t@@@Z 000000014007d580 f   mathlib:m4x4.obj
 0001:0007c750       ?m4x4_scale_for_vec3@@YAXQEAMQEBM@Z 000000014007d750 f   mathlib:m4x4.obj
 0001:0007c790       ?m4x4_translate_by_vec3@@YAXQEAMQEBM@Z 000000014007d790 f   mathlib:m4x4.obj
 0001:0007c7c0       ?m4x4_rotate_by_vec3@@YAXQEAMQEBMW4eulerOrder_t@@@Z 000000014007d7c0 f   mathlib:m4x4.obj
 0001:0007c7f0       ?m4x4_scale_by_vec3@@YAXQEAMQEBM@Z 000000014007d7f0 f   mathlib:m4x4.obj
 0001:0007c820       ?m4x4_pivoted_transform_by_vec3@@YAXQEAMQEBM1W4eulerOrder_t@@11@Z 000000014007d820 f   mathlib:m4x4.obj
 0001:0007c8e0       ?m4x4_multiply_by_m4x4@@YAXQEAMQEBM@Z 000000014007d8e0 f   mathlib:m4x4.obj
 0001:0007cce0       ?m4x4_transform_point@@YAXQEBMQEAM@Z 000000014007dce0 f   mathlib:m4x4.obj
 0001:0007cd80       ?m4x4_transform_normal@@YAXQEBMQEAM@Z 000000014007dd80 f   mathlib:m4x4.obj
 0001:0007ce10       ?m4x4_transpose@@YAXQEAM@Z 000000014007de10 f   mathlib:m4x4.obj
 0001:0007cf10       ?m3_det@@YAMQEAM@Z         000000014007df10 f   mathlib:m4x4.obj
 0001:0007cfa0       ?m4_submat@@YAXQEAM0HH@Z   000000014007dfa0 f   mathlib:m4x4.obj
 0001:0007d0f0       ?m4_det@@YAMQEAM@Z         000000014007e0f0 f   mathlib:m4x4.obj
 0001:0007d180       ?m4x4_invert@@YAHQEAM@Z    000000014007e180 f   mathlib:m4x4.obj
 0001:0007d248       g_free                     000000014007e248 f   glib-2.0:libglib-2.0-0.dll
 0001:0007d24e       g_locale_to_utf8           000000014007e24e f   glib-2.0:libglib-2.0-0.dll
 0001:0007d254       g_strdup                   000000014007e254 f   glib-2.0:libglib-2.0-0.dll
 0001:0007d25a       g_strdown                  000000014007e25a f   glib-2.0:libglib-2.0-0.dll
 0001:0007d260       g_dir_read_name_utf8       000000014007e260 f   glib-2.0:libglib-2.0-0.dll
 0001:0007d266       g_dir_open_utf8            000000014007e266 f   glib-2.0:libglib-2.0-0.dll
 0001:0007d26c       g_dir_close                000000014007e26c f   glib-2.0:libglib-2.0-0.dll
 0001:0007d272       g_slist_append             000000014007e272 f   glib-2.0:libglib-2.0-0.dll
 0001:0007d278       xmlNodeSetContent          000000014007e278 f   libxml2:libxml2-2.dll
 0001:0007d27e       xmlNewNode                 000000014007e27e f   libxml2:libxml2-2.dll
 0001:0007d284       xmlAddChild                000000014007e284 f   libxml2:libxml2-2.dll
 0001:0007d28a       xmlSetProp                 000000014007e28a f   libxml2:libxml2-2.dll
 0001:0007d290       xmlBufferFree              000000014007e290 f   libxml2:libxml2-2.dll
 0001:0007d296       xmlNodeDump                000000014007e296 f   libxml2:libxml2-2.dll
 0001:0007d29c       xmlBufferCreate            000000014007e29c f   libxml2:libxml2-2.dll
 0001:0007d2a2       xmlNewDoc                  000000014007e2a2 f   libxml2:libxml2-2.dll
 0001:0007d2a8       xmlNewDocRawNode           000000014007e2a8 f   libxml2:libxml2-2.dll
 0001:0007d2ae       png_get_IHDR               000000014007e2ae f   libpng:libpng14-14.dll
 0001:0007d2b4       png_read_image             000000014007e2b4 f   libpng:libpng14-14.dll
 0001:0007d2ba       png_write_info             000000014007e2ba f   libpng:libpng14-14.dll
 0001:0007d2c0       png_destroy_write_struct   000000014007e2c0 f   libpng:libpng14-14.dll
 0001:0007d2c6       png_set_expand             000000014007e2c6 f   libpng:libpng14-14.dll
 0001:0007d2cc       png_set_write_fn           000000014007e2cc f   libpng:libpng14-14.dll
 0001:0007d2d2       png_read_info              000000014007e2d2 f   libpng:libpng14-14.dll
 0001:0007d2d8       png_set_iCCP               000000014007e2d8 f   libpng:libpng14-14.dll
 0001:0007d2de       png_set_strip_16           000000014007e2de f   libpng:libpng14-14.dll
 0001:0007d2e4       png_set_packing            000000014007e2e4 f   libpng:libpng14-14.dll
 0001:0007d2ea       png_sig_cmp                000000014007e2ea f   libpng:libpng14-14.dll
 0001:0007d2f0       png_create_read_struct     000000014007e2f0 f   libpng:libpng14-14.dll
 0001:0007d2f6       png_write_end              000000014007e2f6 f   libpng:libpng14-14.dll
 0001:0007d2fc       png_get_io_ptr             000000014007e2fc f   libpng:libpng14-14.dll
 0001:0007d302       png_create_info_struct     000000014007e302 f   libpng:libpng14-14.dll
 0001:0007d308       png_set_read_fn            000000014007e308 f   libpng:libpng14-14.dll
 0001:0007d30e       png_write_row              000000014007e30e f   libpng:libpng14-14.dll
 0001:0007d314       png_get_valid              000000014007e314 f   libpng:libpng14-14.dll
 0001:0007d31a       png_set_sRGB               000000014007e31a f   libpng:libpng14-14.dll
 0001:0007d320       png_create_write_struct    000000014007e320 f   libpng:libpng14-14.dll
 0001:0007d326       png_set_filler             000000014007e326 f   libpng:libpng14-14.dll
 0001:0007d32c       png_set_filter             000000014007e32c f   libpng:libpng14-14.dll
 0001:0007d332       png_set_IHDR               000000014007e332 f   libpng:libpng14-14.dll
 0001:0007d338       png_set_interlace_handling 000000014007e338 f   libpng:libpng14-14.dll
 0001:0007d33e       png_get_channels           000000014007e33e f   libpng:libpng14-14.dll
 0001:0007d344       png_set_compression_level  000000014007e344 f   libpng:libpng14-14.dll
 0001:0007d34a       png_destroy_read_struct    000000014007e34a f   libpng:libpng14-14.dll
 0001:0007d350       DDSLittleLong              000000014007e350 f   ddslib:ddslib.obj
 0001:0007d360       DDSLittleShort             000000014007e360 f   ddslib:ddslib.obj
 0001:0007d3d0       DDSGetInfo                 000000014007e3d0 f   ddslib:ddslib.obj
 0001:0007df70       DDSDecompress              000000014007ef70 f   ddslib:ddslib.obj
 0001:0007e090       LoadJPGBuff                000000014007f090 f   jpeg6:jpgload.obj
 0001:0007e280       jpeg_create_decompress     000000014007f280 f   jpeg6:jdapimin.obj
 0001:0007e330       jpeg_destroy_decompress    000000014007f330 f   jpeg6:jdapimin.obj
 0001:0007e510       jpeg_consume_input         000000014007f510 f   jpeg6:jdapimin.obj
 0001:0007e600       jpeg_finish_decompress     000000014007f600 f   jpeg6:jdapimin.obj
 0001:0007e6d0       jpeg_read_header           000000014007f6d0 f   jpeg6:jdapimin.obj
 0001:0007e7e0       jpeg_read_scanlines        000000014007f7e0 f   jpeg6:jdapistd.obj
 0001:0007e8b0       jpeg_start_decompress      000000014007f8b0 f   jpeg6:jdapistd.obj
 0001:0007ea20       jpeg_stdio_src             000000014007fa20 f   jpeg6:jdatasrc.obj
 0001:0007ec70       jpeg_std_error             000000014007fc70 f   jpeg6:jerror.obj
 0001:0007f380       jinit_input_controller     0000000140080380 f   jpeg6:jdinput.obj
 0001:00080f50       jpeg_resync_to_restart     0000000140081f50 f   jpeg6:jdmarker.obj
 0001:000810b0       jinit_marker_reader        00000001400820b0 f   jpeg6:jdmarker.obj
 0001:00081f00       jinit_memory_mgr           0000000140082f00 f   jpeg6:jmemmgr.obj
 0001:00082070       jpeg_abort                 0000000140083070 f   jpeg6:jcomapi.obj
 0001:000820b0       jpeg_destroy               00000001400830b0 f   jpeg6:jcomapi.obj
 0001:000820f0       jpeg_alloc_quant_table     00000001400830f0 f   jpeg6:jcomapi.obj
 0001:00082110       jpeg_alloc_huff_table      0000000140083110 f   jpeg6:jcomapi.obj
 0001:00082140       jpeg_calc_output_dimensions 0000000140083140 f   jpeg6:jdmaster.obj
 0001:000825d0       jinit_master_decompress    00000001400835d0 f   jpeg6:jdmaster.obj
 0001:00082620       jdiv_round_up              0000000140083620 f   jpeg6:jutils.obj
 0001:00082630       jround_up                  0000000140083630 f   jpeg6:jutils.obj
 0001:00082650       jcopy_sample_rows          0000000140083650 f   jpeg6:jutils.obj
 0001:000826c0       jzero_far                  00000001400836c0 f   jpeg6:jutils.obj
 0001:000826d0       ?jpeg_get_large@@YAPEAXPEAUjpeg_common_struct@@_K@Z 00000001400836d0 f   jpeg6:jmemnobs.obj
 0001:000826d0       ?jpeg_get_small@@YAPEAXPEAUjpeg_common_struct@@_K@Z 00000001400836d0 f   jpeg6:jmemnobs.obj
 0001:000826e0       ?jpeg_free_small@@YAXPEAUjpeg_common_struct@@PEAX_K@Z 00000001400836e0 f   jpeg6:jmemnobs.obj
 0001:000826e0       ?jpeg_free_large@@YAXPEAUjpeg_common_struct@@PEAX_K@Z 00000001400836e0 f   jpeg6:jmemnobs.obj
 0001:000826f0       ?jpeg_mem_available@@YAJPEAUjpeg_common_struct@@JJJ@Z 00000001400836f0 f   jpeg6:jmemnobs.obj
 0001:00082700       ?jpeg_open_backing_store@@YAXPEAUjpeg_common_struct@@PEAUbacking_store_struct@@J@Z 0000000140083700 f   jpeg6:jmemnobs.obj
 0001:00082710       ?jpeg_mem_init@@YAJPEAUjpeg_common_struct@@@Z 0000000140083710 f   jpeg6:jmemnobs.obj
 0001:00082e70       jinit_d_main_controller    0000000140083e70 f   jpeg6:jdmainct.obj
 0001:000832d0       jinit_d_coef_controller    00000001400842d0 f   jpeg6:jdcoefct.obj
 0001:000833f0       ?jpeg_make_d_derived_tbl@@YAXPEAUjpeg_decompress_struct@@PEAUJHUFF_TBL@@PEAPEAUd_derived_tbl@@@Z 00000001400843f0 f   jpeg6:jdhuff.obj
 0001:00083600       ?jpeg_fill_bit_buffer@@YAEPEAUbitread_working_state@@HHH@Z 0000000140084600 f   jpeg6:jdhuff.obj
 0001:00083730       ?jpeg_huff_decode@@YAHPEAUbitread_working_state@@HHPEAUd_derived_tbl@@H@Z 0000000140084730 f   jpeg6:jdhuff.obj
 0001:00083f20       jinit_huff_decoder         0000000140084f20 f   jpeg6:jdhuff.obj
 0001:00084290       jinit_inverse_dct          0000000140085290 f   jpeg6:jddctmgr.obj
 0001:00084490       jinit_d_post_controller    0000000140085490 f   jpeg6:jdpostct.obj
 0001:00084bc0       jinit_upsampler            0000000140085bc0 f   jpeg6:jdsample.obj
 0001:00085380       ?jpeg_mem_term@@YAXPEAUjpeg_common_struct@@@Z 0000000140086380 f   jpeg6:jmemnobs.obj
 0001:00085380       _pico_little_float         0000000140086380 f   picomodel:picointernal.obj
 0001:00085390       jinit_color_deconverter    0000000140086390 f   jpeg6:jdcolor.obj
 0001:00085530       ?jpeg_idct_float@@YAXPEAUjpeg_decompress_struct@@PEAUjpeg_component_info@@PEAFPEAPEAEI@Z 0000000140086530 f   jpeg6:jidctflt.obj
 0001:00085a40       PicoInit                   0000000140086a40 f   picomodel:picomodel.obj
 0001:00085a50       PicoSetMallocFunc          0000000140086a50 f   picomodel:picomodel.obj
 0001:00085a70       PicoSetFreeFunc            0000000140086a70 f   picomodel:picomodel.obj
 0001:00085a90       PicoSetLoadFileFunc        0000000140086a90 f   picomodel:picomodel.obj
 0001:00085ab0       PicoSetFreeFileFunc        0000000140086ab0 f   picomodel:picomodel.obj
 0001:00085ad0       PicoSetPrintFunc           0000000140086ad0 f   picomodel:picomodel.obj
 0001:00085af0       PicoNewModel               0000000140086af0 f   picomodel:picomodel.obj
 0001:00085b40       PicoAdjustModel            0000000140086b40 f   picomodel:picomodel.obj
 0001:00085c70       PicoNewShader              0000000140086c70 f   picomodel:picomodel.obj
 0001:00085d50       PicoFreeShader             0000000140086d50 f   picomodel:picomodel.obj
 0001:00085d90       PicoFindShader             0000000140086d90 f   picomodel:picomodel.obj
 0001:00085e80       PicoFreeSurface            0000000140086e80 f   picomodel:picomodel.obj
 0001:00085f60       PicoAdjustSurface          0000000140086f60 f   picomodel:picomodel.obj
 0001:000862a0       PicoNewSkin                00000001400872a0 f   picomodel:picomodel.obj
 0001:00086320       PicoAdjustSkin             0000000140087320 f   picomodel:picomodel.obj
 0001:000863c0       PicoNewSkinItem            00000001400873c0 f   picomodel:picomodel.obj
 0001:00086430       PicoFreeSkinItem           0000000140087430 f   picomodel:picomodel.obj
 0001:00086470       PicoSetSkinItemReplacement 0000000140087470 f   picomodel:picomodel.obj
 0001:00086470       PicoSetShaderName          0000000140087470 f   picomodel:picomodel.obj
 0001:00086470       PicoSetModelName           0000000140087470 f   picomodel:picomodel.obj
 0001:000864b0       PicoSetModelFrameNum       00000001400874b0 f   picomodel:picomodel.obj
 0001:000864c0       PicoSetModelNumFrames      00000001400874c0 f   picomodel:picomodel.obj
 0001:000864d0       PicoSetModelFileName       00000001400874d0 f   picomodel:picomodel.obj
 0001:000864d0       PicoSetShaderMapName       00000001400874d0 f   picomodel:picomodel.obj
 0001:00086510       PicoSetShaderAmbientColor  0000000140087510 f   picomodel:picomodel.obj
 0001:00086540       PicoSetShaderDiffuseColor  0000000140087540 f   picomodel:picomodel.obj
 0001:00086570       PicoSetShaderSpecularColor 0000000140087570 f   picomodel:picomodel.obj
 0001:000865a0       PicoSetShaderTransparency  00000001400875a0 f   picomodel:picomodel.obj
 0001:000865e0       PicoSetShaderShininess     00000001400875e0 f   picomodel:picomodel.obj
 0001:00086620       PicoSetSurfaceType         0000000140087620 f   picomodel:picomodel.obj
 0001:00086630       PicoSetSurfaceName         0000000140087630 f   picomodel:picomodel.obj
 0001:00086670       PicoSetSurfaceShader       0000000140087670 f   picomodel:picomodel.obj
 0001:00086680       PicoSetSurfaceXYZ          0000000140087680 f   picomodel:picomodel.obj
 0001:00086710       PicoSetSurfaceNormal       0000000140087710 f   picomodel:picomodel.obj
 0001:00086780       PicoSetSurfaceST           0000000140087780 f   picomodel:picomodel.obj
 0001:00086800       PicoSetSurfaceColor        0000000140087800 f   picomodel:picomodel.obj
 0001:000868b0       PicoSetSurfaceIndex        00000001400878b0 f   picomodel:picomodel.obj
 0001:00086910       PicoSetSurfaceSmoothingGroup 0000000140087910 f   picomodel:picomodel.obj
 0001:00086960       PicoSetSkinNum             0000000140087960 f   picomodel:picomodel.obj
 0001:00086970       PicoSetSkinItemObject      0000000140087970 f   picomodel:picomodel.obj
 0001:000869b0       PicoGetModelName           00000001400879b0 f   picomodel:picomodel.obj
 0001:000869d0       PicoGetModelFileName       00000001400879d0 f   picomodel:picomodel.obj
 0001:000869d0       PicoGetShaderMapName       00000001400879d0 f   picomodel:picomodel.obj
 0001:000869f0       PicoGetModelFrameNum       00000001400879f0 f   picomodel:picomodel.obj
 0001:00086a00       PicoGetModelShader         0000000140087a00 f   picomodel:picomodel.obj
 0001:00086a30       PicoGetModelNumSurfaces    0000000140087a30 f   picomodel:picomodel.obj
 0001:00086a40       PicoGetModelSurface        0000000140087a40 f   picomodel:picomodel.obj
 0001:00086a70       PicoGetSurfaceType         0000000140087a70 f   picomodel:picomodel.obj
 0001:00086a80       PicoGetSurfaceNumVertexes  0000000140087a80 f   picomodel:picomodel.obj
 0001:00086a90       PicoGetSurfaceXYZ          0000000140087a90 f   picomodel:picomodel.obj
 0001:00086ac0       PicoGetSurfaceNormal       0000000140087ac0 f   picomodel:picomodel.obj
 0001:00086af0       PicoGetSurfaceST           0000000140087af0 f   picomodel:picomodel.obj
 0001:00086b20       PicoGetSurfaceColor        0000000140087b20 f   picomodel:picomodel.obj
 0001:00086b50       PicoGetSurfaceNumIndexes   0000000140087b50 f   picomodel:picomodel.obj
 0001:00086b60       PicoGetSurfaceIndexes      0000000140087b60 f   picomodel:picomodel.obj
 0001:00086b80       PicoGetSurfaceShaderNameForSkin 0000000140087b80 f   picomodel:picomodel.obj
 0001:00086c60       PicoVertexCoordGenerateHash 0000000140087c60 f   picomodel:picomodel.obj
 0001:00086d80       PicoNewVertexCombinationHashTable 0000000140087d80 f   picomodel:picomodel.obj
 0001:00086db0       PicoFreeVertexCombinationHashTable 0000000140087db0 f   picomodel:picomodel.obj
 0001:00086e30       PicoFindVertexCombinationInHashTable 0000000140087e30 f   picomodel:picomodel.obj
 0001:00086ff0       PicoAddVertexCombinationToHashTable 0000000140087ff0 f   picomodel:picomodel.obj
 0001:000870e0       PicoFindSurfaceVertexNum   00000001400880e0 f   picomodel:picomodel.obj
 0001:00087510       indexarray_push_back       0000000140088510 f   picomodel:picomodel.obj
 0001:00087520       indexarray_reserve         0000000140088520 f   picomodel:picomodel.obj
 0001:00087550       indexarray_clear           0000000140088550 f   picomodel:picomodel.obj
 0001:00087550       binarytree_clear           0000000140088550 f   picomodel:picomodel.obj
 0001:00087560       binarytree_extend          0000000140088560 f   picomodel:picomodel.obj
 0001:00087580       binarytree_size            0000000140088580 f   picomodel:picomodel.obj
 0001:00087590       binarytree_reserve         0000000140088590 f   picomodel:picomodel.obj
 0001:000875c0       UniqueIndices_size         00000001400885c0 f   picomodel:picomodel.obj
 0001:000875d0       UniqueIndices_reserve      00000001400885d0 f   picomodel:picomodel.obj
 0001:00087600       UniqueIndices_init         0000000140088600 f   picomodel:picomodel.obj
 0001:00087610       UniqueIndices_destroy      0000000140088610 f   picomodel:picomodel.obj
 0001:00087630       UniqueIndices_find_or_insert 0000000140088630 f   picomodel:picomodel.obj
 0001:00087700       UniqueIndices_insert       0000000140088700 f   picomodel:picomodel.obj
 0001:00087740       lessSmoothVertex           0000000140088740 f   picomodel:picomodel.obj
 0001:000877c0       _pico_vertices_combine_shared_normals 00000001400887c0 f   picomodel:picomodel.obj
 0001:00087910       _pico_triangles_generate_weighted_normals 0000000140088910 f   picomodel:picomodel.obj
 0001:000879f0       _pico_normals_zero         00000001400889f0 f   picomodel:picomodel.obj
 0001:00087a30       _pico_normals_normalize    0000000140088a30 f   picomodel:picomodel.obj
 0001:00087a70       _pico_length_vec           0000000140088a70 f   picomodel:picomodel.obj
 0001:00087aa0       _pico_normal_is_unit_length 0000000140088aa0 f   picomodel:picomodel.obj
 0001:00087ae0       _pico_normal_within_tolerance 0000000140088ae0 f   picomodel:picomodel.obj
 0001:00087b10       _pico_normals_assign_generated_normals 0000000140088b10 f   picomodel:picomodel.obj
 0001:00087b80       PicoFixSurfaceNormals      0000000140088b80 f   picomodel:picomodel.obj
 0001:00087c20       PicoRemapModel             0000000140088c20 f   picomodel:picomodel.obj
 0001:00088170       PicoParseToken             0000000140089170 f   picomodel:picomodel.obj
 0001:00088400       PicoLoadSkinFiles          0000000140089400 f   picomodel:picomodel.obj
 0001:000886c0       PicoModuleLoadModel        00000001400896c0 f   picomodel:picomodel.obj
 0001:000887c0       PicoLoadModel              00000001400897c0 f   picomodel:picomodel.obj
 0001:000888d0       PicoNewSurface             00000001400898d0 f   picomodel:picomodel.obj
 0001:00088980       PicoFreeSkin               0000000140089980 f   picomodel:picomodel.obj
 0001:000889e0       PicoAddTriangleToModel     00000001400899e0 f   picomodel:picomodel.obj
 0001:00088c70       PicoFreeModel              0000000140089c70 f   picomodel:picomodel.obj
 0001:00088d60       _pico_alloc                0000000140089d60 f   picomodel:picointernal.obj
 0001:00088dc0       _pico_calloc               0000000140089dc0 f   picomodel:picointernal.obj
 0001:00088e30       _pico_clone_alloc          0000000140089e30 f   picomodel:picointernal.obj
 0001:00088e90       _pico_free                 0000000140089e90 f   picomodel:picointernal.obj
 0001:00088eb0       _pico_load_file            0000000140089eb0 f   picomodel:picointernal.obj
 0001:00088ed0       _pico_free_file            0000000140089ed0 f   picomodel:picointernal.obj
 0001:00088f00       _pico_printf               0000000140089f00 f   picomodel:picointernal.obj
 0001:00088f90       _pico_first_token          0000000140089f90 f   picomodel:picointernal.obj
 0001:00088fc0       _pico_strltrim             0000000140089fc0 f   picomodel:picointernal.obj
 0001:00089040       _pico_strrtrim             000000014008a040 f   picomodel:picointernal.obj
 0001:00089100       _pico_strlwr               000000014008a100 f   picomodel:picointernal.obj
 0001:00089130       _pico_strchcount           000000014008a130 f   picomodel:picointernal.obj
 0001:00089160       _pico_zero_bounds          000000014008a160 f   picomodel:picointernal.obj
 0001:00089190       _pico_expand_bounds        000000014008a190 f   picomodel:picointernal.obj
 0001:000891f0       _pico_zero_vec             000000014008a1f0 f   picomodel:picointernal.obj
 0001:00089200       _pico_zero_vec2            000000014008a200 f   picomodel:picointernal.obj
 0001:00089210       _pico_set_vec              000000014008a210 f   picomodel:picointernal.obj
 0001:00089220       _pico_copy_vec             000000014008a220 f   picomodel:picointernal.obj
 0001:00089240       _pico_copy_vec2            000000014008a240 f   picomodel:picointernal.obj
 0001:00089250       _pico_normalize_vec        000000014008a250 f   picomodel:picointernal.obj
 0001:000892e0       _pico_add_vec              000000014008a2e0 f   picomodel:picointernal.obj
 0001:00089310       _pico_subtract_vec         000000014008a310 f   picomodel:picointernal.obj
 0001:00089340       _pico_scale_vec            000000014008a340 f   picomodel:picointernal.obj
 0001:00089370       _pico_set_color            000000014008a370 f   picomodel:picointernal.obj
 0001:00089390       _pico_copy_color           000000014008a390 f   picomodel:picointernal.obj
 0001:000893b0       _pico_little_long          000000014008a3b0 f   picomodel:picointernal.obj
 0001:000893c0       _pico_little_short         000000014008a3c0 f   picomodel:picointernal.obj
 0001:000893d0       _pico_stristr              000000014008a3d0 f   picomodel:picointernal.obj
 0001:00089450       _pico_unixify              000000014008a450 f   picomodel:picointernal.obj
 0001:00089480       _pico_nopath               000000014008a480 f   picomodel:picointernal.obj
 0001:00089520       _pico_setfext              000000014008a520 f   picomodel:picointernal.obj
 0001:000895f0       _pico_new_parser           000000014008a5f0 f   picomodel:picointernal.obj
 0001:000896c0       _pico_free_parser          000000014008a6c0 f   picomodel:picointernal.obj
 0001:000896f0       _pico_parse_ex             000000014008a6f0 f   picomodel:picointernal.obj
 0001:00089850       _pico_parse_first          000000014008a850 f   picomodel:picointernal.obj
 0001:00089890       _pico_parse                000000014008a890 f   picomodel:picointernal.obj
 0001:000898c0       _pico_parse_skip_rest      000000014008a8c0 f   picomodel:picointernal.obj
 0001:000898f0       _pico_parse_skip_braced    000000014008a8f0 f   picomodel:picointernal.obj
 0001:000899a0       _pico_parse_check          000000014008a9a0 f   picomodel:picointernal.obj
 0001:00089a00       _pico_parse_int            000000014008aa00 f   picomodel:picointernal.obj
 0001:00089a50       _pico_parse_float          000000014008aa50 f   picomodel:picointernal.obj
 0001:00089aa0       _pico_parse_vec            000000014008aaa0 f   picomodel:picointernal.obj
 0001:00089b40       _pico_parse_vec2           000000014008ab40 f   picomodel:picointernal.obj
 0001:00089be0       _pico_new_memstream        000000014008abe0 f   picomodel:picointernal.obj
 0001:00089c40       _pico_free_memstream       000000014008ac40 f   picomodel:picointernal.obj
 0001:00089c60       _pico_memstream_read       000000014008ac60 f   picomodel:picointernal.obj
 0001:00089cf0       _pico_memstream_getc       000000014008acf0 f   picomodel:picointernal.obj
 0001:00089d30       _pico_memstream_seek       000000014008ad30 f   picomodel:picointernal.obj
 0001:00089dc0       _pico_memstream_tell       000000014008adc0 f   picomodel:picointernal.obj
 0001:00089de0       _pico_realloc              000000014008ade0 f   picomodel:picointernal.obj
 0001:00089e80       PicoModuleList             000000014008ae80 f   picomodel:picomodules.obj
 0001:0008ab30       _terrain_load_tga_buffer   000000014008bb30 f   picomodel:pm_terrain.obj
 0001:0008ea70       _ase_get_submaterial_or_default 000000014008fa70 f   picomodel:pm_ase.obj
 0001:00091af0       lwFreeLayer                0000000140092af0 f   picomodel:lwo2.obj
 0001:00091b40       lwFreeObject               0000000140092b40 f   picomodel:lwo2.obj
 0001:00091bb0       lwGetObject                0000000140092bb0 f   picomodel:lwo2.obj
 0001:00092100       lwValidateObject           0000000140093100 f   picomodel:lwo2.obj
 0001:000921d0       lwListFree                 00000001400931d0 f   picomodel:list.obj
 0001:00092200       lwListAdd                  0000000140093200 f   picomodel:list.obj
 0001:00092230       lwListInsert               0000000140093230 f   picomodel:list.obj
 0001:000922d0       lwFreeVMap                 00000001400932d0 f   picomodel:vmap.obj
 0001:00092340       lwGetVMap                  0000000140093340 f   picomodel:vmap.obj
 0001:000925a0       lwGetPointVMaps            00000001400935a0 f   picomodel:vmap.obj
 0001:00092700       lwGetPolyVMaps             0000000140093700 f   picomodel:vmap.obj
 0001:000928e0       lwFreePoints               00000001400938e0 f   picomodel:pntspols.obj
 0001:00092970       lwFreePolygons             0000000140093970 f   picomodel:pntspols.obj
 0001:00092a50       lwGetPoints                0000000140093a50 f   picomodel:pntspols.obj
 0001:00092c70       lwGetBoundingBox           0000000140093c70 f   picomodel:pntspols.obj
 0001:00092d60       lwAllocPolygons            0000000140093d60 f   picomodel:pntspols.obj
 0001:00092e80       lwGetPolygons              0000000140093e80 f   picomodel:pntspols.obj
 0001:00093050       lwGetPolyNormals           0000000140094050 f   picomodel:pntspols.obj
 0001:000931c0       lwGetPointPolygons         00000001400941c0 f   picomodel:pntspols.obj
 0001:00093320       lwResolvePolySurfaces      0000000140094320 f   picomodel:pntspols.obj
 0001:000934f0       lwGetVertNormals           00000001400944f0 f   picomodel:pntspols.obj
 0001:00093770       lwFreeTags                 0000000140094770 f   picomodel:pntspols.obj
 0001:000937f0       lwGetTags                  00000001400947f0 f   picomodel:pntspols.obj
 0001:00093940       lwGetPolygonTags           0000000140094940 f   picomodel:pntspols.obj
 0001:00093a80       lwFreePlugin               0000000140094a80 f   picomodel:surface.obj
 0001:00093ad0       lwFreeTexture              0000000140094ad0 f   picomodel:surface.obj
 0001:00093b60       lwFreeSurface              0000000140094b60 f   picomodel:surface.obj
 0001:00093c60       lwGetTHeader               0000000140094c60 f   picomodel:surface.obj
 0001:00093df0       lwGetTMap                  0000000140094df0 f   picomodel:surface.obj
 0001:00094020       lwGetImageMap              0000000140095020 f   picomodel:surface.obj
 0001:000942a0       lwGetProcedural            00000001400952a0 f   picomodel:surface.obj
 0001:00094440       lwGetGradient              0000000140095440 f   picomodel:surface.obj
 0001:000946f0       lwGetTexture               00000001400956f0 f   picomodel:surface.obj
 0001:00094830       lwGetShader                0000000140095830 f   picomodel:surface.obj
 0001:00094b00       lwDefaultSurface           0000000140095b00 f   picomodel:surface.obj
 0001:00094b70       lwGetSurface               0000000140095b70 f   picomodel:surface.obj
 0001:000951b0       lwFreeClip                 00000001400961b0 f   picomodel:clip.obj
 0001:00095280       lwGetClip                  0000000140096280 f   picomodel:clip.obj
 0001:00095700       lwFreeEnvelope             0000000140096700 f   picomodel:envelope.obj
 0001:00095780       lwGetEnvelope              0000000140096780 f   picomodel:envelope.obj
 0001:00095ab0       set_flen                   0000000140096ab0 f   picomodel:lwio.obj
 0001:00095ac0       get_flen                   0000000140096ac0 f   picomodel:lwio.obj
 0001:00095ad0       revbytes                   0000000140096ad0 f   picomodel:lwio.obj
 0001:00095b50       getbytes                   0000000140096b50 f   picomodel:lwio.obj
 0001:00095c00       getI2                      0000000140096c00 f   picomodel:lwio.obj
 0001:00095c00       getU2                      0000000140096c00 f   picomodel:lwio.obj
 0001:00095c60       getI4                      0000000140096c60 f   picomodel:lwio.obj
 0001:00095c60       getU4                      0000000140096c60 f   picomodel:lwio.obj
 0001:00095cc0       getU1                      0000000140096cc0 f   picomodel:lwio.obj
 0001:00095d00       getVX                      0000000140096d00 f   picomodel:lwio.obj
 0001:00095db0       getF4                      0000000140096db0 f   picomodel:lwio.obj
 0001:00095e10       getS0                      0000000140096e10 f   picomodel:lwio.obj
 0001:00095f50       sgetI2                     0000000140096f50 f   picomodel:lwio.obj
 0001:00095fb0       sgetU2                     0000000140096fb0 f   picomodel:lwio.obj
 0001:00095ff0       sgetU4                     0000000140096ff0 f   picomodel:lwio.obj
 0001:00096050       sgetVX                     0000000140097050 f   picomodel:lwio.obj
 0001:000960d0       sgetF4                     00000001400970d0 f   picomodel:lwio.obj
 0001:00096130       sgetS0                     0000000140097130 f   picomodel:lwio.obj
 0001:00096590       lwGetSurface5              0000000140097590 f   picomodel:lwob.obj
 0001:00096f90       lwGetPolygons5             0000000140097f90 f   picomodel:lwob.obj
 0001:00097150       lwGetObject5               0000000140098150 f   picomodel:lwob.obj
 0001:000973d0       lwValidateObject5          00000001400983d0 f   picomodel:lwob.obj
 0001:00097480       _pico_dot_vec              0000000140098480 f   picomodel:picointernal.obj
 0001:00097480       dot                        0000000140098480 f   picomodel:vecmath.obj
 0001:000974b0       _pico_cross_vec            00000001400984b0 f   picomodel:picointernal.obj
 0001:000974b0       cross                      00000001400984b0 f   picomodel:vecmath.obj
 0001:00097510       normalize                  0000000140098510 f   picomodel:vecmath.obj
 0001:0009755c       _stricmp                   000000014009855c f   MSVCRT:MSVCR90.dll
 0001:00097562       rename                     0000000140098562 f   MSVCRT:MSVCR90.dll
 0001:00097568       sprintf                    0000000140098568 f   MSVCRT:MSVCR90.dll
 0001:0009756e       sscanf_s                   000000014009856e f   MSVCRT:MSVCR90.dll
 0001:00097574       sscanf                     0000000140098574 f   MSVCRT:MSVCR90.dll
 0001:0009757a       strncmp                    000000014009857a f   MSVCRT:MSVCR90.dll
 0001:00097580       free                       0000000140098580 f   MSVCRT:MSVCR90.dll
[...]
 0001:000546b0       ?MapTriangle@@YA?AW4qboolean@@PEAUrawLightmap_s@@PEAUsurfaceInfo_s@@QEAPEAUbspDrawVert_t@@W41@@Z 00000001400556b0 f    CIL library: CIL module
 0001:00054a30       ?MapQuad_r@@YAXPEAUrawLightmap_s@@PEAUsurfaceInfo_s@@QEAPEAUbspDrawVert_t@@QEAM3QEAY02M4@Z 0000000140055a30 f    CIL library: CIL module
 0001:00054db0       ?MapQuad@@YA?AW4qboolean@@PEAUrawLightmap_s@@PEAUsurfaceInfo_s@@QEAPEAUbspDrawVert_t@@@Z 0000000140055db0 f    CIL library: CIL module
 0001:00057c40       ?SubmapRawLuxel@@YA?AW4qboolean@@PEAUrawLightmap_s@@HHMMPEAHQEAM2@Z 0000000140058c40 f    CIL library: CIL module
 0001:00057fc0       ?SubsampleRawLuxel_r@@YAXPEAUrawLightmap_s@@PEAUtrace_t@@QEAMHHMPEAM@Z 0000000140058fc0 f    CIL library: CIL module
 0001:0005f170       ?CompareLightSurface@@YAHPEBX0@Z 0000000140060170 f    CIL library: CIL module
 0001:00060a50       ?CompareSurfaceInfo@@YAHPEBX0@Z 0000000140061a50 f    CIL library: CIL module
 0001:000630f0       ?CompareBSPLuxels@@YA?AW4qboolean@@PEAUrawLightmap_s@@H0H@Z 00000001400640f0 f    CIL library: CIL module
 0001:000634a0       ?MergeBSPLuxels@@YA?AW4qboolean@@PEAUrawLightmap_s@@H0H@Z 00000001400644a0 f    CIL library: CIL module
 0001:00063730       ?ApproximateLuxel@@YA?AW4qboolean@@PEAUrawLightmap_s@@PEAUbspDrawVert_t@@@Z 0000000140064730 f    CIL library: CIL module
 0001:00063960       ?ApproximateTriangle_r@@YA?AW4qboolean@@PEAUrawLightmap_s@@QEAPEAUbspDrawVert_t@@@Z 0000000140064960 f    CIL library: CIL module
 0001:00063b70       ?ApproximateLightmap@@YA?AW4qboolean@@PEAUrawLightmap_s@@@Z 0000000140064b70 f    CIL library: CIL module
 0001:00063fe0       ?TestOutLightmapStamp@@YA?AW4qboolean@@PEAUrawLightmap_s@@HPEAUoutLightmap_s@@HH@Z 0000000140064fe0 f    CIL library: CIL module
 0001:00064170       ?SetupOutLightmap@@YAXPEAUrawLightmap_s@@PEAUoutLightmap_s@@@Z 0000000140065170 f    CIL library: CIL module
 0001:000642d0       ?FindOutLightmaps@@YAXPEAUrawLightmap_s@@@Z 00000001400652d0 f    CIL library: CIL module
 0001:00064c60       ?CompareRawLightmap@@YAHPEBX0@Z 0000000140065c60 f    CIL library: CIL module
 0001:0006e340       ?ConvertCollapsedSurface@@YAXPEAU_iobuf@@PEAUbspModel_t@@HHHQEAM@Z 000000014006f340 f    CIL library: CIL module
 0001:0006efc0       ?ConvertSurface@@YAXPEAU_iobuf@@PEAUbspModel_t@@HPEAUbspDrawSurface_t@@HQEAM@Z 000000014006ffc0 f    CIL library: CIL module
 0001:0006f630       ?ConvertModel@@YAXPEAU_iobuf@@PEAUbspModel_t@@HQEAMH@Z 0000000140070630 f    CIL library: CIL module
 0001:0006f730       ?ConvertShader@@YAXPEAU_iobuf@@PEAUbspShader_t@@H@Z 0000000140070730 f    CIL library: CIL module
 0001:0006fe90       ?ConvertBrush@@YAXPEAU_iobuf@@HPEAUbspBrush_t@@QEAM@Z 0000000140070e90 f    CIL library: CIL module
 0001:00070210       ?ConvertPatch@@YAXPEAU_iobuf@@HPEAUbspDrawSurface_t@@QEAM@Z 0000000140071210 f    CIL library: CIL module
 0001:00070430       ?ConvertModel@@YAXPEAU_iobuf@@PEAUbspModel_t@@HQEAM@Z 0000000140071430 f    CIL library: CIL module
 0001:00073bf0       ?MD4Transform@@YAXQEAKQEAE@Z 0000000140074bf0 f    CIL library: CIL module
 0001:00077270       ?unzlocal_SearchCentralDir@@YAKPEAU_iobuf@@@Z 0000000140078270 f    CIL library: CIL module
 0001:000775f0       ?unzlocal_GetCurrentFileInfoInternal@@YAHPEAXPEAUunz_file_info_s@@PEAUunz_file_info_internal_s@@PEADK0K3K@Z 00000001400785f0 f    CIL library: CIL module
 0001:00077a70       ?unzlocal_CheckCurrentFileCoherencyHeader@@YAHPEAUunz_s@@PEAIPEAK1@Z 0000000140078a70 f    CIL library: CIL module
 0001:00079110       ?huft_build@@YAHPEAIIIPEBI1PEAPEAUinflate_huft_s@@0PEAU1@00@Z 000000014007a110 f    CIL library: CIL module
 0001:0007a920       ?vfsInitPakFile@@YAXPEBD@Z 000000014007b920 f    CIL library: CIL module
 0001:0007d370       DDSDecodePixelFormat       000000014007e370 f   ddslib:ddslib.obj
 0001:0007d430       DDSGetColorBlockColors     000000014007e430 f   ddslib:ddslib.obj
 0001:0007d600       DDSDecodeColorBlock        000000014007e600 f   ddslib:ddslib.obj
 0001:0007d6e0       DDSDecodeAlphaExplicit     000000014007e6e0 f   ddslib:ddslib.obj
 0001:0007d7e0       DDSDecodeAlpha3BitLinear   000000014007e7e0 f   ddslib:ddslib.obj
 0001:0007dae0       DDSDecompressDXT1          000000014007eae0 f   ddslib:ddslib.obj
 0001:0007dbf0       DDSDecompressDXT3          000000014007ebf0 f   ddslib:ddslib.obj
 0001:0007dd70       DDSDecompressDXT5          000000014007ed70 f   ddslib:ddslib.obj
 0001:0007def0       DDSDecompressDXT2          000000014007eef0 f   ddslib:ddslib.obj
 0001:0007df00       DDSDecompressDXT4          000000014007ef00 f   ddslib:ddslib.obj
 0001:0007df10       DDSDecompressARGB8888      000000014007ef10 f   ddslib:ddslib.obj
 0001:0007e340       ?default_decompress_parms@@YAXPEAUjpeg_decompress_struct@@@Z 000000014007f340 f   jpeg6:jdapimin.obj
 0001:0007e760       ?output_pass_setup@@YAEPEAUjpeg_decompress_struct@@@Z 000000014007f760 f   jpeg6:jdapistd.obj
 0001:0007e960       ?init_source@@YAXPEAUjpeg_decompress_struct@@@Z 000000014007f960 f   jpeg6:jdatasrc.obj
 0001:0007e970       ?fill_input_buffer@@YAEPEAUjpeg_decompress_struct@@@Z 000000014007f970 f   jpeg6:jdatasrc.obj
 0001:0007e9d0       ?skip_input_data@@YAXPEAUjpeg_decompress_struct@@J@Z 000000014007f9d0 f   jpeg6:jdatasrc.obj
 0001:0007ead0       ?error_exit@@YAXPEAUjpeg_common_struct@@@Z 000000014007fad0 f   jpeg6:jerror.obj
 0001:0007eb00       ?output_message@@YAXPEAUjpeg_common_struct@@@Z 000000014007fb00 f   jpeg6:jerror.obj
 0001:0007eb30       ?emit_message@@YAXPEAUjpeg_common_struct@@H@Z 000000014007fb30 f   jpeg6:jerror.obj
 0001:0007eb70       ?format_message@@YAXPEAUjpeg_common_struct@@PEAD@Z 000000014007fb70 f   jpeg6:jerror.obj
 0001:0007ec50       ?reset_error_mgr@@YAXPEAUjpeg_common_struct@@@Z 000000014007fc50 f   jpeg6:jerror.obj
 0001:0007ecf0       ?initial_setup@@YAXPEAUjpeg_decompress_struct@@@Z 000000014007fcf0 f   jpeg6:jdinput.obj
 0001:0007ef00       ?per_scan_setup@@YAXPEAUjpeg_decompress_struct@@@Z 000000014007ff00 f   jpeg6:jdinput.obj
 0001:0007f0e0       ?latch_quant_tables@@YAXPEAUjpeg_decompress_struct@@@Z 00000001400800e0 f   jpeg6:jdinput.obj
 0001:0007f1b0       ?start_input_pass@@YAXPEAUjpeg_decompress_struct@@@Z 00000001400801b0 f   jpeg6:jdinput.obj
 0001:0007f200       ?consume_markers@@YAHPEAUjpeg_decompress_struct@@@Z 0000000140080200 f   jpeg6:jdinput.obj
 0001:0007f310       ?reset_input_controller@@YAXPEAUjpeg_decompress_struct@@@Z 0000000140080310 f   jpeg6:jdinput.obj
 0001:0007f360       ?finish_input_pass@@YAXPEAUjpeg_decompress_struct@@@Z 0000000140080360 f   jpeg6:jdinput.obj
 0001:0007f3e0       ?get_soi@@YAEPEAUjpeg_decompress_struct@@@Z 00000001400803e0 f   jpeg6:jdmarker.obj
 0001:0007f4a0       ?get_sof@@YAEPEAUjpeg_decompress_struct@@EE@Z 00000001400804a0 f   jpeg6:jdmarker.obj
 0001:0007f7f0       ?get_sos@@YAEPEAUjpeg_decompress_struct@@@Z 00000001400807f0 f   jpeg6:jdmarker.obj
 0001:0007fb20       ?get_app0@@YAEPEAUjpeg_decompress_struct@@@Z 0000000140080b20 f   jpeg6:jdmarker.obj
 0001:0007fe00       ?get_app14@@YAEPEAUjpeg_decompress_struct@@@Z 0000000140080e00 f   jpeg6:jdmarker.obj
 0001:0007fff0       ?get_dac@@YAEPEAUjpeg_decompress_struct@@@Z 0000000140080ff0 f   jpeg6:jdmarker.obj
 0001:000801a0       ?get_dht@@YAEPEAUjpeg_decompress_struct@@@Z 00000001400811a0 f   jpeg6:jdmarker.obj
 0001:000804d0       ?get_dqt@@YAEPEAUjpeg_decompress_struct@@@Z 00000001400814d0 f   jpeg6:jdmarker.obj
 0001:00080750       ?get_dri@@YAEPEAUjpeg_decompress_struct@@@Z 0000000140081750 f   jpeg6:jdmarker.obj
 0001:00080870       ?skip_variable@@YAEPEAUjpeg_decompress_struct@@@Z 0000000140081870 f   jpeg6:jdmarker.obj
 0001:00080940       ?next_marker@@YAEPEAUjpeg_decompress_struct@@@Z 0000000140081940 f   jpeg6:jdmarker.obj
 0001:00080ab0       ?first_marker@@YAEPEAUjpeg_decompress_struct@@@Z 0000000140081ab0 f   jpeg6:jdmarker.obj
 0001:00080b80       ?read_markers@@YAHPEAUjpeg_decompress_struct@@@Z 0000000140081b80 f   jpeg6:jdmarker.obj
 0001:00080ea0       ?read_restart_marker@@YAEPEAUjpeg_decompress_struct@@@Z 0000000140081ea0 f   jpeg6:jdmarker.obj
 0001:00081070       ?reset_marker_reader@@YAXPEAUjpeg_decompress_struct@@@Z 0000000140082070 f   jpeg6:jdmarker.obj
 0001:00081160       ?out_of_memory@@YAXPEAUjpeg_common_struct@@H@Z 0000000140082160 f   jpeg6:jmemmgr.obj
 0001:00081180       ?alloc_small@@YAPEAXPEAUjpeg_common_struct@@H_K@Z 0000000140082180 f   jpeg6:jmemmgr.obj
 0001:00081300       ?alloc_large@@YAPEAXPEAUjpeg_common_struct@@H_K@Z 0000000140082300 f   jpeg6:jmemmgr.obj
 0001:000813e0       ?alloc_sarray@@YAPEAPEAEPEAUjpeg_common_struct@@HII@Z 00000001400823e0 f   jpeg6:jmemmgr.obj
 0001:000814d0       ?alloc_barray@@YAPEAPEAY0EA@FPEAUjpeg_common_struct@@HII@Z 00000001400824d0 f   jpeg6:jmemmgr.obj
 0001:000815e0       ?request_virt_sarray@@YAPEAUjvirt_sarray_control@@PEAUjpeg_common_struct@@HEIII@Z 00000001400825e0 f   jpeg6:jmemmgr.obj
 0001:00081690       ?request_virt_barray@@YAPEAUjvirt_barray_control@@PEAUjpeg_common_struct@@HEIII@Z 0000000140082690 f   jpeg6:jmemmgr.obj
 0001:00081740       ?realize_virt_arrays@@YAXPEAUjpeg_common_struct@@@Z 0000000140082740 f   jpeg6:jmemmgr.obj
 0001:00081920       ?do_sarray_io@@YAXPEAUjpeg_common_struct@@PEAUjvirt_sarray_control@@E@Z 0000000140082920 f   jpeg6:jmemmgr.obj
 0001:000819e0       ?do_barray_io@@YAXPEAUjpeg_common_struct@@PEAUjvirt_barray_control@@E@Z 00000001400829e0 f   jpeg6:jmemmgr.obj
 0001:00081aa0       ?access_virt_sarray@@YAPEAPEAEPEAUjpeg_common_struct@@PEAUjvirt_sarray_control@@IIE@Z 0000000140082aa0 f   jpeg6:jmemmgr.obj
 0001:00081c00       ?access_virt_barray@@YAPEAPEAY0EA@FPEAUjpeg_common_struct@@PEAUjvirt_barray_control@@IIE@Z 0000000140082c00 f   jpeg6:jmemmgr.obj
 0001:00081d60       ?free_pool@@YAXPEAUjpeg_common_struct@@H@Z 0000000140082d60 f   jpeg6:jmemmgr.obj
 0001:00081eb0       ?self_destruct@@YAXPEAUjpeg_common_struct@@@Z 0000000140082eb0 f   jpeg6:jmemmgr.obj
 0001:00082130       ?use_merged_upsample@@YAEPEAUjpeg_decompress_struct@@@Z 0000000140083130 f   jpeg6:jdmaster.obj
 0001:000821f0       ?prepare_range_limit_table@@YAXPEAUjpeg_decompress_struct@@@Z 00000001400831f0 f   jpeg6:jdmaster.obj
 0001:000822a0       ?master_selection@@YAXPEAUjpeg_decompress_struct@@@Z 00000001400832a0 f   jpeg6:jdmaster.obj
 0001:00082450       ?prepare_for_output_pass@@YAXPEAUjpeg_decompress_struct@@@Z 0000000140083450 f   jpeg6:jdmaster.obj
 0001:000825a0       ?finish_output_pass@@YAXPEAUjpeg_decompress_struct@@@Z 00000001400835a0 f   jpeg6:jdmaster.obj
 0001:00082710       ?dummy_consume_data@@YAHPEAUjpeg_decompress_struct@@@Z 0000000140083710 f   jpeg6:jmemnobs.obj
 0001:00082720       ?alloc_funny_pointers@@YAXPEAUjpeg_decompress_struct@@@Z 0000000140083720 f   jpeg6:jdmainct.obj
 0001:00082820       ?make_funny_pointers@@YAXPEAUjpeg_decompress_struct@@@Z 0000000140083820 f   jpeg6:jdmainct.obj
 0001:000829c0       ?set_wraparound_pointers@@YAXPEAUjpeg_decompress_struct@@@Z 00000001400839c0 f   jpeg6:jdmainct.obj
 0001:00082ad0       ?set_bottom_pointers@@YAXPEAUjpeg_decompress_struct@@@Z 0000000140083ad0 f   jpeg6:jdmainct.obj
 0001:00082ba0       ?process_data_simple_main@@YAXPEAUjpeg_decompress_struct@@PEAPEAEPEAII@Z 0000000140083ba0 f   jpeg6:jdmainct.obj
 0001:00082c50       ?process_data_context_main@@YAXPEAUjpeg_decompress_struct@@PEAPEAEPEAII@Z 0000000140083c50 f   jpeg6:jdmainct.obj
 0001:00082de0       ?start_pass_main@@YAXPEAUjpeg_decompress_struct@@W4J_BUF_MODE@@@Z 0000000140083de0 f   jpeg6:jdmainct.obj
 0001:00082f90       ?start_iMCU_row@@YAXPEAUjpeg_decompress_struct@@@Z 0000000140083f90 f   jpeg6:jdcoefct.obj
 0001:00082ff0       ?start_input_pass@@YAXPEAUjpeg_decompress_struct@@@Z 0000000140083ff0 f   jpeg6:jdcoefct.obj
 0001:00083000       ?start_output_pass@@YAXPEAUjpeg_decompress_struct@@@Z 0000000140084000 f   jpeg6:jdcoefct.obj
 0001:00083010       ?decompress_onepass@@YAHPEAUjpeg_decompress_struct@@PEAPEAPEAE@Z 0000000140084010 f   jpeg6:jdcoefct.obj
 0001:00083850       ?process_restart@@YAEPEAUjpeg_decompress_struct@@@Z 0000000140084850 f   jpeg6:jdhuff.obj
 0001:000838f0       ?decode_mcu@@YAEPEAUjpeg_decompress_struct@@PEAPEAY0EA@F@Z 00000001400848f0 f   jpeg6:jdhuff.obj
 0001:00083dc0       ?start_pass_huff_decoder@@YAXPEAUjpeg_decompress_struct@@@Z 0000000140084dc0 f   jpeg6:jdhuff.obj
 0001:00083f80       ?start_pass@@YAXPEAUjpeg_decompress_struct@@@Z 0000000140084f80 f   jpeg6:jddctmgr.obj
 0001:00084340       ?post_process_1pass@@YAXPEAUjpeg_decompress_struct@@PEAPEAPEAEPEAIIPEAPEAE2I@Z 0000000140085340 f   jpeg6:jdpostct.obj
 0001:000843f0       ?start_pass_dpost@@YAXPEAUjpeg_decompress_struct@@W4J_BUF_MODE@@@Z 00000001400853f0 f   jpeg6:jdpostct.obj
 0001:00084540       ?start_pass_upsample@@YAXPEAUjpeg_decompress_struct@@@Z 0000000140085540 f   jpeg6:jdsample.obj
 0001:00084560       ?sep_upsample@@YAXPEAUjpeg_decompress_struct@@PEAPEAPEAEPEAIIPEAPEAE2I@Z 0000000140085560 f   jpeg6:jdsample.obj
 0001:000846b0       ?fullsize_upsample@@YAXPEAUjpeg_decompress_struct@@PEAUjpeg_component_info@@PEAPEAEPEAPEAPEAE@Z 00000001400856b0 f   jpeg6:jdsample.obj
 0001:000846c0       ?noop_upsample@@YAXPEAUjpeg_decompress_struct@@PEAUjpeg_component_info@@PEAPEAEPEAPEAPEAE@Z 00000001400856c0 f   jpeg6:jdsample.obj
 0001:000846d0       ?int_upsample@@YAXPEAUjpeg_decompress_struct@@PEAUjpeg_component_info@@PEAPEAEPEAPEAPEAE@Z 00000001400856d0 f   jpeg6:jdsample.obj
 0001:00084830       ?h2v1_upsample@@YAXPEAUjpeg_decompress_struct@@PEAUjpeg_component_info@@PEAPEAEPEAPEAPEAE@Z 0000000140085830 f   jpeg6:jdsample.obj
 0001:000848a0       ?h2v2_upsample@@YAXPEAUjpeg_decompress_struct@@PEAUjpeg_component_info@@PEAPEAEPEAPEAPEAE@Z 00000001400858a0 f   jpeg6:jdsample.obj
 0001:00084960       ?h2v1_fancy_upsample@@YAXPEAUjpeg_decompress_struct@@PEAUjpeg_component_info@@PEAPEAEPEAPEAPEAE@Z 0000000140085960 f   jpeg6:jdsample.obj
 0001:00084a50       ?h2v2_fancy_upsample@@YAXPEAUjpeg_decompress_struct@@PEAUjpeg_component_info@@PEAPEAEPEAPEAPEAE@Z 0000000140085a50 f   jpeg6:jdsample.obj
 0001:00084e10       ?build_ycc_rgb_table@@YAXPEAUjpeg_decompress_struct@@@Z 0000000140085e10 f   jpeg6:jdcolor.obj
 0001:00084f10       ?ycc_rgb_convert@@YAXPEAUjpeg_decompress_struct@@PEAPEAPEAEIPEAPEAEH@Z 0000000140085f10 f   jpeg6:jdcolor.obj
 0001:000850b0       ?null_convert@@YAXPEAUjpeg_decompress_struct@@PEAPEAPEAEIPEAPEAEH@Z 00000001400860b0 f   jpeg6:jdcolor.obj
 0001:00085170       ?grayscale_convert@@YAXPEAUjpeg_decompress_struct@@PEAPEAPEAEIPEAPEAEH@Z 0000000140086170 f   jpeg6:jdcolor.obj
 0001:000851b0       ?ycck_cmyk_convert@@YAXPEAUjpeg_decompress_struct@@PEAPEAPEAEIPEAPEAEH@Z 00000001400861b0 f   jpeg6:jdcolor.obj
 0001:00085380       ?term_source@@YAXPEAUjpeg_decompress_struct@@@Z 0000000140086380 f   jpeg6:jdcolor.obj
 0001:00085380       ?PNGFlushData@@YAXPEAUpng_struct_def@@@Z 0000000140086380 f   jpeg6:jdcolor.obj
 0001:00085380       ?start_pass_dcolor@@YAXPEAUjpeg_decompress_struct@@@Z 0000000140086380 f   jpeg6:jdcolor.obj
 0001:00089eb0       _obj_canload               000000014008aeb0 f   picomodel:pm_obj.obj
 0001:0008a010       SizeObjVertexData          000000014008b010 f   picomodel:pm_obj.obj
 0001:0008a0d0       FreeObjVertexData          000000014008b0d0 f   picomodel:pm_obj.obj
 0001:0008a0f0       _obj_load                  000000014008b0f0 f   picomodel:pm_obj.obj
 0001:0008b000       _terrain_canload           000000014008c000 f   picomodel:pm_terrain.obj
 0001:0008b070       _terrain_load              000000014008c070 f   picomodel:pm_terrain.obj
 0001:0008b850       lwo_lwIDToStr              000000014008c850 f   picomodel:pm_lwo.obj
 0001:0008b8a0       _lwo_canload               000000014008c8a0 f   picomodel:pm_lwo.obj
 0001:0008b910       _lwo_load                  000000014008c910 f   picomodel:pm_lwo.obj
 0001:0008c210       _fm_canload                000000014008d210 f   picomodel:pm_fm.obj
 0001:0008c340       _fm_load                   000000014008d340 f   picomodel:pm_fm.obj
 0001:0008ce20       _md2_canload               000000014008de20 f   picomodel:pm_md2.obj
 0001:0008ce70       _md2_load                  000000014008de70 f   picomodel:pm_md2.obj
 0001:0008d8e0       _mdc_canload               000000014008e8e0 f   picomodel:pm_mdc.obj
 0001:0008d930       _mdc_load                  000000014008e930 f   picomodel:pm_mdc.obj
 0001:0008e210       _ms3d_canload              000000014008f210 f   picomodel:pm_ms3d.obj
 0001:0008e290       GetWord                    000000014008f290 f   picomodel:pm_ms3d.obj
 0001:0008e2d0       _ms3d_load                 000000014008f2d0 f   picomodel:pm_ms3d.obj
 0001:0008ea00       _ase_get_material          000000014008fa00 f   picomodel:pm_ase.obj
 0001:0008ea20       _ase_get_submaterial       000000014008fa20 f   picomodel:pm_ase.obj
 0001:0008ead0       _ase_add_material          000000014008fad0 f   picomodel:pm_ase.obj
 0001:0008eb10       _ase_add_submaterial       000000014008fb10 f   picomodel:pm_ase.obj
 0001:0008eb90       _ase_free_materials        000000014008fb90 f   picomodel:pm_ase.obj
 0001:0008ec10       _ase_canload               000000014008fc10 f   picomodel:pm_ase.obj
 0001:0008eca0       _ase_submit_triangles      000000014008fca0 f   picomodel:pm_ase.obj
 0001:0008f210       _ase_load                  0000000140090210 f   picomodel:pm_ase.obj
 0001:00090870       _3ds_canload               0000000140091870 f   picomodel:pm_3ds.obj
 0001:000908d0       GetChunk                   00000001400918d0 f   picomodel:pm_3ds.obj
 0001:00090930       GetASCIIZ                  0000000140091930 f   picomodel:pm_3ds.obj
 0001:000909c0       GetByte                    00000001400919c0 f   picomodel:pm_3ds.obj
 0001:000909e0       GetWord                    00000001400919e0 f   picomodel:pm_3ds.obj
 0001:00090a20       GetFloat                   0000000140091a20 f   picomodel:pm_3ds.obj
 0001:00090a50       GetMeshVertices            0000000140091a50 f   picomodel:pm_3ds.obj
 0001:00090ae0       GetMeshFaces               0000000140091ae0 f   picomodel:pm_3ds.obj
 0001:00090ba0       GetMeshTexCoords           0000000140091ba0 f   picomodel:pm_3ds.obj
 0001:00090c30       GetMeshShader              0000000140091c30 f   picomodel:pm_3ds.obj
 0001:00090e00       GetDiffuseColor            0000000140091e00 f   picomodel:pm_3ds.obj
 0001:00090e50       DoNextEditorDataChunk      0000000140091e50 f   picomodel:pm_3ds.obj
 0001:000910d0       DoNextChunk                00000001400920d0 f   picomodel:pm_3ds.obj
 0001:00091190       _3ds_load                  0000000140092190 f   picomodel:pm_3ds.obj
 0001:000912a0       _md3_canload               00000001400922a0 f   picomodel:pm_md3.obj
 0001:000912f0       _md3_load                  00000001400922f0 f   picomodel:pm_md3.obj
 0001:00094a10       compare_shaders            0000000140095a10 f   picomodel:surface.obj
 0001:00094a10       compare_textures           0000000140095a10 f   picomodel:surface.obj
 0001:00094a40       add_texture                0000000140095a40 f   picomodel:surface.obj
 0001:00095750       compare_keys               0000000140096750 f   picomodel:envelope.obj
 0001:00096200       add_clip                   0000000140097200 f   picomodel:lwob.obj
 0001:000962b0       add_tvel                   00000001400972b0 f   picomodel:lwob.obj
 0001:00096430       get_texture                0000000140097430 f   picomodel:lwob.obj
 0001:0009772c       pre_cpp_init               000000014009872c f   MSVCRT:crtexe.obj
 0001:00097794       __tmainCRTStartup          0000000140098794 f   MSVCRT:crtexe.obj
 0001:00097914       pre_c_init                 0000000140098914 f   MSVCRT:crtexe.obj
 0001:00097db0       _onexit$fin$0              0000000140098db0 f   MSVCRT:atonexit.obj
 0001:00097dc9       __tmainCRTStartup$filt$0   0000000140098dc9 f   MSVCRT:crtexe.obj
 0001:00097df0       _IsNonwritableInCurrentImage$filt$0 0000000140098df0 f   MSVCRT:pesect.obj
