 bloodmap

 Timestamp is 54711fa9 (Sun Nov 23 02:43:37 2014)

 Preferred load address is 0000000140000000

 Start         Length     Name                   Class
 0001:00000000 0008e068H .text                   CODE
 0001:0008e070 0000005eH .text$00                CODE
 0001:0008e0d0 00000061H .text$x                 CODE
 0002:00000000 00000528H .idata$5                DATA
 0002:00000528 00000008H .CRT$XCA                DATA
 0002:00000530 00000008H .CRT$XCAA               DATA
 0002:00000538 00000008H .CRT$XCZ                DATA
 0002:00000540 00000008H .CRT$XIA                DATA
 0002:00000548 00000008H .CRT$XIAA               DATA
 0002:00000550 00000008H .CRT$XIY                DATA
 0002:00000558 00000008H .CRT$XIZ                DATA
 0002:00000560 00010b78H .rdata                  DATA
 0002:000110d8 00000042H .rdata$debug            DATA
 0002:00011120 00000008H .rtc$IAA                DATA
 0002:00011128 00000008H .rtc$IZZ                DATA
 0002:00011130 00000008H .rtc$TAA                DATA
 0002:00011138 00000008H .rtc$TZZ                DATA
 0002:00011140 00009b9cH .xdata                  DATA
 0002:0001acdc 00000078H .idata$2                DATA
 0002:0001ad54 00000014H .idata$3                DATA
 0002:0001ad68 00000528H .idata$4                DATA
 0002:0001b290 00000842H .idata$6                DATA
 0002:0001bad2 00000000H .edata                  DATA
 0003:00000000 000153f8H .data                   DATA
 0003:00015400 0fdc59a0H .bss                    DATA
 0004:00000000 000063e4H .pdata                  DATA
 0005:00000000 00000250H .rsrc$01                DATA
 0005:00000250 000102f8H .rsrc$02                DATA

  Address         Publics by Value              Rva+Base               Lib:Object

 0000:00000000       ___safe_se_handler_count   0000000000000000     <absolute>
 0000:00000000       ___safe_se_handler_table   0000000000000000     <absolute>
 0000:00000000       __ImageBase                0000000140000000     <linker-defined>
 0001:00000000       ?IncDrawVerts@@YAXXZ       0000000140001000 f   bspfile_abstract.obj
 0001:000000d0       ?SetDrawVerts@@YAXH@Z      00000001400010d0 f   bspfile_abstract.obj
 0001:00000190       ?SetDrawSurfaces@@YAXH@Z   0000000140001190 f   bspfile_abstract.obj
 0001:00000250       ?SwapBSPFile@@YAXXZ        0000000140001250 f   bspfile_abstract.obj
 0001:00000420       ?WriteBSPFile@@YAXPEBD@Z   0000000140001420 f   bspfile_abstract.obj
 0001:000004c0       ?PrintBSPFileSizes@@YAXXZ  00000001400014c0 f   bspfile_abstract.obj
 0001:00000760       ?ParseEPair@@YAPEAUepair_s@@XZ 0000000140001760 f   bspfile_abstract.obj
 0001:000008d0       ?ParseEntity@@YA?AW4qboolean@@XZ 00000001400018d0 f   bspfile_abstract.obj
 0001:000009d0       ?ParseEntities@@YAXXZ      00000001400019d0 f   bspfile_abstract.obj
 0001:00000a70       ?UnparseEntities@@YAXW4qboolean@@@Z 0000000140001a70 f   bspfile_abstract.obj
 0001:00000db0       ?SetKeyValue@@YAXPEAUentity_t@@PEBD1@Z 0000000140001db0 f   bspfile_abstract.obj
 0001:00000f00       ?KeyExists@@YA?AW4qboolean@@PEBUentity_t@@PEBD@Z 0000000140001f00 f   bspfile_abstract.obj
 0001:00000f60       ?ValueForKey@@YAPEBDPEBUentity_t@@PEBD@Z 0000000140001f60 f   bspfile_abstract.obj
 0001:00000fd0       ?IntForKey@@YAHPEBUentity_t@@PEBD@Z 0000000140001fd0 f   bspfile_abstract.obj
 0001:00001050       ?FloatForKey@@YAMPEBUentity_t@@PEBD@Z 0000000140002050 f   bspfile_abstract.obj
 0001:000010c0       ?GetVectorForKey@@YAXPEBUentity_t@@PEBDQEAM@Z 00000001400020c0 f   bspfile_abstract.obj
 0001:00001180       ?FindTargetEntity@@YAPEAUentity_t@@PEBD@Z 0000000140002180 f   bspfile_abstract.obj
 0001:00001250       ?GetEntityShadowFlags@@YAXPEBUentity_t@@0PEAD1W4qboolean@@@Z 0000000140002250 f   bspfile_abstract.obj
 0001:000014a0       ?GetEntityLightmapScale@@YAXPEBUentity_t@@PEAMM@Z 00000001400024a0 f   bspfile_abstract.obj
 0001:00001640       ?GetEntityNormalSmoothing@@YAXPEBUentity_t@@PEAHH@Z 0000000140002640 f   bspfile_abstract.obj
 0001:00001750       ?GetEntityLightmapStitch@@YAXPEBUentity_t@@PEAMM@Z 0000000140002750 f   bspfile_abstract.obj
 0001:00002a50       ?LoadIBSPFile@@YAXPEBD@Z   0000000140003a50 f   bspfile_ibsp.obj
 0001:00003020       ?WriteIBSPFile@@YAXPEBD@Z  0000000140004020 f   bspfile_ibsp.obj
 0001:00003a50       ?LoadRBSPFile@@YAXPEBD@Z   0000000140004a50 f   bspfile_rbsp.obj
 0001:00004210       ?WriteRBSPFile@@YAXPEBD@Z  0000000140005210 f   bspfile_rbsp.obj
 0001:000049d0       ?PNGReadData@@YAXPEAUpng_struct_def@@PEAE_K@Z 00000001400059d0 f   image.obj
 0001:00004d60       ?WritePNG@@YAXPEBDPEAEHHW4qboolean@@2@Z 0000000140005d60 f   image.obj
 0001:00005110       ?ImageFind@@YAPEAUimage_s@@PEBD@Z 0000000140006110 f   image.obj
 0001:00005200       ?ImageLoad@@YAPEAUimage_s@@PEBD@Z 0000000140006200 f   image.obj
 0001:00005a90       ?FixAAS@@YAHHPEAPEAD@Z     0000000140006a90 f   main.obj
 0001:00005d20       ?AnalyzeBSP@@YAHHPEAPEAD@Z 0000000140006d20 f   main.obj
 0001:00006110       ?BSPInfo@@YAHHPEAPEAD@Z    0000000140007110 f   main.obj
 0001:00006450       ?ScaleBSPMain@@YAHHPEAPEAD@Z 0000000140007450 f   main.obj
 0001:00007410       ?ConvertBSPMain@@YAHHPEAPEAD@Z 0000000140008410 f   main.obj
 0001:00007790       main                       0000000140008790 f   main.obj
 0001:00007dc0       ?LerpDrawVert@@YAXPEAUbspDrawVert_t@@00@Z 0000000140008dc0 f   mesh.obj
 0001:00007f80       ?LerpDrawVertAmount@@YAXPEAUbspDrawVert_t@@0M0@Z 0000000140008f80 f   mesh.obj
 0001:000081f0       ?CopyMesh@@YAPEAUmesh_t@@PEAU1@@Z 00000001400091f0 f   mesh.obj
 0001:00008270       ?TransposeMesh@@YAPEAUmesh_t@@PEAU1@@Z 0000000140009270 f   mesh.obj
 0001:00008370       ?InvertMesh@@YAXPEAUmesh_t@@@Z 0000000140009370 f   mesh.obj
 0001:000084b0       ?MakeMeshNormals@@YAXUmesh_t@@@Z 00000001400094b0 f   mesh.obj
 0001:00008a40       ?PutMeshOnCurve@@YAXUmesh_t@@@Z 0000000140009a40 f   mesh.obj
 0001:00008e80       ?SubdivideMesh@@YAPEAUmesh_t@@U1@MM@Z 0000000140009e80 f   mesh.obj
 0001:000097b0       ?IterationsForCurve@@YAHMH@Z 000000014000a7b0 f   mesh.obj
 0001:00009830       ?SubdivideMesh2@@YAPEAUmesh_t@@U1@H@Z 000000014000a830 f   mesh.obj
 0001:00009d80       ?RemoveLinearMeshColumnsRows@@YAPEAUmesh_t@@PEAU1@@Z 000000014000ad80 f   mesh.obj
 0001:0000a370       ?PicoPrintFunc@@YAXHPEBD@Z 000000014000b370 f   model.obj
 0001:0000a3f0       ?PicoLoadFileFunc@@YAXPEADPEAPEAEPEAH@Z 000000014000b3f0 f   model.obj
 0001:0000a410       ?FindModel@@YAPEAUpicoModel_s@@PEBDH@Z 000000014000b410 f   model.obj
 0001:0000a4e0       ?LoadModel@@YAPEAUpicoModel_s@@PEBDH@Z 000000014000b4e0 f   model.obj
 0001:0000a5f0       ?InsertModel@@YAXPEADHHQEAMMPEAUremap_s@@PEAUshaderInfo_s@@HDDHMMMHHW4qboolean@@M4PEAH555@Z 000000014000b5f0 f   model.obj
 0001:0000b830       ?LoadTriangleModels@@YAXXZ 000000014000c830 f   model.obj
 0001:0000bb80       ?AddTriangleModels@@YAXH@Z 000000014000cb80 f   model.obj
 0001:0000cbe0       ?TidyShaders@@YAXXZ        000000014000dbe0 f   optimize.obj
 0001:0000d340       ?MergeDrawSurfaces@@YAXXZ  000000014000e340 f   optimize.obj
 0001:0000df70       ?MergeDrawVerts@@YAXXZ     000000014000ef70 f   optimize.obj
 0001:0000e9e0       ?WriteResourceOBJFile@@YAXPEBD@Z 000000014000f9e0 f   optimize.obj
 0001:0000f2c0       ?OptimizeBSPMain@@YAHHPEAPEAD@Z 00000001400102c0 f   optimize.obj
 0001:0000f9b0       ?AllocateEntity@@YAPEAUentity_t@@PEAU1@@Z 00000001400109b0 f   patchbsp.obj
 0001:0000fa30       ?FindMapEntityByUniqueKey@@YAPEAUentity_t@@PEBD@Z 0000000140010a30 f   patchbsp.obj
 0001:0000fb40       ?PatchEntities@@YAXXZ      0000000140010b40 f   patchbsp.obj
 0001:000100c0       ?PatchBSPMain@@YAHHPEAPEAD@Z 00000001400110c0 f   patchbsp.obj
 0001:00010700       ?GetGame@@YAPEAUgame_s@@PEAD@Z 0000000140011700 f   path_init.obj
 0001:00010850       ?AddBasePath@@YAXPEAD@Z    0000000140011850 f   path_init.obj
 0001:000108f0       ?AddGamePath@@YAXPEAD@Z    00000001400118f0 f   path_init.obj
 0001:00010990       ?InitPaths@@YAXPEAHPEAPEAD@Z 0000000140011990 f   path_init.obj
 0001:00010e70       ?GetGamePath@@YA?AW4qboolean@@PEAD0@Z 0000000140011e70 f   path_init.obj
 0001:00011100       ?ColorModBuildRandomMatrix@@YAXXZ 0000000140012100 f   shaders.obj
 0001:000111b0       ?ColorModRandom@@YAMQEAMM@Z 00000001400121b0 f   shaders.obj
 0001:00011480       ?ColorMod@@YAXPEAUmapDrawSurface_s@@PEAUcolorMod_s@@PEAUbrush_s@@HH@Z 0000000140012480 f   shaders.obj
 0001:00011c10       ?TCModMultiply@@YAXQEAY02M00@Z 0000000140012c10 f   shaders.obj
 0001:00011d90       ?TCModRotate@@YAXQEAY02MM@Z 0000000140012d90 f   shaders.obj
 0001:00011e80       ?ApplySurfaceParm@@YA?AW4qboolean@@PEADPEAH11@Z 0000000140012e80 f   shaders.obj
 0001:00011fd0       ?BeginMapShaderFile@@YAXPEBD@Z 0000000140012fd0 f   shaders.obj
 0001:00012140       ?WriteMapShaderFile@@YAXXZ 0000000140013140 f   shaders.obj
 0001:000122c0       ?CustomShader@@YAPEAUshaderInfo_s@@PEAU1@PEAD1@Z 00000001400132c0 f   shaders.obj
 0001:00012970       ?FinishShader@@YAXPEAUshaderInfo_s@@@Z 0000000140013970 f   shaders.obj
 0001:000130b0       ?ShaderInfoForShader@@YAPEAUshaderInfo_s@@PEBD@Z 00000001400140b0 f   shaders.obj
 0001:000132b0       ?GetTokenAppend@@YA?AW4qboolean@@PEADW41@@Z 00000001400142b0 f   shaders.obj
 0001:000133b0       ?Parse1DMatrixAppend@@YAXPEADHPEAM@Z 00000001400143b0 f   shaders.obj
 0001:00015df0       ?LoadShaderInfo@@YAXXZ     0000000140016df0 f   shaders.obj
 0001:00016120       ?SetSurfaceExtra@@YAXPEAUmapDrawSurface_s@@H@Z 0000000140017120 f   surface_extra.obj
 0001:000161e0       ?WriteSurfaceExtraFile@@YAXPEBD@Z 00000001400171e0 f   surface_extra.obj
 0001:000165a0       ?LoadSurfaceExtraFile@@YAXPEBD@Z 00000001400175a0 f   surface_extra.obj
 0001:00016ab0       ?AllocSideRef@@YAPEAUsideRef_s@@PEAUside_s@@PEAU1@@Z 0000000140017ab0 f   brush.obj
 0001:00016b00       ?AllocBrush@@YAPEAUbrush_s@@H@Z 0000000140017b00 f   brush.obj
 0001:00016b80       ?FreeBrush@@YAXPEAUbrush_s@@@Z 0000000140017b80 f   brush.obj
 0001:00016c70       ?CopyBrush@@YAPEAUbrush_s@@PEAU1@@Z 0000000140017c70 f   brush.obj
 0001:00016d40       ?BoundBrush@@YA?AW4qboolean@@PEAUbrush_s@@@Z 0000000140017d40 f   brush.obj
 0001:00016e30       ?CreateBrushWindings@@YA?AW4qboolean@@PEAUbrush_s@@@Z 0000000140017e30 f   brush.obj
 0001:00016fc0       ?BrushFromBounds@@YAPEAUbrush_s@@MMMMMMPEAUshaderInfo_s@@@Z 0000000140017fc0 f   brush.obj
 0001:000171c0       ?BrushVolume@@YAMPEAUbrush_s@@@Z 00000001400181c0 f   brush.obj
 0001:000172f0       ?WriteBSPBrushMap@@YAXPEADPEAUbrush_s@@@Z 00000001400182f0 f   brush.obj
 0001:00017500       ?FilterBrushIntoTree_r@@YAHPEAUbrush_s@@PEAUnode_s@@@Z 0000000140018500 f   brush.obj
 0001:000175d0       ?FilterDetailBrushesIntoTree@@YAXPEAUentity_t@@PEAUtree_t@@@Z 00000001400185d0 f   brush.obj
 0001:000176a0       ?FilterStructuralBrushesIntoTree@@YAXPEAUentity_t@@PEAUtree_t@@@Z 00000001400186a0 f   brush.obj
 0001:00017770       ?WindingIsTiny@@YA?AW4qboolean@@PEAUwinding_t@@@Z 0000000140018770 f   brush.obj
 0001:00017850       ?BrushMostlyOnSide@@YAHPEAUbrush_s@@PEAUplane_s@@@Z 0000000140018850 f   brush.obj
 0001:00017ad0       ?SplitBrush@@YAXPEAUbrush_s@@HPEAPEAU1@1@Z 0000000140018ad0 f   brush.obj
 0001:00018280       ?ComputeAxisBase@@YAXQEAM00@Z 0000000140019280 f   brush_primit.obj
 0001:000183e0       ?SetCloneModelNumbers@@YAXXZ 00000001400193e0 f   bsp.obj
 0001:00018c40       ?ProcessWorldModel@@YAXXZ  0000000140019c40 f   bsp.obj
 0001:000197f0       ?ProcessSubModel@@YAXXZ    000000014001a7f0 f   bsp.obj
 0001:00019a80       ?ProcessModels@@YAXXZ      000000014001aa80 f   bsp.obj
 0001:00019c60       ?RegionScissor@@YAXXZ      000000014001ac60 f   bsp.obj
 0001:0001ab80       ?BSPMain@@YAHHPEAPEAD@Z    000000014001bb80 f   bsp.obj
 0001:0001c9c0       ?ProcessDecals@@YAXXZ      000000014001d9c0 f   decals.obj
 0001:0001dcf0       ?MakeEntityDecals@@YAXPEAUentity_t@@@Z 000000014001ecf0 f   decals.obj
 0001:0001e0a0       ?FreeNode@@YAXPEAUdnode_s@@@Z 000000014001f0a0 f   decorations.obj
 0001:0001e110       ?FreeNodesArray@@YAXPEAUdnode_s@@H@Z 000000014001f110 f   decorations.obj
 0001:0001e210       ?EntityArrayAdd@@YAXPEAUdgroupents_s@@PEAUentity_t@@@Z 000000014001f210 f   decorations.obj
 0001:0001e2d0       ?NewDecoreGroup@@YAPEAUdgroup_s@@PEADW4decoreMatchParm_t@@@Z 000000014001f2d0 f   decorations.obj
 0001:0001e440       ?PopulateDecoreGroup@@YA?AW4qboolean@@PEAUentity_t@@W4decoreMatchParm_t@@PEAD@Z 000000014001f440 f   decorations.obj
 0001:0001e630       ?DecoreParseActions@@YAXPEAUdactions_s@@@Z 000000014001f630 f   decorations.obj
 0001:0001ec70       ?EntityPopulateDecorationGroups@@YAXH@Z 000000014001fc70 f   decorations.obj
 0001:0001ece0       ?LoadDecorationScript@@YAXXZ 000000014001fce0 f   decorations.obj
 0001:0001f4c0       ?EntityProcessActions@@YAXPEAUentity_t@@PEAUdactions_s@@@Z 00000001400204c0 f   decorations.obj
 0001:0001f690       ?ImportFoliage@@YAXPEAD@Z  0000000140020690 f   decorations.obj
 0001:0001f8f0       ?ImportRtlights@@YAXXZ     00000001400208f0 f   decorations.obj
 0001:000202b0       ?ProcessDecorationGroup@@YAXH@Z 00000001400212b0 f   decorations.obj
 0001:00020c10       ?ProcessDecorations@@YAXXZ 0000000140021c10 f   decorations.obj
 0001:00021090       ?BuildFaceTree_r@@YAXPEAUnode_s@@PEAUface_s@@@Z 0000000140022090 f   facebsp.obj
 0001:00021460       ?FaceBSP@@YAPEAUtree_t@@PEAUface_s@@@Z 0000000140022460 f   facebsp.obj
 0001:00021600       ?MakeStructuralBSPFaceList@@YAPEAUface_s@@PEAUbrush_s@@@Z 0000000140022600 f   facebsp.obj
 0001:00021760       ?MakeVisibleBSPFaceList@@YAPEAUface_s@@PEAUbrush_s@@@Z 0000000140022760 f   facebsp.obj
 0001:000218c0       ?DrawSurfToMesh@@YAPEAUmesh_t@@PEAUmapDrawSurface_s@@@Z 00000001400228c0 f   fog.obj
 0001:00021960       ?SplitMeshByPlane@@YAXPEAUmesh_t@@QEAMMPEAPEAU1@2@Z 0000000140022960 f   fog.obj
 0001:00022100       ?ChopPatchSurfaceByBrush@@YA?AW4qboolean@@PEAUentity_t@@PEAUmapDrawSurface_s@@PEAUbrush_s@@@Z 0000000140023100 f   fog.obj
 0001:00022360       ?WindingFromDrawSurf@@YAPEAUwinding_t@@PEAUmapDrawSurface_s@@@Z 0000000140023360 f   fog.obj
 0001:000225a0       ?ChopFaceSurfaceByBrush@@YA?AW4qboolean@@PEAUentity_t@@PEAUmapDrawSurface_s@@PEAUbrush_s@@@Z 00000001400235a0 f   fog.obj
 0001:00022920       ?FogDrawSurfaces@@YAXPEAUentity_t@@@Z 0000000140023920 f   fog.obj
 0001:00022b30       ?FogForBounds@@YAHQEAM0M@Z 0000000140023b30 f   fog.obj
 0001:00022cb0       ?CreateMapFogs@@YAXXZ      0000000140023cb0 f   fog.obj
 0001:00022ff0       ?LeakFile@@YAPEAU_xmlNode@@PEAUtree_t@@@Z 0000000140023ff0 f   leakfile.obj
 0001:00023470       ?CreateNewFloatPlane@@YAHQEAMM@Z 0000000140024470 f   map.obj
 0001:00023670       ?SnapNormal@@YAXQEAM@Z     0000000140024670 f   map.obj
 0001:00023710       ?FindFloatPlane@@YAHQEAMMHPEAY02M@Z 0000000140024710 f   map.obj
 0001:00023a60       ?MapPlaneFromPoints@@YAHPEAY02M@Z 0000000140024a60 f   map.obj
 0001:00023bc0       ?SetBrushContents@@YAXPEAUbrush_s@@@Z 0000000140024bc0 f   map.obj
 0001:00023d00       ?AddBrushBevels@@YAXXZ     0000000140024d00 f   map.obj
 0001:00024a50       ?FinishBrush@@YAPEAUbrush_s@@XZ 0000000140025a50 f   map.obj
 0001:00024ce0       ?TextureAxisFromPlane@@YAXPEAUplane_s@@QEAM1@Z 0000000140025ce0 f   map.obj
 0001:00024eb0       ?QuakeTextureVecs@@YAXPEAUplane_s@@QEAMM1QEAY03M@Z 0000000140025eb0 f   map.obj
 0001:00025740       ?RemoveDuplicateBrushPlanes@@YA?AW4qboolean@@PEAUbrush_s@@@Z 0000000140026740 f   map.obj
 0001:00025d40       ?MoveBrushesToWorld@@YAXPEAUentity_t@@@Z 0000000140026d40 f   map.obj
 0001:00025e40       ?AdjustBrushesForOrigin@@YAXPEAUentity_t@@@Z 0000000140026e40 f   map.obj
 0001:00025f90       ?SetEntityBounds@@YAXPEAUentity_t@@@Z 0000000140026f90 f   map.obj
 0001:00026320       ?LoadEntityIndexMap@@YAXPEAUentity_t@@@Z 0000000140027320 f   map.obj
 0001:00026fb0       ?LoadMapFile@@YAXPEADW4qboolean@@11@Z 0000000140027fb0 f   map.obj
 0001:00027670       ?CheckMapForErrors@@YAHXZ  0000000140028670 f   map.obj
 0001:000284b0       ?ParsePatch@@YAXW4qboolean@@@Z 00000001400294b0 f   patch.obj
 0001:00028c90       ?PatchMapDrawSurfs@@YAXPEAUentity_t@@@Z 0000000140029c90 f   patch.obj
 0001:00029250       ?MakeHeadnodePortals@@YAXPEAUtree_t@@@Z 000000014002a250 f   portals.obj
 0001:00029550       ?BaseWindingForNode@@YAPEAUwinding_t@@PEAUnode_s@@@Z 000000014002a550 f   portals.obj
 0001:00029660       ?MakeNodePortal@@YAXPEAUnode_s@@@Z 000000014002a660 f   portals.obj
 0001:000298a0       ?SplitNodePortals@@YAXPEAUnode_s@@@Z 000000014002a8a0 f   portals.obj
 0001:0002a010       ?CalcNodeBounds@@YAXPEAUnode_s@@@Z 000000014002b010 f   portals.obj
 0001:0002a0a0       ?MakeTreePortals_r@@YAXPEAUnode_s@@@Z 000000014002b0a0 f   portals.obj
 0001:0002a1c0       ?FloodPortals_r@@YAXPEAUnode_s@@HW4qboolean@@@Z 000000014002b1c0 f   portals.obj
 0001:0002a260       ?PlaceOccupantTest@@YA?AW4qboolean@@PEAUtree_t@@PEAUnode_s@@QEAM@Z 000000014002b260 f   portals.obj
 0001:0002a300       ?FloodEntities@@YA?AW4qboolean@@PEAUtree_t@@@Z 000000014002b300 f   portals.obj
 0001:0002ade0       ?FloodAreas_r@@YAXPEAUnode_s@@@Z 000000014002bde0 f   portals.obj
 0001:0002af30       ?FindAreas_r@@YAXPEAUnode_s@@@Z 000000014002bf30 f   portals.obj
 0001:0002af80       ?FloodSkyboxArea_r@@YAXPEAUnode_s@@@Z 000000014002bf80 f   portals.obj
 0001:0002afd0       ?FloodAreas@@YAXPEAUtree_t@@@Z 000000014002bfd0 f   portals.obj
 0001:0002b080       ?FillOutside_r@@YAXPEAUnode_s@@@Z 000000014002c080 f   portals.obj
 0001:0002b0e0       ?FillOutside@@YAXPEAUnode_s@@@Z 000000014002c0e0 f   portals.obj
 0001:0002b1a0       ?WriteFloat@@YAXPEAU_iobuf@@M@Z 000000014002c1a0 f   prtfile.obj
 0001:0002b230       ?WritePortalFile_r@@YAXPEAUnode_s@@@Z 000000014002c230 f   prtfile.obj
 0001:0002b550       ?WriteFaceFile_r@@YAXPEAUnode_s@@@Z 000000014002c550 f   prtfile.obj
 0001:0002b790       ?NumberLeafs_r@@YAXPEAUnode_s@@@Z 000000014002c790 f   prtfile.obj
 0001:0002b8c0       ?NumberClusters@@YAXPEAUtree_t@@@Z 000000014002c8c0 f   prtfile.obj
 0001:0002b940       ?WritePortalFile@@YAXPEAUtree_t@@@Z 000000014002c940 f   prtfile.obj
 0001:0002ba40       ?AllocDrawSurface@@YAPEAUmapDrawSurface_s@@W4surfaceType_t@@@Z 000000014002ca40 f   surface.obj
 0001:0002baf0       ?FinishSurface@@YAXPEAUmapDrawSurface_s@@@Z 000000014002caf0 f   surface.obj
 0001:0002bbb0       ?CloneSurface@@YAPEAUmapDrawSurface_s@@PEAU1@PEAUshaderInfo_s@@@Z 000000014002cbb0 f   surface.obj
 0001:0002bcb0       ?MakeSkyboxSurface@@YAPEAUmapDrawSurface_s@@PEAU1@@Z 000000014002ccb0 f   surface.obj
 0001:0002bd30       ?IsTriangleDegenerate@@YA?AW4qboolean@@PEAUbspDrawVert_t@@HHH@Z 000000014002cd30 f   surface.obj
 0001:0002be20       ?ClearSurface@@YAXPEAUmapDrawSurface_s@@@Z 000000014002ce20 f   surface.obj
 0001:0002be80       ?TidyEntitySurfaces@@YAXPEAUentity_t@@@Z 000000014002ce80 f   surface.obj
 0001:0002c000       ?CalcSurfaceTextureRange@@YA?AW4qboolean@@PEAUmapDrawSurface_s@@@Z 000000014002d000 f   surface.obj
 0001:0002c260       ?CalcLightmapAxis@@YA?AW4qboolean@@QEAM0@Z 000000014002d260 f   surface.obj
 0001:0002c370       ?ClassifySurfaces@@YAXHPEAUmapDrawSurface_s@@@Z 000000014002d370 f   surface.obj
 0001:0002c810       ?ClassifyEntitySurfaces@@YAXPEAUentity_t@@@Z 000000014002d810 f   surface.obj
 0001:0002c880       ?GetShaderIndexForPoint@@YAEPEAUindexMap_s@@QEAM11@Z 000000014002d880 f   surface.obj
 0001:0002c970       ?GetIndexedShader@@YAPEAUshaderInfo_s@@PEAU1@PEAUindexMap_s@@HPEAE@Z 000000014002d970 f   surface.obj
 0001:0002cbc0       ?DrawSurfaceForSide@@YAPEAUmapDrawSurface_s@@PEAUentity_t@@PEAUbrush_s@@PEAUside_s@@PEAUwinding_t@@PEAY02MPEAHH@Z 000000014002dbc0 f   surface.obj
 0001:0002d5c0       ?DrawSurfaceForMesh@@YAPEAUmapDrawSurface_s@@PEAUentity_t@@PEAUparseMesh_s@@PEAUmesh_t@@@Z 000000014002e5c0 f   surface.obj
 0001:0002e090       ?DrawSurfaceForFlare@@YAPEAUmapDrawSurface_s@@HQEAM00PEADH@Z 000000014002f090 f   surface.obj
 0001:0002e600       ?SubdivideFaceSurfaces@@YAXPEAUentity_t@@PEAUtree_t@@@Z 000000014002f600 f   surface.obj
 0001:0002e960       ?ClipSideIntoTree_r@@YAXPEAUwinding_t@@PEAUside_s@@PEAUnode_s@@@Z 000000014002f960 f   surface.obj
 0001:0002ea70       ?SideInBrush@@YA?AW4qboolean@@PEAUside_s@@PEAUbrush_s@@@Z 000000014002fa70 f   surface.obj
 0001:0002eb60       ?CullSides@@YAXPEAUentity_t@@@Z 000000014002fb60 f   surface.obj
 0001:0002efc0       ?ClipSidesIntoTree@@YAXPEAUentity_t@@PEAUtree_t@@@Z 000000014002ffc0 f   surface.obj
 0001:0002f1d0       ?AddReferenceToLeaf@@YAHPEAUmapDrawSurface_s@@PEAUnode_s@@@Z 00000001400301d0 f   surface.obj
 0001:0002f280       ?AddReferenceToTree_r@@YAHPEAUmapDrawSurface_s@@PEAUnode_s@@W4qboolean@@@Z 0000000140030280 f   surface.obj
 0001:0002f350       ?FilterPointIntoTree_r@@YAHQEAMPEAUmapDrawSurface_s@@PEAUnode_s@@@Z 0000000140030350 f   surface.obj
 0001:0002f430       ?FilterWindingIntoTree_r@@YAHPEAUwinding_t@@PEAUmapDrawSurface_s@@PEAUnode_s@@@Z 0000000140030430 f   surface.obj
 0001:00030240       ?EmitDrawVerts@@YAXPEAUmapDrawSurface_s@@PEAUbspDrawSurface_t@@H@Z 0000000140031240 f   surface.obj
 0001:00030440       ?FindDrawIndexes@@YAHHPEAH@Z 0000000140031440 f   surface.obj
 0001:000305a0       ?EmitDrawIndexes@@YAXPEAUmapDrawSurface_s@@PEAUbspDrawSurface_t@@@Z 00000001400315a0 f   surface.obj
 0001:00030680       ?EmitFlareSurface@@YAXPEAUmapDrawSurface_s@@@Z 0000000140031680 f   surface.obj
 0001:000307c0       ?EmitPatchSurface@@YAXPEAUentity_t@@PEAUmapDrawSurface_s@@@Z 00000001400317c0 f   surface.obj
 0001:00031a60       ?MakeFogHullSurfs@@YAXPEAUentity_t@@PEAUtree_t@@PEAD@Z 0000000140032a60 f   surface.obj
 0001:00031e30       ?AddSurfaceModelsToTriangle_r@@YAHPEAUmapDrawSurface_s@@PEAUsurfaceModel_s@@PEAPEAUbspDrawVert_t@@@Z 0000000140032e30 f   surface.obj
 0001:00032450       ?AddSurfaceModels@@YAHPEAUmapDrawSurface_s@@@Z 0000000140033450 f   surface.obj
 0001:00032e80       ?FixDrawsurfVertexAlpha@@YAXH@Z 0000000140033e80 f   surface.obj
 0001:00033a10       ?FixVertexAlpha@@YAXPEAUentity_t@@W4qboolean@@@Z 0000000140034a10 f   surface.obj
 0001:00033c70       ?ApplyVertexMods@@YAXPEAUentity_t@@W4qboolean@@@Z 0000000140034c70 f   surface.obj
 0001:00033eb0       ?FilterDrawsurfsIntoTree@@YAXPEAUentity_t@@PEAUtree_t@@W4qboolean@@@Z 0000000140034eb0 f   surface.obj
 0001:00034480       ?EmitDrawsurfsStats@@YAXXZ 0000000140035480 f   surface.obj
 0001:000349c0       ?Foliage@@YAXPEAUmapDrawSurface_s@@@Z 00000001400359c0 f   surface_foliage.obj
 0001:00035010       ?Fur@@YAXPEAUmapDrawSurface_s@@@Z 0000000140036010 f   surface_fur.obj
 0001:000353d0       ?FindMetaTriangle@@YAHPEAUmetaTriangle_s@@PEAUbspDrawVert_t@@11H@Z 00000001400363d0 f   surface_meta.obj
 0001:00035a00       ?TriangulatePatchSurface@@YAXPEAUentity_t@@PEAUmapDrawSurface_s@@@Z 0000000140036a00 f   surface_meta.obj
 0001:00035f20       ?FanFaceSurface@@YAXPEAUmapDrawSurface_s@@@Z 0000000140036f20 f   surface_meta.obj
 0001:000362e0       ?StripFaceSurface@@YAXPEAUmapDrawSurface_s@@W4qboolean@@@Z 00000001400372e0 f   surface_meta.obj
 0001:000365f0       ?EmitMetaStats@@YAXXZ      00000001400375f0 f   surface_meta.obj
 0001:000366a0       ?MakeEntityMetaTriangles@@YAXPEAUentity_t@@@Z 00000001400376a0 f   surface_meta.obj
 0001:000368c0       ?SmoothMetaTriangles@@YAXXZ 00000001400378c0 f   surface_meta.obj
 0001:00037230       ?AddMetaVertToSurface@@YAHPEAUmapDrawSurface_s@@PEAUbspDrawVert_t@@PEAH@Z 0000000140038230 f   surface_meta.obj
 0001:000383e0       ?GroupMetaTriangles@@YAXXZ 00000001400393e0 f   surface_meta.obj
 0001:00038a80       ?MergeMetaTrianglesThread@@YAXH@Z 0000000140039a80 f   surface_meta.obj
 0001:00038b80       ?MergeMetaTriangles@@YAXXZ 0000000140039b80 f   surface_meta.obj
 0001:00038e20       ?InsertPointOnEdge@@YAXQEAMPEAUedgeLine_s@@@Z 0000000140039e20 f   tjunction.obj
 0001:00038f50       ?AddEdge@@YAHQEAM0W4qboolean@@@Z 0000000140039f50 f   tjunction.obj
 0001:00039410       ?AddSurfaceEdges@@YAXPEAUmapDrawSurface_s@@@Z 000000014003a410 f   tjunction.obj
 0001:000394a0       ?ColinearEdge@@YA?AW4qboolean@@QEAM00@Z 000000014003a4a0 f   tjunction.obj
 0001:000395c0       ?AddPatchEdges@@YAXPEAUmapDrawSurface_s@@@Z 000000014003a5c0 f   tjunction.obj
 0001:00039790       ?FixSurfaceJunctions@@YAXPEAUmapDrawSurface_s@@@Z 000000014003a790 f   tjunction.obj
 0001:00039d60       ?FixBrokenSurface@@YA?AW4qboolean@@PEAUmapDrawSurface_s@@@Z 000000014003ad60 f   tjunction.obj
 0001:0003a0b0       ?EdgeCompare@@YAHPEBX0@Z   000000014003b0b0 f   tjunction.obj
 0001:0003a0c0       ?FixTJunctions@@YAXPEAUentity_t@@@Z 000000014003b0c0 f   tjunction.obj
 0001:0003a390       ?FreeTreePortals_r@@YAXPEAUnode_s@@@Z 000000014003b390 f   tree.obj
 0001:0003a520       ?FreeTree_r@@YAXPEAUnode_s@@@Z 000000014003b520 f   tree.obj
 0001:0003a580       ?FreeTree@@YAXPEAUtree_t@@@Z 000000014003b580 f   tree.obj
 0001:0003a600       ?EmitShader@@YAHPEBDPEAH1@Z 000000014003b600 f   writebsp.obj
 0001:0003a770       ?EmitPlanes@@YAXXZ         000000014003b770 f   writebsp.obj
 0001:0003a8c0       ?EmitLeaf@@YAXPEAUnode_s@@@Z 000000014003b8c0 f   writebsp.obj
 0001:0003aa20       ?EmitDrawNode_r@@YAHPEAUnode_s@@@Z 000000014003ba20 f   writebsp.obj
 0001:0003ab50       ?SetModelNumbers@@YAXXZ    000000014003bb50 f   writebsp.obj
 0001:0003abf0       ?SetLightStyles@@YAXXZ     000000014003bbf0 f   writebsp.obj
 0001:0003af40       ?EndBSPFile@@YAXXZ         000000014003bf40 f   writebsp.obj
 0001:0003b030       ?EmitBrushes@@YAXPEAUbrush_s@@PEAH1@Z 000000014003c030 f   writebsp.obj
 0001:0003b330       ?EmitFogs@@YAXXZ           000000014003c330 f   writebsp.obj
 0001:0003b450       ?BeginModel@@YAXXZ         000000014003c450 f   writebsp.obj
 0001:0003b7f0       ?EndModel@@YAXPEAUentity_t@@PEAUnode_s@@@Z 000000014003c7f0 f   writebsp.obj
 0001:0003be00       ?CreateEntityLights@@YAXXZ 000000014003ce00 f   light.obj
 0001:0003cd10       ?CreateSurfaceLights@@YAXXZ 000000014003dd10 f   light.obj
 0001:0003d080       ?SetEntityOrigins@@YAXXZ   000000014003e080 f   light.obj
 0001:0003d300       ?PointToPolygonFormFactor@@YAMQEBM0PEBUwinding_t@@@Z 000000014003e300 f   light.obj
 0001:0003d5c0       ?LightContribution@@YAHPEAUtrace_t@@HW4qboolean@@@Z 000000014003e5c0 f   light.obj
 0001:0003dd60       ?LightContributionAllStyles@@YAXPEAUtrace_t@@QEAEQEAY02MHW4qboolean@@@Z 000000014003ed60 f   light.obj
 0001:0003dfc0       ?LightContributionSuper@@YAHPEAUtrace_t@@HW4qboolean@@HQEBM22QEAM@Z 000000014003efc0 f   light.obj
 0001:0003e690       ?IlluminateGridPoint@@YAXPEAUtrace_t@@H@Z 000000014003f690 f   light.obj
 0001:0003f420       ?IlluminateGridBlock@@YAXH@Z 0000000140040420 f   light.obj
 0001:0003faa0       ?FloodGridPoint@@YAXH@Z    0000000140040aa0 f   light.obj
 0001:0003fdd0       ?IlluminateGrid@@YAXXZ     0000000140040dd0 f   light.obj
 0001:00040010       ?SetupGrid@@YAXXZ          0000000140041010 f   light.obj
 0001:00040aa0       ?SampleGrid@@YAXQEAM000@Z  0000000140041aa0 f   light.obj
 0001:00040f80       ?LightWorld@@YAXXZ         0000000140041f80 f   light.obj
 0001:00041dd0       ?LightMain@@YAHHPEAPEAD@Z  0000000140042dd0 f   light.obj
 0001:00044e70       ?RadFreeLights@@YAXXZ      0000000140045e70 f   light_bounce.obj
 0001:00045380       ?RadSampleImage@@YA?AW4qboolean@@PEAEHHQEAM1@Z 0000000140046380 f   light_bounce.obj
 0001:00046550       ?RadLightForTriangles@@YAXHHPEAUrawLightmap_s@@PEAUshaderInfo_s@@MMPEAUclipWork_t@@@Z 0000000140047550 f   light_bounce.obj
 0001:000467a0       ?RadLightForPatch@@YAXHHPEAUrawLightmap_s@@PEAUshaderInfo_s@@MMPEAUclipWork_t@@@Z 00000001400477a0 f   light_bounce.obj
 0001:00046d70       ?RadLight@@YAXH@Z          0000000140047d70 f   light_bounce.obj
 0001:00046fa0       ?RadCreateDiffuseLights@@YAXXZ 0000000140047fa0 f   light_bounce.obj
 0001:00047890       ?ClipTraceWinding@@YAXPEAUtraceWinding_s@@QEAM00@Z 0000000140048890 f   light_trace.obj
 0001:00049a30       ?SetupTraceNodes@@YAXXZ    000000014004aa30 f   light_trace.obj
 0001:00049c60       ?TraceTriangle@@YA?AW4qboolean@@PEAUtraceInfo_s@@PEAUtraceTriangle_s@@PEAUtrace_t@@@Z 000000014004ac60 f   light_trace.obj
 0001:0004a610       ?TraceLine@@YAXPEAUtrace_t@@@Z 000000014004b610 f   light_trace.obj
 0001:0004a7f0       ?SetupTrace@@YAMPEAUtrace_t@@@Z 000000014004b7f0 f   light_trace.obj
 0001:0004a870       ?ColorToBytesLinear@@YAXPEBMPEAEMW4qboolean@@@Z 000000014004b870 f   light_ydnar.obj
 0001:0004ab10       ?ColorToBytesGamma@@YAXPEBMPEAEMW4qboolean@@@Z 000000014004bb10 f   light_ydnar.obj
 0001:0004ae50       ?ColorToBytesLinearExposure@@YAXPEBMPEAEMW4qboolean@@@Z 000000014004be50 f   light_ydnar.obj
 0001:0004b120       ?ColorToBytesGammaExposure@@YAXPEBMPEAEMW4qboolean@@@Z 000000014004c120 f   light_ydnar.obj
 0001:0004b4a0       ?ColorToBytesLinearCompensate@@YAXPEBMPEAEMW4qboolean@@@Z 000000014004c4a0 f   light_ydnar.obj
 0001:0004b750       ?ColorToBytesGammaCompensate@@YAXPEBMPEAEMW4qboolean@@@Z 000000014004c750 f   light_ydnar.obj
 0001:0004baa0       ?ColorToBytesLinearExposureCompensate@@YAXPEBMPEAEMW4qboolean@@@Z 000000014004caa0 f   light_ydnar.obj
 0001:0004bda0       ?ColorToBytesGammaExposureCompensate@@YAXPEBMPEAEMW4qboolean@@@Z 000000014004cda0 f   light_ydnar.obj
 0001:0004c130       ?SmoothNormals@@YAXXZ      000000014004d130 f   light_ydnar.obj
 0001:0004e660       ?MapRawLightmap@@YAXH@Z    000000014004f660 f   light_ydnar.obj
 0001:0004f380       ?DirtModeName@@YAPEADPEAW4dirtMode_t@@@Z 0000000140050380 f   light_ydnar.obj
 0001:0004f3f0       ?EnableDirtForEntity@@YAXH@Z 00000001400503f0 f   light_ydnar.obj
 0001:0004f490       ?SetupDirtForEntity@@YAXH@Z 0000000140050490 f   light_ydnar.obj
 0001:0004fc90       ?SetupDirt@@YAXXZ          0000000140050c90 f   light_ydnar.obj
 0001:0004ffc0       ?DirtForSample@@YAMPEAUtrace_t@@@Z 0000000140050fc0 f   light_ydnar.obj
 0001:00050940       ?DirtyRawLightmap@@YAXH@Z  0000000140051940 f   light_ydnar.obj
 0001:00050e50       ?ApplyDirt@@YAXPEAM000HMM@Z 0000000140051e50 f   light_ydnar.obj
 0001:00051980       ?IlluminateRawLightmap@@YAXH@Z 0000000140052980 f   light_ydnar.obj
 0001:000537e0       ?IlluminateVertexes@@YAXH@Z 00000001400547e0 f   light_ydnar.obj
 0001:00054d30       ?SetupBrushes@@YAXXZ       0000000140055d30 f   light_ydnar.obj
 0001:00054f00       ?ClusterVisible@@YA?AW4qboolean@@HH@Z 0000000140055f00 f   light_ydnar.obj
 0001:00054f90       ?PointInLeafNum_r@@YAHQEAMH@Z 0000000140055f90 f   light_ydnar.obj
 0001:000550a0       ?ClusterForPointExt@@YAHQEAMM@Z 00000001400560a0 f   light_ydnar.obj
 0001:000553d0       ?ClusterForPointExtFilter@@YAHQEAMMHPEAH@Z 00000001400563d0 f   light_ydnar.obj
 0001:00055440       ?SetupEnvelopes@@YAXW4qboolean@@0@Z 0000000140056440 f   light_ydnar.obj
 0001:00055e30       ?CreateTraceLightsForBounds@@YAXW4qboolean@@QEAM11HPEAHHPEAUtrace_t@@@Z 0000000140056e30 f   light_ydnar.obj
 0001:000561c0       ?CreateTraceLightsForSurface@@YAXHPEAUtrace_t@@@Z 00000001400571c0 f   light_ydnar.obj
 0001:000562e0       ?SetupFloodLight@@YAXXZ    00000001400572e0 f   light_ydnar.obj
 0001:00056600       ?FloodlightIlluminateLightmap@@YAXPEAUrawLightmap_s@@@Z 0000000140057600 f   light_ydnar.obj
 0001:00056880       ?WriteTGA24@@YAXPEADPEAEHHW4qboolean@@@Z 0000000140057880 f   lightmaps_ydnar.obj
 0001:00056a00       ?ExportLightmaps@@YAXXZ    0000000140057a00 f   lightmaps_ydnar.obj
 0001:00056ba0       ?ExportLightmapsMain@@YAHHPEAPEAD@Z 0000000140057ba0 f   lightmaps_ydnar.obj
 0001:00056cd0       ?ImportLightmapsMain@@YAHHPEAPEAD@Z 0000000140057cd0 f   lightmaps_ydnar.obj
 0001:00057210       ?FinishRawLightmap@@YAXH@Z 0000000140058210 f   lightmaps_ydnar.obj
 0001:00057860       ?AddPatchToRawLightmap@@YA?AW4qboolean@@HPEAUrawLightmap_s@@@Z 0000000140058860 f   lightmaps_ydnar.obj
 0001:00057e20       ?AddSurfaceToRawLightmap@@YA?AW4qboolean@@HPEAUrawLightmap_s@@@Z 0000000140058e20 f   lightmaps_ydnar.obj
 0001:00058ac0       ?SetupSurfaceLightmaps@@YAXXZ 0000000140059ac0 f   lightmaps_ydnar.obj
 0001:000596a0       ?AllocateSurfaceLightmaps@@YAXXZ 000000014005a6a0 f   lightmaps_ydnar.obj
 0001:000598c0       ?StitchSurfaceLightmaps@@YAXXZ 000000014005a8c0 f   lightmaps_ydnar.obj
 0001:0005c100       ?FloodLightmapBorders@@YAXPEAUoutLightmap_s@@@Z 000000014005d100 f   lightmaps_ydnar.obj
 0001:0005c930       ?StoreSurfaceLightmaps@@YAXXZ 000000014005d930 f   lightmaps_ydnar.obj
 0001:0005f770       ?PlaneFromWinding@@YAXPEAUfixedWinding_t@@PEAUvisPlane_t@@@Z 0000000140060770 f   vis.obj
 0001:0005f880       ?NewFixedWinding@@YAPEAUfixedWinding_t@@H@Z 0000000140060880 f   vis.obj
 0001:0005f8f0       ?PComp@@YAHPEBX0@Z         00000001400608f0 f   vis.obj
 0001:0005f920       ?LeafVectorFromPortalVector@@YAHPEAE0@Z 0000000140060920 f   vis.obj
 0001:0005fa80       ?ClusterMerge@@YAXH@Z      0000000140060a80 f   vis.obj
 0001:0005fc80       ?CalcPortalVis@@YAXXZ      0000000140060c80 f   vis.obj
 0001:0005fd10       ?CalcPassageVis@@YAXXZ     0000000140060d10 f   vis.obj
 0001:0005fe40       ?CalcPassagePortalVis@@YAXXZ 0000000140060e40 f   vis.obj
 0001:0005ff70       ?CalcVis@@YAXXZ            0000000140060f70 f   vis.obj
 0001:00060240       ?SetPortalSphere@@YAXPEAUvportal_t@@@Z 0000000140061240 f   vis.obj
 0001:000603a0       ?TryMergeLeaves@@YAHHH@Z   00000001400613a0 f   vis.obj
 0001:00060700       ?MergeLeaves@@YAXXZ        0000000140061700 f   vis.obj
 0001:00060860       ?TryMergeWinding@@YAPEAUfixedWinding_t@@PEAU1@0QEAM@Z 0000000140061860 f   vis.obj
 0001:00060d90       ?MergeLeafPortals@@YAXXZ   0000000140061d90 f   vis.obj
 0001:00060fa0       ?LoadPortals@@YAXPEAD@Z    0000000140061fa0 f   vis.obj
 0001:000617d0       ?VisMain@@YAHHPEAPEAD@Z    00000001400627d0 f   vis.obj
 0001:00061cc0       ?FreeStackWinding@@YAXPEAUfixedWinding_t@@PEAUpstack_s@@@Z 0000000140062cc0 f   visflow.obj
 0001:00061d20       ?VisChopWinding@@YAPEAUfixedWinding_t@@PEAU1@PEAUpstack_s@@PEAUvisPlane_t@@@Z 0000000140062d20 f   visflow.obj
 0001:000621d0       ?ClipToSeperators@@YAPEAUfixedWinding_t@@PEAU1@00W4qboolean@@PEAUpstack_s@@@Z 00000001400631d0 f   visflow.obj
 0001:00062820       ?RecursiveLeafFlow@@YAXHPEAUthreaddata_t@@PEAUpstack_s@@@Z 0000000140063820 f   visflow.obj
 0001:00062ee0       ?PortalFlow@@YAXH@Z        0000000140063ee0 f   visflow.obj
 0001:000630a0       ?RecursivePassageFlow@@YAXPEAUvportal_t@@PEAUthreaddata_t@@PEAUpstack_s@@@Z 00000001400640a0 f   visflow.obj
 0001:00063320       ?PassageFlow@@YAXH@Z       0000000140064320 f   visflow.obj
 0001:000633f0       ?RecursivePassagePortalFlow@@YAXPEAUvportal_t@@PEAUthreaddata_t@@PEAUpstack_s@@@Z 00000001400643f0 f   visflow.obj
 0001:00063ab0       ?PassagePortalFlow@@YAXH@Z 0000000140064ab0 f   visflow.obj
 0001:00063b80       ?PassageChopWinding@@YAPEAUfixedWinding_t@@PEAU1@0PEAUvisPlane_t@@@Z 0000000140064b80 f   visflow.obj
 0001:00063ec0       ?AddSeperators@@YAHPEAUfixedWinding_t@@0W4qboolean@@PEAUvisPlane_t@@H@Z 0000000140064ec0 f   visflow.obj
 0001:000644b0       ?CreatePassages@@YAXH@Z    00000001400654b0 f   visflow.obj
 0001:00064ac0       ?PassageMemory@@YAXXZ      0000000140065ac0 f   visflow.obj
 0001:00064b80       ?SimpleFlood@@YAXPEAUvportal_t@@H@Z 0000000140065b80 f   visflow.obj
 0001:00064c80       ?BasePortalVis@@YAXH@Z     0000000140065c80 f   visflow.obj
 0001:00066870       ?ConvertBSPToASE@@YAHPEADH@Z 0000000140067870 f   convert_ase.obj
 0001:000674b0       ?ConvertBSPToMap@@YAHPEADH@Z 00000001400684b0 f   convert_map.obj
 0001:000678f0       ?safe_malloc_f@@YAPEAX_K@Z 00000001400688f0 f   cmdlib.obj
 0001:00067930       ?safe_malloc_log@@YAPEAX_KPEBDH@Z 0000000140068930 f   cmdlib.obj
 0001:00067a80       ?safe_malloc_logend@@YAXXZ 0000000140068a80 f   cmdlib.obj
 0001:00067b20       ?ExpandArg@@YAPEADPEBD@Z   0000000140068b20 f   cmdlib.obj
 0001:00067bb0       ?ExpandPath@@YAPEADPEBD@Z  0000000140068bb0 f   cmdlib.obj
 0001:00067c20       ?Q_getwd@@YAXPEAD@Z        0000000140068c20 f   cmdlib.obj
 0001:00067c80       ?LoadFile@@YAHPEBDPEAPEAX@Z 0000000140068c80 f   cmdlib.obj
 0001:00067d70       ?DefaultExtension@@YAXPEADPEBD@Z 0000000140068d70 f   cmdlib.obj
 0001:00067de0       ?LBMRLEDecompress@@YAPEAEPEAE0H@Z 0000000140068de0 f   imagelib.obj
 0001:00067eb0       ?LoadLBM@@YAXPEBDPEAPEAE1@Z 0000000140068eb0 f   imagelib.obj
 0001:000682a0       ?LoadPCX@@YAXPEBDPEAPEAE1PEAH2@Z 00000001400692a0 f   imagelib.obj
 0001:00068540       ?LoadBMP@@YAXPEBDPEAPEAE1PEAH2@Z 0000000140069540 f   imagelib.obj
 0001:00068b60       ?Load256Image@@YAXPEBDPEAPEAE1PEAH2@Z 0000000140069b60 f   imagelib.obj
 0001:00068d70       ?TargaError@@YAXPEAU_TargaHeader@@PEBD@Z 0000000140069d70 f   imagelib.obj
 0001:00068e20       ?LoadTGABuffer@@YAXPEBE0PEAPEAEPEAH2@Z 0000000140069e20 f   imagelib.obj
 0001:000694f0       ?LoadTGA@@YAXPEBDPEAPEAEPEAH2@Z 000000014006a4f0 f   imagelib.obj
 0001:00069580       ?WriteTGA@@YAXPEBDPEAEHH@Z 000000014006a580 f   imagelib.obj
 0001:00069690       ?Load32BitImage@@YAXPEBDPEAPEAIPEAH2@Z 000000014006a690 f   imagelib.obj
 0001:00069840       ?xml_SendNode@@YAXPEAU_xmlNode@@@Z 000000014006a840 f   inout.obj
 0001:00069960       ?xml_Select@@YAXPEADHHW4qboolean@@@Z 000000014006a960 f   inout.obj
 0001:00069aa0       ?xml_Winding@@YAXPEADQEAY02MHW4qboolean@@@Z 000000014006aaa0 f   inout.obj
 0001:00069c40       ?Broadcast_Shutdown@@YAXXZ 000000014006ac40 f   inout.obj
 0001:00069c80       ?Sys_FPrintf@@YAXHPEBDZZ   000000014006ac80 f   inout.obj
 0001:00069db0       ?Sys_Printf@@YAXPEBDZZ     000000014006adb0 f   inout.obj
 0001:00069eb0       ?Error@@YAXPEBDZZ          000000014006aeb0 f   inout.obj
 0001:0006a000       ?MD4Update@@YAXPEAUMD4_CTX_s@@PEAEI@Z 000000014006b000 f   md4.obj
 0001:0006a0d0       ?MD4Final@@YAXQEAEPEAUMD4_CTX_s@@@Z 000000014006b0d0 f   md4.obj
 0001:0006a780       ?AllocWinding@@YAPEAUwinding_t@@H@Z 000000014006b780 f   polylib.obj
 0001:0006a820       ?FreeWinding@@YAXPEAUwinding_t@@@Z 000000014006b820 f   polylib.obj
 0001:0006a860       ?WindingArea@@YAMPEAUwinding_t@@@Z 000000014006b860 f   polylib.obj
 0001:0006a9c0       ?BaseWindingForPlane@@YAPEAUwinding_t@@QEAMM@Z 000000014006b9c0 f   polylib.obj
 0001:0006adb0       ?ReverseWinding@@YAPEAUwinding_t@@PEAU1@@Z 000000014006bdb0 f   polylib.obj
 0001:0006aec0       ?ClipWindingEpsilon@@YAXPEAUwinding_t@@QEAMMMPEAPEAU1@2@Z 000000014006bec0 f   polylib.obj
 0001:0006b3c0       ?ChopWindingInPlace@@YAXPEAPEAUwinding_t@@QEAMMM@Z 000000014006c3c0 f   polylib.obj
 0001:0006b800       ?WindingOnPlaneSide@@YAHPEAUwinding_t@@QEAMM@Z 000000014006c800 f   polylib.obj
 0001:0006b920       ?AddWindingToConvexHull@@YAXPEAUwinding_t@@PEAPEAU1@QEAM@Z 000000014006c920 f   polylib.obj
 0001:0006bf70       ?BaseDWindingForPlane@@YAPEAUdwinding_t@@QEAMMM@Z 000000014006cf70 f   polylib.obj
 0001:0006c2f0       ?WindingFromDWinding@@YAPEAUwinding_t@@PEAUdwinding_t@@@Z 000000014006d2f0 f   polylib.obj
 0001:0006c420       ?ChopDWindingInPlace@@YAXPEAPEAUdwinding_t@@QEAMMM@Z 000000014006d420 f   polylib.obj
 0001:0006c850       ?FixDWinding@@YA?AW4qboolean@@PEAUdwinding_t@@@Z 000000014006d850 f   polylib.obj
 0001:0006c9c0       ?AddScriptToStack@@YAXPEBDH@Z 000000014006d9c0 f   scriplib.obj
 0001:0006cac0       ?EndOfScript@@YA?AW4qboolean@@W41@@Z 000000014006dac0 f   scriplib.obj
 0001:0006cba0       ?GetToken@@YA?AW4qboolean@@W41@@Z 000000014006dba0 f   scriplib.obj
 0001:0006ced0       ?TokenAvailable@@YA?AW4qboolean@@XZ 000000014006ded0 f   scriplib.obj
 0001:0006cf10       ?MatchToken@@YAXPEAD@Z     000000014006df10 f   scriplib.obj
 0001:0006cf70       ?Parse1DMatrix@@YAXHPEAM@Z 000000014006df70 f   scriplib.obj
 0001:0006d060       ?Parse2DMatrix@@YAXHHPEAM@Z 000000014006e060 f   scriplib.obj
 0001:0006d130       ?GetThreadWork@@YAHXZ      000000014006e130 f   threads.obj
 0001:0006d270       ?RunThreadsOnIndividualThread@@YAXH@Z 000000014006e270 f   threads.obj
 0001:0006d2a0       ?RunThreadsOnIndividual@@YAXHW4qboolean@@P6AXH@Z@Z 000000014006e2a0 f   threads.obj
 0001:0006d330       ?RunThreadsOn@@YAXHW4qboolean@@P6AXH@Z@Z 000000014006e330 f   threads.obj
 0001:0006d3c0       ?RunSameThreadOn@@YAXHW4qboolean@@P6AXH@Z@Z 000000014006e3c0 f   threads.obj
 0001:0006d4d0       ?RunSameThreadOnIndividual@@YAXHW4qboolean@@P6AXH@Z@Z 000000014006e4d0 f   threads.obj
 0001:0006d5f0       ?_RunThreadsOn@@YAXHW4qboolean@@P6AXH@Z@Z 000000014006e5f0 f   threads.obj
 0001:0006d770       ?_ThreadMutexLock@@YAXPEAUThreadMutex_s@@PEADH@Z 000000014006e770 f   threads.obj
 0001:0006d970       ?unzOpen@@YAPEAXPEBD@Z     000000014006e970 f   unzip.obj
 0001:0006df20       ?unzGoToFirstFile@@YAHPEAX@Z 000000014006ef20 f   unzip.obj
 0001:0006df80       ?unzGoToNextFile@@YAHPEAX@Z 000000014006ef80 f   unzip.obj
 0001:0006e200       ?unzOpenCurrentFile@@YAHPEAX@Z 000000014006f200 f   unzip.obj
 0001:0006e380       ?unzReadCurrentFile@@YAHPEAX0I@Z 000000014006f380 f   unzip.obj
 0001:0006e5b0       ?unzCloseCurrentFile@@YAHPEAX@Z 000000014006f5b0 f   unzip.obj
 0001:0006e660       ?crc32@@YAKKPEBEI@Z        000000014006f660 f   unzip.obj
 0001:0006e7b0       ?inflate_blocks_reset@@YAXPEAUinflate_blocks_state@@PEAUz_stream_s@@PEAK@Z 000000014006f7b0 f   unzip.obj
 0001:0006e830       ?inflate_blocks_new@@YAPEAUinflate_blocks_state@@PEAUz_stream_s@@P6AKKPEBEI@ZI@Z 000000014006f830 f   unzip.obj
 0001:0006e910       ?inflate_blocks@@YAHPEAUinflate_blocks_state@@PEAUz_stream_s@@H@Z 000000014006f910 f   unzip.obj
 0001:0006f4f0       ?inflate_blocks_free@@YAHPEAUinflate_blocks_state@@PEAUz_stream_s@@@Z 00000001400704f0 f   unzip.obj
 0001:0006f590       ?inflate_flush@@YAHPEAUinflate_blocks_state@@PEAUz_stream_s@@H@Z 0000000140070590 f   unzip.obj
 0001:0006fbb0       ?inflate_trees_bits@@YAHPEAI0PEAPEAUinflate_huft_s@@PEAU1@PEAUz_stream_s@@@Z 0000000140070bb0 f   unzip.obj
 0001:0006fc90       ?inflate_fast@@YAHIIPEAUinflate_huft_s@@0PEAUinflate_blocks_state@@PEAUz_stream_s@@@Z 0000000140070c90 f   unzip.obj
 0001:00070020       ?inflate_codes_new@@YAPEAUinflate_codes_state@@IIPEAUinflate_huft_s@@0PEAUz_stream_s@@@Z 0000000140071020 f   unzip.obj
 0001:00070090       ?inflate_codes@@YAHPEAUinflate_blocks_state@@PEAUz_stream_s@@H@Z 0000000140071090 f   unzip.obj
 0001:00070690       ?adler32@@YAKKPEBEI@Z      0000000140071690 f   unzip.obj
 0001:00070800       ?inflateReset@@YAHPEAUz_stream_s@@@Z 0000000140071800 f   unzip.obj
 0001:000708c0       ?inflateEnd@@YAHPEAUz_stream_s@@@Z 00000001400718c0 f   unzip.obj
 0001:00070920       ?inflateInit2_@@YAHPEAUz_stream_s@@HPEBDH@Z 0000000140071920 f   unzip.obj
 0001:00070a10       ?inflate@@YAHPEAUz_stream_s@@H@Z 0000000140071a10 f   unzip.obj
 0001:00070e90       ?zcalloc@@YAPEAEPEAEII@Z   0000000140071e90 f   unzip.obj
 0001:00070eb0       ?zcfree@@YAXPEAE0@Z        0000000140071eb0 f   unzip.obj
 0001:00071050       ?vfsInitDirectory@@YAXPEBD@Z 0000000140072050 f   vfs.obj
 0001:00071220       ?vfsGetFileCount@@YAHPEBD@Z 0000000140072220 f   vfs.obj
 0001:000713a0       ?vfsLoadFile@@YAHPEBDPEAPEAXH@Z 00000001400723a0 f   vfs.obj
 0001:000716f0       WinPrint                   00000001400726f0 f   l_net:l_net.obj
 0001:00071700       Net_Send                   0000000140072700 f   l_net:l_net.obj
 0001:00071750       Net_AllocSocket            0000000140072750 f   l_net:l_net.obj
 0001:00071780       Net_FreeSocket             0000000140072780 f   l_net:l_net.obj
 0001:00071790       Net_Connect                0000000140072790 f   l_net:l_net.obj
 0001:00071840       Net_Disconnect             0000000140072840 f   l_net:l_net.obj
 0001:00071870       Net_StringToAddress        0000000140072870 f   l_net:l_net.obj
 0001:00071890       Net_Setup                  0000000140072890 f   l_net:l_net.obj
 0001:000718c0       NMSG_Clear                 00000001400728c0 f   l_net:l_net.obj
 0001:000718d0       NMSG_WriteLong             00000001400728d0 f   l_net:l_net.obj
 0001:00071940       NMSG_WriteString           0000000140072940 f   l_net:l_net.obj
 0001:000719d0       WINS_ErrorMessage          00000001400729d0 f   l_net:l_net_wins.obj
 0001:00071a30       WINS_Init                  0000000140072a30 f   l_net:l_net_wins.obj
 0001:00071ba0       WINS_MyAddress             0000000140072ba0 f   l_net:l_net_wins.obj
 0001:00071bb0       WINS_OpenSocket            0000000140072bb0 f   l_net:l_net_wins.obj
 0001:00071ca0       WINS_OpenReliableSocket    0000000140072ca0 f   l_net:l_net_wins.obj
 0001:00071dc0       WINS_CloseSocket           0000000140072dc0 f   l_net:l_net_wins.obj
 0001:00071e00       WINS_Connect               0000000140072e00 f   l_net:l_net_wins.obj
 0001:00071e70       WINS_Write                 0000000140072e70 f   l_net:l_net_wins.obj
 0001:00071f20       WINS_AddrToString          0000000140072f20 f   l_net:l_net_wins.obj
 0001:00071fa0       WINS_StringToAddr          0000000140072fa0 f   l_net:l_net_wins.obj
 0001:00072020       WINS_GetSocketAddr         0000000140073020 f   l_net:l_net_wins.obj
 0001:00072080       ?MakeNormalVectors@@YAXQEAM00@Z 0000000140073080 f   mathlib:mathlib.obj
 0001:00072140       ?VectorCompare@@YA?AW4qboolean@@QEBM0@Z 0000000140073140 f   mathlib:mathlib.obj
 0001:00072190       ?VectorCompareExt@@YA?AW4qboolean@@QEBM0M@Z 0000000140073190 f   mathlib:mathlib.obj
 0001:000721d0       ?VectorLength@@YAMQEBM@Z   00000001400731d0 f   mathlib:mathlib.obj
 0001:00072200       ?VectorMA@@YAXQEBMM0QEAM@Z 0000000140073200 f   mathlib:mathlib.obj
 0001:00072240       ?VectorNormalize@@YAMQEBMQEAM@Z 0000000140073240 f   mathlib:mathlib.obj
 0001:000722f0       ?ColorNormalize@@YAMQEBMQEAM@Z 00000001400732f0 f   mathlib:mathlib.obj
 0001:00072360       ?SnapWeldVector@@YAXQEAM00@Z 0000000140073360 f   mathlib:mathlib.obj
 0001:000724b0       ?ClearBounds@@YAXQEAM0@Z   00000001400734b0 f   mathlib:mathlib.obj
 0001:000724e0       ?AddPointToBounds@@YAXQEAM00@Z 00000001400734e0 f   mathlib:mathlib.obj
 0001:00072580       ?PlaneFromPoints@@YA?AW4qboolean@@QEAMQEBM11@Z 0000000140073580 f   mathlib:mathlib.obj
 0001:00072680       ?NormalToLatLong@@YAXQEBMQEAE@Z 0000000140073680 f   mathlib:mathlib.obj
 0001:00072740       ?PlaneTypeForNormal@@YAHQEAM@Z 0000000140073740 f   mathlib:mathlib.obj
 0001:000727a0       ?DVectorMA@@YAXQEBNN0QEAN@Z 00000001400737a0 f   mathlib:mathlib.obj
 0001:000727e0       ?DVectorNormalize@@YANQEAN0@Z 00000001400737e0 f   mathlib:mathlib.obj
 0001:00072860       ?DVectorLength@@YANQEBN@Z  0000000140073860 f   mathlib:mathlib.obj
 0001:00072890       ?SnapWeldDVector@@YAXQEAN00@Z 0000000140073890 f   mathlib:mathlib.obj
 0001:00072a20       ?m4x4_identity@@YAXQEAM@Z  0000000140073a20 f   mathlib:m4x4.obj
 0001:00072a70       ?m4x4_assign@@YAXQEAMQEBM@Z 0000000140073a70 f   mathlib:m4x4.obj
 0001:00072ad0       ?m4x4_translation_for_vec3@@YAXQEAMQEBM@Z 0000000140073ad0 f   mathlib:m4x4.obj
 0001:00072b20       ?m4x4_rotation_for_vec3@@YAXQEAMQEBMW4eulerOrder_t@@@Z 0000000140073b20 f   mathlib:m4x4.obj
 0001:00072cf0       ?m4x4_scale_for_vec3@@YAXQEAMQEBM@Z 0000000140073cf0 f   mathlib:m4x4.obj
 0001:00072d30       ?m4x4_translate_by_vec3@@YAXQEAMQEBM@Z 0000000140073d30 f   mathlib:m4x4.obj
 0001:00072d60       ?m4x4_rotate_by_vec3@@YAXQEAMQEBMW4eulerOrder_t@@@Z 0000000140073d60 f   mathlib:m4x4.obj
 0001:00072d90       ?m4x4_scale_by_vec3@@YAXQEAMQEBM@Z 0000000140073d90 f   mathlib:m4x4.obj
 0001:00072dc0       ?m4x4_pivoted_transform_by_vec3@@YAXQEAMQEBM1W4eulerOrder_t@@11@Z 0000000140073dc0 f   mathlib:m4x4.obj
 0001:00072e70       ?m4x4_multiply_by_m4x4@@YAXQEAMQEBM@Z 0000000140073e70 f   mathlib:m4x4.obj
 0001:00073270       ?m4x4_transform_point@@YAXQEBMQEAM@Z 0000000140074270 f   mathlib:m4x4.obj
 0001:00073310       ?m4x4_transform_normal@@YAXQEBMQEAM@Z 0000000140074310 f   mathlib:m4x4.obj
 0001:000733a0       ?m4x4_transpose@@YAXQEAM@Z 00000001400743a0 f   mathlib:m4x4.obj
 0001:000734a0       ?m3_det@@YAMQEAM@Z         00000001400744a0 f   mathlib:m4x4.obj
 0001:00073530       ?m4_submat@@YAXQEAM0HH@Z   0000000140074530 f   mathlib:m4x4.obj
 0001:00073680       ?m4_det@@YAMQEAM@Z         0000000140074680 f   mathlib:m4x4.obj
 0001:00073710       ?m4x4_invert@@YAHQEAM@Z    0000000140074710 f   mathlib:m4x4.obj
 0001:000737d8       g_free                     00000001400747d8 f   glib-2.0:libglib-2.0-0.dll
 0001:000737de       g_locale_to_utf8           00000001400747de f   glib-2.0:libglib-2.0-0.dll
 0001:000737e4       g_strdup                   00000001400747e4 f   glib-2.0:libglib-2.0-0.dll
 0001:000737ea       g_strdown                  00000001400747ea f   glib-2.0:libglib-2.0-0.dll
 0001:000737f0       g_dir_read_name_utf8       00000001400747f0 f   glib-2.0:libglib-2.0-0.dll
 0001:000737f6       g_dir_open_utf8            00000001400747f6 f   glib-2.0:libglib-2.0-0.dll
 0001:000737fc       g_dir_close                00000001400747fc f   glib-2.0:libglib-2.0-0.dll
 0001:00073802       g_slist_append             0000000140074802 f   glib-2.0:libglib-2.0-0.dll
 0001:00073808       xmlNodeSetContent          0000000140074808 f   libxml2:libxml2-2.dll
 0001:0007380e       xmlNewNode                 000000014007480e f   libxml2:libxml2-2.dll
 0001:00073814       xmlAddChild                0000000140074814 f   libxml2:libxml2-2.dll
 0001:0007381a       xmlSetProp                 000000014007481a f   libxml2:libxml2-2.dll
 0001:00073820       xmlBufferFree              0000000140074820 f   libxml2:libxml2-2.dll
 0001:00073826       xmlNodeDump                0000000140074826 f   libxml2:libxml2-2.dll
 0001:0007382c       xmlBufferCreate            000000014007482c f   libxml2:libxml2-2.dll
 0001:00073832       xmlNewDoc                  0000000140074832 f   libxml2:libxml2-2.dll
 0001:00073838       xmlNewDocRawNode           0000000140074838 f   libxml2:libxml2-2.dll
 0001:0007383e       png_get_IHDR               000000014007483e f   libpng:libpng14-14.dll
 0001:00073844       png_read_image             0000000140074844 f   libpng:libpng14-14.dll
 0001:0007384a       png_write_info             000000014007484a f   libpng:libpng14-14.dll
 0001:00073850       png_destroy_write_struct   0000000140074850 f   libpng:libpng14-14.dll
 0001:00073856       png_set_expand             0000000140074856 f   libpng:libpng14-14.dll
 0001:0007385c       png_set_write_fn           000000014007485c f   libpng:libpng14-14.dll
 0001:00073862       png_read_info              0000000140074862 f   libpng:libpng14-14.dll
 0001:00073868       png_set_iCCP               0000000140074868 f   libpng:libpng14-14.dll
 0001:0007386e       png_set_strip_16           000000014007486e f   libpng:libpng14-14.dll
 0001:00073874       png_set_packing            0000000140074874 f   libpng:libpng14-14.dll
 0001:0007387a       png_sig_cmp                000000014007487a f   libpng:libpng14-14.dll
 0001:00073880       png_create_read_struct     0000000140074880 f   libpng:libpng14-14.dll
 0001:00073886       png_write_end              0000000140074886 f   libpng:libpng14-14.dll
 0001:0007388c       png_get_io_ptr             000000014007488c f   libpng:libpng14-14.dll
 0001:00073892       png_create_info_struct     0000000140074892 f   libpng:libpng14-14.dll
 0001:00073898       png_set_read_fn            0000000140074898 f   libpng:libpng14-14.dll
 0001:0007389e       png_write_row              000000014007489e f   libpng:libpng14-14.dll
 0001:000738a4       png_get_valid              00000001400748a4 f   libpng:libpng14-14.dll
 0001:000738aa       png_set_sRGB               00000001400748aa f   libpng:libpng14-14.dll
 0001:000738b0       png_create_write_struct    00000001400748b0 f   libpng:libpng14-14.dll
 0001:000738b6       png_set_filler             00000001400748b6 f   libpng:libpng14-14.dll
 0001:000738bc       png_set_filter             00000001400748bc f   libpng:libpng14-14.dll
 0001:000738c2       png_set_IHDR               00000001400748c2 f   libpng:libpng14-14.dll
 0001:000738c8       png_set_interlace_handling 00000001400748c8 f   libpng:libpng14-14.dll
 0001:000738ce       png_get_channels           00000001400748ce f   libpng:libpng14-14.dll
 0001:000738d4       png_set_compression_level  00000001400748d4 f   libpng:libpng14-14.dll
 0001:000738da       png_destroy_read_struct    00000001400748da f   libpng:libpng14-14.dll
 0001:000738e0       DDSLittleLong              00000001400748e0 f   ddslib:ddslib.obj
 0001:000738f0       DDSLittleShort             00000001400748f0 f   ddslib:ddslib.obj
 0001:00073960       DDSGetInfo                 0000000140074960 f   ddslib:ddslib.obj
 0001:00074500       DDSDecompress              0000000140075500 f   ddslib:ddslib.obj
 0001:00074620       LoadJPGBuff                0000000140075620 f   jpeg6:jpgload.obj
 0001:00074810       jpeg_create_decompress     0000000140075810 f   jpeg6:jdapimin.obj
 0001:000748c0       jpeg_destroy_decompress    00000001400758c0 f   jpeg6:jdapimin.obj
 0001:00074aa0       jpeg_consume_input         0000000140075aa0 f   jpeg6:jdapimin.obj
 0001:00074b90       jpeg_finish_decompress     0000000140075b90 f   jpeg6:jdapimin.obj
 0001:00074c60       jpeg_read_header           0000000140075c60 f   jpeg6:jdapimin.obj
 0001:00074d70       jpeg_read_scanlines        0000000140075d70 f   jpeg6:jdapistd.obj
 0001:00074e40       jpeg_start_decompress      0000000140075e40 f   jpeg6:jdapistd.obj
 0001:00074fb0       jpeg_stdio_src             0000000140075fb0 f   jpeg6:jdatasrc.obj
 0001:00075200       jpeg_std_error             0000000140076200 f   jpeg6:jerror.obj
 0001:00075910       jinit_input_controller     0000000140076910 f   jpeg6:jdinput.obj
 0001:000774e0       jpeg_resync_to_restart     00000001400784e0 f   jpeg6:jdmarker.obj
 0001:00077640       jinit_marker_reader        0000000140078640 f   jpeg6:jdmarker.obj
 0001:00078490       jinit_memory_mgr           0000000140079490 f   jpeg6:jmemmgr.obj
 0001:00078600       jpeg_abort                 0000000140079600 f   jpeg6:jcomapi.obj
 0001:00078640       jpeg_destroy               0000000140079640 f   jpeg6:jcomapi.obj
 0001:00078680       jpeg_alloc_quant_table     0000000140079680 f   jpeg6:jcomapi.obj
 0001:000786a0       jpeg_alloc_huff_table      00000001400796a0 f   jpeg6:jcomapi.obj
 0001:000786d0       jpeg_calc_output_dimensions 00000001400796d0 f   jpeg6:jdmaster.obj
 0001:00078b60       jinit_master_decompress    0000000140079b60 f   jpeg6:jdmaster.obj
 0001:00078bb0       jdiv_round_up              0000000140079bb0 f   jpeg6:jutils.obj
 0001:00078bc0       jround_up                  0000000140079bc0 f   jpeg6:jutils.obj
 0001:00078be0       jcopy_sample_rows          0000000140079be0 f   jpeg6:jutils.obj
 0001:00078c50       jzero_far                  0000000140079c50 f   jpeg6:jutils.obj
 0001:00078c60       ?jpeg_get_large@@YAPEAXPEAUjpeg_common_struct@@_K@Z 0000000140079c60 f   jpeg6:jmemnobs.obj
 0001:00078c60       ?jpeg_get_small@@YAPEAXPEAUjpeg_common_struct@@_K@Z 0000000140079c60 f   jpeg6:jmemnobs.obj
 0001:00078c70       ?jpeg_free_large@@YAXPEAUjpeg_common_struct@@PEAX_K@Z 0000000140079c70 f   jpeg6:jmemnobs.obj
 0001:00078c70       ?jpeg_free_small@@YAXPEAUjpeg_common_struct@@PEAX_K@Z 0000000140079c70 f   jpeg6:jmemnobs.obj
 0001:00078c80       ?jpeg_mem_available@@YAJPEAUjpeg_common_struct@@JJJ@Z 0000000140079c80 f   jpeg6:jmemnobs.obj
 0001:00078c90       ?jpeg_open_backing_store@@YAXPEAUjpeg_common_struct@@PEAUbacking_store_struct@@J@Z 0000000140079c90 f   jpeg6:jmemnobs.obj
 0001:000793f0       jinit_d_main_controller    000000014007a3f0 f   jpeg6:jdmainct.obj
 0001:00079850       ?jpeg_mem_init@@YAJPEAUjpeg_common_struct@@@Z 000000014007a850 f   jpeg6:jmemnobs.obj
 0001:00079860       jinit_d_coef_controller    000000014007a860 f   jpeg6:jdcoefct.obj
 0001:00079980       ?jpeg_make_d_derived_tbl@@YAXPEAUjpeg_decompress_struct@@PEAUJHUFF_TBL@@PEAPEAUd_derived_tbl@@@Z 000000014007a980 f   jpeg6:jdhuff.obj
 0001:00079b90       ?jpeg_fill_bit_buffer@@YAEPEAUbitread_working_state@@HHH@Z 000000014007ab90 f   jpeg6:jdhuff.obj
 0001:00079cc0       ?jpeg_huff_decode@@YAHPEAUbitread_working_state@@HHPEAUd_derived_tbl@@H@Z 000000014007acc0 f   jpeg6:jdhuff.obj
 0001:0007a4b0       jinit_huff_decoder         000000014007b4b0 f   jpeg6:jdhuff.obj
 0001:0007a820       jinit_inverse_dct          000000014007b820 f   jpeg6:jddctmgr.obj
 0001:0007aa20       jinit_d_post_controller    000000014007ba20 f   jpeg6:jdpostct.obj
 0001:0007b150       jinit_upsampler            000000014007c150 f   jpeg6:jdsample.obj
 0001:0007b910       jinit_color_deconverter    000000014007c910 f   jpeg6:jdcolor.obj
 0001:0007bab0       ?jpeg_idct_float@@YAXPEAUjpeg_decompress_struct@@PEAUjpeg_component_info@@PEAFPEAPEAEI@Z 000000014007cab0 f   jpeg6:jidctflt.obj
 0001:0007bfc0       PicoInit                   000000014007cfc0 f   picomodel:picomodel.obj
 0001:0007bfd0       PicoSetMallocFunc          000000014007cfd0 f   picomodel:picomodel.obj
 0001:0007bff0       PicoSetFreeFunc            000000014007cff0 f   picomodel:picomodel.obj
 0001:0007c010       PicoSetLoadFileFunc        000000014007d010 f   picomodel:picomodel.obj
 0001:0007c030       PicoSetFreeFileFunc        000000014007d030 f   picomodel:picomodel.obj
 0001:0007c050       PicoSetPrintFunc           000000014007d050 f   picomodel:picomodel.obj
 0001:0007c070       PicoNewModel               000000014007d070 f   picomodel:picomodel.obj
 0001:0007c0c0       PicoAdjustModel            000000014007d0c0 f   picomodel:picomodel.obj
 0001:0007c1f0       PicoNewShader              000000014007d1f0 f   picomodel:picomodel.obj
 0001:0007c2d0       PicoFreeShader             000000014007d2d0 f   picomodel:picomodel.obj
 0001:0007c310       PicoFindShader             000000014007d310 f   picomodel:picomodel.obj
 0001:0007c400       PicoFreeSurface            000000014007d400 f   picomodel:picomodel.obj
 0001:0007c4e0       PicoAdjustSurface          000000014007d4e0 f   picomodel:picomodel.obj
 0001:0007c820       PicoNewSkin                000000014007d820 f   picomodel:picomodel.obj
 0001:0007c8a0       PicoAdjustSkin             000000014007d8a0 f   picomodel:picomodel.obj
 0001:0007c940       PicoNewSkinItem            000000014007d940 f   picomodel:picomodel.obj
 0001:0007c9b0       PicoFreeSkinItem           000000014007d9b0 f   picomodel:picomodel.obj
 0001:0007c9f0       PicoSetShaderMapName       000000014007d9f0 f   picomodel:picomodel.obj
 0001:0007c9f0       PicoSetModelFileName       000000014007d9f0 f   picomodel:picomodel.obj
 0001:0007ca30       PicoSetModelFrameNum       000000014007da30 f   picomodel:picomodel.obj
 0001:0007ca40       PicoSetModelNumFrames      000000014007da40 f   picomodel:picomodel.obj
 0001:0007ca50       PicoSetShaderAmbientColor  000000014007da50 f   picomodel:picomodel.obj
 0001:0007ca80       PicoSetShaderDiffuseColor  000000014007da80 f   picomodel:picomodel.obj
 0001:0007cab0       PicoSetShaderSpecularColor 000000014007dab0 f   picomodel:picomodel.obj
 0001:0007cae0       PicoSetShaderTransparency  000000014007dae0 f   picomodel:picomodel.obj
 0001:0007cb20       PicoSetShaderShininess     000000014007db20 f   picomodel:picomodel.obj
 0001:0007cb60       PicoSetSurfaceType         000000014007db60 f   picomodel:picomodel.obj
 0001:0007cb70       PicoSetSurfaceName         000000014007db70 f   picomodel:picomodel.obj
 0001:0007cbb0       PicoSetSurfaceShader       000000014007dbb0 f   picomodel:picomodel.obj
 0001:0007cbc0       PicoSetSurfaceXYZ          000000014007dbc0 f   picomodel:picomodel.obj
 0001:0007cc50       PicoSetSurfaceNormal       000000014007dc50 f   picomodel:picomodel.obj
 0001:0007ccc0       PicoSetSurfaceST           000000014007dcc0 f   picomodel:picomodel.obj
 0001:0007cd40       PicoSetSurfaceColor        000000014007dd40 f   picomodel:picomodel.obj
 0001:0007cdf0       PicoSetSurfaceIndex        000000014007ddf0 f   picomodel:picomodel.obj
 0001:0007ce50       PicoSetSurfaceSmoothingGroup 000000014007de50 f   picomodel:picomodel.obj
 0001:0007cea0       PicoSetSkinNum             000000014007dea0 f   picomodel:picomodel.obj
 0001:0007ceb0       PicoSetSkinItemObject      000000014007deb0 f   picomodel:picomodel.obj
 0001:0007cef0       PicoSetSkinItemReplacement 000000014007def0 f   picomodel:picomodel.obj
 0001:0007cef0       PicoSetModelName           000000014007def0 f   picomodel:picomodel.obj
 0001:0007cef0       PicoSetShaderName          000000014007def0 f   picomodel:picomodel.obj
 0001:0007cf30       PicoGetModelName           000000014007df30 f   picomodel:picomodel.obj
 0001:0007cf50       PicoGetModelFrameNum       000000014007df50 f   picomodel:picomodel.obj
 0001:0007cf60       PicoGetModelShader         000000014007df60 f   picomodel:picomodel.obj
 0001:0007cf90       PicoGetModelNumSurfaces    000000014007df90 f   picomodel:picomodel.obj
 0001:0007cfa0       PicoGetModelSurface        000000014007dfa0 f   picomodel:picomodel.obj
 0001:0007cfd0       PicoGetModelFileName       000000014007dfd0 f   picomodel:picomodel.obj
 0001:0007cfd0       PicoGetShaderMapName       000000014007dfd0 f   picomodel:picomodel.obj
 0001:0007cff0       PicoGetSurfaceType         000000014007dff0 f   picomodel:picomodel.obj
 0001:0007d000       PicoGetSurfaceNumVertexes  000000014007e000 f   picomodel:picomodel.obj
 0001:0007d010       PicoGetSurfaceXYZ          000000014007e010 f   picomodel:picomodel.obj
 0001:0007d040       PicoGetSurfaceNormal       000000014007e040 f   picomodel:picomodel.obj
 0001:0007d070       PicoGetSurfaceST           000000014007e070 f   picomodel:picomodel.obj
 0001:0007d0a0       PicoGetSurfaceColor        000000014007e0a0 f   picomodel:picomodel.obj
 0001:0007d0d0       PicoGetSurfaceNumIndexes   000000014007e0d0 f   picomodel:picomodel.obj
 0001:0007d0e0       PicoGetSurfaceIndexes      000000014007e0e0 f   picomodel:picomodel.obj
 0001:0007d100       PicoGetSurfaceShaderNameForSkin 000000014007e100 f   picomodel:picomodel.obj
 0001:0007d1e0       PicoVertexCoordGenerateHash 000000014007e1e0 f   picomodel:picomodel.obj
 0001:0007d300       PicoNewVertexCombinationHashTable 000000014007e300 f   picomodel:picomodel.obj
 0001:0007d330       PicoFreeVertexCombinationHashTable 000000014007e330 f   picomodel:picomodel.obj
 0001:0007d3b0       PicoFindVertexCombinationInHashTable 000000014007e3b0 f   picomodel:picomodel.obj
 0001:0007d570       PicoAddVertexCombinationToHashTable 000000014007e570 f   picomodel:picomodel.obj
 0001:0007d660       PicoFindSurfaceVertexNum   000000014007e660 f   picomodel:picomodel.obj
 0001:0007d960       indexarray_push_back       000000014007e960 f   picomodel:picomodel.obj
 0001:0007d970       indexarray_reserve         000000014007e970 f   picomodel:picomodel.obj
 0001:0007d9a0       binarytree_extend          000000014007e9a0 f   picomodel:picomodel.obj
 0001:0007d9c0       binarytree_size            000000014007e9c0 f   picomodel:picomodel.obj
 0001:0007d9d0       binarytree_reserve         000000014007e9d0 f   picomodel:picomodel.obj
 0001:0007da00       binarytree_clear           000000014007ea00 f   picomodel:picomodel.obj
 0001:0007da00       indexarray_clear           000000014007ea00 f   picomodel:picomodel.obj
 0001:0007da10       UniqueIndices_size         000000014007ea10 f   picomodel:picomodel.obj
 0001:0007da20       UniqueIndices_reserve      000000014007ea20 f   picomodel:picomodel.obj
 0001:0007da50       UniqueIndices_init         000000014007ea50 f   picomodel:picomodel.obj
 0001:0007da60       UniqueIndices_destroy      000000014007ea60 f   picomodel:picomodel.obj
 0001:0007da80       UniqueIndices_find_or_insert 000000014007ea80 f   picomodel:picomodel.obj
 0001:0007db50       UniqueIndices_insert       000000014007eb50 f   picomodel:picomodel.obj
 0001:0007db90       lessSmoothVertex           000000014007eb90 f   picomodel:picomodel.obj
 0001:0007dc10       _pico_vertices_combine_shared_normals 000000014007ec10 f   picomodel:picomodel.obj
 0001:0007dd60       _pico_triangles_generate_weighted_normals 000000014007ed60 f   picomodel:picomodel.obj
 0001:0007de40       _pico_normals_zero         000000014007ee40 f   picomodel:picomodel.obj
 0001:0007de80       _pico_normals_normalize    000000014007ee80 f   picomodel:picomodel.obj
 0001:0007dec0       _pico_length_vec           000000014007eec0 f   picomodel:picomodel.obj
 0001:0007def0       _pico_normal_is_unit_length 000000014007eef0 f   picomodel:picomodel.obj
 0001:0007df30       _pico_normal_within_tolerance 000000014007ef30 f   picomodel:picomodel.obj
 0001:0007df60       _pico_normals_assign_generated_normals 000000014007ef60 f   picomodel:picomodel.obj
 0001:0007dfd0       PicoFixSurfaceNormals      000000014007efd0 f   picomodel:picomodel.obj
 0001:0007e070       PicoRemapModel             000000014007f070 f   picomodel:picomodel.obj
 0001:0007e5c0       PicoParseToken             000000014007f5c0 f   picomodel:picomodel.obj
 0001:0007e850       PicoLoadSkinFiles          000000014007f850 f   picomodel:picomodel.obj
 0001:0007eb10       PicoModuleLoadModel        000000014007fb10 f   picomodel:picomodel.obj
 0001:0007ec10       PicoLoadModel              000000014007fc10 f   picomodel:picomodel.obj
 0001:0007ed20       PicoNewSurface             000000014007fd20 f   picomodel:picomodel.obj
 0001:0007edd0       PicoFreeSkin               000000014007fdd0 f   picomodel:picomodel.obj
 0001:0007ee30       PicoAddTriangleToModel     000000014007fe30 f   picomodel:picomodel.obj
 0001:0007f0c0       PicoFreeModel              00000001400800c0 f   picomodel:picomodel.obj
 0001:0007f1b0       _pico_alloc                00000001400801b0 f   picomodel:picointernal.obj
 0001:0007f210       _pico_calloc               0000000140080210 f   picomodel:picointernal.obj
 0001:0007f280       _pico_clone_alloc          0000000140080280 f   picomodel:picointernal.obj
 0001:0007f2e0       _pico_free                 00000001400802e0 f   picomodel:picointernal.obj
 0001:0007f300       _pico_load_file            0000000140080300 f   picomodel:picointernal.obj
 0001:0007f320       _pico_free_file            0000000140080320 f   picomodel:picointernal.obj
 0001:0007f350       _pico_printf               0000000140080350 f   picomodel:picointernal.obj
 0001:0007f3e0       _pico_first_token          00000001400803e0 f   picomodel:picointernal.obj
 0001:0007f410       _pico_strltrim             0000000140080410 f   picomodel:picointernal.obj
 0001:0007f490       _pico_strrtrim             0000000140080490 f   picomodel:picointernal.obj
 0001:0007f550       _pico_strlwr               0000000140080550 f   picomodel:picointernal.obj
 0001:0007f580       _pico_strchcount           0000000140080580 f   picomodel:picointernal.obj
 0001:0007f5b0       _pico_zero_bounds          00000001400805b0 f   picomodel:picointernal.obj
 0001:0007f5e0       _pico_expand_bounds        00000001400805e0 f   picomodel:picointernal.obj
 0001:0007f640       _pico_zero_vec             0000000140080640 f   picomodel:picointernal.obj
 0001:0007f650       _pico_zero_vec2            0000000140080650 f   picomodel:picointernal.obj
 0001:0007f660       _pico_set_vec              0000000140080660 f   picomodel:picointernal.obj
 0001:0007f670       _pico_copy_vec             0000000140080670 f   picomodel:picointernal.obj
 0001:0007f690       _pico_copy_vec2            0000000140080690 f   picomodel:picointernal.obj
 0001:0007f6a0       _pico_normalize_vec        00000001400806a0 f   picomodel:picointernal.obj
 0001:0007f730       _pico_add_vec              0000000140080730 f   picomodel:picointernal.obj
 0001:0007f760       _pico_subtract_vec         0000000140080760 f   picomodel:picointernal.obj
 0001:0007f790       _pico_scale_vec            0000000140080790 f   picomodel:picointernal.obj
 0001:0007f7c0       _pico_set_color            00000001400807c0 f   picomodel:picointernal.obj
 0001:0007f7e0       _pico_copy_color           00000001400807e0 f   picomodel:picointernal.obj
 0001:0007f800       _pico_little_long          0000000140080800 f   picomodel:picointernal.obj
 0001:0007f810       _pico_little_short         0000000140080810 f   picomodel:picointernal.obj
 0001:0007f820       _pico_little_float         0000000140080820 f   picomodel:picointernal.obj
 0001:0007f820       ?jpeg_mem_term@@YAXPEAUjpeg_common_struct@@@Z 0000000140080820 f   jpeg6:jmemnobs.obj
 0001:0007f820       ?DebugRawLightmap@@YAXH@Z  0000000140080820 f   light_ydnar.obj
 0001:0007f830       _pico_stristr              0000000140080830 f   picomodel:picointernal.obj
 0001:0007f8b0       _pico_unixify              00000001400808b0 f   picomodel:picointernal.obj
 0001:0007f8e0       _pico_nopath               00000001400808e0 f   picomodel:picointernal.obj
 0001:0007f980       _pico_setfext              0000000140080980 f   picomodel:picointernal.obj
 0001:0007fa50       _pico_new_parser           0000000140080a50 f   picomodel:picointernal.obj
 0001:0007fb20       _pico_free_parser          0000000140080b20 f   picomodel:picointernal.obj
 0001:0007fb50       _pico_parse_ex             0000000140080b50 f   picomodel:picointernal.obj
 0001:0007fcb0       _pico_parse_first          0000000140080cb0 f   picomodel:picointernal.obj
 0001:0007fcf0       _pico_parse                0000000140080cf0 f   picomodel:picointernal.obj
 0001:0007fd20       _pico_parse_skip_rest      0000000140080d20 f   picomodel:picointernal.obj
 0001:0007fd50       _pico_parse_skip_braced    0000000140080d50 f   picomodel:picointernal.obj
 0001:0007fe00       _pico_parse_check          0000000140080e00 f   picomodel:picointernal.obj
 0001:0007fe60       _pico_parse_int            0000000140080e60 f   picomodel:picointernal.obj
 0001:0007feb0       _pico_parse_float          0000000140080eb0 f   picomodel:picointernal.obj
 0001:0007ff00       _pico_parse_vec            0000000140080f00 f   picomodel:picointernal.obj
 0001:0007ffa0       _pico_parse_vec2           0000000140080fa0 f   picomodel:picointernal.obj
 0001:00080040       _pico_new_memstream        0000000140081040 f   picomodel:picointernal.obj
 0001:000800a0       _pico_free_memstream       00000001400810a0 f   picomodel:picointernal.obj
 0001:000800c0       _pico_memstream_read       00000001400810c0 f   picomodel:picointernal.obj
 0001:00080150       _pico_memstream_getc       0000000140081150 f   picomodel:picointernal.obj
 0001:00080190       _pico_memstream_seek       0000000140081190 f   picomodel:picointernal.obj
 0001:00080220       _pico_memstream_tell       0000000140081220 f   picomodel:picointernal.obj
 0001:00080240       _pico_realloc              0000000140081240 f   picomodel:picointernal.obj
 0001:000802e0       PicoModuleList             00000001400812e0 f   picomodel:picomodules.obj
 0001:00080f90       _terrain_load_tga_buffer   0000000140081f90 f   picomodel:pm_terrain.obj
 0001:00084ed0       _ase_get_submaterial_or_default 0000000140085ed0 f   picomodel:pm_ase.obj
 0001:00087e00       lwFreeLayer                0000000140088e00 f   picomodel:lwo2.obj
 0001:00087e50       lwFreeObject               0000000140088e50 f   picomodel:lwo2.obj
 0001:00087ec0       lwGetObject                0000000140088ec0 f   picomodel:lwo2.obj
 0001:00088410       lwValidateObject           0000000140089410 f   picomodel:lwo2.obj
 0001:000884e0       lwListFree                 00000001400894e0 f   picomodel:list.obj
 0001:00088510       lwListAdd                  0000000140089510 f   picomodel:list.obj
 0001:00088540       lwListInsert               0000000140089540 f   picomodel:list.obj
 0001:000885e0       lwFreeVMap                 00000001400895e0 f   picomodel:vmap.obj
 0001:00088650       lwGetVMap                  0000000140089650 f   picomodel:vmap.obj
 0001:000888b0       lwGetPointVMaps            00000001400898b0 f   picomodel:vmap.obj
 0001:00088a10       lwGetPolyVMaps             0000000140089a10 f   picomodel:vmap.obj
 0001:00088bf0       lwFreePoints               0000000140089bf0 f   picomodel:pntspols.obj
 0001:00088c80       lwFreePolygons             0000000140089c80 f   picomodel:pntspols.obj
 0001:00088d60       lwGetPoints                0000000140089d60 f   picomodel:pntspols.obj
 0001:00088f80       lwGetBoundingBox           0000000140089f80 f   picomodel:pntspols.obj
 0001:00089070       lwAllocPolygons            000000014008a070 f   picomodel:pntspols.obj
 0001:00089190       lwGetPolygons              000000014008a190 f   picomodel:pntspols.obj
 0001:00089360       lwGetPolyNormals           000000014008a360 f   picomodel:pntspols.obj
 0001:000894d0       lwGetPointPolygons         000000014008a4d0 f   picomodel:pntspols.obj
 0001:00089630       lwResolvePolySurfaces      000000014008a630 f   picomodel:pntspols.obj
 0001:00089800       lwGetVertNormals           000000014008a800 f   picomodel:pntspols.obj
 0001:00089a80       lwFreeTags                 000000014008aa80 f   picomodel:pntspols.obj
 0001:00089b00       lwGetTags                  000000014008ab00 f   picomodel:pntspols.obj
 0001:00089c50       lwGetPolygonTags           000000014008ac50 f   picomodel:pntspols.obj
 0001:00089d90       lwFreePlugin               000000014008ad90 f   picomodel:surface.obj
 0001:00089de0       lwFreeTexture              000000014008ade0 f   picomodel:surface.obj
 0001:00089e70       lwFreeSurface              000000014008ae70 f   picomodel:surface.obj
 0001:00089f70       lwGetTHeader               000000014008af70 f   picomodel:surface.obj
 0001:0008a100       lwGetTMap                  000000014008b100 f   picomodel:surface.obj
 0001:0008a330       lwGetImageMap              000000014008b330 f   picomodel:surface.obj
 0001:0008a5b0       lwGetProcedural            000000014008b5b0 f   picomodel:surface.obj
 0001:0008a750       lwGetGradient              000000014008b750 f   picomodel:surface.obj
 0001:0008aa00       lwGetTexture               000000014008ba00 f   picomodel:surface.obj
 0001:0008ab40       lwGetShader                000000014008bb40 f   picomodel:surface.obj
 0001:0008ae10       lwDefaultSurface           000000014008be10 f   picomodel:surface.obj
 0001:0008ae80       lwGetSurface               000000014008be80 f   picomodel:surface.obj
 0001:0008b4c0       lwFreeClip                 000000014008c4c0 f   picomodel:clip.obj
 0001:0008b590       lwGetClip                  000000014008c590 f   picomodel:clip.obj
 0001:0008ba10       lwFreeEnvelope             000000014008ca10 f   picomodel:envelope.obj
 0001:0008ba90       lwGetEnvelope              000000014008ca90 f   picomodel:envelope.obj
 0001:0008bdc0       set_flen                   000000014008cdc0 f   picomodel:lwio.obj
 0001:0008bdd0       get_flen                   000000014008cdd0 f   picomodel:lwio.obj
 0001:0008bde0       revbytes                   000000014008cde0 f   picomodel:lwio.obj
 0001:0008be60       getbytes                   000000014008ce60 f   picomodel:lwio.obj
 0001:0008bf10       getI4                      000000014008cf10 f   picomodel:lwio.obj
 0001:0008bf10       getU4                      000000014008cf10 f   picomodel:lwio.obj
 0001:0008bf70       getU1                      000000014008cf70 f   picomodel:lwio.obj
 0001:0008bfb0       getI2                      000000014008cfb0 f   picomodel:lwio.obj
 0001:0008bfb0       getU2                      000000014008cfb0 f   picomodel:lwio.obj
 0001:0008c010       getVX                      000000014008d010 f   picomodel:lwio.obj
 0001:0008c0c0       getF4                      000000014008d0c0 f   picomodel:lwio.obj
 0001:0008c120       getS0                      000000014008d120 f   picomodel:lwio.obj
 0001:0008c260       sgetI2                     000000014008d260 f   picomodel:lwio.obj
 0001:0008c2c0       sgetU2                     000000014008d2c0 f   picomodel:lwio.obj
 0001:0008c300       sgetU4                     000000014008d300 f   picomodel:lwio.obj
 0001:0008c360       sgetVX                     000000014008d360 f   picomodel:lwio.obj
 0001:0008c3e0       sgetF4                     000000014008d3e0 f   picomodel:lwio.obj
 0001:0008c440       sgetS0                     000000014008d440 f   picomodel:lwio.obj
 0001:0008c8a0       lwGetSurface5              000000014008d8a0 f   picomodel:lwob.obj
 0001:0008d2a0       lwGetPolygons5             000000014008e2a0 f   picomodel:lwob.obj
 0001:0008d460       lwGetObject5               000000014008e460 f   picomodel:lwob.obj
 0001:0008d6e0       lwValidateObject5          000000014008e6e0 f   picomodel:lwob.obj
 0001:0008d790       dot                        000000014008e790 f   picomodel:vecmath.obj
 0001:0008d790       _pico_dot_vec              000000014008e790 f   picomodel:picointernal.obj
 0001:0008d7c0       _pico_cross_vec            000000014008e7c0 f   picomodel:picointernal.obj
 0001:0008d7c0       cross                      000000014008e7c0 f   picomodel:vecmath.obj
 0001:0008d820       normalize                  000000014008e820 f   picomodel:vecmath.obj
 0001:0008d86c       _stricmp                   000000014008e86c f   MSVCRT:MSVCR90.dll
 0001:0008d872       rename                     000000014008e872 f   MSVCRT:MSVCR90.dll
 0001:0008d878       sprintf                    000000014008e878 f   MSVCRT:MSVCR90.dll
 0001:0008d87e       sscanf                     000000014008e87e f   MSVCRT:MSVCR90.dll
 0001:0008d884       strncmp                    000000014008e884 f   MSVCRT:MSVCR90.dll
 0001:0008d88a       free                       000000014008e88a f   MSVCRT:MSVCR90.dll
 0001:0008d890       atoi                       000000014008e890 f   MSVCRT:MSVCR90.dll
 0001:0008d896       remove                     000000014008e896 f   MSVCRT:MSVCR90.dll
 0001:0008d89c       ftell                      000000014008e89c f   MSVCRT:MSVCR90.dll
 0001:0008d8a2       realloc                    000000014008e8a2 f   MSVCRT:MSVCR90.dll
 0001:0008d8a8       atof                       000000014008e8a8 f   MSVCRT:MSVCR90.dll
 0001:0008d8ae       _time64                    000000014008e8ae f   MSVCRT:MSVCR90.dll
 0001:0008d8b4       asctime                    000000014008e8b4 f   MSVCRT:MSVCR90.dll
 0001:0008d8ba       _localtime64               000000014008e8ba f   MSVCRT:MSVCR90.dll
 0001:0008d8c0       fseek                      000000014008e8c0 f   MSVCRT:MSVCR90.dll
 0001:0008d8c6       fclose                     000000014008e8c6 f   MSVCRT:MSVCR90.dll
 0001:0008d8cc       fopen                      000000014008e8cc f   MSVCRT:MSVCR90.dll
 0001:0008d8d2       fwrite                     000000014008e8d2 f   MSVCRT:MSVCR90.dll
 0001:0008d8d8       strstr                     000000014008e8d8 f   MSVCRT:MSVCR90.dll
 0001:0008d8e0       _onexit                    000000014008e8e0 f   MSVCRT:atonexit.obj
 0001:0008d990       atexit                     000000014008e990 f   MSVCRT:atonexit.obj
 0001:0008d9a8       rand                       000000014008e9a8 f   MSVCRT:MSVCR90.dll
 0001:0008d9ae       srand                      000000014008e9ae f   MSVCRT:MSVCR90.dll
 0001:0008d9b4       memmove                    000000014008e9b4 f   MSVCRT:MSVCR90.dll
 0001:0008d9ba       _strnicmp                  000000014008e9ba f   MSVCRT:MSVCR90.dll
 0001:0008d9c0       strchr                     000000014008e9c0 f   MSVCRT:MSVCR90.dll
 0001:0008d9c6       qsort                      000000014008e9c6 f   MSVCRT:MSVCR90.dll
 0001:0008d9cc       strncpy                    000000014008e9cc f   MSVCRT:MSVCR90.dll
 0001:0008d9d2       fprintf                    000000014008e9d2 f   MSVCRT:MSVCR90.dll
 0001:0008d9d8       exit                       000000014008e9d8 f   MSVCRT:MSVCR90.dll
 0001:0008d9de       sscanf_s                   000000014008e9de f   MSVCRT:MSVCR90.dll
 0001:0008d9e4       fscanf                     000000014008e9e4 f   MSVCRT:MSVCR90.dll
 0001:0008d9ea       __iob_func                 000000014008e9ea f   MSVCRT:MSVCR90.dll
 0001:0008d9f0       malloc                     000000014008e9f0 f   MSVCRT:MSVCR90.dll
[...]
 0001:0004ddf0       ?MapTriangle@@YA?AW4qboolean@@PEAUrawLightmap_s@@PEAUsurfaceInfo_s@@QEAPEAUbspDrawVert_t@@W41@@Z 000000014004edf0 f    CIL library: CIL module
 0001:0004e100       ?MapQuad_r@@YAXPEAUrawLightmap_s@@PEAUsurfaceInfo_s@@QEAPEAUbspDrawVert_t@@QEAMQEAY02M4@Z 000000014004f100 f    CIL library: CIL module
 0001:0004e440       ?MapQuad@@YA?AW4qboolean@@PEAUrawLightmap_s@@PEAUsurfaceInfo_s@@QEAPEAUbspDrawVert_t@@@Z 000000014004f440 f    CIL library: CIL module
 0001:00051110       ?SubmapRawLuxel@@YA?AW4qboolean@@PEAUrawLightmap_s@@HHMMPEAHQEAM2@Z 0000000140052110 f    CIL library: CIL module
 0001:00051490       ?SubsampleRawLuxel_r@@YAXPEAUrawLightmap_s@@PEAUtrace_t@@QEAMHHMPEAM@Z 0000000140052490 f    CIL library: CIL module
 0001:000571c0       ?CompareLightSurface@@YAHPEBX0@Z 00000001400581c0 f    CIL library: CIL module
 0001:00058990       ?CompareSurfaceInfo@@YAHPEBX0@Z 0000000140059990 f    CIL library: CIL module
 0001:0005a4d0       ?CompareBSPLuxels@@YA?AW4qboolean@@PEAUrawLightmap_s@@H0H@Z 000000014005b4d0 f    CIL library: CIL module
 0001:0005a880       ?MergeBSPLuxels@@YA?AW4qboolean@@PEAUrawLightmap_s@@H0H@Z 000000014005b880 f    CIL library: CIL module
 0001:0005ab10       ?ApproximateLuxel@@YA?AW4qboolean@@PEAUrawLightmap_s@@PEAUbspDrawVert_t@@@Z 000000014005bb10 f    CIL library: CIL module
 0001:0005ad10       ?ApproximateTriangle_r@@YA?AW4qboolean@@PEAUrawLightmap_s@@QEAPEAUbspDrawVert_t@@@Z 000000014005bd10 f    CIL library: CIL module
 0001:0005af20       ?ApproximateLightmap@@YA?AW4qboolean@@PEAUrawLightmap_s@@@Z 000000014005bf20 f    CIL library: CIL module
 0001:0005b3b0       ?TestOutLightmapStamp@@YA?AW4qboolean@@PEAUrawLightmap_s@@HPEAUoutLightmap_s@@HH@Z 000000014005c3b0 f    CIL library: CIL module
 0001:0005b540       ?SetupOutLightmap@@YAXPEAUrawLightmap_s@@PEAUoutLightmap_s@@@Z 000000014005c540 f    CIL library: CIL module
 0001:0005b6a0       ?FindOutLightmaps@@YAXPEAUrawLightmap_s@@@Z 000000014005c6a0 f    CIL library: CIL module
 0001:0005bfe0       ?CompareRawLightmap@@YAHPEBX0@Z 000000014005cfe0 f    CIL library: CIL module
 0001:00065230       ?ConvertCollapsedSurface@@YAXPEAU_iobuf@@PEAUbspModel_t@@HHHQEAM@Z 0000000140066230 f    CIL library: CIL module
 0001:00065f00       ?ConvertSurface@@YAXPEAU_iobuf@@PEAUbspModel_t@@HPEAUbspDrawSurface_t@@HQEAM@Z 0000000140066f00 f    CIL library: CIL module
 0001:00066570       ?ConvertModel@@YAXPEAU_iobuf@@PEAUbspModel_t@@HQEAMH@Z 0000000140067570 f    CIL library: CIL module
 0001:00066690       ?ConvertShader@@YAXPEAU_iobuf@@PEAUbspShader_t@@H@Z 0000000140067690 f    CIL library: CIL module
 0001:00066da0       ?ConvertBrush@@YAXPEAU_iobuf@@HPEAUbspBrush_t@@QEAM@Z 0000000140067da0 f    CIL library: CIL module
 0001:00067120       ?ConvertPatch@@YAXPEAU_iobuf@@HPEAUbspDrawSurface_t@@QEAM@Z 0000000140068120 f    CIL library: CIL module
 0001:00067340       ?ConvertModel@@YAXPEAU_iobuf@@PEAUbspModel_t@@HQEAM@Z 0000000140068340 f    CIL library: CIL module
 0001:0006a1c0       ?MD4Transform@@YAXQEAKQEAE@Z 000000014006b1c0 f    CIL library: CIL module
 0001:0006d810       ?unzlocal_SearchCentralDir@@YAKPEAU_iobuf@@@Z 000000014006e810 f    CIL library: CIL module
 0001:0006db90       ?unzlocal_GetCurrentFileInfoInternal@@YAHPEAXPEAUunz_file_info_s@@PEAUunz_file_info_internal_s@@PEADK0K3K@Z 000000014006eb90 f    CIL library: CIL module
 0001:0006e010       ?unzlocal_CheckCurrentFileCoherencyHeader@@YAHPEAUunz_s@@PEAIPEAK1@Z 000000014006f010 f    CIL library: CIL module
 0001:0006f6b0       ?huft_build@@YAHPEAIIIPEBI1PEAPEAUinflate_huft_s@@0PEAU1@00@Z 00000001400706b0 f    CIL library: CIL module
 0001:00070ec0       ?vfsInitPakFile@@YAXPEBD@Z 0000000140071ec0 f    CIL library: CIL module
 0001:00073900       DDSDecodePixelFormat       0000000140074900 f   ddslib:ddslib.obj
 0001:000739c0       DDSGetColorBlockColors     00000001400749c0 f   ddslib:ddslib.obj
 0001:00073b90       DDSDecodeColorBlock        0000000140074b90 f   ddslib:ddslib.obj
 0001:00073c70       DDSDecodeAlphaExplicit     0000000140074c70 f   ddslib:ddslib.obj
 0001:00073d70       DDSDecodeAlpha3BitLinear   0000000140074d70 f   ddslib:ddslib.obj
 0001:00074070       DDSDecompressDXT1          0000000140075070 f   ddslib:ddslib.obj
 0001:00074180       DDSDecompressDXT3          0000000140075180 f   ddslib:ddslib.obj
 0001:00074300       DDSDecompressDXT5          0000000140075300 f   ddslib:ddslib.obj
 0001:00074480       DDSDecompressDXT2          0000000140075480 f   ddslib:ddslib.obj
 0001:00074490       DDSDecompressDXT4          0000000140075490 f   ddslib:ddslib.obj
 0001:000744a0       DDSDecompressARGB8888      00000001400754a0 f   ddslib:ddslib.obj
 0001:000748d0       ?default_decompress_parms@@YAXPEAUjpeg_decompress_struct@@@Z 00000001400758d0 f   jpeg6:jdapimin.obj
 0001:00074cf0       ?output_pass_setup@@YAEPEAUjpeg_decompress_struct@@@Z 0000000140075cf0 f   jpeg6:jdapistd.obj
 0001:00074ef0       ?init_source@@YAXPEAUjpeg_decompress_struct@@@Z 0000000140075ef0 f   jpeg6:jdatasrc.obj
 0001:00074f00       ?fill_input_buffer@@YAEPEAUjpeg_decompress_struct@@@Z 0000000140075f00 f   jpeg6:jdatasrc.obj
 0001:00074f60       ?skip_input_data@@YAXPEAUjpeg_decompress_struct@@J@Z 0000000140075f60 f   jpeg6:jdatasrc.obj
 0001:00075060       ?error_exit@@YAXPEAUjpeg_common_struct@@@Z 0000000140076060 f   jpeg6:jerror.obj
 0001:00075090       ?output_message@@YAXPEAUjpeg_common_struct@@@Z 0000000140076090 f   jpeg6:jerror.obj
 0001:000750c0       ?emit_message@@YAXPEAUjpeg_common_struct@@H@Z 00000001400760c0 f   jpeg6:jerror.obj
 0001:00075100       ?format_message@@YAXPEAUjpeg_common_struct@@PEAD@Z 0000000140076100 f   jpeg6:jerror.obj
 0001:000751e0       ?reset_error_mgr@@YAXPEAUjpeg_common_struct@@@Z 00000001400761e0 f   jpeg6:jerror.obj
 0001:00075280       ?initial_setup@@YAXPEAUjpeg_decompress_struct@@@Z 0000000140076280 f   jpeg6:jdinput.obj
 0001:00075490       ?per_scan_setup@@YAXPEAUjpeg_decompress_struct@@@Z 0000000140076490 f   jpeg6:jdinput.obj
 0001:00075670       ?latch_quant_tables@@YAXPEAUjpeg_decompress_struct@@@Z 0000000140076670 f   jpeg6:jdinput.obj
 0001:00075740       ?start_input_pass@@YAXPEAUjpeg_decompress_struct@@@Z 0000000140076740 f   jpeg6:jdinput.obj
 0001:00075790       ?consume_markers@@YAHPEAUjpeg_decompress_struct@@@Z 0000000140076790 f   jpeg6:jdinput.obj
 0001:000758a0       ?reset_input_controller@@YAXPEAUjpeg_decompress_struct@@@Z 00000001400768a0 f   jpeg6:jdinput.obj
 0001:000758f0       ?finish_input_pass@@YAXPEAUjpeg_decompress_struct@@@Z 00000001400768f0 f   jpeg6:jdinput.obj
 0001:00075970       ?get_soi@@YAEPEAUjpeg_decompress_struct@@@Z 0000000140076970 f   jpeg6:jdmarker.obj
 0001:00075a30       ?get_sof@@YAEPEAUjpeg_decompress_struct@@EE@Z 0000000140076a30 f   jpeg6:jdmarker.obj
 0001:00075d80       ?get_sos@@YAEPEAUjpeg_decompress_struct@@@Z 0000000140076d80 f   jpeg6:jdmarker.obj
 0001:000760b0       ?get_app0@@YAEPEAUjpeg_decompress_struct@@@Z 00000001400770b0 f   jpeg6:jdmarker.obj
 0001:00076390       ?get_app14@@YAEPEAUjpeg_decompress_struct@@@Z 0000000140077390 f   jpeg6:jdmarker.obj
 0001:00076580       ?get_dac@@YAEPEAUjpeg_decompress_struct@@@Z 0000000140077580 f   jpeg6:jdmarker.obj
 0001:00076730       ?get_dht@@YAEPEAUjpeg_decompress_struct@@@Z 0000000140077730 f   jpeg6:jdmarker.obj
 0001:00076a60       ?get_dqt@@YAEPEAUjpeg_decompress_struct@@@Z 0000000140077a60 f   jpeg6:jdmarker.obj
 0001:00076ce0       ?get_dri@@YAEPEAUjpeg_decompress_struct@@@Z 0000000140077ce0 f   jpeg6:jdmarker.obj
 0001:00076e00       ?skip_variable@@YAEPEAUjpeg_decompress_struct@@@Z 0000000140077e00 f   jpeg6:jdmarker.obj
 0001:00076ed0       ?next_marker@@YAEPEAUjpeg_decompress_struct@@@Z 0000000140077ed0 f   jpeg6:jdmarker.obj
 0001:00077040       ?first_marker@@YAEPEAUjpeg_decompress_struct@@@Z 0000000140078040 f   jpeg6:jdmarker.obj
 0001:00077110       ?read_markers@@YAHPEAUjpeg_decompress_struct@@@Z 0000000140078110 f   jpeg6:jdmarker.obj
 0001:00077430       ?read_restart_marker@@YAEPEAUjpeg_decompress_struct@@@Z 0000000140078430 f   jpeg6:jdmarker.obj
 0001:00077600       ?reset_marker_reader@@YAXPEAUjpeg_decompress_struct@@@Z 0000000140078600 f   jpeg6:jdmarker.obj
 0001:000776f0       ?out_of_memory@@YAXPEAUjpeg_common_struct@@H@Z 00000001400786f0 f   jpeg6:jmemmgr.obj
 0001:00077710       ?alloc_small@@YAPEAXPEAUjpeg_common_struct@@H_K@Z 0000000140078710 f   jpeg6:jmemmgr.obj
 0001:00077890       ?alloc_large@@YAPEAXPEAUjpeg_common_struct@@H_K@Z 0000000140078890 f   jpeg6:jmemmgr.obj
 0001:00077970       ?alloc_sarray@@YAPEAPEAEPEAUjpeg_common_struct@@HII@Z 0000000140078970 f   jpeg6:jmemmgr.obj
 0001:00077a60       ?alloc_barray@@YAPEAPEAY0EA@FPEAUjpeg_common_struct@@HII@Z 0000000140078a60 f   jpeg6:jmemmgr.obj
 0001:00077b70       ?request_virt_sarray@@YAPEAUjvirt_sarray_control@@PEAUjpeg_common_struct@@HEIII@Z 0000000140078b70 f   jpeg6:jmemmgr.obj
 0001:00077c20       ?request_virt_barray@@YAPEAUjvirt_barray_control@@PEAUjpeg_common_struct@@HEIII@Z 0000000140078c20 f   jpeg6:jmemmgr.obj
 0001:00077cd0       ?realize_virt_arrays@@YAXPEAUjpeg_common_struct@@@Z 0000000140078cd0 f   jpeg6:jmemmgr.obj
 0001:00077eb0       ?do_sarray_io@@YAXPEAUjpeg_common_struct@@PEAUjvirt_sarray_control@@E@Z 0000000140078eb0 f   jpeg6:jmemmgr.obj
 0001:00077f70       ?do_barray_io@@YAXPEAUjpeg_common_struct@@PEAUjvirt_barray_control@@E@Z 0000000140078f70 f   jpeg6:jmemmgr.obj
 0001:00078030       ?access_virt_sarray@@YAPEAPEAEPEAUjpeg_common_struct@@PEAUjvirt_sarray_control@@IIE@Z 0000000140079030 f   jpeg6:jmemmgr.obj
 0001:00078190       ?access_virt_barray@@YAPEAPEAY0EA@FPEAUjpeg_common_struct@@PEAUjvirt_barray_control@@IIE@Z 0000000140079190 f   jpeg6:jmemmgr.obj
 0001:000782f0       ?free_pool@@YAXPEAUjpeg_common_struct@@H@Z 00000001400792f0 f   jpeg6:jmemmgr.obj
 0001:00078440       ?self_destruct@@YAXPEAUjpeg_common_struct@@@Z 0000000140079440 f   jpeg6:jmemmgr.obj
 0001:000786c0       ?use_merged_upsample@@YAEPEAUjpeg_decompress_struct@@@Z 00000001400796c0 f   jpeg6:jdmaster.obj
 0001:00078780       ?prepare_range_limit_table@@YAXPEAUjpeg_decompress_struct@@@Z 0000000140079780 f   jpeg6:jdmaster.obj
 0001:00078830       ?master_selection@@YAXPEAUjpeg_decompress_struct@@@Z 0000000140079830 f   jpeg6:jdmaster.obj
 0001:000789e0       ?prepare_for_output_pass@@YAXPEAUjpeg_decompress_struct@@@Z 00000001400799e0 f   jpeg6:jdmaster.obj
 0001:00078b30       ?finish_output_pass@@YAXPEAUjpeg_decompress_struct@@@Z 0000000140079b30 f   jpeg6:jdmaster.obj
 0001:00078ca0       ?alloc_funny_pointers@@YAXPEAUjpeg_decompress_struct@@@Z 0000000140079ca0 f   jpeg6:jdmainct.obj
 0001:00078da0       ?make_funny_pointers@@YAXPEAUjpeg_decompress_struct@@@Z 0000000140079da0 f   jpeg6:jdmainct.obj
 0001:00078f40       ?set_wraparound_pointers@@YAXPEAUjpeg_decompress_struct@@@Z 0000000140079f40 f   jpeg6:jdmainct.obj
 0001:00079050       ?set_bottom_pointers@@YAXPEAUjpeg_decompress_struct@@@Z 000000014007a050 f   jpeg6:jdmainct.obj
 0001:00079120       ?process_data_simple_main@@YAXPEAUjpeg_decompress_struct@@PEAPEAEPEAII@Z 000000014007a120 f   jpeg6:jdmainct.obj
 0001:000791d0       ?process_data_context_main@@YAXPEAUjpeg_decompress_struct@@PEAPEAEPEAII@Z 000000014007a1d0 f   jpeg6:jdmainct.obj
 0001:00079360       ?start_pass_main@@YAXPEAUjpeg_decompress_struct@@W4J_BUF_MODE@@@Z 000000014007a360 f   jpeg6:jdmainct.obj
 0001:00079510       ?start_iMCU_row@@YAXPEAUjpeg_decompress_struct@@@Z 000000014007a510 f   jpeg6:jdcoefct.obj
 0001:00079570       ?start_input_pass@@YAXPEAUjpeg_decompress_struct@@@Z 000000014007a570 f   jpeg6:jdcoefct.obj
 0001:00079580       ?start_output_pass@@YAXPEAUjpeg_decompress_struct@@@Z 000000014007a580 f   jpeg6:jdcoefct.obj
 0001:00079590       ?decompress_onepass@@YAHPEAUjpeg_decompress_struct@@PEAPEAPEAE@Z 000000014007a590 f   jpeg6:jdcoefct.obj
 0001:00079850       ?dummy_consume_data@@YAHPEAUjpeg_decompress_struct@@@Z 000000014007a850 f   jpeg6:jdcoefct.obj
 0001:00079de0       ?process_restart@@YAEPEAUjpeg_decompress_struct@@@Z 000000014007ade0 f   jpeg6:jdhuff.obj
 0001:00079e80       ?decode_mcu@@YAEPEAUjpeg_decompress_struct@@PEAPEAY0EA@F@Z 000000014007ae80 f   jpeg6:jdhuff.obj
 0001:0007a350       ?start_pass_huff_decoder@@YAXPEAUjpeg_decompress_struct@@@Z 000000014007b350 f   jpeg6:jdhuff.obj
 0001:0007a510       ?start_pass@@YAXPEAUjpeg_decompress_struct@@@Z 000000014007b510 f   jpeg6:jddctmgr.obj
 0001:0007a8d0       ?post_process_1pass@@YAXPEAUjpeg_decompress_struct@@PEAPEAPEAEPEAIIPEAPEAE2I@Z 000000014007b8d0 f   jpeg6:jdpostct.obj
 0001:0007a980       ?start_pass_dpost@@YAXPEAUjpeg_decompress_struct@@W4J_BUF_MODE@@@Z 000000014007b980 f   jpeg6:jdpostct.obj
 0001:0007aad0       ?start_pass_upsample@@YAXPEAUjpeg_decompress_struct@@@Z 000000014007bad0 f   jpeg6:jdsample.obj
 0001:0007aaf0       ?sep_upsample@@YAXPEAUjpeg_decompress_struct@@PEAPEAPEAEPEAIIPEAPEAE2I@Z 000000014007baf0 f   jpeg6:jdsample.obj
 0001:0007ac40       ?fullsize_upsample@@YAXPEAUjpeg_decompress_struct@@PEAUjpeg_component_info@@PEAPEAEPEAPEAPEAE@Z 000000014007bc40 f   jpeg6:jdsample.obj
 0001:0007ac50       ?noop_upsample@@YAXPEAUjpeg_decompress_struct@@PEAUjpeg_component_info@@PEAPEAEPEAPEAPEAE@Z 000000014007bc50 f   jpeg6:jdsample.obj
 0001:0007ac60       ?int_upsample@@YAXPEAUjpeg_decompress_struct@@PEAUjpeg_component_info@@PEAPEAEPEAPEAPEAE@Z 000000014007bc60 f   jpeg6:jdsample.obj
 0001:0007adc0       ?h2v1_upsample@@YAXPEAUjpeg_decompress_struct@@PEAUjpeg_component_info@@PEAPEAEPEAPEAPEAE@Z 000000014007bdc0 f   jpeg6:jdsample.obj
 0001:0007ae30       ?h2v2_upsample@@YAXPEAUjpeg_decompress_struct@@PEAUjpeg_component_info@@PEAPEAEPEAPEAPEAE@Z 000000014007be30 f   jpeg6:jdsample.obj
 0001:0007aef0       ?h2v1_fancy_upsample@@YAXPEAUjpeg_decompress_struct@@PEAUjpeg_component_info@@PEAPEAEPEAPEAPEAE@Z 000000014007bef0 f   jpeg6:jdsample.obj
 0001:0007afe0       ?h2v2_fancy_upsample@@YAXPEAUjpeg_decompress_struct@@PEAUjpeg_component_info@@PEAPEAEPEAPEAPEAE@Z 000000014007bfe0 f   jpeg6:jdsample.obj
 0001:0007b3a0       ?build_ycc_rgb_table@@YAXPEAUjpeg_decompress_struct@@@Z 000000014007c3a0 f   jpeg6:jdcolor.obj
 0001:0007b4a0       ?ycc_rgb_convert@@YAXPEAUjpeg_decompress_struct@@PEAPEAPEAEIPEAPEAEH@Z 000000014007c4a0 f   jpeg6:jdcolor.obj
 0001:0007b640       ?null_convert@@YAXPEAUjpeg_decompress_struct@@PEAPEAPEAEIPEAPEAEH@Z 000000014007c640 f   jpeg6:jdcolor.obj
 0001:0007b700       ?grayscale_convert@@YAXPEAUjpeg_decompress_struct@@PEAPEAPEAEIPEAPEAEH@Z 000000014007c700 f   jpeg6:jdcolor.obj
 0001:0007b740       ?ycck_cmyk_convert@@YAXPEAUjpeg_decompress_struct@@PEAPEAPEAEIPEAPEAEH@Z 000000014007c740 f   jpeg6:jdcolor.obj
 0001:0007f820       ?start_pass_dcolor@@YAXPEAUjpeg_decompress_struct@@@Z 0000000140080820 f   picomodel:picointernal.obj
 0001:0007f820       ?term_source@@YAXPEAUjpeg_decompress_struct@@@Z 0000000140080820 f   picomodel:picointernal.obj
 0001:0007f820       ?PNGFlushData@@YAXPEAUpng_struct_def@@@Z 0000000140080820 f   picomodel:picointernal.obj
 0001:00080310       _obj_canload               0000000140081310 f   picomodel:pm_obj.obj
 0001:00080470       SizeObjVertexData          0000000140081470 f   picomodel:pm_obj.obj
 0001:00080530       FreeObjVertexData          0000000140081530 f   picomodel:pm_obj.obj
 0001:00080550       _obj_load                  0000000140081550 f   picomodel:pm_obj.obj
 0001:00081460       _terrain_canload           0000000140082460 f   picomodel:pm_terrain.obj
 0001:000814d0       _terrain_load              00000001400824d0 f   picomodel:pm_terrain.obj
 0001:00081cb0       lwo_lwIDToStr              0000000140082cb0 f   picomodel:pm_lwo.obj
 0001:00081d00       _lwo_canload               0000000140082d00 f   picomodel:pm_lwo.obj
 0001:00081d70       _lwo_load                  0000000140082d70 f   picomodel:pm_lwo.obj
 0001:00082670       _fm_canload                0000000140083670 f   picomodel:pm_fm.obj
 0001:000827a0       _fm_load                   00000001400837a0 f   picomodel:pm_fm.obj
 0001:00083280       _md2_canload               0000000140084280 f   picomodel:pm_md2.obj
 0001:000832d0       _md2_load                  00000001400842d0 f   picomodel:pm_md2.obj
 0001:00083d40       _mdc_canload               0000000140084d40 f   picomodel:pm_mdc.obj
 0001:00083d90       _mdc_load                  0000000140084d90 f   picomodel:pm_mdc.obj
 0001:00084670       _ms3d_canload              0000000140085670 f   picomodel:pm_ms3d.obj
 0001:000846f0       GetWord                    00000001400856f0 f   picomodel:pm_ms3d.obj
 0001:00084730       _ms3d_load                 0000000140085730 f   picomodel:pm_ms3d.obj
 0001:00084e60       _ase_get_material          0000000140085e60 f   picomodel:pm_ase.obj
 0001:00084e80       _ase_get_submaterial       0000000140085e80 f   picomodel:pm_ase.obj
 0001:00084f30       _ase_add_material          0000000140085f30 f   picomodel:pm_ase.obj
 0001:00084f70       _ase_add_submaterial       0000000140085f70 f   picomodel:pm_ase.obj
 0001:00084ff0       _ase_free_materials        0000000140085ff0 f   picomodel:pm_ase.obj
 0001:00085070       _ase_canload               0000000140086070 f   picomodel:pm_ase.obj
 0001:00085100       _ase_submit_triangles      0000000140086100 f   picomodel:pm_ase.obj
 0001:00085670       _ase_load                  0000000140086670 f   picomodel:pm_ase.obj
 0001:00086cd0       _3ds_canload               0000000140087cd0 f   picomodel:pm_3ds.obj
 0001:00086d30       GetChunk                   0000000140087d30 f   picomodel:pm_3ds.obj
 0001:00086d90       GetASCIIZ                  0000000140087d90 f   picomodel:pm_3ds.obj
 0001:00086e20       GetByte                    0000000140087e20 f   picomodel:pm_3ds.obj
 0001:00086e40       GetWord                    0000000140087e40 f   picomodel:pm_3ds.obj
 0001:00086e80       GetFloat                   0000000140087e80 f   picomodel:pm_3ds.obj
 0001:00086eb0       GetMeshVertices            0000000140087eb0 f   picomodel:pm_3ds.obj
 0001:00086f40       GetMeshFaces               0000000140087f40 f   picomodel:pm_3ds.obj
 0001:00087000       GetMeshTexCoords           0000000140088000 f   picomodel:pm_3ds.obj
 0001:00087090       GetMeshShader              0000000140088090 f   picomodel:pm_3ds.obj
 0001:00087260       GetDiffuseColor            0000000140088260 f   picomodel:pm_3ds.obj
 0001:000872b0       DoNextEditorDataChunk      00000001400882b0 f   picomodel:pm_3ds.obj
 0001:00087530       DoNextChunk                0000000140088530 f   picomodel:pm_3ds.obj
 0001:000875f0       _3ds_load                  00000001400885f0 f   picomodel:pm_3ds.obj
 0001:00087700       _md3_canload               0000000140088700 f   picomodel:pm_md3.obj
 0001:00087750       _md3_load                  0000000140088750 f   picomodel:pm_md3.obj
 0001:0008ad20       compare_textures           000000014008bd20 f   picomodel:surface.obj
 0001:0008ad20       compare_shaders            000000014008bd20 f   picomodel:surface.obj
 0001:0008ad50       add_texture                000000014008bd50 f   picomodel:surface.obj
 0001:0008ba60       compare_keys               000000014008ca60 f   picomodel:envelope.obj
 0001:0008c510       add_clip                   000000014008d510 f   picomodel:lwob.obj
 0001:0008c5c0       add_tvel                   000000014008d5c0 f   picomodel:lwob.obj
 0001:0008c740       get_texture                000000014008d740 f   picomodel:lwob.obj
 0001:0008da40       pre_cpp_init               000000014008ea40 f   MSVCRT:crtexe.obj
 0001:0008daa8       __tmainCRTStartup          000000014008eaa8 f   MSVCRT:crtexe.obj
 0001:0008dc28       pre_c_init                 000000014008ec28 f   MSVCRT:crtexe.obj
 0001:0008e0d0       _onexit$fin$0              000000014008f0d0 f   MSVCRT:atonexit.obj
 0001:0008e0e9       __tmainCRTStartup$filt$0   000000014008f0e9 f   MSVCRT:crtexe.obj
 0001:0008e110       _IsNonwritableInCurrentImage$filt$0 000000014008f110 f   MSVCRT:pesect.obj
