 bloodmap

 Timestamp is 532a314e (Thu Mar 20 04:07:42 2014)

 Preferred load address is 0000000140000000

 Start         Length     Name                   Class
 0001:00000000 0007a06aH .text                   CODE
 0001:0007a070 0000005eH .text$00                CODE
 0001:0007a0d0 00000061H .text$x                 CODE
 0002:00000000 000004d8H .idata$5                DATA
 0002:000004d8 00000008H .CRT$XCA                DATA
 0002:000004e0 00000008H .CRT$XCAA               DATA
 0002:000004e8 00000008H .CRT$XCZ                DATA
 0002:000004f0 00000008H .CRT$XIA                DATA
 0002:000004f8 00000008H .CRT$XIAA               DATA
 0002:00000500 00000008H .CRT$XIY                DATA
 0002:00000508 00000008H .CRT$XIZ                DATA
 0002:00000510 0000f970H .rdata                  DATA
 0002:0000fe80 00000042H .rdata$debug            DATA
 0002:0000fec8 00000008H .rtc$IAA                DATA
 0002:0000fed0 00000008H .rtc$IZZ                DATA
 0002:0000fed8 00000008H .rtc$TAA                DATA
 0002:0000fee0 00000008H .rtc$TZZ                DATA
 0002:0000fee8 0000934cH .xdata                  DATA
 0002:00019234 00000078H .idata$2                DATA
 0002:000192ac 00000014H .idata$3                DATA
 0002:000192c0 000004d8H .idata$4                DATA
 0002:00019798 00000738H .idata$6                DATA
 0002:00019ed0 00000000H .edata                  DATA
 0003:00000000 00014590H .data                   DATA
 0003:000145a0 0f5ba4e8H .bss                    DATA
 0004:00000000 00006468H .pdata                  DATA
 0005:00000000 00000250H .rsrc$01                DATA
 0005:00000250 000102f8H .rsrc$02                DATA

  Address         Publics by Value              Rva+Base               Lib:Object

 0000:00000000       ___safe_se_handler_table   0000000000000000     <absolute>
 0000:00000000       ___safe_se_handler_count   0000000000000000     <absolute>
 0000:00000000       __ImageBase                0000000140000000     <linker-defined>
 0001:00000000       IncDrawVerts               0000000140001000 f   bspfile_abstract.obj
 0001:000000c0       SetDrawVerts               00000001400010c0 f   bspfile_abstract.obj
 0001:00000120       SetDrawSurfacesBuffer      0000000140001120 f   bspfile_abstract.obj
 0001:00000170       SetDrawSurfaces            0000000140001170 f   bspfile_abstract.obj
 0001:000001d0       BSPFilesCleanup            00000001400011d0 f   bspfile_abstract.obj
 0001:00000220       SwapBlock                  0000000140001220 f   bspfile_abstract.obj
 0001:00000270       SwapBSPFile                0000000140001270 f   bspfile_abstract.obj
 0001:000006b0       GetLumpElements            00000001400016b0 f   bspfile_abstract.obj
 0001:00000730       GetLump                    0000000140001730 f   bspfile_abstract.obj
 0001:00000740       CopyLump                   0000000140001740 f   bspfile_abstract.obj
 0001:000007e0       AddLump                    00000001400017e0 f   bspfile_abstract.obj
 0001:00000860       LoadBSPFile                0000000140001860 f   bspfile_abstract.obj
 0001:000008b0       WriteBSPFile               00000001400018b0 f   bspfile_abstract.obj
 0001:00000950       ParseEPair                 0000000140001950 f   bspfile_abstract.obj
 0001:00000a60       ParseEntity                0000000140001a60 f   bspfile_abstract.obj
 0001:00000b60       ParseEntities              0000000140001b60 f   bspfile_abstract.obj
 0001:00000ba0       SetKeyValue                0000000140001ba0 f   bspfile_abstract.obj
 0001:00000c50       KeyExists                  0000000140001c50 f   bspfile_abstract.obj
 0001:00000cb0       ValueForKey                0000000140001cb0 f   bspfile_abstract.obj
 0001:00000d20       IntForKey                  0000000140001d20 f   bspfile_abstract.obj
 0001:00000da0       FloatForKey                0000000140001da0 f   bspfile_abstract.obj
 0001:00000e10       GetVectorForKey            0000000140001e10 f   bspfile_abstract.obj
 0001:00000ed0       FindTargetEntity           0000000140001ed0 f   bspfile_abstract.obj
 0001:00000fa0       GetEntityShadowFlags       0000000140001fa0 f   bspfile_abstract.obj
 0001:000011e0       PrintBSPFileSizes          00000001400021e0 f   bspfile_abstract.obj
 0001:000014b0       UnparseEntities            00000001400024b0 f   bspfile_abstract.obj
 0001:00001f70       LoadIBSPFile               0000000140002f70 f   bspfile_ibsp.obj
 0001:00002260       WriteIBSPFile              0000000140003260 f   bspfile_ibsp.obj
 0001:00002970       LoadRBSPFile               0000000140003970 f   bspfile_rbsp.obj
 0001:00002c80       WriteRBSPFile              0000000140003c80 f   bspfile_rbsp.obj
 0001:00003050       AllocateDiskCache          0000000140004050 f   diskcache.obj
 0001:000030d0       AllocateDiskPage           00000001400040d0 f   diskcache.obj
 0001:000031c0       SelectDiskPage             00000001400041c0 f   diskcache.obj
 0001:00003250       DeselectDiskPage           0000000140004250 f   diskcache.obj
 0001:000032e0       DiskCacheStats             00000001400042e0 f   diskcache.obj
 0001:00003440       PNGReadData                0000000140004440 f   image.obj
 0001:00003880       ImageFind                  0000000140004880 f   image.obj
 0001:00003940       ImageLoad                  0000000140004940 f   image.obj
 0001:00003d90       Random                     0000000140004d90 f   main.obj
 0001:00003dd0       FixAAS                     0000000140004dd0 f   main.obj
 0001:00004010       AnalyzeBSP                 0000000140005010 f   main.obj
 0001:000043c0       BSPInfo                    00000001400053c0 f   main.obj
 0001:00004590       ScaleBSPMain               0000000140005590 f   main.obj
 0001:00005160       ConvertBSPMain             0000000140006160 f   main.obj
 0001:000053b0       main                       00000001400063b0 f   main.obj
 0001:000058c0       LerpDrawVert               00000001400068c0 f   mesh.obj
 0001:00005a20       LerpDrawVertAmount         0000000140006a20 f   mesh.obj
 0001:00005c10       FreeMesh                   0000000140006c10 f   mesh.obj
 0001:00005c30       CopyMesh                   0000000140006c30 f   mesh.obj
 0001:00005cb0       TransposeMesh              0000000140006cb0 f   mesh.obj
 0001:00005db0       InvertMesh                 0000000140006db0 f   mesh.obj
 0001:00005ef0       MakeMeshNormals            0000000140006ef0 f   mesh.obj
 0001:000064b0       PutMeshOnCurve             00000001400074b0 f   mesh.obj
 0001:00006800       SubdivideMesh              0000000140007800 f   mesh.obj
 0001:00007580       IterationsForCurve         0000000140008580 f   mesh.obj
 0001:00007600       SubdivideMesh2             0000000140008600 f   mesh.obj
 0001:00007ec0       ProjectPointOntoVector     0000000140008ec0 f   mesh.obj
 0001:00007fc0       RemoveLinearMeshColumnsRows 0000000140008fc0 f   mesh.obj
 0001:00008510       PicoPrintFunc              0000000140009510 f   model.obj
 0001:00008590       PicoLoadFileFunc           0000000140009590 f   model.obj
 0001:000085b0       FindModel                  00000001400095b0 f   model.obj
 0001:00008680       LoadModel                  0000000140009680 f   model.obj
 0001:00008790       InsertModel                0000000140009790 f   model.obj
 0001:00009900       AddTriangleModels          000000014000a900 f   model.obj
 0001:0000a050       TidyShaders                000000014000b050 f   optimize.obj
 0001:0000a770       TidyEntities               000000014000b770 f   optimize.obj
 0001:0000a7e0       MergeDrawSurfaces          000000014000b7e0 f   optimize.obj
 0001:0000b370       MergeDrawVerts             000000014000c370 f   optimize.obj
 0001:0000ba60       OptimizeBSPMain            000000014000ca60 f   optimize.obj
 0001:0000be60       AllocateEntity             000000014000ce60 f   patchbsp.obj
 0001:0000bee0       FindMapEntityByUniqueKey   000000014000cee0 f   patchbsp.obj
 0001:0000bfa0       PatchEntities              000000014000cfa0 f   patchbsp.obj
 0001:0000c400       PatchBSPMain               000000014000d400 f   patchbsp.obj
 0001:0000c8b0       GetGame                    000000014000d8b0 f   path_init.obj
 0001:0000ca00       AddBasePath                000000014000da00 f   path_init.obj
 0001:0000cab0       AddGamePath                000000014000dab0 f   path_init.obj
 0001:0000cb60       InitPaths                  000000014000db60 f   path_init.obj
 0001:0000d040       ColorModRandom             000000014000e040 f   shaders.obj
 0001:0000d360       ColorMod                   000000014000e360 f   shaders.obj
 0001:0000db10       TCMod                      000000014000eb10 f   shaders.obj
 0001:0000db50       TCModMultiply              000000014000eb50 f   shaders.obj
 0001:0000dce0       TCModRotate                000000014000ece0 f   shaders.obj
 0001:0000ddd0       ApplySurfaceParm           000000014000edd0 f   shaders.obj
 0001:0000df20       BeginMapShaderFile         000000014000ef20 f   shaders.obj
 0001:0000e040       WriteMapShaderFile         000000014000f040 f   shaders.obj
 0001:0000e350       FinishShader               000000014000f350 f   shaders.obj
 0001:0000ea30       ShaderInfoForShader        000000014000fa30 f   shaders.obj
 0001:0000ebc0       GetTokenAppend             000000014000fbc0 f   shaders.obj
 0001:0000ecd0       Parse1DMatrixAppend        000000014000fcd0 f   shaders.obj
 0001:00011600       LoadShaderInfo             0000000140012600 f   shaders.obj
 0001:00011880       CustomShader               0000000140012880 f   shaders.obj
 0001:00011d80       SetDefaultSampleSize       0000000140012d80 f   surface_extra.obj
 0001:00011d90       SetSurfaceExtra            0000000140012d90 f   surface_extra.obj
 0001:00011e40       GetSurfaceExtraShaderInfo  0000000140012e40 f   surface_extra.obj
 0001:00011e70       GetSurfaceExtraParentSurfaceNum 0000000140012e70 f   surface_extra.obj
 0001:00011ea0       GetSurfaceExtraEntityNum   0000000140012ea0 f   surface_extra.obj
 0001:00011ed0       GetSurfaceExtraCastShadows 0000000140012ed0 f   surface_extra.obj
 0001:00011f00       GetSurfaceExtraRecvShadows 0000000140012f00 f   surface_extra.obj
 0001:00011f30       GetSurfaceExtraSampleSize  0000000140012f30 f   surface_extra.obj
 0001:00011f60       GetSurfaceExtraLongestCurve 0000000140012f60 f   surface_extra.obj
 0001:00011f90       GetSurfaceExtraLightmapAxis 0000000140012f90 f   surface_extra.obj
 0001:00011fe0       GetSurfaceExtraShadeAngle  0000000140012fe0 f   surface_extra.obj
 0001:00012010       WriteSurfaceExtraFile      0000000140013010 f   surface_extra.obj
 0001:00012380       LoadSurfaceExtraFile       0000000140013380 f   surface_extra.obj
 0001:00012790       safe_malloc_logstart       0000000140013790 f   cmdlib.obj
 0001:000127e0       safe_malloc_logend         00000001400137e0 f   cmdlib.obj
 0001:00012880       safe_malloc_info           0000000140013880 f   cmdlib.obj
 0001:00012900       ExpandPath                 0000000140013900 f   cmdlib.obj
 0001:00012970       I_FloatTime                0000000140013970 f   cmdlib.obj
 0001:00012990       Q_mkdir                    0000000140013990 f   cmdlib.obj
 0001:000129e0       Q_stricmp                  00000001400139e0 f   cmdlib.obj
 0001:00012a40       Q_filelength               0000000140013a40 f   cmdlib.obj
 0001:00012a90       SafeOpenWrite              0000000140013a90 f   cmdlib.obj
 0001:00012ae0       SafeOpenRead               0000000140013ae0 f   cmdlib.obj
 0001:00012b30       SafeWrite                  0000000140013b30 f   cmdlib.obj
 0001:00012b70       FileExists                 0000000140013b70 f   cmdlib.obj
 0001:00012ba0       DefaultExtension           0000000140013ba0 f   cmdlib.obj
 0001:00012c10       StripExtension             0000000140013c10 f   cmdlib.obj
 0001:00012c60       ExtractFileBase            0000000140013c60 f   cmdlib.obj
 0001:00012cd0       ExtractFileExtension       0000000140013cd0 f   cmdlib.obj
 0001:00012d40       BigShort                   0000000140013d40 f   cmdlib.obj
 0001:00012d60       _pico_little_short         0000000140013d60 f   picomodel:picointernal.obj
 0001:00012d60       LittleShort                0000000140013d60 f   cmdlib.obj
 0001:00012d70       BigLong                    0000000140013d70 f   cmdlib.obj
 0001:00012da0       LittleLong                 0000000140013da0 f   cmdlib.obj
 0001:00012da0       _pico_little_long          0000000140013da0 f   picomodel:picointernal.obj
 0001:00012db0       Sys_Sleep                  0000000140013db0 f   cmdlib.obj
 0001:00012dc0       safe_malloc_f              0000000140013dc0 f   cmdlib.obj
 0001:00012e10       safe_malloc_log            0000000140013e10 f   cmdlib.obj
 0001:00012f70       ExpandArg                  0000000140013f70 f   cmdlib.obj
 0001:00013050       copystring                 0000000140014050 f   cmdlib.obj
 0001:000130b0       LoadFile                   00000001400140b0 f   cmdlib.obj
 0001:000131a0       LBMRLEDecompress           00000001400141a0 f   imagelib.obj
 0001:00013270       LoadLBM                    0000000140014270 f   imagelib.obj
 0001:000135f0       LoadPCX                    00000001400145f0 f   imagelib.obj
 0001:00013920       LoadBMP                    0000000140014920 f   imagelib.obj
 0001:00013f70       Load256Image               0000000140014f70 f   imagelib.obj
 0001:00014080       TargaError                 0000000140015080 f   imagelib.obj
 0001:00014130       LoadTGABuffer              0000000140015130 f   imagelib.obj
 0001:000147d0       LoadTGA                    00000001400157d0 f   imagelib.obj
 0001:00014850       WriteTGA                   0000000140015850 f   imagelib.obj
 0001:00014970       Load32BitImage             0000000140015970 f   imagelib.obj
 0001:00014a80       xml_NodeForVec             0000000140015a80 f   inout.obj
 0001:00014af0       Broadcast_Setup            0000000140015af0 f   inout.obj
 0001:00014b70       Sys_FPrintf                0000000140015b70 f   inout.obj
 0001:00014bd0       xml_SendNode               0000000140015bd0 f   inout.obj
 0001:00014cf0       FPrintf                    0000000140015cf0 f   inout.obj
 0001:00014de0       Sys_Printf                 0000000140015de0 f   inout.obj
 0001:00014ee0       Broadcast_Shutdown         0000000140015ee0 f   inout.obj
 0001:00014f20       Error                      0000000140015f20 f   inout.obj
 0001:00015070       xml_Select                 0000000140016070 f   inout.obj
 0001:000151b0       xml_Winding                00000001400161b0 f   inout.obj
 0001:00015350       MD4Init                    0000000140016350 f   md4.obj
 0001:00015940       MD4Update                  0000000140016940 f   md4.obj
 0001:00015a10       MD4Final                   0000000140016a10 f   md4.obj
 0001:00015b00       AllocWinding               0000000140016b00 f   polylib.obj
 0001:00015ba0       FreeWinding                0000000140016ba0 f   polylib.obj
 0001:00015be0       WindingPlane               0000000140016be0 f   polylib.obj
 0001:00015cd0       WindingArea                0000000140016cd0 f   polylib.obj
 0001:00015e00       WindingCenter              0000000140016e00 f   polylib.obj
 0001:00015ec0       BaseWindingForPlane        0000000140016ec0 f   polylib.obj
 0001:00016220       CopyWinding                0000000140017220 f   polylib.obj
 0001:00016270       ReverseWinding             0000000140017270 f   polylib.obj
 0001:000162f0       ClipWindingEpsilon         00000001400172f0 f   polylib.obj
 0001:00016750       ChopWindingInPlace         0000000140017750 f   polylib.obj
 0001:00016b10       WindingOnPlaneSide         0000000140017b10 f   polylib.obj
 0001:00016c30       AddWindingToConvexHull     0000000140017c30 f   polylib.obj
 0001:00017260       AddScriptToStack           0000000140018260 f   scriplib.obj
 0001:00017370       LoadScriptFile             0000000140018370 f   scriplib.obj
 0001:000173a0       ParseFromMemory            00000001400183a0 f   scriplib.obj
 0001:00017420       UnGetToken                 0000000140018420 f   scriplib.obj
 0001:00017430       EndOfScript                0000000140018430 f   scriplib.obj
 0001:00017520       GetToken                   0000000140018520 f   scriplib.obj
 0001:000178f0       TokenAvailable             00000001400188f0 f   scriplib.obj
 0001:00017930       MatchToken                 0000000140018930 f   scriplib.obj
 0001:00017990       Parse1DMatrix              0000000140018990 f   scriplib.obj
 0001:00017a70       Parse2DMatrix              0000000140018a70 f   scriplib.obj
 0001:00017b70       ThreadSetDefault           0000000140018b70 f   threads.obj
 0001:00017bc0       ThreadLock                 0000000140018bc0 f   threads.obj
 0001:00017c00       ThreadUnlock               0000000140018c00 f   threads.obj
 0001:00017c40       RunThreadsOn               0000000140018c40 f   threads.obj
 0001:00017d90       GetThreadWork              0000000140018d90 f   threads.obj
 0001:00017ec0       ThreadWorkerFunction       0000000140018ec0 f   threads.obj
 0001:00017ef0       RunThreadsOnIndividual     0000000140018ef0 f   threads.obj
 0001:000180d0       unzOpen                    00000001400190d0 f   unzip.obj
 0001:000182f0       unzGetGlobalInfo           00000001400192f0 f   unzip.obj
 0001:000187e0       unzGetCurrentFileInfo      00000001400197e0 f   unzip.obj
 0001:00018830       unzGoToFirstFile           0000000140019830 f   unzip.obj
 0001:00018890       unzGoToNextFile            0000000140019890 f   unzip.obj
 0001:00018b10       crc32                      0000000140019b10 f   unzip.obj
 0001:00018c60       inflate_flush              0000000140019c60 f   unzip.obj
 0001:00019280       inflate_trees_bits         000000014001a280 f   unzip.obj
 0001:00019360       inflate_trees_dynamic      000000014001a360 f   unzip.obj
 0001:00019520       inflate_fast               000000014001a520 f   unzip.obj
 0001:000198b0       inflate_codes_new          000000014001a8b0 f   unzip.obj
 0001:00019920       inflate_codes              000000014001a920 f   unzip.obj
 0001:00019f20       adler32                    000000014001af20 f   unzip.obj
 0001:0001a090       zcalloc                    000000014001b090 f   unzip.obj
 0001:0001a0b0       zcfree                     000000014001b0b0 f   unzip.obj
 0001:0001a0c0       inflate_blocks_reset       000000014001b0c0 f   unzip.obj
 0001:0001a140       inflate_blocks_new         000000014001b140 f   unzip.obj
 0001:0001a220       inflate_blocks             000000014001b220 f   unzip.obj
 0001:0001ac30       inflate_blocks_free        000000014001bc30 f   unzip.obj
 0001:0001acd0       inflateReset               000000014001bcd0 f   unzip.obj
 0001:0001ad90       inflateEnd                 000000014001bd90 f   unzip.obj
 0001:0001adf0       inflateInit2_              000000014001bdf0 f   unzip.obj
 0001:0001af30       inflate                    000000014001bf30 f   unzip.obj
 0001:0001b3d0       unzReadCurrentFile         000000014001c3d0 f   unzip.obj
 0001:0001b600       unzCloseCurrentFile        000000014001c600 f   unzip.obj
 0001:0001b6b0       unzOpenCurrentFile         000000014001c6b0 f   unzip.obj
 0001:0001b9d0       vfsInitDirectory           000000014001c9d0 f   vfs.obj
 0001:0001bb70       vfsGetFileCount            000000014001cb70 f   vfs.obj
 0001:0001bcf0       vfsLoadFile                000000014001ccf0 f   vfs.obj
 0001:0001c040       AllocSideRef               000000014001d040 f   brush.obj
 0001:0001c090       CountBrushList             000000014001d090 f   brush.obj
 0001:0001c0b0       AllocBrush                 000000014001d0b0 f   brush.obj
 0001:0001c120       FreeBrush                  000000014001d120 f   brush.obj
 0001:0001c1d0       FreeBrushList              000000014001d1d0 f   brush.obj
 0001:0001c200       CopyBrush                  000000014001d200 f   brush.obj
 0001:0001c2a0       BoundBrush                 000000014001d2a0 f   brush.obj
 0001:0001c3a0       SnapWeldVector             000000014001d3a0 f   brush.obj
 0001:0001c4f0       FixWinding                 000000014001d4f0 f   brush.obj
 0001:0001c660       CreateBrushWindings        000000014001d660 f   brush.obj
 0001:0001c7b0       BrushVolume                000000014001d7b0 f   brush.obj
 0001:0001c930       WriteBSPBrushMap           000000014001d930 f   brush.obj
 0001:0001cad0       AllocTree                  000000014001dad0 f   brush.obj
 0001:0001cb20       AllocNode                  000000014001db20 f   brush.obj
 0001:0001cb60       WindingIsTiny              000000014001db60 f   brush.obj
 0001:0001cc50       BrushMostlyOnSide          000000014001dc50 f   brush.obj
 0001:0001ced0       SplitBrush                 000000014001ded0 f   brush.obj
 0001:0001d5e0       FilterBrushIntoTree_r      000000014001e5e0 f   brush.obj
 0001:0001d6b0       FilterDetailBrushesIntoTree 000000014001e6b0 f   brush.obj
 0001:0001d780       FilterStructuralBrushesIntoTree 000000014001e780 f   brush.obj
 0001:0001d850       ComputeAxisBase            000000014001e850 f   brush_primit.obj
 0001:0001d9f0       SetCloneModelNumbers       000000014001e9f0 f   bsp.obj
 0001:0001dd50       ProcessWorldModel          000000014001ed50 f   bsp.obj
 0001:0001e2d0       ProcessSubModel            000000014001f2d0 f   bsp.obj
 0001:0001e410       ProcessModels              000000014001f410 f   bsp.obj
 0001:0001e570       BSPMain                    000000014001f570 f   bsp.obj
 0001:000200d0       ProcessDecals              00000001400210d0 f   decals.obj
 0001:00021660       MakeEntityDecals           0000000140022660 f   decals.obj
 0001:00021990       FreeNode                   0000000140022990 f   decorations.obj
 0001:00021a00       FreeNodesArray             0000000140022a00 f   decorations.obj
 0001:00021b00       AddNextNode                0000000140022b00 f   decorations.obj
 0001:00021b90       AddNextNodeRandom          0000000140022b90 f   decorations.obj
 0001:00021c70       NewDecoreGroup             0000000140022c70 f   decorations.obj
 0001:00021d60       PopulateDecoreGroup        0000000140022d60 f   decorations.obj
 0001:00021e70       DecoreParseActions         0000000140022e70 f   decorations.obj
 0001:00022440       DecoreParseOptions         0000000140023440 f   decorations.obj
 0001:000228b0       LoadDecorationScript       00000001400238b0 f   decorations.obj
 0001:00022c20       EntityProcessActions       0000000140023c20 f   decorations.obj
 0001:00022dd0       MergeModelsForGroup        0000000140023dd0 f   decorations.obj
 0001:000233a0       ImportRtlights             00000001400243a0 f   decorations.obj
 0001:00023cb0       ProcessDecorations         0000000140024cb0 f   decorations.obj
 0001:00024380       BuildFaceTree_r            0000000140025380 f   facebsp.obj
 0001:00024660       FaceBSP                    0000000140025660 f   facebsp.obj
 0001:000247a0       MakeStructuralBSPFaceList  00000001400257a0 f   facebsp.obj
 0001:000248c0       MakeVisibleBSPFaceList     00000001400258c0 f   facebsp.obj
 0001:000249e0       DrawSurfToMesh             00000001400259e0 f   fog.obj
 0001:00024a70       SplitMeshByPlane           0000000140025a70 f   fog.obj
 0001:00025200       ChopPatchSurfaceByBrush    0000000140026200 f   fog.obj
 0001:00025440       WindingFromDrawSurf        0000000140026440 f   fog.obj
 0001:000255d0       ChopFaceSurfaceByBrush     00000001400265d0 f   fog.obj
 0001:00025850       FogDrawSurfaces            0000000140026850 f   fog.obj
 0001:00025a70       FogForBounds               0000000140026a70 f   fog.obj
 0001:00025c00       CreateMapFogs              0000000140026c00 f   fog.obj
 0001:00025f00       LeakFile                   0000000140026f00 f   leakfile.obj
 0001:00026150       PlaneEqual                 0000000140027150 f   map.obj
 0001:000261f0       CreateNewFloatPlane        00000001400271f0 f   map.obj
 0001:00026430       SnapNormal                 0000000140027430 f   map.obj
 0001:000264f0       FindFloatPlane             00000001400274f0 f   map.obj
 0001:000267f0       MapPlaneFromPoints         00000001400277f0 f   map.obj
 0001:000268f0       SetBrushContents           00000001400278f0 f   map.obj
 0001:000269d0       AddBrushBevels             00000001400279d0 f   map.obj
 0001:00027580       FinishBrush                0000000140028580 f   map.obj
 0001:000277d0       TextureAxisFromPlane       00000001400287d0 f   map.obj
 0001:000279a0       QuakeTextureVecs           00000001400289a0 f   map.obj
 0001:00028070       RemoveDuplicateBrushPlanes 0000000140029070 f   map.obj
 0001:000282d0       MoveBrushesToWorld         00000001400292d0 f   map.obj
 0001:000283c0       AdjustBrushesForOrigin     00000001400293c0 f   map.obj
 0001:00028500       SetEntityBounds            0000000140029500 f   map.obj
 0001:000286c0       LoadEntityIndexMap         00000001400296c0 f   map.obj
 0001:000292d0       LoadMapFile                000000014002a2d0 f   map.obj
 0001:0002a190       ParsePatch                 000000014002b190 f   patch.obj
 0001:0002a830       PatchMapDrawSurfs          000000014002b830 f   patch.obj
 0001:0002ae40       FreePortal                 000000014002be40 f   portals.obj
 0001:0002ae80       PortalPassable             000000014002be80 f   portals.obj
 0001:0002aee0       AddPortalToNodes           000000014002bee0 f   portals.obj
 0001:0002af50       RemovePortalFromNode       000000014002bf50 f   portals.obj
 0001:0002b000       MakeHeadnodePortals        000000014002c000 f   portals.obj
 0001:0002b2b0       BaseWindingForNode         000000014002c2b0 f   portals.obj
 0001:0002b3d0       MakeNodePortal             000000014002c3d0 f   portals.obj
 0001:0002b620       SplitNodePortals           000000014002c620 f   portals.obj
 0001:0002ba20       CalcNodeBounds             000000014002ca20 f   portals.obj
 0001:0002bad0       MakeTreePortals_r          000000014002cad0 f   portals.obj
 0001:0002bbf0       MakeTreePortals            000000014002cbf0 f   portals.obj
 0001:0002bc50       FloodPortals_r             000000014002cc50 f   portals.obj
 0001:0002bcf0       FloodEntities              000000014002ccf0 f   portals.obj
 0001:0002c110       FloodAreas_r               000000014002d110 f   portals.obj
 0001:0002c230       FindAreas_r                000000014002d230 f   portals.obj
 0001:0002c280       FloodSkyboxArea_r          000000014002d280 f   portals.obj
 0001:0002c2d0       FloodAreas                 000000014002d2d0 f   portals.obj
 0001:0002c380       FillOutside_r              000000014002d380 f   portals.obj
 0001:0002c3e0       FillOutside                000000014002d3e0 f   portals.obj
 0001:0002c4a0       WriteFloat                 000000014002d4a0 f   prtfile.obj
 0001:0002c530       WritePortalFile_r          000000014002d530 f   prtfile.obj
 0001:0002c760       WriteFaceFile_r            000000014002d760 f   prtfile.obj
 0001:0002c980       NumberLeafs_r              000000014002d980 f   prtfile.obj
 0001:0002ca40       NumberClusters             000000014002da40 f   prtfile.obj
 0001:0002cac0       WritePortalFile            000000014002dac0 f   prtfile.obj
 0001:0002cbd0       AllocDrawSurface           000000014002dbd0 f   surface.obj
 0001:0002cc80       CloneSurface               000000014002dc80 f   surface.obj
 0001:0002cd80       MakeSkyboxSurface          000000014002dd80 f   surface.obj
 0001:0002ce10       IsTriangleDegenerate       000000014002de10 f   surface.obj
 0001:0002cf00       ClearSurface               000000014002df00 f   surface.obj
 0001:0002cf60       TidyEntitySurfaces         000000014002df60 f   surface.obj
 0001:0002d0d0       CalcSurfaceTextureRange    000000014002e0d0 f   surface.obj
 0001:0002d340       CalcLightmapAxis           000000014002e340 f   surface.obj
 0001:0002d450       ClassifySurfaces           000000014002e450 f   surface.obj
 0001:0002d990       GetShaderIndexForPoint     000000014002e990 f   surface.obj
 0001:0002da80       GetIndexedShader           000000014002ea80 f   surface.obj
 0001:0002dca0       VectorCompareExt           000000014002eca0 f   surface.obj
 0001:0002dcf0       DrawSurfaceForMesh         000000014002ecf0 f   surface.obj
 0001:0002e840       DrawSurfaceForFlare        000000014002f840 f   surface.obj
 0001:0002e9c0       DrawSurfaceForShader       000000014002f9c0 f   surface.obj
 0001:0002ec40       ClipSideIntoTree_r         000000014002fc40 f   surface.obj
 0001:0002ed70       SideInBrush                000000014002fd70 f   surface.obj
 0001:0002ee70       CullSides                  000000014002fe70 f   surface.obj
 0001:0002f4f0       AddReferenceToLeaf         00000001400304f0 f   surface.obj
 0001:0002f5a0       AddReferenceToTree_r       00000001400305a0 f   surface.obj
 0001:0002f660       FilterPointIntoTree_r      0000000140030660 f   surface.obj
 0001:0002f740       FilterWindingIntoTree_r    0000000140030740 f   surface.obj
 0001:00030390       EmitDrawVerts              0000000140031390 f   surface.obj
 0001:000305f0       FindDrawIndexes            00000001400315f0 f   surface.obj
 0001:00030750       EmitDrawIndexes            0000000140031750 f   surface.obj
 0001:00030840       EmitFlareSurface           0000000140031840 f   surface.obj
 0001:00030990       EmitPatchSurface           0000000140031990 f   surface.obj
 0001:00031820       MakeDebugPortalSurfs       0000000140032820 f   surface.obj
 0001:00031860       MakeFogHullSurfs           0000000140032860 f   surface.obj
 0001:00031ca0       AddSurfaceModelsToTriangle_r 0000000140032ca0 f   surface.obj
 0001:000322c0       AddSurfaceModels           00000001400332c0 f   surface.obj
 0001:000329e0       AddEntitySurfaceModels     00000001400339e0 f   surface.obj
 0001:00032d30       FixVertexAlpha             0000000140033d30 f   surface.obj
 0001:00033190       FilterDrawsurfsIntoTree    0000000140034190 f   surface.obj
 0001:00033930       ClassifyEntitySurfaces     0000000140034930 f   surface.obj
 0001:00033a80       DrawSurfaceForSide         0000000140034a80 f   surface.obj
 0001:00034610       SubdivideFaceSurfaces      0000000140035610 f   surface.obj
 0001:00034990       ClipSidesIntoTree          0000000140035990 f   surface.obj
 0001:00034f70       Foliage                    0000000140035f70 f   surface_foliage.obj
 0001:00035500       Fur                        0000000140036500 f   surface_fur.obj
 0001:00035740       ClearMetaTriangles         0000000140036740 f   surface_meta.obj
 0001:00035900       FindMetaTriangle           0000000140036900 f   surface_meta.obj
 0001:00035dd0       TriangulatePatchSurface    0000000140036dd0 f   surface_meta.obj
 0001:000360f0       FanFaceSurface             00000001400370f0 f   surface_meta.obj
 0001:00036430       StripFaceSurface           0000000140037430 f   surface_meta.obj
 0001:00036790       EmitMetaStats              0000000140037790 f   surface_meta.obj
 0001:00036840       MakeEntityMetaTriangles    0000000140037840 f   surface_meta.obj
 0001:00036a40       SmoothMetaTriangles        0000000140037a40 f   surface_meta.obj
 0001:00037430       AddMetaVertToSurface       0000000140038430 f   surface_meta.obj
 0001:00038190       MergeMetaTriangles         0000000140039190 f   surface_meta.obj
 0001:00038320       InsertPointOnEdge          0000000140039320 f   tjunction.obj
 0001:00038450       AddEdge                    0000000140039450 f   tjunction.obj
 0001:00038840       AddSurfaceEdges            0000000140039840 f   tjunction.obj
 0001:000388d0       ColinearEdge               00000001400398d0 f   tjunction.obj
 0001:000389f0       AddPatchEdges              00000001400399f0 f   tjunction.obj
 0001:00038be0       FixSurfaceJunctions        0000000140039be0 f   tjunction.obj
 0001:00039200       FixBrokenSurface           000000014003a200 f   tjunction.obj
 0001:00039480       EdgeCompare                000000014003a480 f   tjunction.obj
 0001:00039490       FixTJunctions              000000014003a490 f   tjunction.obj
 0001:00039700       FreeTreePortals_r          000000014003a700 f   tree.obj
 0001:000397a0       FreeTree_r                 000000014003a7a0 f   tree.obj
 0001:000397f0       FreeTree                   000000014003a7f0 f   tree.obj
 0001:00039850       EmitShader                 000000014003a850 f   writebsp.obj
 0001:000399c0       EmitPlanes                 000000014003a9c0 f   writebsp.obj
 0001:00039b10       EmitLeaf                   000000014003ab10 f   writebsp.obj
 0001:00039c90       EmitDrawNode_r             000000014003ac90 f   writebsp.obj
 0001:00039dd0       SetModelNumbers            000000014003add0 f   writebsp.obj
 0001:00039e70       SetLightStyles             000000014003ae70 f   writebsp.obj
 0001:0003a110       BeginBSPFile               000000014003b110 f   writebsp.obj
 0001:0003a180       EndBSPFile                 000000014003b180 f   writebsp.obj
 0001:0003a1f0       EmitBrushes                000000014003b1f0 f   writebsp.obj
 0001:0003a4d0       EmitFogs                   000000014003b4d0 f   writebsp.obj
 0001:0003a5f0       BeginModel                 000000014003b5f0 f   writebsp.obj
 0001:0003a910       EndModel                   000000014003b910 f   writebsp.obj
 0001:0003af80       CreateEntityLights         000000014003bf80 f   light.obj
 0001:0003b7e0       CreateSurfaceLights        000000014003c7e0 f   light.obj
 0001:0003bb40       SetEntityOrigins           000000014003cb40 f   light.obj
 0001:0003bcf0       PointToPolygonFormFactor   000000014003ccf0 f   light.obj
 0001:0003bff0       LightContribution          000000014003cff0 f   light.obj
 0001:0003c780       LightContributionAllStyles 000000014003d780 f   light.obj
 0001:0003ca00       TraceGrid                  000000014003da00 f   light.obj
 0001:0003d2d0       SetupGrid                  000000014003e2d0 f   light.obj
 0001:0003d760       LightWorld                 000000014003e760 f   light.obj
 0001:0003df70       LightMain                  000000014003ef70 f   light.obj
 0001:0003fdb0       RadFreeLights              0000000140040db0 f   light_bounce.obj
 0001:000401f0       RadSampleImage             00000001400411f0 f   light_bounce.obj
 0001:00041380       RadLightForTriangles       0000000140042380 f   light_bounce.obj
 0001:00041550       RadLightForPatch           0000000140042550 f   light_bounce.obj
 0001:00041ac0       RadLight                   0000000140042ac0 f   light_bounce.obj
 0001:00041c30       RadCreateDiffuseLights     0000000140042c30 f   light_bounce.obj
 0001:00042470       ClipTraceWinding           0000000140043470 f   light_trace.obj
 0001:00044070       SetupTraceNodes            0000000140045070 f   light_trace.obj
 0001:000442a0       TraceTriangle              00000001400452a0 f   light_trace.obj
 0001:00044c80       TraceLine                  0000000140045c80 f   light_trace.obj
 0001:00044e40       SetupTrace                 0000000140045e40 f   light_trace.obj
 0001:00044eb0       ColorToBytes               0000000140045eb0 f   light_ydnar.obj
 0001:00045100       SmoothNormals              0000000140046100 f   light_ydnar.obj
 0001:00045fc0       EnableDirtForEntity        0000000140046fc0 f   light_ydnar.obj
 0001:00046060       SetupDirtForEntity         0000000140047060 f   light_ydnar.obj
 0001:000466c0       SetupDirt                  00000001400476c0 f   light_ydnar.obj
 0001:00046950       DirtForSample              0000000140047950 f   light_ydnar.obj
 0001:00047190       DirtyRawLightmap           0000000140048190 f   light_ydnar.obj
 0001:00047790       ApplyDirt                  0000000140048790 f   light_ydnar.obj
 0001:00047d30       SetupSkyLightAmbient       0000000140048d30 f   light_ydnar.obj
 0001:00047d80       SkyLightAmbientIlluminateLightmap 0000000140048d80 f   light_ydnar.obj
 0001:00048220       SetupBrushes               0000000140049220 f   light_ydnar.obj
 0001:000483c0       ClusterVisible             00000001400493c0 f   light_ydnar.obj
 0001:00048480       PointInLeafNum_r           0000000140049480 f   light_ydnar.obj
 0001:00048590       ClusterForPointExt         0000000140049590 f   light_ydnar.obj
 0001:000488c0       ClusterForPointExtFilter   00000001400498c0 f   light_ydnar.obj
 0001:00048930       SetupEnvelopes             0000000140049930 f   light_ydnar.obj
 0001:000491c0       CreateTraceLightsForBounds 000000014004a1c0 f   light_ydnar.obj
 0001:00049530       CreateTraceLightsForSurface 000000014004a530 f   light_ydnar.obj
 0001:000496a0       SetupFloodLight            000000014004a6a0 f   light_ydnar.obj
 0001:000499c0       FloodLightForSample        000000014004a9c0 f   light_ydnar.obj
 0001:00049d70       FloodlightIlluminateLightmap 000000014004ad70 f   light_ydnar.obj
 0001:0004b530       MapRawLightmap             000000014004c530 f   light_ydnar.obj
 0001:0004cb20       IlluminateRawLightmap      000000014004db20 f   light_ydnar.obj
 0001:0004e980       IlluminateVertexes         000000014004f980 f   light_ydnar.obj
 0001:0004fb50       WriteTGA24                 0000000140050b50 f   lightmaps_ydnar.obj
 0001:0004fcd0       ExportLightmaps            0000000140050cd0 f   lightmaps_ydnar.obj
 0001:0004fe10       ExportLightmapsMain        0000000140050e10 f   lightmaps_ydnar.obj
 0001:0004fea0       ImportLightmapsMain        0000000140050ea0 f   lightmaps_ydnar.obj
 0001:00050210       LoadRawLightmap            0000000140051210 f   lightmaps_ydnar.obj
 0001:000503d0       StoreRawLightmap           00000001400513d0 f   lightmaps_ydnar.obj
 0001:000503f0       FinishRawLightmap          00000001400513f0 f   lightmaps_ydnar.obj
 0001:00050a20       AddPatchToRawLightmap      0000000140051a20 f   lightmaps_ydnar.obj
 0001:00051000       AddSurfaceToRawLightmap    0000000140052000 f   lightmaps_ydnar.obj
 0001:00051b00       SetupSurfaceLightmaps      0000000140052b00 f   lightmaps_ydnar.obj
 0001:00052510       AllocateSurfaceLightmaps   0000000140053510 f   lightmaps_ydnar.obj
 0001:00052720       FixMetaTJunctions          0000000140053720 f   surface_meta.obj
 0001:00052720       LittleFloat                0000000140053720 f   cmdlib.obj
 0001:00052720       _pico_little_float         0000000140053720 f   picomodel:picointernal.obj
 0001:00052720       StitchSurfaceLightmaps     0000000140053720 f   lightmaps_ydnar.obj
 0001:00052720       ?jpeg_mem_term@@YAXPEAUjpeg_common_struct@@@Z 0000000140053720 f   jpeg6:jmemnobs.obj
 0001:00052720       DiskCacheTest              0000000140053720 f   diskcache.obj
 0001:00053f50       StoreSurfaceLightmaps      0000000140054f50 f   lightmaps_ydnar.obj
 0001:00056610       PlaneFromWinding           0000000140057610 f   vis.obj
 0001:00056700       PComp                      0000000140057700 f   vis.obj
 0001:00056730       SortPortals                0000000140057730 f   vis.obj
 0001:000567a0       LeafVectorFromPortalVector 00000001400577a0 f   vis.obj
 0001:000568d0       ClusterMerge               00000001400578d0 f   vis.obj
 0001:00056ad0       CalcPassageVis             0000000140057ad0 f   vis.obj
 0001:00056b40       CalcPassagePortalVis       0000000140057b40 f   vis.obj
 0001:00056bb0       CalcVis                    0000000140057bb0 f   vis.obj
 0001:00056d70       SetPortalSphere            0000000140057d70 f   vis.obj
 0001:00056f30       TryMergeLeaves             0000000140057f30 f   vis.obj
 0001:00057290       MergeLeaves                0000000140058290 f   vis.obj
 0001:000573f0       TryMergeWinding            00000001400583f0 f   vis.obj
 0001:000578e0       MergeLeafPortals           00000001400588e0 f   vis.obj
 0001:00057ae0       LoadPortals                0000000140058ae0 f   vis.obj
 0001:00058350       VisMain                    0000000140059350 f   vis.obj
 0001:00058790       CountBits                  0000000140059790 f   visflow.obj
 0001:000587c0       FreeStackWinding           00000001400597c0 f   visflow.obj
 0001:00058830       VisChopWinding             0000000140059830 f   visflow.obj
 0001:00058cd0       ClipToSeperators           0000000140059cd0 f   visflow.obj
 0001:00059380       RecursiveLeafFlow          000000014005a380 f   visflow.obj
 0001:00059a40       PortalFlow                 000000014005aa40 f   visflow.obj
 0001:00059c00       RecursivePassageFlow       000000014005ac00 f   visflow.obj
 0001:00059e80       PassageFlow                000000014005ae80 f   visflow.obj
 0001:00059f50       RecursivePassagePortalFlow 000000014005af50 f   visflow.obj
 0001:0005a620       PassagePortalFlow          000000014005b620 f   visflow.obj
 0001:0005a6f0       PassageChopWinding         000000014005b6f0 f   visflow.obj
 0001:0005aa30       AddSeperators              000000014005ba30 f   visflow.obj
 0001:0005b090       CreatePassages             000000014005c090 f   visflow.obj
 0001:0005b6a0       PassageMemory              000000014005c6a0 f   visflow.obj
 0001:0005b760       SimpleFlood                000000014005c760 f   visflow.obj
 0001:0005b860       BasePortalVis              000000014005c860 f   visflow.obj
 0001:0005be00       FindVertexInCollapsedMesh  000000014005ce00 f   convert_ase.obj
 0001:0005d270       ConvertBSPToASE            000000014005e270 f   convert_ase.obj
 0001:0005dcc0       ConvertBSPToMap            000000014005ecc0 f   convert_map.obj
 0001:0005df7a       g_free                     000000014005ef7a f   glib-2.0:libglib-2.0-0.dll
 0001:0005df80       g_locale_to_utf8           000000014005ef80 f   glib-2.0:libglib-2.0-0.dll
 0001:0005df86       g_strdown                  000000014005ef86 f   glib-2.0:libglib-2.0-0.dll
 0001:0005df8c       g_slist_append             000000014005ef8c f   glib-2.0:libglib-2.0-0.dll
 0001:0005df92       g_dir_close                000000014005ef92 f   glib-2.0:libglib-2.0-0.dll
 0001:0005df98       g_strdup                   000000014005ef98 f   glib-2.0:libglib-2.0-0.dll
 0001:0005df9e       g_dir_read_name_utf8       000000014005ef9e f   glib-2.0:libglib-2.0-0.dll
 0001:0005dfa4       g_dir_open_utf8            000000014005efa4 f   glib-2.0:libglib-2.0-0.dll
 0001:0005dfaa       xmlNodeSetContent          000000014005efaa f   libxml2:libxml2-2.dll
 0001:0005dfb0       xmlNewNode                 000000014005efb0 f   libxml2:libxml2-2.dll
 0001:0005dfb6       xmlBufferFree              000000014005efb6 f   libxml2:libxml2-2.dll
 0001:0005dfbc       xmlNodeDump                000000014005efbc f   libxml2:libxml2-2.dll
 0001:0005dfc2       xmlBufferCreate            000000014005efc2 f   libxml2:libxml2-2.dll
 0001:0005dfc8       xmlAddChild                000000014005efc8 f   libxml2:libxml2-2.dll
 0001:0005dfce       xmlSetProp                 000000014005efce f   libxml2:libxml2-2.dll
 0001:0005dfd4       xmlNewDocRawNode           000000014005efd4 f   libxml2:libxml2-2.dll
 0001:0005dfda       xmlNewDoc                  000000014005efda f   libxml2:libxml2-2.dll
 0001:0005dfe0       png_get_io_ptr             000000014005efe0 f   libpng:libpng14-14.dll
 0001:0005dfe6       png_destroy_read_struct    000000014005efe6 f   libpng:libpng14-14.dll
 0001:0005dfec       png_read_image             000000014005efec f   libpng:libpng14-14.dll
 0001:0005dff2       png_set_filler             000000014005eff2 f   libpng:libpng14-14.dll
 0001:0005dff8       png_set_strip_16           000000014005eff8 f   libpng:libpng14-14.dll
 0001:0005dffe       png_set_expand             000000014005effe f   libpng:libpng14-14.dll
 0001:0005e004       png_get_valid              000000014005f004 f   libpng:libpng14-14.dll
 0001:0005e00a       png_get_channels           000000014005f00a f   libpng:libpng14-14.dll
 0001:0005e010       png_get_IHDR               000000014005f010 f   libpng:libpng14-14.dll
 0001:0005e016       png_read_info              000000014005f016 f   libpng:libpng14-14.dll
 0001:0005e01c       png_set_read_fn            000000014005f01c f   libpng:libpng14-14.dll
 0001:0005e022       png_create_info_struct     000000014005f022 f   libpng:libpng14-14.dll
 0001:0005e028       png_create_read_struct     000000014005f028 f   libpng:libpng14-14.dll
 0001:0005e02e       png_sig_cmp                000000014005f02e f   libpng:libpng14-14.dll
 0001:0005e040       DDSLittleLong              000000014005f040 f   ddslib:ddslib.obj
 0001:0005e050       DDSLittleShort             000000014005f050 f   ddslib:ddslib.obj
 0001:0005e0c0       DDSGetInfo                 000000014005f0c0 f   ddslib:ddslib.obj
 0001:0005ec60       DDSDecompress              000000014005fc60 f   ddslib:ddslib.obj
 0001:0005ed80       LoadJPGBuff                000000014005fd80 f   jpeg6:jpgload.obj
 0001:0005ef70       jpeg_create_decompress     000000014005ff70 f   jpeg6:jdapimin.obj
 0001:0005f020       jpeg_destroy_decompress    0000000140060020 f   jpeg6:jdapimin.obj
 0001:0005f200       jpeg_consume_input         0000000140060200 f   jpeg6:jdapimin.obj
 0001:0005f2f0       jpeg_finish_decompress     00000001400602f0 f   jpeg6:jdapimin.obj
 0001:0005f3c0       jpeg_read_header           00000001400603c0 f   jpeg6:jdapimin.obj
 0001:0005f4d0       jpeg_read_scanlines        00000001400604d0 f   jpeg6:jdapistd.obj
 0001:0005f5a0       jpeg_start_decompress      00000001400605a0 f   jpeg6:jdapistd.obj
 0001:0005f710       jpeg_stdio_src             0000000140060710 f   jpeg6:jdatasrc.obj
 0001:0005f960       jpeg_std_error             0000000140060960 f   jpeg6:jerror.obj
 0001:00060070       jinit_input_controller     0000000140061070 f   jpeg6:jdinput.obj
 0001:00061c40       jpeg_resync_to_restart     0000000140062c40 f   jpeg6:jdmarker.obj
 0001:00061da0       jinit_marker_reader        0000000140062da0 f   jpeg6:jdmarker.obj
 0001:00062bf0       jinit_memory_mgr           0000000140063bf0 f   jpeg6:jmemmgr.obj
 0001:00062d60       jpeg_abort                 0000000140063d60 f   jpeg6:jcomapi.obj
 0001:00062da0       jpeg_destroy               0000000140063da0 f   jpeg6:jcomapi.obj
 0001:00062de0       jpeg_alloc_quant_table     0000000140063de0 f   jpeg6:jcomapi.obj
 0001:00062e00       jpeg_alloc_huff_table      0000000140063e00 f   jpeg6:jcomapi.obj
 0001:00062e30       jpeg_calc_output_dimensions 0000000140063e30 f   jpeg6:jdmaster.obj
 0001:000632c0       jinit_master_decompress    00000001400642c0 f   jpeg6:jdmaster.obj
 0001:00063310       jdiv_round_up              0000000140064310 f   jpeg6:jutils.obj
 0001:00063320       jround_up                  0000000140064320 f   jpeg6:jutils.obj
 0001:00063340       jcopy_sample_rows          0000000140064340 f   jpeg6:jutils.obj
 0001:000633b0       jzero_far                  00000001400643b0 f   jpeg6:jutils.obj
 0001:000633c0       ?jpeg_get_small@@YAPEAXPEAUjpeg_common_struct@@_K@Z 00000001400643c0 f   jpeg6:jmemnobs.obj
 0001:000633c0       ?jpeg_get_large@@YAPEAXPEAUjpeg_common_struct@@_K@Z 00000001400643c0 f   jpeg6:jmemnobs.obj
 0001:000633d0       ?jpeg_free_small@@YAXPEAUjpeg_common_struct@@PEAX_K@Z 00000001400643d0 f   jpeg6:jmemnobs.obj
 0001:000633d0       ?jpeg_free_large@@YAXPEAUjpeg_common_struct@@PEAX_K@Z 00000001400643d0 f   jpeg6:jmemnobs.obj
 0001:000633e0       ?jpeg_mem_available@@YAJPEAUjpeg_common_struct@@JJJ@Z 00000001400643e0 f   jpeg6:jmemnobs.obj
 0001:000633f0       ?jpeg_open_backing_store@@YAXPEAUjpeg_common_struct@@PEAUbacking_store_struct@@J@Z 00000001400643f0 f   jpeg6:jmemnobs.obj
 0001:00063400       ?jpeg_mem_init@@YAJPEAUjpeg_common_struct@@@Z 0000000140064400 f   jpeg6:jmemnobs.obj
 0001:00063b60       jinit_d_main_controller    0000000140064b60 f   jpeg6:jdmainct.obj
 0001:00063fc0       jinit_d_coef_controller    0000000140064fc0 f   jpeg6:jdcoefct.obj
 0001:000640e0       ?jpeg_make_d_derived_tbl@@YAXPEAUjpeg_decompress_struct@@PEAUJHUFF_TBL@@PEAPEAUd_derived_tbl@@@Z 00000001400650e0 f   jpeg6:jdhuff.obj
 0001:000642f0       ?jpeg_fill_bit_buffer@@YAEPEAUbitread_working_state@@HHH@Z 00000001400652f0 f   jpeg6:jdhuff.obj
 0001:00064420       ?jpeg_huff_decode@@YAHPEAUbitread_working_state@@HHPEAUd_derived_tbl@@H@Z 0000000140065420 f   jpeg6:jdhuff.obj
 0001:00064c10       jinit_huff_decoder         0000000140065c10 f   jpeg6:jdhuff.obj
 0001:00064f80       jinit_inverse_dct          0000000140065f80 f   jpeg6:jddctmgr.obj
 0001:00065180       jinit_d_post_controller    0000000140066180 f   jpeg6:jdpostct.obj
 0001:000658b0       jinit_upsampler            00000001400668b0 f   jpeg6:jdsample.obj
 0001:00066070       jinit_color_deconverter    0000000140067070 f   jpeg6:jdcolor.obj
 0001:00066210       ?jpeg_idct_float@@YAXPEAUjpeg_decompress_struct@@PEAUjpeg_component_info@@PEAFPEAPEAEI@Z 0000000140067210 f   jpeg6:jidctflt.obj
 0001:00066720       WinPrint                   0000000140067720 f   l_net:l_net.obj
 0001:00066730       Net_AllocSocket            0000000140067730 f   l_net:l_net.obj
 0001:00066760       Net_FreeSocket             0000000140067760 f   l_net:l_net.obj
 0001:00066770       Net_Connect                0000000140067770 f   l_net:l_net.obj
 0001:00066800       Net_Disconnect             0000000140067800 f   l_net:l_net.obj
 0001:00066820       Net_StringToAddress        0000000140067820 f   l_net:l_net.obj
 0001:00066840       Net_Setup                  0000000140067840 f   l_net:l_net.obj
 0001:00066870       NMSG_Clear                 0000000140067870 f   l_net:l_net.obj
 0001:00066880       NMSG_WriteLong             0000000140067880 f   l_net:l_net.obj
 0001:000668e0       NMSG_WriteString           00000001400678e0 f   l_net:l_net.obj
 0001:00066950       Net_Send                   0000000140067950 f   l_net:l_net.obj
 0001:000669a0       WINS_ErrorMessage          00000001400679a0 f   l_net:l_net_wins.obj
 0001:00066a00       WINS_MyAddress             0000000140067a00 f   l_net:l_net_wins.obj
 0001:00066a10       WINS_OpenSocket            0000000140067a10 f   l_net:l_net_wins.obj
 0001:00066b10       WINS_OpenReliableSocket    0000000140067b10 f   l_net:l_net_wins.obj
 0001:00066c50       WINS_CloseSocket           0000000140067c50 f   l_net:l_net_wins.obj
 0001:00066c90       WINS_Connect               0000000140067c90 f   l_net:l_net_wins.obj
 0001:00066d00       WINS_Write                 0000000140067d00 f   l_net:l_net_wins.obj
 0001:00066e20       WINS_AddrToString          0000000140067e20 f   l_net:l_net_wins.obj
 0001:00066ea0       WINS_StringToAddr          0000000140067ea0 f   l_net:l_net_wins.obj
 0001:00066f20       WINS_GetSocketAddr         0000000140067f20 f   l_net:l_net_wins.obj
 0001:00066f80       WINS_Init                  0000000140067f80 f   l_net:l_net_wins.obj
 0001:000670f0       VectorLength               00000001400680f0 f   mathlib:mathlib.obj
 0001:00067120       VectorCompare              0000000140068120 f   mathlib:mathlib.obj
 0001:00067170       VectorMA                   0000000140068170 f   mathlib:mathlib.obj
 0001:000671b0       VectorNormalize            00000001400681b0 f   mathlib:mathlib.obj
 0001:00067220       ColorNormalize             0000000140068220 f   mathlib:mathlib.obj
 0001:00067290       VectorInverse              0000000140068290 f   mathlib:mathlib.obj
 0001:000672c0       ClearBounds                00000001400682c0 f   mathlib:mathlib.obj
 0001:000672f0       AddPointToBounds           00000001400682f0 f   mathlib:mathlib.obj
 0001:00067350       PlaneFromPoints            0000000140068350 f   mathlib:mathlib.obj
 0001:00067450       NormalToLatLong            0000000140068450 f   mathlib:mathlib.obj
 0001:00067510       PlaneTypeForNormal         0000000140068510 f   mathlib:mathlib.obj
 0001:00067570       MakeNormalVectors          0000000140068570 f   mathlib:mathlib.obj
 0001:00067630       m4x4_identity              0000000140068630 f   mathlib:m4x4.obj
 0001:00067680       m4x4_assign                0000000140068680 f   mathlib:m4x4.obj
 0001:000676e0       m4x4_translation_for_vec3  00000001400686e0 f   mathlib:m4x4.obj
 0001:00067730       m4x4_scale_for_vec3        0000000140068730 f   mathlib:m4x4.obj
 0001:00067770       m4x4_multiply_by_m4x4      0000000140068770 f   mathlib:m4x4.obj
 0001:00067ae0       m4x4_premultiply_by_m4x4   0000000140068ae0 f   mathlib:m4x4.obj
 0001:00067e50       m4x4_transform_point       0000000140068e50 f   mathlib:m4x4.obj
 0001:00067ef0       m4x4_transform_normal      0000000140068ef0 f   mathlib:m4x4.obj
 0001:00067f80       m4x4_transpose             0000000140068f80 f   mathlib:m4x4.obj
 0001:00068080       m3_det                     0000000140069080 f   mathlib:m4x4.obj
 0001:00068110       m4_submat                  0000000140069110 f   mathlib:m4x4.obj
 0001:00068260       m4_det                     0000000140069260 f   mathlib:m4x4.obj
 0001:000682f0       m4x4_invert                00000001400692f0 f   mathlib:m4x4.obj
 0001:000683c0       m4x4_rotation_for_vec3     00000001400693c0 f   mathlib:m4x4.obj
 0001:00068980       m4x4_translate_by_vec3     0000000140069980 f   mathlib:m4x4.obj
 0001:000689b0       m4x4_rotate_by_vec3        00000001400699b0 f   mathlib:m4x4.obj
 0001:000689e0       m4x4_scale_by_vec3         00000001400699e0 f   mathlib:m4x4.obj
 0001:00068a10       m4x4_pivoted_transform_by_vec3 0000000140069a10 f   mathlib:m4x4.obj
 0001:00068ac0       PicoInit                   0000000140069ac0 f   picomodel:picomodel.obj
 0001:00068ad0       PicoSetMallocFunc          0000000140069ad0 f   picomodel:picomodel.obj
 0001:00068af0       PicoSetFreeFunc            0000000140069af0 f   picomodel:picomodel.obj
 0001:00068b10       PicoSetLoadFileFunc        0000000140069b10 f   picomodel:picomodel.obj
 0001:00068b30       PicoSetFreeFileFunc        0000000140069b30 f   picomodel:picomodel.obj
 0001:00068b50       PicoSetPrintFunc           0000000140069b50 f   picomodel:picomodel.obj
 0001:00068b70       PicoNewModel               0000000140069b70 f   picomodel:picomodel.obj
 0001:00068bc0       PicoAdjustModel            0000000140069bc0 f   picomodel:picomodel.obj
 0001:00068ca0       PicoNewShader              0000000140069ca0 f   picomodel:picomodel.obj
 0001:00068d80       PicoFreeShader             0000000140069d80 f   picomodel:picomodel.obj
 0001:00068dc0       PicoFindShader             0000000140069dc0 f   picomodel:picomodel.obj
 0001:00068eb0       PicoFreeSurface            0000000140069eb0 f   picomodel:picomodel.obj
 0001:00068f90       PicoAdjustSurface          0000000140069f90 f   picomodel:picomodel.obj
 0001:000692d0       PicoSetShaderName          000000014006a2d0 f   picomodel:picomodel.obj
 0001:000692d0       PicoSetModelName           000000014006a2d0 f   picomodel:picomodel.obj
 0001:00069310       PicoSetModelFrameNum       000000014006a310 f   picomodel:picomodel.obj
 0001:00069320       PicoSetModelNumFrames      000000014006a320 f   picomodel:picomodel.obj
 0001:00069330       PicoSetModelFileName       000000014006a330 f   picomodel:picomodel.obj
 0001:00069330       PicoSetShaderMapName       000000014006a330 f   picomodel:picomodel.obj
 0001:00069370       PicoSetShaderAmbientColor  000000014006a370 f   picomodel:picomodel.obj
 0001:000693a0       PicoSetShaderDiffuseColor  000000014006a3a0 f   picomodel:picomodel.obj
 0001:000693d0       PicoSetShaderSpecularColor 000000014006a3d0 f   picomodel:picomodel.obj
 0001:00069400       PicoSetShaderTransparency  000000014006a400 f   picomodel:picomodel.obj
 0001:00069440       PicoSetShaderShininess     000000014006a440 f   picomodel:picomodel.obj
 0001:00069480       PicoSetSurfaceType         000000014006a480 f   picomodel:picomodel.obj
 0001:00069490       PicoSetSurfaceName         000000014006a490 f   picomodel:picomodel.obj
 0001:000694d0       PicoSetSurfaceShader       000000014006a4d0 f   picomodel:picomodel.obj
 0001:000694e0       PicoSetSurfaceXYZ          000000014006a4e0 f   picomodel:picomodel.obj
 0001:00069570       PicoSetSurfaceNormal       000000014006a570 f   picomodel:picomodel.obj
 0001:000695e0       PicoSetSurfaceST           000000014006a5e0 f   picomodel:picomodel.obj
 0001:00069660       PicoSetSurfaceColor        000000014006a660 f   picomodel:picomodel.obj
 0001:00069710       PicoSetSurfaceIndex        000000014006a710 f   picomodel:picomodel.obj
 0001:00069770       PicoSetSurfaceSmoothingGroup 000000014006a770 f   picomodel:picomodel.obj
 0001:000697c0       PicoGetShaderMapName       000000014006a7c0 f   picomodel:picomodel.obj
 0001:000697c0       PicoGetModelFileName       000000014006a7c0 f   picomodel:picomodel.obj
 0001:000697e0       PicoGetModelFrameNum       000000014006a7e0 f   picomodel:picomodel.obj
 0001:000697f0       PicoGetModelShader         000000014006a7f0 f   picomodel:picomodel.obj
 0001:00069820       PicoGetModelNumSurfaces    000000014006a820 f   picomodel:picomodel.obj
 0001:00069830       PicoGetModelSurface        000000014006a830 f   picomodel:picomodel.obj
 0001:00069860       PicoGetModelName           000000014006a860 f   picomodel:picomodel.obj
 0001:00069860       PicoGetShaderName          000000014006a860 f   picomodel:picomodel.obj
 0001:00069880       PicoGetSurfaceType         000000014006a880 f   picomodel:picomodel.obj
 0001:00069890       PicoGetSurfaceShader       000000014006a890 f   picomodel:picomodel.obj
 0001:000698a0       PicoGetSurfaceNumVertexes  000000014006a8a0 f   picomodel:picomodel.obj
 0001:000698b0       PicoGetSurfaceXYZ          000000014006a8b0 f   picomodel:picomodel.obj
 0001:000698e0       PicoGetSurfaceNormal       000000014006a8e0 f   picomodel:picomodel.obj
 0001:00069910       PicoGetSurfaceST           000000014006a910 f   picomodel:picomodel.obj
 0001:00069940       PicoGetSurfaceColor        000000014006a940 f   picomodel:picomodel.obj
 0001:00069970       PicoGetSurfaceNumIndexes   000000014006a970 f   picomodel:picomodel.obj
 0001:00069980       PicoGetSurfaceIndexes      000000014006a980 f   picomodel:picomodel.obj
 0001:000699a0       PicoVertexCoordGenerateHash 000000014006a9a0 f   picomodel:picomodel.obj
 0001:00069ac0       PicoNewVertexCombinationHashTable 000000014006aac0 f   picomodel:picomodel.obj
 0001:00069af0       PicoFreeVertexCombinationHashTable 000000014006aaf0 f   picomodel:picomodel.obj
 0001:00069b70       PicoFindVertexCombinationInHashTable 000000014006ab70 f   picomodel:picomodel.obj
 0001:00069d30       PicoAddVertexCombinationToHashTable 000000014006ad30 f   picomodel:picomodel.obj
 0001:00069e20       PicoFindSurfaceVertexNum   000000014006ae20 f   picomodel:picomodel.obj
 0001:0006a120       indexarray_push_back       000000014006b120 f   picomodel:picomodel.obj
 0001:0006a130       indexarray_reserve         000000014006b130 f   picomodel:picomodel.obj
 0001:0006a160       indexarray_clear           000000014006b160 f   picomodel:picomodel.obj
 0001:0006a160       binarytree_clear           000000014006b160 f   picomodel:picomodel.obj
 0001:0006a170       binarytree_extend          000000014006b170 f   picomodel:picomodel.obj
 0001:0006a190       binarytree_size            000000014006b190 f   picomodel:picomodel.obj
 0001:0006a1a0       binarytree_reserve         000000014006b1a0 f   picomodel:picomodel.obj
 0001:0006a1d0       UniqueIndices_size         000000014006b1d0 f   picomodel:picomodel.obj
 0001:0006a1e0       UniqueIndices_reserve      000000014006b1e0 f   picomodel:picomodel.obj
 0001:0006a210       UniqueIndices_init         000000014006b210 f   picomodel:picomodel.obj
 0001:0006a220       UniqueIndices_destroy      000000014006b220 f   picomodel:picomodel.obj
 0001:0006a240       UniqueIndices_find_or_insert 000000014006b240 f   picomodel:picomodel.obj
 0001:0006a310       UniqueIndices_insert       000000014006b310 f   picomodel:picomodel.obj
 0001:0006a350       lessSmoothVertex           000000014006b350 f   picomodel:picomodel.obj
 0001:0006a3d0       _pico_vertices_combine_shared_normals 000000014006b3d0 f   picomodel:picomodel.obj
 0001:0006a520       _pico_triangles_generate_weighted_normals 000000014006b520 f   picomodel:picomodel.obj
 0001:0006a600       _pico_normals_zero         000000014006b600 f   picomodel:picomodel.obj
 0001:0006a640       _pico_normals_normalize    000000014006b640 f   picomodel:picomodel.obj
 0001:0006a680       _pico_length_vec           000000014006b680 f   picomodel:picomodel.obj
 0001:0006a6b0       _pico_normal_is_unit_length 000000014006b6b0 f   picomodel:picomodel.obj
 0001:0006a6f0       _pico_normal_within_tolerance 000000014006b6f0 f   picomodel:picomodel.obj
 0001:0006a720       _pico_normals_assign_generated_normals 000000014006b720 f   picomodel:picomodel.obj
 0001:0006a790       PicoFixSurfaceNormals      000000014006b790 f   picomodel:picomodel.obj
 0001:0006a830       PicoRemapModel             000000014006b830 f   picomodel:picomodel.obj
 0001:0006ad80       PicoModuleLoadModel        000000014006bd80 f   picomodel:picomodel.obj
 0001:0006ae60       PicoLoadModel              000000014006be60 f   picomodel:picomodel.obj
 0001:0006af40       PicoFreeModel              000000014006bf40 f   picomodel:picomodel.obj
 0001:0006b000       PicoNewSurface             000000014006c000 f   picomodel:picomodel.obj
 0001:0006b0a0       PicoAddTriangleToModel     000000014006c0a0 f   picomodel:picomodel.obj
 0001:0006b2f0       _pico_alloc                000000014006c2f0 f   picomodel:picointernal.obj
 0001:0006b350       _pico_calloc               000000014006c350 f   picomodel:picointernal.obj
 0001:0006b3c0       _pico_clone_alloc          000000014006c3c0 f   picomodel:picointernal.obj
 0001:0006b420       _pico_free                 000000014006c420 f   picomodel:picointernal.obj
 0001:0006b440       _pico_load_file            000000014006c440 f   picomodel:picointernal.obj
 0001:0006b460       _pico_free_file            000000014006c460 f   picomodel:picointernal.obj
 0001:0006b490       _pico_printf               000000014006c490 f   picomodel:picointernal.obj
 0001:0006b520       _pico_first_token          000000014006c520 f   picomodel:picointernal.obj
 0001:0006b550       _pico_strltrim             000000014006c550 f   picomodel:picointernal.obj
 0001:0006b5d0       _pico_strrtrim             000000014006c5d0 f   picomodel:picointernal.obj
 0001:0006b690       _pico_strlwr               000000014006c690 f   picomodel:picointernal.obj
 0001:0006b6c0       _pico_strchcount           000000014006c6c0 f   picomodel:picointernal.obj
 0001:0006b6f0       _pico_zero_bounds          000000014006c6f0 f   picomodel:picointernal.obj
 0001:0006b720       _pico_expand_bounds        000000014006c720 f   picomodel:picointernal.obj
 0001:0006b780       _pico_zero_vec             000000014006c780 f   picomodel:picointernal.obj
 0001:0006b790       _pico_zero_vec2            000000014006c790 f   picomodel:picointernal.obj
 0001:0006b7a0       _pico_set_vec              000000014006c7a0 f   picomodel:picointernal.obj
 0001:0006b7b0       _pico_copy_vec             000000014006c7b0 f   picomodel:picointernal.obj
 0001:0006b7d0       _pico_copy_vec2            000000014006c7d0 f   picomodel:picointernal.obj
 0001:0006b7e0       _pico_normalize_vec        000000014006c7e0 f   picomodel:picointernal.obj
 0001:0006b870       _pico_add_vec              000000014006c870 f   picomodel:picointernal.obj
 0001:0006b8a0       _pico_subtract_vec         000000014006c8a0 f   picomodel:picointernal.obj
 0001:0006b8d0       _pico_scale_vec            000000014006c8d0 f   picomodel:picointernal.obj
 0001:0006b900       dot                        000000014006c900 f   picomodel:vecmath.obj
 0001:0006b900       _pico_dot_vec              000000014006c900 f   picomodel:picointernal.obj
 0001:0006b930       _pico_set_color            000000014006c930 f   picomodel:picointernal.obj
 0001:0006b950       _pico_copy_color           000000014006c950 f   picomodel:picointernal.obj
 0001:0006b970       _pico_stristr              000000014006c970 f   picomodel:picointernal.obj
 0001:0006b9f0       _pico_unixify              000000014006c9f0 f   picomodel:picointernal.obj
 0001:0006ba20       _pico_nopath               000000014006ca20 f   picomodel:picointernal.obj
 0001:0006bac0       _pico_setfext              000000014006cac0 f   picomodel:picointernal.obj
 0001:0006bb90       _pico_new_parser           000000014006cb90 f   picomodel:picointernal.obj
 0001:0006bc60       _pico_free_parser          000000014006cc60 f   picomodel:picointernal.obj
 0001:0006bc90       _pico_parse_ex             000000014006cc90 f   picomodel:picointernal.obj
 0001:0006bdf0       _pico_parse_first          000000014006cdf0 f   picomodel:picointernal.obj
 0001:0006be30       _pico_parse                000000014006ce30 f   picomodel:picointernal.obj
 0001:0006be60       _pico_parse_skip_rest      000000014006ce60 f   picomodel:picointernal.obj
 0001:0006be90       _pico_parse_skip_braced    000000014006ce90 f   picomodel:picointernal.obj
 0001:0006bf40       _pico_parse_check          000000014006cf40 f   picomodel:picointernal.obj
 0001:0006bfa0       _pico_parse_int            000000014006cfa0 f   picomodel:picointernal.obj
 0001:0006bff0       _pico_parse_float          000000014006cff0 f   picomodel:picointernal.obj
 0001:0006c040       _pico_parse_vec            000000014006d040 f   picomodel:picointernal.obj
 0001:0006c0e0       _pico_parse_vec2           000000014006d0e0 f   picomodel:picointernal.obj
 0001:0006c180       _pico_new_memstream        000000014006d180 f   picomodel:picointernal.obj
 0001:0006c1e0       _pico_free_memstream       000000014006d1e0 f   picomodel:picointernal.obj
 0001:0006c200       _pico_memstream_read       000000014006d200 f   picomodel:picointernal.obj
 0001:0006c290       _pico_memstream_getc       000000014006d290 f   picomodel:picointernal.obj
 0001:0006c2d0       _pico_memstream_seek       000000014006d2d0 f   picomodel:picointernal.obj
 0001:0006c360       _pico_memstream_tell       000000014006d360 f   picomodel:picointernal.obj
 0001:0006c380       _pico_realloc              000000014006d380 f   picomodel:picointernal.obj
 0001:0006c420       PicoModuleList             000000014006d420 f   picomodel:picomodules.obj
 0001:0006d0d0       _terrain_load_tga_buffer   000000014006e0d0 f   picomodel:pm_terrain.obj
 0001:00071010       _ase_get_submaterial_or_default 0000000140072010 f   picomodel:pm_ase.obj
 0001:00073e10       lwFreeLayer                0000000140074e10 f   picomodel:lwo2.obj
 0001:00073e60       lwFreeObject               0000000140074e60 f   picomodel:lwo2.obj
 0001:00073ed0       lwGetObject                0000000140074ed0 f   picomodel:lwo2.obj
 0001:00074420       lwValidateObject           0000000140075420 f   picomodel:lwo2.obj
 0001:000744f0       lwListFree                 00000001400754f0 f   picomodel:list.obj
 0001:00074520       lwListAdd                  0000000140075520 f   picomodel:list.obj
 0001:00074550       lwListInsert               0000000140075550 f   picomodel:list.obj
 0001:000745f0       lwFreeVMap                 00000001400755f0 f   picomodel:vmap.obj
 0001:00074660       lwGetVMap                  0000000140075660 f   picomodel:vmap.obj
 0001:000748c0       lwGetPointVMaps            00000001400758c0 f   picomodel:vmap.obj
 0001:00074a20       lwGetPolyVMaps             0000000140075a20 f   picomodel:vmap.obj
 0001:00074c00       lwFreePoints               0000000140075c00 f   picomodel:pntspols.obj
 0001:00074c90       lwFreePolygons             0000000140075c90 f   picomodel:pntspols.obj
 0001:00074d70       lwGetPoints                0000000140075d70 f   picomodel:pntspols.obj
 0001:00074f90       lwGetBoundingBox           0000000140075f90 f   picomodel:pntspols.obj
 0001:00075080       lwAllocPolygons            0000000140076080 f   picomodel:pntspols.obj
 0001:000751a0       lwGetPolygons              00000001400761a0 f   picomodel:pntspols.obj
 0001:00075370       lwGetPolyNormals           0000000140076370 f   picomodel:pntspols.obj
 0001:000754e0       lwGetPointPolygons         00000001400764e0 f   picomodel:pntspols.obj
 0001:00075640       lwResolvePolySurfaces      0000000140076640 f   picomodel:pntspols.obj
 0001:00075810       lwGetVertNormals           0000000140076810 f   picomodel:pntspols.obj
 0001:00075a90       lwFreeTags                 0000000140076a90 f   picomodel:pntspols.obj
 0001:00075b10       lwGetTags                  0000000140076b10 f   picomodel:pntspols.obj
 0001:00075c60       lwGetPolygonTags           0000000140076c60 f   picomodel:pntspols.obj
 0001:00075da0       lwFreePlugin               0000000140076da0 f   picomodel:surface.obj
 0001:00075df0       lwFreeTexture              0000000140076df0 f   picomodel:surface.obj
 0001:00075e80       lwFreeSurface              0000000140076e80 f   picomodel:surface.obj
 0001:00075f80       lwGetTHeader               0000000140076f80 f   picomodel:surface.obj
 0001:00076110       lwGetTMap                  0000000140077110 f   picomodel:surface.obj
 0001:00076340       lwGetImageMap              0000000140077340 f   picomodel:surface.obj
 0001:000765c0       lwGetProcedural            00000001400775c0 f   picomodel:surface.obj
 0001:00076760       lwGetGradient              0000000140077760 f   picomodel:surface.obj
 0001:00076a10       lwGetTexture               0000000140077a10 f   picomodel:surface.obj
 0001:00076b50       lwGetShader                0000000140077b50 f   picomodel:surface.obj
 0001:00076e20       lwDefaultSurface           0000000140077e20 f   picomodel:surface.obj
 0001:00076e90       lwGetSurface               0000000140077e90 f   picomodel:surface.obj
 0001:000774d0       lwFreeClip                 00000001400784d0 f   picomodel:clip.obj
 0001:000775a0       lwGetClip                  00000001400785a0 f   picomodel:clip.obj
 0001:00077a20       lwFreeEnvelope             0000000140078a20 f   picomodel:envelope.obj
 0001:00077aa0       lwGetEnvelope              0000000140078aa0 f   picomodel:envelope.obj
 0001:00077dd0       set_flen                   0000000140078dd0 f   picomodel:lwio.obj
 0001:00077de0       get_flen                   0000000140078de0 f   picomodel:lwio.obj
 0001:00077df0       revbytes                   0000000140078df0 f   picomodel:lwio.obj
 0001:00077e70       getbytes                   0000000140078e70 f   picomodel:lwio.obj
 0001:00077f20       getI2                      0000000140078f20 f   picomodel:lwio.obj
 0001:00077f20       getU2                      0000000140078f20 f   picomodel:lwio.obj
 0001:00077f80       getI4                      0000000140078f80 f   picomodel:lwio.obj
 0001:00077f80       getU4                      0000000140078f80 f   picomodel:lwio.obj
 0001:00077fe0       getU1                      0000000140078fe0 f   picomodel:lwio.obj
 0001:00078020       getVX                      0000000140079020 f   picomodel:lwio.obj
 0001:000780d0       getF4                      00000001400790d0 f   picomodel:lwio.obj
 0001:00078130       getS0                      0000000140079130 f   picomodel:lwio.obj
 0001:00078270       sgetI2                     0000000140079270 f   picomodel:lwio.obj
 0001:000782d0       sgetU2                     00000001400792d0 f   picomodel:lwio.obj
 0001:00078310       sgetU4                     0000000140079310 f   picomodel:lwio.obj
 0001:00078370       sgetVX                     0000000140079370 f   picomodel:lwio.obj
 0001:000783f0       sgetF4                     00000001400793f0 f   picomodel:lwio.obj
 0001:00078450       sgetS0                     0000000140079450 f   picomodel:lwio.obj
 0001:000788b0       lwGetSurface5              00000001400798b0 f   picomodel:lwob.obj
 0001:000792b0       lwGetPolygons5             000000014007a2b0 f   picomodel:lwob.obj
 0001:00079470       lwGetObject5               000000014007a470 f   picomodel:lwob.obj
 0001:000796f0       lwValidateObject5          000000014007a6f0 f   picomodel:lwob.obj
 0001:000797a0       cross                      000000014007a7a0 f   picomodel:vecmath.obj
 0001:000797a0       _pico_cross_vec            000000014007a7a0 f   picomodel:picointernal.obj
 0001:00079800       normalize                  000000014007a800 f   picomodel:vecmath.obj
 0001:0007984c       _time64                    000000014007a84c f   MSVCRT:MSVCR90.dll
 0001:00079852       realloc                    000000014007a852 f   MSVCRT:MSVCR90.dll
 0001:00079858       memset                     000000014007a858 f   MSVCRT:MSVCR90.dll
 0001:0007985e       free                       000000014007a85e f   MSVCRT:MSVCR90.dll
 0001:00079864       memcpy                     000000014007a864 f   MSVCRT:MSVCR90.dll
 0001:0007986a       ftell                      000000014007a86a f   MSVCRT:MSVCR90.dll
 0001:00079870       rename                     000000014007a870 f   MSVCRT:MSVCR90.dll
 0001:00079876       remove                     000000014007a876 f   MSVCRT:MSVCR90.dll
 0001:0007987c       sprintf                    000000014007a87c f   MSVCRT:MSVCR90.dll
 0001:00079882       atoi                       000000014007a882 f   MSVCRT:MSVCR90.dll
 0001:00079888       atof                       000000014007a888 f   MSVCRT:MSVCR90.dll
 0001:0007988e       sscanf                     000000014007a88e f   MSVCRT:MSVCR90.dll
 0001:00079894       strncmp                    000000014007a894 f   MSVCRT:MSVCR90.dll
 0001:000798a0       _localtime64               000000014007a8a0 f   MSVCRT:MSVCR90.dll
 0001:000798a6       fclose                     000000014007a8a6 f   MSVCRT:MSVCR90.dll
 0001:000798ac       fseek                      000000014007a8ac f   MSVCRT:MSVCR90.dll
 0001:000798b2       asctime                    000000014007a8b2 f   MSVCRT:MSVCR90.dll
 0001:000798b8       tmpnam                     000000014007a8b8 f   MSVCRT:MSVCR90.dll
 0001:000798be       _setjmp                    000000014007a8be f   MSVCRT:MSVCR90.dll
 0001:000798c4       rand                       000000014007a8c4 f   MSVCRT:MSVCR90.dll
 0001:000798ca       fwrite                     000000014007a8ca f   MSVCRT:MSVCR90.dll
 0001:000798d0       fopen                      000000014007a8d0 f   MSVCRT:MSVCR90.dll
 0001:000798d6       strstr                     000000014007a8d6 f   MSVCRT:MSVCR90.dll
 0001:000798dc       _onexit                    000000014007a8dc f   MSVCRT:atonexit.obj
 0001:0007998c       atexit                     000000014007a98c f   MSVCRT:atonexit.obj
 0001:000799a4       printf                     000000014007a9a4 f   MSVCRT:MSVCR90.dll
 0001:000799aa       srand                      000000014007a9aa f   MSVCRT:MSVCR90.dll
 0001:000799b0       sin                        000000014007a9b0 f   MSVCRT:MSVCR90.dll
 0001:000799b6       memmove                    000000014007a9b6 f   MSVCRT:MSVCR90.dll
 0001:000799bc       pow                        000000014007a9bc f   MSVCRT:MSVCR90.dll
 0001:000799c2       strchr                     000000014007a9c2 f   MSVCRT:MSVCR90.dll
 0001:000799c8       strncpy                    000000014007a9c8 f   MSVCRT:MSVCR90.dll
 0001:000799ce       exit                       000000014007a9ce f   MSVCRT:MSVCR90.dll
 0001:000799d4       powf                       000000014007a9d4 f   MSVCRT:MSVCR90.dll
 0001:000799da       sinf                       000000014007a9da f   MSVCRT:MSVCR90.dll
 0001:000799e0       cosf                       000000014007a9e0 f   MSVCRT:MSVCR90.dll
 0001:000799e6       fprintf                    000000014007a9e6 f   MSVCRT:MSVCR90.dll
 0001:000799ec       cos                        000000014007a9ec f   MSVCRT:MSVCR90.dll
 0001:000799f2       fputs                      000000014007a9f2 f   MSVCRT:MSVCR90.dll
 0001:000799f8       malloc                     000000014007a9f8 f   MSVCRT:MSVCR90.dll
 0001:000799fe       _getcwd                    000000014007a9fe f   MSVCRT:MSVCR90.dll
 0001:00079a04       strerror                   000000014007aa04 f   MSVCRT:MSVCR90.dll
 0001:00079a0a       _errno                     000000014007aa0a f   MSVCRT:MSVCR90.dll
 0001:00079a10       _mkdir                     000000014007aa10 f   MSVCRT:MSVCR90.dll
 0001:00079a16       fread                      000000014007aa16 f   MSVCRT:MSVCR90.dll
 0001:00079a1c       vsprintf                   000000014007aa1c f   MSVCRT:MSVCR90.dll
 0001:00079a22       fflush                     000000014007aa22 f   MSVCRT:MSVCR90.dll
 0001:00079a28       __iob_func                 000000014007aa28 f   MSVCRT:MSVCR90.dll
 0001:00079a2e       strrchr                    000000014007aa2e f   MSVCRT:MSVCR90.dll
 0001:00079a34       rewind                     000000014007aa34 f   MSVCRT:MSVCR90.dll
 0001:00079a3a       atan2                      000000014007aa3a f   MSVCRT:MSVCR90.dll
 0001:00079a40       atan2f                     000000014007aa40 f   MSVCRT:MSVCR90.dll
 0001:00079a46       acos                       000000014007aa46 f   MSVCRT:MSVCR90.dll
 0001:00079a4c       sscanf_s                   000000014007aa4c f   MSVCRT:MSVCR90.dll
 0001:00079a52       memcmp                     000000014007aa52 f   MSVCRT:MSVCR90.dll
 0001:00079a58       qsort                      000000014007aa58 f   MSVCRT:MSVCR90.dll
 0001:00079a5e       acosf                      000000014007aa5e f   MSVCRT:MSVCR90.dll
 0001:00079a64       exp                        000000014007aa64 f   MSVCRT:MSVCR90.dll
 0001:00079a6a       fscanf                     000000014007aa6a f   MSVCRT:MSVCR90.dll
 0001:00079d40       mainCRTStartup             000000014007ad40 f   MSVCRT:crtexe.obj
 0001:00079d52       stricmp                    000000014007ad52 f   MSVCRT:MSVCR90.dll
 0001:00079d52       _stricmp                   000000014007ad52 f   MSVCRT:MSVCR90.dll
 0001:00079d58       log                        000000014007ad58 f   MSVCRT:MSVCR90.dll
 0001:00079d5e       _strnicmp                  000000014007ad5e f   MSVCRT:MSVCR90.dll
 0001:00079d5e       strnicmp                   000000014007ad5e f   MSVCRT:MSVCR90.dll
 0001:00079d64       strdup                     000000014007ad64 f   MSVCRT:MSVCR90.dll
 0001:00079d64       _strdup                    000000014007ad64 f   MSVCRT:MSVCR90.dll
 0001:00079d6a       _access                    000000014007ad6a f   MSVCRT:MSVCR90.dll
 0001:00079d6a       access                     000000014007ad6a f   MSVCRT:MSVCR90.dll
 0001:00079d70       __C_specific_handler       000000014007ad70 f   MSVCRT:MSVCR90.dll
 0001:00079d76       _unlock                    000000014007ad76 f   MSVCRT:MSVCR90.dll
 0001:00079d7c       __dllonexit                000000014007ad7c f   MSVCRT:MSVCR90.dll
 0001:00079d82       _lock                      000000014007ad82 f   MSVCRT:MSVCR90.dll
 0001:00079d88       ?__CxxUnhandledExceptionFilter@@YAJPEAU_EXCEPTION_POINTERS@@@Z 000000014007ad88 f   MSVCRT:unhandld.obj
 0001:00079dcc       __CxxSetUnhandledExceptionFilter 000000014007adcc f   MSVCRT:unhandld.obj
 0001:00079de4       _amsg_exit                 000000014007ade4 f   MSVCRT:MSVCR90.dll
 0001:00079dec       _RTC_Initialize            000000014007adec f   MSVCRT:_initsect_.obj
 0001:00079e24       _RTC_Terminate             000000014007ae24 f   MSVCRT:_initsect_.obj
 0001:00079e5c       _XcptFilter                000000014007ae5c f   MSVCRT:MSVCR90.dll
 0001:00079e70       _ValidateImageBase         000000014007ae70 f   MSVCRT:pesect.obj
 0001:00079ea0       _FindPESection             000000014007aea0 f   MSVCRT:pesect.obj
 0001:00079ef0       _IsNonwritableInCurrentImage 000000014007aef0 f   MSVCRT:pesect.obj
 0001:00079f32       _initterm                  000000014007af32 f   MSVCRT:MSVCR90.dll
 0001:00079f38       _initterm_e                000000014007af38 f   MSVCRT:MSVCR90.dll
 0001:00079f40       _matherr                   000000014007af40 f   MSVCRT:merr.obj
 0001:00079f40       _setargv                   000000014007af40 f   MSVCRT:dllargv.obj
 0001:00079f44       __security_init_cookie     000000014007af44 f   MSVCRT:gs_support.obj
 0001:00079ff8       ?terminate@@YAXXZ          000000014007aff8 f   MSVCRT:MSVCR90.dll
[...]
 0001:0003fe10       RadClipWindingEpsilon      0000000140040e10 f   light_bounce.obj
 0001:00040310       RadSample                  0000000140041310 f   light_bounce.obj
 0001:000409e0       RadSubdivideDiffuseLight   00000001400419e0 f   light_bounce.obj
 0001:00041e40       AddTraceInfo               0000000140042e40 f   light_trace.obj
 0001:00041f40       AllocTraceNode             0000000140042f40 f   light_trace.obj
 0001:00042050       AddTraceWinding            0000000140043050 f   light_trace.obj
 0001:00042140       AddTraceTriangle           0000000140043140 f   light_trace.obj
 0001:00042280       AddItemToTraceNode         0000000140043280 f   light_trace.obj
 0001:00042340       SetupTraceNodes_r          0000000140043340 f   light_trace.obj
 0001:000429a0       FilterTraceWindingIntoNodes_r 00000001400439a0 f   light_trace.obj
 0001:00042c20       SubdivideTraceNode_r       0000000140043c20 f   light_trace.obj
 0001:00043190       TriangulateTraceNode_r     0000000140044190 f   light_trace.obj
 0001:00043410       PopulateWithBSPModel       0000000140044410 f   light_trace.obj
 0001:00043af0       PopulateWithPicoModel      0000000140044af0 f   light_trace.obj
 0001:00043d50       PopulateTraceNodes         0000000140044d50 f   light_trace.obj
 0001:00044a10       TraceLine_r                0000000140045a10 f   light_trace.obj
 0001:00045a70       CalcTangentVectors         0000000140046a70 f   light_ydnar.obj
 0001:00045e60       PerturbNormal              0000000140046e60 f   light_ydnar.obj
 0001:00049fd0       MapSingleLuxel             000000014004afd0 f   light_ydnar.obj
 0001:0004aa30       MapTriangle_r              000000014004ba30 f   light_ydnar.obj
 0001:0004aca0       MapTriangle                000000014004bca0 f   light_ydnar.obj
 0001:0004afc0       MapQuad_r                  000000014004bfc0 f   light_ydnar.obj
 0001:0004b300       MapQuad                    000000014004c300 f   light_ydnar.obj
 0001:0004c2b0       SubmapRawLuxel             000000014004d2b0 f   light_ydnar.obj
 0001:0004c630       SubsampleRawLuxel_r        000000014004d630 f   light_ydnar.obj
 0001:000501c0       CompareLightSurface        00000001400511c0 f   lightmaps_ydnar.obj
 0001:000519e0       CompareSurfaceInfo         00000001400529e0 f   lightmaps_ydnar.obj
 0001:00052720       ?term_source@@YAXPEAUjpeg_decompress_struct@@@Z 0000000140053720 f   lightmaps_ydnar.obj
 0001:00052720       ?start_pass_dcolor@@YAXPEAUjpeg_decompress_struct@@@Z 0000000140053720 f   lightmaps_ydnar.obj
 0001:00052730       CompareBSPLuxels           0000000140053730 f   lightmaps_ydnar.obj
 0001:00052b00       MergeBSPLuxels             0000000140053b00 f   lightmaps_ydnar.obj
 0001:00052d90       ApproximateLuxel           0000000140053d90 f   lightmaps_ydnar.obj
 0001:00052f90       ApproximateTriangle_r      0000000140053f90 f   lightmaps_ydnar.obj
 0001:00053140       ApproximateLightmap        0000000140054140 f   lightmaps_ydnar.obj
 0001:00053580       TestOutLightmapStamp       0000000140054580 f   lightmaps_ydnar.obj
 0001:00053710       SetupOutLightmap           0000000140054710 f   lightmaps_ydnar.obj
 0001:00053880       FindOutLightmaps           0000000140054880 f   lightmaps_ydnar.obj
 0001:00053e50       CompareRawLightmap         0000000140054e50 f   lightmaps_ydnar.obj
 0001:0005beb0       ConvertCollapsedSurface    000000014005ceb0 f   convert_ase.obj
 0001:0005c910       ConvertSurface             000000014005d910 f   convert_ase.obj
 0001:0005cf70       ConvertModel               000000014005df70 f   convert_ase.obj
 0001:0005d090       ConvertShader              000000014005e090 f   convert_ase.obj
 0001:0005d5e0       ConvertBrush               000000014005e5e0 f   convert_map.obj
 0001:0005d940       ConvertPatch               000000014005e940 f   convert_map.obj
 0001:0005db60       ConvertModel               000000014005eb60 f   convert_map.obj
 0001:0005e060       DDSDecodePixelFormat       000000014005f060 f   ddslib:ddslib.obj
 0001:0005e120       DDSGetColorBlockColors     000000014005f120 f   ddslib:ddslib.obj
 0001:0005e2f0       DDSDecodeColorBlock        000000014005f2f0 f   ddslib:ddslib.obj
 0001:0005e3d0       DDSDecodeAlphaExplicit     000000014005f3d0 f   ddslib:ddslib.obj
 0001:0005e4d0       DDSDecodeAlpha3BitLinear   000000014005f4d0 f   ddslib:ddslib.obj
 0001:0005e7d0       DDSDecompressDXT1          000000014005f7d0 f   ddslib:ddslib.obj
 0001:0005e8e0       DDSDecompressDXT3          000000014005f8e0 f   ddslib:ddslib.obj
 0001:0005ea60       DDSDecompressDXT5          000000014005fa60 f   ddslib:ddslib.obj
 0001:0005ebe0       DDSDecompressDXT2          000000014005fbe0 f   ddslib:ddslib.obj
 0001:0005ebf0       DDSDecompressDXT4          000000014005fbf0 f   ddslib:ddslib.obj
 0001:0005ec00       DDSDecompressARGB8888      000000014005fc00 f   ddslib:ddslib.obj
 0001:0005f030       ?default_decompress_parms@@YAXPEAUjpeg_decompress_struct@@@Z 0000000140060030 f   jpeg6:jdapimin.obj
 0001:0005f450       ?output_pass_setup@@YAEPEAUjpeg_decompress_struct@@@Z 0000000140060450 f   jpeg6:jdapistd.obj
 0001:0005f650       ?init_source@@YAXPEAUjpeg_decompress_struct@@@Z 0000000140060650 f   jpeg6:jdatasrc.obj
 0001:0005f660       ?fill_input_buffer@@YAEPEAUjpeg_decompress_struct@@@Z 0000000140060660 f   jpeg6:jdatasrc.obj
 0001:0005f6c0       ?skip_input_data@@YAXPEAUjpeg_decompress_struct@@J@Z 00000001400606c0 f   jpeg6:jdatasrc.obj
 0001:0005f7c0       ?error_exit@@YAXPEAUjpeg_common_struct@@@Z 00000001400607c0 f   jpeg6:jerror.obj
 0001:0005f7f0       ?output_message@@YAXPEAUjpeg_common_struct@@@Z 00000001400607f0 f   jpeg6:jerror.obj
 0001:0005f820       ?emit_message@@YAXPEAUjpeg_common_struct@@H@Z 0000000140060820 f   jpeg6:jerror.obj
 0001:0005f860       ?format_message@@YAXPEAUjpeg_common_struct@@PEAD@Z 0000000140060860 f   jpeg6:jerror.obj
 0001:0005f940       ?reset_error_mgr@@YAXPEAUjpeg_common_struct@@@Z 0000000140060940 f   jpeg6:jerror.obj
 0001:0005f9e0       ?initial_setup@@YAXPEAUjpeg_decompress_struct@@@Z 00000001400609e0 f   jpeg6:jdinput.obj
 0001:0005fbf0       ?per_scan_setup@@YAXPEAUjpeg_decompress_struct@@@Z 0000000140060bf0 f   jpeg6:jdinput.obj
 0001:0005fdd0       ?latch_quant_tables@@YAXPEAUjpeg_decompress_struct@@@Z 0000000140060dd0 f   jpeg6:jdinput.obj
 0001:0005fea0       ?start_input_pass@@YAXPEAUjpeg_decompress_struct@@@Z 0000000140060ea0 f   jpeg6:jdinput.obj
 0001:0005fef0       ?consume_markers@@YAHPEAUjpeg_decompress_struct@@@Z 0000000140060ef0 f   jpeg6:jdinput.obj
 0001:00060000       ?reset_input_controller@@YAXPEAUjpeg_decompress_struct@@@Z 0000000140061000 f   jpeg6:jdinput.obj
 0001:00060050       ?finish_input_pass@@YAXPEAUjpeg_decompress_struct@@@Z 0000000140061050 f   jpeg6:jdinput.obj
 0001:000600d0       ?get_soi@@YAEPEAUjpeg_decompress_struct@@@Z 00000001400610d0 f   jpeg6:jdmarker.obj
 0001:00060190       ?get_sof@@YAEPEAUjpeg_decompress_struct@@EE@Z 0000000140061190 f   jpeg6:jdmarker.obj
 0001:000604e0       ?get_sos@@YAEPEAUjpeg_decompress_struct@@@Z 00000001400614e0 f   jpeg6:jdmarker.obj
 0001:00060810       ?get_app0@@YAEPEAUjpeg_decompress_struct@@@Z 0000000140061810 f   jpeg6:jdmarker.obj
 0001:00060af0       ?get_app14@@YAEPEAUjpeg_decompress_struct@@@Z 0000000140061af0 f   jpeg6:jdmarker.obj
 0001:00060ce0       ?get_dac@@YAEPEAUjpeg_decompress_struct@@@Z 0000000140061ce0 f   jpeg6:jdmarker.obj
 0001:00060e90       ?get_dht@@YAEPEAUjpeg_decompress_struct@@@Z 0000000140061e90 f   jpeg6:jdmarker.obj
 0001:000611c0       ?get_dqt@@YAEPEAUjpeg_decompress_struct@@@Z 00000001400621c0 f   jpeg6:jdmarker.obj
 0001:00061440       ?get_dri@@YAEPEAUjpeg_decompress_struct@@@Z 0000000140062440 f   jpeg6:jdmarker.obj
 0001:00061560       ?skip_variable@@YAEPEAUjpeg_decompress_struct@@@Z 0000000140062560 f   jpeg6:jdmarker.obj
 0001:00061630       ?next_marker@@YAEPEAUjpeg_decompress_struct@@@Z 0000000140062630 f   jpeg6:jdmarker.obj
 0001:000617a0       ?first_marker@@YAEPEAUjpeg_decompress_struct@@@Z 00000001400627a0 f   jpeg6:jdmarker.obj
 0001:00061870       ?read_markers@@YAHPEAUjpeg_decompress_struct@@@Z 0000000140062870 f   jpeg6:jdmarker.obj
 0001:00061b90       ?read_restart_marker@@YAEPEAUjpeg_decompress_struct@@@Z 0000000140062b90 f   jpeg6:jdmarker.obj
 0001:00061d60       ?reset_marker_reader@@YAXPEAUjpeg_decompress_struct@@@Z 0000000140062d60 f   jpeg6:jdmarker.obj
 0001:00061e50       ?out_of_memory@@YAXPEAUjpeg_common_struct@@H@Z 0000000140062e50 f   jpeg6:jmemmgr.obj
 0001:00061e70       ?alloc_small@@YAPEAXPEAUjpeg_common_struct@@H_K@Z 0000000140062e70 f   jpeg6:jmemmgr.obj
 0001:00061ff0       ?alloc_large@@YAPEAXPEAUjpeg_common_struct@@H_K@Z 0000000140062ff0 f   jpeg6:jmemmgr.obj
 0001:000620d0       ?alloc_sarray@@YAPEAPEAEPEAUjpeg_common_struct@@HII@Z 00000001400630d0 f   jpeg6:jmemmgr.obj
 0001:000621c0       ?alloc_barray@@YAPEAPEAY0EA@FPEAUjpeg_common_struct@@HII@Z 00000001400631c0 f   jpeg6:jmemmgr.obj
 0001:000622d0       ?request_virt_sarray@@YAPEAUjvirt_sarray_control@@PEAUjpeg_common_struct@@HEIII@Z 00000001400632d0 f   jpeg6:jmemmgr.obj
 0001:00062380       ?request_virt_barray@@YAPEAUjvirt_barray_control@@PEAUjpeg_common_struct@@HEIII@Z 0000000140063380 f   jpeg6:jmemmgr.obj
 0001:00062430       ?realize_virt_arrays@@YAXPEAUjpeg_common_struct@@@Z 0000000140063430 f   jpeg6:jmemmgr.obj
 0001:00062610       ?do_sarray_io@@YAXPEAUjpeg_common_struct@@PEAUjvirt_sarray_control@@E@Z 0000000140063610 f   jpeg6:jmemmgr.obj
 0001:000626d0       ?do_barray_io@@YAXPEAUjpeg_common_struct@@PEAUjvirt_barray_control@@E@Z 00000001400636d0 f   jpeg6:jmemmgr.obj
 0001:00062790       ?access_virt_sarray@@YAPEAPEAEPEAUjpeg_common_struct@@PEAUjvirt_sarray_control@@IIE@Z 0000000140063790 f   jpeg6:jmemmgr.obj
 0001:000628f0       ?access_virt_barray@@YAPEAPEAY0EA@FPEAUjpeg_common_struct@@PEAUjvirt_barray_control@@IIE@Z 00000001400638f0 f   jpeg6:jmemmgr.obj
 0001:00062a50       ?free_pool@@YAXPEAUjpeg_common_struct@@H@Z 0000000140063a50 f   jpeg6:jmemmgr.obj
 0001:00062ba0       ?self_destruct@@YAXPEAUjpeg_common_struct@@@Z 0000000140063ba0 f   jpeg6:jmemmgr.obj
 0001:00062e20       ?use_merged_upsample@@YAEPEAUjpeg_decompress_struct@@@Z 0000000140063e20 f   jpeg6:jdmaster.obj
 0001:00062ee0       ?prepare_range_limit_table@@YAXPEAUjpeg_decompress_struct@@@Z 0000000140063ee0 f   jpeg6:jdmaster.obj
 0001:00062f90       ?master_selection@@YAXPEAUjpeg_decompress_struct@@@Z 0000000140063f90 f   jpeg6:jdmaster.obj
 0001:00063140       ?prepare_for_output_pass@@YAXPEAUjpeg_decompress_struct@@@Z 0000000140064140 f   jpeg6:jdmaster.obj
 0001:00063290       ?finish_output_pass@@YAXPEAUjpeg_decompress_struct@@@Z 0000000140064290 f   jpeg6:jdmaster.obj
 0001:00063400       ?dummy_consume_data@@YAHPEAUjpeg_decompress_struct@@@Z 0000000140064400 f   jpeg6:jmemnobs.obj
 0001:00063410       ?alloc_funny_pointers@@YAXPEAUjpeg_decompress_struct@@@Z 0000000140064410 f   jpeg6:jdmainct.obj
 0001:00063510       ?make_funny_pointers@@YAXPEAUjpeg_decompress_struct@@@Z 0000000140064510 f   jpeg6:jdmainct.obj
 0001:000636b0       ?set_wraparound_pointers@@YAXPEAUjpeg_decompress_struct@@@Z 00000001400646b0 f   jpeg6:jdmainct.obj
 0001:000637c0       ?set_bottom_pointers@@YAXPEAUjpeg_decompress_struct@@@Z 00000001400647c0 f   jpeg6:jdmainct.obj
 0001:00063890       ?process_data_simple_main@@YAXPEAUjpeg_decompress_struct@@PEAPEAEPEAII@Z 0000000140064890 f   jpeg6:jdmainct.obj
 0001:00063940       ?process_data_context_main@@YAXPEAUjpeg_decompress_struct@@PEAPEAEPEAII@Z 0000000140064940 f   jpeg6:jdmainct.obj
 0001:00063ad0       ?start_pass_main@@YAXPEAUjpeg_decompress_struct@@W4J_BUF_MODE@@@Z 0000000140064ad0 f   jpeg6:jdmainct.obj
 0001:00063c80       ?start_iMCU_row@@YAXPEAUjpeg_decompress_struct@@@Z 0000000140064c80 f   jpeg6:jdcoefct.obj
 0001:00063ce0       ?start_input_pass@@YAXPEAUjpeg_decompress_struct@@@Z 0000000140064ce0 f   jpeg6:jdcoefct.obj
 0001:00063cf0       ?start_output_pass@@YAXPEAUjpeg_decompress_struct@@@Z 0000000140064cf0 f   jpeg6:jdcoefct.obj
 0001:00063d00       ?decompress_onepass@@YAHPEAUjpeg_decompress_struct@@PEAPEAPEAE@Z 0000000140064d00 f   jpeg6:jdcoefct.obj
 0001:00064540       ?process_restart@@YAEPEAUjpeg_decompress_struct@@@Z 0000000140065540 f   jpeg6:jdhuff.obj
 0001:000645e0       ?decode_mcu@@YAEPEAUjpeg_decompress_struct@@PEAPEAY0EA@F@Z 00000001400655e0 f   jpeg6:jdhuff.obj
 0001:00064ab0       ?start_pass_huff_decoder@@YAXPEAUjpeg_decompress_struct@@@Z 0000000140065ab0 f   jpeg6:jdhuff.obj
 0001:00064c70       ?start_pass@@YAXPEAUjpeg_decompress_struct@@@Z 0000000140065c70 f   jpeg6:jddctmgr.obj
 0001:00065030       ?post_process_1pass@@YAXPEAUjpeg_decompress_struct@@PEAPEAPEAEPEAIIPEAPEAE2I@Z 0000000140066030 f   jpeg6:jdpostct.obj
 0001:000650e0       ?start_pass_dpost@@YAXPEAUjpeg_decompress_struct@@W4J_BUF_MODE@@@Z 00000001400660e0 f   jpeg6:jdpostct.obj
 0001:00065230       ?start_pass_upsample@@YAXPEAUjpeg_decompress_struct@@@Z 0000000140066230 f   jpeg6:jdsample.obj
 0001:00065250       ?sep_upsample@@YAXPEAUjpeg_decompress_struct@@PEAPEAPEAEPEAIIPEAPEAE2I@Z 0000000140066250 f   jpeg6:jdsample.obj
 0001:000653a0       ?fullsize_upsample@@YAXPEAUjpeg_decompress_struct@@PEAUjpeg_component_info@@PEAPEAEPEAPEAPEAE@Z 00000001400663a0 f   jpeg6:jdsample.obj
 0001:000653b0       ?noop_upsample@@YAXPEAUjpeg_decompress_struct@@PEAUjpeg_component_info@@PEAPEAEPEAPEAPEAE@Z 00000001400663b0 f   jpeg6:jdsample.obj
 0001:000653c0       ?int_upsample@@YAXPEAUjpeg_decompress_struct@@PEAUjpeg_component_info@@PEAPEAEPEAPEAPEAE@Z 00000001400663c0 f   jpeg6:jdsample.obj
 0001:00065520       ?h2v1_upsample@@YAXPEAUjpeg_decompress_struct@@PEAUjpeg_component_info@@PEAPEAEPEAPEAPEAE@Z 0000000140066520 f   jpeg6:jdsample.obj
 0001:00065590       ?h2v2_upsample@@YAXPEAUjpeg_decompress_struct@@PEAUjpeg_component_info@@PEAPEAEPEAPEAPEAE@Z 0000000140066590 f   jpeg6:jdsample.obj
 0001:00065650       ?h2v1_fancy_upsample@@YAXPEAUjpeg_decompress_struct@@PEAUjpeg_component_info@@PEAPEAEPEAPEAPEAE@Z 0000000140066650 f   jpeg6:jdsample.obj
 0001:00065740       ?h2v2_fancy_upsample@@YAXPEAUjpeg_decompress_struct@@PEAUjpeg_component_info@@PEAPEAEPEAPEAPEAE@Z 0000000140066740 f   jpeg6:jdsample.obj
 0001:00065b00       ?build_ycc_rgb_table@@YAXPEAUjpeg_decompress_struct@@@Z 0000000140066b00 f   jpeg6:jdcolor.obj
 0001:00065c00       ?ycc_rgb_convert@@YAXPEAUjpeg_decompress_struct@@PEAPEAPEAEIPEAPEAEH@Z 0000000140066c00 f   jpeg6:jdcolor.obj
 0001:00065da0       ?null_convert@@YAXPEAUjpeg_decompress_struct@@PEAPEAPEAEIPEAPEAEH@Z 0000000140066da0 f   jpeg6:jdcolor.obj
 0001:00065e60       ?grayscale_convert@@YAXPEAUjpeg_decompress_struct@@PEAPEAPEAEIPEAPEAEH@Z 0000000140066e60 f   jpeg6:jdcolor.obj
 0001:00065ea0       ?ycck_cmyk_convert@@YAXPEAUjpeg_decompress_struct@@PEAPEAPEAEIPEAPEAEH@Z 0000000140066ea0 f   jpeg6:jdcolor.obj
 0001:0006c450       _obj_canload               000000014006d450 f   picomodel:pm_obj.obj
 0001:0006c5b0       SizeObjVertexData          000000014006d5b0 f   picomodel:pm_obj.obj
 0001:0006c670       FreeObjVertexData          000000014006d670 f   picomodel:pm_obj.obj
 0001:0006c690       _obj_load                  000000014006d690 f   picomodel:pm_obj.obj
 0001:0006d5a0       _terrain_canload           000000014006e5a0 f   picomodel:pm_terrain.obj
 0001:0006d610       _terrain_load              000000014006e610 f   picomodel:pm_terrain.obj
 0001:0006ddf0       lwo_lwIDToStr              000000014006edf0 f   picomodel:pm_lwo.obj
 0001:0006de40       _lwo_canload               000000014006ee40 f   picomodel:pm_lwo.obj
 0001:0006deb0       _lwo_load                  000000014006eeb0 f   picomodel:pm_lwo.obj
 0001:0006e7b0       _fm_canload                000000014006f7b0 f   picomodel:pm_fm.obj
 0001:0006e8e0       _fm_load                   000000014006f8e0 f   picomodel:pm_fm.obj
 0001:0006f3c0       _md2_canload               00000001400703c0 f   picomodel:pm_md2.obj
 0001:0006f410       _md2_load                  0000000140070410 f   picomodel:pm_md2.obj
 0001:0006fe80       _mdc_canload               0000000140070e80 f   picomodel:pm_mdc.obj
 0001:0006fed0       _mdc_load                  0000000140070ed0 f   picomodel:pm_mdc.obj
 0001:000707b0       _ms3d_canload              00000001400717b0 f   picomodel:pm_ms3d.obj
 0001:00070830       GetWord                    0000000140071830 f   picomodel:pm_ms3d.obj
 0001:00070870       _ms3d_load                 0000000140071870 f   picomodel:pm_ms3d.obj
 0001:00070fa0       _ase_get_material          0000000140071fa0 f   picomodel:pm_ase.obj
 0001:00070fc0       _ase_get_submaterial       0000000140071fc0 f   picomodel:pm_ase.obj
 0001:00071070       _ase_add_material          0000000140072070 f   picomodel:pm_ase.obj
 0001:000710b0       _ase_add_submaterial       00000001400720b0 f   picomodel:pm_ase.obj
 0001:00071130       _ase_free_materials        0000000140072130 f   picomodel:pm_ase.obj
 0001:000711b0       _ase_canload               00000001400721b0 f   picomodel:pm_ase.obj
 0001:00071240       VectorCompareExtn          0000000140072240 f   picomodel:pm_ase.obj
 0001:00071290       _ase_submit_triangles      0000000140072290 f   picomodel:pm_ase.obj
 0001:000716d0       _ase_load                  00000001400726d0 f   picomodel:pm_ase.obj
 0001:00072ce0       _3ds_canload               0000000140073ce0 f   picomodel:pm_3ds.obj
 0001:00072d40       GetChunk                   0000000140073d40 f   picomodel:pm_3ds.obj
 0001:00072da0       GetASCIIZ                  0000000140073da0 f   picomodel:pm_3ds.obj
 0001:00072e30       GetByte                    0000000140073e30 f   picomodel:pm_3ds.obj
 0001:00072e50       GetWord                    0000000140073e50 f   picomodel:pm_3ds.obj
 0001:00072e90       GetFloat                   0000000140073e90 f   picomodel:pm_3ds.obj
 0001:00072ec0       GetMeshVertices            0000000140073ec0 f   picomodel:pm_3ds.obj
 0001:00072f50       GetMeshFaces               0000000140073f50 f   picomodel:pm_3ds.obj
 0001:00073010       GetMeshTexCoords           0000000140074010 f   picomodel:pm_3ds.obj
 0001:000730a0       GetMeshShader              00000001400740a0 f   picomodel:pm_3ds.obj
 0001:00073270       GetDiffuseColor            0000000140074270 f   picomodel:pm_3ds.obj
 0001:000732c0       DoNextEditorDataChunk      00000001400742c0 f   picomodel:pm_3ds.obj
 0001:00073540       DoNextChunk                0000000140074540 f   picomodel:pm_3ds.obj
 0001:00073600       _3ds_load                  0000000140074600 f   picomodel:pm_3ds.obj
 0001:00073710       _md3_canload               0000000140074710 f   picomodel:pm_md3.obj
 0001:00073760       _md3_load                  0000000140074760 f   picomodel:pm_md3.obj
 0001:00076d30       compare_textures           0000000140077d30 f   picomodel:surface.obj
 0001:00076d30       compare_shaders            0000000140077d30 f   picomodel:surface.obj
 0001:00076d60       add_texture                0000000140077d60 f   picomodel:surface.obj
 0001:00077a70       compare_keys               0000000140078a70 f   picomodel:envelope.obj
 0001:00078520       add_clip                   0000000140079520 f   picomodel:lwob.obj
 0001:000785d0       add_tvel                   00000001400795d0 f   picomodel:lwob.obj
 0001:00078750       get_texture                0000000140079750 f   picomodel:lwob.obj
 0001:00079a70       pre_cpp_init               000000014007aa70 f   MSVCRT:crtexe.obj
 0001:00079ad8       __tmainCRTStartup          000000014007aad8 f   MSVCRT:crtexe.obj
 0001:00079c58       pre_c_init                 000000014007ac58 f   MSVCRT:crtexe.obj
 0001:0007a0d0       _onexit$fin$0              000000014007b0d0 f   MSVCRT:atonexit.obj
 0001:0007a0e9       __tmainCRTStartup$filt$0   000000014007b0e9 f   MSVCRT:crtexe.obj
 0001:0007a110       _IsNonwritableInCurrentImage$filt$0 000000014007b110 f   MSVCRT:pesect.obj
