 bloodmap

 Timestamp is 53a0e5a8 (Wed Jun 18 05:04:40 2014)

 Preferred load address is 0000000140000000

 Start         Length     Name                   Class
 0001:00000000 00086a7eH .text                   CODE
 0001:00086a80 0000005eH .text$00                CODE
 0001:00086ae0 00000061H .text$x                 CODE
 0002:00000000 00000540H .idata$5                DATA
 0002:00000540 00000008H .CRT$XCA                DATA
 0002:00000548 00000008H .CRT$XCAA               DATA
 0002:00000550 00000008H .CRT$XCZ                DATA
 0002:00000558 00000008H .CRT$XIA                DATA
 0002:00000560 00000008H .CRT$XIAA               DATA
 0002:00000568 00000008H .CRT$XIY                DATA
 0002:00000570 00000008H .CRT$XIZ                DATA
 0002:00000580 000101f8H .rdata                  DATA
 0002:00010778 00000042H .rdata$debug            DATA
 0002:000107c0 00000008H .rtc$IAA                DATA
 0002:000107c8 00000008H .rtc$IZZ                DATA
 0002:000107d0 00000008H .rtc$TAA                DATA
 0002:000107d8 00000008H .rtc$TZZ                DATA
 0002:000107e0 00009918H .xdata                  DATA
 0002:0001a0f8 00000078H .idata$2                DATA
 0002:0001a170 00000014H .idata$3                DATA
 0002:0001a188 00000540H .idata$4                DATA
 0002:0001a6c8 00000860H .idata$6                DATA
 0002:0001af28 00000000H .edata                  DATA
 0003:00000000 000151b8H .data                   DATA
 0003:000151c0 0f82ce60H .bss                    DATA
 0004:00000000 000062d0H .pdata                  DATA
 0005:00000000 00000250H .rsrc$01                DATA
 0005:00000250 000102f8H .rsrc$02                DATA

  Address         Publics by Value              Rva+Base               Lib:Object

 0000:00000000       ___safe_se_handler_count   0000000000000000     <absolute>
 0000:00000000       ___safe_se_handler_table   0000000000000000     <absolute>
 0000:00000000       __ImageBase                0000000140000000     <linker-defined>
 0001:00000000       ?IncDrawVerts@@YAXXZ       0000000140001000 f   bspfile_abstract.obj
 0001:000000d0       ?SetDrawVerts@@YAXH@Z      00000001400010d0 f   bspfile_abstract.obj
 0001:00000190       ?SetDrawSurfaces@@YAXH@Z   0000000140001190 f   bspfile_abstract.obj
 0001:00000250       ?SwapBSPFile@@YAXXZ        0000000140001250 f   bspfile_abstract.obj
 0001:00000420       ?WriteBSPFile@@YAXPEBD@Z   0000000140001420 f   bspfile_abstract.obj
 0001:000004c0       ?PrintBSPFileSizes@@YAXXZ  00000001400014c0 f   bspfile_abstract.obj
 0001:00000760       ?ParseEPair@@YAPEAUepair_s@@XZ 0000000140001760 f   bspfile_abstract.obj
 0001:000008d0       ?ParseEntity@@YA?AW4qboolean@@XZ 00000001400018d0 f   bspfile_abstract.obj
 0001:000009d0       ?ParseEntities@@YAXXZ      00000001400019d0 f   bspfile_abstract.obj
 0001:00000a70       ?UnparseEntities@@YAXW4qboolean@@@Z 0000000140001a70 f   bspfile_abstract.obj
 0001:00000db0       ?SetKeyValue@@YAXPEAUentity_t@@PEBD1@Z 0000000140001db0 f   bspfile_abstract.obj
 0001:00000f00       ?ValueForKey@@YAPEBDPEBUentity_t@@PEBD@Z 0000000140001f00 f   bspfile_abstract.obj
 0001:00000f70       ?IntForKey@@YAHPEBUentity_t@@PEBD@Z 0000000140001f70 f   bspfile_abstract.obj
 0001:00000ff0       ?FloatForKey@@YAMPEBUentity_t@@PEBD@Z 0000000140001ff0 f   bspfile_abstract.obj
 0001:00001060       ?GetVectorForKey@@YAXPEBUentity_t@@PEBDQEAM@Z 0000000140002060 f   bspfile_abstract.obj
 0001:00001120       ?FindTargetEntity@@YAPEAUentity_t@@PEBD@Z 0000000140002120 f   bspfile_abstract.obj
 0001:000011f0       ?GetEntityShadowFlags@@YAXPEBUentity_t@@0PEAD1@Z 00000001400021f0 f   bspfile_abstract.obj
 0001:00002610       ?LoadIBSPFile@@YAXPEBD@Z   0000000140003610 f   bspfile_ibsp.obj
 0001:00002be0       ?WriteIBSPFile@@YAXPEBD@Z  0000000140003be0 f   bspfile_ibsp.obj
 0001:00003610       ?LoadRBSPFile@@YAXPEBD@Z   0000000140004610 f   bspfile_rbsp.obj
 0001:00003dd0       ?WriteRBSPFile@@YAXPEBD@Z  0000000140004dd0 f   bspfile_rbsp.obj
 0001:000044a0       ?AllocateDiskPage@@YAXPEAUdiskCache_t@@HH@Z 00000001400054a0 f   diskcache.obj
 0001:00004590       ?SelectDiskPage@@YAPEAUcachePage_s@@PEAUdiskCache_t@@H@Z 0000000140005590 f   diskcache.obj
 0001:00004630       ?DeselectDiskPage@@YAXPEAUdiskCache_t@@H@Z 0000000140005630 f   diskcache.obj
 0001:000047c0       ?PNGReadData@@YAXPEAUpng_struct_def@@PEAE_K@Z 00000001400057c0 f   image.obj
 0001:00004b50       ?WritePNG@@YAXPEBDPEAEHHW4qboolean@@2@Z 0000000140005b50 f   image.obj
 0001:00004f00       ?ImageFind@@YAPEAUimage_s@@PEBD@Z 0000000140005f00 f   image.obj
 0001:00004ff0       ?ImageLoad@@YAPEAUimage_s@@PEBD@Z 0000000140005ff0 f   image.obj
 0001:00005880       ?FixAAS@@YAHHPEAPEAD@Z     0000000140006880 f   main.obj
 0001:00005b10       ?AnalyzeBSP@@YAHHPEAPEAD@Z 0000000140006b10 f   main.obj
 0001:00005f00       ?BSPInfo@@YAHHPEAPEAD@Z    0000000140006f00 f   main.obj
 0001:00006240       ?ScaleBSPMain@@YAHHPEAPEAD@Z 0000000140007240 f   main.obj
 0001:00007200       ?ConvertBSPMain@@YAHHPEAPEAD@Z 0000000140008200 f   main.obj
 0001:00007550       main                       0000000140008550 f   main.obj
 0001:00007b90       ?LerpDrawVert@@YAXPEAUbspDrawVert_t@@00@Z 0000000140008b90 f   mesh.obj
 0001:00007d50       ?LerpDrawVertAmount@@YAXPEAUbspDrawVert_t@@0M0@Z 0000000140008d50 f   mesh.obj
 0001:00007fc0       ?CopyMesh@@YAPEAUmesh_t@@PEAU1@@Z 0000000140008fc0 f   mesh.obj
 0001:00008040       ?TransposeMesh@@YAPEAUmesh_t@@PEAU1@@Z 0000000140009040 f   mesh.obj
 0001:00008140       ?InvertMesh@@YAXPEAUmesh_t@@@Z 0000000140009140 f   mesh.obj
 0001:00008280       ?MakeMeshNormals@@YAXUmesh_t@@@Z 0000000140009280 f   mesh.obj
 0001:00008810       ?PutMeshOnCurve@@YAXUmesh_t@@@Z 0000000140009810 f   mesh.obj
 0001:00008c50       ?SubdivideMesh@@YAPEAUmesh_t@@U1@MM@Z 0000000140009c50 f   mesh.obj
 0001:00009580       ?IterationsForCurve@@YAHMH@Z 000000014000a580 f   mesh.obj
 0001:00009600       ?SubdivideMesh2@@YAPEAUmesh_t@@U1@H@Z 000000014000a600 f   mesh.obj
 0001:00009b50       ?RemoveLinearMeshColumnsRows@@YAPEAUmesh_t@@PEAU1@@Z 000000014000ab50 f   mesh.obj
 0001:0000a140       ?PicoPrintFunc@@YAXHPEBD@Z 000000014000b140 f   model.obj
 0001:0000a1c0       ?PicoLoadFileFunc@@YAXPEADPEAPEAEPEAH@Z 000000014000b1c0 f   model.obj
 0001:0000a1e0       ?FindModel@@YAPEAUpicoModel_s@@PEBDH@Z 000000014000b1e0 f   model.obj
 0001:0000a2b0       ?LoadModel@@YAPEAUpicoModel_s@@PEBDH@Z 000000014000b2b0 f   model.obj
 0001:0000a3b0       ?InsertModel@@YAXPEADHHQEAMMPEAUremap_s@@PEAUshaderInfo_s@@HDDHMHEHW4qboolean@@M@Z 000000014000b3b0 f   model.obj
 0001:0000b600       ?LoadTriangleModels@@YAXXZ 000000014000c600 f   model.obj
 0001:0000b830       ?AddTriangleModels@@YAXPEAUentity_t@@@Z 000000014000c830 f   model.obj
 0001:0000c9b0       ?TidyShaders@@YAXXZ        000000014000d9b0 f   optimize.obj
 0001:0000d110       ?MergeDrawSurfaces@@YAXXZ  000000014000e110 f   optimize.obj
 0001:0000dd40       ?MergeDrawVerts@@YAXXZ     000000014000ed40 f   optimize.obj
 0001:0000e7b0       ?WriteResourceOBJFile@@YAXPEBD@Z 000000014000f7b0 f   optimize.obj
 0001:0000f090       ?OptimizeBSPMain@@YAHHPEAPEAD@Z 0000000140010090 f   optimize.obj
 0001:0000f750       ?AllocateEntity@@YAPEAUentity_t@@PEAU1@@Z 0000000140010750 f   patchbsp.obj
 0001:0000f7d0       ?FindMapEntityByUniqueKey@@YAPEAUentity_t@@PEBD@Z 00000001400107d0 f   patchbsp.obj
 0001:0000f8e0       ?PatchEntities@@YAXXZ      00000001400108e0 f   patchbsp.obj
 0001:0000fe60       ?PatchBSPMain@@YAHHPEAPEAD@Z 0000000140010e60 f   patchbsp.obj
 0001:00010430       ?GetGame@@YAPEAUgame_s@@PEAD@Z 0000000140011430 f   path_init.obj
 0001:00010580       ?AddBasePath@@YAXPEAD@Z    0000000140011580 f   path_init.obj
 0001:00010620       ?AddGamePath@@YAXPEAD@Z    0000000140011620 f   path_init.obj
 0001:000106c0       ?InitPaths@@YAXPEAHPEAPEAD@Z 00000001400116c0 f   path_init.obj
 0001:00010ba0       ?GetGamePath@@YA?AW4qboolean@@PEAD0@Z 0000000140011ba0 f   path_init.obj
 0001:00010e30       ?ColorModBuildRandomMatrix@@YAXXZ 0000000140011e30 f   shaders.obj
 0001:00010ee0       ?ColorModRandom@@YAMQEAMM@Z 0000000140011ee0 f   shaders.obj
 0001:000111b0       ?ColorMod@@YAXPEAUmapDrawSurface_s@@PEAUcolorMod_s@@PEAUbrush_s@@HH@Z 00000001400121b0 f   shaders.obj
 0001:00011940       ?TCModMultiply@@YAXQEAY02M00@Z 0000000140012940 f   shaders.obj
 0001:00011ac0       ?TCModRotate@@YAXQEAY02MM@Z 0000000140012ac0 f   shaders.obj
 0001:00011bb0       ?ApplySurfaceParm@@YA?AW4qboolean@@PEADPEAH11@Z 0000000140012bb0 f   shaders.obj
 0001:00011d00       ?BeginMapShaderFile@@YAXPEBD@Z 0000000140012d00 f   shaders.obj
 0001:00011e50       ?WriteMapShaderFile@@YAXXZ 0000000140012e50 f   shaders.obj
 0001:00011fd0       ?CustomShader@@YAPEAUshaderInfo_s@@PEAU1@PEAD1@Z 0000000140012fd0 f   shaders.obj
 0001:00012680       ?FinishShader@@YAXPEAUshaderInfo_s@@@Z 0000000140013680 f   shaders.obj
 0001:00012dc0       ?ShaderInfoForShader@@YAPEAUshaderInfo_s@@PEBD@Z 0000000140013dc0 f   shaders.obj
 0001:00012fc0       ?GetTokenAppend@@YA?AW4qboolean@@PEADW41@@Z 0000000140013fc0 f   shaders.obj
 0001:000130c0       ?Parse1DMatrixAppend@@YAXPEADHPEAM@Z 00000001400140c0 f   shaders.obj
 0001:00015ad0       ?LoadShaderInfo@@YAXXZ     0000000140016ad0 f   shaders.obj
 0001:00015e00       ?SetSurfaceExtra@@YAXPEAUmapDrawSurface_s@@H@Z 0000000140016e00 f   surface_extra.obj
 0001:00015eb0       ?WriteSurfaceExtraFile@@YAXPEBD@Z 0000000140016eb0 f   surface_extra.obj
 0001:00016240       ?LoadSurfaceExtraFile@@YAXPEBD@Z 0000000140017240 f   surface_extra.obj
 0001:00016710       ?safe_malloc_f@@YAPEAX_K@Z 0000000140017710 f   cmdlib.obj
 0001:00016750       ?safe_malloc_log@@YAPEAX_KPEBDH@Z 0000000140017750 f   cmdlib.obj
 0001:000168a0       ?safe_malloc_logend@@YAXXZ 00000001400178a0 f   cmdlib.obj
 0001:00016940       ?ExpandArg@@YAPEADPEBD@Z   0000000140017940 f   cmdlib.obj
 0001:000169d0       ?ExpandPath@@YAPEADPEBD@Z  00000001400179d0 f   cmdlib.obj
 0001:00016a40       ?Q_getwd@@YAXPEAD@Z        0000000140017a40 f   cmdlib.obj
 0001:00016aa0       ?LoadFile@@YAHPEBDPEAPEAX@Z 0000000140017aa0 f   cmdlib.obj
 0001:00016b90       ?DefaultExtension@@YAXPEADPEBD@Z 0000000140017b90 f   cmdlib.obj
 0001:00016c00       ?LBMRLEDecompress@@YAPEAEPEAE0H@Z 0000000140017c00 f   imagelib.obj
 0001:00016cd0       ?LoadLBM@@YAXPEBDPEAPEAE1@Z 0000000140017cd0 f   imagelib.obj
 0001:000170c0       ?LoadPCX@@YAXPEBDPEAPEAE1PEAH2@Z 00000001400180c0 f   imagelib.obj
 0001:00017360       ?LoadBMP@@YAXPEBDPEAPEAE1PEAH2@Z 0000000140018360 f   imagelib.obj
 0001:00017980       ?Load256Image@@YAXPEBDPEAPEAE1PEAH2@Z 0000000140018980 f   imagelib.obj
 0001:00017b90       ?TargaError@@YAXPEAU_TargaHeader@@PEBD@Z 0000000140018b90 f   imagelib.obj
 0001:00017c40       ?LoadTGABuffer@@YAXPEBE0PEAPEAEPEAH2@Z 0000000140018c40 f   imagelib.obj
 0001:00018310       ?LoadTGA@@YAXPEBDPEAPEAEPEAH2@Z 0000000140019310 f   imagelib.obj
 0001:000183a0       ?WriteTGA@@YAXPEBDPEAEHH@Z 00000001400193a0 f   imagelib.obj
 0001:000184b0       ?Load32BitImage@@YAXPEBDPEAPEAIPEAH2@Z 00000001400194b0 f   imagelib.obj
 0001:00018660       ?xml_SendNode@@YAXPEAU_xmlNode@@@Z 0000000140019660 f   inout.obj
 0001:00018780       ?xml_Select@@YAXPEADHHW4qboolean@@@Z 0000000140019780 f   inout.obj
 0001:000188c0       ?xml_Winding@@YAXPEADQEAY02MHW4qboolean@@@Z 00000001400198c0 f   inout.obj
 0001:00018a60       ?Broadcast_Shutdown@@YAXXZ 0000000140019a60 f   inout.obj
 0001:00018aa0       ?Sys_FPrintf@@YAXHPEBDZZ   0000000140019aa0 f   inout.obj
 0001:00018bd0       ?Sys_Printf@@YAXPEBDZZ     0000000140019bd0 f   inout.obj
 0001:00018cd0       ?Error@@YAXPEBDZZ          0000000140019cd0 f   inout.obj
 0001:00018e20       ?MD4Update@@YAXPEAUMD4_CTX_s@@PEAEI@Z 0000000140019e20 f   md4.obj
 0001:00018ef0       ?MD4Final@@YAXQEAEPEAUMD4_CTX_s@@@Z 0000000140019ef0 f   md4.obj
 0001:000195a0       ?AllocWinding@@YAPEAUwinding_t@@H@Z 000000014001a5a0 f   polylib.obj
 0001:00019640       ?FreeWinding@@YAXPEAUwinding_t@@@Z 000000014001a640 f   polylib.obj
 0001:00019680       ?WindingArea@@YAMPEAUwinding_t@@@Z 000000014001a680 f   polylib.obj
 0001:000197e0       ?BaseWindingForPlane@@YAPEAUwinding_t@@QEAMM@Z 000000014001a7e0 f   polylib.obj
 0001:00019b40       ?ReverseWinding@@YAPEAUwinding_t@@PEAU1@@Z 000000014001ab40 f   polylib.obj
 0001:00019c50       ?ClipWindingEpsilon@@YAXPEAUwinding_t@@QEAMMMPEAPEAU1@2@Z 000000014001ac50 f   polylib.obj
 0001:0001a0d0       ?ChopWindingInPlace@@YAXPEAPEAUwinding_t@@QEAMMM@Z 000000014001b0d0 f   polylib.obj
 0001:0001a490       ?WindingOnPlaneSide@@YAHPEAUwinding_t@@QEAMM@Z 000000014001b490 f   polylib.obj
 0001:0001a5b0       ?AddWindingToConvexHull@@YAXPEAUwinding_t@@PEAPEAU1@QEAM@Z 000000014001b5b0 f   polylib.obj
 0001:0001ac00       ?AddScriptToStack@@YAXPEBDH@Z 000000014001bc00 f   scriplib.obj
 0001:0001ad00       ?EndOfScript@@YA?AW4qboolean@@W41@@Z 000000014001bd00 f   scriplib.obj
 0001:0001ade0       ?GetToken@@YA?AW4qboolean@@W41@@Z 000000014001bde0 f   scriplib.obj
 0001:0001b110       ?TokenAvailable@@YA?AW4qboolean@@XZ 000000014001c110 f   scriplib.obj
 0001:0001b150       ?MatchToken@@YAXPEAD@Z     000000014001c150 f   scriplib.obj
 0001:0001b1b0       ?Parse1DMatrix@@YAXHPEAM@Z 000000014001c1b0 f   scriplib.obj
 0001:0001b2a0       ?Parse2DMatrix@@YAXHHPEAM@Z 000000014001c2a0 f   scriplib.obj
 0001:0001b370       ?GetThreadWork@@YAHXZ      000000014001c370 f   threads.obj
 0001:0001b4b0       ?ThreadWorkerFunction@@YAXH@Z 000000014001c4b0 f   threads.obj
 0001:0001b4e0       ?RunThreadsOnIndividual@@YAXHW4qboolean@@P6AXH@Z@Z 000000014001c4e0 f   threads.obj
 0001:0001b560       ?RunThreadsOn@@YAXHW4qboolean@@P6AXH@Z@Z 000000014001c560 f   threads.obj
 0001:0001b820       ?unzOpen@@YAPEAXPEBD@Z     000000014001c820 f   unzip.obj
 0001:0001bdd0       ?unzGoToFirstFile@@YAHPEAX@Z 000000014001cdd0 f   unzip.obj
 0001:0001be30       ?unzGoToNextFile@@YAHPEAX@Z 000000014001ce30 f   unzip.obj
 0001:0001c0b0       ?unzOpenCurrentFile@@YAHPEAX@Z 000000014001d0b0 f   unzip.obj
 0001:0001c230       ?unzReadCurrentFile@@YAHPEAX0I@Z 000000014001d230 f   unzip.obj
 0001:0001c460       ?unzCloseCurrentFile@@YAHPEAX@Z 000000014001d460 f   unzip.obj
 0001:0001c510       ?crc32@@YAKKPEBEI@Z        000000014001d510 f   unzip.obj
 0001:0001c660       ?inflate_blocks_reset@@YAXPEAUinflate_blocks_state@@PEAUz_stream_s@@PEAK@Z 000000014001d660 f   unzip.obj
 0001:0001c6e0       ?inflate_blocks_new@@YAPEAUinflate_blocks_state@@PEAUz_stream_s@@P6AKKPEBEI@ZI@Z 000000014001d6e0 f   unzip.obj
 0001:0001c7c0       ?inflate_blocks@@YAHPEAUinflate_blocks_state@@PEAUz_stream_s@@H@Z 000000014001d7c0 f   unzip.obj
 0001:0001d3a0       ?inflate_blocks_free@@YAHPEAUinflate_blocks_state@@PEAUz_stream_s@@@Z 000000014001e3a0 f   unzip.obj
 0001:0001d440       ?inflate_flush@@YAHPEAUinflate_blocks_state@@PEAUz_stream_s@@H@Z 000000014001e440 f   unzip.obj
 0001:0001da60       ?inflate_trees_bits@@YAHPEAI0PEAPEAUinflate_huft_s@@PEAU1@PEAUz_stream_s@@@Z 000000014001ea60 f   unzip.obj
 0001:0001db40       ?inflate_fast@@YAHIIPEAUinflate_huft_s@@0PEAUinflate_blocks_state@@PEAUz_stream_s@@@Z 000000014001eb40 f   unzip.obj
 0001:0001ded0       ?inflate_codes_new@@YAPEAUinflate_codes_state@@IIPEAUinflate_huft_s@@0PEAUz_stream_s@@@Z 000000014001eed0 f   unzip.obj
 0001:0001df40       ?inflate_codes@@YAHPEAUinflate_blocks_state@@PEAUz_stream_s@@H@Z 000000014001ef40 f   unzip.obj
 0001:0001e540       ?adler32@@YAKKPEBEI@Z      000000014001f540 f   unzip.obj
 0001:0001e6b0       ?inflateReset@@YAHPEAUz_stream_s@@@Z 000000014001f6b0 f   unzip.obj
 0001:0001e770       ?inflateEnd@@YAHPEAUz_stream_s@@@Z 000000014001f770 f   unzip.obj
 0001:0001e7d0       ?inflateInit2_@@YAHPEAUz_stream_s@@HPEBDH@Z 000000014001f7d0 f   unzip.obj
 0001:0001e8c0       ?inflate@@YAHPEAUz_stream_s@@H@Z 000000014001f8c0 f   unzip.obj
 0001:0001ed40       ?zcalloc@@YAPEAEPEAEII@Z   000000014001fd40 f   unzip.obj
 0001:0001ed60       ?zcfree@@YAXPEAE0@Z        000000014001fd60 f   unzip.obj
 0001:0001ef00       ?vfsInitDirectory@@YAXPEBD@Z 000000014001ff00 f   vfs.obj
 0001:0001f0d0       ?vfsGetFileCount@@YAHPEBD@Z 00000001400200d0 f   vfs.obj
 0001:0001f250       ?vfsLoadFile@@YAHPEBDPEAPEAXH@Z 0000000140020250 f   vfs.obj
 0001:0001f5a0       ?AllocSideRef@@YAPEAUsideRef_s@@PEAUside_s@@PEAU1@@Z 00000001400205a0 f   brush.obj
 0001:0001f5f0       ?AllocBrush@@YAPEAUbrush_s@@H@Z 00000001400205f0 f   brush.obj
 0001:0001f670       ?FreeBrush@@YAXPEAUbrush_s@@@Z 0000000140020670 f   brush.obj
 0001:0001f760       ?CopyBrush@@YAPEAUbrush_s@@PEAU1@@Z 0000000140020760 f   brush.obj
 0001:0001f830       ?BoundBrush@@YA?AW4qboolean@@PEAUbrush_s@@@Z 0000000140020830 f   brush.obj
 0001:0001f920       ?SnapWeldVector@@YAXQEAM00@Z 0000000140020920 f   brush.obj
 0001:0001fa60       ?FixWinding@@YA?AW4qboolean@@PEAUwinding_t@@@Z 0000000140020a60 f   brush.obj
 0001:0001fbd0       ?CreateBrushWindings@@YA?AW4qboolean@@PEAUbrush_s@@@Z 0000000140020bd0 f   brush.obj
 0001:0001fd30       ?BrushVolume@@YAMPEAUbrush_s@@@Z 0000000140020d30 f   brush.obj
 0001:0001fe60       ?WriteBSPBrushMap@@YAXPEADPEAUbrush_s@@@Z 0000000140020e60 f   brush.obj
 0001:00020040       ?FilterBrushIntoTree_r@@YAHPEAUbrush_s@@PEAUnode_s@@@Z 0000000140021040 f   brush.obj
 0001:00020110       ?FilterDetailBrushesIntoTree@@YAXPEAUentity_t@@PEAUtree_t@@@Z 0000000140021110 f   brush.obj
 0001:000201e0       ?FilterStructuralBrushesIntoTree@@YAXPEAUentity_t@@PEAUtree_t@@@Z 00000001400211e0 f   brush.obj
 0001:000202b0       ?WindingIsTiny@@YA?AW4qboolean@@PEAUwinding_t@@@Z 00000001400212b0 f   brush.obj
 0001:00020390       ?BrushMostlyOnSide@@YAHPEAUbrush_s@@PEAUplane_s@@@Z 0000000140021390 f   brush.obj
 0001:00020610       ?SplitBrush@@YAXPEAUbrush_s@@HPEAPEAU1@1@Z 0000000140021610 f   brush.obj
 0001:00020dc0       ?ComputeAxisBase@@YAXQEAM00@Z 0000000140021dc0 f   brush_primit.obj
 0001:00020f20       ?SetCloneModelNumbers@@YAXXZ 0000000140021f20 f   bsp.obj
 0001:00021360       ?ProcessWorldModel@@YAXXZ  0000000140022360 f   bsp.obj
 0001:00021f10       ?ProcessSubModel@@YAXXZ    0000000140022f10 f   bsp.obj
 0001:000221a0       ?ProcessModels@@YAXXZ      00000001400231a0 f   bsp.obj
 0001:00022380       ?BSPMain@@YAHHPEAPEAD@Z    0000000140023380 f   bsp.obj
 0001:00024370       ?ProcessDecals@@YAXXZ      0000000140025370 f   decals.obj
 0001:00025840       ?MakeEntityDecals@@YAXPEAUentity_t@@@Z 0000000140026840 f   decals.obj
 0001:00025bf0       ?FreeNode@@YAXPEAUdnode_s@@@Z 0000000140026bf0 f   decorations.obj
 0001:00025c60       ?FreeNodesArray@@YAXPEAUdnode_s@@H@Z 0000000140026c60 f   decorations.obj
 0001:00025d60       ?EntityArrayAdd@@YAXPEAUdgroupents_s@@PEAUentity_t@@@Z 0000000140026d60 f   decorations.obj
 0001:00025e20       ?NewDecoreGroup@@YAPEAUdgroup_s@@PEADW4decoreMatchParm_t@@@Z 0000000140026e20 f   decorations.obj
 0001:00025f40       ?PopulateDecoreGroup@@YA?AW4qboolean@@PEAUentity_t@@W4decoreMatchParm_t@@PEAD@Z 0000000140026f40 f   decorations.obj
 0001:00026040       ?DecoreParseActions@@YAXPEAUdactions_s@@@Z 0000000140027040 f   decorations.obj
 0001:00026680       ?EntityPopulateDecorationGroups@@YAXH@Z 0000000140027680 f   decorations.obj
 0001:000266f0       ?LoadDecorationScript@@YAXXZ 00000001400276f0 f   decorations.obj
 0001:00026f30       ?EntityProcessActions@@YAXPEAUentity_t@@PEAUdactions_s@@@Z 0000000140027f30 f   decorations.obj
 0001:00027100       ?ImportRtlights@@YAXXZ     0000000140028100 f   decorations.obj
 0001:00027ac0       ?ProcessDecorationGroup@@YAXH@Z 0000000140028ac0 f   decorations.obj
 0001:000283c0       ?ProcessDecorations@@YAXXZ 00000001400293c0 f   decorations.obj
 0001:00028800       ?BuildFaceTree_r@@YAXPEAUnode_s@@PEAUface_s@@@Z 0000000140029800 f   facebsp.obj
 0001:00028bd0       ?FaceBSP@@YAPEAUtree_t@@PEAUface_s@@@Z 0000000140029bd0 f   facebsp.obj
 0001:00028d70       ?MakeStructuralBSPFaceList@@YAPEAUface_s@@PEAUbrush_s@@@Z 0000000140029d70 f   facebsp.obj
 0001:00028ed0       ?MakeVisibleBSPFaceList@@YAPEAUface_s@@PEAUbrush_s@@@Z 0000000140029ed0 f   facebsp.obj
 0001:00029030       ?DrawSurfToMesh@@YAPEAUmesh_t@@PEAUmapDrawSurface_s@@@Z 000000014002a030 f   fog.obj
 0001:000290d0       ?SplitMeshByPlane@@YAXPEAUmesh_t@@QEAMMPEAPEAU1@2@Z 000000014002a0d0 f   fog.obj
 0001:00029870       ?ChopPatchSurfaceByBrush@@YA?AW4qboolean@@PEAUentity_t@@PEAUmapDrawSurface_s@@PEAUbrush_s@@@Z 000000014002a870 f   fog.obj
 0001:00029ad0       ?WindingFromDrawSurf@@YAPEAUwinding_t@@PEAUmapDrawSurface_s@@@Z 000000014002aad0 f   fog.obj
 0001:00029d10       ?ChopFaceSurfaceByBrush@@YA?AW4qboolean@@PEAUentity_t@@PEAUmapDrawSurface_s@@PEAUbrush_s@@@Z 000000014002ad10 f   fog.obj
 0001:0002a070       ?FogDrawSurfaces@@YAXPEAUentity_t@@@Z 000000014002b070 f   fog.obj
 0001:0002a280       ?FogForBounds@@YAHQEAM0M@Z 000000014002b280 f   fog.obj
 0001:0002a400       ?CreateMapFogs@@YAXXZ      000000014002b400 f   fog.obj
 0001:0002a740       ?LeakFile@@YAPEAU_xmlNode@@PEAUtree_t@@@Z 000000014002b740 f   leakfile.obj
 0001:0002abc0       ?CreateNewFloatPlane@@YAHQEAMM@Z 000000014002bbc0 f   map.obj
 0001:0002adb0       ?SnapNormal@@YAXQEAM@Z     000000014002bdb0 f   map.obj
 0001:0002ae50       ?FindFloatPlane@@YAHQEAMMHPEAY02M@Z 000000014002be50 f   map.obj
 0001:0002b1a0       ?MapPlaneFromPoints@@YAHPEAY02M@Z 000000014002c1a0 f   map.obj
 0001:0002b290       ?SetBrushContents@@YAXPEAUbrush_s@@@Z 000000014002c290 f   map.obj
 0001:0002b3d0       ?AddBrushBevels@@YAXXZ     000000014002c3d0 f   map.obj
 0001:0002c120       ?FinishBrush@@YAPEAUbrush_s@@XZ 000000014002d120 f   map.obj
 0001:0002c340       ?TextureAxisFromPlane@@YAXPEAUplane_s@@QEAM1@Z 000000014002d340 f   map.obj
 0001:0002c510       ?QuakeTextureVecs@@YAXPEAUplane_s@@QEAMM1QEAY03M@Z 000000014002d510 f   map.obj
 0001:0002cdc0       ?RemoveDuplicateBrushPlanes@@YA?AW4qboolean@@PEAUbrush_s@@@Z 000000014002ddc0 f   map.obj
 0001:0002d2e0       ?MoveBrushesToWorld@@YAXPEAUentity_t@@@Z 000000014002e2e0 f   map.obj
 0001:0002d3e0       ?AdjustBrushesForOrigin@@YAXPEAUentity_t@@@Z 000000014002e3e0 f   map.obj
 0001:0002d530       ?SetEntityBounds@@YAXPEAUentity_t@@@Z 000000014002e530 f   map.obj
 0001:0002d8c0       ?LoadEntityIndexMap@@YAXPEAUentity_t@@@Z 000000014002e8c0 f   map.obj
 0001:0002e5c0       ?LoadMapFile@@YAXPEADW4qboolean@@1@Z 000000014002f5c0 f   map.obj
 0001:0002f4d0       ?ParsePatch@@YAXW4qboolean@@@Z 00000001400304d0 f   patch.obj
 0001:0002fcb0       ?PatchMapDrawSurfs@@YAXPEAUentity_t@@@Z 0000000140030cb0 f   patch.obj
 0001:00030270       ?MakeHeadnodePortals@@YAXPEAUtree_t@@@Z 0000000140031270 f   portals.obj
 0001:00030570       ?BaseWindingForNode@@YAPEAUwinding_t@@PEAUnode_s@@@Z 0000000140031570 f   portals.obj
 0001:00030680       ?MakeNodePortal@@YAXPEAUnode_s@@@Z 0000000140031680 f   portals.obj
 0001:000308c0       ?SplitNodePortals@@YAXPEAUnode_s@@@Z 00000001400318c0 f   portals.obj
 0001:00031030       ?CalcNodeBounds@@YAXPEAUnode_s@@@Z 0000000140032030 f   portals.obj
 0001:000310c0       ?MakeTreePortals_r@@YAXPEAUnode_s@@@Z 00000001400320c0 f   portals.obj
 0001:000311e0       ?FloodPortals_r@@YAXPEAUnode_s@@HW4qboolean@@@Z 00000001400321e0 f   portals.obj
 0001:00031280       ?FloodEntities@@YA?AW4qboolean@@PEAUtree_t@@@Z 0000000140032280 f   portals.obj
 0001:00031850       ?FloodAreas_r@@YAXPEAUnode_s@@@Z 0000000140032850 f   portals.obj
 0001:00031990       ?FindAreas_r@@YAXPEAUnode_s@@@Z 0000000140032990 f   portals.obj
 0001:000319e0       ?FloodSkyboxArea_r@@YAXPEAUnode_s@@@Z 00000001400329e0 f   portals.obj
 0001:00031a30       ?FloodAreas@@YAXPEAUtree_t@@@Z 0000000140032a30 f   portals.obj
 0001:00031ae0       ?FillOutside_r@@YAXPEAUnode_s@@@Z 0000000140032ae0 f   portals.obj
 0001:00031b40       ?FillOutside@@YAXPEAUnode_s@@@Z 0000000140032b40 f   portals.obj
 0001:00031c00       ?WriteFloat@@YAXPEAU_iobuf@@M@Z 0000000140032c00 f   prtfile.obj
 0001:00031c90       ?WritePortalFile_r@@YAXPEAUnode_s@@@Z 0000000140032c90 f   prtfile.obj
 0001:00031fb0       ?WriteFaceFile_r@@YAXPEAUnode_s@@@Z 0000000140032fb0 f   prtfile.obj
 0001:000321f0       ?NumberLeafs_r@@YAXPEAUnode_s@@@Z 00000001400331f0 f   prtfile.obj
 0001:00032320       ?NumberClusters@@YAXPEAUtree_t@@@Z 0000000140033320 f   prtfile.obj
 0001:000323a0       ?WritePortalFile@@YAXPEAUtree_t@@@Z 00000001400333a0 f   prtfile.obj
 0001:000324a0       ?AllocDrawSurface@@YAPEAUmapDrawSurface_s@@W4surfaceType_t@@@Z 00000001400334a0 f   surface.obj
 0001:00032550       ?FinishSurface@@YAXPEAUmapDrawSurface_s@@@Z 0000000140033550 f   surface.obj
 0001:00032610       ?CloneSurface@@YAPEAUmapDrawSurface_s@@PEAU1@PEAUshaderInfo_s@@@Z 0000000140033610 f   surface.obj
 0001:00032710       ?MakeSkyboxSurface@@YAPEAUmapDrawSurface_s@@PEAU1@@Z 0000000140033710 f   surface.obj
 0001:00032790       ?IsTriangleDegenerate@@YA?AW4qboolean@@PEAUbspDrawVert_t@@HHH@Z 0000000140033790 f   surface.obj
 0001:00032880       ?ClearSurface@@YAXPEAUmapDrawSurface_s@@@Z 0000000140033880 f   surface.obj
 0001:000328e0       ?TidyEntitySurfaces@@YAXPEAUentity_t@@@Z 00000001400338e0 f   surface.obj
 0001:00032a60       ?CalcSurfaceTextureRange@@YA?AW4qboolean@@PEAUmapDrawSurface_s@@@Z 0000000140033a60 f   surface.obj
 0001:00032cc0       ?CalcLightmapAxis@@YA?AW4qboolean@@QEAM0@Z 0000000140033cc0 f   surface.obj
 0001:00032dd0       ?ClassifySurfaces@@YAXHPEAUmapDrawSurface_s@@@Z 0000000140033dd0 f   surface.obj
 0001:00033270       ?ClassifyEntitySurfaces@@YAXPEAUentity_t@@@Z 0000000140034270 f   surface.obj
 0001:000332f0       ?GetShaderIndexForPoint@@YAEPEAUindexMap_s@@QEAM11@Z 00000001400342f0 f   surface.obj
 0001:000333e0       ?GetIndexedShader@@YAPEAUshaderInfo_s@@PEAU1@PEAUindexMap_s@@HPEAE@Z 00000001400343e0 f   surface.obj
 0001:00033630       ?DrawSurfaceForSide@@YAPEAUmapDrawSurface_s@@PEAUentity_t@@PEAUbrush_s@@PEAUside_s@@PEAUwinding_t@@@Z 0000000140034630 f   surface.obj
 0001:00034060       ?DrawSurfaceForMesh@@YAPEAUmapDrawSurface_s@@PEAUentity_t@@PEAUparseMesh_s@@PEAUmesh_t@@@Z 0000000140035060 f   surface.obj
 0001:00034b30       ?DrawSurfaceForFlare@@YAPEAUmapDrawSurface_s@@HQEAM00PEADH@Z 0000000140035b30 f   surface.obj
 0001:00035080       ?SubdivideFaceSurfaces@@YAXPEAUentity_t@@PEAUtree_t@@@Z 0000000140036080 f   surface.obj
 0001:000353e0       ?ClipSideIntoTree_r@@YAXPEAUwinding_t@@PEAUside_s@@PEAUnode_s@@@Z 00000001400363e0 f   surface.obj
 0001:000354f0       ?SideInBrush@@YA?AW4qboolean@@PEAUside_s@@PEAUbrush_s@@@Z 00000001400364f0 f   surface.obj
 0001:000355e0       ?CullSides@@YAXPEAUentity_t@@@Z 00000001400365e0 f   surface.obj
 0001:00035c00       ?ClipSidesIntoTree@@YAXPEAUentity_t@@PEAUtree_t@@@Z 0000000140036c00 f   surface.obj
 0001:00035db0       ?AddReferenceToLeaf@@YAHPEAUmapDrawSurface_s@@PEAUnode_s@@@Z 0000000140036db0 f   surface.obj
 0001:00035e60       ?AddReferenceToTree_r@@YAHPEAUmapDrawSurface_s@@PEAUnode_s@@W4qboolean@@@Z 0000000140036e60 f   surface.obj
 0001:00035f30       ?FilterPointIntoTree_r@@YAHQEAMPEAUmapDrawSurface_s@@PEAUnode_s@@@Z 0000000140036f30 f   surface.obj
 0001:00036010       ?FilterWindingIntoTree_r@@YAHPEAUwinding_t@@PEAUmapDrawSurface_s@@PEAUnode_s@@@Z 0000000140037010 f   surface.obj
 0001:00036e20       ?EmitDrawVerts@@YAXPEAUmapDrawSurface_s@@PEAUbspDrawSurface_t@@@Z 0000000140037e20 f   surface.obj
 0001:00037020       ?FindDrawIndexes@@YAHHPEAH@Z 0000000140038020 f   surface.obj
 0001:00037180       ?EmitDrawIndexes@@YAXPEAUmapDrawSurface_s@@PEAUbspDrawSurface_t@@@Z 0000000140038180 f   surface.obj
 0001:00037260       ?EmitFlareSurface@@YAXPEAUmapDrawSurface_s@@@Z 0000000140038260 f   surface.obj
 0001:000373a0       ?EmitPatchSurface@@YAXPEAUentity_t@@PEAUmapDrawSurface_s@@@Z 00000001400383a0 f   surface.obj
 0001:00038620       ?MakeFogHullSurfs@@YAXPEAUentity_t@@PEAUtree_t@@PEAD@Z 0000000140039620 f   surface.obj
 0001:000389f0       ?AddSurfaceModelsToTriangle_r@@YAHPEAUmapDrawSurface_s@@PEAUsurfaceModel_s@@PEAPEAUbspDrawVert_t@@@Z 00000001400399f0 f   surface.obj
 0001:00038fe0       ?AddSurfaceModels@@YAHPEAUmapDrawSurface_s@@@Z 0000000140039fe0 f   surface.obj
 0001:00039a10       ?FixDrawsurfVertexAlpha@@YAXH@Z 000000014003aa10 f   surface.obj
 0001:0003a090       ?FixVertexAlpha@@YAXPEAUentity_t@@W4qboolean@@@Z 000000014003b090 f   surface.obj
 0001:0003a200       ?ApplyVertexMods@@YAXPEAUentity_t@@W4qboolean@@@Z 000000014003b200 f   surface.obj
 0001:0003a440       ?FilterDrawsurfsIntoTree@@YAXPEAUentity_t@@PEAUtree_t@@W4qboolean@@@Z 000000014003b440 f   surface.obj
 0001:0003aa00       ?EmitDrawsurfsStats@@YAXXZ 000000014003ba00 f   surface.obj
 0001:0003af40       ?Foliage@@YAXPEAUmapDrawSurface_s@@@Z 000000014003bf40 f   surface_foliage.obj
 0001:0003b540       ?Fur@@YAXPEAUmapDrawSurface_s@@@Z 000000014003c540 f   surface_fur.obj
 0001:0003b950       ?FindMetaTriangle@@YAHPEAUmetaTriangle_s@@PEAUbspDrawVert_t@@11H@Z 000000014003c950 f   surface_meta.obj
 0001:0003be30       ?TriangulatePatchSurface@@YAXPEAUentity_t@@PEAUmapDrawSurface_s@@@Z 000000014003ce30 f   surface_meta.obj
 0001:0003c350       ?FanFaceSurface@@YAXPEAUmapDrawSurface_s@@@Z 000000014003d350 f   surface_meta.obj
 0001:0003c710       ?StripFaceSurface@@YAXPEAUmapDrawSurface_s@@@Z 000000014003d710 f   surface_meta.obj
 0001:0003ca20       ?EmitMetaStats@@YAXXZ      000000014003da20 f   surface_meta.obj
 0001:0003cad0       ?MakeEntityMetaTriangles@@YAXPEAUentity_t@@@Z 000000014003dad0 f   surface_meta.obj
 0001:0003cce0       ?SmoothMetaTriangles@@YAXXZ 000000014003dce0 f   surface_meta.obj
 0001:0003d6b0       ?AddMetaVertToSurface@@YAHPEAUmapDrawSurface_s@@PEAUbspDrawVert_t@@PEAH@Z 000000014003e6b0 f   surface_meta.obj
 0001:0003e330       ?MergeMetaTriangles@@YAXXZ 000000014003f330 f   surface_meta.obj
 0001:0003e4d0       ?InsertPointOnEdge@@YAXQEAMPEAUedgeLine_s@@@Z 000000014003f4d0 f   tjunction.obj
 0001:0003e600       ?AddEdge@@YAHQEAM0W4qboolean@@@Z 000000014003f600 f   tjunction.obj
 0001:0003eac0       ?AddSurfaceEdges@@YAXPEAUmapDrawSurface_s@@@Z 000000014003fac0 f   tjunction.obj
 0001:0003eb50       ?ColinearEdge@@YA?AW4qboolean@@QEAM00@Z 000000014003fb50 f   tjunction.obj
 0001:0003ec70       ?AddPatchEdges@@YAXPEAUmapDrawSurface_s@@@Z 000000014003fc70 f   tjunction.obj
 0001:0003ee40       ?FixSurfaceJunctions@@YAXPEAUmapDrawSurface_s@@@Z 000000014003fe40 f   tjunction.obj
 0001:0003f410       ?FixBrokenSurface@@YA?AW4qboolean@@PEAUmapDrawSurface_s@@@Z 0000000140040410 f   tjunction.obj
 0001:0003f760       ?EdgeCompare@@YAHPEBX0@Z   0000000140040760 f   tjunction.obj
 0001:0003f770       ?FixTJunctions@@YAXPEAUentity_t@@@Z 0000000140040770 f   tjunction.obj
 0001:0003fa30       ?FreeTreePortals_r@@YAXPEAUnode_s@@@Z 0000000140040a30 f   tree.obj
 0001:0003fbc0       ?FreeTree_r@@YAXPEAUnode_s@@@Z 0000000140040bc0 f   tree.obj
 0001:0003fc20       ?FreeTree@@YAXPEAUtree_t@@@Z 0000000140040c20 f   tree.obj
 0001:0003fca0       ?EmitShader@@YAHPEBDPEAH1@Z 0000000140040ca0 f   writebsp.obj
 0001:0003fe10       ?EmitPlanes@@YAXXZ         0000000140040e10 f   writebsp.obj
 0001:0003ff60       ?EmitLeaf@@YAXPEAUnode_s@@@Z 0000000140040f60 f   writebsp.obj
 0001:000400c0       ?EmitDrawNode_r@@YAHPEAUnode_s@@@Z 00000001400410c0 f   writebsp.obj
 0001:000401f0       ?SetModelNumbers@@YAXXZ    00000001400411f0 f   writebsp.obj
 0001:00040290       ?SetLightStyles@@YAXXZ     0000000140041290 f   writebsp.obj
 0001:000405e0       ?EndBSPFile@@YAXXZ         00000001400415e0 f   writebsp.obj
 0001:000406d0       ?EmitBrushes@@YAXPEAUbrush_s@@PEAH1@Z 00000001400416d0 f   writebsp.obj
 0001:000409d0       ?EmitFogs@@YAXXZ           00000001400419d0 f   writebsp.obj
 0001:00040af0       ?BeginModel@@YAXXZ         0000000140041af0 f   writebsp.obj
 0001:00040e50       ?EndModel@@YAXPEAUentity_t@@PEAUnode_s@@@Z 0000000140041e50 f   writebsp.obj
 0001:00041450       ?CreateEntityLights@@YAXXZ 0000000140042450 f   light.obj
 0001:000423a0       ?CreateSurfaceLights@@YAXXZ 00000001400433a0 f   light.obj
 0001:00042710       ?SetEntityOrigins@@YAXXZ   0000000140043710 f   light.obj
 0001:00042990       ?PointToPolygonFormFactor@@YAMQEBM0PEBUwinding_t@@@Z 0000000140043990 f   light.obj
 0001:00042c50       ?LightContribution@@YAHPEAUtrace_t@@HW4qboolean@@@Z 0000000140043c50 f   light.obj
 0001:000433e0       ?LightContributionAllStyles@@YAXPEAUtrace_t@@QEAEQEAY02MHW4qboolean@@@Z 00000001400443e0 f   light.obj
 0001:00043680       ?TraceGrid@@YAXH@Z         0000000140044680 f   light.obj
 0001:00043fb0       ?SetupGrid@@YAXXZ          0000000140044fb0 f   light.obj
 0001:00044400       ?LightWorld@@YAXXZ         0000000140045400 f   light.obj
 0001:00045200       ?LightMain@@YAHHPEAPEAD@Z  0000000140046200 f   light.obj
 0001:000477d0       ?RadFreeLights@@YAXXZ      00000001400487d0 f   light_bounce.obj
 0001:00047cd0       ?RadSampleImage@@YA?AW4qboolean@@PEAEHHQEAM1@Z 0000000140048cd0 f   light_bounce.obj
 0001:00048ea0       ?RadLightForTriangles@@YAXHHPEAUrawLightmap_s@@PEAUshaderInfo_s@@MMPEAUclipWork_t@@@Z 0000000140049ea0 f   light_bounce.obj
 0001:000490f0       ?RadLightForPatch@@YAXHHPEAUrawLightmap_s@@PEAUshaderInfo_s@@MMPEAUclipWork_t@@@Z 000000014004a0f0 f   light_bounce.obj
 0001:000496c0       ?RadLight@@YAXH@Z          000000014004a6c0 f   light_bounce.obj
 0001:000498f0       ?RadCreateDiffuseLights@@YAXXZ 000000014004a8f0 f   light_bounce.obj
 0001:0004a1c0       ?ClipTraceWinding@@YAXPEAUtraceWinding_s@@QEAM00@Z 000000014004b1c0 f   light_trace.obj
 0001:0004c260       ?SetupTraceNodes@@YAXXZ    000000014004d260 f   light_trace.obj
 0001:0004c490       ?TraceTriangle@@YA?AW4qboolean@@PEAUtraceInfo_s@@PEAUtraceTriangle_s@@PEAUtrace_t@@@Z 000000014004d490 f   light_trace.obj
 0001:0004ce40       ?TraceLine@@YAXPEAUtrace_t@@@Z 000000014004de40 f   light_trace.obj
 0001:0004d020       ?SetupTrace@@YAMPEAUtrace_t@@@Z 000000014004e020 f   light_trace.obj
 0001:0004d0a0       ?ColorToBytesLinear@@YAXPEBMPEAEMW4qboolean@@@Z 000000014004e0a0 f   light_ydnar.obj
 0001:0004d340       ?ColorToBytesGamma@@YAXPEBMPEAEMW4qboolean@@@Z 000000014004e340 f   light_ydnar.obj
 0001:0004d680       ?ColorToBytesLinearExposure@@YAXPEBMPEAEMW4qboolean@@@Z 000000014004e680 f   light_ydnar.obj
 0001:0004d950       ?ColorToBytesGammaExposure@@YAXPEBMPEAEMW4qboolean@@@Z 000000014004e950 f   light_ydnar.obj
 0001:0004dcd0       ?ColorToBytesLinearCompensate@@YAXPEBMPEAEMW4qboolean@@@Z 000000014004ecd0 f   light_ydnar.obj
 0001:0004df80       ?ColorToBytesGammaCompensate@@YAXPEBMPEAEMW4qboolean@@@Z 000000014004ef80 f   light_ydnar.obj
 0001:0004e2d0       ?ColorToBytesLinearExposureCompensate@@YAXPEBMPEAEMW4qboolean@@@Z 000000014004f2d0 f   light_ydnar.obj
 0001:0004e5d0       ?ColorToBytesGammaExposureCompensate@@YAXPEBMPEAEMW4qboolean@@@Z 000000014004f5d0 f   light_ydnar.obj
 0001:0004e960       ?SmoothNormals@@YAXXZ      000000014004f960 f   light_ydnar.obj
 0001:00050e60       ?MapRawLightmap@@YAXH@Z    0000000140051e60 f   light_ydnar.obj
 0001:00051c50       ?EnableDirtForEntity@@YAXH@Z 0000000140052c50 f   light_ydnar.obj
 0001:00051cf0       ?SetupDirtForEntity@@YAXH@Z 0000000140052cf0 f   light_ydnar.obj
 0001:00052480       ?SetupDirt@@YAXXZ          0000000140053480 f   light_ydnar.obj
 0001:00052730       ?DirtForSample@@YAMPEAUtrace_t@@H@Z 0000000140053730 f   light_ydnar.obj
 0001:00053030       ?DirtyRawLightmap@@YAXH@Z  0000000140054030 f   light_ydnar.obj
 0001:000536c0       ?ApplyDirt@@YAXPEAM000HMM@Z 00000001400546c0 f   light_ydnar.obj
 0001:00053c80       ?SkyLightAmbientIlluminateLightmap@@YAXPEAUrawLightmap_s@@@Z 0000000140054c80 f   light_ydnar.obj
 0001:00054a00       ?IlluminateRawLightmap@@YAXH@Z 0000000140055a00 f   light_ydnar.obj
 0001:000568e0       ?IlluminateVertexes@@YAXH@Z 00000001400578e0 f   light_ydnar.obj
 0001:00057e10       ?SetupBrushes@@YAXXZ       0000000140058e10 f   light_ydnar.obj
 0001:00057fe0       ?ClusterVisible@@YA?AW4qboolean@@HH@Z 0000000140058fe0 f   light_ydnar.obj
 0001:00058070       ?PointInLeafNum_r@@YAHQEAMH@Z 0000000140059070 f   light_ydnar.obj
 0001:00058180       ?ClusterForPointExt@@YAHQEAMM@Z 0000000140059180 f   light_ydnar.obj
 0001:000584b0       ?ClusterForPointExtFilter@@YAHQEAMMHPEAH@Z 00000001400594b0 f   light_ydnar.obj
 0001:00058520       ?SetupEnvelopes@@YAXW4qboolean@@0@Z 0000000140059520 f   light_ydnar.obj
 0001:00058f10       ?CreateTraceLightsForBounds@@YAXQEAM00HPEAHHPEAUtrace_t@@@Z 0000000140059f10 f   light_ydnar.obj
 0001:000592b0       ?CreateTraceLightsForSurface@@YAXHPEAUtrace_t@@@Z 000000014005a2b0 f   light_ydnar.obj
 0001:000593d0       ?SetupFloodLight@@YAXXZ    000000014005a3d0 f   light_ydnar.obj
 0001:000596f0       ?FloodLightForSample@@YAMPEAUtrace_t@@MW4qboolean@@@Z 000000014005a6f0 f   light_ydnar.obj
 0001:00059b60       ?FloodlightIlluminateLightmap@@YAXPEAUrawLightmap_s@@@Z 000000014005ab60 f   light_ydnar.obj
 0001:00059de0       ?WriteTGA24@@YAXPEADPEAEHHW4qboolean@@@Z 000000014005ade0 f   lightmaps_ydnar.obj
 0001:00059f60       ?ExportLightmaps@@YAXXZ    000000014005af60 f   lightmaps_ydnar.obj
 0001:0005a100       ?ExportLightmapsMain@@YAHHPEAPEAD@Z 000000014005b100 f   lightmaps_ydnar.obj
 0001:0005a230       ?ImportLightmapsMain@@YAHHPEAPEAD@Z 000000014005b230 f   lightmaps_ydnar.obj
 0001:0005a770       ?LoadRawLightmap@@YAPEAUcachePage_s@@H@Z 000000014005b770 f   lightmaps_ydnar.obj
 0001:0005a950       ?FinishRawLightmap@@YAXH@Z 000000014005b950 f   lightmaps_ydnar.obj
 0001:0005b050       ?AddPatchToRawLightmap@@YA?AW4qboolean@@HPEAUrawLightmap_s@@@Z 000000014005c050 f   lightmaps_ydnar.obj
 0001:0005b620       ?AddSurfaceToRawLightmap@@YA?AW4qboolean@@HPEAUrawLightmap_s@@@Z 000000014005c620 f   lightmaps_ydnar.obj
 0001:0005c170       ?SetupSurfaceLightmaps@@YAXXZ 000000014005d170 f   lightmaps_ydnar.obj
 0001:0005cd90       ?AllocateSurfaceLightmaps@@YAXXZ 000000014005dd90 f   lightmaps_ydnar.obj
 0001:0005ebe0       ?FloodLightmapBorders@@YAXPEAUoutLightmap_s@@@Z 000000014005fbe0 f   lightmaps_ydnar.obj
 0001:0005f410       ?StoreSurfaceLightmaps@@YAXXZ 0000000140060410 f   lightmaps_ydnar.obj
 0001:00062440       ?PlaneFromWinding@@YAXPEAUfixedWinding_t@@PEAUvisPlane_t@@@Z 0000000140063440 f   vis.obj
 0001:00062550       ?NewFixedWinding@@YAPEAUfixedWinding_t@@H@Z 0000000140063550 f   vis.obj
 0001:000625c0       ?PComp@@YAHPEBX0@Z         00000001400635c0 f   vis.obj
 0001:000625f0       ?LeafVectorFromPortalVector@@YAHPEAE0@Z 00000001400635f0 f   vis.obj
 0001:00062750       ?ClusterMerge@@YAXH@Z      0000000140063750 f   vis.obj
 0001:00062950       ?CalcPortalVis@@YAXXZ      0000000140063950 f   vis.obj
 0001:000629d0       ?CalcPassageVis@@YAXXZ     00000001400639d0 f   vis.obj
 0001:00062ae0       ?CalcPassagePortalVis@@YAXXZ 0000000140063ae0 f   vis.obj
 0001:00062bf0       ?CalcVis@@YAXXZ            0000000140063bf0 f   vis.obj
 0001:00062eb0       ?SetPortalSphere@@YAXPEAUvportal_t@@@Z 0000000140063eb0 f   vis.obj
 0001:00063010       ?TryMergeLeaves@@YAHHH@Z   0000000140064010 f   vis.obj
 0001:00063370       ?MergeLeaves@@YAXXZ        0000000140064370 f   vis.obj
 0001:000634d0       ?TryMergeWinding@@YAPEAUfixedWinding_t@@PEAU1@0QEAM@Z 00000001400644d0 f   vis.obj
 0001:00063a00       ?MergeLeafPortals@@YAXXZ   0000000140064a00 f   vis.obj
 0001:00063c10       ?LoadPortals@@YAXPEAD@Z    0000000140064c10 f   vis.obj
 0001:00064440       ?VisMain@@YAHHPEAPEAD@Z    0000000140065440 f   vis.obj
 0001:000648d0       ?FreeStackWinding@@YAXPEAUfixedWinding_t@@PEAUpstack_s@@@Z 00000001400658d0 f   visflow.obj
 0001:00064930       ?VisChopWinding@@YAPEAUfixedWinding_t@@PEAU1@PEAUpstack_s@@PEAUvisPlane_t@@@Z 0000000140065930 f   visflow.obj
 0001:00064de0       ?ClipToSeperators@@YAPEAUfixedWinding_t@@PEAU1@00W4qboolean@@PEAUpstack_s@@@Z 0000000140065de0 f   visflow.obj
 0001:00065430       ?RecursiveLeafFlow@@YAXHPEAUthreaddata_t@@PEAUpstack_s@@@Z 0000000140066430 f   visflow.obj
 0001:00065af0       ?PortalFlow@@YAXH@Z        0000000140066af0 f   visflow.obj
 0001:00065cb0       ?RecursivePassageFlow@@YAXPEAUvportal_t@@PEAUthreaddata_t@@PEAUpstack_s@@@Z 0000000140066cb0 f   visflow.obj
 0001:00065f30       ?PassageFlow@@YAXH@Z       0000000140066f30 f   visflow.obj
 0001:00066000       ?RecursivePassagePortalFlow@@YAXPEAUvportal_t@@PEAUthreaddata_t@@PEAUpstack_s@@@Z 0000000140067000 f   visflow.obj
 0001:000666c0       ?PassagePortalFlow@@YAXH@Z 00000001400676c0 f   visflow.obj
 0001:00066790       ?PassageChopWinding@@YAPEAUfixedWinding_t@@PEAU1@0PEAUvisPlane_t@@@Z 0000000140067790 f   visflow.obj
 0001:00066ad0       ?AddSeperators@@YAHPEAUfixedWinding_t@@0W4qboolean@@PEAUvisPlane_t@@H@Z 0000000140067ad0 f   visflow.obj
 0001:000670c0       ?CreatePassages@@YAXH@Z    00000001400680c0 f   visflow.obj
 0001:000676d0       ?PassageMemory@@YAXXZ      00000001400686d0 f   visflow.obj
 0001:00067790       ?SimpleFlood@@YAXPEAUvportal_t@@H@Z 0000000140068790 f   visflow.obj
 0001:00067890       ?BasePortalVis@@YAXH@Z     0000000140068890 f   visflow.obj
 0001:00069480       ?ConvertBSPToASE@@YAHPEADH@Z 000000014006a480 f   convert_ase.obj
 0001:0006a0c0       ?ConvertBSPToMap@@YAHPEADH@Z 000000014006b0c0 f   convert_map.obj
 0001:0006a500       WinPrint                   000000014006b500 f   l_net:l_net.obj
 0001:0006a510       Net_Send                   000000014006b510 f   l_net:l_net.obj
 0001:0006a560       Net_AllocSocket            000000014006b560 f   l_net:l_net.obj
 0001:0006a590       Net_FreeSocket             000000014006b590 f   l_net:l_net.obj
 0001:0006a5a0       Net_Connect                000000014006b5a0 f   l_net:l_net.obj
 0001:0006a650       Net_Disconnect             000000014006b650 f   l_net:l_net.obj
 0001:0006a680       Net_StringToAddress        000000014006b680 f   l_net:l_net.obj
 0001:0006a6a0       Net_Setup                  000000014006b6a0 f   l_net:l_net.obj
 0001:0006a6d0       NMSG_Clear                 000000014006b6d0 f   l_net:l_net.obj
 0001:0006a6e0       NMSG_WriteLong             000000014006b6e0 f   l_net:l_net.obj
 0001:0006a750       NMSG_WriteString           000000014006b750 f   l_net:l_net.obj
 0001:0006a7e0       WINS_ErrorMessage          000000014006b7e0 f   l_net:l_net_wins.obj
 0001:0006a840       WINS_Init                  000000014006b840 f   l_net:l_net_wins.obj
 0001:0006a9b0       WINS_MyAddress             000000014006b9b0 f   l_net:l_net_wins.obj
 0001:0006a9c0       WINS_OpenSocket            000000014006b9c0 f   l_net:l_net_wins.obj
 0001:0006aab0       WINS_OpenReliableSocket    000000014006bab0 f   l_net:l_net_wins.obj
 0001:0006abd0       WINS_CloseSocket           000000014006bbd0 f   l_net:l_net_wins.obj
 0001:0006ac10       WINS_Connect               000000014006bc10 f   l_net:l_net_wins.obj
 0001:0006ac80       WINS_Write                 000000014006bc80 f   l_net:l_net_wins.obj
 0001:0006ad30       WINS_AddrToString          000000014006bd30 f   l_net:l_net_wins.obj
 0001:0006adb0       WINS_StringToAddr          000000014006bdb0 f   l_net:l_net_wins.obj
 0001:0006ae30       WINS_GetSocketAddr         000000014006be30 f   l_net:l_net_wins.obj
 0001:0006ae90       MakeNormalVectors          000000014006be90 f   mathlib:mathlib.obj
 0001:0006af50       VectorCompare              000000014006bf50 f   mathlib:mathlib.obj
 0001:0006afa0       VectorCompareExt           000000014006bfa0 f   mathlib:mathlib.obj
 0001:0006aff0       VectorLength               000000014006bff0 f   mathlib:mathlib.obj
 0001:0006b020       VectorMA                   000000014006c020 f   mathlib:mathlib.obj
 0001:0006b060       VectorNormalize            000000014006c060 f   mathlib:mathlib.obj
 0001:0006b110       ColorNormalize             000000014006c110 f   mathlib:mathlib.obj
 0001:0006b180       ClearBounds                000000014006c180 f   mathlib:mathlib.obj
 0001:0006b1b0       AddPointToBounds           000000014006c1b0 f   mathlib:mathlib.obj
 0001:0006b250       PlaneFromPoints            000000014006c250 f   mathlib:mathlib.obj
 0001:0006b350       NormalToLatLong            000000014006c350 f   mathlib:mathlib.obj
 0001:0006b410       PlaneTypeForNormal         000000014006c410 f   mathlib:mathlib.obj
 0001:0006b470       m4x4_identity              000000014006c470 f   mathlib:m4x4.obj
 0001:0006b4c0       m4x4_assign                000000014006c4c0 f   mathlib:m4x4.obj
 0001:0006b520       m4x4_translation_for_vec3  000000014006c520 f   mathlib:m4x4.obj
 0001:0006b570       m4x4_rotation_for_vec3     000000014006c570 f   mathlib:m4x4.obj
 0001:0006b740       m4x4_scale_for_vec3        000000014006c740 f   mathlib:m4x4.obj
 0001:0006b780       m4x4_translate_by_vec3     000000014006c780 f   mathlib:m4x4.obj
 0001:0006b7b0       m4x4_rotate_by_vec3        000000014006c7b0 f   mathlib:m4x4.obj
 0001:0006b7e0       m4x4_scale_by_vec3         000000014006c7e0 f   mathlib:m4x4.obj
 0001:0006b810       m4x4_pivoted_transform_by_vec3 000000014006c810 f   mathlib:m4x4.obj
 0001:0006b8c0       m4x4_multiply_by_m4x4      000000014006c8c0 f   mathlib:m4x4.obj
 0001:0006bcc0       m4x4_transform_point       000000014006ccc0 f   mathlib:m4x4.obj
 0001:0006bd60       m4x4_transform_normal      000000014006cd60 f   mathlib:m4x4.obj
 0001:0006bdf0       m4x4_transpose             000000014006cdf0 f   mathlib:m4x4.obj
 0001:0006bef0       ?m3_det@@YAMQEAM@Z         000000014006cef0 f   mathlib:m4x4.obj
 0001:0006bf80       ?m4_submat@@YAXQEAM0HH@Z   000000014006cf80 f   mathlib:m4x4.obj
 0001:0006c0d0       ?m4_det@@YAMQEAM@Z         000000014006d0d0 f   mathlib:m4x4.obj
 0001:0006c160       m4x4_invert                000000014006d160 f   mathlib:m4x4.obj
 0001:0006c228       g_free                     000000014006d228 f   glib-2.0:libglib-2.0-0.dll
 0001:0006c22e       g_locale_to_utf8           000000014006d22e f   glib-2.0:libglib-2.0-0.dll
 0001:0006c234       g_strdup                   000000014006d234 f   glib-2.0:libglib-2.0-0.dll
 0001:0006c23a       g_strdown                  000000014006d23a f   glib-2.0:libglib-2.0-0.dll
 0001:0006c240       g_dir_read_name_utf8       000000014006d240 f   glib-2.0:libglib-2.0-0.dll
 0001:0006c246       g_dir_open_utf8            000000014006d246 f   glib-2.0:libglib-2.0-0.dll
 0001:0006c24c       g_dir_close                000000014006d24c f   glib-2.0:libglib-2.0-0.dll
 0001:0006c252       g_slist_append             000000014006d252 f   glib-2.0:libglib-2.0-0.dll
 0001:0006c258       xmlNodeSetContent          000000014006d258 f   libxml2:libxml2-2.dll
 0001:0006c25e       xmlBufferFree              000000014006d25e f   libxml2:libxml2-2.dll
 0001:0006c264       xmlNodeDump                000000014006d264 f   libxml2:libxml2-2.dll
 0001:0006c26a       xmlBufferCreate            000000014006d26a f   libxml2:libxml2-2.dll
 0001:0006c270       xmlNewNode                 000000014006d270 f   libxml2:libxml2-2.dll
 0001:0006c276       xmlAddChild                000000014006d276 f   libxml2:libxml2-2.dll
 0001:0006c27c       xmlNewDoc                  000000014006d27c f   libxml2:libxml2-2.dll
 0001:0006c282       xmlSetProp                 000000014006d282 f   libxml2:libxml2-2.dll
 0001:0006c288       xmlNewDocRawNode           000000014006d288 f   libxml2:libxml2-2.dll
 0001:0006c28e       png_get_IHDR               000000014006d28e f   libpng:libpng14-14.dll
 0001:0006c294       png_read_image             000000014006d294 f   libpng:libpng14-14.dll
 0001:0006c29a       png_write_info             000000014006d29a f   libpng:libpng14-14.dll
 0001:0006c2a0       png_destroy_write_struct   000000014006d2a0 f   libpng:libpng14-14.dll
 0001:0006c2a6       png_set_expand             000000014006d2a6 f   libpng:libpng14-14.dll
 0001:0006c2ac       png_set_write_fn           000000014006d2ac f   libpng:libpng14-14.dll
 0001:0006c2b2       png_read_info              000000014006d2b2 f   libpng:libpng14-14.dll
 0001:0006c2b8       png_set_iCCP               000000014006d2b8 f   libpng:libpng14-14.dll
 0001:0006c2be       png_set_strip_16           000000014006d2be f   libpng:libpng14-14.dll
 0001:0006c2c4       png_set_packing            000000014006d2c4 f   libpng:libpng14-14.dll
 0001:0006c2ca       png_sig_cmp                000000014006d2ca f   libpng:libpng14-14.dll
 0001:0006c2d0       png_create_read_struct     000000014006d2d0 f   libpng:libpng14-14.dll
 0001:0006c2d6       png_write_end              000000014006d2d6 f   libpng:libpng14-14.dll
 0001:0006c2dc       png_get_io_ptr             000000014006d2dc f   libpng:libpng14-14.dll
 0001:0006c2e2       png_create_info_struct     000000014006d2e2 f   libpng:libpng14-14.dll
 0001:0006c2e8       png_set_read_fn            000000014006d2e8 f   libpng:libpng14-14.dll
 0001:0006c2ee       png_write_row              000000014006d2ee f   libpng:libpng14-14.dll
 0001:0006c2f4       png_get_valid              000000014006d2f4 f   libpng:libpng14-14.dll
 0001:0006c2fa       png_set_sRGB               000000014006d2fa f   libpng:libpng14-14.dll
 0001:0006c300       png_create_write_struct    000000014006d300 f   libpng:libpng14-14.dll
 0001:0006c306       png_set_filler             000000014006d306 f   libpng:libpng14-14.dll
 0001:0006c30c       png_set_filter             000000014006d30c f   libpng:libpng14-14.dll
 0001:0006c312       png_set_IHDR               000000014006d312 f   libpng:libpng14-14.dll
 0001:0006c318       png_set_interlace_handling 000000014006d318 f   libpng:libpng14-14.dll
 0001:0006c31e       png_get_channels           000000014006d31e f   libpng:libpng14-14.dll
 0001:0006c324       png_set_compression_level  000000014006d324 f   libpng:libpng14-14.dll
 0001:0006c32a       png_destroy_read_struct    000000014006d32a f   libpng:libpng14-14.dll
 0001:0006c330       DDSLittleLong              000000014006d330 f   ddslib:ddslib.obj
 0001:0006c340       DDSLittleShort             000000014006d340 f   ddslib:ddslib.obj
 0001:0006c3b0       DDSGetInfo                 000000014006d3b0 f   ddslib:ddslib.obj
 0001:0006cf50       DDSDecompress              000000014006df50 f   ddslib:ddslib.obj
 0001:0006d070       LoadJPGBuff                000000014006e070 f   jpeg6:jpgload.obj
 0001:0006d260       jpeg_create_decompress     000000014006e260 f   jpeg6:jdapimin.obj
 0001:0006d310       jpeg_destroy_decompress    000000014006e310 f   jpeg6:jdapimin.obj
 0001:0006d4f0       jpeg_consume_input         000000014006e4f0 f   jpeg6:jdapimin.obj
 0001:0006d5e0       jpeg_finish_decompress     000000014006e5e0 f   jpeg6:jdapimin.obj
 0001:0006d6b0       jpeg_read_header           000000014006e6b0 f   jpeg6:jdapimin.obj
 0001:0006d7c0       jpeg_read_scanlines        000000014006e7c0 f   jpeg6:jdapistd.obj
 0001:0006d890       jpeg_start_decompress      000000014006e890 f   jpeg6:jdapistd.obj
 0001:0006da00       jpeg_stdio_src             000000014006ea00 f   jpeg6:jdatasrc.obj
 0001:0006dc50       jpeg_std_error             000000014006ec50 f   jpeg6:jerror.obj
 0001:0006e360       jinit_input_controller     000000014006f360 f   jpeg6:jdinput.obj
 0001:0006ff30       jpeg_resync_to_restart     0000000140070f30 f   jpeg6:jdmarker.obj
 0001:00070090       jinit_marker_reader        0000000140071090 f   jpeg6:jdmarker.obj
 0001:00070ee0       jinit_memory_mgr           0000000140071ee0 f   jpeg6:jmemmgr.obj
 0001:00071050       jpeg_abort                 0000000140072050 f   jpeg6:jcomapi.obj
 0001:00071090       jpeg_destroy               0000000140072090 f   jpeg6:jcomapi.obj
 0001:000710d0       jpeg_alloc_quant_table     00000001400720d0 f   jpeg6:jcomapi.obj
 0001:000710f0       jpeg_alloc_huff_table      00000001400720f0 f   jpeg6:jcomapi.obj
 0001:00071120       jpeg_calc_output_dimensions 0000000140072120 f   jpeg6:jdmaster.obj
 0001:000715b0       jinit_master_decompress    00000001400725b0 f   jpeg6:jdmaster.obj
 0001:00071600       jdiv_round_up              0000000140072600 f   jpeg6:jutils.obj
 0001:00071610       jround_up                  0000000140072610 f   jpeg6:jutils.obj
 0001:00071630       jcopy_sample_rows          0000000140072630 f   jpeg6:jutils.obj
 0001:000716a0       jzero_far                  00000001400726a0 f   jpeg6:jutils.obj
 0001:000716b0       ?jpeg_get_large@@YAPEAXPEAUjpeg_common_struct@@_K@Z 00000001400726b0 f   jpeg6:jmemnobs.obj
 0001:000716b0       ?jpeg_get_small@@YAPEAXPEAUjpeg_common_struct@@_K@Z 00000001400726b0 f   jpeg6:jmemnobs.obj
 0001:000716c0       ?jpeg_free_small@@YAXPEAUjpeg_common_struct@@PEAX_K@Z 00000001400726c0 f   jpeg6:jmemnobs.obj
 0001:000716c0       ?jpeg_free_large@@YAXPEAUjpeg_common_struct@@PEAX_K@Z 00000001400726c0 f   jpeg6:jmemnobs.obj
 0001:000716d0       ?jpeg_mem_available@@YAJPEAUjpeg_common_struct@@JJJ@Z 00000001400726d0 f   jpeg6:jmemnobs.obj
 0001:000716e0       ?jpeg_open_backing_store@@YAXPEAUjpeg_common_struct@@PEAUbacking_store_struct@@J@Z 00000001400726e0 f   jpeg6:jmemnobs.obj
 0001:000716f0       ?jpeg_mem_init@@YAJPEAUjpeg_common_struct@@@Z 00000001400726f0 f   jpeg6:jmemnobs.obj
 0001:00071e50       jinit_d_main_controller    0000000140072e50 f   jpeg6:jdmainct.obj
 0001:000722b0       jinit_d_coef_controller    00000001400732b0 f   jpeg6:jdcoefct.obj
 0001:000723d0       ?jpeg_make_d_derived_tbl@@YAXPEAUjpeg_decompress_struct@@PEAUJHUFF_TBL@@PEAPEAUd_derived_tbl@@@Z 00000001400733d0 f   jpeg6:jdhuff.obj
 0001:000725e0       ?jpeg_fill_bit_buffer@@YAEPEAUbitread_working_state@@HHH@Z 00000001400735e0 f   jpeg6:jdhuff.obj
 0001:00072710       ?jpeg_huff_decode@@YAHPEAUbitread_working_state@@HHPEAUd_derived_tbl@@H@Z 0000000140073710 f   jpeg6:jdhuff.obj
 0001:00072f00       jinit_huff_decoder         0000000140073f00 f   jpeg6:jdhuff.obj
 0001:00073270       jinit_inverse_dct          0000000140074270 f   jpeg6:jddctmgr.obj
 0001:00073470       jinit_d_post_controller    0000000140074470 f   jpeg6:jdpostct.obj
 0001:00073ba0       jinit_upsampler            0000000140074ba0 f   jpeg6:jdsample.obj
 0001:00074360       jinit_color_deconverter    0000000140075360 f   jpeg6:jdcolor.obj
 0001:00074500       ?jpeg_idct_float@@YAXPEAUjpeg_decompress_struct@@PEAUjpeg_component_info@@PEAFPEAPEAEI@Z 0000000140075500 f   jpeg6:jidctflt.obj
 0001:00074a10       PicoInit                   0000000140075a10 f   picomodel:picomodel.obj
 0001:00074a20       PicoSetMallocFunc          0000000140075a20 f   picomodel:picomodel.obj
 0001:00074a40       PicoSetFreeFunc            0000000140075a40 f   picomodel:picomodel.obj
 0001:00074a60       PicoSetLoadFileFunc        0000000140075a60 f   picomodel:picomodel.obj
 0001:00074a80       PicoSetFreeFileFunc        0000000140075a80 f   picomodel:picomodel.obj
 0001:00074aa0       PicoSetPrintFunc           0000000140075aa0 f   picomodel:picomodel.obj
 0001:00074ac0       PicoNewModel               0000000140075ac0 f   picomodel:picomodel.obj
 0001:00074b10       PicoAdjustModel            0000000140075b10 f   picomodel:picomodel.obj
 0001:00074c40       PicoNewShader              0000000140075c40 f   picomodel:picomodel.obj
 0001:00074d20       PicoFreeShader             0000000140075d20 f   picomodel:picomodel.obj
 0001:00074d60       PicoFindShader             0000000140075d60 f   picomodel:picomodel.obj
 0001:00074e50       PicoFreeSurface            0000000140075e50 f   picomodel:picomodel.obj
 0001:00074f30       PicoAdjustSurface          0000000140075f30 f   picomodel:picomodel.obj
 0001:00075270       PicoNewSkin                0000000140076270 f   picomodel:picomodel.obj
 0001:000752f0       PicoAdjustSkin             00000001400762f0 f   picomodel:picomodel.obj
 0001:00075390       PicoNewSkinItem            0000000140076390 f   picomodel:picomodel.obj
 0001:00075400       PicoFreeSkinItem           0000000140076400 f   picomodel:picomodel.obj
 0001:00075440       PicoSetModelFrameNum       0000000140076440 f   picomodel:picomodel.obj
 0001:00075450       PicoSetModelNumFrames      0000000140076450 f   picomodel:picomodel.obj
 0001:00075460       PicoSetShaderMapName       0000000140076460 f   picomodel:picomodel.obj
 0001:00075460       PicoSetModelFileName       0000000140076460 f   picomodel:picomodel.obj
 0001:000754a0       PicoSetShaderAmbientColor  00000001400764a0 f   picomodel:picomodel.obj
 0001:000754d0       PicoSetShaderDiffuseColor  00000001400764d0 f   picomodel:picomodel.obj
 0001:00075500       PicoSetShaderSpecularColor 0000000140076500 f   picomodel:picomodel.obj
 0001:00075530       PicoSetShaderTransparency  0000000140076530 f   picomodel:picomodel.obj
 0001:00075570       PicoSetShaderShininess     0000000140076570 f   picomodel:picomodel.obj
 0001:000755b0       PicoSetSurfaceType         00000001400765b0 f   picomodel:picomodel.obj
 0001:000755c0       PicoSetSurfaceName         00000001400765c0 f   picomodel:picomodel.obj
 0001:00075600       PicoSetSurfaceShader       0000000140076600 f   picomodel:picomodel.obj
 0001:00075610       PicoSetSurfaceXYZ          0000000140076610 f   picomodel:picomodel.obj
 0001:000756a0       PicoSetSurfaceNormal       00000001400766a0 f   picomodel:picomodel.obj
 0001:00075710       PicoSetSurfaceST           0000000140076710 f   picomodel:picomodel.obj
 0001:00075790       PicoSetSurfaceColor        0000000140076790 f   picomodel:picomodel.obj
 0001:00075840       PicoSetSurfaceIndex        0000000140076840 f   picomodel:picomodel.obj
 0001:000758a0       PicoSetSurfaceSmoothingGroup 00000001400768a0 f   picomodel:picomodel.obj
 0001:000758f0       PicoSetSkinNum             00000001400768f0 f   picomodel:picomodel.obj
 0001:00075900       PicoSetSkinItemObject      0000000140076900 f   picomodel:picomodel.obj
 0001:00075940       PicoSetModelName           0000000140076940 f   picomodel:picomodel.obj
 0001:00075940       PicoSetSkinItemReplacement 0000000140076940 f   picomodel:picomodel.obj
 0001:00075940       PicoSetShaderName          0000000140076940 f   picomodel:picomodel.obj
 0001:00075980       PicoGetModelName           0000000140076980 f   picomodel:picomodel.obj
 0001:000759a0       PicoGetShaderMapName       00000001400769a0 f   picomodel:picomodel.obj
 0001:000759a0       PicoGetModelFileName       00000001400769a0 f   picomodel:picomodel.obj
 0001:000759c0       PicoGetModelFrameNum       00000001400769c0 f   picomodel:picomodel.obj
 0001:000759d0       PicoGetModelShader         00000001400769d0 f   picomodel:picomodel.obj
 0001:00075a00       PicoGetModelNumSurfaces    0000000140076a00 f   picomodel:picomodel.obj
 0001:00075a10       PicoGetModelSurface        0000000140076a10 f   picomodel:picomodel.obj
 0001:00075a40       PicoGetSurfaceType         0000000140076a40 f   picomodel:picomodel.obj
 0001:00075a50       PicoGetSurfaceNumVertexes  0000000140076a50 f   picomodel:picomodel.obj
 0001:00075a60       PicoGetSurfaceXYZ          0000000140076a60 f   picomodel:picomodel.obj
 0001:00075a90       PicoGetSurfaceNormal       0000000140076a90 f   picomodel:picomodel.obj
 0001:00075ac0       PicoGetSurfaceST           0000000140076ac0 f   picomodel:picomodel.obj
 0001:00075af0       PicoGetSurfaceColor        0000000140076af0 f   picomodel:picomodel.obj
 0001:00075b20       PicoGetSurfaceNumIndexes   0000000140076b20 f   picomodel:picomodel.obj
 0001:00075b30       PicoGetSurfaceIndexes      0000000140076b30 f   picomodel:picomodel.obj
 0001:00075b50       PicoGetSurfaceShaderNameForSkin 0000000140076b50 f   picomodel:picomodel.obj
 0001:00075c30       PicoVertexCoordGenerateHash 0000000140076c30 f   picomodel:picomodel.obj
 0001:00075d50       PicoNewVertexCombinationHashTable 0000000140076d50 f   picomodel:picomodel.obj
 0001:00075d80       PicoFreeVertexCombinationHashTable 0000000140076d80 f   picomodel:picomodel.obj
 0001:00075e00       PicoFindVertexCombinationInHashTable 0000000140076e00 f   picomodel:picomodel.obj
 0001:00075fc0       PicoAddVertexCombinationToHashTable 0000000140076fc0 f   picomodel:picomodel.obj
 0001:000760b0       PicoFindSurfaceVertexNum   00000001400770b0 f   picomodel:picomodel.obj
 0001:000763b0       indexarray_push_back       00000001400773b0 f   picomodel:picomodel.obj
 0001:000763c0       indexarray_reserve         00000001400773c0 f   picomodel:picomodel.obj
 0001:000763f0       binarytree_clear           00000001400773f0 f   picomodel:picomodel.obj
 0001:000763f0       indexarray_clear           00000001400773f0 f   picomodel:picomodel.obj
 0001:00076400       binarytree_extend          0000000140077400 f   picomodel:picomodel.obj
 0001:00076420       binarytree_size            0000000140077420 f   picomodel:picomodel.obj
 0001:00076430       binarytree_reserve         0000000140077430 f   picomodel:picomodel.obj
 0001:00076460       UniqueIndices_size         0000000140077460 f   picomodel:picomodel.obj
 0001:00076470       UniqueIndices_reserve      0000000140077470 f   picomodel:picomodel.obj
 0001:000764a0       UniqueIndices_init         00000001400774a0 f   picomodel:picomodel.obj
 0001:000764b0       UniqueIndices_destroy      00000001400774b0 f   picomodel:picomodel.obj
 0001:000764d0       UniqueIndices_find_or_insert 00000001400774d0 f   picomodel:picomodel.obj
 0001:000765a0       UniqueIndices_insert       00000001400775a0 f   picomodel:picomodel.obj
 0001:000765e0       lessSmoothVertex           00000001400775e0 f   picomodel:picomodel.obj
 0001:00076660       _pico_vertices_combine_shared_normals 0000000140077660 f   picomodel:picomodel.obj
 0001:000767b0       _pico_triangles_generate_weighted_normals 00000001400777b0 f   picomodel:picomodel.obj
 0001:00076890       _pico_normals_zero         0000000140077890 f   picomodel:picomodel.obj
 0001:000768d0       _pico_normals_normalize    00000001400778d0 f   picomodel:picomodel.obj
 0001:00076910       _pico_length_vec           0000000140077910 f   picomodel:picomodel.obj
 0001:00076940       _pico_normal_is_unit_length 0000000140077940 f   picomodel:picomodel.obj
 0001:00076980       _pico_normal_within_tolerance 0000000140077980 f   picomodel:picomodel.obj
 0001:000769b0       _pico_normals_assign_generated_normals 00000001400779b0 f   picomodel:picomodel.obj
 0001:00076a20       PicoFixSurfaceNormals      0000000140077a20 f   picomodel:picomodel.obj
 0001:00076ac0       PicoRemapModel             0000000140077ac0 f   picomodel:picomodel.obj
 0001:00077010       PicoParseToken             0000000140078010 f   picomodel:picomodel.obj
 0001:000772a0       PicoLoadSkinFiles          00000001400782a0 f   picomodel:picomodel.obj
 0001:00077560       PicoModuleLoadModel        0000000140078560 f   picomodel:picomodel.obj
 0001:00077640       PicoLoadModel              0000000140078640 f   picomodel:picomodel.obj
 0001:00077730       PicoNewSurface             0000000140078730 f   picomodel:picomodel.obj
 0001:000777e0       PicoFreeSkin               00000001400787e0 f   picomodel:picomodel.obj
 0001:00077840       PicoAddTriangleToModel     0000000140078840 f   picomodel:picomodel.obj
 0001:00077ad0       PicoFreeModel              0000000140078ad0 f   picomodel:picomodel.obj
 0001:00077bc0       _pico_alloc                0000000140078bc0 f   picomodel:picointernal.obj
 0001:00077c20       _pico_calloc               0000000140078c20 f   picomodel:picointernal.obj
 0001:00077c90       _pico_clone_alloc          0000000140078c90 f   picomodel:picointernal.obj
 0001:00077cf0       _pico_free                 0000000140078cf0 f   picomodel:picointernal.obj
 0001:00077d10       _pico_load_file            0000000140078d10 f   picomodel:picointernal.obj
 0001:00077d30       _pico_free_file            0000000140078d30 f   picomodel:picointernal.obj
 0001:00077d60       _pico_printf               0000000140078d60 f   picomodel:picointernal.obj
 0001:00077df0       _pico_first_token          0000000140078df0 f   picomodel:picointernal.obj
 0001:00077e20       _pico_strltrim             0000000140078e20 f   picomodel:picointernal.obj
 0001:00077ea0       _pico_strrtrim             0000000140078ea0 f   picomodel:picointernal.obj
 0001:00077f60       _pico_strlwr               0000000140078f60 f   picomodel:picointernal.obj
 0001:00077f90       _pico_strchcount           0000000140078f90 f   picomodel:picointernal.obj
 0001:00077fc0       _pico_zero_bounds          0000000140078fc0 f   picomodel:picointernal.obj
 0001:00077ff0       _pico_expand_bounds        0000000140078ff0 f   picomodel:picointernal.obj
 0001:00078050       _pico_zero_vec             0000000140079050 f   picomodel:picointernal.obj
 0001:00078060       _pico_zero_vec2            0000000140079060 f   picomodel:picointernal.obj
 0001:00078070       _pico_set_vec              0000000140079070 f   picomodel:picointernal.obj
 0001:00078080       _pico_copy_vec             0000000140079080 f   picomodel:picointernal.obj
 0001:000780a0       _pico_copy_vec2            00000001400790a0 f   picomodel:picointernal.obj
 0001:000780b0       _pico_normalize_vec        00000001400790b0 f   picomodel:picointernal.obj
 0001:00078140       _pico_add_vec              0000000140079140 f   picomodel:picointernal.obj
 0001:00078170       _pico_subtract_vec         0000000140079170 f   picomodel:picointernal.obj
 0001:000781a0       _pico_scale_vec            00000001400791a0 f   picomodel:picointernal.obj
 0001:000781d0       _pico_dot_vec              00000001400791d0 f   picomodel:picointernal.obj
 0001:000781d0       dot                        00000001400791d0 f   picomodel:vecmath.obj
 0001:00078200       cross                      0000000140079200 f   picomodel:vecmath.obj
 0001:00078200       _pico_cross_vec            0000000140079200 f   picomodel:picointernal.obj
 0001:00078260       _pico_set_color            0000000140079260 f   picomodel:picointernal.obj
 0001:00078280       _pico_copy_color           0000000140079280 f   picomodel:picointernal.obj
 0001:000782a0       _pico_little_long          00000001400792a0 f   picomodel:picointernal.obj
 0001:000782b0       _pico_little_short         00000001400792b0 f   picomodel:picointernal.obj
 0001:000782c0       _pico_little_float         00000001400792c0 f   picomodel:picointernal.obj
 0001:000782c0       ?jpeg_mem_term@@YAXPEAUjpeg_common_struct@@@Z 00000001400792c0 f   jpeg6:jmemnobs.obj
 0001:000782d0       _pico_stristr              00000001400792d0 f   picomodel:picointernal.obj
 0001:00078350       _pico_unixify              0000000140079350 f   picomodel:picointernal.obj
 0001:00078380       _pico_nopath               0000000140079380 f   picomodel:picointernal.obj
 0001:00078420       _pico_setfext              0000000140079420 f   picomodel:picointernal.obj
 0001:000784f0       _pico_new_parser           00000001400794f0 f   picomodel:picointernal.obj
 0001:000785c0       _pico_free_parser          00000001400795c0 f   picomodel:picointernal.obj
 0001:000785f0       _pico_parse_ex             00000001400795f0 f   picomodel:picointernal.obj
 0001:00078750       _pico_parse_first          0000000140079750 f   picomodel:picointernal.obj
 0001:00078790       _pico_parse                0000000140079790 f   picomodel:picointernal.obj
 0001:000787c0       _pico_parse_skip_rest      00000001400797c0 f   picomodel:picointernal.obj
 0001:000787f0       _pico_parse_skip_braced    00000001400797f0 f   picomodel:picointernal.obj
 0001:000788a0       _pico_parse_check          00000001400798a0 f   picomodel:picointernal.obj
 0001:00078900       _pico_parse_int            0000000140079900 f   picomodel:picointernal.obj
 0001:00078950       _pico_parse_float          0000000140079950 f   picomodel:picointernal.obj
 0001:000789a0       _pico_parse_vec            00000001400799a0 f   picomodel:picointernal.obj
 0001:00078a40       _pico_parse_vec2           0000000140079a40 f   picomodel:picointernal.obj
 0001:00078ae0       _pico_new_memstream        0000000140079ae0 f   picomodel:picointernal.obj
 0001:00078b40       _pico_free_memstream       0000000140079b40 f   picomodel:picointernal.obj
 0001:00078b60       _pico_memstream_read       0000000140079b60 f   picomodel:picointernal.obj
 0001:00078bf0       _pico_memstream_getc       0000000140079bf0 f   picomodel:picointernal.obj
 0001:00078c30       _pico_memstream_seek       0000000140079c30 f   picomodel:picointernal.obj
 0001:00078cc0       _pico_memstream_tell       0000000140079cc0 f   picomodel:picointernal.obj
 0001:00078ce0       _pico_realloc              0000000140079ce0 f   picomodel:picointernal.obj
 0001:00078d80       PicoModuleList             0000000140079d80 f   picomodel:picomodules.obj
 0001:00079a30       _terrain_load_tga_buffer   000000014007aa30 f   picomodel:pm_terrain.obj
 0001:0007d970       _ase_get_submaterial_or_default 000000014007e970 f   picomodel:pm_ase.obj
 0001:000808a0       lwFreeLayer                00000001400818a0 f   picomodel:lwo2.obj
 0001:000808f0       lwFreeObject               00000001400818f0 f   picomodel:lwo2.obj
 0001:00080960       lwGetObject                0000000140081960 f   picomodel:lwo2.obj
 0001:00080eb0       lwValidateObject           0000000140081eb0 f   picomodel:lwo2.obj
 0001:00080f80       lwListFree                 0000000140081f80 f   picomodel:list.obj
 0001:00080fb0       lwListAdd                  0000000140081fb0 f   picomodel:list.obj
 0001:00080fe0       lwListInsert               0000000140081fe0 f   picomodel:list.obj
 0001:00081080       lwFreeVMap                 0000000140082080 f   picomodel:vmap.obj
 0001:000810f0       lwGetVMap                  00000001400820f0 f   picomodel:vmap.obj
 0001:00081350       lwGetPointVMaps            0000000140082350 f   picomodel:vmap.obj
 0001:000814b0       lwGetPolyVMaps             00000001400824b0 f   picomodel:vmap.obj
 0001:00081690       lwFreePoints               0000000140082690 f   picomodel:pntspols.obj
 0001:00081720       lwFreePolygons             0000000140082720 f   picomodel:pntspols.obj
 0001:00081800       lwGetPoints                0000000140082800 f   picomodel:pntspols.obj
 0001:00081a20       lwGetBoundingBox           0000000140082a20 f   picomodel:pntspols.obj
 0001:00081b10       lwAllocPolygons            0000000140082b10 f   picomodel:pntspols.obj
 0001:00081c30       lwGetPolygons              0000000140082c30 f   picomodel:pntspols.obj
 0001:00081e00       lwGetPolyNormals           0000000140082e00 f   picomodel:pntspols.obj
 0001:00081f70       lwGetPointPolygons         0000000140082f70 f   picomodel:pntspols.obj
 0001:000820d0       lwResolvePolySurfaces      00000001400830d0 f   picomodel:pntspols.obj
 0001:000822a0       lwGetVertNormals           00000001400832a0 f   picomodel:pntspols.obj
 0001:00082520       lwFreeTags                 0000000140083520 f   picomodel:pntspols.obj
 0001:000825a0       lwGetTags                  00000001400835a0 f   picomodel:pntspols.obj
 0001:000826f0       lwGetPolygonTags           00000001400836f0 f   picomodel:pntspols.obj
 0001:00082830       lwFreePlugin               0000000140083830 f   picomodel:surface.obj
 0001:00082880       lwFreeTexture              0000000140083880 f   picomodel:surface.obj
 0001:00082910       lwFreeSurface              0000000140083910 f   picomodel:surface.obj
 0001:00082a10       lwGetTHeader               0000000140083a10 f   picomodel:surface.obj
 0001:00082ba0       lwGetTMap                  0000000140083ba0 f   picomodel:surface.obj
 0001:00082dd0       lwGetImageMap              0000000140083dd0 f   picomodel:surface.obj
 0001:00083050       lwGetProcedural            0000000140084050 f   picomodel:surface.obj
 0001:000831f0       lwGetGradient              00000001400841f0 f   picomodel:surface.obj
 0001:000834a0       lwGetTexture               00000001400844a0 f   picomodel:surface.obj
 0001:000835e0       lwGetShader                00000001400845e0 f   picomodel:surface.obj
 0001:000838b0       lwDefaultSurface           00000001400848b0 f   picomodel:surface.obj
 0001:00083920       lwGetSurface               0000000140084920 f   picomodel:surface.obj
 0001:00083f60       lwFreeClip                 0000000140084f60 f   picomodel:clip.obj
 0001:00084030       lwGetClip                  0000000140085030 f   picomodel:clip.obj
 0001:000844b0       lwFreeEnvelope             00000001400854b0 f   picomodel:envelope.obj
 0001:00084530       lwGetEnvelope              0000000140085530 f   picomodel:envelope.obj
 0001:00084860       set_flen                   0000000140085860 f   picomodel:lwio.obj
 0001:00084870       get_flen                   0000000140085870 f   picomodel:lwio.obj
 0001:00084880       revbytes                   0000000140085880 f   picomodel:lwio.obj
 0001:00084900       getbytes                   0000000140085900 f   picomodel:lwio.obj
 0001:000849b0       getU2                      00000001400859b0 f   picomodel:lwio.obj
 0001:000849b0       getI2                      00000001400859b0 f   picomodel:lwio.obj
 0001:00084a10       getI4                      0000000140085a10 f   picomodel:lwio.obj
 0001:00084a10       getU4                      0000000140085a10 f   picomodel:lwio.obj
 0001:00084a70       getU1                      0000000140085a70 f   picomodel:lwio.obj
 0001:00084ab0       getVX                      0000000140085ab0 f   picomodel:lwio.obj
 0001:00084b60       getF4                      0000000140085b60 f   picomodel:lwio.obj
 0001:00084bc0       getS0                      0000000140085bc0 f   picomodel:lwio.obj
 0001:00084d00       sgetI2                     0000000140085d00 f   picomodel:lwio.obj
 0001:00084d60       sgetU2                     0000000140085d60 f   picomodel:lwio.obj
 0001:00084da0       sgetU4                     0000000140085da0 f   picomodel:lwio.obj
 0001:00084e00       sgetVX                     0000000140085e00 f   picomodel:lwio.obj
 0001:00084e80       sgetF4                     0000000140085e80 f   picomodel:lwio.obj
 0001:00084ee0       sgetS0                     0000000140085ee0 f   picomodel:lwio.obj
 0001:00085340       lwGetSurface5              0000000140086340 f   picomodel:lwob.obj
 0001:00085d40       lwGetPolygons5             0000000140086d40 f   picomodel:lwob.obj
 0001:00085f00       lwGetObject5               0000000140086f00 f   picomodel:lwob.obj
 0001:00086180       lwValidateObject5          0000000140087180 f   picomodel:lwob.obj
 0001:00086230       normalize                  0000000140087230 f   picomodel:vecmath.obj
 0001:0008627c       _stricmp                   000000014008727c f   MSVCRT:MSVCR90.dll
 0001:00086282       rename                     0000000140087282 f   MSVCRT:MSVCR90.dll
 0001:00086288       sprintf                    0000000140087288 f   MSVCRT:MSVCR90.dll
 0001:0008628e       sscanf                     000000014008728e f   MSVCRT:MSVCR90.dll
 0001:00086294       strncmp                    0000000140087294 f   MSVCRT:MSVCR90.dll
 0001:0008629a       free                       000000014008729a f   MSVCRT:MSVCR90.dll
 0001:000862a0       atoi                       00000001400872a0 f   MSVCRT:MSVCR90.dll
 0001:000862a6       remove                     00000001400872a6 f   MSVCRT:MSVCR90.dll
 0001:000862ac       ftell                      00000001400872ac f   MSVCRT:MSVCR90.dll
 0001:000862b2       realloc                    00000001400872b2 f   MSVCRT:MSVCR90.dll
 0001:000862b8       atof                       00000001400872b8 f   MSVCRT:MSVCR90.dll
 0001:000862be       _time64                    00000001400872be f   MSVCRT:MSVCR90.dll
 0001:000862c4       asctime                    00000001400872c4 f   MSVCRT:MSVCR90.dll
 0001:000862ca       _localtime64               00000001400872ca f   MSVCRT:MSVCR90.dll
 0001:000862d0       fseek                      00000001400872d0 f   MSVCRT:MSVCR90.dll
 0001:000862d6       fclose                     00000001400872d6 f   MSVCRT:MSVCR90.dll
 0001:000862dc       tmpnam                     00000001400872dc f   MSVCRT:MSVCR90.dll
 0001:000862e2       fopen                      00000001400872e2 f   MSVCRT:MSVCR90.dll
 0001:000862e8       fwrite                     00000001400872e8 f   MSVCRT:MSVCR90.dll
 0001:000862ee       strstr                     00000001400872ee f   MSVCRT:MSVCR90.dll
 0001:000862f4       _onexit                    00000001400872f4 f   MSVCRT:atonexit.obj
 0001:000863a4       atexit                     00000001400873a4 f   MSVCRT:atonexit.obj
 0001:000863bc       printf                     00000001400873bc f   MSVCRT:MSVCR90.dll
 0001:000863c2       rand                       00000001400873c2 f   MSVCRT:MSVCR90.dll
 0001:000863c8       srand                      00000001400873c8 f   MSVCRT:MSVCR90.dll
 0001:000863ce       memmove                    00000001400873ce f   MSVCRT:MSVCR90.dll
 0001:000863d4       _strnicmp                  00000001400873d4 f   MSVCRT:MSVCR90.dll
 0001:000863da       strchr                     00000001400873da f   MSVCRT:MSVCR90.dll
 0001:000863e0       qsort                      00000001400873e0 f   MSVCRT:MSVCR90.dll
 0001:000863e6       strncpy                    00000001400873e6 f   MSVCRT:MSVCR90.dll
 0001:000863ec       fprintf                    00000001400873ec f   MSVCRT:MSVCR90.dll
 0001:000863f2       exit                       00000001400873f2 f   MSVCRT:MSVCR90.dll
 0001:000863f8       malloc                     00000001400873f8 f   MSVCRT:MSVCR90.dll
 0001:000863fe       strerror                   00000001400873fe f   MSVCRT:MSVCR90.dll
 0001:00086404       fputs                      0000000140087404 f   MSVCRT:MSVCR90.dll
 0001:0008640a       _errno                     000000014008740a f   MSVCRT:MSVCR90.dll
 0001:00086410       _mkdir                     0000000140087410 f   MSVCRT:MSVCR90.dll
 0001:00086416       fread                      0000000140087416 f   MSVCRT:MSVCR90.dll
 0001:0008641c       _getcwd                    000000014008741c f   MSVCRT:MSVCR90.dll
 0001:00086422       vsprintf                   0000000140087422 f   MSVCRT:MSVCR90.dll
 0001:00086428       __iob_func                 0000000140087428 f   MSVCRT:MSVCR90.dll
 0001:0008642e       fflush                     000000014008742e f   MSVCRT:MSVCR90.dll
 0001:00086434       rewind                     0000000140087434 f   MSVCRT:MSVCR90.dll
 0001:0008643a       _access                    000000014008743a f   MSVCRT:MSVCR90.dll
 0001:00086440       _strdup                    0000000140087440 f   MSVCRT:MSVCR90.dll
 0001:00086446       strrchr                    0000000140087446 f   MSVCRT:MSVCR90.dll
 0001:0008644c       sscanf_s                   000000014008744c f   MSVCRT:MSVCR90.dll
 0001:00086452       fscanf                     0000000140087452 f   MSVCRT:MSVCR90.dll
 0001:00086728       mainCRTStartup             0000000140087728 f   MSVCRT:crtexe.obj
 0001:0008673a       memset                     000000014008773a f   MSVCRT:MSVCR90.dll
 0001:00086740       _setjmp                    0000000140087740 f   MSVCRT:MSVCR90.dll
 0001:00086746       memcpy                     0000000140087746 f   MSVCRT:MSVCR90.dll
 0001:00086750       sin                        0000000140087750 f   MSVCRT:MSVCR90.dll
 0001:00086756       cos                        0000000140087756 f   MSVCRT:MSVCR90.dll
 0001:0008675c       acosf                      000000014008775c f   MSVCRT:MSVCR90.dll
 0001:00086762       log                        0000000140087762 f   MSVCRT:MSVCR90.dll
 0001:00086768       __C_specific_handler       0000000140087768 f   MSVCRT:MSVCR90.dll
 0001:0008676e       _unlock                    000000014008776e f   MSVCRT:MSVCR90.dll
 0001:00086774       __dllonexit                0000000140087774 f   MSVCRT:MSVCR90.dll
 0001:0008677a       _lock                      000000014008777a f   MSVCRT:MSVCR90.dll
 0001:00086780       ?__CxxUnhandledExceptionFilter@@YAJPEAU_EXCEPTION_POINTERS@@@Z 0000000140087780 f   MSVCRT:unhandld.obj
 0001:000867c4       __CxxSetUnhandledExceptionFilter 00000001400877c4 f   MSVCRT:unhandld.obj
 0001:000867dc       _amsg_exit                 00000001400877dc f   MSVCRT:MSVCR90.dll
[...]
 0001:0004cbd0       ?TraceLine_r@@YA?AW4qboolean@@HQEAM0PEAUtrace_t@@@Z 000000014004dbd0 f    CIL library: CIL module
 0001:0004f2c0       ?CalcTangentVectors@@YA?AW4qboolean@@HPEAPEAUbspDrawVert_t@@PEAY02M1@Z 00000001400502c0 f    CIL library: CIL module
 0001:0004f690       ?PerturbNormal@@YAXPEAUbspDrawVert_t@@PEAUshaderInfo_s@@QEAMQEAY02M3@Z 0000000140050690 f    CIL library: CIL module
 0001:0004f7f0       ?MapSingleLuxel@@YAHPEAUrawLightmap_s@@PEAUsurfaceInfo_s@@PEAUbspDrawVert_t@@QEAMMQEAY02M44@Z 00000001400507f0 f    CIL library: CIL module
 0001:00050380       ?MapTriangle_r@@YAXPEAUrawLightmap_s@@PEAUsurfaceInfo_s@@QEAPEAUbspDrawVert_t@@QEAMQEAY02M44@Z 0000000140051380 f    CIL library: CIL module
 0001:000505f0       ?MapTriangle@@YA?AW4qboolean@@PEAUrawLightmap_s@@PEAUsurfaceInfo_s@@QEAPEAUbspDrawVert_t@@W41@@Z 00000001400515f0 f    CIL library: CIL module
 0001:00050900       ?MapQuad_r@@YAXPEAUrawLightmap_s@@PEAUsurfaceInfo_s@@QEAPEAUbspDrawVert_t@@QEAMQEAY02M4@Z 0000000140051900 f    CIL library: CIL module
 0001:00050c40       ?MapQuad@@YA?AW4qboolean@@PEAUrawLightmap_s@@PEAUsurfaceInfo_s@@QEAPEAUbspDrawVert_t@@@Z 0000000140051c40 f    CIL library: CIL module
 0001:00054190       ?SubmapRawLuxel@@YA?AW4qboolean@@PEAUrawLightmap_s@@HHMMPEAHQEAM2@Z 0000000140055190 f    CIL library: CIL module
 0001:00054510       ?SubsampleRawLuxel_r@@YAXPEAUrawLightmap_s@@PEAUtrace_t@@QEAMHHMPEAM@Z 0000000140055510 f    CIL library: CIL module
 0001:0005a720       ?CompareLightSurface@@YAHPEBX0@Z 000000014005b720 f    CIL library: CIL module
 0001:0005c050       ?CompareSurfaceInfo@@YAHPEBX0@Z 000000014005d050 f    CIL library: CIL module
 0001:0005cfb0       ?CompareBSPLuxels@@YA?AW4qboolean@@PEAUrawLightmap_s@@H0H@Z 000000014005dfb0 f    CIL library: CIL module
 0001:0005d360       ?MergeBSPLuxels@@YA?AW4qboolean@@PEAUrawLightmap_s@@H0H@Z 000000014005e360 f    CIL library: CIL module
 0001:0005d5e0       ?ApproximateLuxel@@YA?AW4qboolean@@PEAUrawLightmap_s@@PEAUbspDrawVert_t@@@Z 000000014005e5e0 f    CIL library: CIL module
 0001:0005d7e0       ?ApproximateTriangle_r@@YA?AW4qboolean@@PEAUrawLightmap_s@@QEAPEAUbspDrawVert_t@@@Z 000000014005e7e0 f    CIL library: CIL module
 0001:0005d9f0       ?ApproximateLightmap@@YA?AW4qboolean@@PEAUrawLightmap_s@@@Z 000000014005e9f0 f    CIL library: CIL module
 0001:0005de90       ?TestOutLightmapStamp@@YA?AW4qboolean@@PEAUrawLightmap_s@@HPEAUoutLightmap_s@@HH@Z 000000014005ee90 f    CIL library: CIL module
 0001:0005e020       ?SetupOutLightmap@@YAXPEAUrawLightmap_s@@PEAUoutLightmap_s@@@Z 000000014005f020 f    CIL library: CIL module
 0001:0005e180       ?FindOutLightmaps@@YAXPEAUrawLightmap_s@@@Z 000000014005f180 f    CIL library: CIL module
 0001:0005eac0       ?CompareRawLightmap@@YAHPEBX0@Z 000000014005fac0 f    CIL library: CIL module
 0001:00067e40       ?ConvertCollapsedSurface@@YAXPEAU_iobuf@@PEAUbspModel_t@@HHHQEAM@Z 0000000140068e40 f    CIL library: CIL module
 0001:00068b10       ?ConvertSurface@@YAXPEAU_iobuf@@PEAUbspModel_t@@HPEAUbspDrawSurface_t@@HQEAM@Z 0000000140069b10 f    CIL library: CIL module
 0001:00069180       ?ConvertModel@@YAXPEAU_iobuf@@PEAUbspModel_t@@HQEAMH@Z 000000014006a180 f    CIL library: CIL module
 0001:000692a0       ?ConvertShader@@YAXPEAU_iobuf@@PEAUbspShader_t@@H@Z 000000014006a2a0 f    CIL library: CIL module
 0001:000699b0       ?ConvertBrush@@YAXPEAU_iobuf@@HPEAUbspBrush_t@@QEAM@Z 000000014006a9b0 f    CIL library: CIL module
 0001:00069d30       ?ConvertPatch@@YAXPEAU_iobuf@@HPEAUbspDrawSurface_t@@QEAM@Z 000000014006ad30 f    CIL library: CIL module
 0001:00069f50       ?ConvertModel@@YAXPEAU_iobuf@@PEAUbspModel_t@@HQEAM@Z 000000014006af50 f    CIL library: CIL module
 0001:0006c350       DDSDecodePixelFormat       000000014006d350 f   ddslib:ddslib.obj
 0001:0006c410       DDSGetColorBlockColors     000000014006d410 f   ddslib:ddslib.obj
 0001:0006c5e0       DDSDecodeColorBlock        000000014006d5e0 f   ddslib:ddslib.obj
 0001:0006c6c0       DDSDecodeAlphaExplicit     000000014006d6c0 f   ddslib:ddslib.obj
 0001:0006c7c0       DDSDecodeAlpha3BitLinear   000000014006d7c0 f   ddslib:ddslib.obj
 0001:0006cac0       DDSDecompressDXT1          000000014006dac0 f   ddslib:ddslib.obj
 0001:0006cbd0       DDSDecompressDXT3          000000014006dbd0 f   ddslib:ddslib.obj
 0001:0006cd50       DDSDecompressDXT5          000000014006dd50 f   ddslib:ddslib.obj
 0001:0006ced0       DDSDecompressDXT2          000000014006ded0 f   ddslib:ddslib.obj
 0001:0006cee0       DDSDecompressDXT4          000000014006dee0 f   ddslib:ddslib.obj
 0001:0006cef0       DDSDecompressARGB8888      000000014006def0 f   ddslib:ddslib.obj
 0001:0006d320       ?default_decompress_parms@@YAXPEAUjpeg_decompress_struct@@@Z 000000014006e320 f   jpeg6:jdapimin.obj
 0001:0006d740       ?output_pass_setup@@YAEPEAUjpeg_decompress_struct@@@Z 000000014006e740 f   jpeg6:jdapistd.obj
 0001:0006d940       ?init_source@@YAXPEAUjpeg_decompress_struct@@@Z 000000014006e940 f   jpeg6:jdatasrc.obj
 0001:0006d950       ?fill_input_buffer@@YAEPEAUjpeg_decompress_struct@@@Z 000000014006e950 f   jpeg6:jdatasrc.obj
 0001:0006d9b0       ?skip_input_data@@YAXPEAUjpeg_decompress_struct@@J@Z 000000014006e9b0 f   jpeg6:jdatasrc.obj
 0001:0006dab0       ?error_exit@@YAXPEAUjpeg_common_struct@@@Z 000000014006eab0 f   jpeg6:jerror.obj
 0001:0006dae0       ?output_message@@YAXPEAUjpeg_common_struct@@@Z 000000014006eae0 f   jpeg6:jerror.obj
 0001:0006db10       ?emit_message@@YAXPEAUjpeg_common_struct@@H@Z 000000014006eb10 f   jpeg6:jerror.obj
 0001:0006db50       ?format_message@@YAXPEAUjpeg_common_struct@@PEAD@Z 000000014006eb50 f   jpeg6:jerror.obj
 0001:0006dc30       ?reset_error_mgr@@YAXPEAUjpeg_common_struct@@@Z 000000014006ec30 f   jpeg6:jerror.obj
 0001:0006dcd0       ?initial_setup@@YAXPEAUjpeg_decompress_struct@@@Z 000000014006ecd0 f   jpeg6:jdinput.obj
 0001:0006dee0       ?per_scan_setup@@YAXPEAUjpeg_decompress_struct@@@Z 000000014006eee0 f   jpeg6:jdinput.obj
 0001:0006e0c0       ?latch_quant_tables@@YAXPEAUjpeg_decompress_struct@@@Z 000000014006f0c0 f   jpeg6:jdinput.obj
 0001:0006e190       ?start_input_pass@@YAXPEAUjpeg_decompress_struct@@@Z 000000014006f190 f   jpeg6:jdinput.obj
 0001:0006e1e0       ?consume_markers@@YAHPEAUjpeg_decompress_struct@@@Z 000000014006f1e0 f   jpeg6:jdinput.obj
 0001:0006e2f0       ?reset_input_controller@@YAXPEAUjpeg_decompress_struct@@@Z 000000014006f2f0 f   jpeg6:jdinput.obj
 0001:0006e340       ?finish_input_pass@@YAXPEAUjpeg_decompress_struct@@@Z 000000014006f340 f   jpeg6:jdinput.obj
 0001:0006e3c0       ?get_soi@@YAEPEAUjpeg_decompress_struct@@@Z 000000014006f3c0 f   jpeg6:jdmarker.obj
 0001:0006e480       ?get_sof@@YAEPEAUjpeg_decompress_struct@@EE@Z 000000014006f480 f   jpeg6:jdmarker.obj
 0001:0006e7d0       ?get_sos@@YAEPEAUjpeg_decompress_struct@@@Z 000000014006f7d0 f   jpeg6:jdmarker.obj
 0001:0006eb00       ?get_app0@@YAEPEAUjpeg_decompress_struct@@@Z 000000014006fb00 f   jpeg6:jdmarker.obj
 0001:0006ede0       ?get_app14@@YAEPEAUjpeg_decompress_struct@@@Z 000000014006fde0 f   jpeg6:jdmarker.obj
 0001:0006efd0       ?get_dac@@YAEPEAUjpeg_decompress_struct@@@Z 000000014006ffd0 f   jpeg6:jdmarker.obj
 0001:0006f180       ?get_dht@@YAEPEAUjpeg_decompress_struct@@@Z 0000000140070180 f   jpeg6:jdmarker.obj
 0001:0006f4b0       ?get_dqt@@YAEPEAUjpeg_decompress_struct@@@Z 00000001400704b0 f   jpeg6:jdmarker.obj
 0001:0006f730       ?get_dri@@YAEPEAUjpeg_decompress_struct@@@Z 0000000140070730 f   jpeg6:jdmarker.obj
 0001:0006f850       ?skip_variable@@YAEPEAUjpeg_decompress_struct@@@Z 0000000140070850 f   jpeg6:jdmarker.obj
 0001:0006f920       ?next_marker@@YAEPEAUjpeg_decompress_struct@@@Z 0000000140070920 f   jpeg6:jdmarker.obj
 0001:0006fa90       ?first_marker@@YAEPEAUjpeg_decompress_struct@@@Z 0000000140070a90 f   jpeg6:jdmarker.obj
 0001:0006fb60       ?read_markers@@YAHPEAUjpeg_decompress_struct@@@Z 0000000140070b60 f   jpeg6:jdmarker.obj
 0001:0006fe80       ?read_restart_marker@@YAEPEAUjpeg_decompress_struct@@@Z 0000000140070e80 f   jpeg6:jdmarker.obj
 0001:00070050       ?reset_marker_reader@@YAXPEAUjpeg_decompress_struct@@@Z 0000000140071050 f   jpeg6:jdmarker.obj
 0001:00070140       ?out_of_memory@@YAXPEAUjpeg_common_struct@@H@Z 0000000140071140 f   jpeg6:jmemmgr.obj
 0001:00070160       ?alloc_small@@YAPEAXPEAUjpeg_common_struct@@H_K@Z 0000000140071160 f   jpeg6:jmemmgr.obj
 0001:000702e0       ?alloc_large@@YAPEAXPEAUjpeg_common_struct@@H_K@Z 00000001400712e0 f   jpeg6:jmemmgr.obj
 0001:000703c0       ?alloc_sarray@@YAPEAPEAEPEAUjpeg_common_struct@@HII@Z 00000001400713c0 f   jpeg6:jmemmgr.obj
 0001:000704b0       ?alloc_barray@@YAPEAPEAY0EA@FPEAUjpeg_common_struct@@HII@Z 00000001400714b0 f   jpeg6:jmemmgr.obj
 0001:000705c0       ?request_virt_sarray@@YAPEAUjvirt_sarray_control@@PEAUjpeg_common_struct@@HEIII@Z 00000001400715c0 f   jpeg6:jmemmgr.obj
 0001:00070670       ?request_virt_barray@@YAPEAUjvirt_barray_control@@PEAUjpeg_common_struct@@HEIII@Z 0000000140071670 f   jpeg6:jmemmgr.obj
 0001:00070720       ?realize_virt_arrays@@YAXPEAUjpeg_common_struct@@@Z 0000000140071720 f   jpeg6:jmemmgr.obj
 0001:00070900       ?do_sarray_io@@YAXPEAUjpeg_common_struct@@PEAUjvirt_sarray_control@@E@Z 0000000140071900 f   jpeg6:jmemmgr.obj
 0001:000709c0       ?do_barray_io@@YAXPEAUjpeg_common_struct@@PEAUjvirt_barray_control@@E@Z 00000001400719c0 f   jpeg6:jmemmgr.obj
 0001:00070a80       ?access_virt_sarray@@YAPEAPEAEPEAUjpeg_common_struct@@PEAUjvirt_sarray_control@@IIE@Z 0000000140071a80 f   jpeg6:jmemmgr.obj
 0001:00070be0       ?access_virt_barray@@YAPEAPEAY0EA@FPEAUjpeg_common_struct@@PEAUjvirt_barray_control@@IIE@Z 0000000140071be0 f   jpeg6:jmemmgr.obj
 0001:00070d40       ?free_pool@@YAXPEAUjpeg_common_struct@@H@Z 0000000140071d40 f   jpeg6:jmemmgr.obj
 0001:00070e90       ?self_destruct@@YAXPEAUjpeg_common_struct@@@Z 0000000140071e90 f   jpeg6:jmemmgr.obj
 0001:00071110       ?use_merged_upsample@@YAEPEAUjpeg_decompress_struct@@@Z 0000000140072110 f   jpeg6:jdmaster.obj
 0001:000711d0       ?prepare_range_limit_table@@YAXPEAUjpeg_decompress_struct@@@Z 00000001400721d0 f   jpeg6:jdmaster.obj
 0001:00071280       ?master_selection@@YAXPEAUjpeg_decompress_struct@@@Z 0000000140072280 f   jpeg6:jdmaster.obj
 0001:00071430       ?prepare_for_output_pass@@YAXPEAUjpeg_decompress_struct@@@Z 0000000140072430 f   jpeg6:jdmaster.obj
 0001:00071580       ?finish_output_pass@@YAXPEAUjpeg_decompress_struct@@@Z 0000000140072580 f   jpeg6:jdmaster.obj
 0001:000716f0       ?dummy_consume_data@@YAHPEAUjpeg_decompress_struct@@@Z 00000001400726f0 f   jpeg6:jmemnobs.obj
 0001:00071700       ?alloc_funny_pointers@@YAXPEAUjpeg_decompress_struct@@@Z 0000000140072700 f   jpeg6:jdmainct.obj
 0001:00071800       ?make_funny_pointers@@YAXPEAUjpeg_decompress_struct@@@Z 0000000140072800 f   jpeg6:jdmainct.obj
 0001:000719a0       ?set_wraparound_pointers@@YAXPEAUjpeg_decompress_struct@@@Z 00000001400729a0 f   jpeg6:jdmainct.obj
 0001:00071ab0       ?set_bottom_pointers@@YAXPEAUjpeg_decompress_struct@@@Z 0000000140072ab0 f   jpeg6:jdmainct.obj
 0001:00071b80       ?process_data_simple_main@@YAXPEAUjpeg_decompress_struct@@PEAPEAEPEAII@Z 0000000140072b80 f   jpeg6:jdmainct.obj
 0001:00071c30       ?process_data_context_main@@YAXPEAUjpeg_decompress_struct@@PEAPEAEPEAII@Z 0000000140072c30 f   jpeg6:jdmainct.obj
 0001:00071dc0       ?start_pass_main@@YAXPEAUjpeg_decompress_struct@@W4J_BUF_MODE@@@Z 0000000140072dc0 f   jpeg6:jdmainct.obj
 0001:00071f70       ?start_iMCU_row@@YAXPEAUjpeg_decompress_struct@@@Z 0000000140072f70 f   jpeg6:jdcoefct.obj
 0001:00071fd0       ?start_input_pass@@YAXPEAUjpeg_decompress_struct@@@Z 0000000140072fd0 f   jpeg6:jdcoefct.obj
 0001:00071fe0       ?start_output_pass@@YAXPEAUjpeg_decompress_struct@@@Z 0000000140072fe0 f   jpeg6:jdcoefct.obj
 0001:00071ff0       ?decompress_onepass@@YAHPEAUjpeg_decompress_struct@@PEAPEAPEAE@Z 0000000140072ff0 f   jpeg6:jdcoefct.obj
 0001:00072830       ?process_restart@@YAEPEAUjpeg_decompress_struct@@@Z 0000000140073830 f   jpeg6:jdhuff.obj
 0001:000728d0       ?decode_mcu@@YAEPEAUjpeg_decompress_struct@@PEAPEAY0EA@F@Z 00000001400738d0 f   jpeg6:jdhuff.obj
 0001:00072da0       ?start_pass_huff_decoder@@YAXPEAUjpeg_decompress_struct@@@Z 0000000140073da0 f   jpeg6:jdhuff.obj
 0001:00072f60       ?start_pass@@YAXPEAUjpeg_decompress_struct@@@Z 0000000140073f60 f   jpeg6:jddctmgr.obj
 0001:00073320       ?post_process_1pass@@YAXPEAUjpeg_decompress_struct@@PEAPEAPEAEPEAIIPEAPEAE2I@Z 0000000140074320 f   jpeg6:jdpostct.obj
 0001:000733d0       ?start_pass_dpost@@YAXPEAUjpeg_decompress_struct@@W4J_BUF_MODE@@@Z 00000001400743d0 f   jpeg6:jdpostct.obj
 0001:00073520       ?start_pass_upsample@@YAXPEAUjpeg_decompress_struct@@@Z 0000000140074520 f   jpeg6:jdsample.obj
 0001:00073540       ?sep_upsample@@YAXPEAUjpeg_decompress_struct@@PEAPEAPEAEPEAIIPEAPEAE2I@Z 0000000140074540 f   jpeg6:jdsample.obj
 0001:00073690       ?fullsize_upsample@@YAXPEAUjpeg_decompress_struct@@PEAUjpeg_component_info@@PEAPEAEPEAPEAPEAE@Z 0000000140074690 f   jpeg6:jdsample.obj
 0001:000736a0       ?noop_upsample@@YAXPEAUjpeg_decompress_struct@@PEAUjpeg_component_info@@PEAPEAEPEAPEAPEAE@Z 00000001400746a0 f   jpeg6:jdsample.obj
 0001:000736b0       ?int_upsample@@YAXPEAUjpeg_decompress_struct@@PEAUjpeg_component_info@@PEAPEAEPEAPEAPEAE@Z 00000001400746b0 f   jpeg6:jdsample.obj
 0001:00073810       ?h2v1_upsample@@YAXPEAUjpeg_decompress_struct@@PEAUjpeg_component_info@@PEAPEAEPEAPEAPEAE@Z 0000000140074810 f   jpeg6:jdsample.obj
 0001:00073880       ?h2v2_upsample@@YAXPEAUjpeg_decompress_struct@@PEAUjpeg_component_info@@PEAPEAEPEAPEAPEAE@Z 0000000140074880 f   jpeg6:jdsample.obj
 0001:00073940       ?h2v1_fancy_upsample@@YAXPEAUjpeg_decompress_struct@@PEAUjpeg_component_info@@PEAPEAEPEAPEAPEAE@Z 0000000140074940 f   jpeg6:jdsample.obj
 0001:00073a30       ?h2v2_fancy_upsample@@YAXPEAUjpeg_decompress_struct@@PEAUjpeg_component_info@@PEAPEAEPEAPEAPEAE@Z 0000000140074a30 f   jpeg6:jdsample.obj
 0001:00073df0       ?build_ycc_rgb_table@@YAXPEAUjpeg_decompress_struct@@@Z 0000000140074df0 f   jpeg6:jdcolor.obj
 0001:00073ef0       ?ycc_rgb_convert@@YAXPEAUjpeg_decompress_struct@@PEAPEAPEAEIPEAPEAEH@Z 0000000140074ef0 f   jpeg6:jdcolor.obj
 0001:00074090       ?null_convert@@YAXPEAUjpeg_decompress_struct@@PEAPEAPEAEIPEAPEAEH@Z 0000000140075090 f   jpeg6:jdcolor.obj
 0001:00074150       ?grayscale_convert@@YAXPEAUjpeg_decompress_struct@@PEAPEAPEAEIPEAPEAEH@Z 0000000140075150 f   jpeg6:jdcolor.obj
 0001:00074190       ?ycck_cmyk_convert@@YAXPEAUjpeg_decompress_struct@@PEAPEAPEAEIPEAPEAEH@Z 0000000140075190 f   jpeg6:jdcolor.obj
 0001:000782c0       ?start_pass_dcolor@@YAXPEAUjpeg_decompress_struct@@@Z 00000001400792c0 f   picomodel:picointernal.obj
 0001:000782c0       ?term_source@@YAXPEAUjpeg_decompress_struct@@@Z 00000001400792c0 f   picomodel:picointernal.obj
 0001:000782c0       ?PNGFlushData@@YAXPEAUpng_struct_def@@@Z 00000001400792c0 f   picomodel:picointernal.obj
 0001:00078db0       _obj_canload               0000000140079db0 f   picomodel:pm_obj.obj
 0001:00078f10       SizeObjVertexData          0000000140079f10 f   picomodel:pm_obj.obj
 0001:00078fd0       FreeObjVertexData          0000000140079fd0 f   picomodel:pm_obj.obj
 0001:00078ff0       _obj_load                  0000000140079ff0 f   picomodel:pm_obj.obj
 0001:00079f00       _terrain_canload           000000014007af00 f   picomodel:pm_terrain.obj
 0001:00079f70       _terrain_load              000000014007af70 f   picomodel:pm_terrain.obj
 0001:0007a750       lwo_lwIDToStr              000000014007b750 f   picomodel:pm_lwo.obj
 0001:0007a7a0       _lwo_canload               000000014007b7a0 f   picomodel:pm_lwo.obj
 0001:0007a810       _lwo_load                  000000014007b810 f   picomodel:pm_lwo.obj
 0001:0007b110       _fm_canload                000000014007c110 f   picomodel:pm_fm.obj
 0001:0007b240       _fm_load                   000000014007c240 f   picomodel:pm_fm.obj
 0001:0007bd20       _md2_canload               000000014007cd20 f   picomodel:pm_md2.obj
 0001:0007bd70       _md2_load                  000000014007cd70 f   picomodel:pm_md2.obj
 0001:0007c7e0       _mdc_canload               000000014007d7e0 f   picomodel:pm_mdc.obj
 0001:0007c830       _mdc_load                  000000014007d830 f   picomodel:pm_mdc.obj
 0001:0007d110       _ms3d_canload              000000014007e110 f   picomodel:pm_ms3d.obj
 0001:0007d190       GetWord                    000000014007e190 f   picomodel:pm_ms3d.obj
 0001:0007d1d0       _ms3d_load                 000000014007e1d0 f   picomodel:pm_ms3d.obj
 0001:0007d900       _ase_get_material          000000014007e900 f   picomodel:pm_ase.obj
 0001:0007d920       _ase_get_submaterial       000000014007e920 f   picomodel:pm_ase.obj
 0001:0007d9d0       _ase_add_material          000000014007e9d0 f   picomodel:pm_ase.obj
 0001:0007da10       _ase_add_submaterial       000000014007ea10 f   picomodel:pm_ase.obj
 0001:0007da90       _ase_free_materials        000000014007ea90 f   picomodel:pm_ase.obj
 0001:0007db10       _ase_canload               000000014007eb10 f   picomodel:pm_ase.obj
 0001:0007dba0       _ase_submit_triangles      000000014007eba0 f   picomodel:pm_ase.obj
 0001:0007e110       _ase_load                  000000014007f110 f   picomodel:pm_ase.obj
 0001:0007f770       _3ds_canload               0000000140080770 f   picomodel:pm_3ds.obj
 0001:0007f7d0       GetChunk                   00000001400807d0 f   picomodel:pm_3ds.obj
 0001:0007f830       GetASCIIZ                  0000000140080830 f   picomodel:pm_3ds.obj
 0001:0007f8c0       GetByte                    00000001400808c0 f   picomodel:pm_3ds.obj
 0001:0007f8e0       GetWord                    00000001400808e0 f   picomodel:pm_3ds.obj
 0001:0007f920       GetFloat                   0000000140080920 f   picomodel:pm_3ds.obj
 0001:0007f950       GetMeshVertices            0000000140080950 f   picomodel:pm_3ds.obj
 0001:0007f9e0       GetMeshFaces               00000001400809e0 f   picomodel:pm_3ds.obj
 0001:0007faa0       GetMeshTexCoords           0000000140080aa0 f   picomodel:pm_3ds.obj
 0001:0007fb30       GetMeshShader              0000000140080b30 f   picomodel:pm_3ds.obj
 0001:0007fd00       GetDiffuseColor            0000000140080d00 f   picomodel:pm_3ds.obj
 0001:0007fd50       DoNextEditorDataChunk      0000000140080d50 f   picomodel:pm_3ds.obj
 0001:0007ffd0       DoNextChunk                0000000140080fd0 f   picomodel:pm_3ds.obj
 0001:00080090       _3ds_load                  0000000140081090 f   picomodel:pm_3ds.obj
 0001:000801a0       _md3_canload               00000001400811a0 f   picomodel:pm_md3.obj
 0001:000801f0       _md3_load                  00000001400811f0 f   picomodel:pm_md3.obj
 0001:000837c0       compare_textures           00000001400847c0 f   picomodel:surface.obj
 0001:000837c0       compare_shaders            00000001400847c0 f   picomodel:surface.obj
 0001:000837f0       add_texture                00000001400847f0 f   picomodel:surface.obj
 0001:00084500       compare_keys               0000000140085500 f   picomodel:envelope.obj
 0001:00084fb0       add_clip                   0000000140085fb0 f   picomodel:lwob.obj
 0001:00085060       add_tvel                   0000000140086060 f   picomodel:lwob.obj
 0001:000851e0       get_texture                00000001400861e0 f   picomodel:lwob.obj
 0001:00086458       pre_cpp_init               0000000140087458 f   MSVCRT:crtexe.obj
 0001:000864c0       __tmainCRTStartup          00000001400874c0 f   MSVCRT:crtexe.obj
 0001:00086640       pre_c_init                 0000000140087640 f   MSVCRT:crtexe.obj
 0001:00086ae0       _onexit$fin$0              0000000140087ae0 f   MSVCRT:atonexit.obj
 0001:00086af9       __tmainCRTStartup$filt$0   0000000140087af9 f   MSVCRT:crtexe.obj
 0001:00086b20       _IsNonwritableInCurrentImage$filt$0 0000000140087b20 f   MSVCRT:pesect.obj
