 bloodmap

 Timestamp is 53526bea (Sat Apr 19 16:28:26 2014)

 Preferred load address is 0000000140000000

 Start         Length     Name                   Class
 0001:00000000 000847c8H .text                   CODE
 0001:000847d0 0000005eH .text$00                CODE
 0001:00084830 00000061H .text$x                 CODE
 0002:00000000 000004d0H .idata$5                DATA
 0002:000004d0 00000008H .CRT$XCA                DATA
 0002:000004d8 00000008H .CRT$XCAA               DATA
 0002:000004e0 00000008H .CRT$XCZ                DATA
 0002:000004e8 00000008H .CRT$XIA                DATA
 0002:000004f0 00000008H .CRT$XIAA               DATA
 0002:000004f8 00000008H .CRT$XIY                DATA
 0002:00000500 00000008H .CRT$XIZ                DATA
 0002:00000510 0000ff10H .rdata                  DATA
 0002:00010420 00000042H .rdata$debug            DATA
 0002:00010468 00000008H .rtc$IAA                DATA
 0002:00010470 00000008H .rtc$IZZ                DATA
 0002:00010478 00000008H .rtc$TAA                DATA
 0002:00010480 00000008H .rtc$TZZ                DATA
 0002:00010488 00009848H .xdata                  DATA
 0002:00019cd0 00000078H .idata$2                DATA
 0002:00019d48 00000014H .idata$3                DATA
 0002:00019d60 000004d0H .idata$4                DATA
 0002:0001a230 00000752H .idata$6                DATA
 0002:0001a982 00000000H .edata                  DATA
 0003:00000000 00014538H .data                   DATA
 0003:00014540 0f82ede0H .bss                    DATA
 0004:00000000 0000627cH .pdata                  DATA
 0005:00000000 00000250H .rsrc$01                DATA
 0005:00000250 000102f8H .rsrc$02                DATA

  Address         Publics by Value              Rva+Base               Lib:Object

 0000:00000000       ___safe_se_handler_table   0000000000000000     <absolute>
 0000:00000000       ___safe_se_handler_count   0000000000000000     <absolute>
 0000:00000000       __ImageBase                0000000140000000     <linker-defined>
 0001:00000000       ?IncDrawVerts@@YAXXZ       0000000140001000 f   bspfile_abstract.obj
 0001:000000d0       ?SetDrawVerts@@YAXH@Z      00000001400010d0 f   bspfile_abstract.obj
 0001:00000190       ?SetDrawSurfaces@@YAXH@Z   0000000140001190 f   bspfile_abstract.obj
 0001:00000250       ?SwapBSPFile@@YAXXZ        0000000140001250 f   bspfile_abstract.obj
 0001:00000420       ?WriteBSPFile@@YAXPEBD@Z   0000000140001420 f   bspfile_abstract.obj
 0001:000004c0       ?PrintBSPFileSizes@@YAXXZ  00000001400014c0 f   bspfile_abstract.obj
 0001:00000760       ?ParseEPair@@YAPEAUepair_s@@XZ 0000000140001760 f   bspfile_abstract.obj
 0001:000008d0       ?ParseEntity@@YA?AW4qboolean@@XZ 00000001400018d0 f   bspfile_abstract.obj
 0001:000009d0       ?ParseEntities@@YAXXZ      00000001400019d0 f   bspfile_abstract.obj
 0001:00000a70       ?UnparseEntities@@YAXW4qboolean@@@Z 0000000140001a70 f   bspfile_abstract.obj
 0001:00000db0       ?SetKeyValue@@YAXPEAUentity_t@@PEBD1@Z 0000000140001db0 f   bspfile_abstract.obj
 0001:00000f00       ?ValueForKey@@YAPEBDPEBUentity_t@@PEBD@Z 0000000140001f00 f   bspfile_abstract.obj
 0001:00000f70       ?IntForKey@@YAHPEBUentity_t@@PEBD@Z 0000000140001f70 f   bspfile_abstract.obj
 0001:00000ff0       ?FloatForKey@@YAMPEBUentity_t@@PEBD@Z 0000000140001ff0 f   bspfile_abstract.obj
 0001:00001060       ?GetVectorForKey@@YAXPEBUentity_t@@PEBDQEAM@Z 0000000140002060 f   bspfile_abstract.obj
 0001:00001120       ?FindTargetEntity@@YAPEAUentity_t@@PEBD@Z 0000000140002120 f   bspfile_abstract.obj
 0001:000011f0       ?GetEntityShadowFlags@@YAXPEBUentity_t@@0PEAD1@Z 00000001400021f0 f   bspfile_abstract.obj
 0001:00002610       ?LoadIBSPFile@@YAXPEBD@Z   0000000140003610 f   bspfile_ibsp.obj
 0001:00002be0       ?WriteIBSPFile@@YAXPEBD@Z  0000000140003be0 f   bspfile_ibsp.obj
 0001:00003610       ?LoadRBSPFile@@YAXPEBD@Z   0000000140004610 f   bspfile_rbsp.obj
 0001:00003dd0       ?WriteRBSPFile@@YAXPEBD@Z  0000000140004dd0 f   bspfile_rbsp.obj
 0001:000044a0       ?AllocateDiskPage@@YAXPEAUdiskCache_t@@HH@Z 00000001400054a0 f   diskcache.obj
 0001:00004590       ?SelectDiskPage@@YAPEAUcachePage_s@@PEAUdiskCache_t@@H@Z 0000000140005590 f   diskcache.obj
 0001:00004630       ?DeselectDiskPage@@YAXPEAUdiskCache_t@@H@Z 0000000140005630 f   diskcache.obj
 0001:000047c0       ?PNGReadData@@YAXPEAUpng_struct_def@@PEAE_K@Z 00000001400057c0 f   image.obj
 0001:00004c00       ?ImageFind@@YAPEAUimage_s@@PEBD@Z 0000000140005c00 f   image.obj
 0001:00004cf0       ?ImageLoad@@YAPEAUimage_s@@PEBD@Z 0000000140005cf0 f   image.obj
 0001:00005580       ?FixAAS@@YAHHPEAPEAD@Z     0000000140006580 f   main.obj
 0001:00005810       ?AnalyzeBSP@@YAHHPEAPEAD@Z 0000000140006810 f   main.obj
 0001:00005c00       ?BSPInfo@@YAHHPEAPEAD@Z    0000000140006c00 f   main.obj
 0001:00005f40       ?ScaleBSPMain@@YAHHPEAPEAD@Z 0000000140006f40 f   main.obj
 0001:00006f00       ?ConvertBSPMain@@YAHHPEAPEAD@Z 0000000140007f00 f   main.obj
 0001:00007250       main                       0000000140008250 f   main.obj
 0001:00007890       ?LerpDrawVert@@YAXPEAUbspDrawVert_t@@00@Z 0000000140008890 f   mesh.obj
 0001:00007a50       ?LerpDrawVertAmount@@YAXPEAUbspDrawVert_t@@0M0@Z 0000000140008a50 f   mesh.obj
 0001:00007cc0       ?CopyMesh@@YAPEAUmesh_t@@PEAU1@@Z 0000000140008cc0 f   mesh.obj
 0001:00007d40       ?TransposeMesh@@YAPEAUmesh_t@@PEAU1@@Z 0000000140008d40 f   mesh.obj
 0001:00007e40       ?InvertMesh@@YAXPEAUmesh_t@@@Z 0000000140008e40 f   mesh.obj
 0001:00007f80       ?MakeMeshNormals@@YAXUmesh_t@@@Z 0000000140008f80 f   mesh.obj
 0001:00008510       ?PutMeshOnCurve@@YAXUmesh_t@@@Z 0000000140009510 f   mesh.obj
 0001:00008950       ?SubdivideMesh@@YAPEAUmesh_t@@U1@MM@Z 0000000140009950 f   mesh.obj
 0001:00009280       ?IterationsForCurve@@YAHMH@Z 000000014000a280 f   mesh.obj
 0001:00009300       ?SubdivideMesh2@@YAPEAUmesh_t@@U1@H@Z 000000014000a300 f   mesh.obj
 0001:00009850       ?RemoveLinearMeshColumnsRows@@YAPEAUmesh_t@@PEAU1@@Z 000000014000a850 f   mesh.obj
 0001:00009e40       ?PicoPrintFunc@@YAXHPEBD@Z 000000014000ae40 f   model.obj
 0001:00009ec0       ?PicoLoadFileFunc@@YAXPEADPEAPEAEPEAH@Z 000000014000aec0 f   model.obj
 0001:00009ee0       ?FindModel@@YAPEAUpicoModel_s@@PEBDH@Z 000000014000aee0 f   model.obj
 0001:00009fb0       ?LoadModel@@YAPEAUpicoModel_s@@PEBDH@Z 000000014000afb0 f   model.obj
 0001:0000a0b0       ?InsertModel@@YAXPEADHHQEAMMPEAUremap_s@@PEAUshaderInfo_s@@HDDHMHEHW4qboolean@@M@Z 000000014000b0b0 f   model.obj
 0001:0000b300       ?LoadTriangleModels@@YAXXZ 000000014000c300 f   model.obj
 0001:0000b530       ?AddTriangleModels@@YAXPEAUentity_t@@@Z 000000014000c530 f   model.obj
 0001:0000c6b0       ?TidyShaders@@YAXXZ        000000014000d6b0 f   optimize.obj
 0001:0000ce10       ?MergeDrawSurfaces@@YAXXZ  000000014000de10 f   optimize.obj
 0001:0000da40       ?MergeDrawVerts@@YAXXZ     000000014000ea40 f   optimize.obj
 0001:0000e490       ?WriteResourceOBJFile@@YAXPEBD@Z 000000014000f490 f   optimize.obj
 0001:0000eab0       ?OptimizeBSPMain@@YAHHPEAPEAD@Z 000000014000fab0 f   optimize.obj
 0001:0000f160       ?AllocateEntity@@YAPEAUentity_t@@PEAU1@@Z 0000000140010160 f   patchbsp.obj
 0001:0000f1e0       ?FindMapEntityByUniqueKey@@YAPEAUentity_t@@PEBD@Z 00000001400101e0 f   patchbsp.obj
 0001:0000f2f0       ?PatchEntities@@YAXXZ      00000001400102f0 f   patchbsp.obj
 0001:0000f870       ?PatchBSPMain@@YAHHPEAPEAD@Z 0000000140010870 f   patchbsp.obj
 0001:0000fe40       ?GetGame@@YAPEAUgame_s@@PEAD@Z 0000000140010e40 f   path_init.obj
 0001:0000ff90       ?AddBasePath@@YAXPEAD@Z    0000000140010f90 f   path_init.obj
 0001:00010030       ?AddGamePath@@YAXPEAD@Z    0000000140011030 f   path_init.obj
 0001:000100d0       ?InitPaths@@YAXPEAHPEAPEAD@Z 00000001400110d0 f   path_init.obj
 0001:000105b0       ?GetGamePath@@YA?AW4qboolean@@PEAD0@Z 00000001400115b0 f   path_init.obj
 0001:00010840       ?ColorModBuildRandomMatrix@@YAXXZ 0000000140011840 f   shaders.obj
 0001:000108f0       ?ColorModRandom@@YAMQEAMM@Z 00000001400118f0 f   shaders.obj
 0001:00010bc0       ?ColorMod@@YAXPEAUmapDrawSurface_s@@PEAUcolorMod_s@@PEAUbrush_s@@HH@Z 0000000140011bc0 f   shaders.obj
 0001:00011350       ?TCModMultiply@@YAXQEAY02M00@Z 0000000140012350 f   shaders.obj
 0001:000114d0       ?TCModRotate@@YAXQEAY02MM@Z 00000001400124d0 f   shaders.obj
 0001:000115c0       ?ApplySurfaceParm@@YA?AW4qboolean@@PEADPEAH11@Z 00000001400125c0 f   shaders.obj
 0001:00011710       ?BeginMapShaderFile@@YAXPEBD@Z 0000000140012710 f   shaders.obj
 0001:00011860       ?WriteMapShaderFile@@YAXXZ 0000000140012860 f   shaders.obj
 0001:000119e0       ?CustomShader@@YAPEAUshaderInfo_s@@PEAU1@PEAD1@Z 00000001400129e0 f   shaders.obj
 0001:00012090       ?FinishShader@@YAXPEAUshaderInfo_s@@@Z 0000000140013090 f   shaders.obj
 0001:000127d0       ?ShaderInfoForShader@@YAPEAUshaderInfo_s@@PEBD@Z 00000001400137d0 f   shaders.obj
 0001:000129d0       ?GetTokenAppend@@YA?AW4qboolean@@PEADW41@@Z 00000001400139d0 f   shaders.obj
 0001:00012ad0       ?Parse1DMatrixAppend@@YAXPEADHPEAM@Z 0000000140013ad0 f   shaders.obj
 0001:000154e0       ?LoadShaderInfo@@YAXXZ     00000001400164e0 f   shaders.obj
 0001:00015810       ?SetSurfaceExtra@@YAXPEAUmapDrawSurface_s@@H@Z 0000000140016810 f   surface_extra.obj
 0001:000158c0       ?WriteSurfaceExtraFile@@YAXPEBD@Z 00000001400168c0 f   surface_extra.obj
 0001:00015c50       ?LoadSurfaceExtraFile@@YAXPEBD@Z 0000000140016c50 f   surface_extra.obj
 0001:00016120       ?safe_malloc_f@@YAPEAX_K@Z 0000000140017120 f   cmdlib.obj
 0001:00016160       ?safe_malloc_log@@YAPEAX_KPEBDH@Z 0000000140017160 f   cmdlib.obj
 0001:000162b0       ?safe_malloc_logend@@YAXXZ 00000001400172b0 f   cmdlib.obj
 0001:00016350       ?ExpandArg@@YAPEADPEBD@Z   0000000140017350 f   cmdlib.obj
 0001:000163e0       ?ExpandPath@@YAPEADPEBD@Z  00000001400173e0 f   cmdlib.obj
 0001:00016450       ?Q_getwd@@YAXPEAD@Z        0000000140017450 f   cmdlib.obj
 0001:000164b0       ?LoadFile@@YAHPEBDPEAPEAX@Z 00000001400174b0 f   cmdlib.obj
 0001:000165a0       ?DefaultExtension@@YAXPEADPEBD@Z 00000001400175a0 f   cmdlib.obj
 0001:00016610       ?LBMRLEDecompress@@YAPEAEPEAE0H@Z 0000000140017610 f   imagelib.obj
 0001:000166e0       ?LoadLBM@@YAXPEBDPEAPEAE1@Z 00000001400176e0 f   imagelib.obj
 0001:00016ad0       ?LoadPCX@@YAXPEBDPEAPEAE1PEAH2@Z 0000000140017ad0 f   imagelib.obj
 0001:00016d70       ?LoadBMP@@YAXPEBDPEAPEAE1PEAH2@Z 0000000140017d70 f   imagelib.obj
 0001:00017390       ?Load256Image@@YAXPEBDPEAPEAE1PEAH2@Z 0000000140018390 f   imagelib.obj
 0001:000175a0       ?TargaError@@YAXPEAU_TargaHeader@@PEBD@Z 00000001400185a0 f   imagelib.obj
 0001:00017650       ?LoadTGABuffer@@YAXPEBE0PEAPEAEPEAH2@Z 0000000140018650 f   imagelib.obj
 0001:00017d20       ?LoadTGA@@YAXPEBDPEAPEAEPEAH2@Z 0000000140018d20 f   imagelib.obj
 0001:00017db0       ?WriteTGA@@YAXPEBDPEAEHH@Z 0000000140018db0 f   imagelib.obj
 0001:00017ec0       ?Load32BitImage@@YAXPEBDPEAPEAIPEAH2@Z 0000000140018ec0 f   imagelib.obj
 0001:00018070       ?xml_SendNode@@YAXPEAU_xmlNode@@@Z 0000000140019070 f   inout.obj
 0001:00018190       ?xml_Select@@YAXPEADHHW4qboolean@@@Z 0000000140019190 f   inout.obj
 0001:000182d0       ?xml_Winding@@YAXPEADQEAY02MHW4qboolean@@@Z 00000001400192d0 f   inout.obj
 0001:00018470       ?Broadcast_Shutdown@@YAXXZ 0000000140019470 f   inout.obj
 0001:000184b0       ?Sys_FPrintf@@YAXHPEBDZZ   00000001400194b0 f   inout.obj
 0001:000185e0       ?Sys_Printf@@YAXPEBDZZ     00000001400195e0 f   inout.obj
 0001:000186e0       ?Error@@YAXPEBDZZ          00000001400196e0 f   inout.obj
 0001:00018830       ?MD4Update@@YAXPEAUMD4_CTX_s@@PEAEI@Z 0000000140019830 f   md4.obj
 0001:00018900       ?MD4Final@@YAXQEAEPEAUMD4_CTX_s@@@Z 0000000140019900 f   md4.obj
 0001:00018fb0       ?AllocWinding@@YAPEAUwinding_t@@H@Z 0000000140019fb0 f   polylib.obj
 0001:00019050       ?FreeWinding@@YAXPEAUwinding_t@@@Z 000000014001a050 f   polylib.obj
 0001:00019090       ?WindingArea@@YAMPEAUwinding_t@@@Z 000000014001a090 f   polylib.obj
 0001:000191f0       ?BaseWindingForPlane@@YAPEAUwinding_t@@QEAMM@Z 000000014001a1f0 f   polylib.obj
 0001:00019550       ?ReverseWinding@@YAPEAUwinding_t@@PEAU1@@Z 000000014001a550 f   polylib.obj
 0001:00019660       ?ClipWindingEpsilon@@YAXPEAUwinding_t@@QEAMMMPEAPEAU1@2@Z 000000014001a660 f   polylib.obj
 0001:00019ae0       ?ChopWindingInPlace@@YAXPEAPEAUwinding_t@@QEAMMM@Z 000000014001aae0 f   polylib.obj
 0001:00019ea0       ?WindingOnPlaneSide@@YAHPEAUwinding_t@@QEAMM@Z 000000014001aea0 f   polylib.obj
 0001:00019fc0       ?AddWindingToConvexHull@@YAXPEAUwinding_t@@PEAPEAU1@QEAM@Z 000000014001afc0 f   polylib.obj
 0001:0001a610       ?AddScriptToStack@@YAXPEBDH@Z 000000014001b610 f   scriplib.obj
 0001:0001a710       ?EndOfScript@@YA?AW4qboolean@@W41@@Z 000000014001b710 f   scriplib.obj
 0001:0001a7f0       ?GetToken@@YA?AW4qboolean@@W41@@Z 000000014001b7f0 f   scriplib.obj
 0001:0001ab20       ?TokenAvailable@@YA?AW4qboolean@@XZ 000000014001bb20 f   scriplib.obj
 0001:0001ab60       ?MatchToken@@YAXPEAD@Z     000000014001bb60 f   scriplib.obj
 0001:0001abc0       ?Parse1DMatrix@@YAXHPEAM@Z 000000014001bbc0 f   scriplib.obj
 0001:0001acb0       ?Parse2DMatrix@@YAXHHPEAM@Z 000000014001bcb0 f   scriplib.obj
 0001:0001ad80       ?GetThreadWork@@YAHXZ      000000014001bd80 f   threads.obj
 0001:0001aec0       ?ThreadWorkerFunction@@YAXH@Z 000000014001bec0 f   threads.obj
 0001:0001aef0       ?RunThreadsOnIndividual@@YAXHW4qboolean@@P6AXH@Z@Z 000000014001bef0 f   threads.obj
 0001:0001af70       ?RunThreadsOn@@YAXHW4qboolean@@P6AXH@Z@Z 000000014001bf70 f   threads.obj
 0001:0001b230       ?unzOpen@@YAPEAXPEBD@Z     000000014001c230 f   unzip.obj
 0001:0001b7e0       ?unzGoToFirstFile@@YAHPEAX@Z 000000014001c7e0 f   unzip.obj
 0001:0001b840       ?unzGoToNextFile@@YAHPEAX@Z 000000014001c840 f   unzip.obj
 0001:0001bac0       ?unzOpenCurrentFile@@YAHPEAX@Z 000000014001cac0 f   unzip.obj
 0001:0001bc40       ?unzReadCurrentFile@@YAHPEAX0I@Z 000000014001cc40 f   unzip.obj
 0001:0001be70       ?unzCloseCurrentFile@@YAHPEAX@Z 000000014001ce70 f   unzip.obj
 0001:0001bf20       ?crc32@@YAKKPEBEI@Z        000000014001cf20 f   unzip.obj
 0001:0001c070       ?inflate_blocks_reset@@YAXPEAUinflate_blocks_state@@PEAUz_stream_s@@PEAK@Z 000000014001d070 f   unzip.obj
 0001:0001c0f0       ?inflate_blocks_new@@YAPEAUinflate_blocks_state@@PEAUz_stream_s@@P6AKKPEBEI@ZI@Z 000000014001d0f0 f   unzip.obj
 0001:0001c1d0       ?inflate_blocks@@YAHPEAUinflate_blocks_state@@PEAUz_stream_s@@H@Z 000000014001d1d0 f   unzip.obj
 0001:0001cdb0       ?inflate_blocks_free@@YAHPEAUinflate_blocks_state@@PEAUz_stream_s@@@Z 000000014001ddb0 f   unzip.obj
 0001:0001ce50       ?inflate_flush@@YAHPEAUinflate_blocks_state@@PEAUz_stream_s@@H@Z 000000014001de50 f   unzip.obj
 0001:0001d470       ?inflate_trees_bits@@YAHPEAI0PEAPEAUinflate_huft_s@@PEAU1@PEAUz_stream_s@@@Z 000000014001e470 f   unzip.obj
 0001:0001d550       ?inflate_fast@@YAHIIPEAUinflate_huft_s@@0PEAUinflate_blocks_state@@PEAUz_stream_s@@@Z 000000014001e550 f   unzip.obj
 0001:0001d8e0       ?inflate_codes_new@@YAPEAUinflate_codes_state@@IIPEAUinflate_huft_s@@0PEAUz_stream_s@@@Z 000000014001e8e0 f   unzip.obj
 0001:0001d950       ?inflate_codes@@YAHPEAUinflate_blocks_state@@PEAUz_stream_s@@H@Z 000000014001e950 f   unzip.obj
 0001:0001df50       ?adler32@@YAKKPEBEI@Z      000000014001ef50 f   unzip.obj
 0001:0001e0c0       ?inflateReset@@YAHPEAUz_stream_s@@@Z 000000014001f0c0 f   unzip.obj
 0001:0001e180       ?inflateEnd@@YAHPEAUz_stream_s@@@Z 000000014001f180 f   unzip.obj
 0001:0001e1e0       ?inflateInit2_@@YAHPEAUz_stream_s@@HPEBDH@Z 000000014001f1e0 f   unzip.obj
 0001:0001e2d0       ?inflate@@YAHPEAUz_stream_s@@H@Z 000000014001f2d0 f   unzip.obj
 0001:0001e750       ?zcalloc@@YAPEAEPEAEII@Z   000000014001f750 f   unzip.obj
 0001:0001e770       ?zcfree@@YAXPEAE0@Z        000000014001f770 f   unzip.obj
 0001:0001e910       ?vfsInitDirectory@@YAXPEBD@Z 000000014001f910 f   vfs.obj
 0001:0001eae0       ?vfsGetFileCount@@YAHPEBD@Z 000000014001fae0 f   vfs.obj
 0001:0001ec60       ?vfsLoadFile@@YAHPEBDPEAPEAXH@Z 000000014001fc60 f   vfs.obj
 0001:0001efb0       ?AllocSideRef@@YAPEAUsideRef_s@@PEAUside_s@@PEAU1@@Z 000000014001ffb0 f   brush.obj
 0001:0001f000       ?AllocBrush@@YAPEAUbrush_s@@H@Z 0000000140020000 f   brush.obj
 0001:0001f080       ?FreeBrush@@YAXPEAUbrush_s@@@Z 0000000140020080 f   brush.obj
 0001:0001f170       ?CopyBrush@@YAPEAUbrush_s@@PEAU1@@Z 0000000140020170 f   brush.obj
 0001:0001f240       ?BoundBrush@@YA?AW4qboolean@@PEAUbrush_s@@@Z 0000000140020240 f   brush.obj
 0001:0001f330       ?SnapWeldVector@@YAXQEAM00@Z 0000000140020330 f   brush.obj
 0001:0001f470       ?FixWinding@@YA?AW4qboolean@@PEAUwinding_t@@@Z 0000000140020470 f   brush.obj
 0001:0001f5e0       ?CreateBrushWindings@@YA?AW4qboolean@@PEAUbrush_s@@@Z 00000001400205e0 f   brush.obj
 0001:0001f740       ?BrushVolume@@YAMPEAUbrush_s@@@Z 0000000140020740 f   brush.obj
 0001:0001f870       ?WriteBSPBrushMap@@YAXPEADPEAUbrush_s@@@Z 0000000140020870 f   brush.obj
 0001:0001fa50       ?FilterBrushIntoTree_r@@YAHPEAUbrush_s@@PEAUnode_s@@@Z 0000000140020a50 f   brush.obj
 0001:0001fb20       ?FilterDetailBrushesIntoTree@@YAXPEAUentity_t@@PEAUtree_t@@@Z 0000000140020b20 f   brush.obj
 0001:0001fbf0       ?FilterStructuralBrushesIntoTree@@YAXPEAUentity_t@@PEAUtree_t@@@Z 0000000140020bf0 f   brush.obj
 0001:0001fcc0       ?WindingIsTiny@@YA?AW4qboolean@@PEAUwinding_t@@@Z 0000000140020cc0 f   brush.obj
 0001:0001fda0       ?BrushMostlyOnSide@@YAHPEAUbrush_s@@PEAUplane_s@@@Z 0000000140020da0 f   brush.obj
 0001:00020020       ?SplitBrush@@YAXPEAUbrush_s@@HPEAPEAU1@1@Z 0000000140021020 f   brush.obj
 0001:000207d0       ?ComputeAxisBase@@YAXQEAM00@Z 00000001400217d0 f   brush_primit.obj
 0001:00020930       ?SetCloneModelNumbers@@YAXXZ 0000000140021930 f   bsp.obj
 0001:00020d70       ?ProcessWorldModel@@YAXXZ  0000000140021d70 f   bsp.obj
 0001:00021920       ?ProcessSubModel@@YAXXZ    0000000140022920 f   bsp.obj
 0001:00021bb0       ?ProcessModels@@YAXXZ      0000000140022bb0 f   bsp.obj
 0001:00021d90       ?BSPMain@@YAHHPEAPEAD@Z    0000000140022d90 f   bsp.obj
 0001:00023d80       ?ProcessDecals@@YAXXZ      0000000140024d80 f   decals.obj
 0001:00025250       ?MakeEntityDecals@@YAXPEAUentity_t@@@Z 0000000140026250 f   decals.obj
 0001:00025600       ?FreeNode@@YAXPEAUdnode_s@@@Z 0000000140026600 f   decorations.obj
 0001:00025670       ?FreeNodesArray@@YAXPEAUdnode_s@@H@Z 0000000140026670 f   decorations.obj
 0001:00025770       ?EntityArrayAdd@@YAXPEAUdgroupents_s@@PEAUentity_t@@@Z 0000000140026770 f   decorations.obj
 0001:00025830       ?NewDecoreGroup@@YAPEAUdgroup_s@@PEADW4decoreMatchParm_t@@@Z 0000000140026830 f   decorations.obj
 0001:00025950       ?PopulateDecoreGroup@@YA?AW4qboolean@@PEAUentity_t@@W4decoreMatchParm_t@@PEAD@Z 0000000140026950 f   decorations.obj
 0001:00025a50       ?DecoreParseActions@@YAXPEAUdactions_s@@@Z 0000000140026a50 f   decorations.obj
 0001:00026090       ?EntityPopulateDecorationGroups@@YAXH@Z 0000000140027090 f   decorations.obj
 0001:00026100       ?LoadDecorationScript@@YAXXZ 0000000140027100 f   decorations.obj
 0001:00026940       ?EntityProcessActions@@YAXPEAUentity_t@@PEAUdactions_s@@@Z 0000000140027940 f   decorations.obj
 0001:00026b10       ?ImportRtlights@@YAXXZ     0000000140027b10 f   decorations.obj
 0001:000274d0       ?ProcessDecorationGroup@@YAXH@Z 00000001400284d0 f   decorations.obj
 0001:00027dd0       ?ProcessDecorations@@YAXXZ 0000000140028dd0 f   decorations.obj
 0001:00028210       ?BuildFaceTree_r@@YAXPEAUnode_s@@PEAUface_s@@@Z 0000000140029210 f   facebsp.obj
 0001:000285e0       ?FaceBSP@@YAPEAUtree_t@@PEAUface_s@@@Z 00000001400295e0 f   facebsp.obj
 0001:00028780       ?MakeStructuralBSPFaceList@@YAPEAUface_s@@PEAUbrush_s@@@Z 0000000140029780 f   facebsp.obj
 0001:000288e0       ?MakeVisibleBSPFaceList@@YAPEAUface_s@@PEAUbrush_s@@@Z 00000001400298e0 f   facebsp.obj
 0001:00028a40       ?DrawSurfToMesh@@YAPEAUmesh_t@@PEAUmapDrawSurface_s@@@Z 0000000140029a40 f   fog.obj
 0001:00028ae0       ?SplitMeshByPlane@@YAXPEAUmesh_t@@QEAMMPEAPEAU1@2@Z 0000000140029ae0 f   fog.obj
 0001:00029280       ?ChopPatchSurfaceByBrush@@YA?AW4qboolean@@PEAUentity_t@@PEAUmapDrawSurface_s@@PEAUbrush_s@@@Z 000000014002a280 f   fog.obj
 0001:000294e0       ?WindingFromDrawSurf@@YAPEAUwinding_t@@PEAUmapDrawSurface_s@@@Z 000000014002a4e0 f   fog.obj
 0001:00029720       ?ChopFaceSurfaceByBrush@@YA?AW4qboolean@@PEAUentity_t@@PEAUmapDrawSurface_s@@PEAUbrush_s@@@Z 000000014002a720 f   fog.obj
 0001:00029a80       ?FogDrawSurfaces@@YAXPEAUentity_t@@@Z 000000014002aa80 f   fog.obj
 0001:00029c90       ?FogForBounds@@YAHQEAM0M@Z 000000014002ac90 f   fog.obj
 0001:00029e10       ?CreateMapFogs@@YAXXZ      000000014002ae10 f   fog.obj
 0001:0002a150       ?LeakFile@@YAPEAU_xmlNode@@PEAUtree_t@@@Z 000000014002b150 f   leakfile.obj
 0001:0002a5d0       ?CreateNewFloatPlane@@YAHQEAMM@Z 000000014002b5d0 f   map.obj
 0001:0002a7c0       ?SnapNormal@@YAXQEAM@Z     000000014002b7c0 f   map.obj
 0001:0002a860       ?FindFloatPlane@@YAHQEAMMHPEAY02M@Z 000000014002b860 f   map.obj
 0001:0002abb0       ?MapPlaneFromPoints@@YAHPEAY02M@Z 000000014002bbb0 f   map.obj
 0001:0002aca0       ?SetBrushContents@@YAXPEAUbrush_s@@@Z 000000014002bca0 f   map.obj
 0001:0002ade0       ?AddBrushBevels@@YAXXZ     000000014002bde0 f   map.obj
 0001:0002bb30       ?FinishBrush@@YAPEAUbrush_s@@XZ 000000014002cb30 f   map.obj
 0001:0002bd50       ?TextureAxisFromPlane@@YAXPEAUplane_s@@QEAM1@Z 000000014002cd50 f   map.obj
 0001:0002bf20       ?QuakeTextureVecs@@YAXPEAUplane_s@@QEAMM1QEAY03M@Z 000000014002cf20 f   map.obj
 0001:0002c7d0       ?RemoveDuplicateBrushPlanes@@YA?AW4qboolean@@PEAUbrush_s@@@Z 000000014002d7d0 f   map.obj
 0001:0002ccf0       ?MoveBrushesToWorld@@YAXPEAUentity_t@@@Z 000000014002dcf0 f   map.obj
 0001:0002cdf0       ?AdjustBrushesForOrigin@@YAXPEAUentity_t@@@Z 000000014002ddf0 f   map.obj
 0001:0002cf40       ?SetEntityBounds@@YAXPEAUentity_t@@@Z 000000014002df40 f   map.obj
 0001:0002d2d0       ?LoadEntityIndexMap@@YAXPEAUentity_t@@@Z 000000014002e2d0 f   map.obj
 0001:0002dfd0       ?LoadMapFile@@YAXPEADW4qboolean@@1@Z 000000014002efd0 f   map.obj
 0001:0002eee0       ?ParsePatch@@YAXW4qboolean@@@Z 000000014002fee0 f   patch.obj
 0001:0002f6c0       ?PatchMapDrawSurfs@@YAXPEAUentity_t@@@Z 00000001400306c0 f   patch.obj
 0001:0002fc80       ?MakeHeadnodePortals@@YAXPEAUtree_t@@@Z 0000000140030c80 f   portals.obj
 0001:0002ff80       ?BaseWindingForNode@@YAPEAUwinding_t@@PEAUnode_s@@@Z 0000000140030f80 f   portals.obj
 0001:00030090       ?MakeNodePortal@@YAXPEAUnode_s@@@Z 0000000140031090 f   portals.obj
 0001:000302d0       ?SplitNodePortals@@YAXPEAUnode_s@@@Z 00000001400312d0 f   portals.obj
 0001:00030a40       ?CalcNodeBounds@@YAXPEAUnode_s@@@Z 0000000140031a40 f   portals.obj
 0001:00030ad0       ?MakeTreePortals_r@@YAXPEAUnode_s@@@Z 0000000140031ad0 f   portals.obj
 0001:00030bf0       ?FloodPortals_r@@YAXPEAUnode_s@@HW4qboolean@@@Z 0000000140031bf0 f   portals.obj
 0001:00030c90       ?FloodEntities@@YA?AW4qboolean@@PEAUtree_t@@@Z 0000000140031c90 f   portals.obj
 0001:00031260       ?FloodAreas_r@@YAXPEAUnode_s@@@Z 0000000140032260 f   portals.obj
 0001:000313a0       ?FindAreas_r@@YAXPEAUnode_s@@@Z 00000001400323a0 f   portals.obj
 0001:000313f0       ?FloodSkyboxArea_r@@YAXPEAUnode_s@@@Z 00000001400323f0 f   portals.obj
 0001:00031440       ?FloodAreas@@YAXPEAUtree_t@@@Z 0000000140032440 f   portals.obj
 0001:000314f0       ?FillOutside_r@@YAXPEAUnode_s@@@Z 00000001400324f0 f   portals.obj
 0001:00031550       ?FillOutside@@YAXPEAUnode_s@@@Z 0000000140032550 f   portals.obj
 0001:00031610       ?WriteFloat@@YAXPEAU_iobuf@@M@Z 0000000140032610 f   prtfile.obj
 0001:000316a0       ?WritePortalFile_r@@YAXPEAUnode_s@@@Z 00000001400326a0 f   prtfile.obj
 0001:000319c0       ?WriteFaceFile_r@@YAXPEAUnode_s@@@Z 00000001400329c0 f   prtfile.obj
 0001:00031c00       ?NumberLeafs_r@@YAXPEAUnode_s@@@Z 0000000140032c00 f   prtfile.obj
 0001:00031d30       ?NumberClusters@@YAXPEAUtree_t@@@Z 0000000140032d30 f   prtfile.obj
 0001:00031db0       ?WritePortalFile@@YAXPEAUtree_t@@@Z 0000000140032db0 f   prtfile.obj
 0001:00031eb0       ?AllocDrawSurface@@YAPEAUmapDrawSurface_s@@W4surfaceType_t@@@Z 0000000140032eb0 f   surface.obj
 0001:00031f60       ?FinishSurface@@YAXPEAUmapDrawSurface_s@@@Z 0000000140032f60 f   surface.obj
 0001:00032020       ?CloneSurface@@YAPEAUmapDrawSurface_s@@PEAU1@PEAUshaderInfo_s@@@Z 0000000140033020 f   surface.obj
 0001:00032120       ?MakeSkyboxSurface@@YAPEAUmapDrawSurface_s@@PEAU1@@Z 0000000140033120 f   surface.obj
 0001:000321a0       ?IsTriangleDegenerate@@YA?AW4qboolean@@PEAUbspDrawVert_t@@HHH@Z 00000001400331a0 f   surface.obj
 0001:00032290       ?ClearSurface@@YAXPEAUmapDrawSurface_s@@@Z 0000000140033290 f   surface.obj
 0001:000322f0       ?TidyEntitySurfaces@@YAXPEAUentity_t@@@Z 00000001400332f0 f   surface.obj
 0001:00032470       ?CalcSurfaceTextureRange@@YA?AW4qboolean@@PEAUmapDrawSurface_s@@@Z 0000000140033470 f   surface.obj
 0001:000326d0       ?CalcLightmapAxis@@YA?AW4qboolean@@QEAM0@Z 00000001400336d0 f   surface.obj
 0001:000327e0       ?ClassifySurfaces@@YAXHPEAUmapDrawSurface_s@@@Z 00000001400337e0 f   surface.obj
 0001:00032c80       ?ClassifyEntitySurfaces@@YAXPEAUentity_t@@@Z 0000000140033c80 f   surface.obj
 0001:00032d00       ?GetShaderIndexForPoint@@YAEPEAUindexMap_s@@QEAM11@Z 0000000140033d00 f   surface.obj
 0001:00032df0       ?GetIndexedShader@@YAPEAUshaderInfo_s@@PEAU1@PEAUindexMap_s@@HPEAE@Z 0000000140033df0 f   surface.obj
 0001:00033040       ?DrawSurfaceForSide@@YAPEAUmapDrawSurface_s@@PEAUentity_t@@PEAUbrush_s@@PEAUside_s@@PEAUwinding_t@@@Z 0000000140034040 f   surface.obj
 0001:00033a70       ?DrawSurfaceForMesh@@YAPEAUmapDrawSurface_s@@PEAUentity_t@@PEAUparseMesh_s@@PEAUmesh_t@@@Z 0000000140034a70 f   surface.obj
 0001:00034540       ?DrawSurfaceForFlare@@YAPEAUmapDrawSurface_s@@HQEAM00PEADH@Z 0000000140035540 f   surface.obj
 0001:00034a90       ?SubdivideFaceSurfaces@@YAXPEAUentity_t@@PEAUtree_t@@@Z 0000000140035a90 f   surface.obj
 0001:00034df0       ?ClipSideIntoTree_r@@YAXPEAUwinding_t@@PEAUside_s@@PEAUnode_s@@@Z 0000000140035df0 f   surface.obj
 0001:00034f00       ?SideInBrush@@YA?AW4qboolean@@PEAUside_s@@PEAUbrush_s@@@Z 0000000140035f00 f   surface.obj
 0001:00034ff0       ?CullSides@@YAXPEAUentity_t@@@Z 0000000140035ff0 f   surface.obj
 0001:00035610       ?ClipSidesIntoTree@@YAXPEAUentity_t@@PEAUtree_t@@@Z 0000000140036610 f   surface.obj
 0001:000357c0       ?AddReferenceToLeaf@@YAHPEAUmapDrawSurface_s@@PEAUnode_s@@@Z 00000001400367c0 f   surface.obj
 0001:00035870       ?AddReferenceToTree_r@@YAHPEAUmapDrawSurface_s@@PEAUnode_s@@W4qboolean@@@Z 0000000140036870 f   surface.obj
 0001:00035940       ?FilterPointIntoTree_r@@YAHQEAMPEAUmapDrawSurface_s@@PEAUnode_s@@@Z 0000000140036940 f   surface.obj
 0001:00035a20       ?FilterWindingIntoTree_r@@YAHPEAUwinding_t@@PEAUmapDrawSurface_s@@PEAUnode_s@@@Z 0000000140036a20 f   surface.obj
 0001:00036830       ?EmitDrawVerts@@YAXPEAUmapDrawSurface_s@@PEAUbspDrawSurface_t@@@Z 0000000140037830 f   surface.obj
 0001:00036a30       ?FindDrawIndexes@@YAHHPEAH@Z 0000000140037a30 f   surface.obj
 0001:00036b90       ?EmitDrawIndexes@@YAXPEAUmapDrawSurface_s@@PEAUbspDrawSurface_t@@@Z 0000000140037b90 f   surface.obj
 0001:00036c70       ?EmitFlareSurface@@YAXPEAUmapDrawSurface_s@@@Z 0000000140037c70 f   surface.obj
 0001:00036db0       ?EmitPatchSurface@@YAXPEAUentity_t@@PEAUmapDrawSurface_s@@@Z 0000000140037db0 f   surface.obj
 0001:00038030       ?MakeFogHullSurfs@@YAXPEAUentity_t@@PEAUtree_t@@PEAD@Z 0000000140039030 f   surface.obj
 0001:00038400       ?AddSurfaceModelsToTriangle_r@@YAHPEAUmapDrawSurface_s@@PEAUsurfaceModel_s@@PEAPEAUbspDrawVert_t@@@Z 0000000140039400 f   surface.obj
 0001:000389f0       ?AddSurfaceModels@@YAHPEAUmapDrawSurface_s@@@Z 00000001400399f0 f   surface.obj
 0001:00039420       ?FixDrawsurfVertexAlpha@@YAXH@Z 000000014003a420 f   surface.obj
 0001:00039aa0       ?FixVertexAlpha@@YAXPEAUentity_t@@W4qboolean@@@Z 000000014003aaa0 f   surface.obj
 0001:00039c10       ?ApplyVertexMods@@YAXPEAUentity_t@@W4qboolean@@@Z 000000014003ac10 f   surface.obj
 0001:00039e50       ?FilterDrawsurfsIntoTree@@YAXPEAUentity_t@@PEAUtree_t@@W4qboolean@@@Z 000000014003ae50 f   surface.obj
 0001:0003a410       ?EmitDrawsurfsStats@@YAXXZ 000000014003b410 f   surface.obj
 0001:0003a950       ?Foliage@@YAXPEAUmapDrawSurface_s@@@Z 000000014003b950 f   surface_foliage.obj
 0001:0003af50       ?Fur@@YAXPEAUmapDrawSurface_s@@@Z 000000014003bf50 f   surface_fur.obj
 0001:0003b360       ?FindMetaTriangle@@YAHPEAUmetaTriangle_s@@PEAUbspDrawVert_t@@11H@Z 000000014003c360 f   surface_meta.obj
 0001:0003b840       ?TriangulatePatchSurface@@YAXPEAUentity_t@@PEAUmapDrawSurface_s@@@Z 000000014003c840 f   surface_meta.obj
 0001:0003bd60       ?FanFaceSurface@@YAXPEAUmapDrawSurface_s@@@Z 000000014003cd60 f   surface_meta.obj
 0001:0003c120       ?StripFaceSurface@@YAXPEAUmapDrawSurface_s@@@Z 000000014003d120 f   surface_meta.obj
 0001:0003c430       ?EmitMetaStats@@YAXXZ      000000014003d430 f   surface_meta.obj
 0001:0003c4e0       ?MakeEntityMetaTriangles@@YAXPEAUentity_t@@@Z 000000014003d4e0 f   surface_meta.obj
 0001:0003c6f0       ?SmoothMetaTriangles@@YAXXZ 000000014003d6f0 f   surface_meta.obj
 0001:0003d0c0       ?AddMetaVertToSurface@@YAHPEAUmapDrawSurface_s@@PEAUbspDrawVert_t@@PEAH@Z 000000014003e0c0 f   surface_meta.obj
 0001:0003dd40       ?MergeMetaTriangles@@YAXXZ 000000014003ed40 f   surface_meta.obj
 0001:0003dee0       ?InsertPointOnEdge@@YAXQEAMPEAUedgeLine_s@@@Z 000000014003eee0 f   tjunction.obj
 0001:0003e010       ?AddEdge@@YAHQEAM0W4qboolean@@@Z 000000014003f010 f   tjunction.obj
 0001:0003e4d0       ?AddSurfaceEdges@@YAXPEAUmapDrawSurface_s@@@Z 000000014003f4d0 f   tjunction.obj
 0001:0003e560       ?ColinearEdge@@YA?AW4qboolean@@QEAM00@Z 000000014003f560 f   tjunction.obj
 0001:0003e680       ?AddPatchEdges@@YAXPEAUmapDrawSurface_s@@@Z 000000014003f680 f   tjunction.obj
 0001:0003e850       ?FixSurfaceJunctions@@YAXPEAUmapDrawSurface_s@@@Z 000000014003f850 f   tjunction.obj
 0001:0003ee20       ?FixBrokenSurface@@YA?AW4qboolean@@PEAUmapDrawSurface_s@@@Z 000000014003fe20 f   tjunction.obj
 0001:0003f170       ?EdgeCompare@@YAHPEBX0@Z   0000000140040170 f   tjunction.obj
 0001:0003f180       ?FixTJunctions@@YAXPEAUentity_t@@@Z 0000000140040180 f   tjunction.obj
 0001:0003f440       ?FreeTreePortals_r@@YAXPEAUnode_s@@@Z 0000000140040440 f   tree.obj
 0001:0003f5d0       ?FreeTree_r@@YAXPEAUnode_s@@@Z 00000001400405d0 f   tree.obj
 0001:0003f630       ?FreeTree@@YAXPEAUtree_t@@@Z 0000000140040630 f   tree.obj
 0001:0003f6b0       ?EmitShader@@YAHPEBDPEAH1@Z 00000001400406b0 f   writebsp.obj
 0001:0003f820       ?EmitPlanes@@YAXXZ         0000000140040820 f   writebsp.obj
 0001:0003f970       ?EmitLeaf@@YAXPEAUnode_s@@@Z 0000000140040970 f   writebsp.obj
 0001:0003fad0       ?EmitDrawNode_r@@YAHPEAUnode_s@@@Z 0000000140040ad0 f   writebsp.obj
 0001:0003fc00       ?SetModelNumbers@@YAXXZ    0000000140040c00 f   writebsp.obj
 0001:0003fca0       ?SetLightStyles@@YAXXZ     0000000140040ca0 f   writebsp.obj
 0001:0003fff0       ?EndBSPFile@@YAXXZ         0000000140040ff0 f   writebsp.obj
 0001:000400e0       ?EmitBrushes@@YAXPEAUbrush_s@@PEAH1@Z 00000001400410e0 f   writebsp.obj
 0001:000403e0       ?EmitFogs@@YAXXZ           00000001400413e0 f   writebsp.obj
 0001:00040500       ?BeginModel@@YAXXZ         0000000140041500 f   writebsp.obj
 0001:00040860       ?EndModel@@YAXPEAUentity_t@@PEAUnode_s@@@Z 0000000140041860 f   writebsp.obj
 0001:00040e60       ?CreateEntityLights@@YAXXZ 0000000140041e60 f   light.obj
 0001:00041c70       ?CreateSurfaceLights@@YAXXZ 0000000140042c70 f   light.obj
 0001:00041fe0       ?SetEntityOrigins@@YAXXZ   0000000140042fe0 f   light.obj
 0001:00042260       ?PointToPolygonFormFactor@@YAMQEBM0PEBUwinding_t@@@Z 0000000140043260 f   light.obj
 0001:00042520       ?LightContribution@@YAHPEAUtrace_t@@HW4qboolean@@@Z 0000000140043520 f   light.obj
 0001:00042cb0       ?LightContributionAllStyles@@YAXPEAUtrace_t@@QEAEQEAY02MHW4qboolean@@@Z 0000000140043cb0 f   light.obj
 0001:00042f50       ?TraceGrid@@YAXH@Z         0000000140043f50 f   light.obj
 0001:00043870       ?SetupGrid@@YAXXZ          0000000140044870 f   light.obj
 0001:00043cc0       ?LightWorld@@YAXXZ         0000000140044cc0 f   light.obj
 0001:00044ac0       ?LightMain@@YAHHPEAPEAD@Z  0000000140045ac0 f   light.obj
 0001:00046d80       ?RadFreeLights@@YAXXZ      0000000140047d80 f   light_bounce.obj
 0001:00047280       ?RadSampleImage@@YA?AW4qboolean@@PEAEHHQEAM1@Z 0000000140048280 f   light_bounce.obj
 0001:00048450       ?RadLightForTriangles@@YAXHHPEAUrawLightmap_s@@PEAUshaderInfo_s@@MMPEAUclipWork_t@@@Z 0000000140049450 f   light_bounce.obj
 0001:000486a0       ?RadLightForPatch@@YAXHHPEAUrawLightmap_s@@PEAUshaderInfo_s@@MMPEAUclipWork_t@@@Z 00000001400496a0 f   light_bounce.obj
 0001:00048c70       ?RadLight@@YAXH@Z          0000000140049c70 f   light_bounce.obj
 0001:00048ea0       ?RadCreateDiffuseLights@@YAXXZ 0000000140049ea0 f   light_bounce.obj
 0001:00049770       ?ClipTraceWinding@@YAXPEAUtraceWinding_s@@QEAM00@Z 000000014004a770 f   light_trace.obj
 0001:0004b810       ?SetupTraceNodes@@YAXXZ    000000014004c810 f   light_trace.obj
 0001:0004ba40       ?TraceTriangle@@YA?AW4qboolean@@PEAUtraceInfo_s@@PEAUtraceTriangle_s@@PEAUtrace_t@@@Z 000000014004ca40 f   light_trace.obj
 0001:0004c3f0       ?TraceLine@@YAXPEAUtrace_t@@@Z 000000014004d3f0 f   light_trace.obj
 0001:0004c5d0       ?SetupTrace@@YAMPEAUtrace_t@@@Z 000000014004d5d0 f   light_trace.obj
 0001:0004c650       ?ColorToBytes@@YAXPEBMPEAEM@Z 000000014004d650 f   light_ydnar.obj
 0001:0004c880       ?SmoothNormals@@YAXXZ      000000014004d880 f   light_ydnar.obj
 0001:0004ed80       ?MapRawLightmap@@YAXH@Z    000000014004fd80 f   light_ydnar.obj
 0001:0004fb70       ?EnableDirtForEntity@@YAXH@Z 0000000140050b70 f   light_ydnar.obj
 0001:0004fc10       ?SetupDirtForEntity@@YAXH@Z 0000000140050c10 f   light_ydnar.obj
 0001:000503a0       ?SetupDirt@@YAXXZ          00000001400513a0 f   light_ydnar.obj
 0001:00050650       ?DirtForSample@@YAMPEAUtrace_t@@H@Z 0000000140051650 f   light_ydnar.obj
 0001:00050f50       ?DirtyRawLightmap@@YAXH@Z  0000000140051f50 f   light_ydnar.obj
 0001:000515e0       ?ApplyDirt@@YAXPEAM000HMM@Z 00000001400525e0 f   light_ydnar.obj
 0001:00051ba0       ?SkyLightAmbientIlluminateLightmap@@YAXPEAUrawLightmap_s@@@Z 0000000140052ba0 f   light_ydnar.obj
 0001:00052920       ?IlluminateRawLightmap@@YAXH@Z 0000000140053920 f   light_ydnar.obj
 0001:00054800       ?IlluminateVertexes@@YAXH@Z 0000000140055800 f   light_ydnar.obj
 0001:00055d40       ?SetupBrushes@@YAXXZ       0000000140056d40 f   light_ydnar.obj
 0001:00055f10       ?ClusterVisible@@YA?AW4qboolean@@HH@Z 0000000140056f10 f   light_ydnar.obj
 0001:00055fa0       ?PointInLeafNum_r@@YAHQEAMH@Z 0000000140056fa0 f   light_ydnar.obj
 0001:000560b0       ?ClusterForPointExt@@YAHQEAMM@Z 00000001400570b0 f   light_ydnar.obj
 0001:000563e0       ?ClusterForPointExtFilter@@YAHQEAMMHPEAH@Z 00000001400573e0 f   light_ydnar.obj
 0001:00056450       ?SetupEnvelopes@@YAXW4qboolean@@0@Z 0000000140057450 f   light_ydnar.obj
 0001:00056e40       ?CreateTraceLightsForBounds@@YAXQEAM00HPEAHHPEAUtrace_t@@@Z 0000000140057e40 f   light_ydnar.obj
 0001:000571e0       ?CreateTraceLightsForSurface@@YAXHPEAUtrace_t@@@Z 00000001400581e0 f   light_ydnar.obj
 0001:00057300       ?SetupFloodLight@@YAXXZ    0000000140058300 f   light_ydnar.obj
 0001:00057620       ?FloodLightForSample@@YAMPEAUtrace_t@@MW4qboolean@@@Z 0000000140058620 f   light_ydnar.obj
 0001:00057a90       ?FloodlightIlluminateLightmap@@YAXPEAUrawLightmap_s@@@Z 0000000140058a90 f   light_ydnar.obj
 0001:00057d10       ?WriteTGA24@@YAXPEADPEAEHHW4qboolean@@@Z 0000000140058d10 f   lightmaps_ydnar.obj
 0001:00057e90       ?ExportLightmaps@@YAXXZ    0000000140058e90 f   lightmaps_ydnar.obj
 0001:00058030       ?ExportLightmapsMain@@YAHHPEAPEAD@Z 0000000140059030 f   lightmaps_ydnar.obj
 0001:00058160       ?ImportLightmapsMain@@YAHHPEAPEAD@Z 0000000140059160 f   lightmaps_ydnar.obj
 0001:000586a0       ?LoadRawLightmap@@YAPEAUcachePage_s@@H@Z 00000001400596a0 f   lightmaps_ydnar.obj
 0001:00058880       ?FinishRawLightmap@@YAXH@Z 0000000140059880 f   lightmaps_ydnar.obj
 0001:00058f80       ?AddPatchToRawLightmap@@YA?AW4qboolean@@HPEAUrawLightmap_s@@@Z 0000000140059f80 f   lightmaps_ydnar.obj
 0001:00059550       ?AddSurfaceToRawLightmap@@YA?AW4qboolean@@HPEAUrawLightmap_s@@@Z 000000014005a550 f   lightmaps_ydnar.obj
 0001:0005a0a0       ?SetupSurfaceLightmaps@@YAXXZ 000000014005b0a0 f   lightmaps_ydnar.obj
 0001:0005ac90       ?AllocateSurfaceLightmaps@@YAXXZ 000000014005bc90 f   lightmaps_ydnar.obj
 0001:0005cad0       ?FloodLightmapBorders@@YAXPEAUoutLightmap_s@@@Z 000000014005dad0 f   lightmaps_ydnar.obj
 0001:0005d300       ?StoreSurfaceLightmaps@@YAXXZ 000000014005e300 f   lightmaps_ydnar.obj
 0001:000601d0       ?PlaneFromWinding@@YAXPEAUfixedWinding_t@@PEAUvisPlane_t@@@Z 00000001400611d0 f   vis.obj
 0001:000602e0       ?NewFixedWinding@@YAPEAUfixedWinding_t@@H@Z 00000001400612e0 f   vis.obj
 0001:00060350       ?PComp@@YAHPEBX0@Z         0000000140061350 f   vis.obj
 0001:00060380       ?LeafVectorFromPortalVector@@YAHPEAE0@Z 0000000140061380 f   vis.obj
 0001:000604e0       ?ClusterMerge@@YAXH@Z      00000001400614e0 f   vis.obj
 0001:000606e0       ?CalcPortalVis@@YAXXZ      00000001400616e0 f   vis.obj
 0001:00060760       ?CalcPassageVis@@YAXXZ     0000000140061760 f   vis.obj
 0001:00060870       ?CalcPassagePortalVis@@YAXXZ 0000000140061870 f   vis.obj
 0001:00060980       ?CalcVis@@YAXXZ            0000000140061980 f   vis.obj
 0001:00060c40       ?SetPortalSphere@@YAXPEAUvportal_t@@@Z 0000000140061c40 f   vis.obj
 0001:00060da0       ?TryMergeLeaves@@YAHHH@Z   0000000140061da0 f   vis.obj
 0001:00061100       ?MergeLeaves@@YAXXZ        0000000140062100 f   vis.obj
 0001:00061260       ?TryMergeWinding@@YAPEAUfixedWinding_t@@PEAU1@0QEAM@Z 0000000140062260 f   vis.obj
 0001:00061790       ?MergeLeafPortals@@YAXXZ   0000000140062790 f   vis.obj
 0001:000619a0       ?LoadPortals@@YAXPEAD@Z    00000001400629a0 f   vis.obj
 0001:000621d0       ?VisMain@@YAHHPEAPEAD@Z    00000001400631d0 f   vis.obj
 0001:00062660       ?FreeStackWinding@@YAXPEAUfixedWinding_t@@PEAUpstack_s@@@Z 0000000140063660 f   visflow.obj
 0001:000626c0       ?VisChopWinding@@YAPEAUfixedWinding_t@@PEAU1@PEAUpstack_s@@PEAUvisPlane_t@@@Z 00000001400636c0 f   visflow.obj
 0001:00062b70       ?ClipToSeperators@@YAPEAUfixedWinding_t@@PEAU1@00W4qboolean@@PEAUpstack_s@@@Z 0000000140063b70 f   visflow.obj
 0001:000631c0       ?RecursiveLeafFlow@@YAXHPEAUthreaddata_t@@PEAUpstack_s@@@Z 00000001400641c0 f   visflow.obj
 0001:00063880       ?PortalFlow@@YAXH@Z        0000000140064880 f   visflow.obj
 0001:00063a40       ?RecursivePassageFlow@@YAXPEAUvportal_t@@PEAUthreaddata_t@@PEAUpstack_s@@@Z 0000000140064a40 f   visflow.obj
 0001:00063cc0       ?PassageFlow@@YAXH@Z       0000000140064cc0 f   visflow.obj
 0001:00063d90       ?RecursivePassagePortalFlow@@YAXPEAUvportal_t@@PEAUthreaddata_t@@PEAUpstack_s@@@Z 0000000140064d90 f   visflow.obj
 0001:00064450       ?PassagePortalFlow@@YAXH@Z 0000000140065450 f   visflow.obj
 0001:00064520       ?PassageChopWinding@@YAPEAUfixedWinding_t@@PEAU1@0PEAUvisPlane_t@@@Z 0000000140065520 f   visflow.obj
 0001:00064860       ?AddSeperators@@YAHPEAUfixedWinding_t@@0W4qboolean@@PEAUvisPlane_t@@H@Z 0000000140065860 f   visflow.obj
 0001:00064e50       ?CreatePassages@@YAXH@Z    0000000140065e50 f   visflow.obj
 0001:00065460       ?PassageMemory@@YAXXZ      0000000140066460 f   visflow.obj
 0001:00065520       ?SimpleFlood@@YAXPEAUvportal_t@@H@Z 0000000140066520 f   visflow.obj
 0001:00065620       ?BasePortalVis@@YAXH@Z     0000000140066620 f   visflow.obj
 0001:00067210       ?ConvertBSPToASE@@YAHPEADH@Z 0000000140068210 f   convert_ase.obj
 0001:00067e50       ?ConvertBSPToMap@@YAHPEADH@Z 0000000140068e50 f   convert_map.obj
 0001:00068290       WinPrint                   0000000140069290 f   l_net:l_net.obj
 0001:000682a0       Net_Send                   00000001400692a0 f   l_net:l_net.obj
 0001:000682f0       Net_AllocSocket            00000001400692f0 f   l_net:l_net.obj
 0001:00068320       Net_FreeSocket             0000000140069320 f   l_net:l_net.obj
 0001:00068330       Net_Connect                0000000140069330 f   l_net:l_net.obj
 0001:000683e0       Net_Disconnect             00000001400693e0 f   l_net:l_net.obj
 0001:00068410       Net_StringToAddress        0000000140069410 f   l_net:l_net.obj
 0001:00068430       Net_Setup                  0000000140069430 f   l_net:l_net.obj
 0001:00068460       NMSG_Clear                 0000000140069460 f   l_net:l_net.obj
 0001:00068470       NMSG_WriteLong             0000000140069470 f   l_net:l_net.obj
 0001:000684e0       NMSG_WriteString           00000001400694e0 f   l_net:l_net.obj
 0001:00068570       WINS_ErrorMessage          0000000140069570 f   l_net:l_net_wins.obj
 0001:000685d0       WINS_Init                  00000001400695d0 f   l_net:l_net_wins.obj
 0001:00068740       WINS_MyAddress             0000000140069740 f   l_net:l_net_wins.obj
 0001:00068750       WINS_OpenSocket            0000000140069750 f   l_net:l_net_wins.obj
 0001:00068840       WINS_OpenReliableSocket    0000000140069840 f   l_net:l_net_wins.obj
 0001:00068960       WINS_CloseSocket           0000000140069960 f   l_net:l_net_wins.obj
 0001:000689a0       WINS_Connect               00000001400699a0 f   l_net:l_net_wins.obj
 0001:00068a10       WINS_Write                 0000000140069a10 f   l_net:l_net_wins.obj
 0001:00068ac0       WINS_AddrToString          0000000140069ac0 f   l_net:l_net_wins.obj
 0001:00068b40       WINS_StringToAddr          0000000140069b40 f   l_net:l_net_wins.obj
 0001:00068bc0       WINS_GetSocketAddr         0000000140069bc0 f   l_net:l_net_wins.obj
 0001:00068c20       MakeNormalVectors          0000000140069c20 f   mathlib:mathlib.obj
 0001:00068ce0       VectorCompare              0000000140069ce0 f   mathlib:mathlib.obj
 0001:00068d30       VectorCompareExt           0000000140069d30 f   mathlib:mathlib.obj
 0001:00068d80       VectorLength               0000000140069d80 f   mathlib:mathlib.obj
 0001:00068db0       VectorMA                   0000000140069db0 f   mathlib:mathlib.obj
 0001:00068df0       VectorNormalize            0000000140069df0 f   mathlib:mathlib.obj
 0001:00068ea0       ColorNormalize             0000000140069ea0 f   mathlib:mathlib.obj
 0001:00068f10       ClearBounds                0000000140069f10 f   mathlib:mathlib.obj
 0001:00068f40       AddPointToBounds           0000000140069f40 f   mathlib:mathlib.obj
 0001:00068fe0       PlaneFromPoints            0000000140069fe0 f   mathlib:mathlib.obj
 0001:000690e0       NormalToLatLong            000000014006a0e0 f   mathlib:mathlib.obj
 0001:000691a0       PlaneTypeForNormal         000000014006a1a0 f   mathlib:mathlib.obj
 0001:00069200       m4x4_identity              000000014006a200 f   mathlib:m4x4.obj
 0001:00069250       m4x4_assign                000000014006a250 f   mathlib:m4x4.obj
 0001:000692b0       m4x4_translation_for_vec3  000000014006a2b0 f   mathlib:m4x4.obj
 0001:00069300       m4x4_rotation_for_vec3     000000014006a300 f   mathlib:m4x4.obj
 0001:000694d0       m4x4_scale_for_vec3        000000014006a4d0 f   mathlib:m4x4.obj
 0001:00069510       m4x4_translate_by_vec3     000000014006a510 f   mathlib:m4x4.obj
 0001:00069540       m4x4_rotate_by_vec3        000000014006a540 f   mathlib:m4x4.obj
 0001:00069570       m4x4_scale_by_vec3         000000014006a570 f   mathlib:m4x4.obj
 0001:000695a0       m4x4_pivoted_transform_by_vec3 000000014006a5a0 f   mathlib:m4x4.obj
 0001:00069650       m4x4_multiply_by_m4x4      000000014006a650 f   mathlib:m4x4.obj
 0001:00069a50       m4x4_transform_point       000000014006aa50 f   mathlib:m4x4.obj
 0001:00069af0       m4x4_transform_normal      000000014006aaf0 f   mathlib:m4x4.obj
 0001:00069b80       m4x4_transpose             000000014006ab80 f   mathlib:m4x4.obj
 0001:00069c80       ?m3_det@@YAMQEAM@Z         000000014006ac80 f   mathlib:m4x4.obj
 0001:00069d10       ?m4_submat@@YAXQEAM0HH@Z   000000014006ad10 f   mathlib:m4x4.obj
 0001:00069e60       ?m4_det@@YAMQEAM@Z         000000014006ae60 f   mathlib:m4x4.obj
 0001:00069ef0       m4x4_invert                000000014006aef0 f   mathlib:m4x4.obj
 0001:00069fb8       g_free                     000000014006afb8 f   glib-2.0:libglib-2.0-0.dll
 0001:00069fbe       g_locale_to_utf8           000000014006afbe f   glib-2.0:libglib-2.0-0.dll
 0001:00069fc4       g_strdup                   000000014006afc4 f   glib-2.0:libglib-2.0-0.dll
 0001:00069fca       g_strdown                  000000014006afca f   glib-2.0:libglib-2.0-0.dll
 0001:00069fd0       g_dir_read_name_utf8       000000014006afd0 f   glib-2.0:libglib-2.0-0.dll
 0001:00069fd6       g_dir_open_utf8            000000014006afd6 f   glib-2.0:libglib-2.0-0.dll
 0001:00069fdc       g_dir_close                000000014006afdc f   glib-2.0:libglib-2.0-0.dll
 0001:00069fe2       g_slist_append             000000014006afe2 f   glib-2.0:libglib-2.0-0.dll
 0001:00069fe8       xmlNodeSetContent          000000014006afe8 f   libxml2:libxml2-2.dll
 0001:00069fee       xmlBufferFree              000000014006afee f   libxml2:libxml2-2.dll
 0001:00069ff4       xmlNodeDump                000000014006aff4 f   libxml2:libxml2-2.dll
 0001:00069ffa       xmlBufferCreate            000000014006affa f   libxml2:libxml2-2.dll
 0001:0006a000       xmlNewNode                 000000014006b000 f   libxml2:libxml2-2.dll
 0001:0006a006       xmlAddChild                000000014006b006 f   libxml2:libxml2-2.dll
 0001:0006a00c       xmlNewDoc                  000000014006b00c f   libxml2:libxml2-2.dll
 0001:0006a012       xmlSetProp                 000000014006b012 f   libxml2:libxml2-2.dll
 0001:0006a018       xmlNewDocRawNode           000000014006b018 f   libxml2:libxml2-2.dll
 0001:0006a01e       png_get_IHDR               000000014006b01e f   libpng:libpng14-14.dll
 0001:0006a024       png_read_image             000000014006b024 f   libpng:libpng14-14.dll
 0001:0006a02a       png_set_expand             000000014006b02a f   libpng:libpng14-14.dll
 0001:0006a030       png_read_info              000000014006b030 f   libpng:libpng14-14.dll
 0001:0006a036       png_set_strip_16           000000014006b036 f   libpng:libpng14-14.dll
 0001:0006a03c       png_sig_cmp                000000014006b03c f   libpng:libpng14-14.dll
 0001:0006a042       png_create_read_struct     000000014006b042 f   libpng:libpng14-14.dll
 0001:0006a048       png_get_io_ptr             000000014006b048 f   libpng:libpng14-14.dll
 0001:0006a04e       png_create_info_struct     000000014006b04e f   libpng:libpng14-14.dll
 0001:0006a054       png_set_read_fn            000000014006b054 f   libpng:libpng14-14.dll
 0001:0006a05a       png_get_valid              000000014006b05a f   libpng:libpng14-14.dll
 0001:0006a060       png_set_filler             000000014006b060 f   libpng:libpng14-14.dll
 0001:0006a066       png_get_channels           000000014006b066 f   libpng:libpng14-14.dll
 0001:0006a06c       png_destroy_read_struct    000000014006b06c f   libpng:libpng14-14.dll
 0001:0006a080       DDSLittleLong              000000014006b080 f   ddslib:ddslib.obj
 0001:0006a090       DDSLittleShort             000000014006b090 f   ddslib:ddslib.obj
 0001:0006a100       DDSGetInfo                 000000014006b100 f   ddslib:ddslib.obj
 0001:0006aca0       DDSDecompress              000000014006bca0 f   ddslib:ddslib.obj
 0001:0006adc0       LoadJPGBuff                000000014006bdc0 f   jpeg6:jpgload.obj
 0001:0006afb0       jpeg_create_decompress     000000014006bfb0 f   jpeg6:jdapimin.obj
 0001:0006b060       jpeg_destroy_decompress    000000014006c060 f   jpeg6:jdapimin.obj
 0001:0006b240       jpeg_consume_input         000000014006c240 f   jpeg6:jdapimin.obj
 0001:0006b330       jpeg_finish_decompress     000000014006c330 f   jpeg6:jdapimin.obj
 0001:0006b400       jpeg_read_header           000000014006c400 f   jpeg6:jdapimin.obj
 0001:0006b510       jpeg_read_scanlines        000000014006c510 f   jpeg6:jdapistd.obj
 0001:0006b5e0       jpeg_start_decompress      000000014006c5e0 f   jpeg6:jdapistd.obj
 0001:0006b750       jpeg_stdio_src             000000014006c750 f   jpeg6:jdatasrc.obj
 0001:0006b9a0       jpeg_std_error             000000014006c9a0 f   jpeg6:jerror.obj
 0001:0006c0b0       jinit_input_controller     000000014006d0b0 f   jpeg6:jdinput.obj
 0001:0006dc80       jpeg_resync_to_restart     000000014006ec80 f   jpeg6:jdmarker.obj
 0001:0006dde0       jinit_marker_reader        000000014006ede0 f   jpeg6:jdmarker.obj
 0001:0006ec30       jinit_memory_mgr           000000014006fc30 f   jpeg6:jmemmgr.obj
 0001:0006eda0       jpeg_abort                 000000014006fda0 f   jpeg6:jcomapi.obj
 0001:0006ede0       jpeg_destroy               000000014006fde0 f   jpeg6:jcomapi.obj
 0001:0006ee20       jpeg_alloc_quant_table     000000014006fe20 f   jpeg6:jcomapi.obj
 0001:0006ee40       jpeg_alloc_huff_table      000000014006fe40 f   jpeg6:jcomapi.obj
 0001:0006ee70       jpeg_calc_output_dimensions 000000014006fe70 f   jpeg6:jdmaster.obj
 0001:0006f300       jinit_master_decompress    0000000140070300 f   jpeg6:jdmaster.obj
 0001:0006f350       jdiv_round_up              0000000140070350 f   jpeg6:jutils.obj
 0001:0006f360       jround_up                  0000000140070360 f   jpeg6:jutils.obj
 0001:0006f380       jcopy_sample_rows          0000000140070380 f   jpeg6:jutils.obj
 0001:0006f3f0       jzero_far                  00000001400703f0 f   jpeg6:jutils.obj
 0001:0006f400       ?jpeg_get_large@@YAPEAXPEAUjpeg_common_struct@@_K@Z 0000000140070400 f   jpeg6:jmemnobs.obj
 0001:0006f400       ?jpeg_get_small@@YAPEAXPEAUjpeg_common_struct@@_K@Z 0000000140070400 f   jpeg6:jmemnobs.obj
 0001:0006f410       ?jpeg_free_small@@YAXPEAUjpeg_common_struct@@PEAX_K@Z 0000000140070410 f   jpeg6:jmemnobs.obj
 0001:0006f410       ?jpeg_free_large@@YAXPEAUjpeg_common_struct@@PEAX_K@Z 0000000140070410 f   jpeg6:jmemnobs.obj
 0001:0006f420       ?jpeg_mem_available@@YAJPEAUjpeg_common_struct@@JJJ@Z 0000000140070420 f   jpeg6:jmemnobs.obj
 0001:0006f430       ?jpeg_open_backing_store@@YAXPEAUjpeg_common_struct@@PEAUbacking_store_struct@@J@Z 0000000140070430 f   jpeg6:jmemnobs.obj
 0001:0006f440       ?jpeg_mem_init@@YAJPEAUjpeg_common_struct@@@Z 0000000140070440 f   jpeg6:jmemnobs.obj
 0001:0006fba0       jinit_d_main_controller    0000000140070ba0 f   jpeg6:jdmainct.obj
 0001:00070000       jinit_d_coef_controller    0000000140071000 f   jpeg6:jdcoefct.obj
 0001:00070120       ?jpeg_make_d_derived_tbl@@YAXPEAUjpeg_decompress_struct@@PEAUJHUFF_TBL@@PEAPEAUd_derived_tbl@@@Z 0000000140071120 f   jpeg6:jdhuff.obj
 0001:00070330       ?jpeg_fill_bit_buffer@@YAEPEAUbitread_working_state@@HHH@Z 0000000140071330 f   jpeg6:jdhuff.obj
 0001:00070460       ?jpeg_huff_decode@@YAHPEAUbitread_working_state@@HHPEAUd_derived_tbl@@H@Z 0000000140071460 f   jpeg6:jdhuff.obj
 0001:00070c50       jinit_huff_decoder         0000000140071c50 f   jpeg6:jdhuff.obj
 0001:00070fc0       jinit_inverse_dct          0000000140071fc0 f   jpeg6:jddctmgr.obj
 0001:000711c0       jinit_d_post_controller    00000001400721c0 f   jpeg6:jdpostct.obj
 0001:000718f0       jinit_upsampler            00000001400728f0 f   jpeg6:jdsample.obj
 0001:000720b0       jinit_color_deconverter    00000001400730b0 f   jpeg6:jdcolor.obj
 0001:00072250       ?jpeg_idct_float@@YAXPEAUjpeg_decompress_struct@@PEAUjpeg_component_info@@PEAFPEAPEAEI@Z 0000000140073250 f   jpeg6:jidctflt.obj
 0001:00072760       PicoInit                   0000000140073760 f   picomodel:picomodel.obj
 0001:00072770       PicoSetMallocFunc          0000000140073770 f   picomodel:picomodel.obj
 0001:00072790       PicoSetFreeFunc            0000000140073790 f   picomodel:picomodel.obj
 0001:000727b0       PicoSetLoadFileFunc        00000001400737b0 f   picomodel:picomodel.obj
 0001:000727d0       PicoSetFreeFileFunc        00000001400737d0 f   picomodel:picomodel.obj
 0001:000727f0       PicoSetPrintFunc           00000001400737f0 f   picomodel:picomodel.obj
 0001:00072810       PicoNewModel               0000000140073810 f   picomodel:picomodel.obj
 0001:00072860       PicoAdjustModel            0000000140073860 f   picomodel:picomodel.obj
 0001:00072990       PicoNewShader              0000000140073990 f   picomodel:picomodel.obj
 0001:00072a70       PicoFreeShader             0000000140073a70 f   picomodel:picomodel.obj
 0001:00072ab0       PicoFindShader             0000000140073ab0 f   picomodel:picomodel.obj
 0001:00072ba0       PicoFreeSurface            0000000140073ba0 f   picomodel:picomodel.obj
 0001:00072c80       PicoAdjustSurface          0000000140073c80 f   picomodel:picomodel.obj
 0001:00072fc0       PicoNewSkin                0000000140073fc0 f   picomodel:picomodel.obj
 0001:00073040       PicoAdjustSkin             0000000140074040 f   picomodel:picomodel.obj
 0001:000730e0       PicoNewSkinItem            00000001400740e0 f   picomodel:picomodel.obj
 0001:00073150       PicoFreeSkinItem           0000000140074150 f   picomodel:picomodel.obj
 0001:00073190       PicoSetShaderMapName       0000000140074190 f   picomodel:picomodel.obj
 0001:00073190       PicoSetModelFileName       0000000140074190 f   picomodel:picomodel.obj
 0001:000731d0       PicoSetModelFrameNum       00000001400741d0 f   picomodel:picomodel.obj
 0001:000731e0       PicoSetModelNumFrames      00000001400741e0 f   picomodel:picomodel.obj
 0001:000731f0       PicoSetSkinItemReplacement 00000001400741f0 f   picomodel:picomodel.obj
 0001:000731f0       PicoSetModelName           00000001400741f0 f   picomodel:picomodel.obj
 0001:000731f0       PicoSetShaderName          00000001400741f0 f   picomodel:picomodel.obj
 0001:00073230       PicoSetShaderAmbientColor  0000000140074230 f   picomodel:picomodel.obj
 0001:00073260       PicoSetShaderDiffuseColor  0000000140074260 f   picomodel:picomodel.obj
 0001:00073290       PicoSetShaderSpecularColor 0000000140074290 f   picomodel:picomodel.obj
 0001:000732c0       PicoSetShaderTransparency  00000001400742c0 f   picomodel:picomodel.obj
 0001:00073300       PicoSetShaderShininess     0000000140074300 f   picomodel:picomodel.obj
 0001:00073340       PicoSetSurfaceType         0000000140074340 f   picomodel:picomodel.obj
 0001:00073350       PicoSetSurfaceName         0000000140074350 f   picomodel:picomodel.obj
 0001:00073390       PicoSetSurfaceShader       0000000140074390 f   picomodel:picomodel.obj
 0001:000733a0       PicoSetSurfaceXYZ          00000001400743a0 f   picomodel:picomodel.obj
 0001:00073430       PicoSetSurfaceNormal       0000000140074430 f   picomodel:picomodel.obj
 0001:000734a0       PicoSetSurfaceST           00000001400744a0 f   picomodel:picomodel.obj
 0001:00073520       PicoSetSurfaceColor        0000000140074520 f   picomodel:picomodel.obj
 0001:000735d0       PicoSetSurfaceIndex        00000001400745d0 f   picomodel:picomodel.obj
 0001:00073630       PicoSetSurfaceSmoothingGroup 0000000140074630 f   picomodel:picomodel.obj
 0001:00073680       PicoSetSkinNum             0000000140074680 f   picomodel:picomodel.obj
 0001:00073690       PicoSetSkinItemObject      0000000140074690 f   picomodel:picomodel.obj
 0001:000736d0       PicoGetModelName           00000001400746d0 f   picomodel:picomodel.obj
 0001:000736f0       PicoGetModelFileName       00000001400746f0 f   picomodel:picomodel.obj
 0001:000736f0       PicoGetShaderMapName       00000001400746f0 f   picomodel:picomodel.obj
 0001:00073710       PicoGetModelFrameNum       0000000140074710 f   picomodel:picomodel.obj
 0001:00073720       PicoGetModelShader         0000000140074720 f   picomodel:picomodel.obj
 0001:00073750       PicoGetModelNumSurfaces    0000000140074750 f   picomodel:picomodel.obj
 0001:00073760       PicoGetModelSurface        0000000140074760 f   picomodel:picomodel.obj
 0001:00073790       PicoGetSurfaceType         0000000140074790 f   picomodel:picomodel.obj
 0001:000737a0       PicoGetSurfaceNumVertexes  00000001400747a0 f   picomodel:picomodel.obj
 0001:000737b0       PicoGetSurfaceXYZ          00000001400747b0 f   picomodel:picomodel.obj
 0001:000737e0       PicoGetSurfaceNormal       00000001400747e0 f   picomodel:picomodel.obj
 0001:00073810       PicoGetSurfaceST           0000000140074810 f   picomodel:picomodel.obj
 0001:00073840       PicoGetSurfaceColor        0000000140074840 f   picomodel:picomodel.obj
 0001:00073870       PicoGetSurfaceNumIndexes   0000000140074870 f   picomodel:picomodel.obj
 0001:00073880       PicoGetSurfaceIndexes      0000000140074880 f   picomodel:picomodel.obj
 0001:000738a0       PicoGetSurfaceShaderNameForSkin 00000001400748a0 f   picomodel:picomodel.obj
 0001:00073980       PicoVertexCoordGenerateHash 0000000140074980 f   picomodel:picomodel.obj
 0001:00073aa0       PicoNewVertexCombinationHashTable 0000000140074aa0 f   picomodel:picomodel.obj
 0001:00073ad0       PicoFreeVertexCombinationHashTable 0000000140074ad0 f   picomodel:picomodel.obj
 0001:00073b50       PicoFindVertexCombinationInHashTable 0000000140074b50 f   picomodel:picomodel.obj
 0001:00073d10       PicoAddVertexCombinationToHashTable 0000000140074d10 f   picomodel:picomodel.obj
 0001:00073e00       PicoFindSurfaceVertexNum   0000000140074e00 f   picomodel:picomodel.obj
 0001:00074100       indexarray_push_back       0000000140075100 f   picomodel:picomodel.obj
 0001:00074110       indexarray_reserve         0000000140075110 f   picomodel:picomodel.obj
 0001:00074140       indexarray_clear           0000000140075140 f   picomodel:picomodel.obj
 0001:00074140       binarytree_clear           0000000140075140 f   picomodel:picomodel.obj
 0001:00074150       binarytree_extend          0000000140075150 f   picomodel:picomodel.obj
 0001:00074170       binarytree_size            0000000140075170 f   picomodel:picomodel.obj
 0001:00074180       binarytree_reserve         0000000140075180 f   picomodel:picomodel.obj
 0001:000741b0       UniqueIndices_size         00000001400751b0 f   picomodel:picomodel.obj
 0001:000741c0       UniqueIndices_reserve      00000001400751c0 f   picomodel:picomodel.obj
 0001:000741f0       UniqueIndices_init         00000001400751f0 f   picomodel:picomodel.obj
 0001:00074200       UniqueIndices_destroy      0000000140075200 f   picomodel:picomodel.obj
 0001:00074220       UniqueIndices_find_or_insert 0000000140075220 f   picomodel:picomodel.obj
 0001:000742f0       UniqueIndices_insert       00000001400752f0 f   picomodel:picomodel.obj
 0001:00074330       lessSmoothVertex           0000000140075330 f   picomodel:picomodel.obj
 0001:000743b0       _pico_vertices_combine_shared_normals 00000001400753b0 f   picomodel:picomodel.obj
 0001:00074500       _pico_triangles_generate_weighted_normals 0000000140075500 f   picomodel:picomodel.obj
 0001:000745e0       _pico_normals_zero         00000001400755e0 f   picomodel:picomodel.obj
 0001:00074620       _pico_normals_normalize    0000000140075620 f   picomodel:picomodel.obj
 0001:00074660       _pico_length_vec           0000000140075660 f   picomodel:picomodel.obj
 0001:00074690       _pico_normal_is_unit_length 0000000140075690 f   picomodel:picomodel.obj
 0001:000746d0       _pico_normal_within_tolerance 00000001400756d0 f   picomodel:picomodel.obj
 0001:00074700       _pico_normals_assign_generated_normals 0000000140075700 f   picomodel:picomodel.obj
 0001:00074770       PicoFixSurfaceNormals      0000000140075770 f   picomodel:picomodel.obj
 0001:00074810       PicoRemapModel             0000000140075810 f   picomodel:picomodel.obj
 0001:00074d60       PicoParseToken             0000000140075d60 f   picomodel:picomodel.obj
 0001:00074ff0       PicoLoadSkinFiles          0000000140075ff0 f   picomodel:picomodel.obj
 0001:000752b0       PicoModuleLoadModel        00000001400762b0 f   picomodel:picomodel.obj
 0001:00075390       PicoLoadModel              0000000140076390 f   picomodel:picomodel.obj
 0001:00075480       PicoNewSurface             0000000140076480 f   picomodel:picomodel.obj
 0001:00075530       PicoFreeSkin               0000000140076530 f   picomodel:picomodel.obj
 0001:00075590       PicoAddTriangleToModel     0000000140076590 f   picomodel:picomodel.obj
 0001:00075820       PicoFreeModel              0000000140076820 f   picomodel:picomodel.obj
 0001:00075910       _pico_alloc                0000000140076910 f   picomodel:picointernal.obj
 0001:00075970       _pico_calloc               0000000140076970 f   picomodel:picointernal.obj
 0001:000759e0       _pico_clone_alloc          00000001400769e0 f   picomodel:picointernal.obj
 0001:00075a40       _pico_free                 0000000140076a40 f   picomodel:picointernal.obj
 0001:00075a60       _pico_load_file            0000000140076a60 f   picomodel:picointernal.obj
 0001:00075a80       _pico_free_file            0000000140076a80 f   picomodel:picointernal.obj
 0001:00075ab0       _pico_printf               0000000140076ab0 f   picomodel:picointernal.obj
 0001:00075b40       _pico_first_token          0000000140076b40 f   picomodel:picointernal.obj
 0001:00075b70       _pico_strltrim             0000000140076b70 f   picomodel:picointernal.obj
 0001:00075bf0       _pico_strrtrim             0000000140076bf0 f   picomodel:picointernal.obj
 0001:00075cb0       _pico_strlwr               0000000140076cb0 f   picomodel:picointernal.obj
 0001:00075ce0       _pico_strchcount           0000000140076ce0 f   picomodel:picointernal.obj
 0001:00075d10       _pico_zero_bounds          0000000140076d10 f   picomodel:picointernal.obj
 0001:00075d40       _pico_expand_bounds        0000000140076d40 f   picomodel:picointernal.obj
 0001:00075da0       _pico_zero_vec             0000000140076da0 f   picomodel:picointernal.obj
 0001:00075db0       _pico_zero_vec2            0000000140076db0 f   picomodel:picointernal.obj
 0001:00075dc0       _pico_set_vec              0000000140076dc0 f   picomodel:picointernal.obj
 0001:00075dd0       _pico_copy_vec             0000000140076dd0 f   picomodel:picointernal.obj
 0001:00075df0       _pico_copy_vec2            0000000140076df0 f   picomodel:picointernal.obj
 0001:00075e00       _pico_normalize_vec        0000000140076e00 f   picomodel:picointernal.obj
 0001:00075e90       _pico_add_vec              0000000140076e90 f   picomodel:picointernal.obj
 0001:00075ec0       _pico_subtract_vec         0000000140076ec0 f   picomodel:picointernal.obj
 0001:00075ef0       _pico_scale_vec            0000000140076ef0 f   picomodel:picointernal.obj
 0001:00075f20       _pico_dot_vec              0000000140076f20 f   picomodel:picointernal.obj
 0001:00075f20       dot                        0000000140076f20 f   picomodel:vecmath.obj
 0001:00075f50       _pico_set_color            0000000140076f50 f   picomodel:picointernal.obj
 0001:00075f70       _pico_copy_color           0000000140076f70 f   picomodel:picointernal.obj
 0001:00075f90       _pico_little_long          0000000140076f90 f   picomodel:picointernal.obj
 0001:00075fa0       _pico_little_short         0000000140076fa0 f   picomodel:picointernal.obj
 0001:00075fb0       ?jpeg_mem_term@@YAXPEAUjpeg_common_struct@@@Z 0000000140076fb0 f   jpeg6:jmemnobs.obj
 0001:00075fb0       _pico_little_float         0000000140076fb0 f   picomodel:picointernal.obj
 0001:00075fc0       _pico_stristr              0000000140076fc0 f   picomodel:picointernal.obj
 0001:00076040       _pico_unixify              0000000140077040 f   picomodel:picointernal.obj
 0001:00076070       _pico_nopath               0000000140077070 f   picomodel:picointernal.obj
 0001:00076110       _pico_setfext              0000000140077110 f   picomodel:picointernal.obj
 0001:000761e0       _pico_new_parser           00000001400771e0 f   picomodel:picointernal.obj
 0001:000762b0       _pico_free_parser          00000001400772b0 f   picomodel:picointernal.obj
 0001:000762e0       _pico_parse_ex             00000001400772e0 f   picomodel:picointernal.obj
 0001:00076440       _pico_parse_first          0000000140077440 f   picomodel:picointernal.obj
 0001:00076480       _pico_parse                0000000140077480 f   picomodel:picointernal.obj
 0001:000764b0       _pico_parse_skip_rest      00000001400774b0 f   picomodel:picointernal.obj
 0001:000764e0       _pico_parse_skip_braced    00000001400774e0 f   picomodel:picointernal.obj
 0001:00076590       _pico_parse_check          0000000140077590 f   picomodel:picointernal.obj
 0001:000765f0       _pico_parse_int            00000001400775f0 f   picomodel:picointernal.obj
 0001:00076640       _pico_parse_float          0000000140077640 f   picomodel:picointernal.obj
 0001:00076690       _pico_parse_vec            0000000140077690 f   picomodel:picointernal.obj
 0001:00076730       _pico_parse_vec2           0000000140077730 f   picomodel:picointernal.obj
 0001:000767d0       _pico_new_memstream        00000001400777d0 f   picomodel:picointernal.obj
 0001:00076830       _pico_free_memstream       0000000140077830 f   picomodel:picointernal.obj
 0001:00076850       _pico_memstream_read       0000000140077850 f   picomodel:picointernal.obj
 0001:000768e0       _pico_memstream_getc       00000001400778e0 f   picomodel:picointernal.obj
 0001:00076920       _pico_memstream_seek       0000000140077920 f   picomodel:picointernal.obj
 0001:000769b0       _pico_memstream_tell       00000001400779b0 f   picomodel:picointernal.obj
 0001:000769d0       _pico_realloc              00000001400779d0 f   picomodel:picointernal.obj
 0001:00076a70       PicoModuleList             0000000140077a70 f   picomodel:picomodules.obj
 0001:00077720       _terrain_load_tga_buffer   0000000140078720 f   picomodel:pm_terrain.obj
 0001:0007b660       _ase_get_submaterial_or_default 000000014007c660 f   picomodel:pm_ase.obj
 0001:0007e590       lwFreeLayer                000000014007f590 f   picomodel:lwo2.obj
 0001:0007e5e0       lwFreeObject               000000014007f5e0 f   picomodel:lwo2.obj
 0001:0007e650       lwGetObject                000000014007f650 f   picomodel:lwo2.obj
 0001:0007eba0       lwValidateObject           000000014007fba0 f   picomodel:lwo2.obj
 0001:0007ec70       lwListFree                 000000014007fc70 f   picomodel:list.obj
 0001:0007eca0       lwListAdd                  000000014007fca0 f   picomodel:list.obj
 0001:0007ecd0       lwListInsert               000000014007fcd0 f   picomodel:list.obj
 0001:0007ed70       lwFreeVMap                 000000014007fd70 f   picomodel:vmap.obj
 0001:0007ede0       lwGetVMap                  000000014007fde0 f   picomodel:vmap.obj
 0001:0007f040       lwGetPointVMaps            0000000140080040 f   picomodel:vmap.obj
 0001:0007f1a0       lwGetPolyVMaps             00000001400801a0 f   picomodel:vmap.obj
 0001:0007f380       lwFreePoints               0000000140080380 f   picomodel:pntspols.obj
 0001:0007f410       lwFreePolygons             0000000140080410 f   picomodel:pntspols.obj
 0001:0007f4f0       lwGetPoints                00000001400804f0 f   picomodel:pntspols.obj
 0001:0007f710       lwGetBoundingBox           0000000140080710 f   picomodel:pntspols.obj
 0001:0007f800       lwAllocPolygons            0000000140080800 f   picomodel:pntspols.obj
 0001:0007f920       lwGetPolygons              0000000140080920 f   picomodel:pntspols.obj
 0001:0007faf0       lwGetPolyNormals           0000000140080af0 f   picomodel:pntspols.obj
 0001:0007fc60       lwGetPointPolygons         0000000140080c60 f   picomodel:pntspols.obj
 0001:0007fdc0       lwResolvePolySurfaces      0000000140080dc0 f   picomodel:pntspols.obj
 0001:0007ff90       lwGetVertNormals           0000000140080f90 f   picomodel:pntspols.obj
 0001:00080210       lwFreeTags                 0000000140081210 f   picomodel:pntspols.obj
 0001:00080290       lwGetTags                  0000000140081290 f   picomodel:pntspols.obj
 0001:000803e0       lwGetPolygonTags           00000001400813e0 f   picomodel:pntspols.obj
 0001:00080520       lwFreePlugin               0000000140081520 f   picomodel:surface.obj
 0001:00080570       lwFreeTexture              0000000140081570 f   picomodel:surface.obj
 0001:00080600       lwFreeSurface              0000000140081600 f   picomodel:surface.obj
 0001:00080700       lwGetTHeader               0000000140081700 f   picomodel:surface.obj
 0001:00080890       lwGetTMap                  0000000140081890 f   picomodel:surface.obj
 0001:00080ac0       lwGetImageMap              0000000140081ac0 f   picomodel:surface.obj
 0001:00080d40       lwGetProcedural            0000000140081d40 f   picomodel:surface.obj
 0001:00080ee0       lwGetGradient              0000000140081ee0 f   picomodel:surface.obj
 0001:00081190       lwGetTexture               0000000140082190 f   picomodel:surface.obj
 0001:000812d0       lwGetShader                00000001400822d0 f   picomodel:surface.obj
 0001:000815a0       lwDefaultSurface           00000001400825a0 f   picomodel:surface.obj
 0001:00081610       lwGetSurface               0000000140082610 f   picomodel:surface.obj
 0001:00081c50       lwFreeClip                 0000000140082c50 f   picomodel:clip.obj
 0001:00081d20       lwGetClip                  0000000140082d20 f   picomodel:clip.obj
 0001:000821a0       lwFreeEnvelope             00000001400831a0 f   picomodel:envelope.obj
 0001:00082220       lwGetEnvelope              0000000140083220 f   picomodel:envelope.obj
 0001:00082550       set_flen                   0000000140083550 f   picomodel:lwio.obj
 0001:00082560       get_flen                   0000000140083560 f   picomodel:lwio.obj
 0001:00082570       revbytes                   0000000140083570 f   picomodel:lwio.obj
 0001:000825f0       getbytes                   00000001400835f0 f   picomodel:lwio.obj
 0001:000826a0       getU2                      00000001400836a0 f   picomodel:lwio.obj
 0001:000826a0       getI2                      00000001400836a0 f   picomodel:lwio.obj
 0001:00082700       getU1                      0000000140083700 f   picomodel:lwio.obj
 0001:00082740       getI4                      0000000140083740 f   picomodel:lwio.obj
 0001:00082740       getU4                      0000000140083740 f   picomodel:lwio.obj
 0001:000827a0       getVX                      00000001400837a0 f   picomodel:lwio.obj
 0001:00082850       getF4                      0000000140083850 f   picomodel:lwio.obj
 0001:000828b0       getS0                      00000001400838b0 f   picomodel:lwio.obj
 0001:000829f0       sgetI2                     00000001400839f0 f   picomodel:lwio.obj
 0001:00082a50       sgetU2                     0000000140083a50 f   picomodel:lwio.obj
 0001:00082a90       sgetU4                     0000000140083a90 f   picomodel:lwio.obj
 0001:00082af0       sgetVX                     0000000140083af0 f   picomodel:lwio.obj
 0001:00082b70       sgetF4                     0000000140083b70 f   picomodel:lwio.obj
 0001:00082bd0       sgetS0                     0000000140083bd0 f   picomodel:lwio.obj
 0001:00083030       lwGetSurface5              0000000140084030 f   picomodel:lwob.obj
 0001:00083a30       lwGetPolygons5             0000000140084a30 f   picomodel:lwob.obj
 0001:00083bf0       lwGetObject5               0000000140084bf0 f   picomodel:lwob.obj
 0001:00083e70       lwValidateObject5          0000000140084e70 f   picomodel:lwob.obj
 0001:00083f20       _pico_cross_vec            0000000140084f20 f   picomodel:picointernal.obj
 0001:00083f20       cross                      0000000140084f20 f   picomodel:vecmath.obj
 0001:00083f80       normalize                  0000000140084f80 f   picomodel:vecmath.obj
 0001:00083fcc       _stricmp                   0000000140084fcc f   MSVCRT:MSVCR90.dll
 0001:00083fd2       rename                     0000000140084fd2 f   MSVCRT:MSVCR90.dll
 0001:00083fd8       sprintf                    0000000140084fd8 f   MSVCRT:MSVCR90.dll
 0001:00083fde       sscanf                     0000000140084fde f   MSVCRT:MSVCR90.dll
 0001:00083fe4       strncmp                    0000000140084fe4 f   MSVCRT:MSVCR90.dll
 0001:00083fea       free                       0000000140084fea f   MSVCRT:MSVCR90.dll
 0001:00083ff0       atoi                       0000000140084ff0 f   MSVCRT:MSVCR90.dll
 0001:00083ff6       remove                     0000000140084ff6 f   MSVCRT:MSVCR90.dll
 0001:00083ffc       ftell                      0000000140084ffc f   MSVCRT:MSVCR90.dll
 0001:00084002       realloc                    0000000140085002 f   MSVCRT:MSVCR90.dll
 0001:00084008       atof                       0000000140085008 f   MSVCRT:MSVCR90.dll
 0001:0008400e       _time64                    000000014008500e f   MSVCRT:MSVCR90.dll
 0001:00084014       asctime                    0000000140085014 f   MSVCRT:MSVCR90.dll
 0001:0008401a       _localtime64               000000014008501a f   MSVCRT:MSVCR90.dll
 0001:00084020       fseek                      0000000140085020 f   MSVCRT:MSVCR90.dll
 0001:00084026       fclose                     0000000140085026 f   MSVCRT:MSVCR90.dll
 0001:0008402c       tmpnam                     000000014008502c f   MSVCRT:MSVCR90.dll
 0001:00084032       strstr                     0000000140085032 f   MSVCRT:MSVCR90.dll
 0001:00084038       _onexit                    0000000140085038 f   MSVCRT:atonexit.obj
 0001:000840e8       atexit                     00000001400850e8 f   MSVCRT:atonexit.obj
 0001:00084100       printf                     0000000140085100 f   MSVCRT:MSVCR90.dll
 0001:00084106       fopen                      0000000140085106 f   MSVCRT:MSVCR90.dll
 0001:0008410c       rand                       000000014008510c f   MSVCRT:MSVCR90.dll
 0001:00084112       srand                      0000000140085112 f   MSVCRT:MSVCR90.dll
 0001:00084118       fwrite                     0000000140085118 f   MSVCRT:MSVCR90.dll
 0001:0008411e       memmove                    000000014008511e f   MSVCRT:MSVCR90.dll
 0001:00084124       _strnicmp                  0000000140085124 f   MSVCRT:MSVCR90.dll
 0001:0008412a       strchr                     000000014008512a f   MSVCRT:MSVCR90.dll
 0001:00084130       strncpy                    0000000140085130 f   MSVCRT:MSVCR90.dll
 0001:00084136       fprintf                    0000000140085136 f   MSVCRT:MSVCR90.dll
 0001:0008413c       exit                       000000014008513c f   MSVCRT:MSVCR90.dll
 0001:00084142       malloc                     0000000140085142 f   MSVCRT:MSVCR90.dll
 0001:00084148       strerror                   0000000140085148 f   MSVCRT:MSVCR90.dll
 0001:0008414e       fputs                      000000014008514e f   MSVCRT:MSVCR90.dll
 0001:00084154       _errno                     0000000140085154 f   MSVCRT:MSVCR90.dll
 0001:0008415a       _mkdir                     000000014008515a f   MSVCRT:MSVCR90.dll
 0001:00084160       fread                      0000000140085160 f   MSVCRT:MSVCR90.dll
 0001:00084166       _getcwd                    0000000140085166 f   MSVCRT:MSVCR90.dll
 0001:0008416c       vsprintf                   000000014008516c f   MSVCRT:MSVCR90.dll
 0001:00084172       __iob_func                 0000000140085172 f   MSVCRT:MSVCR90.dll
 0001:00084178       fflush                     0000000140085178 f   MSVCRT:MSVCR90.dll
 0001:0008417e       rewind                     000000014008517e f   MSVCRT:MSVCR90.dll
 0001:00084184       _access                    0000000140085184 f   MSVCRT:MSVCR90.dll
 0001:0008418a       _strdup                    000000014008518a f   MSVCRT:MSVCR90.dll
 0001:00084190       strrchr                    0000000140085190 f   MSVCRT:MSVCR90.dll
 0001:00084196       sscanf_s                   0000000140085196 f   MSVCRT:MSVCR90.dll
 0001:0008419c       qsort                      000000014008519c f   MSVCRT:MSVCR90.dll
 0001:000841a2       fscanf                     00000001400851a2 f   MSVCRT:MSVCR90.dll
 0001:00084478       mainCRTStartup             0000000140085478 f   MSVCRT:crtexe.obj
 0001:0008448a       memset                     000000014008548a f   MSVCRT:MSVCR90.dll
 0001:00084490       _setjmp                    0000000140085490 f   MSVCRT:MSVCR90.dll
 0001:00084496       memcpy                     0000000140085496 f   MSVCRT:MSVCR90.dll
 0001:000844a0       sin                        00000001400854a0 f   MSVCRT:MSVCR90.dll
 0001:000844a6       cos                        00000001400854a6 f   MSVCRT:MSVCR90.dll
 0001:000844ac       acosf                      00000001400854ac f   MSVCRT:MSVCR90.dll
 0001:000844b2       log                        00000001400854b2 f   MSVCRT:MSVCR90.dll
 0001:000844b8       __C_specific_handler       00000001400854b8 f   MSVCRT:MSVCR90.dll
 0001:000844be       _unlock                    00000001400854be f   MSVCRT:MSVCR90.dll
 0001:000844c4       __dllonexit                00000001400854c4 f   MSVCRT:MSVCR90.dll
 0001:000844ca       _lock                      00000001400854ca f   MSVCRT:MSVCR90.dll
 0001:000844d0       ?__CxxUnhandledExceptionFilter@@YAJPEAU_EXCEPTION_POINTERS@@@Z 00000001400854d0 f   MSVCRT:unhandld.obj
 0001:00084514       __CxxSetUnhandledExceptionFilter 0000000140085514 f   MSVCRT:unhandld.obj
 0001:0008452c       _amsg_exit                 000000014008552c f   MSVCRT:MSVCR90.dll
 0001:00084534       _RTC_Initialize            0000000140085534 f   MSVCRT:_initsect_.obj
 0001:0008456c       _RTC_Terminate             000000014008556c f   MSVCRT:_initsect_.obj
 0001:000845a4       _XcptFilter                00000001400855a4 f   MSVCRT:MSVCR90.dll
 0001:000845b0       _ValidateImageBase         00000001400855b0 f   MSVCRT:pesect.obj
 0001:000845e0       _FindPESection             00000001400855e0 f   MSVCRT:pesect.obj
 0001:00084630       _IsNonwritableInCurrentImage 0000000140085630 f   MSVCRT:pesect.obj
 0001:00084672       _initterm                  0000000140085672 f   MSVCRT:MSVCR90.dll
 0001:00084678       _initterm_e                0000000140085678 f   MSVCRT:MSVCR90.dll
 0001:00084680       _matherr                   0000000140085680 f   MSVCRT:merr.obj
 0001:00084680       _setargv                   0000000140085680 f   MSVCRT:dllargv.obj
 0001:00084684       __security_init_cookie     0000000140085684 f   MSVCRT:gs_support.obj
 0001:00084738       ?terminate@@YAXXZ          0000000140085738 f   MSVCRT:MSVCR90.dll
 0001:0008473e       send                       000000014008573e f   wsock32:WSOCK32.dll
 0001:00084744       gethostbyname              0000000140085744 f   wsock32:WSOCK32.dll
 0001:0008474a       closesocket                000000014008574a f   wsock32:WSOCK32.dll
 0001:00084750       socket                     0000000140085750 f   wsock32:WSOCK32.dll
 0001:00084756       bind                       0000000140085756 f   wsock32:WSOCK32.dll
 0001:0008475c       setsockopt                 000000014008575c f   wsock32:WSOCK32.dll
 0001:00084762       getsockname                0000000140085762 f   wsock32:WSOCK32.dll
 0001:00084768       ntohs                      0000000140085768 f   wsock32:WSOCK32.dll
 0001:0008476e       htons                      000000014008576e f   wsock32:WSOCK32.dll
 0001:00084774       WSAGetLastError            0000000140085774 f   wsock32:WSOCK32.dll
 0001:0008477a       htonl                      000000014008577a f   wsock32:WSOCK32.dll
 0001:00084780       inet_addr                  0000000140085780 f   wsock32:WSOCK32.dll
[...]
 0001:0004afa0       ?PopulateTraceNodes@@YAXXZ 000000014004bfa0 f    CIL library: CIL module
 0001:0004c180       ?TraceLine_r@@YA?AW4qboolean@@HQEAM0PEAUtrace_t@@@Z 000000014004d180 f    CIL library: CIL module
 0001:0004d1e0       ?CalcTangentVectors@@YA?AW4qboolean@@HPEAPEAUbspDrawVert_t@@PEAY02M1@Z 000000014004e1e0 f    CIL library: CIL module
 0001:0004d5b0       ?PerturbNormal@@YAXPEAUbspDrawVert_t@@PEAUshaderInfo_s@@QEAMQEAY02M3@Z 000000014004e5b0 f    CIL library: CIL module
 0001:0004d710       ?MapSingleLuxel@@YAHPEAUrawLightmap_s@@PEAUsurfaceInfo_s@@PEAUbspDrawVert_t@@QEAMMQEAY02M44@Z 000000014004e710 f    CIL library: CIL module
 0001:0004e2a0       ?MapTriangle_r@@YAXPEAUrawLightmap_s@@PEAUsurfaceInfo_s@@QEAPEAUbspDrawVert_t@@QEAMQEAY02M44@Z 000000014004f2a0 f    CIL library: CIL module
 0001:0004e510       ?MapTriangle@@YA?AW4qboolean@@PEAUrawLightmap_s@@PEAUsurfaceInfo_s@@QEAPEAUbspDrawVert_t@@W41@@Z 000000014004f510 f    CIL library: CIL module
 0001:0004e820       ?MapQuad_r@@YAXPEAUrawLightmap_s@@PEAUsurfaceInfo_s@@QEAPEAUbspDrawVert_t@@QEAMQEAY02M4@Z 000000014004f820 f    CIL library: CIL module
 0001:0004eb60       ?MapQuad@@YA?AW4qboolean@@PEAUrawLightmap_s@@PEAUsurfaceInfo_s@@QEAPEAUbspDrawVert_t@@@Z 000000014004fb60 f    CIL library: CIL module
 0001:000520b0       ?SubmapRawLuxel@@YA?AW4qboolean@@PEAUrawLightmap_s@@HHMMPEAHQEAM2@Z 00000001400530b0 f    CIL library: CIL module
 0001:00052430       ?SubsampleRawLuxel_r@@YAXPEAUrawLightmap_s@@PEAUtrace_t@@QEAMHHMPEAM@Z 0000000140053430 f    CIL library: CIL module
 0001:00058650       ?CompareLightSurface@@YAHPEBX0@Z 0000000140059650 f    CIL library: CIL module
 0001:00059f80       ?CompareSurfaceInfo@@YAHPEBX0@Z 000000014005af80 f    CIL library: CIL module
 0001:0005aeb0       ?CompareBSPLuxels@@YA?AW4qboolean@@PEAUrawLightmap_s@@H0H@Z 000000014005beb0 f    CIL library: CIL module
 0001:0005b260       ?MergeBSPLuxels@@YA?AW4qboolean@@PEAUrawLightmap_s@@H0H@Z 000000014005c260 f    CIL library: CIL module
 0001:0005b4e0       ?ApproximateLuxel@@YA?AW4qboolean@@PEAUrawLightmap_s@@PEAUbspDrawVert_t@@@Z 000000014005c4e0 f    CIL library: CIL module
 0001:0005b6e0       ?ApproximateTriangle_r@@YA?AW4qboolean@@PEAUrawLightmap_s@@QEAPEAUbspDrawVert_t@@@Z 000000014005c6e0 f    CIL library: CIL module
 0001:0005b8f0       ?ApproximateLightmap@@YA?AW4qboolean@@PEAUrawLightmap_s@@@Z 000000014005c8f0 f    CIL library: CIL module
 0001:0005bd90       ?TestOutLightmapStamp@@YA?AW4qboolean@@PEAUrawLightmap_s@@HPEAUoutLightmap_s@@HH@Z 000000014005cd90 f    CIL library: CIL module
 0001:0005bf20       ?SetupOutLightmap@@YAXPEAUrawLightmap_s@@PEAUoutLightmap_s@@@Z 000000014005cf20 f    CIL library: CIL module
 0001:0005c080       ?FindOutLightmaps@@YAXPEAUrawLightmap_s@@@Z 000000014005d080 f    CIL library: CIL module
 0001:0005c9b0       ?CompareRawLightmap@@YAHPEBX0@Z 000000014005d9b0 f    CIL library: CIL module
 0001:00065bd0       ?ConvertCollapsedSurface@@YAXPEAU_iobuf@@PEAUbspModel_t@@HHHQEAM@Z 0000000140066bd0 f    CIL library: CIL module
 0001:000668a0       ?ConvertSurface@@YAXPEAU_iobuf@@PEAUbspModel_t@@HPEAUbspDrawSurface_t@@HQEAM@Z 00000001400678a0 f    CIL library: CIL module
 0001:00066f10       ?ConvertModel@@YAXPEAU_iobuf@@PEAUbspModel_t@@HQEAMH@Z 0000000140067f10 f    CIL library: CIL module
 0001:00067030       ?ConvertShader@@YAXPEAU_iobuf@@PEAUbspShader_t@@H@Z 0000000140068030 f    CIL library: CIL module
 0001:00067740       ?ConvertBrush@@YAXPEAU_iobuf@@HPEAUbspBrush_t@@QEAM@Z 0000000140068740 f    CIL library: CIL module
 0001:00067ac0       ?ConvertPatch@@YAXPEAU_iobuf@@HPEAUbspDrawSurface_t@@QEAM@Z 0000000140068ac0 f    CIL library: CIL module
 0001:00067ce0       ?ConvertModel@@YAXPEAU_iobuf@@PEAUbspModel_t@@HQEAM@Z 0000000140068ce0 f    CIL library: CIL module
 0001:0006a0a0       DDSDecodePixelFormat       000000014006b0a0 f   ddslib:ddslib.obj
 0001:0006a160       DDSGetColorBlockColors     000000014006b160 f   ddslib:ddslib.obj
 0001:0006a330       DDSDecodeColorBlock        000000014006b330 f   ddslib:ddslib.obj
 0001:0006a410       DDSDecodeAlphaExplicit     000000014006b410 f   ddslib:ddslib.obj
 0001:0006a510       DDSDecodeAlpha3BitLinear   000000014006b510 f   ddslib:ddslib.obj
 0001:0006a810       DDSDecompressDXT1          000000014006b810 f   ddslib:ddslib.obj
 0001:0006a920       DDSDecompressDXT3          000000014006b920 f   ddslib:ddslib.obj
 0001:0006aaa0       DDSDecompressDXT5          000000014006baa0 f   ddslib:ddslib.obj
 0001:0006ac20       DDSDecompressDXT2          000000014006bc20 f   ddslib:ddslib.obj
 0001:0006ac30       DDSDecompressDXT4          000000014006bc30 f   ddslib:ddslib.obj
 0001:0006ac40       DDSDecompressARGB8888      000000014006bc40 f   ddslib:ddslib.obj
 0001:0006b070       ?default_decompress_parms@@YAXPEAUjpeg_decompress_struct@@@Z 000000014006c070 f   jpeg6:jdapimin.obj
 0001:0006b490       ?output_pass_setup@@YAEPEAUjpeg_decompress_struct@@@Z 000000014006c490 f   jpeg6:jdapistd.obj
 0001:0006b690       ?init_source@@YAXPEAUjpeg_decompress_struct@@@Z 000000014006c690 f   jpeg6:jdatasrc.obj
 0001:0006b6a0       ?fill_input_buffer@@YAEPEAUjpeg_decompress_struct@@@Z 000000014006c6a0 f   jpeg6:jdatasrc.obj
 0001:0006b700       ?skip_input_data@@YAXPEAUjpeg_decompress_struct@@J@Z 000000014006c700 f   jpeg6:jdatasrc.obj
 0001:0006b800       ?error_exit@@YAXPEAUjpeg_common_struct@@@Z 000000014006c800 f   jpeg6:jerror.obj
 0001:0006b830       ?output_message@@YAXPEAUjpeg_common_struct@@@Z 000000014006c830 f   jpeg6:jerror.obj
 0001:0006b860       ?emit_message@@YAXPEAUjpeg_common_struct@@H@Z 000000014006c860 f   jpeg6:jerror.obj
 0001:0006b8a0       ?format_message@@YAXPEAUjpeg_common_struct@@PEAD@Z 000000014006c8a0 f   jpeg6:jerror.obj
 0001:0006b980       ?reset_error_mgr@@YAXPEAUjpeg_common_struct@@@Z 000000014006c980 f   jpeg6:jerror.obj
 0001:0006ba20       ?initial_setup@@YAXPEAUjpeg_decompress_struct@@@Z 000000014006ca20 f   jpeg6:jdinput.obj
 0001:0006bc30       ?per_scan_setup@@YAXPEAUjpeg_decompress_struct@@@Z 000000014006cc30 f   jpeg6:jdinput.obj
 0001:0006be10       ?latch_quant_tables@@YAXPEAUjpeg_decompress_struct@@@Z 000000014006ce10 f   jpeg6:jdinput.obj
 0001:0006bee0       ?start_input_pass@@YAXPEAUjpeg_decompress_struct@@@Z 000000014006cee0 f   jpeg6:jdinput.obj
 0001:0006bf30       ?consume_markers@@YAHPEAUjpeg_decompress_struct@@@Z 000000014006cf30 f   jpeg6:jdinput.obj
 0001:0006c040       ?reset_input_controller@@YAXPEAUjpeg_decompress_struct@@@Z 000000014006d040 f   jpeg6:jdinput.obj
 0001:0006c090       ?finish_input_pass@@YAXPEAUjpeg_decompress_struct@@@Z 000000014006d090 f   jpeg6:jdinput.obj
 0001:0006c110       ?get_soi@@YAEPEAUjpeg_decompress_struct@@@Z 000000014006d110 f   jpeg6:jdmarker.obj
 0001:0006c1d0       ?get_sof@@YAEPEAUjpeg_decompress_struct@@EE@Z 000000014006d1d0 f   jpeg6:jdmarker.obj
 0001:0006c520       ?get_sos@@YAEPEAUjpeg_decompress_struct@@@Z 000000014006d520 f   jpeg6:jdmarker.obj
 0001:0006c850       ?get_app0@@YAEPEAUjpeg_decompress_struct@@@Z 000000014006d850 f   jpeg6:jdmarker.obj
 0001:0006cb30       ?get_app14@@YAEPEAUjpeg_decompress_struct@@@Z 000000014006db30 f   jpeg6:jdmarker.obj
 0001:0006cd20       ?get_dac@@YAEPEAUjpeg_decompress_struct@@@Z 000000014006dd20 f   jpeg6:jdmarker.obj
 0001:0006ced0       ?get_dht@@YAEPEAUjpeg_decompress_struct@@@Z 000000014006ded0 f   jpeg6:jdmarker.obj
 0001:0006d200       ?get_dqt@@YAEPEAUjpeg_decompress_struct@@@Z 000000014006e200 f   jpeg6:jdmarker.obj
 0001:0006d480       ?get_dri@@YAEPEAUjpeg_decompress_struct@@@Z 000000014006e480 f   jpeg6:jdmarker.obj
 0001:0006d5a0       ?skip_variable@@YAEPEAUjpeg_decompress_struct@@@Z 000000014006e5a0 f   jpeg6:jdmarker.obj
 0001:0006d670       ?next_marker@@YAEPEAUjpeg_decompress_struct@@@Z 000000014006e670 f   jpeg6:jdmarker.obj
 0001:0006d7e0       ?first_marker@@YAEPEAUjpeg_decompress_struct@@@Z 000000014006e7e0 f   jpeg6:jdmarker.obj
 0001:0006d8b0       ?read_markers@@YAHPEAUjpeg_decompress_struct@@@Z 000000014006e8b0 f   jpeg6:jdmarker.obj
 0001:0006dbd0       ?read_restart_marker@@YAEPEAUjpeg_decompress_struct@@@Z 000000014006ebd0 f   jpeg6:jdmarker.obj
 0001:0006dda0       ?reset_marker_reader@@YAXPEAUjpeg_decompress_struct@@@Z 000000014006eda0 f   jpeg6:jdmarker.obj
 0001:0006de90       ?out_of_memory@@YAXPEAUjpeg_common_struct@@H@Z 000000014006ee90 f   jpeg6:jmemmgr.obj
 0001:0006deb0       ?alloc_small@@YAPEAXPEAUjpeg_common_struct@@H_K@Z 000000014006eeb0 f   jpeg6:jmemmgr.obj
 0001:0006e030       ?alloc_large@@YAPEAXPEAUjpeg_common_struct@@H_K@Z 000000014006f030 f   jpeg6:jmemmgr.obj
 0001:0006e110       ?alloc_sarray@@YAPEAPEAEPEAUjpeg_common_struct@@HII@Z 000000014006f110 f   jpeg6:jmemmgr.obj
 0001:0006e200       ?alloc_barray@@YAPEAPEAY0EA@FPEAUjpeg_common_struct@@HII@Z 000000014006f200 f   jpeg6:jmemmgr.obj
 0001:0006e310       ?request_virt_sarray@@YAPEAUjvirt_sarray_control@@PEAUjpeg_common_struct@@HEIII@Z 000000014006f310 f   jpeg6:jmemmgr.obj
 0001:0006e3c0       ?request_virt_barray@@YAPEAUjvirt_barray_control@@PEAUjpeg_common_struct@@HEIII@Z 000000014006f3c0 f   jpeg6:jmemmgr.obj
 0001:0006e470       ?realize_virt_arrays@@YAXPEAUjpeg_common_struct@@@Z 000000014006f470 f   jpeg6:jmemmgr.obj
 0001:0006e650       ?do_sarray_io@@YAXPEAUjpeg_common_struct@@PEAUjvirt_sarray_control@@E@Z 000000014006f650 f   jpeg6:jmemmgr.obj
 0001:0006e710       ?do_barray_io@@YAXPEAUjpeg_common_struct@@PEAUjvirt_barray_control@@E@Z 000000014006f710 f   jpeg6:jmemmgr.obj
 0001:0006e7d0       ?access_virt_sarray@@YAPEAPEAEPEAUjpeg_common_struct@@PEAUjvirt_sarray_control@@IIE@Z 000000014006f7d0 f   jpeg6:jmemmgr.obj
 0001:0006e930       ?access_virt_barray@@YAPEAPEAY0EA@FPEAUjpeg_common_struct@@PEAUjvirt_barray_control@@IIE@Z 000000014006f930 f   jpeg6:jmemmgr.obj
 0001:0006ea90       ?free_pool@@YAXPEAUjpeg_common_struct@@H@Z 000000014006fa90 f   jpeg6:jmemmgr.obj
 0001:0006ebe0       ?self_destruct@@YAXPEAUjpeg_common_struct@@@Z 000000014006fbe0 f   jpeg6:jmemmgr.obj
 0001:0006ee60       ?use_merged_upsample@@YAEPEAUjpeg_decompress_struct@@@Z 000000014006fe60 f   jpeg6:jdmaster.obj
 0001:0006ef20       ?prepare_range_limit_table@@YAXPEAUjpeg_decompress_struct@@@Z 000000014006ff20 f   jpeg6:jdmaster.obj
 0001:0006efd0       ?master_selection@@YAXPEAUjpeg_decompress_struct@@@Z 000000014006ffd0 f   jpeg6:jdmaster.obj
 0001:0006f180       ?prepare_for_output_pass@@YAXPEAUjpeg_decompress_struct@@@Z 0000000140070180 f   jpeg6:jdmaster.obj
 0001:0006f2d0       ?finish_output_pass@@YAXPEAUjpeg_decompress_struct@@@Z 00000001400702d0 f   jpeg6:jdmaster.obj
 0001:0006f440       ?dummy_consume_data@@YAHPEAUjpeg_decompress_struct@@@Z 0000000140070440 f   jpeg6:jmemnobs.obj
 0001:0006f450       ?alloc_funny_pointers@@YAXPEAUjpeg_decompress_struct@@@Z 0000000140070450 f   jpeg6:jdmainct.obj
 0001:0006f550       ?make_funny_pointers@@YAXPEAUjpeg_decompress_struct@@@Z 0000000140070550 f   jpeg6:jdmainct.obj
 0001:0006f6f0       ?set_wraparound_pointers@@YAXPEAUjpeg_decompress_struct@@@Z 00000001400706f0 f   jpeg6:jdmainct.obj
 0001:0006f800       ?set_bottom_pointers@@YAXPEAUjpeg_decompress_struct@@@Z 0000000140070800 f   jpeg6:jdmainct.obj
 0001:0006f8d0       ?process_data_simple_main@@YAXPEAUjpeg_decompress_struct@@PEAPEAEPEAII@Z 00000001400708d0 f   jpeg6:jdmainct.obj
 0001:0006f980       ?process_data_context_main@@YAXPEAUjpeg_decompress_struct@@PEAPEAEPEAII@Z 0000000140070980 f   jpeg6:jdmainct.obj
 0001:0006fb10       ?start_pass_main@@YAXPEAUjpeg_decompress_struct@@W4J_BUF_MODE@@@Z 0000000140070b10 f   jpeg6:jdmainct.obj
 0001:0006fcc0       ?start_iMCU_row@@YAXPEAUjpeg_decompress_struct@@@Z 0000000140070cc0 f   jpeg6:jdcoefct.obj
 0001:0006fd20       ?start_input_pass@@YAXPEAUjpeg_decompress_struct@@@Z 0000000140070d20 f   jpeg6:jdcoefct.obj
 0001:0006fd30       ?start_output_pass@@YAXPEAUjpeg_decompress_struct@@@Z 0000000140070d30 f   jpeg6:jdcoefct.obj
 0001:0006fd40       ?decompress_onepass@@YAHPEAUjpeg_decompress_struct@@PEAPEAPEAE@Z 0000000140070d40 f   jpeg6:jdcoefct.obj
 0001:00070580       ?process_restart@@YAEPEAUjpeg_decompress_struct@@@Z 0000000140071580 f   jpeg6:jdhuff.obj
 0001:00070620       ?decode_mcu@@YAEPEAUjpeg_decompress_struct@@PEAPEAY0EA@F@Z 0000000140071620 f   jpeg6:jdhuff.obj
 0001:00070af0       ?start_pass_huff_decoder@@YAXPEAUjpeg_decompress_struct@@@Z 0000000140071af0 f   jpeg6:jdhuff.obj
 0001:00070cb0       ?start_pass@@YAXPEAUjpeg_decompress_struct@@@Z 0000000140071cb0 f   jpeg6:jddctmgr.obj
 0001:00071070       ?post_process_1pass@@YAXPEAUjpeg_decompress_struct@@PEAPEAPEAEPEAIIPEAPEAE2I@Z 0000000140072070 f   jpeg6:jdpostct.obj
 0001:00071120       ?start_pass_dpost@@YAXPEAUjpeg_decompress_struct@@W4J_BUF_MODE@@@Z 0000000140072120 f   jpeg6:jdpostct.obj
 0001:00071270       ?start_pass_upsample@@YAXPEAUjpeg_decompress_struct@@@Z 0000000140072270 f   jpeg6:jdsample.obj
 0001:00071290       ?sep_upsample@@YAXPEAUjpeg_decompress_struct@@PEAPEAPEAEPEAIIPEAPEAE2I@Z 0000000140072290 f   jpeg6:jdsample.obj
 0001:000713e0       ?fullsize_upsample@@YAXPEAUjpeg_decompress_struct@@PEAUjpeg_component_info@@PEAPEAEPEAPEAPEAE@Z 00000001400723e0 f   jpeg6:jdsample.obj
 0001:000713f0       ?noop_upsample@@YAXPEAUjpeg_decompress_struct@@PEAUjpeg_component_info@@PEAPEAEPEAPEAPEAE@Z 00000001400723f0 f   jpeg6:jdsample.obj
 0001:00071400       ?int_upsample@@YAXPEAUjpeg_decompress_struct@@PEAUjpeg_component_info@@PEAPEAEPEAPEAPEAE@Z 0000000140072400 f   jpeg6:jdsample.obj
 0001:00071560       ?h2v1_upsample@@YAXPEAUjpeg_decompress_struct@@PEAUjpeg_component_info@@PEAPEAEPEAPEAPEAE@Z 0000000140072560 f   jpeg6:jdsample.obj
 0001:000715d0       ?h2v2_upsample@@YAXPEAUjpeg_decompress_struct@@PEAUjpeg_component_info@@PEAPEAEPEAPEAPEAE@Z 00000001400725d0 f   jpeg6:jdsample.obj
 0001:00071690       ?h2v1_fancy_upsample@@YAXPEAUjpeg_decompress_struct@@PEAUjpeg_component_info@@PEAPEAEPEAPEAPEAE@Z 0000000140072690 f   jpeg6:jdsample.obj
 0001:00071780       ?h2v2_fancy_upsample@@YAXPEAUjpeg_decompress_struct@@PEAUjpeg_component_info@@PEAPEAEPEAPEAPEAE@Z 0000000140072780 f   jpeg6:jdsample.obj
 0001:00071b40       ?build_ycc_rgb_table@@YAXPEAUjpeg_decompress_struct@@@Z 0000000140072b40 f   jpeg6:jdcolor.obj
 0001:00071c40       ?ycc_rgb_convert@@YAXPEAUjpeg_decompress_struct@@PEAPEAPEAEIPEAPEAEH@Z 0000000140072c40 f   jpeg6:jdcolor.obj
 0001:00071de0       ?null_convert@@YAXPEAUjpeg_decompress_struct@@PEAPEAPEAEIPEAPEAEH@Z 0000000140072de0 f   jpeg6:jdcolor.obj
 0001:00071ea0       ?grayscale_convert@@YAXPEAUjpeg_decompress_struct@@PEAPEAPEAEIPEAPEAEH@Z 0000000140072ea0 f   jpeg6:jdcolor.obj
 0001:00071ee0       ?ycck_cmyk_convert@@YAXPEAUjpeg_decompress_struct@@PEAPEAPEAEIPEAPEAEH@Z 0000000140072ee0 f   jpeg6:jdcolor.obj
 0001:00075fb0       ?term_source@@YAXPEAUjpeg_decompress_struct@@@Z 0000000140076fb0 f   picomodel:picointernal.obj
 0001:00075fb0       ?start_pass_dcolor@@YAXPEAUjpeg_decompress_struct@@@Z 0000000140076fb0 f   picomodel:picointernal.obj
 0001:00076aa0       _obj_canload               0000000140077aa0 f   picomodel:pm_obj.obj
 0001:00076c00       SizeObjVertexData          0000000140077c00 f   picomodel:pm_obj.obj
 0001:00076cc0       FreeObjVertexData          0000000140077cc0 f   picomodel:pm_obj.obj
 0001:00076ce0       _obj_load                  0000000140077ce0 f   picomodel:pm_obj.obj
 0001:00077bf0       _terrain_canload           0000000140078bf0 f   picomodel:pm_terrain.obj
 0001:00077c60       _terrain_load              0000000140078c60 f   picomodel:pm_terrain.obj
 0001:00078440       lwo_lwIDToStr              0000000140079440 f   picomodel:pm_lwo.obj
 0001:00078490       _lwo_canload               0000000140079490 f   picomodel:pm_lwo.obj
 0001:00078500       _lwo_load                  0000000140079500 f   picomodel:pm_lwo.obj
 0001:00078e00       _fm_canload                0000000140079e00 f   picomodel:pm_fm.obj
 0001:00078f30       _fm_load                   0000000140079f30 f   picomodel:pm_fm.obj
 0001:00079a10       _md2_canload               000000014007aa10 f   picomodel:pm_md2.obj
 0001:00079a60       _md2_load                  000000014007aa60 f   picomodel:pm_md2.obj
 0001:0007a4d0       _mdc_canload               000000014007b4d0 f   picomodel:pm_mdc.obj
 0001:0007a520       _mdc_load                  000000014007b520 f   picomodel:pm_mdc.obj
 0001:0007ae00       _ms3d_canload              000000014007be00 f   picomodel:pm_ms3d.obj
 0001:0007ae80       GetWord                    000000014007be80 f   picomodel:pm_ms3d.obj
 0001:0007aec0       _ms3d_load                 000000014007bec0 f   picomodel:pm_ms3d.obj
 0001:0007b5f0       _ase_get_material          000000014007c5f0 f   picomodel:pm_ase.obj
 0001:0007b610       _ase_get_submaterial       000000014007c610 f   picomodel:pm_ase.obj
 0001:0007b6c0       _ase_add_material          000000014007c6c0 f   picomodel:pm_ase.obj
 0001:0007b700       _ase_add_submaterial       000000014007c700 f   picomodel:pm_ase.obj
 0001:0007b780       _ase_free_materials        000000014007c780 f   picomodel:pm_ase.obj
 0001:0007b800       _ase_canload               000000014007c800 f   picomodel:pm_ase.obj
 0001:0007b890       _ase_submit_triangles      000000014007c890 f   picomodel:pm_ase.obj
 0001:0007be00       _ase_load                  000000014007ce00 f   picomodel:pm_ase.obj
 0001:0007d460       _3ds_canload               000000014007e460 f   picomodel:pm_3ds.obj
 0001:0007d4c0       GetChunk                   000000014007e4c0 f   picomodel:pm_3ds.obj
 0001:0007d520       GetASCIIZ                  000000014007e520 f   picomodel:pm_3ds.obj
 0001:0007d5b0       GetByte                    000000014007e5b0 f   picomodel:pm_3ds.obj
 0001:0007d5d0       GetWord                    000000014007e5d0 f   picomodel:pm_3ds.obj
 0001:0007d610       GetFloat                   000000014007e610 f   picomodel:pm_3ds.obj
 0001:0007d640       GetMeshVertices            000000014007e640 f   picomodel:pm_3ds.obj
 0001:0007d6d0       GetMeshFaces               000000014007e6d0 f   picomodel:pm_3ds.obj
 0001:0007d790       GetMeshTexCoords           000000014007e790 f   picomodel:pm_3ds.obj
 0001:0007d820       GetMeshShader              000000014007e820 f   picomodel:pm_3ds.obj
 0001:0007d9f0       GetDiffuseColor            000000014007e9f0 f   picomodel:pm_3ds.obj
 0001:0007da40       DoNextEditorDataChunk      000000014007ea40 f   picomodel:pm_3ds.obj
 0001:0007dcc0       DoNextChunk                000000014007ecc0 f   picomodel:pm_3ds.obj
 0001:0007dd80       _3ds_load                  000000014007ed80 f   picomodel:pm_3ds.obj
 0001:0007de90       _md3_canload               000000014007ee90 f   picomodel:pm_md3.obj
 0001:0007dee0       _md3_load                  000000014007eee0 f   picomodel:pm_md3.obj
 0001:000814b0       compare_shaders            00000001400824b0 f   picomodel:surface.obj
 0001:000814b0       compare_textures           00000001400824b0 f   picomodel:surface.obj
 0001:000814e0       add_texture                00000001400824e0 f   picomodel:surface.obj
 0001:000821f0       compare_keys               00000001400831f0 f   picomodel:envelope.obj
 0001:00082ca0       add_clip                   0000000140083ca0 f   picomodel:lwob.obj
 0001:00082d50       add_tvel                   0000000140083d50 f   picomodel:lwob.obj
 0001:00082ed0       get_texture                0000000140083ed0 f   picomodel:lwob.obj
 0001:000841a8       pre_cpp_init               00000001400851a8 f   MSVCRT:crtexe.obj
 0001:00084210       __tmainCRTStartup          0000000140085210 f   MSVCRT:crtexe.obj
 0001:00084390       pre_c_init                 0000000140085390 f   MSVCRT:crtexe.obj
 0001:00084830       _onexit$fin$0              0000000140085830 f   MSVCRT:atonexit.obj
 0001:00084849       __tmainCRTStartup$filt$0   0000000140085849 f   MSVCRT:crtexe.obj
 0001:00084870       _IsNonwritableInCurrentImage$filt$0 0000000140085870 f   MSVCRT:pesect.obj
