 bloodmap

 Timestamp is 56cce8e9 (Wed Feb 24 02:19:05 2016)

 Preferred load address is 0000000140000000

 Start         Length     Name                   Class
 0001:00000000 00097998H .text                   CODE
 0001:000979a0 0000005eH .text$00                CODE
 0001:00097a00 00000061H .text$x                 CODE
 0002:00000000 00000528H .idata$5                DATA
 0002:00000528 00000008H .CRT$XCA                DATA
 0002:00000530 00000008H .CRT$XCAA               DATA
 0002:00000538 00000008H .CRT$XCZ                DATA
 0002:00000540 00000008H .CRT$XIA                DATA
 0002:00000548 00000008H .CRT$XIAA               DATA
 0002:00000550 00000008H .CRT$XIY                DATA
 0002:00000558 00000008H .CRT$XIZ                DATA
 0002:00000560 000119f0H .rdata                  DATA
 0002:00011f50 00000042H .rdata$debug            DATA
 0002:00011f98 00000008H .rtc$IAA                DATA
 0002:00011fa0 00000008H .rtc$IZZ                DATA
 0002:00011fa8 00000008H .rtc$TAA                DATA
 0002:00011fb0 00000008H .rtc$TZZ                DATA
 0002:00011fb8 00009ef4H .xdata                  DATA
 0002:0001beac 00000078H .idata$2                DATA
 0002:0001bf24 00000014H .idata$3                DATA
 0002:0001bf38 00000528H .idata$4                DATA
 0002:0001c460 00000842H .idata$6                DATA
 0002:0001cca2 00000000H .edata                  DATA
 0003:00000000 00019a68H .data                   DATA
 0003:00019a80 105d3740H .bss                    DATA
 0004:00000000 00006654H .pdata                  DATA
 0005:00000000 00000250H .rsrc$01                DATA
 0005:00000250 000102f8H .rsrc$02                DATA

  Address         Publics by Value              Rva+Base               Lib:Object

 0000:00000000       ___safe_se_handler_count   0000000000000000     <absolute>
 0000:00000000       ___safe_se_handler_table   0000000000000000     <absolute>
 0000:00000000       __ImageBase                0000000140000000     <linker-defined>
 0001:00000000       ?IncDrawVerts@@YAXXZ       0000000140001000 f   bspfile_abstract.obj
 0001:000000d0       ?SetDrawVerts@@YAXH@Z      00000001400010d0 f   bspfile_abstract.obj
 0001:00000190       ?SetDrawSurfaces@@YAXH@Z   0000000140001190 f   bspfile_abstract.obj
 0001:00000250       ?SwapBSPFile@@YAXXZ        0000000140001250 f   bspfile_abstract.obj
 0001:00000400       ?WriteBSPFile@@YAXPEBD@Z   0000000140001400 f   bspfile_abstract.obj
 0001:000004a0       ?PrintBSPFileSizes@@YAXXZ  00000001400014a0 f   bspfile_abstract.obj
 0001:00000740       ?ParseEPair@@YAPEAUepair_s@@XZ 0000000140001740 f   bspfile_abstract.obj
 0001:000008b0       ?ParseEntity@@YA?AW4qboolean@@XZ 00000001400018b0 f   bspfile_abstract.obj
 0001:000009d0       ?ParseEntities@@YAXXZ      00000001400019d0 f   bspfile_abstract.obj
 0001:00000a70       ?UnparseEntities@@YAXW4qboolean@@@Z 0000000140001a70 f   bspfile_abstract.obj
 0001:00000db0       ?SetKeyValue@@YAXPEAUentity_t@@PEBD1@Z 0000000140001db0 f   bspfile_abstract.obj
 0001:00000f00       ?KeyExists@@YA?AW4qboolean@@PEBUentity_t@@PEBD@Z 0000000140001f00 f   bspfile_abstract.obj
 0001:00000f60       ?ValueForKey@@YAPEBDPEBUentity_t@@PEBD@Z 0000000140001f60 f   bspfile_abstract.obj
 0001:00000fd0       ?IntForKey@@YAHPEBUentity_t@@PEBD@Z 0000000140001fd0 f   bspfile_abstract.obj
 0001:00001050       ?FloatForKey@@YAMPEBUentity_t@@PEBD@Z 0000000140002050 f   bspfile_abstract.obj
 0001:000010c0       ?GetVectorForKey@@YAXPEBUentity_t@@PEBDQEAM@Z 00000001400020c0 f   bspfile_abstract.obj
 0001:00001180       ?FindTargetEntity@@YAPEAUentity_t@@PEBD@Z 0000000140002180 f   bspfile_abstract.obj
 0001:00001250       ?GetEntityShadowFlags@@YAXPEBUentity_t@@0PEAD1W4qboolean@@@Z 0000000140002250 f   bspfile_abstract.obj
 0001:000014a0       ?GetEntityLightmapScale@@YAXPEBUentity_t@@PEAMM@Z 00000001400024a0 f   bspfile_abstract.obj
 0001:00001640       ?GetEntityLightmapAxis@@YAXPEBUentity_t@@QEAM1@Z 0000000140002640 f   bspfile_abstract.obj
 0001:00001920       ?GetEntityNormalSmoothing@@YAXPEBUentity_t@@PEAHH@Z 0000000140002920 f   bspfile_abstract.obj
 0001:00001a30       ?GetEntityMinlightAmbientColor@@YAXPEBUentity_t@@QEAM1111W4qboolean@@@Z 0000000140002a30 f   bspfile_abstract.obj
 0001:00003740       ?LoadIBSPFile@@YAXPEBD@Z   0000000140004740 f   bspfile_ibsp.obj
 0001:00003d20       ?WriteIBSPFile@@YAXPEBD@Z  0000000140004d20 f   bspfile_ibsp.obj
 0001:00004760       ?LoadRBSPFile@@YAXPEBD@Z   0000000140005760 f   bspfile_rbsp.obj
 0001:00004f10       ?WriteRBSPFile@@YAXPEBD@Z  0000000140005f10 f   bspfile_rbsp.obj
 0001:000056d0       ?PNGReadData@@YAXPEAUpng_struct_def@@PEAE_K@Z 00000001400066d0 f   image.obj
 0001:00005a60       ?WritePNG@@YAXPEBDPEAEHHW4qboolean@@2@Z 0000000140006a60 f   image.obj
 0001:00005e10       ?ImageFind@@YAPEAUimage_s@@PEBD@Z 0000000140006e10 f   image.obj
 0001:00005f00       ?ImageLoad@@YAPEAUimage_s@@PEBD@Z 0000000140006f00 f   image.obj
 0001:00006790       ?FixAAS@@YAHHPEAPEAD@Z     0000000140007790 f   main.obj
 0001:00006a30       ?AnalyzeBSP@@YAHHPEAPEAD@Z 0000000140007a30 f   main.obj
 0001:00006e20       ?BSPInfo@@YAHHPEAPEAD@Z    0000000140007e20 f   main.obj
 0001:00007160       ?ScaleBSPMain@@YAHHPEAPEAD@Z 0000000140008160 f   main.obj
 0001:00008130       ?ConvertBSPMain@@YAHHPEAPEAD@Z 0000000140009130 f   main.obj
 0001:00008550       main                       0000000140009550 f   main.obj
 0001:00008be0       ?LerpDrawVert@@YAXPEAUbspDrawVert_t@@00@Z 0000000140009be0 f   mesh.obj
 0001:00008d30       ?LerpDrawVertAmount@@YAXPEAUbspDrawVert_t@@0M0@Z 0000000140009d30 f   mesh.obj
 0001:00008f10       ?CopyMesh@@YAPEAUmesh_t@@PEAU1@@Z 0000000140009f10 f   mesh.obj
 0001:00008f90       ?TransposeMesh@@YAPEAUmesh_t@@PEAU1@@Z 0000000140009f90 f   mesh.obj
 0001:00009090       ?InvertMesh@@YAXPEAUmesh_t@@@Z 000000014000a090 f   mesh.obj
 0001:000091d0       ?MakeMeshNormals@@YAXUmesh_t@@@Z 000000014000a1d0 f   mesh.obj
 0001:00009760       ?PutMeshOnCurve@@YAXUmesh_t@@@Z 000000014000a760 f   mesh.obj
 0001:00009ab0       ?SubdivideMesh@@YAPEAUmesh_t@@U1@MM@Z 000000014000aab0 f   mesh.obj
 0001:0000a7e0       ?IterationsForCurve@@YAHMH@Z 000000014000b7e0 f   mesh.obj
 0001:0000a860       ?SubdivideMesh2@@YAPEAUmesh_t@@U1@H@Z 000000014000b860 f   mesh.obj
 0001:0000b150       ?RemoveLinearMeshColumnsRows@@YAPEAUmesh_t@@PEAU1@@Z 000000014000c150 f   mesh.obj
 0001:0000b740       ?PicoPrintFunc@@YAXHPEBD@Z 000000014000c740 f   model.obj
 0001:0000b7c0       ?PicoLoadFileFunc@@YAXPEADPEAPEAEPEAH@Z 000000014000c7c0 f   model.obj
 0001:0000b7e0       ?FindModel@@YAPEAUpicoModel_s@@PEBDH@Z 000000014000c7e0 f   model.obj
 0001:0000b8b0       ?LoadModel@@YAPEAUpicoModel_s@@PEBDH@Z 000000014000c8b0 f   model.obj
 0001:0000b9c0       ?InsertModel@@YAXPEADHHQEAMMPEAUremap_s@@PEAUshaderInfo_s@@HHDDHM11111MHHW4qboolean@@M4PEAH555@Z 000000014000c9c0 f   model.obj
 0001:0000cd50       ?LoadTriangleModels@@YAXXZ 000000014000dd50 f   model.obj
 0001:0000d0c0       ?AddTriangleModels@@YAXH@Z 000000014000e0c0 f   model.obj
 0001:0000e2a0       ?TidyShaders@@YAXXZ        000000014000f2a0 f   optimize.obj
 0001:0000ea00       ?MergeDrawSurfaces@@YAXXZ  000000014000fa00 f   optimize.obj
 0001:0000f710       ?MergeDrawVerts@@YAXXZ     0000000140010710 f   optimize.obj
 0001:00010160       ?WriteResourceOBJFile@@YAXPEBD@Z 0000000140011160 f   optimize.obj
 0001:00010a40       ?OptimizeBSPMain@@YAHHPEAPEAD@Z 0000000140011a40 f   optimize.obj
 0001:00011190       ?AllocateEntity@@YAPEAUentity_t@@PEAU1@@Z 0000000140012190 f   patchbsp.obj
 0001:00011210       ?FindMapEntityByUniqueKey@@YAPEAUentity_t@@PEBD@Z 0000000140012210 f   patchbsp.obj
 0001:00011320       ?PatchEntities@@YAXXZ      0000000140012320 f   patchbsp.obj
 0001:000118a0       ?PatchBSPMain@@YAHHPEAPEAD@Z 00000001400128a0 f   patchbsp.obj
 0001:00011ed0       ?GetGame@@YAPEAUgame_s@@PEAD@Z 0000000140012ed0 f   path_init.obj
 0001:00012020       ?AddBasePath@@YAXPEAD@Z    0000000140013020 f   path_init.obj
 0001:000120c0       ?AddGamePath@@YAXPEAD@Z    00000001400130c0 f   path_init.obj
 0001:00012160       ?InitPaths@@YAXPEAHPEAPEAD@Z 0000000140013160 f   path_init.obj
 0001:00012630       ?SanitizePath@@YAXPEAD0@Z  0000000140013630 f   path_init.obj
 0001:000126c0       ?GetGamePath@@YA?AW4qboolean@@PEAD0@Z 00000001400136c0 f   path_init.obj
 0001:00012950       ?ColorModBuildRandomMatrix@@YAXXZ 0000000140013950 f   shaders.obj
 0001:00012a00       ?ColorModRandom@@YAMQEAMM@Z 0000000140013a00 f   shaders.obj
 0001:00012cd0       ?ColorMod@@YAXPEAUentity_t@@PEAUmapDrawSurface_s@@PEAUcolorMod_s@@PEAUbrush_s@@HH@Z 0000000140013cd0 f   shaders.obj
 0001:00013690       ?TCModMultiply@@YAXQEAY02M00@Z 0000000140014690 f   shaders.obj
 0001:00013810       ?TCModRotate@@YAXQEAY02MM@Z 0000000140014810 f   shaders.obj
 0001:00013900       ?ApplySurfaceParm@@YA?AW4qboolean@@PEADPEAH11@Z 0000000140014900 f   shaders.obj
 0001:00013a50       ?BeginMapShaderFile@@YAXPEBD@Z 0000000140014a50 f   shaders.obj
 0001:00013bc0       ?WriteMapShaderFile@@YAXXZ 0000000140014bc0 f   shaders.obj
 0001:00013d40       ?CustomShader@@YAPEAUshaderInfo_s@@PEAU1@PEAD1@Z 0000000140014d40 f   shaders.obj
 0001:00014420       ?FinishShader@@YAXPEAUshaderInfo_s@@@Z 0000000140015420 f   shaders.obj
 0001:00014b20       ?ShaderInfoForShader@@YAPEAUshaderInfo_s@@PEBD@Z 0000000140015b20 f   shaders.obj
 0001:00014d20       ?GetTokenAppend@@YA?AW4qboolean@@PEADW41@@Z 0000000140015d20 f   shaders.obj
 0001:00014e20       ?Parse1DMatrixAppend@@YAXPEADHPEAM@Z 0000000140015e20 f   shaders.obj
 0001:00014f10       ?AllocateColorMod@@YAPEAUcolorMod_s@@PEAUshaderInfo_s@@W4colorModType_t@@@Z 0000000140015f10 f   shaders.obj
 0001:00018020       ?LoadShaderInfo@@YAXXZ     0000000140019020 f   shaders.obj
 0001:00018260       ?AllocSideRef@@YAPEAUsideRef_s@@PEAUside_s@@PEAU1@@Z 0000000140019260 f   brush.obj
 0001:000182b0       ?AllocBrush@@YAPEAUbrush_s@@H@Z 00000001400192b0 f   brush.obj
 0001:00018330       ?FreeBrush@@YAXPEAUbrush_s@@@Z 0000000140019330 f   brush.obj
 0001:00018420       ?CopyBrush@@YAPEAUbrush_s@@PEAU1@@Z 0000000140019420 f   brush.obj
 0001:000184f0       ?BoundBrush@@YA?AW4qboolean@@PEAUbrush_s@@@Z 00000001400194f0 f   brush.obj
 0001:000185e0       ?CreateBrushWindings@@YA?AW4qboolean@@PEAUbrush_s@@@Z 00000001400195e0 f   brush.obj
 0001:00018770       ?BrushVolume@@YAMPEAUbrush_s@@@Z 0000000140019770 f   brush.obj
 0001:000188a0       ?WriteBSPBrushMap@@YAXPEADPEAUbrush_s@@@Z 00000001400198a0 f   brush.obj
 0001:00018ab0       ?FilterBrushIntoTree_r@@YAHPEAUbrush_s@@PEAUnode_s@@@Z 0000000140019ab0 f   brush.obj
 0001:00018b80       ?FilterDetailBrushesIntoTree@@YAXPEAUentity_t@@PEAUtree_t@@@Z 0000000140019b80 f   brush.obj
 0001:00018c50       ?FilterStructuralBrushesIntoTree@@YAXPEAUentity_t@@PEAUtree_t@@W4qboolean@@@Z 0000000140019c50 f   brush.obj
 0001:00018d50       ?WindingIsTiny@@YA?AW4qboolean@@PEAUwinding_t@@@Z 0000000140019d50 f   brush.obj
 0001:00018e30       ?BrushMostlyOnSide@@YAHPEAUbrush_s@@PEAUplane_s@@@Z 0000000140019e30 f   brush.obj
 0001:000190a0       ?SplitBrush@@YAXPEAUbrush_s@@HPEAPEAU1@1@Z 000000014001a0a0 f   brush.obj
 0001:00019850       ?ComputeAxisBase@@YAXQEAM00@Z 000000014001a850 f   brush_primit.obj
 0001:000199a0       ?SetCloneModelNumbers@@YAXXZ 000000014001a9a0 f   bsp.obj
 0001:0001a230       ?ProcessWorldModel@@YAXXZ  000000014001b230 f   bsp.obj
 0001:0001b250       ?ProcessSubModel@@YAXXZ    000000014001c250 f   bsp.obj
 0001:0001b4f0       ?ProcessModels@@YAXXZ      000000014001c4f0 f   bsp.obj
 0001:0001b710       ?RegionScissor@@YAXXZ      000000014001c710 f   bsp.obj
 0001:0001c6b0       ?BSPMain@@YAHHPEAPEAD@Z    000000014001d6b0 f   bsp.obj
 0001:0001e810       ?ProcessDecals@@YAXXZ      000000014001f810 f   decals.obj
 0001:0001fda0       ?MakeEntityDecals@@YAXPEAUentity_t@@@Z 0000000140020da0 f   decals.obj
 0001:00020150       ?FreeNode@@YAXPEAUdnode_s@@@Z 0000000140021150 f   decorations.obj
 0001:000201c0       ?FreeNodesArray@@YAXPEAUdnode_s@@H@Z 00000001400211c0 f   decorations.obj
 0001:000202c0       ?EntityArrayAdd@@YAXPEAUdgroupents_s@@PEAUentity_t@@@Z 00000001400212c0 f   decorations.obj
 0001:00020380       ?NewDecoreGroup@@YAPEAUdgroup_s@@PEADW4decoreMatchParm_t@@@Z 0000000140021380 f   decorations.obj
 0001:000204f0       ?PopulateDecoreGroup@@YA?AW4qboolean@@PEAUentity_t@@W4decoreMatchParm_t@@PEAD@Z 00000001400214f0 f   decorations.obj
 0001:000206e0       ?DecoreParseActions@@YAXPEAUdactions_s@@@Z 00000001400216e0 f   decorations.obj
 0001:00020d20       ?EntityPopulateDecorationGroups@@YAXH@Z 0000000140021d20 f   decorations.obj
 0001:00020d90       ?LoadDecorationScript@@YAXXZ 0000000140021d90 f   decorations.obj
 0001:00021570       ?EntityProcessActions@@YAXPEAUentity_t@@PEAUdactions_s@@@Z 0000000140022570 f   decorations.obj
 0001:00021740       ?CreateEntity@@YAPEAUentity_t@@PEAD@Z 0000000140022740 f   decorations.obj
 0001:000217f0       ?LoadFoliage@@YAXPEAD@Z    00000001400227f0 f   decorations.obj
 0001:00021a50       ?LoadRtlights@@YAXXZ       0000000140022a50 f   decorations.obj
 0001:000223c0       ?ProcessDecorationGroup@@YAXH@Z 00000001400233c0 f   decorations.obj
 0001:00022ce0       ?ProcessDecorations@@YAXXZ 0000000140023ce0 f   decorations.obj
 0001:00023160       ?BuildFaceTree_r@@YAXPEAUnode_s@@PEAUface_s@@@Z 0000000140024160 f   facebsp.obj
 0001:00023530       ?FaceBSP@@YAPEAUtree_t@@PEAUface_s@@W4qboolean@@@Z 0000000140024530 f   facebsp.obj
 0001:000236e0       ?MakeStructuralBSPFaceList@@YAPEAUface_s@@PEAUbrush_s@@@Z 00000001400246e0 f   facebsp.obj
 0001:00023850       ?MakeVisibleBSPFaceList@@YAPEAUface_s@@PEAUbrush_s@@@Z 0000000140024850 f   facebsp.obj
 0001:000239c0       ?DrawSurfToMesh@@YAPEAUmesh_t@@PEAUmapDrawSurface_s@@@Z 00000001400249c0 f   fog.obj
 0001:00023a60       ?SplitMeshByPlane@@YAXPEAUmesh_t@@QEAMMPEAPEAU1@2@Z 0000000140024a60 f   fog.obj
 0001:00024200       ?ChopPatchSurfaceByBrush@@YA?AW4qboolean@@PEAUentity_t@@PEAUmapDrawSurface_s@@PEAUbrush_s@@@Z 0000000140025200 f   fog.obj
 0001:00024460       ?WindingFromDrawSurf@@YAPEAUwinding_t@@PEAUmapDrawSurface_s@@@Z 0000000140025460 f   fog.obj
 0001:000246a0       ?ChopFaceSurfaceByBrush@@YA?AW4qboolean@@PEAUentity_t@@PEAUmapDrawSurface_s@@PEAUbrush_s@@@Z 00000001400256a0 f   fog.obj
 0001:00024a20       ?FogDrawSurfaces@@YAXPEAUentity_t@@@Z 0000000140025a20 f   fog.obj
 0001:00024c30       ?FogForBounds@@YAHQEAM0M@Z 0000000140025c30 f   fog.obj
 0001:00024db0       ?CreateMapFogs@@YAXXZ      0000000140025db0 f   fog.obj
 0001:000250f0       ?LeakFile@@YAPEAU_xmlNode@@PEAUtree_t@@@Z 00000001400260f0 f   leakfile.obj
 0001:00025570       ?CreateNewFloatPlane@@YAHQEAMM@Z 0000000140026570 f   map.obj
 0001:00025770       ?SnapNormal@@YAXQEAM@Z     0000000140026770 f   map.obj
 0001:00025810       ?FindFloatPlane@@YAHQEAMMHPEAY02M@Z 0000000140026810 f   map.obj
 0001:00025b60       ?MapPlaneFromPoints@@YAHPEAY02M@Z 0000000140026b60 f   map.obj
 0001:00025cc0       ?SetBrushContents@@YAXPEAUbrush_s@@@Z 0000000140026cc0 f   map.obj
 0001:00025e10       ?AddBrushBevels@@YAXXZ     0000000140026e10 f   map.obj
 0001:000269b0       ?FinishBrush@@YAPEAUbrush_s@@XZ 00000001400279b0 f   map.obj
 0001:00026c90       ?TextureAxisFromPlane@@YAXPEAUplane_s@@QEAM1@Z 0000000140027c90 f   map.obj
 0001:00026e60       ?QuakeTextureVecs@@YAXPEAUplane_s@@QEAMM1QEAY03M@Z 0000000140027e60 f   map.obj
 0001:00027630       ?RemoveDuplicateBrushPlanes@@YA?AW4qboolean@@PEAUbrush_s@@@Z 0000000140028630 f   map.obj
 0001:00027950       ?MoveBrushesToWorld@@YAXPEAUentity_t@@@Z 0000000140028950 f   map.obj
 0001:00027ac0       ?AdjustBrushesForOrigin@@YAXPEAUentity_t@@@Z 0000000140028ac0 f   map.obj
 0001:00027c00       ?SetEntityBounds@@YAXPEAUentity_t@@@Z 0000000140028c00 f   map.obj
 0001:00027f90       ?LoadEntityIndexMap@@YAXPEAUentity_t@@@Z 0000000140028f90 f   map.obj
 0001:00028eb0       ?LoadMapFile@@YAXPEADW4qboolean@@111@Z 0000000140029eb0 f   map.obj
 0001:00029350       ?CheckMapForErrors@@YAHXZ  000000014002a350 f   map.obj
 0001:0002a360       ?ParsePatch@@YAXW4qboolean@@@Z 000000014002b360 f   patch.obj
 0001:0002ab80       ?PatchMapDrawSurfs@@YAXPEAUentity_t@@@Z 000000014002bb80 f   patch.obj
 0001:0002b150       ?MakeHeadnodePortals@@YAXPEAUtree_t@@@Z 000000014002c150 f   portals.obj
 0001:0002b450       ?BaseWindingForNode@@YAPEAUwinding_t@@PEAUnode_s@@@Z 000000014002c450 f   portals.obj
 0001:0002b560       ?MakeNodePortal@@YAXPEAUnode_s@@@Z 000000014002c560 f   portals.obj
 0001:0002b7a0       ?SplitNodePortals@@YAXPEAUnode_s@@@Z 000000014002c7a0 f   portals.obj
 0001:0002bf10       ?CalcNodeBounds@@YAXPEAUnode_s@@@Z 000000014002cf10 f   portals.obj
 0001:0002bfa0       ?MakeTreePortals_r@@YAXPEAUnode_s@@@Z 000000014002cfa0 f   portals.obj
 0001:0002c090       ?FloodPortals_r@@YAXPEAUnode_s@@HW4qboolean@@@Z 000000014002d090 f   portals.obj
 0001:0002c130       ?PlaceOccupantTest@@YA?AW4qboolean@@PEAUtree_t@@PEAUnode_s@@QEAM@Z 000000014002d130 f   portals.obj
 0001:0002c1d0       ?FloodEntities@@YA?AW4qboolean@@PEAUtree_t@@W41@@Z 000000014002d1d0 f   portals.obj
 0001:0002cc60       ?FloodAreas_r@@YAXPEAUnode_s@@@Z 000000014002dc60 f   portals.obj
 0001:0002cdb0       ?FindAreas_r@@YAXPEAUnode_s@@@Z 000000014002ddb0 f   portals.obj
 0001:0002ce00       ?FloodSkyboxArea_r@@YAXPEAUnode_s@@@Z 000000014002de00 f   portals.obj
 0001:0002ce50       ?FloodAreas@@YAXPEAUtree_t@@@Z 000000014002de50 f   portals.obj
 0001:0002cf00       ?FillOutside_r@@YAXPEAUnode_s@@@Z 000000014002df00 f   portals.obj
 0001:0002cf60       ?FillOutside@@YAXPEAUnode_s@@@Z 000000014002df60 f   portals.obj
 0001:0002cfe0       ?WriteFloat@@YAXPEAU_iobuf@@M@Z 000000014002dfe0 f   prtfile.obj
 0001:0002d070       ?WritePortalFile_r@@YAXPEAUnode_s@@@Z 000000014002e070 f   prtfile.obj
 0001:0002d390       ?WriteFaceFile_r@@YAXPEAUnode_s@@@Z 000000014002e390 f   prtfile.obj
 0001:0002d5d0       ?NumberLeafs_r@@YAXPEAUnode_s@@@Z 000000014002e5d0 f   prtfile.obj
 0001:0002d700       ?NumberClusters@@YAXPEAUtree_t@@@Z 000000014002e700 f   prtfile.obj
 0001:0002d780       ?WritePortalFile@@YAXPEAUtree_t@@@Z 000000014002e780 f   prtfile.obj
 0001:0002d880       ?AllocDrawSurface@@YAPEAUmapDrawSurface_s@@W4surfaceType_t@@@Z 000000014002e880 f   surface.obj
 0001:0002d950       ?FinishSurface@@YAXPEAUmapDrawSurface_s@@@Z 000000014002e950 f   surface.obj
 0001:0002da10       ?CloneSurface@@YAPEAUmapDrawSurface_s@@PEAU1@PEAUshaderInfo_s@@@Z 000000014002ea10 f   surface.obj
 0001:0002db10       ?MakeSkyboxSurface@@YAPEAUmapDrawSurface_s@@PEAU1@@Z 000000014002eb10 f   surface.obj
 0001:0002db90       ?IsTriangleDegenerate@@YA?AW4qboolean@@PEAUbspDrawVert_t@@HHH@Z 000000014002eb90 f   surface.obj
 0001:0002dc80       ?ClearSurface@@YAXPEAUmapDrawSurface_s@@@Z 000000014002ec80 f   surface.obj
 0001:0002dce0       ?TidyEntitySurfaces@@YAXPEAUentity_t@@@Z 000000014002ece0 f   surface.obj
 0001:0002de60       ?CalcSurfaceTextureRange@@YA?AW4qboolean@@PEAUmapDrawSurface_s@@@Z 000000014002ee60 f   surface.obj
 0001:0002e0c0       ?CalcLightmapAxis@@YA?AW4qboolean@@QEAM0@Z 000000014002f0c0 f   surface.obj
 0001:0002e1d0       ?ClassifySurfaces@@YAXHPEAUmapDrawSurface_s@@@Z 000000014002f1d0 f   surface.obj
 0001:0002e6a0       ?ClassifyEntitySurfaces@@YAXPEAUentity_t@@@Z 000000014002f6a0 f   surface.obj
 0001:0002e720       ?GetShaderIndexForPoint@@YAEPEAUindexMap_s@@QEAM11@Z 000000014002f720 f   surface.obj
 0001:0002e810       ?GetIndexedShader@@YAPEAUshaderInfo_s@@PEAU1@PEAUindexMap_s@@HPEAE@Z 000000014002f810 f   surface.obj
 0001:0002ea70       ?DrawSurfaceForSide@@YAPEAUmapDrawSurface_s@@PEAUentity_t@@PEAUbrush_s@@PEAUside_s@@PEAUwinding_t@@PEAY02MPEAHH@Z 000000014002fa70 f   surface.obj
 0001:0002f530       ?DrawSurfaceForMesh@@YAPEAUmapDrawSurface_s@@PEAUentity_t@@PEAUparseMesh_s@@PEAUmesh_t@@@Z 0000000140030530 f   surface.obj
 0001:000300a0       ?DrawSurfaceForFlare@@YAPEAUmapDrawSurface_s@@HQEAM00PEADH@Z 00000001400310a0 f   surface.obj
 0001:000305f0       ?SubdivideFaceSurfaces@@YAXPEAUentity_t@@PEAUtree_t@@@Z 00000001400315f0 f   surface.obj
 0001:00030950       ?ClipSideIntoTree_r@@YAXPEAUwinding_t@@PEAUside_s@@PEAUnode_s@@@Z 0000000140031950 f   surface.obj
 0001:00030a60       ?SideInBrush@@YA?AW4qboolean@@PEAUside_s@@PEAUbrush_s@@@Z 0000000140031a60 f   surface.obj
 0001:00030b50       ?CullSides@@YAXPEAUentity_t@@@Z 0000000140031b50 f   surface.obj
 0001:00030fb0       ?ClipSidesIntoTree@@YAXPEAUentity_t@@PEAUtree_t@@W4qboolean@@@Z 0000000140031fb0 f   surface.obj
 0001:00031220       ?AddReferenceToLeaf@@YAHPEAUmapDrawSurface_s@@PEAUnode_s@@@Z 0000000140032220 f   surface.obj
 0001:000312d0       ?AddReferenceToTree_r@@YAHPEAUmapDrawSurface_s@@PEAUnode_s@@W4qboolean@@@Z 00000001400322d0 f   surface.obj
 0001:000313a0       ?FilterPointIntoTree_r@@YAHQEAMPEAUmapDrawSurface_s@@PEAUnode_s@@@Z 00000001400323a0 f   surface.obj
 0001:00031480       ?FilterWindingIntoTree_r@@YAHPEAUwinding_t@@PEAUmapDrawSurface_s@@PEAUnode_s@@@Z 0000000140032480 f   surface.obj
 0001:00032290       ?EmitDrawVerts@@YAXPEAUmapDrawSurface_s@@PEAUbspDrawSurface_t@@H@Z 0000000140033290 f   surface.obj
 0001:00032460       ?FindDrawIndexes@@YAHHPEAH@Z 0000000140033460 f   surface.obj
 0001:000325c0       ?EmitDrawIndexes@@YAXPEAUmapDrawSurface_s@@PEAUbspDrawSurface_t@@@Z 00000001400335c0 f   surface.obj
 0001:000327f0       ?EmitFlareSurface@@YAXPEAUmapDrawSurface_s@@@Z 00000001400337f0 f   surface.obj
 0001:00032920       ?EmitPatchSurface@@YAXPEAUentity_t@@PEAUmapDrawSurface_s@@@Z 0000000140033920 f   surface.obj
 0001:00033c50       ?MakeFogHullSurfs@@YAXPEAUentity_t@@PEAUtree_t@@PEAD@Z 0000000140034c50 f   surface.obj
 0001:00034030       ?AddSurfaceModelsToTriangle_r@@YAHPEAUmapDrawSurface_s@@PEAUsurfaceModel_s@@PEAPEAUbspDrawVert_t@@@Z 0000000140035030 f   surface.obj
 0001:00034690       ?AddSurfaceModels@@YAHPEAUmapDrawSurface_s@@@Z 0000000140035690 f   surface.obj
 0001:000350c0       ?FixDrawsurfVertexAlpha@@YAXH@Z 00000001400360c0 f   surface.obj
 0001:00035c50       ?FixVertexAlpha@@YAXPEAUentity_t@@W4qboolean@@@Z 0000000140036c50 f   surface.obj
 0001:00035ed0       ?ApplyVertexMods@@YAXPEAUentity_t@@W4qboolean@@@Z 0000000140036ed0 f   surface.obj
 0001:00036110       ?FilterDrawsurfsIntoTree@@YAXPEAUentity_t@@PEAUtree_t@@W4qboolean@@@Z 0000000140037110 f   surface.obj
 0001:000366e0       ?EmitDrawsurfsSimpleStats@@YAXXZ 00000001400376e0 f   surface.obj
 0001:00036850       ?SetSurfaceExtra@@YAXPEAUmapDrawSurface_s@@H@Z 0000000140037850 f   surface_extra.obj
 0001:000369a0       ?WriteSurfaceExtraFile@@YAXPEBD@Z 00000001400379a0 f   surface_extra.obj
 0001:00036ea0       ?LoadSurfaceExtraFile@@YAXPEBD@Z 0000000140037ea0 f   surface_extra.obj
 0001:000378d0       ?Foliage@@YAXPEAUmapDrawSurface_s@@@Z 00000001400388d0 f   surface_foliage.obj
 0001:00037f10       ?Fur@@YAXPEAUmapDrawSurface_s@@@Z 0000000140038f10 f   surface_fur.obj
 0001:000382b0       ?FindMetaTriangle@@YAHPEAUmetaTriangle_s@@PEAUbspDrawVert_t@@11H@Z 00000001400392b0 f   surface_meta.obj
 0001:00038a20       ?TriangulatePatchSurface@@YAXPEAUentity_t@@PEAUmapDrawSurface_s@@@Z 0000000140039a20 f   surface_meta.obj
 0001:00038f40       ?FanFaceSurface@@YAXPEAUmapDrawSurface_s@@@Z 0000000140039f40 f   surface_meta.obj
 0001:00039290       ?StripFaceSurface@@YAXPEAUmapDrawSurface_s@@W4qboolean@@@Z 000000014003a290 f   surface_meta.obj
 0001:000395a0       ?EmitMetaStats@@YAXXZ      000000014003a5a0 f   surface_meta.obj
 0001:00039650       ?MakeEntityMetaTriangles@@YAXPEAUentity_t@@@Z 000000014003a650 f   surface_meta.obj
 0001:000398a0       ?MetaTriangleFindAreaWeight@@YAXH@Z 000000014003a8a0 f   surface_meta.obj
 0001:00039e10       ?SmoothMetaTriangles@@YAXXZ 000000014003ae10 f   surface_meta.obj
 0001:0003a950       ?AddMetaVertToSurface@@YAHPEAUmapDrawSurface_s@@PEAUbspDrawVert_t@@PEAH@Z 000000014003b950 f   surface_meta.obj
 0001:0003bde0       ?GroupMetaTriangles@@YAXXZ 000000014003cde0 f   surface_meta.obj
 0001:0003c600       ?MergeMetaTrianglesThread@@YAXH@Z 000000014003d600 f   surface_meta.obj
 0001:0003c710       ?MergeMetaTriangles@@YAXXZ 000000014003d710 f   surface_meta.obj
 0001:0003c9b0       ?InsertPointOnEdge@@YAXQEAMPEAUedgeLine_s@@@Z 000000014003d9b0 f   tjunction.obj
 0001:0003cae0       ?AddEdge@@YAHQEAM0W4qboolean@@@Z 000000014003dae0 f   tjunction.obj
 0001:0003cfa0       ?AddSurfaceEdges@@YAXPEAUmapDrawSurface_s@@@Z 000000014003dfa0 f   tjunction.obj
 0001:0003d030       ?ColinearEdge@@YA?AW4qboolean@@QEAM00@Z 000000014003e030 f   tjunction.obj
 0001:0003d150       ?AddPatchEdges@@YAXPEAUmapDrawSurface_s@@@Z 000000014003e150 f   tjunction.obj
 0001:0003d320       ?FixSurfaceJunctions@@YAXPEAUmapDrawSurface_s@@@Z 000000014003e320 f   tjunction.obj
 0001:0003d8a0       ?FixBrokenSurface@@YA?AW4qboolean@@PEAUmapDrawSurface_s@@@Z 000000014003e8a0 f   tjunction.obj
 0001:0003dc60       ?EdgeCompare@@YAHPEBX0@Z   000000014003ec60 f   tjunction.obj
 0001:0003dc70       ?FixTJunctions@@YAXPEAUentity_t@@@Z 000000014003ec70 f   tjunction.obj
 0001:0003df40       ?FreeTreePortals_r@@YAXPEAUnode_s@@@Z 000000014003ef40 f   tree.obj
 0001:0003e0d0       ?FreeTree_r@@YAXPEAUnode_s@@@Z 000000014003f0d0 f   tree.obj
 0001:0003e130       ?FreeTree@@YAXPEAUtree_t@@@Z 000000014003f130 f   tree.obj
 0001:0003e1b0       ?EmitShader@@YAHPEBDPEAH1@Z 000000014003f1b0 f   writebsp.obj
 0001:0003e320       ?EmitPlanes@@YAXXZ         000000014003f320 f   writebsp.obj
 0001:0003e470       ?EmitLeaf@@YAXPEAUnode_s@@@Z 000000014003f470 f   writebsp.obj
 0001:0003e5e0       ?EmitDrawNode_r@@YAHPEAUnode_s@@@Z 000000014003f5e0 f   writebsp.obj
 0001:0003e710       ?SetModelNumbers@@YAXXZ    000000014003f710 f   writebsp.obj
 0001:0003e7b0       ?SetLightStyles@@YAXXZ     000000014003f7b0 f   writebsp.obj
 0001:0003eb00       ?EndBSPFile@@YAXXZ         000000014003fb00 f   writebsp.obj
 0001:0003ec00       ?EmitBrushes@@YAXPEAUbrush_s@@PEAH1@Z 000000014003fc00 f   writebsp.obj
 0001:0003ef00       ?EmitFogs@@YAXXZ           000000014003ff00 f   writebsp.obj
 0001:0003f020       ?BeginModel@@YAXXZ         0000000140040020 f   writebsp.obj
 0001:0003f3d0       ?EndModel@@YAXPEAUentity_t@@PEAUnode_s@@@Z 00000001400403d0 f   writebsp.obj
 0001:0003f9d0       ?CreateEntityLights@@YAXXZ 00000001400409d0 f   light.obj
 0001:00040a00       ?CreateSurfaceLights@@YAXXZ 0000000140041a00 f   light.obj
 0001:00040d90       ?SetEntityOrigins@@YAXXZ   0000000140041d90 f   light.obj
 0001:00041010       ?PointToPolygonFormFactor@@YAMQEBM0PEBUwinding_t@@@Z 0000000140042010 f   light.obj
 0001:000412d0       ?LightContribution@@YAHPEAUtrace_t@@HW4qboolean@@@Z 00000001400422d0 f   light.obj
 0001:00041ab0       ?LightContributionAllStyles@@YAXPEAUtrace_t@@QEAEQEAY02MHW4qboolean@@@Z 0000000140042ab0 f   light.obj
 0001:00041cf0       ?LightContributionSuper@@YAHPEAUtrace_t@@HW4qboolean@@HQEBM22QEAM@Z 0000000140042cf0 f   light.obj
 0001:000423c0       ?IlluminateGridPoint@@YAXPEAUtrace_t@@HPEAPEAUrawLightmap_s@@H@Z 00000001400433c0 f   light.obj
 0001:00043d00       ?IlluminateGridBlock@@YAXH@Z 0000000140044d00 f   light.obj
 0001:00044640       ?FloodGridPoint@@YAXH@Z    0000000140045640 f   light.obj
 0001:00044960       ?FinishIlluminateGrid@@YAXXZ 0000000140045960 f   light.obj
 0001:00044b10       ?IlluminateGrid@@YAXXZ     0000000140045b10 f   light.obj
 0001:00044be0       ?IlluminateGridByLightmap@@YAXXZ 0000000140045be0 f   light.obj
 0001:00044cb0       ?SetupGrid@@YAXXZ          0000000140045cb0 f   light.obj
 0001:00045760       ?SampleGrid@@YAXQEAM000@Z  0000000140046760 f   light.obj
 0001:00045c40       ?LightWorld@@YAXPEAD@Z     0000000140046c40 f   light.obj
 0001:000476f0       ?LightMain@@YAHHPEAPEAD@Z  00000001400486f0 f   light.obj
 0001:0004b050       ?RadFreeLights@@YAXXZ      000000014004c050 f   light_bounce.obj
 0001:0004b510       ?RadSampleImage@@YA?AW4qboolean@@PEAEHHQEAM1@Z 000000014004c510 f   light_bounce.obj
 0001:0004c810       ?RadLightForTriangles@@YAXHHPEAUrawLightmap_s@@PEAUshaderInfo_s@@MMPEAUclipWork_t@@@Z 000000014004d810 f   light_bounce.obj
 0001:0004ca00       ?RadLightForPatch@@YAXHHPEAUrawLightmap_s@@PEAUshaderInfo_s@@MMPEAUclipWork_t@@@Z 000000014004da00 f   light_bounce.obj
 0001:0004cf70       ?RadLight@@YAXH@Z          000000014004df70 f   light_bounce.obj
 0001:0004d160       ?RadCreateDiffuseLights@@YAXXZ 000000014004e160 f   light_bounce.obj
 0001:0004da50       ?ClipTraceWinding@@YAXPEAUtraceWinding_s@@QEAM00@Z 000000014004ea50 f   light_trace.obj
 0001:0004fbd0       ?SetupTraceNodes@@YAXXZ    0000000140050bd0 f   light_trace.obj
 0001:0004fdf0       ?TraceTriangle@@YA?AW4qboolean@@PEAUtraceInfo_s@@PEAUtraceTriangle_s@@PEAUtrace_t@@@Z 0000000140050df0 f   light_trace.obj
 0001:00050910       ?TraceLine@@YAXPEAUtrace_t@@@Z 0000000140051910 f   light_trace.obj
 0001:00050b00       ?SetupTrace@@YAMPEAUtrace_t@@@Z 0000000140051b00 f   light_trace.obj
 0001:00050b80       ?ColorToBytesLinear@@YAXPEBMPEAEMW4qboolean@@@Z 0000000140051b80 f   light_ydnar.obj
 0001:00050e20       ?ColorToBytesGamma@@YAXPEBMPEAEMW4qboolean@@@Z 0000000140051e20 f   light_ydnar.obj
 0001:00051160       ?ColorToBytesLinearExposure@@YAXPEBMPEAEMW4qboolean@@@Z 0000000140052160 f   light_ydnar.obj
 0001:00051430       ?ColorToBytesGammaExposure@@YAXPEBMPEAEMW4qboolean@@@Z 0000000140052430 f   light_ydnar.obj
 0001:000517b0       ?ColorToBytesLinearCompensate@@YAXPEBMPEAEMW4qboolean@@@Z 00000001400527b0 f   light_ydnar.obj
 0001:00051a60       ?ColorToBytesGammaCompensate@@YAXPEBMPEAEMW4qboolean@@@Z 0000000140052a60 f   light_ydnar.obj
 0001:00051db0       ?ColorToBytesLinearExposureCompensate@@YAXPEBMPEAEMW4qboolean@@@Z 0000000140052db0 f   light_ydnar.obj
 0001:000520b0       ?ColorToBytesGammaExposureCompensate@@YAXPEBMPEAEMW4qboolean@@@Z 00000001400530b0 f   light_ydnar.obj
 0001:00052440       ?SmoothNormals@@YAXXZ      0000000140053440 f   light_ydnar.obj
 0001:00054c80       ?MapRawLightmap@@YAXH@Z    0000000140055c80 f   light_ydnar.obj
 0001:00055a40       ?DirtModeName@@YAPEADPEAW4dirtMode_t@@@Z 0000000140056a40 f   light_ydnar.obj
 0001:00055ab0       ?EnableDirtForEntity@@YAXH@Z 0000000140056ab0 f   light_ydnar.obj
 0001:00055b50       ?SetupDirtForEntity@@YAXH@Z 0000000140056b50 f   light_ydnar.obj
 0001:00056350       ?SetupDirt@@YAXXZ          0000000140057350 f   light_ydnar.obj
 0001:00056670       ?DirtForSample@@YAMPEAUtrace_t@@@Z 0000000140057670 f   light_ydnar.obj
 0001:00057080       ?DirtyRawLightmap@@YAXH@Z  0000000140058080 f   light_ydnar.obj
 0001:000575e0       ?ApplyDirt@@YAXPEAM000HMM@Z 00000001400585e0 f   light_ydnar.obj
 0001:00058110       ?LightGridRawLightmap@@YAXH@Z 0000000140059110 f   light_ydnar.obj
 0001:000585a0       ?IlluminateRawLightmap@@YAXH@Z 00000001400595a0 f   light_ydnar.obj
 0001:0005a060       ?FilterRawLightmap@@YAXH@Z 000000014005b060 f   light_ydnar.obj
 0001:0005a8e0       ?WriteRawLightmapsFile@@YAXPEBD@Z 000000014005b8e0 f   light_ydnar.obj
 0001:0005b560       ?IlluminateVertexes@@YAXH@Z 000000014005c560 f   light_ydnar.obj
 0001:0005c880       ?SetupBrushes@@YAXXZ       000000014005d880 f   light_ydnar.obj
 0001:0005ca50       ?ClusterVisible@@YA?AW4qboolean@@HH@Z 000000014005da50 f   light_ydnar.obj
 0001:0005cae0       ?PointInLeafNum_r@@YAHQEAMH@Z 000000014005dae0 f   light_ydnar.obj
 0001:0005cbf0       ?ClusterForPointExt@@YAHQEAMM@Z 000000014005dbf0 f   light_ydnar.obj
 0001:0005cf20       ?ClusterForPointExtFilter@@YAHQEAMMHPEAH@Z 000000014005df20 f   light_ydnar.obj
 0001:0005cf90       ?SetupEnvelopes@@YAXW4qboolean@@0@Z 000000014005df90 f   light_ydnar.obj
 0001:0005da00       ?CreateTraceLightsForBounds@@YAXW4qboolean@@QEAM11HPEAHHPEAUtrace_t@@@Z 000000014005ea00 f   light_ydnar.obj
 0001:0005dd90       ?CreateTraceLightsForSurface@@YAXHPEAUtrace_t@@@Z 000000014005ed90 f   light_ydnar.obj
 0001:0005deb0       ?SetupFloodLight@@YAXXZ    000000014005eeb0 f   light_ydnar.obj
 0001:0005e300       ?WriteTGA24@@YAXPEADPEAEHHW4qboolean@@@Z 000000014005f300 f   lightmaps_ydnar.obj
 0001:0005e480       ?ExportLightmaps@@YAXXZ    000000014005f480 f   lightmaps_ydnar.obj
 0001:0005e620       ?ExportLightmapsMain@@YAHHPEAPEAD@Z 000000014005f620 f   lightmaps_ydnar.obj
 0001:0005e760       ?ImportLightmapsMain@@YAHHPEAPEAD@Z 000000014005f760 f   lightmaps_ydnar.obj
 0001:0005ec50       ?GetExternalLightmapPath@@YAXPEAD0H00@Z 000000014005fc50 f   lightmaps_ydnar.obj
 0001:0005ee30       ?FinishRawLightmap@@YAXH@Z 000000014005fe30 f   lightmaps_ydnar.obj
 0001:0005f520       ?AddPatchToRawLightmap@@YA?AW4qboolean@@HPEAUrawLightmap_s@@@Z 0000000140060520 f   lightmaps_ydnar.obj
 0001:0005fad0       ?AddSurfaceToRawLightmap@@YA?AW4qboolean@@HPEAUrawLightmap_s@@@Z 0000000140060ad0 f   lightmaps_ydnar.obj
 0001:000607e0       ?SetupSurfaceLightmaps@@YAXXZ 00000001400617e0 f   lightmaps_ydnar.obj
 0001:00061720       ?AllocateSurfaceLightmaps@@YAXXZ 0000000140062720 f   lightmaps_ydnar.obj
 0001:00061920       ?AddStitchLuxels@@YAXHHHHPEAH0H@Z 0000000140062920 f   lightmaps_ydnar.obj
 0001:00061b70       ?StitchRawLightmap@@YAXH@Z 0000000140062b70 f   lightmaps_ydnar.obj
 0001:00062560       ?StitchLuxelsCompare@@YAHPEBX0@Z 0000000140063560 f   lightmaps_ydnar.obj
 0001:000625b0       ?StitchRawLightmaps@@YAXXZ 00000001400635b0 f   lightmaps_ydnar.obj
 0001:000649c0       ?SubsamplePixelForFloodLightmapBorders_r@@YAHPEAUoutLightmap_s@@HHHQEAM1@Z 00000001400659c0 f   lightmaps_ydnar.obj
 0001:00065540       ?FloodLightmapBorders@@YAXPEAUoutLightmap_s@@@Z 0000000140066540 f   lightmaps_ydnar.obj
 0001:00065910       ?StoreSurfaceLightmaps@@YAXXZ 0000000140066910 f   lightmaps_ydnar.obj
 0001:000684d0       ?PlaneFromWinding@@YAXPEAUfixedWinding_t@@PEAUvisPlane_t@@@Z 00000001400694d0 f   vis.obj
 0001:000685e0       ?NewFixedWinding@@YAPEAUfixedWinding_t@@H@Z 00000001400695e0 f   vis.obj
 0001:00068650       ?PComp@@YAHPEBX0@Z         0000000140069650 f   vis.obj
 0001:00068680       ?LeafVectorFromPortalVector@@YAHPEAE0@Z 0000000140069680 f   vis.obj
 0001:000687e0       ?ClusterMerge@@YAXH@Z      00000001400697e0 f   vis.obj
 0001:000689e0       ?CalcPortalVis@@YAXXZ      00000001400699e0 f   vis.obj
 0001:00068a70       ?CalcPassageVis@@YAXXZ     0000000140069a70 f   vis.obj
 0001:00068ba0       ?CalcPassagePortalVis@@YAXXZ 0000000140069ba0 f   vis.obj
 0001:00068cd0       ?CalcVis@@YAXXZ            0000000140069cd0 f   vis.obj
 0001:00068fb0       ?SetPortalSphere@@YAXPEAUvportal_t@@@Z 0000000140069fb0 f   vis.obj
 0001:00069110       ?TryMergeLeaves@@YAHHH@Z   000000014006a110 f   vis.obj
 0001:00069470       ?MergeLeaves@@YAXXZ        000000014006a470 f   vis.obj
 0001:000695d0       ?TryMergeWinding@@YAPEAUfixedWinding_t@@PEAU1@0QEAM@Z 000000014006a5d0 f   vis.obj
 0001:00069b00       ?MergeLeafPortals@@YAXXZ   000000014006ab00 f   vis.obj
 0001:00069d10       ?LoadPortals@@YAXPEAD@Z    000000014006ad10 f   vis.obj
 0001:0006a540       ?VisMain@@YAHHPEAPEAD@Z    000000014006b540 f   vis.obj
 0001:0006aa90       ?FreeStackWinding@@YAXPEAUfixedWinding_t@@PEAUpstack_s@@@Z 000000014006ba90 f   visflow.obj
 0001:0006aaf0       ?VisChopWinding@@YAPEAUfixedWinding_t@@PEAU1@PEAUpstack_s@@PEAUvisPlane_t@@@Z 000000014006baf0 f   visflow.obj
 0001:0006afa0       ?ClipToSeperators@@YAPEAUfixedWinding_t@@PEAU1@00W4qboolean@@PEAUpstack_s@@@Z 000000014006bfa0 f   visflow.obj
 0001:0006b5c0       ?RecursiveLeafFlow@@YAXHPEAUthreaddata_t@@PEAUpstack_s@@@Z 000000014006c5c0 f   visflow.obj
 0001:0006bc70       ?PortalFlow@@YAXH@Z        000000014006cc70 f   visflow.obj
 0001:0006be30       ?RecursivePassageFlow@@YAXPEAUvportal_t@@PEAUthreaddata_t@@PEAUpstack_s@@@Z 000000014006ce30 f   visflow.obj
 0001:0006c0b0       ?PassageFlow@@YAXH@Z       000000014006d0b0 f   visflow.obj
 0001:0006c180       ?RecursivePassagePortalFlow@@YAXPEAUvportal_t@@PEAUthreaddata_t@@PEAUpstack_s@@@Z 000000014006d180 f   visflow.obj
 0001:0006c840       ?PassagePortalFlow@@YAXH@Z 000000014006d840 f   visflow.obj
 0001:0006c910       ?PassageChopWinding@@YAPEAUfixedWinding_t@@PEAU1@0PEAUvisPlane_t@@@Z 000000014006d910 f   visflow.obj
 0001:0006cc50       ?AddSeperators@@YAHPEAUfixedWinding_t@@0W4qboolean@@PEAUvisPlane_t@@H@Z 000000014006dc50 f   visflow.obj
 0001:0006d210       ?CreatePassages@@YAXH@Z    000000014006e210 f   visflow.obj
 0001:0006d820       ?PassageMemory@@YAXXZ      000000014006e820 f   visflow.obj
 0001:0006d8e0       ?SimpleFlood@@YAXPEAUvportal_t@@H@Z 000000014006e8e0 f   visflow.obj
 0001:0006d9e0       ?BasePortalVis@@YAXH@Z     000000014006e9e0 f   visflow.obj
 0001:0006f560       ?ConvertBSPToASE@@YAHPEADH@Z 0000000140070560 f   convert_ase.obj
 0001:000701f0       ?ConvertBSPToMap@@YAHPEADH@Z 00000001400711f0 f   convert_map.obj
 0001:00070630       ?safe_malloc_f@@YAPEAX_K@Z 0000000140071630 f   cmdlib.obj
 0001:00070670       ?safe_malloc_log@@YAPEAX_KPEBDH@Z 0000000140071670 f   cmdlib.obj
 0001:000707c0       ?safe_malloc_logend@@YAXXZ 00000001400717c0 f   cmdlib.obj
 0001:00070860       ?ExpandArg@@YAPEADPEBD@Z   0000000140071860 f   cmdlib.obj
 0001:000708f0       ?ExpandPath@@YAPEADPEBD@Z  00000001400718f0 f   cmdlib.obj
 0001:00070960       ?Q_getwd@@YAXPEAD@Z        0000000140071960 f   cmdlib.obj
 0001:000709c0       ?LoadFile@@YAHPEBDPEAPEAX@Z 00000001400719c0 f   cmdlib.obj
 0001:00070ab0       ?DefaultExtension@@YAXPEADPEBD@Z 0000000140071ab0 f   cmdlib.obj
 0001:00070b20       ?LBMRLEDecompress@@YAPEAEPEAE0H@Z 0000000140071b20 f   imagelib.obj
 0001:00070bf0       ?LoadLBM@@YAXPEBDPEAPEAE1@Z 0000000140071bf0 f   imagelib.obj
 0001:00070fe0       ?LoadPCX@@YAXPEBDPEAPEAE1PEAH2@Z 0000000140071fe0 f   imagelib.obj
 0001:00071280       ?LoadBMP@@YAXPEBDPEAPEAE1PEAH2@Z 0000000140072280 f   imagelib.obj
 0001:000718a0       ?Load256Image@@YAXPEBDPEAPEAE1PEAH2@Z 00000001400728a0 f   imagelib.obj
 0001:00071ab0       ?TargaError@@YAXPEAU_TargaHeader@@PEBD@Z 0000000140072ab0 f   imagelib.obj
 0001:00071b60       ?LoadTGABuffer@@YAXPEBE0PEAPEAEPEAH2@Z 0000000140072b60 f   imagelib.obj
 0001:00072230       ?LoadTGA@@YAXPEBDPEAPEAEPEAH2@Z 0000000140073230 f   imagelib.obj
 0001:000722c0       ?WriteTGA@@YAXPEBDPEAEHH@Z 00000001400732c0 f   imagelib.obj
 0001:000723d0       ?Load32BitImage@@YAXPEBDPEAPEAIPEAH2@Z 00000001400733d0 f   imagelib.obj
 0001:00072580       ?xml_SendNode@@YAXPEAU_xmlNode@@@Z 0000000140073580 f   inout.obj
 0001:000726a0       ?xml_Select@@YAXPEADHHW4qboolean@@@Z 00000001400736a0 f   inout.obj
 0001:00072880       ?xml_Point@@YAXPEADQEAMW4qboolean@@@Z 0000000140073880 f   inout.obj
 0001:00072a00       ?xml_Winding@@YAXPEADQEAY02MHW4qboolean@@@Z 0000000140073a00 f   inout.obj
 0001:00072bb0       ?Broadcast_Setup@@YAXPEBD@Z 0000000140073bb0 f   inout.obj
 0001:00072c30       ?Broadcast_Shutdown@@YAXXZ 0000000140073c30 f   inout.obj
 0001:00072c70       ?Sys_FPrintf@@YAXHPEBDZZ   0000000140073c70 f   inout.obj
 0001:00072e00       ?Sys_Printf@@YAXPEBDZZ     0000000140073e00 f   inout.obj
 0001:00072f50       ?Sys_Warning@@YAXHPEBDZZ   0000000140073f50 f   inout.obj
 0001:000730a0       ?Sys_Warning@@YAXHHPEBDZZ  00000001400740a0 f   inout.obj
 0001:00073100       ?Sys_Warning@@YAXQEAY02MHPEBDZZ 0000000140074100 f   inout.obj
 0001:00073160       ?Sys_Warning@@YAXPEAUwinding_t@@PEBDZZ 0000000140074160 f   inout.obj
 0001:000731b0       ?Sys_Warning@@YAXQEAMPEBDZZ 00000001400741b0 f   inout.obj
 0001:00073220       ?Sys_Warning@@YAXPEBDZZ    0000000140074220 f   inout.obj
 0001:00073350       ?Sys_Error@@YAXHHPEBDZZ    0000000140074350 f   inout.obj
 0001:000733b0       ?Sys_Error@@YAXQEAY02MHPEBDZZ 00000001400743b0 f   inout.obj
 0001:00073410       ?Sys_Error@@YAXPEBDZZ      0000000140074410 f   inout.obj
 0001:00073530       ?Error@@YAXPEBDZZ          0000000140074530 f   inout.obj
 0001:00073680       ?MD4Update@@YAXPEAUMD4_CTX_s@@PEAEI@Z 0000000140074680 f   md4.obj
 0001:00073750       ?MD4Final@@YAXQEAEPEAUMD4_CTX_s@@@Z 0000000140074750 f   md4.obj
 0001:00073e00       ?AllocWinding@@YAPEAUwinding_t@@H@Z 0000000140074e00 f   polylib.obj
 0001:00073ea0       ?FreeWinding@@YAXPEAUwinding_t@@@Z 0000000140074ea0 f   polylib.obj
 0001:00073ee0       ?WindingArea@@YAMPEAUwinding_t@@@Z 0000000140074ee0 f   polylib.obj
 0001:00074040       ?BaseWindingForPlane@@YAPEAUwinding_t@@QEAMM@Z 0000000140075040 f   polylib.obj
 0001:00074430       ?ReverseWinding@@YAPEAUwinding_t@@PEAU1@@Z 0000000140075430 f   polylib.obj
 0001:00074540       ?ClipWindingEpsilon@@YAXPEAUwinding_t@@QEAMMMPEAPEAU1@2@Z 0000000140075540 f   polylib.obj
 0001:00074a40       ?ChopWindingInPlace@@YAXPEAPEAUwinding_t@@QEAMMM@Z 0000000140075a40 f   polylib.obj
 0001:00074e70       ?WindingOnPlaneSide@@YAHPEAUwinding_t@@QEAMM@Z 0000000140075e70 f   polylib.obj
 0001:00074f90       ?AddWindingToConvexHull@@YAXPEAUwinding_t@@PEAPEAU1@QEAM@Z 0000000140075f90 f   polylib.obj
 0001:000755e0       ?BaseDWindingForPlane@@YAPEAUdwinding_t@@QEAMMM@Z 00000001400765e0 f   polylib.obj
 0001:00075960       ?WindingFromDWinding@@YAPEAUwinding_t@@PEAUdwinding_t@@@Z 0000000140076960 f   polylib.obj
 0001:00075a90       ?ChopDWindingInPlace@@YAXPEAPEAUdwinding_t@@QEAMMM@Z 0000000140076a90 f   polylib.obj
 0001:00075ec0       ?FixDWinding@@YA?AW4qboolean@@PEAUdwinding_t@@@Z 0000000140076ec0 f   polylib.obj
 0001:00076030       ?AddScriptToStack@@YAXPEBDH@Z 0000000140077030 f   scriplib.obj
 0001:00076130       ?EndOfScript@@YA?AW4qboolean@@W41@@Z 0000000140077130 f   scriplib.obj
 0001:00076220       ?GetToken@@YA?AW4qboolean@@W41@@Z 0000000140077220 f   scriplib.obj
 0001:00076550       ?TokenAvailable@@YA?AW4qboolean@@XZ 0000000140077550 f   scriplib.obj
 0001:00076590       ?MatchToken@@YAXPEAD@Z     0000000140077590 f   scriplib.obj
 0001:000765f0       ?Parse1DMatrix@@YAXHPEAM@Z 00000001400775f0 f   scriplib.obj
 0001:000766e0       ?Parse2DMatrix@@YAXHHPEAM@Z 00000001400776e0 f   scriplib.obj
 0001:000767b0       ?GetThreadWork@@YAHXZ      00000001400777b0 f   threads.obj
 0001:000768f0       ?RunThreadsOnIndividualThread@@YAXH@Z 00000001400778f0 f   threads.obj
 0001:00076920       ?RunThreadsOnIndividual@@YAXHW4qboolean@@P6AXH@Z@Z 0000000140077920 f   threads.obj
 0001:000769c0       ?RunThreadsOn@@YAXHW4qboolean@@P6AXH@Z@Z 00000001400779c0 f   threads.obj
 0001:00076a60       ?RunSameThreadOn@@YAXHW4qboolean@@P6AXH@Z@Z 0000000140077a60 f   threads.obj
 0001:00076b70       ?RunSameThreadOnIndividual@@YAXHW4qboolean@@P6AXH@Z@Z 0000000140077b70 f   threads.obj
 0001:00076ca0       ?_RunThreadsOn@@YAXHW4qboolean@@P6AXH@Z@Z 0000000140077ca0 f   threads.obj
 0001:00076e20       ?_ThreadMutexLock@@YAXPEAUThreadMutex_s@@PEADH@Z 0000000140077e20 f   threads.obj
 0001:00077020       ?unzOpen@@YAPEAXPEBD@Z     0000000140078020 f   unzip.obj
 0001:000775d0       ?unzGoToFirstFile@@YAHPEAX@Z 00000001400785d0 f   unzip.obj
 0001:00077630       ?unzGoToNextFile@@YAHPEAX@Z 0000000140078630 f   unzip.obj
 0001:000778b0       ?unzOpenCurrentFile@@YAHPEAX@Z 00000001400788b0 f   unzip.obj
 0001:00077a30       ?unzReadCurrentFile@@YAHPEAX0I@Z 0000000140078a30 f   unzip.obj
 0001:00077c60       ?unzCloseCurrentFile@@YAHPEAX@Z 0000000140078c60 f   unzip.obj
 0001:00077d10       ?crc32@@YAKKPEBEI@Z        0000000140078d10 f   unzip.obj
 0001:00077e60       ?inflate_blocks_reset@@YAXPEAUinflate_blocks_state@@PEAUz_stream_s@@PEAK@Z 0000000140078e60 f   unzip.obj
 0001:00077ee0       ?inflate_blocks_new@@YAPEAUinflate_blocks_state@@PEAUz_stream_s@@P6AKKPEBEI@ZI@Z 0000000140078ee0 f   unzip.obj
 0001:00077fc0       ?inflate_blocks@@YAHPEAUinflate_blocks_state@@PEAUz_stream_s@@H@Z 0000000140078fc0 f   unzip.obj
 0001:00078ba0       ?inflate_blocks_free@@YAHPEAUinflate_blocks_state@@PEAUz_stream_s@@@Z 0000000140079ba0 f   unzip.obj
 0001:00078c40       ?inflate_flush@@YAHPEAUinflate_blocks_state@@PEAUz_stream_s@@H@Z 0000000140079c40 f   unzip.obj
 0001:00079260       ?inflate_trees_bits@@YAHPEAI0PEAPEAUinflate_huft_s@@PEAU1@PEAUz_stream_s@@@Z 000000014007a260 f   unzip.obj
 0001:00079340       ?inflate_fast@@YAHIIPEAUinflate_huft_s@@0PEAUinflate_blocks_state@@PEAUz_stream_s@@@Z 000000014007a340 f   unzip.obj
 0001:000796d0       ?inflate_codes_new@@YAPEAUinflate_codes_state@@IIPEAUinflate_huft_s@@0PEAUz_stream_s@@@Z 000000014007a6d0 f   unzip.obj
 0001:00079740       ?inflate_codes@@YAHPEAUinflate_blocks_state@@PEAUz_stream_s@@H@Z 000000014007a740 f   unzip.obj
 0001:00079d40       ?adler32@@YAKKPEBEI@Z      000000014007ad40 f   unzip.obj
 0001:00079eb0       ?inflateReset@@YAHPEAUz_stream_s@@@Z 000000014007aeb0 f   unzip.obj
 0001:00079f70       ?inflateEnd@@YAHPEAUz_stream_s@@@Z 000000014007af70 f   unzip.obj
 0001:00079fd0       ?inflateInit2_@@YAHPEAUz_stream_s@@HPEBDH@Z 000000014007afd0 f   unzip.obj
 0001:0007a0c0       ?inflate@@YAHPEAUz_stream_s@@H@Z 000000014007b0c0 f   unzip.obj
 0001:0007a540       ?zcalloc@@YAPEAEPEAEII@Z   000000014007b540 f   unzip.obj
 0001:0007a560       ?zcfree@@YAXPEAE0@Z        000000014007b560 f   unzip.obj
 0001:0007a700       ?vfsInitDirectory@@YAXPEBD@Z 000000014007b700 f   vfs.obj
 0001:0007a8d0       ?vfsGetFileCount@@YAHPEBD@Z 000000014007b8d0 f   vfs.obj
 0001:0007aa50       ?vfsLoadFile@@YAHPEBDPEAPEAXH@Z 000000014007ba50 f   vfs.obj
 0001:0007ada0       WinPrint                   000000014007bda0 f   l_net:l_net.obj
 0001:0007adb0       Net_Send                   000000014007bdb0 f   l_net:l_net.obj
 0001:0007ae00       Net_AllocSocket            000000014007be00 f   l_net:l_net.obj
 0001:0007ae30       Net_FreeSocket             000000014007be30 f   l_net:l_net.obj
 0001:0007ae40       Net_Connect                000000014007be40 f   l_net:l_net.obj
 0001:0007aef0       Net_Disconnect             000000014007bef0 f   l_net:l_net.obj
 0001:0007af20       Net_StringToAddress        000000014007bf20 f   l_net:l_net.obj
 0001:0007af40       Net_Setup                  000000014007bf40 f   l_net:l_net.obj
 0001:0007af70       NMSG_Clear                 000000014007bf70 f   l_net:l_net.obj
 0001:0007af80       NMSG_WriteLong             000000014007bf80 f   l_net:l_net.obj
 0001:0007aff0       NMSG_WriteString           000000014007bff0 f   l_net:l_net.obj
 0001:0007b080       WINS_ErrorMessage          000000014007c080 f   l_net:l_net_wins.obj
 0001:0007b0e0       WINS_Init                  000000014007c0e0 f   l_net:l_net_wins.obj
 0001:0007b250       WINS_MyAddress             000000014007c250 f   l_net:l_net_wins.obj
 0001:0007b260       WINS_OpenSocket            000000014007c260 f   l_net:l_net_wins.obj
 0001:0007b350       WINS_OpenReliableSocket    000000014007c350 f   l_net:l_net_wins.obj
 0001:0007b470       WINS_CloseSocket           000000014007c470 f   l_net:l_net_wins.obj
 0001:0007b4b0       WINS_Connect               000000014007c4b0 f   l_net:l_net_wins.obj
 0001:0007b520       WINS_Write                 000000014007c520 f   l_net:l_net_wins.obj
 0001:0007b5d0       WINS_AddrToString          000000014007c5d0 f   l_net:l_net_wins.obj
 0001:0007b650       WINS_StringToAddr          000000014007c650 f   l_net:l_net_wins.obj
 0001:0007b6d0       WINS_GetSocketAddr         000000014007c6d0 f   l_net:l_net_wins.obj
 0001:0007b730       ?MakeNormalVectors@@YAXQEAM00@Z 000000014007c730 f   mathlib:mathlib.obj
 0001:0007b7f0       ?VectorCompare@@YA?AW4qboolean@@QEBM0@Z 000000014007c7f0 f   mathlib:mathlib.obj
 0001:0007b840       ?VectorCompareExt@@YA?AW4qboolean@@QEBM0M@Z 000000014007c840 f   mathlib:mathlib.obj
 0001:0007b880       ?VectorLength@@YAMQEBM@Z   000000014007c880 f   mathlib:mathlib.obj
 0001:0007b8b0       ?VectorMA@@YAXQEBMM0QEAM@Z 000000014007c8b0 f   mathlib:mathlib.obj
 0001:0007b8f0       ?VectorNormalize@@YAMQEBMQEAM@Z 000000014007c8f0 f   mathlib:mathlib.obj
 0001:0007b9a0       ?ColorNormalize@@YAMQEBMQEAM@Z 000000014007c9a0 f   mathlib:mathlib.obj
 0001:0007ba10       ?SnapWeldVector@@YAXQEAM00@Z 000000014007ca10 f   mathlib:mathlib.obj
 0001:0007bb60       ?ClearBounds@@YAXQEAM0@Z   000000014007cb60 f   mathlib:mathlib.obj
 0001:0007bb90       ?AddPointToBounds@@YAXQEAM00@Z 000000014007cb90 f   mathlib:mathlib.obj
 0001:0007bc30       ?PlaneFromPoints@@YA?AW4qboolean@@QEAMQEBM11@Z 000000014007cc30 f   mathlib:mathlib.obj
 0001:0007bd30       ?NormalToLatLong@@YAXQEBMQEAE@Z 000000014007cd30 f   mathlib:mathlib.obj
 0001:0007bdf0       ?PlaneTypeForNormal@@YAHQEAM@Z 000000014007cdf0 f   mathlib:mathlib.obj
 0001:0007be50       ?DVectorMA@@YAXQEBNN0QEAN@Z 000000014007ce50 f   mathlib:mathlib.obj
 0001:0007be90       ?DVectorNormalize@@YANQEAN0@Z 000000014007ce90 f   mathlib:mathlib.obj
 0001:0007bf10       ?DVectorLength@@YANQEBN@Z  000000014007cf10 f   mathlib:mathlib.obj
 0001:0007bf40       ?SnapWeldDVector@@YAXQEAN00@Z 000000014007cf40 f   mathlib:mathlib.obj
 0001:0007c0d0       ?m4x4_identity@@YAXQEAM@Z  000000014007d0d0 f   mathlib:m4x4.obj
 0001:0007c120       ?m4x4_assign@@YAXQEAMQEBM@Z 000000014007d120 f   mathlib:m4x4.obj
 0001:0007c180       ?m4x4_translation_for_vec3@@YAXQEAMQEBM@Z 000000014007d180 f   mathlib:m4x4.obj
 0001:0007c1d0       ?m4x4_rotation_for_vec3@@YAXQEAMQEBMW4eulerOrder_t@@@Z 000000014007d1d0 f   mathlib:m4x4.obj
 0001:0007c3a0       ?m4x4_scale_for_vec3@@YAXQEAMQEBM@Z 000000014007d3a0 f   mathlib:m4x4.obj
 0001:0007c3e0       ?m4x4_translate_by_vec3@@YAXQEAMQEBM@Z 000000014007d3e0 f   mathlib:m4x4.obj
 0001:0007c410       ?m4x4_rotate_by_vec3@@YAXQEAMQEBMW4eulerOrder_t@@@Z 000000014007d410 f   mathlib:m4x4.obj
 0001:0007c440       ?m4x4_scale_by_vec3@@YAXQEAMQEBM@Z 000000014007d440 f   mathlib:m4x4.obj
 0001:0007c470       ?m4x4_pivoted_transform_by_vec3@@YAXQEAMQEBM1W4eulerOrder_t@@11@Z 000000014007d470 f   mathlib:m4x4.obj
 0001:0007c530       ?m4x4_multiply_by_m4x4@@YAXQEAMQEBM@Z 000000014007d530 f   mathlib:m4x4.obj
 0001:0007c930       ?m4x4_transform_point@@YAXQEBMQEAM@Z 000000014007d930 f   mathlib:m4x4.obj
 0001:0007c9d0       ?m4x4_transform_normal@@YAXQEBMQEAM@Z 000000014007d9d0 f   mathlib:m4x4.obj
 0001:0007ca60       ?m4x4_transpose@@YAXQEAM@Z 000000014007da60 f   mathlib:m4x4.obj
 0001:0007cb60       ?m3_det@@YAMQEAM@Z         000000014007db60 f   mathlib:m4x4.obj
 0001:0007cbf0       ?m4_submat@@YAXQEAM0HH@Z   000000014007dbf0 f   mathlib:m4x4.obj
 0001:0007cd40       ?m4_det@@YAMQEAM@Z         000000014007dd40 f   mathlib:m4x4.obj
 0001:0007cdd0       ?m4x4_invert@@YAHQEAM@Z    000000014007ddd0 f   mathlib:m4x4.obj
 0001:0007ce98       g_free                     000000014007de98 f   glib-2.0:libglib-2.0-0.dll
 0001:0007ce9e       g_locale_to_utf8           000000014007de9e f   glib-2.0:libglib-2.0-0.dll
 0001:0007cea4       g_strdup                   000000014007dea4 f   glib-2.0:libglib-2.0-0.dll
 0001:0007ceaa       g_strdown                  000000014007deaa f   glib-2.0:libglib-2.0-0.dll
 0001:0007ceb0       g_dir_read_name_utf8       000000014007deb0 f   glib-2.0:libglib-2.0-0.dll
 0001:0007ceb6       g_dir_open_utf8            000000014007deb6 f   glib-2.0:libglib-2.0-0.dll
 0001:0007cebc       g_dir_close                000000014007debc f   glib-2.0:libglib-2.0-0.dll
 0001:0007cec2       g_slist_append             000000014007dec2 f   glib-2.0:libglib-2.0-0.dll
 0001:0007cec8       xmlNodeSetContent          000000014007dec8 f   libxml2:libxml2-2.dll
 0001:0007cece       xmlNewNode                 000000014007dece f   libxml2:libxml2-2.dll
 0001:0007ced4       xmlAddChild                000000014007ded4 f   libxml2:libxml2-2.dll
 0001:0007ceda       xmlSetProp                 000000014007deda f   libxml2:libxml2-2.dll
 0001:0007cee0       xmlBufferFree              000000014007dee0 f   libxml2:libxml2-2.dll
 0001:0007cee6       xmlNodeDump                000000014007dee6 f   libxml2:libxml2-2.dll
 0001:0007ceec       xmlBufferCreate            000000014007deec f   libxml2:libxml2-2.dll
 0001:0007cef2       xmlNewDoc                  000000014007def2 f   libxml2:libxml2-2.dll
 0001:0007cef8       xmlNewDocRawNode           000000014007def8 f   libxml2:libxml2-2.dll
 0001:0007cefe       png_get_IHDR               000000014007defe f   libpng:libpng14-14.dll
 0001:0007cf04       png_read_image             000000014007df04 f   libpng:libpng14-14.dll
 0001:0007cf0a       png_write_info             000000014007df0a f   libpng:libpng14-14.dll
 0001:0007cf10       png_destroy_write_struct   000000014007df10 f   libpng:libpng14-14.dll
 0001:0007cf16       png_set_expand             000000014007df16 f   libpng:libpng14-14.dll
 0001:0007cf1c       png_set_write_fn           000000014007df1c f   libpng:libpng14-14.dll
 0001:0007cf22       png_read_info              000000014007df22 f   libpng:libpng14-14.dll
 0001:0007cf28       png_set_iCCP               000000014007df28 f   libpng:libpng14-14.dll
 0001:0007cf2e       png_set_strip_16           000000014007df2e f   libpng:libpng14-14.dll
 0001:0007cf34       png_set_packing            000000014007df34 f   libpng:libpng14-14.dll
 0001:0007cf3a       png_sig_cmp                000000014007df3a f   libpng:libpng14-14.dll
 0001:0007cf40       png_create_read_struct     000000014007df40 f   libpng:libpng14-14.dll
 0001:0007cf46       png_write_end              000000014007df46 f   libpng:libpng14-14.dll
 0001:0007cf4c       png_get_io_ptr             000000014007df4c f   libpng:libpng14-14.dll
 0001:0007cf52       png_create_info_struct     000000014007df52 f   libpng:libpng14-14.dll
 0001:0007cf58       png_set_read_fn            000000014007df58 f   libpng:libpng14-14.dll
 0001:0007cf5e       png_write_row              000000014007df5e f   libpng:libpng14-14.dll
 0001:0007cf64       png_get_valid              000000014007df64 f   libpng:libpng14-14.dll
 0001:0007cf6a       png_set_sRGB               000000014007df6a f   libpng:libpng14-14.dll
 0001:0007cf70       png_create_write_struct    000000014007df70 f   libpng:libpng14-14.dll
 0001:0007cf76       png_set_filler             000000014007df76 f   libpng:libpng14-14.dll
 0001:0007cf7c       png_set_filter             000000014007df7c f   libpng:libpng14-14.dll
 0001:0007cf82       png_set_IHDR               000000014007df82 f   libpng:libpng14-14.dll
 0001:0007cf88       png_set_interlace_handling 000000014007df88 f   libpng:libpng14-14.dll
 0001:0007cf8e       png_get_channels           000000014007df8e f   libpng:libpng14-14.dll
 0001:0007cf94       png_set_compression_level  000000014007df94 f   libpng:libpng14-14.dll
 0001:0007cf9a       png_destroy_read_struct    000000014007df9a f   libpng:libpng14-14.dll
 0001:0007cfa0       DDSLittleLong              000000014007dfa0 f   ddslib:ddslib.obj
 0001:0007cfb0       DDSLittleShort             000000014007dfb0 f   ddslib:ddslib.obj
 0001:0007d020       DDSGetInfo                 000000014007e020 f   ddslib:ddslib.obj
 0001:0007dbc0       DDSDecompress              000000014007ebc0 f   ddslib:ddslib.obj
 0001:0007dce0       LoadJPGBuff                000000014007ece0 f   jpeg6:jpgload.obj
 0001:0007ded0       jpeg_create_decompress     000000014007eed0 f   jpeg6:jdapimin.obj
 0001:0007df80       jpeg_destroy_decompress    000000014007ef80 f   jpeg6:jdapimin.obj
 0001:0007e160       jpeg_consume_input         000000014007f160 f   jpeg6:jdapimin.obj
 0001:0007e250       jpeg_finish_decompress     000000014007f250 f   jpeg6:jdapimin.obj
 0001:0007e320       jpeg_read_header           000000014007f320 f   jpeg6:jdapimin.obj
 0001:0007e430       jpeg_read_scanlines        000000014007f430 f   jpeg6:jdapistd.obj
 0001:0007e500       jpeg_start_decompress      000000014007f500 f   jpeg6:jdapistd.obj
 0001:0007e670       jpeg_stdio_src             000000014007f670 f   jpeg6:jdatasrc.obj
 0001:0007e8c0       jpeg_std_error             000000014007f8c0 f   jpeg6:jerror.obj
 0001:0007efd0       jinit_input_controller     000000014007ffd0 f   jpeg6:jdinput.obj
 0001:00080ba0       jpeg_resync_to_restart     0000000140081ba0 f   jpeg6:jdmarker.obj
 0001:00080d00       jinit_marker_reader        0000000140081d00 f   jpeg6:jdmarker.obj
 0001:00081b50       jinit_memory_mgr           0000000140082b50 f   jpeg6:jmemmgr.obj
 0001:00081cc0       jpeg_abort                 0000000140082cc0 f   jpeg6:jcomapi.obj
 0001:00081d00       jpeg_destroy               0000000140082d00 f   jpeg6:jcomapi.obj
 0001:00081d40       jpeg_alloc_quant_table     0000000140082d40 f   jpeg6:jcomapi.obj
 0001:00081d60       jpeg_alloc_huff_table      0000000140082d60 f   jpeg6:jcomapi.obj
 0001:00081d90       jpeg_calc_output_dimensions 0000000140082d90 f   jpeg6:jdmaster.obj
 0001:00082220       jinit_master_decompress    0000000140083220 f   jpeg6:jdmaster.obj
 0001:00082270       jdiv_round_up              0000000140083270 f   jpeg6:jutils.obj
 0001:00082280       jround_up                  0000000140083280 f   jpeg6:jutils.obj
 0001:000822a0       jcopy_sample_rows          00000001400832a0 f   jpeg6:jutils.obj
 0001:00082310       jzero_far                  0000000140083310 f   jpeg6:jutils.obj
 0001:00082320       ?jpeg_get_large@@YAPEAXPEAUjpeg_common_struct@@_K@Z 0000000140083320 f   jpeg6:jmemnobs.obj
 0001:00082320       ?jpeg_get_small@@YAPEAXPEAUjpeg_common_struct@@_K@Z 0000000140083320 f   jpeg6:jmemnobs.obj
 0001:00082330       ?jpeg_free_small@@YAXPEAUjpeg_common_struct@@PEAX_K@Z 0000000140083330 f   jpeg6:jmemnobs.obj
 0001:00082330       ?jpeg_free_large@@YAXPEAUjpeg_common_struct@@PEAX_K@Z 0000000140083330 f   jpeg6:jmemnobs.obj
 0001:00082340       ?jpeg_mem_available@@YAJPEAUjpeg_common_struct@@JJJ@Z 0000000140083340 f   jpeg6:jmemnobs.obj
 0001:00082350       ?jpeg_open_backing_store@@YAXPEAUjpeg_common_struct@@PEAUbacking_store_struct@@J@Z 0000000140083350 f   jpeg6:jmemnobs.obj
 0001:00082360       ?jpeg_mem_init@@YAJPEAUjpeg_common_struct@@@Z 0000000140083360 f   jpeg6:jmemnobs.obj
 0001:00082ac0       jinit_d_main_controller    0000000140083ac0 f   jpeg6:jdmainct.obj
 0001:00082f20       jinit_d_coef_controller    0000000140083f20 f   jpeg6:jdcoefct.obj
 0001:00083040       ?jpeg_make_d_derived_tbl@@YAXPEAUjpeg_decompress_struct@@PEAUJHUFF_TBL@@PEAPEAUd_derived_tbl@@@Z 0000000140084040 f   jpeg6:jdhuff.obj
 0001:00083250       ?jpeg_fill_bit_buffer@@YAEPEAUbitread_working_state@@HHH@Z 0000000140084250 f   jpeg6:jdhuff.obj
 0001:00083380       ?jpeg_huff_decode@@YAHPEAUbitread_working_state@@HHPEAUd_derived_tbl@@H@Z 0000000140084380 f   jpeg6:jdhuff.obj
 0001:00083b70       jinit_huff_decoder         0000000140084b70 f   jpeg6:jdhuff.obj
 0001:00083ee0       jinit_inverse_dct          0000000140084ee0 f   jpeg6:jddctmgr.obj
 0001:000840e0       jinit_d_post_controller    00000001400850e0 f   jpeg6:jdpostct.obj
 0001:00084810       jinit_upsampler            0000000140085810 f   jpeg6:jdsample.obj
 0001:00084fd0       jinit_color_deconverter    0000000140085fd0 f   jpeg6:jdcolor.obj
 0001:00085170       ?jpeg_idct_float@@YAXPEAUjpeg_decompress_struct@@PEAUjpeg_component_info@@PEAFPEAPEAEI@Z 0000000140086170 f   jpeg6:jidctflt.obj
 0001:00085680       PicoInit                   0000000140086680 f   picomodel:picomodel.obj
 0001:00085690       PicoSetMallocFunc          0000000140086690 f   picomodel:picomodel.obj
 0001:000856b0       PicoSetFreeFunc            00000001400866b0 f   picomodel:picomodel.obj
 0001:000856d0       PicoSetLoadFileFunc        00000001400866d0 f   picomodel:picomodel.obj
 0001:000856f0       PicoSetFreeFileFunc        00000001400866f0 f   picomodel:picomodel.obj
 0001:00085710       PicoSetPrintFunc           0000000140086710 f   picomodel:picomodel.obj
 0001:00085730       PicoNewModel               0000000140086730 f   picomodel:picomodel.obj
 0001:00085780       PicoAdjustModel            0000000140086780 f   picomodel:picomodel.obj
 0001:000858b0       PicoNewShader              00000001400868b0 f   picomodel:picomodel.obj
 0001:00085990       PicoFreeShader             0000000140086990 f   picomodel:picomodel.obj
 0001:000859d0       PicoFindShader             00000001400869d0 f   picomodel:picomodel.obj
 0001:00085ac0       PicoFreeSurface            0000000140086ac0 f   picomodel:picomodel.obj
 0001:00085ba0       PicoAdjustSurface          0000000140086ba0 f   picomodel:picomodel.obj
 0001:00085ee0       PicoNewSkin                0000000140086ee0 f   picomodel:picomodel.obj
 0001:00085f60       PicoAdjustSkin             0000000140086f60 f   picomodel:picomodel.obj
 0001:00086000       PicoNewSkinItem            0000000140087000 f   picomodel:picomodel.obj
 0001:00086070       PicoFreeSkinItem           0000000140087070 f   picomodel:picomodel.obj
 0001:000860b0       PicoSetModelName           00000001400870b0 f   picomodel:picomodel.obj
 0001:000860b0       PicoSetShaderName          00000001400870b0 f   picomodel:picomodel.obj
 0001:000860b0       PicoSetSkinItemReplacement 00000001400870b0 f   picomodel:picomodel.obj
 0001:000860f0       PicoSetModelFrameNum       00000001400870f0 f   picomodel:picomodel.obj
 0001:00086100       PicoSetModelNumFrames      0000000140087100 f   picomodel:picomodel.obj
 0001:00086110       PicoSetShaderMapName       0000000140087110 f   picomodel:picomodel.obj
 0001:00086110       PicoSetModelFileName       0000000140087110 f   picomodel:picomodel.obj
 0001:00086150       PicoSetShaderAmbientColor  0000000140087150 f   picomodel:picomodel.obj
 0001:00086180       PicoSetShaderDiffuseColor  0000000140087180 f   picomodel:picomodel.obj
 0001:000861b0       PicoSetShaderSpecularColor 00000001400871b0 f   picomodel:picomodel.obj
 0001:000861e0       PicoSetShaderTransparency  00000001400871e0 f   picomodel:picomodel.obj
 0001:00086220       PicoSetShaderShininess     0000000140087220 f   picomodel:picomodel.obj
 0001:00086260       PicoSetSurfaceType         0000000140087260 f   picomodel:picomodel.obj
 0001:00086270       PicoSetSurfaceName         0000000140087270 f   picomodel:picomodel.obj
 0001:000862b0       PicoSetSurfaceShader       00000001400872b0 f   picomodel:picomodel.obj
 0001:000862c0       PicoSetSurfaceXYZ          00000001400872c0 f   picomodel:picomodel.obj
 0001:00086350       PicoSetSurfaceNormal       0000000140087350 f   picomodel:picomodel.obj
 0001:000863c0       PicoSetSurfaceST           00000001400873c0 f   picomodel:picomodel.obj
 0001:00086440       PicoSetSurfaceColor        0000000140087440 f   picomodel:picomodel.obj
 0001:000864f0       PicoSetSurfaceIndex        00000001400874f0 f   picomodel:picomodel.obj
 0001:00086550       PicoSetSurfaceSmoothingGroup 0000000140087550 f   picomodel:picomodel.obj
 0001:000865a0       PicoSetSkinNum             00000001400875a0 f   picomodel:picomodel.obj
 0001:000865b0       PicoSetSkinItemObject      00000001400875b0 f   picomodel:picomodel.obj
 0001:000865f0       PicoGetModelName           00000001400875f0 f   picomodel:picomodel.obj
 0001:00086610       PicoGetModelFileName       0000000140087610 f   picomodel:picomodel.obj
 0001:00086610       PicoGetShaderMapName       0000000140087610 f   picomodel:picomodel.obj
 0001:00086630       PicoGetModelFrameNum       0000000140087630 f   picomodel:picomodel.obj
 0001:00086640       PicoGetModelShader         0000000140087640 f   picomodel:picomodel.obj
 0001:00086670       PicoGetModelNumSurfaces    0000000140087670 f   picomodel:picomodel.obj
 0001:00086680       PicoGetModelSurface        0000000140087680 f   picomodel:picomodel.obj
 0001:000866b0       PicoGetSurfaceType         00000001400876b0 f   picomodel:picomodel.obj
 0001:000866c0       PicoGetSurfaceNumVertexes  00000001400876c0 f   picomodel:picomodel.obj
 0001:000866d0       PicoGetSurfaceXYZ          00000001400876d0 f   picomodel:picomodel.obj
 0001:00086700       PicoGetSurfaceNormal       0000000140087700 f   picomodel:picomodel.obj
 0001:00086730       PicoGetSurfaceST           0000000140087730 f   picomodel:picomodel.obj
 0001:00086760       PicoGetSurfaceColor        0000000140087760 f   picomodel:picomodel.obj
 0001:00086790       PicoGetSurfaceNumIndexes   0000000140087790 f   picomodel:picomodel.obj
 0001:000867a0       PicoGetSurfaceIndexes      00000001400877a0 f   picomodel:picomodel.obj
 0001:000867c0       PicoGetSurfaceShaderNameForSkin 00000001400877c0 f   picomodel:picomodel.obj
 0001:000868a0       PicoVertexCoordGenerateHash 00000001400878a0 f   picomodel:picomodel.obj
 0001:000869c0       PicoNewVertexCombinationHashTable 00000001400879c0 f   picomodel:picomodel.obj
 0001:000869f0       PicoFreeVertexCombinationHashTable 00000001400879f0 f   picomodel:picomodel.obj
 0001:00086a70       PicoFindVertexCombinationInHashTable 0000000140087a70 f   picomodel:picomodel.obj
 0001:00086c30       PicoAddVertexCombinationToHashTable 0000000140087c30 f   picomodel:picomodel.obj
 0001:00086d20       PicoFindSurfaceVertexNum   0000000140087d20 f   picomodel:picomodel.obj
 0001:00087150       indexarray_push_back       0000000140088150 f   picomodel:picomodel.obj
 0001:00087160       indexarray_reserve         0000000140088160 f   picomodel:picomodel.obj
 0001:00087190       indexarray_clear           0000000140088190 f   picomodel:picomodel.obj
 0001:00087190       binarytree_clear           0000000140088190 f   picomodel:picomodel.obj
 0001:000871a0       binarytree_extend          00000001400881a0 f   picomodel:picomodel.obj
 0001:000871c0       binarytree_size            00000001400881c0 f   picomodel:picomodel.obj
 0001:000871d0       binarytree_reserve         00000001400881d0 f   picomodel:picomodel.obj
 0001:00087200       UniqueIndices_size         0000000140088200 f   picomodel:picomodel.obj
 0001:00087210       UniqueIndices_reserve      0000000140088210 f   picomodel:picomodel.obj
 0001:00087240       UniqueIndices_init         0000000140088240 f   picomodel:picomodel.obj
 0001:00087250       UniqueIndices_destroy      0000000140088250 f   picomodel:picomodel.obj
 0001:00087270       UniqueIndices_find_or_insert 0000000140088270 f   picomodel:picomodel.obj
 0001:00087340       UniqueIndices_insert       0000000140088340 f   picomodel:picomodel.obj
 0001:00087380       lessSmoothVertex           0000000140088380 f   picomodel:picomodel.obj
 0001:00087400       _pico_vertices_combine_shared_normals 0000000140088400 f   picomodel:picomodel.obj
 0001:00087550       _pico_triangles_generate_weighted_normals 0000000140088550 f   picomodel:picomodel.obj
 0001:00087630       _pico_normals_zero         0000000140088630 f   picomodel:picomodel.obj
 0001:00087670       _pico_normals_normalize    0000000140088670 f   picomodel:picomodel.obj
 0001:000876b0       _pico_length_vec           00000001400886b0 f   picomodel:picomodel.obj
 0001:000876e0       _pico_normal_is_unit_length 00000001400886e0 f   picomodel:picomodel.obj
 0001:00087720       _pico_normal_within_tolerance 0000000140088720 f   picomodel:picomodel.obj
 0001:00087750       _pico_normals_assign_generated_normals 0000000140088750 f   picomodel:picomodel.obj
 0001:000877c0       PicoFixSurfaceNormals      00000001400887c0 f   picomodel:picomodel.obj
 0001:00087860       PicoRemapModel             0000000140088860 f   picomodel:picomodel.obj
 0001:00087db0       PicoParseToken             0000000140088db0 f   picomodel:picomodel.obj
 0001:00088040       PicoLoadSkinFiles          0000000140089040 f   picomodel:picomodel.obj
 0001:00088300       PicoModuleLoadModel        0000000140089300 f   picomodel:picomodel.obj
 0001:00088400       PicoLoadModel              0000000140089400 f   picomodel:picomodel.obj
 0001:00088510       PicoNewSurface             0000000140089510 f   picomodel:picomodel.obj
 0001:000885c0       PicoFreeSkin               00000001400895c0 f   picomodel:picomodel.obj
 0001:00088620       PicoAddTriangleToModel     0000000140089620 f   picomodel:picomodel.obj
 0001:000888b0       PicoFreeModel              00000001400898b0 f   picomodel:picomodel.obj
 0001:000889a0       _pico_alloc                00000001400899a0 f   picomodel:picointernal.obj
 0001:00088a00       _pico_calloc               0000000140089a00 f   picomodel:picointernal.obj
 0001:00088a70       _pico_clone_alloc          0000000140089a70 f   picomodel:picointernal.obj
 0001:00088ad0       _pico_free                 0000000140089ad0 f   picomodel:picointernal.obj
 0001:00088af0       _pico_load_file            0000000140089af0 f   picomodel:picointernal.obj
 0001:00088b10       _pico_free_file            0000000140089b10 f   picomodel:picointernal.obj
 0001:00088b40       _pico_printf               0000000140089b40 f   picomodel:picointernal.obj
 0001:00088bd0       _pico_first_token          0000000140089bd0 f   picomodel:picointernal.obj
 0001:00088c00       _pico_strltrim             0000000140089c00 f   picomodel:picointernal.obj
 0001:00088c80       _pico_strrtrim             0000000140089c80 f   picomodel:picointernal.obj
 0001:00088d40       _pico_strlwr               0000000140089d40 f   picomodel:picointernal.obj
 0001:00088d70       _pico_strchcount           0000000140089d70 f   picomodel:picointernal.obj
 0001:00088da0       _pico_zero_bounds          0000000140089da0 f   picomodel:picointernal.obj
 0001:00088dd0       _pico_expand_bounds        0000000140089dd0 f   picomodel:picointernal.obj
 0001:00088e30       _pico_zero_vec             0000000140089e30 f   picomodel:picointernal.obj
 0001:00088e40       _pico_zero_vec2            0000000140089e40 f   picomodel:picointernal.obj
 0001:00088e50       _pico_set_vec              0000000140089e50 f   picomodel:picointernal.obj
 0001:00088e60       _pico_copy_vec             0000000140089e60 f   picomodel:picointernal.obj
 0001:00088e80       _pico_copy_vec2            0000000140089e80 f   picomodel:picointernal.obj
 0001:00088e90       _pico_normalize_vec        0000000140089e90 f   picomodel:picointernal.obj
 0001:00088f20       _pico_add_vec              0000000140089f20 f   picomodel:picointernal.obj
 0001:00088f50       _pico_subtract_vec         0000000140089f50 f   picomodel:picointernal.obj
 0001:00088f80       _pico_scale_vec            0000000140089f80 f   picomodel:picointernal.obj
 0001:00088fb0       _pico_set_color            0000000140089fb0 f   picomodel:picointernal.obj
 0001:00088fd0       _pico_copy_color           0000000140089fd0 f   picomodel:picointernal.obj
 0001:00088ff0       _pico_little_long          0000000140089ff0 f   picomodel:picointernal.obj
 0001:00089000       _pico_little_short         000000014008a000 f   picomodel:picointernal.obj
 0001:00089010       _pico_little_float         000000014008a010 f   picomodel:picointernal.obj
 0001:00089010       ?jpeg_mem_term@@YAXPEAUjpeg_common_struct@@@Z 000000014008a010 f   jpeg6:jmemnobs.obj
 0001:00089020       _pico_stristr              000000014008a020 f   picomodel:picointernal.obj
 0001:000890a0       _pico_unixify              000000014008a0a0 f   picomodel:picointernal.obj
 0001:000890d0       _pico_nopath               000000014008a0d0 f   picomodel:picointernal.obj
 0001:00089170       _pico_setfext              000000014008a170 f   picomodel:picointernal.obj
 0001:00089240       _pico_new_parser           000000014008a240 f   picomodel:picointernal.obj
 0001:00089310       _pico_free_parser          000000014008a310 f   picomodel:picointernal.obj
 0001:00089340       _pico_parse_ex             000000014008a340 f   picomodel:picointernal.obj
 0001:000894a0       _pico_parse_first          000000014008a4a0 f   picomodel:picointernal.obj
 0001:000894e0       _pico_parse                000000014008a4e0 f   picomodel:picointernal.obj
 0001:00089510       _pico_parse_skip_rest      000000014008a510 f   picomodel:picointernal.obj
 0001:00089540       _pico_parse_skip_braced    000000014008a540 f   picomodel:picointernal.obj
 0001:000895f0       _pico_parse_check          000000014008a5f0 f   picomodel:picointernal.obj
 0001:00089650       _pico_parse_int            000000014008a650 f   picomodel:picointernal.obj
 0001:000896a0       _pico_parse_float          000000014008a6a0 f   picomodel:picointernal.obj
 0001:000896f0       _pico_parse_vec            000000014008a6f0 f   picomodel:picointernal.obj
 0001:00089790       _pico_parse_vec2           000000014008a790 f   picomodel:picointernal.obj
 0001:00089830       _pico_new_memstream        000000014008a830 f   picomodel:picointernal.obj
 0001:00089890       _pico_free_memstream       000000014008a890 f   picomodel:picointernal.obj
 0001:000898b0       _pico_memstream_read       000000014008a8b0 f   picomodel:picointernal.obj
 0001:00089940       _pico_memstream_getc       000000014008a940 f   picomodel:picointernal.obj
 0001:00089980       _pico_memstream_seek       000000014008a980 f   picomodel:picointernal.obj
 0001:00089a10       _pico_memstream_tell       000000014008aa10 f   picomodel:picointernal.obj
 0001:00089a30       _pico_realloc              000000014008aa30 f   picomodel:picointernal.obj
 0001:00089ad0       PicoModuleList             000000014008aad0 f   picomodel:picomodules.obj
 0001:0008a780       _terrain_load_tga_buffer   000000014008b780 f   picomodel:pm_terrain.obj
 0001:0008e6c0       _ase_get_submaterial_or_default 000000014008f6c0 f   picomodel:pm_ase.obj
 0001:00091740       lwFreeLayer                0000000140092740 f   picomodel:lwo2.obj
 0001:00091790       lwFreeObject               0000000140092790 f   picomodel:lwo2.obj
 0001:00091800       lwGetObject                0000000140092800 f   picomodel:lwo2.obj
 0001:00091d50       lwValidateObject           0000000140092d50 f   picomodel:lwo2.obj
 0001:00091e20       lwListFree                 0000000140092e20 f   picomodel:list.obj
 0001:00091e50       lwListAdd                  0000000140092e50 f   picomodel:list.obj
 0001:00091e80       lwListInsert               0000000140092e80 f   picomodel:list.obj
 0001:00091f20       lwFreeVMap                 0000000140092f20 f   picomodel:vmap.obj
 0001:00091f90       lwGetVMap                  0000000140092f90 f   picomodel:vmap.obj
 0001:000921f0       lwGetPointVMaps            00000001400931f0 f   picomodel:vmap.obj
 0001:00092350       lwGetPolyVMaps             0000000140093350 f   picomodel:vmap.obj
 0001:00092530       lwFreePoints               0000000140093530 f   picomodel:pntspols.obj
 0001:000925c0       lwFreePolygons             00000001400935c0 f   picomodel:pntspols.obj
 0001:000926a0       lwGetPoints                00000001400936a0 f   picomodel:pntspols.obj
 0001:000928c0       lwGetBoundingBox           00000001400938c0 f   picomodel:pntspols.obj
 0001:000929b0       lwAllocPolygons            00000001400939b0 f   picomodel:pntspols.obj
 0001:00092ad0       lwGetPolygons              0000000140093ad0 f   picomodel:pntspols.obj
 0001:00092ca0       lwGetPolyNormals           0000000140093ca0 f   picomodel:pntspols.obj
 0001:00092e10       lwGetPointPolygons         0000000140093e10 f   picomodel:pntspols.obj
 0001:00092f70       lwResolvePolySurfaces      0000000140093f70 f   picomodel:pntspols.obj
 0001:00093140       lwGetVertNormals           0000000140094140 f   picomodel:pntspols.obj
 0001:000933c0       lwFreeTags                 00000001400943c0 f   picomodel:pntspols.obj
 0001:00093440       lwGetTags                  0000000140094440 f   picomodel:pntspols.obj
 0001:00093590       lwGetPolygonTags           0000000140094590 f   picomodel:pntspols.obj
 0001:000936d0       lwFreePlugin               00000001400946d0 f   picomodel:surface.obj
 0001:00093720       lwFreeTexture              0000000140094720 f   picomodel:surface.obj
 0001:000937b0       lwFreeSurface              00000001400947b0 f   picomodel:surface.obj
 0001:000938b0       lwGetTHeader               00000001400948b0 f   picomodel:surface.obj
 0001:00093a40       lwGetTMap                  0000000140094a40 f   picomodel:surface.obj
 0001:00093c70       lwGetImageMap              0000000140094c70 f   picomodel:surface.obj
 0001:00093ef0       lwGetProcedural            0000000140094ef0 f   picomodel:surface.obj
 0001:00094090       lwGetGradient              0000000140095090 f   picomodel:surface.obj
 0001:00094340       lwGetTexture               0000000140095340 f   picomodel:surface.obj
 0001:00094480       lwGetShader                0000000140095480 f   picomodel:surface.obj
 0001:00094750       lwDefaultSurface           0000000140095750 f   picomodel:surface.obj
 0001:000947c0       lwGetSurface               00000001400957c0 f   picomodel:surface.obj
 0001:00094e00       lwFreeClip                 0000000140095e00 f   picomodel:clip.obj
 0001:00094ed0       lwGetClip                  0000000140095ed0 f   picomodel:clip.obj
 0001:00095350       lwFreeEnvelope             0000000140096350 f   picomodel:envelope.obj
 0001:000953d0       lwGetEnvelope              00000001400963d0 f   picomodel:envelope.obj
 0001:00095700       set_flen                   0000000140096700 f   picomodel:lwio.obj
 0001:00095710       get_flen                   0000000140096710 f   picomodel:lwio.obj
 0001:00095720       revbytes                   0000000140096720 f   picomodel:lwio.obj
 0001:000957a0       getbytes                   00000001400967a0 f   picomodel:lwio.obj
 0001:00095850       getI4                      0000000140096850 f   picomodel:lwio.obj
 0001:00095850       getU4                      0000000140096850 f   picomodel:lwio.obj
 0001:000958b0       getU1                      00000001400968b0 f   picomodel:lwio.obj
 0001:000958f0       getU2                      00000001400968f0 f   picomodel:lwio.obj
 0001:000958f0       getI2                      00000001400968f0 f   picomodel:lwio.obj
 0001:00095950       getVX                      0000000140096950 f   picomodel:lwio.obj
 0001:00095a00       getF4                      0000000140096a00 f   picomodel:lwio.obj
 0001:00095a60       getS0                      0000000140096a60 f   picomodel:lwio.obj
 0001:00095ba0       sgetI2                     0000000140096ba0 f   picomodel:lwio.obj
 0001:00095c00       sgetU2                     0000000140096c00 f   picomodel:lwio.obj
 0001:00095c40       sgetU4                     0000000140096c40 f   picomodel:lwio.obj
 0001:00095ca0       sgetVX                     0000000140096ca0 f   picomodel:lwio.obj
 0001:00095d20       sgetF4                     0000000140096d20 f   picomodel:lwio.obj
 0001:00095d80       sgetS0                     0000000140096d80 f   picomodel:lwio.obj
 0001:000961e0       lwGetSurface5              00000001400971e0 f   picomodel:lwob.obj
 0001:00096be0       lwGetPolygons5             0000000140097be0 f   picomodel:lwob.obj
 0001:00096da0       lwGetObject5               0000000140097da0 f   picomodel:lwob.obj
 0001:00097020       lwValidateObject5          0000000140098020 f   picomodel:lwob.obj
 0001:000970d0       dot                        00000001400980d0 f   picomodel:vecmath.obj
 0001:000970d0       _pico_dot_vec              00000001400980d0 f   picomodel:picointernal.obj
 0001:00097100       cross                      0000000140098100 f   picomodel:vecmath.obj
 0001:00097100       _pico_cross_vec            0000000140098100 f   picomodel:picointernal.obj
 0001:00097160       normalize                  0000000140098160 f   picomodel:vecmath.obj
 0001:000971ac       _stricmp                   00000001400981ac f   MSVCRT:MSVCR90.dll
 0001:000971b2       rename                     00000001400981b2 f   MSVCRT:MSVCR90.dll
 0001:000971b8       sprintf                    00000001400981b8 f   MSVCRT:MSVCR90.dll
 0001:000971be       sscanf_s                   00000001400981be f   MSVCRT:MSVCR90.dll
 0001:000971c4       sscanf                     00000001400981c4 f   MSVCRT:MSVCR90.dll
 0001:000971ca       strncmp                    00000001400981ca f   MSVCRT:MSVCR90.dll
 0001:000971d0       free                       00000001400981d0 f   MSVCRT:MSVCR90.dll
 0001:000971d6       atoi                       00000001400981d6 f   MSVCRT:MSVCR90.dll
 0001:000971dc       remove                     00000001400981dc f   MSVCRT:MSVCR90.dll
[...]
 0001:00054310       ?MapTriangle@@YA?AW4qboolean@@PEAUrawLightmap_s@@PEAUsurfaceInfo_s@@QEAPEAUbspDrawVert_t@@W41@@Z 0000000140055310 f    CIL library: CIL module
 0001:00054690       ?MapQuad_r@@YAXPEAUrawLightmap_s@@PEAUsurfaceInfo_s@@QEAPEAUbspDrawVert_t@@QEAM3QEAY02M4@Z 0000000140055690 f    CIL library: CIL module
 0001:00054a10       ?MapQuad@@YA?AW4qboolean@@PEAUrawLightmap_s@@PEAUsurfaceInfo_s@@QEAPEAUbspDrawVert_t@@@Z 0000000140055a10 f    CIL library: CIL module
 0001:000578a0       ?SubmapRawLuxel@@YA?AW4qboolean@@PEAUrawLightmap_s@@HHMMPEAHQEAM2@Z 00000001400588a0 f    CIL library: CIL module
 0001:00057c20       ?SubsampleRawLuxel_r@@YAXPEAUrawLightmap_s@@PEAUtrace_t@@QEAMHHMPEAM@Z 0000000140058c20 f    CIL library: CIL module
 0001:0005edd0       ?CompareLightSurface@@YAHPEBX0@Z 000000014005fdd0 f    CIL library: CIL module
 0001:000606b0       ?CompareSurfaceInfo@@YAHPEBX0@Z 00000001400616b0 f    CIL library: CIL module
 0001:00062d40       ?CompareBSPLuxels@@YA?AW4qboolean@@PEAUrawLightmap_s@@H0H@Z 0000000140063d40 f    CIL library: CIL module
 0001:000630f0       ?MergeBSPLuxels@@YA?AW4qboolean@@PEAUrawLightmap_s@@H0H@Z 00000001400640f0 f    CIL library: CIL module
 0001:00063380       ?ApproximateLuxel@@YA?AW4qboolean@@PEAUrawLightmap_s@@PEAUbspDrawVert_t@@@Z 0000000140064380 f    CIL library: CIL module
 0001:000635b0       ?ApproximateTriangle_r@@YA?AW4qboolean@@PEAUrawLightmap_s@@QEAPEAUbspDrawVert_t@@@Z 00000001400645b0 f    CIL library: CIL module
 0001:000637c0       ?ApproximateLightmap@@YA?AW4qboolean@@PEAUrawLightmap_s@@@Z 00000001400647c0 f    CIL library: CIL module
 0001:00063c30       ?TestOutLightmapStamp@@YA?AW4qboolean@@PEAUrawLightmap_s@@HPEAUoutLightmap_s@@HH@Z 0000000140064c30 f    CIL library: CIL module
 0001:00063dc0       ?SetupOutLightmap@@YAXPEAUrawLightmap_s@@PEAUoutLightmap_s@@@Z 0000000140064dc0 f    CIL library: CIL module
 0001:00063f20       ?FindOutLightmaps@@YAXPEAUrawLightmap_s@@@Z 0000000140064f20 f    CIL library: CIL module
 0001:000648b0       ?CompareRawLightmap@@YAHPEBX0@Z 00000001400658b0 f    CIL library: CIL module
 0001:0006df90       ?ConvertCollapsedSurface@@YAXPEAU_iobuf@@PEAUbspModel_t@@HHHQEAM@Z 000000014006ef90 f    CIL library: CIL module
 0001:0006ec10       ?ConvertSurface@@YAXPEAU_iobuf@@PEAUbspModel_t@@HPEAUbspDrawSurface_t@@HQEAM@Z 000000014006fc10 f    CIL library: CIL module
 0001:0006f280       ?ConvertModel@@YAXPEAU_iobuf@@PEAUbspModel_t@@HQEAMH@Z 0000000140070280 f    CIL library: CIL module
 0001:0006f380       ?ConvertShader@@YAXPEAU_iobuf@@PEAUbspShader_t@@H@Z 0000000140070380 f    CIL library: CIL module
 0001:0006fae0       ?ConvertBrush@@YAXPEAU_iobuf@@HPEAUbspBrush_t@@QEAM@Z 0000000140070ae0 f    CIL library: CIL module
 0001:0006fe60       ?ConvertPatch@@YAXPEAU_iobuf@@HPEAUbspDrawSurface_t@@QEAM@Z 0000000140070e60 f    CIL library: CIL module
 0001:00070080       ?ConvertModel@@YAXPEAU_iobuf@@PEAUbspModel_t@@HQEAM@Z 0000000140071080 f    CIL library: CIL module
 0001:00073840       ?MD4Transform@@YAXQEAKQEAE@Z 0000000140074840 f    CIL library: CIL module
 0001:00076ec0       ?unzlocal_SearchCentralDir@@YAKPEAU_iobuf@@@Z 0000000140077ec0 f    CIL library: CIL module
 0001:00077240       ?unzlocal_GetCurrentFileInfoInternal@@YAHPEAXPEAUunz_file_info_s@@PEAUunz_file_info_internal_s@@PEADK0K3K@Z 0000000140078240 f    CIL library: CIL module
 0001:000776c0       ?unzlocal_CheckCurrentFileCoherencyHeader@@YAHPEAUunz_s@@PEAIPEAK1@Z 00000001400786c0 f    CIL library: CIL module
 0001:00078d60       ?huft_build@@YAHPEAIIIPEBI1PEAPEAUinflate_huft_s@@0PEAU1@00@Z 0000000140079d60 f    CIL library: CIL module
 0001:0007a570       ?vfsInitPakFile@@YAXPEBD@Z 000000014007b570 f    CIL library: CIL module
 0001:0007cfc0       DDSDecodePixelFormat       000000014007dfc0 f   ddslib:ddslib.obj
 0001:0007d080       DDSGetColorBlockColors     000000014007e080 f   ddslib:ddslib.obj
 0001:0007d250       DDSDecodeColorBlock        000000014007e250 f   ddslib:ddslib.obj
 0001:0007d330       DDSDecodeAlphaExplicit     000000014007e330 f   ddslib:ddslib.obj
 0001:0007d430       DDSDecodeAlpha3BitLinear   000000014007e430 f   ddslib:ddslib.obj
 0001:0007d730       DDSDecompressDXT1          000000014007e730 f   ddslib:ddslib.obj
 0001:0007d840       DDSDecompressDXT3          000000014007e840 f   ddslib:ddslib.obj
 0001:0007d9c0       DDSDecompressDXT5          000000014007e9c0 f   ddslib:ddslib.obj
 0001:0007db40       DDSDecompressDXT2          000000014007eb40 f   ddslib:ddslib.obj
 0001:0007db50       DDSDecompressDXT4          000000014007eb50 f   ddslib:ddslib.obj
 0001:0007db60       DDSDecompressARGB8888      000000014007eb60 f   ddslib:ddslib.obj
 0001:0007df90       ?default_decompress_parms@@YAXPEAUjpeg_decompress_struct@@@Z 000000014007ef90 f   jpeg6:jdapimin.obj
 0001:0007e3b0       ?output_pass_setup@@YAEPEAUjpeg_decompress_struct@@@Z 000000014007f3b0 f   jpeg6:jdapistd.obj
 0001:0007e5b0       ?init_source@@YAXPEAUjpeg_decompress_struct@@@Z 000000014007f5b0 f   jpeg6:jdatasrc.obj
 0001:0007e5c0       ?fill_input_buffer@@YAEPEAUjpeg_decompress_struct@@@Z 000000014007f5c0 f   jpeg6:jdatasrc.obj
 0001:0007e620       ?skip_input_data@@YAXPEAUjpeg_decompress_struct@@J@Z 000000014007f620 f   jpeg6:jdatasrc.obj
 0001:0007e720       ?error_exit@@YAXPEAUjpeg_common_struct@@@Z 000000014007f720 f   jpeg6:jerror.obj
 0001:0007e750       ?output_message@@YAXPEAUjpeg_common_struct@@@Z 000000014007f750 f   jpeg6:jerror.obj
 0001:0007e780       ?emit_message@@YAXPEAUjpeg_common_struct@@H@Z 000000014007f780 f   jpeg6:jerror.obj
 0001:0007e7c0       ?format_message@@YAXPEAUjpeg_common_struct@@PEAD@Z 000000014007f7c0 f   jpeg6:jerror.obj
 0001:0007e8a0       ?reset_error_mgr@@YAXPEAUjpeg_common_struct@@@Z 000000014007f8a0 f   jpeg6:jerror.obj
 0001:0007e940       ?initial_setup@@YAXPEAUjpeg_decompress_struct@@@Z 000000014007f940 f   jpeg6:jdinput.obj
 0001:0007eb50       ?per_scan_setup@@YAXPEAUjpeg_decompress_struct@@@Z 000000014007fb50 f   jpeg6:jdinput.obj
 0001:0007ed30       ?latch_quant_tables@@YAXPEAUjpeg_decompress_struct@@@Z 000000014007fd30 f   jpeg6:jdinput.obj
 0001:0007ee00       ?start_input_pass@@YAXPEAUjpeg_decompress_struct@@@Z 000000014007fe00 f   jpeg6:jdinput.obj
 0001:0007ee50       ?consume_markers@@YAHPEAUjpeg_decompress_struct@@@Z 000000014007fe50 f   jpeg6:jdinput.obj
 0001:0007ef60       ?reset_input_controller@@YAXPEAUjpeg_decompress_struct@@@Z 000000014007ff60 f   jpeg6:jdinput.obj
 0001:0007efb0       ?finish_input_pass@@YAXPEAUjpeg_decompress_struct@@@Z 000000014007ffb0 f   jpeg6:jdinput.obj
 0001:0007f030       ?get_soi@@YAEPEAUjpeg_decompress_struct@@@Z 0000000140080030 f   jpeg6:jdmarker.obj
 0001:0007f0f0       ?get_sof@@YAEPEAUjpeg_decompress_struct@@EE@Z 00000001400800f0 f   jpeg6:jdmarker.obj
 0001:0007f440       ?get_sos@@YAEPEAUjpeg_decompress_struct@@@Z 0000000140080440 f   jpeg6:jdmarker.obj
 0001:0007f770       ?get_app0@@YAEPEAUjpeg_decompress_struct@@@Z 0000000140080770 f   jpeg6:jdmarker.obj
 0001:0007fa50       ?get_app14@@YAEPEAUjpeg_decompress_struct@@@Z 0000000140080a50 f   jpeg6:jdmarker.obj
 0001:0007fc40       ?get_dac@@YAEPEAUjpeg_decompress_struct@@@Z 0000000140080c40 f   jpeg6:jdmarker.obj
 0001:0007fdf0       ?get_dht@@YAEPEAUjpeg_decompress_struct@@@Z 0000000140080df0 f   jpeg6:jdmarker.obj
 0001:00080120       ?get_dqt@@YAEPEAUjpeg_decompress_struct@@@Z 0000000140081120 f   jpeg6:jdmarker.obj
 0001:000803a0       ?get_dri@@YAEPEAUjpeg_decompress_struct@@@Z 00000001400813a0 f   jpeg6:jdmarker.obj
 0001:000804c0       ?skip_variable@@YAEPEAUjpeg_decompress_struct@@@Z 00000001400814c0 f   jpeg6:jdmarker.obj
 0001:00080590       ?next_marker@@YAEPEAUjpeg_decompress_struct@@@Z 0000000140081590 f   jpeg6:jdmarker.obj
 0001:00080700       ?first_marker@@YAEPEAUjpeg_decompress_struct@@@Z 0000000140081700 f   jpeg6:jdmarker.obj
 0001:000807d0       ?read_markers@@YAHPEAUjpeg_decompress_struct@@@Z 00000001400817d0 f   jpeg6:jdmarker.obj
 0001:00080af0       ?read_restart_marker@@YAEPEAUjpeg_decompress_struct@@@Z 0000000140081af0 f   jpeg6:jdmarker.obj
 0001:00080cc0       ?reset_marker_reader@@YAXPEAUjpeg_decompress_struct@@@Z 0000000140081cc0 f   jpeg6:jdmarker.obj
 0001:00080db0       ?out_of_memory@@YAXPEAUjpeg_common_struct@@H@Z 0000000140081db0 f   jpeg6:jmemmgr.obj
 0001:00080dd0       ?alloc_small@@YAPEAXPEAUjpeg_common_struct@@H_K@Z 0000000140081dd0 f   jpeg6:jmemmgr.obj
 0001:00080f50       ?alloc_large@@YAPEAXPEAUjpeg_common_struct@@H_K@Z 0000000140081f50 f   jpeg6:jmemmgr.obj
 0001:00081030       ?alloc_sarray@@YAPEAPEAEPEAUjpeg_common_struct@@HII@Z 0000000140082030 f   jpeg6:jmemmgr.obj
 0001:00081120       ?alloc_barray@@YAPEAPEAY0EA@FPEAUjpeg_common_struct@@HII@Z 0000000140082120 f   jpeg6:jmemmgr.obj
 0001:00081230       ?request_virt_sarray@@YAPEAUjvirt_sarray_control@@PEAUjpeg_common_struct@@HEIII@Z 0000000140082230 f   jpeg6:jmemmgr.obj
 0001:000812e0       ?request_virt_barray@@YAPEAUjvirt_barray_control@@PEAUjpeg_common_struct@@HEIII@Z 00000001400822e0 f   jpeg6:jmemmgr.obj
 0001:00081390       ?realize_virt_arrays@@YAXPEAUjpeg_common_struct@@@Z 0000000140082390 f   jpeg6:jmemmgr.obj
 0001:00081570       ?do_sarray_io@@YAXPEAUjpeg_common_struct@@PEAUjvirt_sarray_control@@E@Z 0000000140082570 f   jpeg6:jmemmgr.obj
 0001:00081630       ?do_barray_io@@YAXPEAUjpeg_common_struct@@PEAUjvirt_barray_control@@E@Z 0000000140082630 f   jpeg6:jmemmgr.obj
 0001:000816f0       ?access_virt_sarray@@YAPEAPEAEPEAUjpeg_common_struct@@PEAUjvirt_sarray_control@@IIE@Z 00000001400826f0 f   jpeg6:jmemmgr.obj
 0001:00081850       ?access_virt_barray@@YAPEAPEAY0EA@FPEAUjpeg_common_struct@@PEAUjvirt_barray_control@@IIE@Z 0000000140082850 f   jpeg6:jmemmgr.obj
 0001:000819b0       ?free_pool@@YAXPEAUjpeg_common_struct@@H@Z 00000001400829b0 f   jpeg6:jmemmgr.obj
 0001:00081b00       ?self_destruct@@YAXPEAUjpeg_common_struct@@@Z 0000000140082b00 f   jpeg6:jmemmgr.obj
 0001:00081d80       ?use_merged_upsample@@YAEPEAUjpeg_decompress_struct@@@Z 0000000140082d80 f   jpeg6:jdmaster.obj
 0001:00081e40       ?prepare_range_limit_table@@YAXPEAUjpeg_decompress_struct@@@Z 0000000140082e40 f   jpeg6:jdmaster.obj
 0001:00081ef0       ?master_selection@@YAXPEAUjpeg_decompress_struct@@@Z 0000000140082ef0 f   jpeg6:jdmaster.obj
 0001:000820a0       ?prepare_for_output_pass@@YAXPEAUjpeg_decompress_struct@@@Z 00000001400830a0 f   jpeg6:jdmaster.obj
 0001:000821f0       ?finish_output_pass@@YAXPEAUjpeg_decompress_struct@@@Z 00000001400831f0 f   jpeg6:jdmaster.obj
 0001:00082360       ?dummy_consume_data@@YAHPEAUjpeg_decompress_struct@@@Z 0000000140083360 f   jpeg6:jmemnobs.obj
 0001:00082370       ?alloc_funny_pointers@@YAXPEAUjpeg_decompress_struct@@@Z 0000000140083370 f   jpeg6:jdmainct.obj
 0001:00082470       ?make_funny_pointers@@YAXPEAUjpeg_decompress_struct@@@Z 0000000140083470 f   jpeg6:jdmainct.obj
 0001:00082610       ?set_wraparound_pointers@@YAXPEAUjpeg_decompress_struct@@@Z 0000000140083610 f   jpeg6:jdmainct.obj
 0001:00082720       ?set_bottom_pointers@@YAXPEAUjpeg_decompress_struct@@@Z 0000000140083720 f   jpeg6:jdmainct.obj
 0001:000827f0       ?process_data_simple_main@@YAXPEAUjpeg_decompress_struct@@PEAPEAEPEAII@Z 00000001400837f0 f   jpeg6:jdmainct.obj
 0001:000828a0       ?process_data_context_main@@YAXPEAUjpeg_decompress_struct@@PEAPEAEPEAII@Z 00000001400838a0 f   jpeg6:jdmainct.obj
 0001:00082a30       ?start_pass_main@@YAXPEAUjpeg_decompress_struct@@W4J_BUF_MODE@@@Z 0000000140083a30 f   jpeg6:jdmainct.obj
 0001:00082be0       ?start_iMCU_row@@YAXPEAUjpeg_decompress_struct@@@Z 0000000140083be0 f   jpeg6:jdcoefct.obj
 0001:00082c40       ?start_input_pass@@YAXPEAUjpeg_decompress_struct@@@Z 0000000140083c40 f   jpeg6:jdcoefct.obj
 0001:00082c50       ?start_output_pass@@YAXPEAUjpeg_decompress_struct@@@Z 0000000140083c50 f   jpeg6:jdcoefct.obj
 0001:00082c60       ?decompress_onepass@@YAHPEAUjpeg_decompress_struct@@PEAPEAPEAE@Z 0000000140083c60 f   jpeg6:jdcoefct.obj
 0001:000834a0       ?process_restart@@YAEPEAUjpeg_decompress_struct@@@Z 00000001400844a0 f   jpeg6:jdhuff.obj
 0001:00083540       ?decode_mcu@@YAEPEAUjpeg_decompress_struct@@PEAPEAY0EA@F@Z 0000000140084540 f   jpeg6:jdhuff.obj
 0001:00083a10       ?start_pass_huff_decoder@@YAXPEAUjpeg_decompress_struct@@@Z 0000000140084a10 f   jpeg6:jdhuff.obj
 0001:00083bd0       ?start_pass@@YAXPEAUjpeg_decompress_struct@@@Z 0000000140084bd0 f   jpeg6:jddctmgr.obj
 0001:00083f90       ?post_process_1pass@@YAXPEAUjpeg_decompress_struct@@PEAPEAPEAEPEAIIPEAPEAE2I@Z 0000000140084f90 f   jpeg6:jdpostct.obj
 0001:00084040       ?start_pass_dpost@@YAXPEAUjpeg_decompress_struct@@W4J_BUF_MODE@@@Z 0000000140085040 f   jpeg6:jdpostct.obj
 0001:00084190       ?start_pass_upsample@@YAXPEAUjpeg_decompress_struct@@@Z 0000000140085190 f   jpeg6:jdsample.obj
 0001:000841b0       ?sep_upsample@@YAXPEAUjpeg_decompress_struct@@PEAPEAPEAEPEAIIPEAPEAE2I@Z 00000001400851b0 f   jpeg6:jdsample.obj
 0001:00084300       ?fullsize_upsample@@YAXPEAUjpeg_decompress_struct@@PEAUjpeg_component_info@@PEAPEAEPEAPEAPEAE@Z 0000000140085300 f   jpeg6:jdsample.obj
 0001:00084310       ?noop_upsample@@YAXPEAUjpeg_decompress_struct@@PEAUjpeg_component_info@@PEAPEAEPEAPEAPEAE@Z 0000000140085310 f   jpeg6:jdsample.obj
 0001:00084320       ?int_upsample@@YAXPEAUjpeg_decompress_struct@@PEAUjpeg_component_info@@PEAPEAEPEAPEAPEAE@Z 0000000140085320 f   jpeg6:jdsample.obj
 0001:00084480       ?h2v1_upsample@@YAXPEAUjpeg_decompress_struct@@PEAUjpeg_component_info@@PEAPEAEPEAPEAPEAE@Z 0000000140085480 f   jpeg6:jdsample.obj
 0001:000844f0       ?h2v2_upsample@@YAXPEAUjpeg_decompress_struct@@PEAUjpeg_component_info@@PEAPEAEPEAPEAPEAE@Z 00000001400854f0 f   jpeg6:jdsample.obj
 0001:000845b0       ?h2v1_fancy_upsample@@YAXPEAUjpeg_decompress_struct@@PEAUjpeg_component_info@@PEAPEAEPEAPEAPEAE@Z 00000001400855b0 f   jpeg6:jdsample.obj
 0001:000846a0       ?h2v2_fancy_upsample@@YAXPEAUjpeg_decompress_struct@@PEAUjpeg_component_info@@PEAPEAEPEAPEAPEAE@Z 00000001400856a0 f   jpeg6:jdsample.obj
 0001:00084a60       ?build_ycc_rgb_table@@YAXPEAUjpeg_decompress_struct@@@Z 0000000140085a60 f   jpeg6:jdcolor.obj
 0001:00084b60       ?ycc_rgb_convert@@YAXPEAUjpeg_decompress_struct@@PEAPEAPEAEIPEAPEAEH@Z 0000000140085b60 f   jpeg6:jdcolor.obj
 0001:00084d00       ?null_convert@@YAXPEAUjpeg_decompress_struct@@PEAPEAPEAEIPEAPEAEH@Z 0000000140085d00 f   jpeg6:jdcolor.obj
 0001:00084dc0       ?grayscale_convert@@YAXPEAUjpeg_decompress_struct@@PEAPEAPEAEIPEAPEAEH@Z 0000000140085dc0 f   jpeg6:jdcolor.obj
 0001:00084e00       ?ycck_cmyk_convert@@YAXPEAUjpeg_decompress_struct@@PEAPEAPEAEIPEAPEAEH@Z 0000000140085e00 f   jpeg6:jdcolor.obj
 0001:00089010       ?term_source@@YAXPEAUjpeg_decompress_struct@@@Z 000000014008a010 f   picomodel:picointernal.obj
 0001:00089010       ?PNGFlushData@@YAXPEAUpng_struct_def@@@Z 000000014008a010 f   picomodel:picointernal.obj
 0001:00089010       ?start_pass_dcolor@@YAXPEAUjpeg_decompress_struct@@@Z 000000014008a010 f   picomodel:picointernal.obj
 0001:00089b00       _obj_canload               000000014008ab00 f   picomodel:pm_obj.obj
 0001:00089c60       SizeObjVertexData          000000014008ac60 f   picomodel:pm_obj.obj
 0001:00089d20       FreeObjVertexData          000000014008ad20 f   picomodel:pm_obj.obj
 0001:00089d40       _obj_load                  000000014008ad40 f   picomodel:pm_obj.obj
 0001:0008ac50       _terrain_canload           000000014008bc50 f   picomodel:pm_terrain.obj
 0001:0008acc0       _terrain_load              000000014008bcc0 f   picomodel:pm_terrain.obj
 0001:0008b4a0       lwo_lwIDToStr              000000014008c4a0 f   picomodel:pm_lwo.obj
 0001:0008b4f0       _lwo_canload               000000014008c4f0 f   picomodel:pm_lwo.obj
 0001:0008b560       _lwo_load                  000000014008c560 f   picomodel:pm_lwo.obj
 0001:0008be60       _fm_canload                000000014008ce60 f   picomodel:pm_fm.obj
 0001:0008bf90       _fm_load                   000000014008cf90 f   picomodel:pm_fm.obj
 0001:0008ca70       _md2_canload               000000014008da70 f   picomodel:pm_md2.obj
 0001:0008cac0       _md2_load                  000000014008dac0 f   picomodel:pm_md2.obj
 0001:0008d530       _mdc_canload               000000014008e530 f   picomodel:pm_mdc.obj
 0001:0008d580       _mdc_load                  000000014008e580 f   picomodel:pm_mdc.obj
 0001:0008de60       _ms3d_canload              000000014008ee60 f   picomodel:pm_ms3d.obj
 0001:0008dee0       GetWord                    000000014008eee0 f   picomodel:pm_ms3d.obj
 0001:0008df20       _ms3d_load                 000000014008ef20 f   picomodel:pm_ms3d.obj
 0001:0008e650       _ase_get_material          000000014008f650 f   picomodel:pm_ase.obj
 0001:0008e670       _ase_get_submaterial       000000014008f670 f   picomodel:pm_ase.obj
 0001:0008e720       _ase_add_material          000000014008f720 f   picomodel:pm_ase.obj
 0001:0008e760       _ase_add_submaterial       000000014008f760 f   picomodel:pm_ase.obj
 0001:0008e7e0       _ase_free_materials        000000014008f7e0 f   picomodel:pm_ase.obj
 0001:0008e860       _ase_canload               000000014008f860 f   picomodel:pm_ase.obj
 0001:0008e8f0       _ase_submit_triangles      000000014008f8f0 f   picomodel:pm_ase.obj
 0001:0008ee60       _ase_load                  000000014008fe60 f   picomodel:pm_ase.obj
 0001:000904c0       _3ds_canload               00000001400914c0 f   picomodel:pm_3ds.obj
 0001:00090520       GetChunk                   0000000140091520 f   picomodel:pm_3ds.obj
 0001:00090580       GetASCIIZ                  0000000140091580 f   picomodel:pm_3ds.obj
 0001:00090610       GetByte                    0000000140091610 f   picomodel:pm_3ds.obj
 0001:00090630       GetWord                    0000000140091630 f   picomodel:pm_3ds.obj
 0001:00090670       GetFloat                   0000000140091670 f   picomodel:pm_3ds.obj
 0001:000906a0       GetMeshVertices            00000001400916a0 f   picomodel:pm_3ds.obj
 0001:00090730       GetMeshFaces               0000000140091730 f   picomodel:pm_3ds.obj
 0001:000907f0       GetMeshTexCoords           00000001400917f0 f   picomodel:pm_3ds.obj
 0001:00090880       GetMeshShader              0000000140091880 f   picomodel:pm_3ds.obj
 0001:00090a50       GetDiffuseColor            0000000140091a50 f   picomodel:pm_3ds.obj
 0001:00090aa0       DoNextEditorDataChunk      0000000140091aa0 f   picomodel:pm_3ds.obj
 0001:00090d20       DoNextChunk                0000000140091d20 f   picomodel:pm_3ds.obj
 0001:00090de0       _3ds_load                  0000000140091de0 f   picomodel:pm_3ds.obj
 0001:00090ef0       _md3_canload               0000000140091ef0 f   picomodel:pm_md3.obj
 0001:00090f40       _md3_load                  0000000140091f40 f   picomodel:pm_md3.obj
 0001:00094660       compare_shaders            0000000140095660 f   picomodel:surface.obj
 0001:00094660       compare_textures           0000000140095660 f   picomodel:surface.obj
 0001:00094690       add_texture                0000000140095690 f   picomodel:surface.obj
 0001:000953a0       compare_keys               00000001400963a0 f   picomodel:envelope.obj
 0001:00095e50       add_clip                   0000000140096e50 f   picomodel:lwob.obj
 0001:00095f00       add_tvel                   0000000140096f00 f   picomodel:lwob.obj
 0001:00096080       get_texture                0000000140097080 f   picomodel:lwob.obj
 0001:0009737c       pre_cpp_init               000000014009837c f   MSVCRT:crtexe.obj
 0001:000973e4       __tmainCRTStartup          00000001400983e4 f   MSVCRT:crtexe.obj
 0001:00097564       pre_c_init                 0000000140098564 f   MSVCRT:crtexe.obj
 0001:00097a00       _onexit$fin$0              0000000140098a00 f   MSVCRT:atonexit.obj
 0001:00097a19       __tmainCRTStartup$filt$0   0000000140098a19 f   MSVCRT:crtexe.obj
 0001:00097a40       _IsNonwritableInCurrentImage$filt$0 0000000140098a40 f   MSVCRT:pesect.obj
