 bloodmap

 Timestamp is 544ab0f7 (Sat Oct 25 00:05:11 2014)

 Preferred load address is 0000000140000000

 Start         Length     Name                   Class
 0001:00000000 0008ca68H .text                   CODE
 0001:0008ca70 0000005eH .text$00                CODE
 0001:0008cad0 00000061H .text$x                 CODE
 0002:00000000 00000528H .idata$5                DATA
 0002:00000528 00000008H .CRT$XCA                DATA
 0002:00000530 00000008H .CRT$XCAA               DATA
 0002:00000538 00000008H .CRT$XCZ                DATA
 0002:00000540 00000008H .CRT$XIA                DATA
 0002:00000548 00000008H .CRT$XIAA               DATA
 0002:00000550 00000008H .CRT$XIY                DATA
 0002:00000558 00000008H .CRT$XIZ                DATA
 0002:00000560 00010998H .rdata                  DATA
 0002:00010ef8 00000042H .rdata$debug            DATA
 0002:00010f40 00000008H .rtc$IAA                DATA
 0002:00010f48 00000008H .rtc$IZZ                DATA
 0002:00010f50 00000008H .rtc$TAA                DATA
 0002:00010f58 00000008H .rtc$TZZ                DATA
 0002:00010f60 00009c40H .xdata                  DATA
 0002:0001aba0 00000078H .idata$2                DATA
 0002:0001ac18 00000014H .idata$3                DATA
 0002:0001ac30 00000528H .idata$4                DATA
 0002:0001b158 00000842H .idata$6                DATA
 0002:0001b99a 00000000H .edata                  DATA
 0003:00000000 000153c8H .data                   DATA
 0003:000153e0 0fdbfde0H .bss                    DATA
 0004:00000000 00006498H .pdata                  DATA
 0005:00000000 00000250H .rsrc$01                DATA
 0005:00000250 000102f8H .rsrc$02                DATA

  Address         Publics by Value              Rva+Base               Lib:Object

 0000:00000000       ___safe_se_handler_count   0000000000000000     <absolute>
 0000:00000000       ___safe_se_handler_table   0000000000000000     <absolute>
 0000:00000000       __ImageBase                0000000140000000     <linker-defined>
 0001:00000000       ?IncDrawVerts@@YAXXZ       0000000140001000 f   bspfile_abstract.obj
 0001:000000d0       ?SetDrawVerts@@YAXH@Z      00000001400010d0 f   bspfile_abstract.obj
 0001:00000190       ?SetDrawSurfaces@@YAXH@Z   0000000140001190 f   bspfile_abstract.obj
 0001:00000250       ?SwapBSPFile@@YAXXZ        0000000140001250 f   bspfile_abstract.obj
 0001:00000420       ?WriteBSPFile@@YAXPEBD@Z   0000000140001420 f   bspfile_abstract.obj
 0001:000004c0       ?PrintBSPFileSizes@@YAXXZ  00000001400014c0 f   bspfile_abstract.obj
 0001:00000760       ?ParseEPair@@YAPEAUepair_s@@XZ 0000000140001760 f   bspfile_abstract.obj
 0001:000008d0       ?ParseEntity@@YA?AW4qboolean@@XZ 00000001400018d0 f   bspfile_abstract.obj
 0001:000009d0       ?ParseEntities@@YAXXZ      00000001400019d0 f   bspfile_abstract.obj
 0001:00000a70       ?UnparseEntities@@YAXW4qboolean@@@Z 0000000140001a70 f   bspfile_abstract.obj
 0001:00000db0       ?SetKeyValue@@YAXPEAUentity_t@@PEBD1@Z 0000000140001db0 f   bspfile_abstract.obj
 0001:00000f00       ?KeyExists@@YA?AW4qboolean@@PEBUentity_t@@PEBD@Z 0000000140001f00 f   bspfile_abstract.obj
 0001:00000f60       ?ValueForKey@@YAPEBDPEBUentity_t@@PEBD@Z 0000000140001f60 f   bspfile_abstract.obj
 0001:00000fd0       ?IntForKey@@YAHPEBUentity_t@@PEBD@Z 0000000140001fd0 f   bspfile_abstract.obj
 0001:00001050       ?FloatForKey@@YAMPEBUentity_t@@PEBD@Z 0000000140002050 f   bspfile_abstract.obj
 0001:000010c0       ?GetVectorForKey@@YAXPEBUentity_t@@PEBDQEAM@Z 00000001400020c0 f   bspfile_abstract.obj
 0001:00001180       ?FindTargetEntity@@YAPEAUentity_t@@PEBD@Z 0000000140002180 f   bspfile_abstract.obj
 0001:00001250       ?GetEntityShadowFlags@@YAXPEBUentity_t@@0PEAD1W4qboolean@@@Z 0000000140002250 f   bspfile_abstract.obj
 0001:000014a0       ?GetEntityLightmapScale@@YAXPEBUentity_t@@PEAMM@Z 00000001400024a0 f   bspfile_abstract.obj
 0001:00001640       ?GetEntityNormalSmoothing@@YAXPEBUentity_t@@PEAHH@Z 0000000140002640 f   bspfile_abstract.obj
 0001:00001750       ?GetEntityLightmapStitch@@YAXPEBUentity_t@@PEAMM@Z 0000000140002750 f   bspfile_abstract.obj
 0001:00002a50       ?LoadIBSPFile@@YAXPEBD@Z   0000000140003a50 f   bspfile_ibsp.obj
 0001:00003020       ?WriteIBSPFile@@YAXPEBD@Z  0000000140004020 f   bspfile_ibsp.obj
 0001:00003a50       ?LoadRBSPFile@@YAXPEBD@Z   0000000140004a50 f   bspfile_rbsp.obj
 0001:00004210       ?WriteRBSPFile@@YAXPEBD@Z  0000000140005210 f   bspfile_rbsp.obj
 0001:000049d0       ?PNGReadData@@YAXPEAUpng_struct_def@@PEAE_K@Z 00000001400059d0 f   image.obj
 0001:00004d20       ?DebugRawLightmap@@YAXH@Z  0000000140005d20 f   light_ydnar.obj
 0001:00004d20       ?jpeg_mem_term@@YAXPEAUjpeg_common_struct@@@Z 0000000140005d20 f   jpeg6:jmemnobs.obj
 0001:00004d20       _pico_little_float         0000000140005d20 f   picomodel:picointernal.obj
 0001:00004d70       ?WritePNG@@YAXPEBDPEAEHHW4qboolean@@2@Z 0000000140005d70 f   image.obj
 0001:00005120       ?ImageFind@@YAPEAUimage_s@@PEBD@Z 0000000140006120 f   image.obj
 0001:00005210       ?ImageLoad@@YAPEAUimage_s@@PEBD@Z 0000000140006210 f   image.obj
 0001:00005aa0       ?FixAAS@@YAHHPEAPEAD@Z     0000000140006aa0 f   main.obj
 0001:00005d30       ?AnalyzeBSP@@YAHHPEAPEAD@Z 0000000140006d30 f   main.obj
 0001:00006120       ?BSPInfo@@YAHHPEAPEAD@Z    0000000140007120 f   main.obj
 0001:00006460       ?ScaleBSPMain@@YAHHPEAPEAD@Z 0000000140007460 f   main.obj
 0001:00007420       ?ConvertBSPMain@@YAHHPEAPEAD@Z 0000000140008420 f   main.obj
 0001:000077a0       main                       00000001400087a0 f   main.obj
 0001:00007de0       ?LerpDrawVert@@YAXPEAUbspDrawVert_t@@00@Z 0000000140008de0 f   mesh.obj
 0001:00007fa0       ?LerpDrawVertAmount@@YAXPEAUbspDrawVert_t@@0M0@Z 0000000140008fa0 f   mesh.obj
 0001:00008210       ?CopyMesh@@YAPEAUmesh_t@@PEAU1@@Z 0000000140009210 f   mesh.obj
 0001:00008290       ?TransposeMesh@@YAPEAUmesh_t@@PEAU1@@Z 0000000140009290 f   mesh.obj
 0001:00008390       ?InvertMesh@@YAXPEAUmesh_t@@@Z 0000000140009390 f   mesh.obj
 0001:000084d0       ?MakeMeshNormals@@YAXUmesh_t@@@Z 00000001400094d0 f   mesh.obj
 0001:00008a60       ?PutMeshOnCurve@@YAXUmesh_t@@@Z 0000000140009a60 f   mesh.obj
 0001:00008ea0       ?SubdivideMesh@@YAPEAUmesh_t@@U1@MM@Z 0000000140009ea0 f   mesh.obj
 0001:000097d0       ?IterationsForCurve@@YAHMH@Z 000000014000a7d0 f   mesh.obj
 0001:00009850       ?SubdivideMesh2@@YAPEAUmesh_t@@U1@H@Z 000000014000a850 f   mesh.obj
 0001:00009da0       ?RemoveLinearMeshColumnsRows@@YAPEAUmesh_t@@PEAU1@@Z 000000014000ada0 f   mesh.obj
 0001:0000a390       ?PicoPrintFunc@@YAXHPEBD@Z 000000014000b390 f   model.obj
 0001:0000a410       ?PicoLoadFileFunc@@YAXPEADPEAPEAEPEAH@Z 000000014000b410 f   model.obj
 0001:0000a430       ?FindModel@@YAPEAUpicoModel_s@@PEBDH@Z 000000014000b430 f   model.obj
 0001:0000a500       ?LoadModel@@YAPEAUpicoModel_s@@PEBDH@Z 000000014000b500 f   model.obj
 0001:0000a610       ?InsertModel@@YAXPEADHHQEAMMPEAUremap_s@@PEAUshaderInfo_s@@HDDHMMMHHW4qboolean@@M4PEAH555@Z 000000014000b610 f   model.obj
 0001:0000b850       ?LoadTriangleModels@@YAXXZ 000000014000c850 f   model.obj
 0001:0000bba0       ?AddTriangleModels@@YAXH@Z 000000014000cba0 f   model.obj
 0001:0000cc00       ?TidyShaders@@YAXXZ        000000014000dc00 f   optimize.obj
 0001:0000d360       ?MergeDrawSurfaces@@YAXXZ  000000014000e360 f   optimize.obj
 0001:0000df90       ?MergeDrawVerts@@YAXXZ     000000014000ef90 f   optimize.obj
 0001:0000ea00       ?WriteResourceOBJFile@@YAXPEBD@Z 000000014000fa00 f   optimize.obj
 0001:0000f2e0       ?OptimizeBSPMain@@YAHHPEAPEAD@Z 00000001400102e0 f   optimize.obj
 0001:0000f9d0       ?AllocateEntity@@YAPEAUentity_t@@PEAU1@@Z 00000001400109d0 f   patchbsp.obj
 0001:0000fa50       ?FindMapEntityByUniqueKey@@YAPEAUentity_t@@PEBD@Z 0000000140010a50 f   patchbsp.obj
 0001:0000fb60       ?PatchEntities@@YAXXZ      0000000140010b60 f   patchbsp.obj
 0001:000100e0       ?PatchBSPMain@@YAHHPEAPEAD@Z 00000001400110e0 f   patchbsp.obj
 0001:00010720       ?GetGame@@YAPEAUgame_s@@PEAD@Z 0000000140011720 f   path_init.obj
 0001:00010870       ?AddBasePath@@YAXPEAD@Z    0000000140011870 f   path_init.obj
 0001:00010910       ?AddGamePath@@YAXPEAD@Z    0000000140011910 f   path_init.obj
 0001:000109b0       ?InitPaths@@YAXPEAHPEAPEAD@Z 00000001400119b0 f   path_init.obj
 0001:00010e90       ?GetGamePath@@YA?AW4qboolean@@PEAD0@Z 0000000140011e90 f   path_init.obj
 0001:00011120       ?ColorModBuildRandomMatrix@@YAXXZ 0000000140012120 f   shaders.obj
 0001:000111d0       ?ColorModRandom@@YAMQEAMM@Z 00000001400121d0 f   shaders.obj
 0001:000114a0       ?ColorMod@@YAXPEAUmapDrawSurface_s@@PEAUcolorMod_s@@PEAUbrush_s@@HH@Z 00000001400124a0 f   shaders.obj
 0001:00011c30       ?TCModMultiply@@YAXQEAY02M00@Z 0000000140012c30 f   shaders.obj
 0001:00011db0       ?TCModRotate@@YAXQEAY02MM@Z 0000000140012db0 f   shaders.obj
 0001:00011ea0       ?ApplySurfaceParm@@YA?AW4qboolean@@PEADPEAH11@Z 0000000140012ea0 f   shaders.obj
 0001:00011ff0       ?BeginMapShaderFile@@YAXPEBD@Z 0000000140012ff0 f   shaders.obj
 0001:00012140       ?WriteMapShaderFile@@YAXXZ 0000000140013140 f   shaders.obj
 0001:000122c0       ?CustomShader@@YAPEAUshaderInfo_s@@PEAU1@PEAD1@Z 00000001400132c0 f   shaders.obj
 0001:00012970       ?FinishShader@@YAXPEAUshaderInfo_s@@@Z 0000000140013970 f   shaders.obj
 0001:000130b0       ?ShaderInfoForShader@@YAPEAUshaderInfo_s@@PEBD@Z 00000001400140b0 f   shaders.obj
 0001:000132b0       ?GetTokenAppend@@YA?AW4qboolean@@PEADW41@@Z 00000001400142b0 f   shaders.obj
 0001:000133b0       ?Parse1DMatrixAppend@@YAXPEADHPEAM@Z 00000001400143b0 f   shaders.obj
 0001:00015df0       ?LoadShaderInfo@@YAXXZ     0000000140016df0 f   shaders.obj
 0001:00016120       ?SetSurfaceExtra@@YAXPEAUmapDrawSurface_s@@H@Z 0000000140017120 f   surface_extra.obj
 0001:000161e0       ?WriteSurfaceExtraFile@@YAXPEBD@Z 00000001400171e0 f   surface_extra.obj
 0001:000165a0       ?LoadSurfaceExtraFile@@YAXPEBD@Z 00000001400175a0 f   surface_extra.obj
 0001:00016ab0       ?safe_malloc_f@@YAPEAX_K@Z 0000000140017ab0 f   cmdlib.obj
 0001:00016af0       ?safe_malloc_log@@YAPEAX_KPEBDH@Z 0000000140017af0 f   cmdlib.obj
 0001:00016c40       ?safe_malloc_logend@@YAXXZ 0000000140017c40 f   cmdlib.obj
 0001:00016ce0       ?ExpandArg@@YAPEADPEBD@Z   0000000140017ce0 f   cmdlib.obj
 0001:00016d70       ?ExpandPath@@YAPEADPEBD@Z  0000000140017d70 f   cmdlib.obj
 0001:00016de0       ?Q_getwd@@YAXPEAD@Z        0000000140017de0 f   cmdlib.obj
 0001:00016e40       ?LoadFile@@YAHPEBDPEAPEAX@Z 0000000140017e40 f   cmdlib.obj
 0001:00016f30       ?DefaultExtension@@YAXPEADPEBD@Z 0000000140017f30 f   cmdlib.obj
 0001:00016fa0       ?LBMRLEDecompress@@YAPEAEPEAE0H@Z 0000000140017fa0 f   imagelib.obj
 0001:00017070       ?LoadLBM@@YAXPEBDPEAPEAE1@Z 0000000140018070 f   imagelib.obj
 0001:00017460       ?LoadPCX@@YAXPEBDPEAPEAE1PEAH2@Z 0000000140018460 f   imagelib.obj
 0001:00017700       ?LoadBMP@@YAXPEBDPEAPEAE1PEAH2@Z 0000000140018700 f   imagelib.obj
 0001:00017d20       ?Load256Image@@YAXPEBDPEAPEAE1PEAH2@Z 0000000140018d20 f   imagelib.obj
 0001:00017f30       ?TargaError@@YAXPEAU_TargaHeader@@PEBD@Z 0000000140018f30 f   imagelib.obj
 0001:00017fe0       ?LoadTGABuffer@@YAXPEBE0PEAPEAEPEAH2@Z 0000000140018fe0 f   imagelib.obj
 0001:000186b0       ?LoadTGA@@YAXPEBDPEAPEAEPEAH2@Z 00000001400196b0 f   imagelib.obj
 0001:00018740       ?WriteTGA@@YAXPEBDPEAEHH@Z 0000000140019740 f   imagelib.obj
 0001:00018850       ?Load32BitImage@@YAXPEBDPEAPEAIPEAH2@Z 0000000140019850 f   imagelib.obj
 0001:00018a00       ?xml_SendNode@@YAXPEAU_xmlNode@@@Z 0000000140019a00 f   inout.obj
 0001:00018b20       ?xml_Select@@YAXPEADHHW4qboolean@@@Z 0000000140019b20 f   inout.obj
 0001:00018c60       ?xml_Winding@@YAXPEADQEAY02MHW4qboolean@@@Z 0000000140019c60 f   inout.obj
 0001:00018e00       ?Broadcast_Shutdown@@YAXXZ 0000000140019e00 f   inout.obj
 0001:00018e40       ?Sys_FPrintf@@YAXHPEBDZZ   0000000140019e40 f   inout.obj
 0001:00018f70       ?Sys_Printf@@YAXPEBDZZ     0000000140019f70 f   inout.obj
 0001:00019070       ?Error@@YAXPEBDZZ          000000014001a070 f   inout.obj
 0001:000191c0       ?MD4Update@@YAXPEAUMD4_CTX_s@@PEAEI@Z 000000014001a1c0 f   md4.obj
 0001:00019290       ?MD4Final@@YAXQEAEPEAUMD4_CTX_s@@@Z 000000014001a290 f   md4.obj
 0001:00019940       ?AllocWinding@@YAPEAUwinding_t@@H@Z 000000014001a940 f   polylib.obj
 0001:000199e0       ?FreeWinding@@YAXPEAUwinding_t@@@Z 000000014001a9e0 f   polylib.obj
 0001:00019a20       ?WindingArea@@YAMPEAUwinding_t@@@Z 000000014001aa20 f   polylib.obj
 0001:00019b80       ?BaseWindingForPlane@@YAPEAUwinding_t@@QEAMM@Z 000000014001ab80 f   polylib.obj
 0001:00019f70       ?ReverseWinding@@YAPEAUwinding_t@@PEAU1@@Z 000000014001af70 f   polylib.obj
 0001:0001a080       ?ClipWindingEpsilon@@YAXPEAUwinding_t@@QEAMMMPEAPEAU1@2@Z 000000014001b080 f   polylib.obj
 0001:0001a580       ?ChopWindingInPlace@@YAXPEAPEAUwinding_t@@QEAMMM@Z 000000014001b580 f   polylib.obj
 0001:0001a9c0       ?WindingOnPlaneSide@@YAHPEAUwinding_t@@QEAMM@Z 000000014001b9c0 f   polylib.obj
 0001:0001aae0       ?AddWindingToConvexHull@@YAXPEAUwinding_t@@PEAPEAU1@QEAM@Z 000000014001bae0 f   polylib.obj
 0001:0001b130       ?BaseDWindingForPlane@@YAPEAUdwinding_t@@QEAMMM@Z 000000014001c130 f   polylib.obj
 0001:0001b4b0       ?WindingFromDWinding@@YAPEAUwinding_t@@PEAUdwinding_t@@@Z 000000014001c4b0 f   polylib.obj
 0001:0001b5e0       ?ChopDWindingInPlace@@YAXPEAPEAUdwinding_t@@QEAMMM@Z 000000014001c5e0 f   polylib.obj
 0001:0001ba10       ?FixDWinding@@YA?AW4qboolean@@PEAUdwinding_t@@@Z 000000014001ca10 f   polylib.obj
 0001:0001bb80       ?AddScriptToStack@@YAXPEBDH@Z 000000014001cb80 f   scriplib.obj
 0001:0001bc80       ?EndOfScript@@YA?AW4qboolean@@W41@@Z 000000014001cc80 f   scriplib.obj
 0001:0001bd60       ?GetToken@@YA?AW4qboolean@@W41@@Z 000000014001cd60 f   scriplib.obj
 0001:0001c090       ?TokenAvailable@@YA?AW4qboolean@@XZ 000000014001d090 f   scriplib.obj
 0001:0001c0d0       ?MatchToken@@YAXPEAD@Z     000000014001d0d0 f   scriplib.obj
 0001:0001c130       ?Parse1DMatrix@@YAXHPEAM@Z 000000014001d130 f   scriplib.obj
 0001:0001c220       ?Parse2DMatrix@@YAXHHPEAM@Z 000000014001d220 f   scriplib.obj
 0001:0001c2f0       ?GetThreadWork@@YAHXZ      000000014001d2f0 f   threads.obj
 0001:0001c430       ?RunThreadsOnIndividualThread@@YAXH@Z 000000014001d430 f   threads.obj
 0001:0001c460       ?RunThreadsOnIndividual@@YAXHW4qboolean@@P6AXH@Z@Z 000000014001d460 f   threads.obj
 0001:0001c500       ?RunThreadsOn@@YAXHW4qboolean@@P6AXH@Z@Z 000000014001d500 f   threads.obj
 0001:0001c5a0       ?RunSameThreadOn@@YAXHW4qboolean@@P6AXH@Z@Z 000000014001d5a0 f   threads.obj
 0001:0001c6b0       ?RunSameThreadOnIndividual@@YAXHW4qboolean@@P6AXH@Z@Z 000000014001d6b0 f   threads.obj
 0001:0001c7e0       ?_RunThreadsOn@@YAXHW4qboolean@@P6AXH@Z@Z 000000014001d7e0 f   threads.obj
 0001:0001c960       ?_ThreadMutexLock@@YAXPEAUThreadMutex_s@@PEADH@Z 000000014001d960 f   threads.obj
 0001:0001cb60       ?unzOpen@@YAPEAXPEBD@Z     000000014001db60 f   unzip.obj
 0001:0001d110       ?unzGoToFirstFile@@YAHPEAX@Z 000000014001e110 f   unzip.obj
 0001:0001d170       ?unzGoToNextFile@@YAHPEAX@Z 000000014001e170 f   unzip.obj
 0001:0001d3f0       ?unzOpenCurrentFile@@YAHPEAX@Z 000000014001e3f0 f   unzip.obj
 0001:0001d570       ?unzReadCurrentFile@@YAHPEAX0I@Z 000000014001e570 f   unzip.obj
 0001:0001d7a0       ?unzCloseCurrentFile@@YAHPEAX@Z 000000014001e7a0 f   unzip.obj
 0001:0001d850       ?crc32@@YAKKPEBEI@Z        000000014001e850 f   unzip.obj
 0001:0001d9a0       ?inflate_blocks_reset@@YAXPEAUinflate_blocks_state@@PEAUz_stream_s@@PEAK@Z 000000014001e9a0 f   unzip.obj
 0001:0001da20       ?inflate_blocks_new@@YAPEAUinflate_blocks_state@@PEAUz_stream_s@@P6AKKPEBEI@ZI@Z 000000014001ea20 f   unzip.obj
 0001:0001db00       ?inflate_blocks@@YAHPEAUinflate_blocks_state@@PEAUz_stream_s@@H@Z 000000014001eb00 f   unzip.obj
 0001:0001e6e0       ?inflate_blocks_free@@YAHPEAUinflate_blocks_state@@PEAUz_stream_s@@@Z 000000014001f6e0 f   unzip.obj
 0001:0001e780       ?inflate_flush@@YAHPEAUinflate_blocks_state@@PEAUz_stream_s@@H@Z 000000014001f780 f   unzip.obj
 0001:0001eda0       ?inflate_trees_bits@@YAHPEAI0PEAPEAUinflate_huft_s@@PEAU1@PEAUz_stream_s@@@Z 000000014001fda0 f   unzip.obj
 0001:0001ee80       ?inflate_fast@@YAHIIPEAUinflate_huft_s@@0PEAUinflate_blocks_state@@PEAUz_stream_s@@@Z 000000014001fe80 f   unzip.obj
 0001:0001f210       ?inflate_codes_new@@YAPEAUinflate_codes_state@@IIPEAUinflate_huft_s@@0PEAUz_stream_s@@@Z 0000000140020210 f   unzip.obj
 0001:0001f280       ?inflate_codes@@YAHPEAUinflate_blocks_state@@PEAUz_stream_s@@H@Z 0000000140020280 f   unzip.obj
 0001:0001f880       ?adler32@@YAKKPEBEI@Z      0000000140020880 f   unzip.obj
 0001:0001f9f0       ?inflateReset@@YAHPEAUz_stream_s@@@Z 00000001400209f0 f   unzip.obj
 0001:0001fab0       ?inflateEnd@@YAHPEAUz_stream_s@@@Z 0000000140020ab0 f   unzip.obj
 0001:0001fb10       ?inflateInit2_@@YAHPEAUz_stream_s@@HPEBDH@Z 0000000140020b10 f   unzip.obj
 0001:0001fc00       ?inflate@@YAHPEAUz_stream_s@@H@Z 0000000140020c00 f   unzip.obj
 0001:00020080       ?zcalloc@@YAPEAEPEAEII@Z   0000000140021080 f   unzip.obj
 0001:000200a0       ?zcfree@@YAXPEAE0@Z        00000001400210a0 f   unzip.obj
 0001:00020240       ?vfsInitDirectory@@YAXPEBD@Z 0000000140021240 f   vfs.obj
 0001:00020410       ?vfsGetFileCount@@YAHPEBD@Z 0000000140021410 f   vfs.obj
 0001:00020590       ?vfsLoadFile@@YAHPEBDPEAPEAXH@Z 0000000140021590 f   vfs.obj
 0001:000208e0       ?AllocSideRef@@YAPEAUsideRef_s@@PEAUside_s@@PEAU1@@Z 00000001400218e0 f   brush.obj
 0001:00020930       ?AllocBrush@@YAPEAUbrush_s@@H@Z 0000000140021930 f   brush.obj
 0001:000209b0       ?FreeBrush@@YAXPEAUbrush_s@@@Z 00000001400219b0 f   brush.obj
 0001:00020aa0       ?CopyBrush@@YAPEAUbrush_s@@PEAU1@@Z 0000000140021aa0 f   brush.obj
 0001:00020b70       ?BoundBrush@@YA?AW4qboolean@@PEAUbrush_s@@@Z 0000000140021b70 f   brush.obj
 0001:00020c60       ?CreateBrushWindings@@YA?AW4qboolean@@PEAUbrush_s@@@Z 0000000140021c60 f   brush.obj
 0001:00020df0       ?BrushFromBounds@@YAPEAUbrush_s@@MMMMMMPEAUshaderInfo_s@@@Z 0000000140021df0 f   brush.obj
 0001:00020ff0       ?BrushVolume@@YAMPEAUbrush_s@@@Z 0000000140021ff0 f   brush.obj
 0001:00021120       ?WriteBSPBrushMap@@YAXPEADPEAUbrush_s@@@Z 0000000140022120 f   brush.obj
 0001:00021330       ?FilterBrushIntoTree_r@@YAHPEAUbrush_s@@PEAUnode_s@@@Z 0000000140022330 f   brush.obj
 0001:00021400       ?FilterDetailBrushesIntoTree@@YAXPEAUentity_t@@PEAUtree_t@@@Z 0000000140022400 f   brush.obj
 0001:000214d0       ?FilterStructuralBrushesIntoTree@@YAXPEAUentity_t@@PEAUtree_t@@@Z 00000001400224d0 f   brush.obj
 0001:000215a0       ?WindingIsTiny@@YA?AW4qboolean@@PEAUwinding_t@@@Z 00000001400225a0 f   brush.obj
 0001:00021680       ?BrushMostlyOnSide@@YAHPEAUbrush_s@@PEAUplane_s@@@Z 0000000140022680 f   brush.obj
 0001:00021900       ?SplitBrush@@YAXPEAUbrush_s@@HPEAPEAU1@1@Z 0000000140022900 f   brush.obj
 0001:000220b0       ?ComputeAxisBase@@YAXQEAM00@Z 00000001400230b0 f   brush_primit.obj
 0001:00022210       ?SetCloneModelNumbers@@YAXXZ 0000000140023210 f   bsp.obj
 0001:00022a70       ?ProcessWorldModel@@YAXXZ  0000000140023a70 f   bsp.obj
 0001:00023620       ?ProcessSubModel@@YAXXZ    0000000140024620 f   bsp.obj
 0001:000238b0       ?ProcessModels@@YAXXZ      00000001400248b0 f   bsp.obj
 0001:00023a90       ?RegionScissor@@YAXXZ      0000000140024a90 f   bsp.obj
 0001:000249b0       ?BSPMain@@YAHHPEAPEAD@Z    00000001400259b0 f   bsp.obj
 0001:000267f0       ?ProcessDecals@@YAXXZ      00000001400277f0 f   decals.obj
 0001:00027b20       ?MakeEntityDecals@@YAXPEAUentity_t@@@Z 0000000140028b20 f   decals.obj
 0001:00027ed0       ?FreeNode@@YAXPEAUdnode_s@@@Z 0000000140028ed0 f   decorations.obj
 0001:00027f40       ?FreeNodesArray@@YAXPEAUdnode_s@@H@Z 0000000140028f40 f   decorations.obj
 0001:00028040       ?EntityArrayAdd@@YAXPEAUdgroupents_s@@PEAUentity_t@@@Z 0000000140029040 f   decorations.obj
 0001:00028100       ?NewDecoreGroup@@YAPEAUdgroup_s@@PEADW4decoreMatchParm_t@@@Z 0000000140029100 f   decorations.obj
 0001:00028270       ?PopulateDecoreGroup@@YA?AW4qboolean@@PEAUentity_t@@W4decoreMatchParm_t@@PEAD@Z 0000000140029270 f   decorations.obj
 0001:00028460       ?DecoreParseActions@@YAXPEAUdactions_s@@@Z 0000000140029460 f   decorations.obj
 0001:00028aa0       ?EntityPopulateDecorationGroups@@YAXH@Z 0000000140029aa0 f   decorations.obj
 0001:00028b10       ?LoadDecorationScript@@YAXXZ 0000000140029b10 f   decorations.obj
 0001:000292f0       ?EntityProcessActions@@YAXPEAUentity_t@@PEAUdactions_s@@@Z 000000014002a2f0 f   decorations.obj
 0001:000294c0       ?ImportFoliage@@YAXPEAD@Z  000000014002a4c0 f   decorations.obj
 0001:00029710       ?ImportRtlights@@YAXXZ     000000014002a710 f   decorations.obj
 0001:0002a0d0       ?ProcessDecorationGroup@@YAXH@Z 000000014002b0d0 f   decorations.obj
 0001:0002aa30       ?ProcessDecorations@@YAXXZ 000000014002ba30 f   decorations.obj
 0001:0002aeb0       ?BuildFaceTree_r@@YAXPEAUnode_s@@PEAUface_s@@@Z 000000014002beb0 f   facebsp.obj
 0001:0002b280       ?FaceBSP@@YAPEAUtree_t@@PEAUface_s@@@Z 000000014002c280 f   facebsp.obj
 0001:0002b420       ?MakeStructuralBSPFaceList@@YAPEAUface_s@@PEAUbrush_s@@@Z 000000014002c420 f   facebsp.obj
 0001:0002b580       ?MakeVisibleBSPFaceList@@YAPEAUface_s@@PEAUbrush_s@@@Z 000000014002c580 f   facebsp.obj
 0001:0002b6e0       ?DrawSurfToMesh@@YAPEAUmesh_t@@PEAUmapDrawSurface_s@@@Z 000000014002c6e0 f   fog.obj
 0001:0002b780       ?SplitMeshByPlane@@YAXPEAUmesh_t@@QEAMMPEAPEAU1@2@Z 000000014002c780 f   fog.obj
 0001:0002bf20       ?ChopPatchSurfaceByBrush@@YA?AW4qboolean@@PEAUentity_t@@PEAUmapDrawSurface_s@@PEAUbrush_s@@@Z 000000014002cf20 f   fog.obj
 0001:0002c180       ?WindingFromDrawSurf@@YAPEAUwinding_t@@PEAUmapDrawSurface_s@@@Z 000000014002d180 f   fog.obj
 0001:0002c3c0       ?ChopFaceSurfaceByBrush@@YA?AW4qboolean@@PEAUentity_t@@PEAUmapDrawSurface_s@@PEAUbrush_s@@@Z 000000014002d3c0 f   fog.obj
 0001:0002c740       ?FogDrawSurfaces@@YAXPEAUentity_t@@@Z 000000014002d740 f   fog.obj
 0001:0002c950       ?FogForBounds@@YAHQEAM0M@Z 000000014002d950 f   fog.obj
 0001:0002cad0       ?CreateMapFogs@@YAXXZ      000000014002dad0 f   fog.obj
 0001:0002ce10       ?LeakFile@@YAPEAU_xmlNode@@PEAUtree_t@@@Z 000000014002de10 f   leakfile.obj
 0001:0002d290       ?CreateNewFloatPlane@@YAHQEAMM@Z 000000014002e290 f   map.obj
 0001:0002d490       ?SnapNormal@@YAXQEAM@Z     000000014002e490 f   map.obj
 0001:0002d530       ?FindFloatPlane@@YAHQEAMMHPEAY02M@Z 000000014002e530 f   map.obj
 0001:0002d880       ?MapPlaneFromPoints@@YAHPEAY02M@Z 000000014002e880 f   map.obj
 0001:0002d9e0       ?SetBrushContents@@YAXPEAUbrush_s@@@Z 000000014002e9e0 f   map.obj
 0001:0002db20       ?AddBrushBevels@@YAXXZ     000000014002eb20 f   map.obj
 0001:0002e870       ?FinishBrush@@YAPEAUbrush_s@@XZ 000000014002f870 f   map.obj
 0001:0002eb00       ?TextureAxisFromPlane@@YAXPEAUplane_s@@QEAM1@Z 000000014002fb00 f   map.obj
 0001:0002ecd0       ?QuakeTextureVecs@@YAXPEAUplane_s@@QEAMM1QEAY03M@Z 000000014002fcd0 f   map.obj
 0001:0002f580       ?RemoveDuplicateBrushPlanes@@YA?AW4qboolean@@PEAUbrush_s@@@Z 0000000140030580 f   map.obj
 0001:0002fad0       ?MoveBrushesToWorld@@YAXPEAUentity_t@@@Z 0000000140030ad0 f   map.obj
 0001:0002fbd0       ?AdjustBrushesForOrigin@@YAXPEAUentity_t@@@Z 0000000140030bd0 f   map.obj
 0001:0002fd20       ?SetEntityBounds@@YAXPEAUentity_t@@@Z 0000000140030d20 f   map.obj
 0001:000300b0       ?LoadEntityIndexMap@@YAXPEAUentity_t@@@Z 00000001400310b0 f   map.obj
 0001:00030d30       ?LoadMapFile@@YAXPEADW4qboolean@@1@Z 0000000140031d30 f   map.obj
 0001:000313f0       ?CheckMapForErrors@@YAHXZ  00000001400323f0 f   map.obj
 0001:00032230       ?ParsePatch@@YAXW4qboolean@@@Z 0000000140033230 f   patch.obj
 0001:00032a10       ?PatchMapDrawSurfs@@YAXPEAUentity_t@@@Z 0000000140033a10 f   patch.obj
 0001:00032fd0       ?MakeHeadnodePortals@@YAXPEAUtree_t@@@Z 0000000140033fd0 f   portals.obj
 0001:000332d0       ?BaseWindingForNode@@YAPEAUwinding_t@@PEAUnode_s@@@Z 00000001400342d0 f   portals.obj
 0001:000333e0       ?MakeNodePortal@@YAXPEAUnode_s@@@Z 00000001400343e0 f   portals.obj
 0001:00033620       ?SplitNodePortals@@YAXPEAUnode_s@@@Z 0000000140034620 f   portals.obj
 0001:00033d90       ?CalcNodeBounds@@YAXPEAUnode_s@@@Z 0000000140034d90 f   portals.obj
 0001:00033e20       ?MakeTreePortals_r@@YAXPEAUnode_s@@@Z 0000000140034e20 f   portals.obj
 0001:00033f40       ?FloodPortals_r@@YAXPEAUnode_s@@HW4qboolean@@@Z 0000000140034f40 f   portals.obj
 0001:00033fe0       ?PlaceOccupantTest@@YA?AW4qboolean@@PEAUtree_t@@PEAUnode_s@@QEAM@Z 0000000140034fe0 f   portals.obj
 0001:00034080       ?FloodEntities@@YA?AW4qboolean@@PEAUtree_t@@@Z 0000000140035080 f   portals.obj
 0001:00034b60       ?FloodAreas_r@@YAXPEAUnode_s@@@Z 0000000140035b60 f   portals.obj
 0001:00034cb0       ?FindAreas_r@@YAXPEAUnode_s@@@Z 0000000140035cb0 f   portals.obj
 0001:00034d00       ?FloodSkyboxArea_r@@YAXPEAUnode_s@@@Z 0000000140035d00 f   portals.obj
 0001:00034d50       ?FloodAreas@@YAXPEAUtree_t@@@Z 0000000140035d50 f   portals.obj
 0001:00034e00       ?FillOutside_r@@YAXPEAUnode_s@@@Z 0000000140035e00 f   portals.obj
 0001:00034e60       ?FillOutside@@YAXPEAUnode_s@@@Z 0000000140035e60 f   portals.obj
 0001:00034f20       ?WriteFloat@@YAXPEAU_iobuf@@M@Z 0000000140035f20 f   prtfile.obj
 0001:00034fb0       ?WritePortalFile_r@@YAXPEAUnode_s@@@Z 0000000140035fb0 f   prtfile.obj
 0001:000352d0       ?WriteFaceFile_r@@YAXPEAUnode_s@@@Z 00000001400362d0 f   prtfile.obj
 0001:00035510       ?NumberLeafs_r@@YAXPEAUnode_s@@@Z 0000000140036510 f   prtfile.obj
 0001:00035640       ?NumberClusters@@YAXPEAUtree_t@@@Z 0000000140036640 f   prtfile.obj
 0001:000356c0       ?WritePortalFile@@YAXPEAUtree_t@@@Z 00000001400366c0 f   prtfile.obj
 0001:000357c0       ?AllocDrawSurface@@YAPEAUmapDrawSurface_s@@W4surfaceType_t@@@Z 00000001400367c0 f   surface.obj
 0001:00035870       ?FinishSurface@@YAXPEAUmapDrawSurface_s@@@Z 0000000140036870 f   surface.obj
 0001:00035930       ?CloneSurface@@YAPEAUmapDrawSurface_s@@PEAU1@PEAUshaderInfo_s@@@Z 0000000140036930 f   surface.obj
 0001:00035a30       ?MakeSkyboxSurface@@YAPEAUmapDrawSurface_s@@PEAU1@@Z 0000000140036a30 f   surface.obj
 0001:00035ab0       ?IsTriangleDegenerate@@YA?AW4qboolean@@PEAUbspDrawVert_t@@HHH@Z 0000000140036ab0 f   surface.obj
 0001:00035ba0       ?ClearSurface@@YAXPEAUmapDrawSurface_s@@@Z 0000000140036ba0 f   surface.obj
 0001:00035c00       ?TidyEntitySurfaces@@YAXPEAUentity_t@@@Z 0000000140036c00 f   surface.obj
 0001:00035d80       ?CalcSurfaceTextureRange@@YA?AW4qboolean@@PEAUmapDrawSurface_s@@@Z 0000000140036d80 f   surface.obj
 0001:00035fe0       ?CalcLightmapAxis@@YA?AW4qboolean@@QEAM0@Z 0000000140036fe0 f   surface.obj
 0001:000360f0       ?ClassifySurfaces@@YAXHPEAUmapDrawSurface_s@@@Z 00000001400370f0 f   surface.obj
 0001:00036590       ?ClassifyEntitySurfaces@@YAXPEAUentity_t@@@Z 0000000140037590 f   surface.obj
 0001:00036600       ?GetShaderIndexForPoint@@YAEPEAUindexMap_s@@QEAM11@Z 0000000140037600 f   surface.obj
 0001:000366f0       ?GetIndexedShader@@YAPEAUshaderInfo_s@@PEAU1@PEAUindexMap_s@@HPEAE@Z 00000001400376f0 f   surface.obj
 0001:00036940       ?DrawSurfaceForSide@@YAPEAUmapDrawSurface_s@@PEAUentity_t@@PEAUbrush_s@@PEAUside_s@@PEAUwinding_t@@PEAY02MPEAHH@Z 0000000140037940 f   surface.obj
 0001:00037340       ?DrawSurfaceForMesh@@YAPEAUmapDrawSurface_s@@PEAUentity_t@@PEAUparseMesh_s@@PEAUmesh_t@@@Z 0000000140038340 f   surface.obj
 0001:00037e10       ?DrawSurfaceForFlare@@YAPEAUmapDrawSurface_s@@HQEAM00PEADH@Z 0000000140038e10 f   surface.obj
 0001:00038380       ?SubdivideFaceSurfaces@@YAXPEAUentity_t@@PEAUtree_t@@@Z 0000000140039380 f   surface.obj
 0001:000386e0       ?ClipSideIntoTree_r@@YAXPEAUwinding_t@@PEAUside_s@@PEAUnode_s@@@Z 00000001400396e0 f   surface.obj
 0001:000387f0       ?SideInBrush@@YA?AW4qboolean@@PEAUside_s@@PEAUbrush_s@@@Z 00000001400397f0 f   surface.obj
 0001:000388e0       ?CullSides@@YAXPEAUentity_t@@@Z 00000001400398e0 f   surface.obj
 0001:00038d40       ?ClipSidesIntoTree@@YAXPEAUentity_t@@PEAUtree_t@@@Z 0000000140039d40 f   surface.obj
 0001:00038f50       ?AddReferenceToLeaf@@YAHPEAUmapDrawSurface_s@@PEAUnode_s@@@Z 0000000140039f50 f   surface.obj
 0001:00039000       ?AddReferenceToTree_r@@YAHPEAUmapDrawSurface_s@@PEAUnode_s@@W4qboolean@@@Z 000000014003a000 f   surface.obj
 0001:000390d0       ?FilterPointIntoTree_r@@YAHQEAMPEAUmapDrawSurface_s@@PEAUnode_s@@@Z 000000014003a0d0 f   surface.obj
 0001:000391b0       ?FilterWindingIntoTree_r@@YAHPEAUwinding_t@@PEAUmapDrawSurface_s@@PEAUnode_s@@@Z 000000014003a1b0 f   surface.obj
 0001:00039fc0       ?EmitDrawVerts@@YAXPEAUmapDrawSurface_s@@PEAUbspDrawSurface_t@@H@Z 000000014003afc0 f   surface.obj
 0001:0003a1c0       ?FindDrawIndexes@@YAHHPEAH@Z 000000014003b1c0 f   surface.obj
 0001:0003a320       ?EmitDrawIndexes@@YAXPEAUmapDrawSurface_s@@PEAUbspDrawSurface_t@@@Z 000000014003b320 f   surface.obj
 0001:0003a400       ?EmitFlareSurface@@YAXPEAUmapDrawSurface_s@@@Z 000000014003b400 f   surface.obj
 0001:0003a540       ?EmitPatchSurface@@YAXPEAUentity_t@@PEAUmapDrawSurface_s@@@Z 000000014003b540 f   surface.obj
 0001:0003b7e0       ?MakeFogHullSurfs@@YAXPEAUentity_t@@PEAUtree_t@@PEAD@Z 000000014003c7e0 f   surface.obj
 0001:0003bbb0       ?AddSurfaceModelsToTriangle_r@@YAHPEAUmapDrawSurface_s@@PEAUsurfaceModel_s@@PEAPEAUbspDrawVert_t@@@Z 000000014003cbb0 f   surface.obj
 0001:0003c1d0       ?AddSurfaceModels@@YAHPEAUmapDrawSurface_s@@@Z 000000014003d1d0 f   surface.obj
 0001:0003cc00       ?FixDrawsurfVertexAlpha@@YAXH@Z 000000014003dc00 f   surface.obj
 0001:0003d790       ?FixVertexAlpha@@YAXPEAUentity_t@@W4qboolean@@@Z 000000014003e790 f   surface.obj
 0001:0003d9f0       ?ApplyVertexMods@@YAXPEAUentity_t@@W4qboolean@@@Z 000000014003e9f0 f   surface.obj
 0001:0003dc30       ?FilterDrawsurfsIntoTree@@YAXPEAUentity_t@@PEAUtree_t@@W4qboolean@@@Z 000000014003ec30 f   surface.obj
 0001:0003e200       ?EmitDrawsurfsStats@@YAXXZ 000000014003f200 f   surface.obj
 0001:0003e740       ?Foliage@@YAXPEAUmapDrawSurface_s@@@Z 000000014003f740 f   surface_foliage.obj
 0001:0003ed90       ?Fur@@YAXPEAUmapDrawSurface_s@@@Z 000000014003fd90 f   surface_fur.obj
 0001:0003f150       ?FindMetaTriangle@@YAHPEAUmetaTriangle_s@@PEAUbspDrawVert_t@@11H@Z 0000000140040150 f   surface_meta.obj
 0001:0003f780       ?TriangulatePatchSurface@@YAXPEAUentity_t@@PEAUmapDrawSurface_s@@@Z 0000000140040780 f   surface_meta.obj
 0001:0003fca0       ?FanFaceSurface@@YAXPEAUmapDrawSurface_s@@@Z 0000000140040ca0 f   surface_meta.obj
 0001:00040060       ?StripFaceSurface@@YAXPEAUmapDrawSurface_s@@W4qboolean@@@Z 0000000140041060 f   surface_meta.obj
 0001:00040370       ?EmitMetaStats@@YAXXZ      0000000140041370 f   surface_meta.obj
 0001:00040420       ?MakeEntityMetaTriangles@@YAXPEAUentity_t@@@Z 0000000140041420 f   surface_meta.obj
 0001:00040640       ?SmoothMetaTriangles@@YAXXZ 0000000140041640 f   surface_meta.obj
 0001:00040fb0       ?AddMetaVertToSurface@@YAHPEAUmapDrawSurface_s@@PEAUbspDrawVert_t@@PEAH@Z 0000000140041fb0 f   surface_meta.obj
 0001:00042160       ?GroupMetaTriangles@@YAXXZ 0000000140043160 f   surface_meta.obj
 0001:00042800       ?MergeMetaTrianglesThread@@YAXH@Z 0000000140043800 f   surface_meta.obj
 0001:00042900       ?MergeMetaTriangles@@YAXXZ 0000000140043900 f   surface_meta.obj
 0001:00042ba0       ?InsertPointOnEdge@@YAXQEAMPEAUedgeLine_s@@@Z 0000000140043ba0 f   tjunction.obj
 0001:00042cd0       ?AddEdge@@YAHQEAM0W4qboolean@@@Z 0000000140043cd0 f   tjunction.obj
 0001:00043190       ?AddSurfaceEdges@@YAXPEAUmapDrawSurface_s@@@Z 0000000140044190 f   tjunction.obj
 0001:00043220       ?ColinearEdge@@YA?AW4qboolean@@QEAM00@Z 0000000140044220 f   tjunction.obj
 0001:00043340       ?AddPatchEdges@@YAXPEAUmapDrawSurface_s@@@Z 0000000140044340 f   tjunction.obj
 0001:00043510       ?FixSurfaceJunctions@@YAXPEAUmapDrawSurface_s@@@Z 0000000140044510 f   tjunction.obj
 0001:00043ae0       ?FixBrokenSurface@@YA?AW4qboolean@@PEAUmapDrawSurface_s@@@Z 0000000140044ae0 f   tjunction.obj
 0001:00043e30       ?EdgeCompare@@YAHPEBX0@Z   0000000140044e30 f   tjunction.obj
 0001:00043e40       ?FixTJunctions@@YAXPEAUentity_t@@@Z 0000000140044e40 f   tjunction.obj
 0001:00044110       ?FreeTreePortals_r@@YAXPEAUnode_s@@@Z 0000000140045110 f   tree.obj
 0001:000442a0       ?FreeTree_r@@YAXPEAUnode_s@@@Z 00000001400452a0 f   tree.obj
 0001:00044300       ?FreeTree@@YAXPEAUtree_t@@@Z 0000000140045300 f   tree.obj
 0001:00044380       ?EmitShader@@YAHPEBDPEAH1@Z 0000000140045380 f   writebsp.obj
 0001:000444f0       ?EmitPlanes@@YAXXZ         00000001400454f0 f   writebsp.obj
 0001:00044640       ?EmitLeaf@@YAXPEAUnode_s@@@Z 0000000140045640 f   writebsp.obj
 0001:000447a0       ?EmitDrawNode_r@@YAHPEAUnode_s@@@Z 00000001400457a0 f   writebsp.obj
 0001:000448d0       ?SetModelNumbers@@YAXXZ    00000001400458d0 f   writebsp.obj
 0001:00044970       ?SetLightStyles@@YAXXZ     0000000140045970 f   writebsp.obj
 0001:00044cc0       ?EndBSPFile@@YAXXZ         0000000140045cc0 f   writebsp.obj
 0001:00044db0       ?EmitBrushes@@YAXPEAUbrush_s@@PEAH1@Z 0000000140045db0 f   writebsp.obj
 0001:000450b0       ?EmitFogs@@YAXXZ           00000001400460b0 f   writebsp.obj
 0001:000451d0       ?BeginModel@@YAXXZ         00000001400461d0 f   writebsp.obj
 0001:00045570       ?EndModel@@YAXPEAUentity_t@@PEAUnode_s@@@Z 0000000140046570 f   writebsp.obj
 0001:00045b80       ?CreateEntityLights@@YAXXZ 0000000140046b80 f   light.obj
 0001:00046a90       ?CreateSurfaceLights@@YAXXZ 0000000140047a90 f   light.obj
 0001:00046e00       ?SetEntityOrigins@@YAXXZ   0000000140047e00 f   light.obj
 0001:00047080       ?PointToPolygonFormFactor@@YAMQEBM0PEBUwinding_t@@@Z 0000000140048080 f   light.obj
 0001:00047340       ?LightContribution@@YAHPEAUtrace_t@@HW4qboolean@@@Z 0000000140048340 f   light.obj
 0001:00047ae0       ?LightContributionAllStyles@@YAXPEAUtrace_t@@QEAEQEAY02MHW4qboolean@@@Z 0000000140048ae0 f   light.obj
 0001:00047d80       ?IlluminateGridPoint2@@YAXH@Z 0000000140048d80 f   light.obj
 0001:000489d0       ?IlluminateGridPoint@@YAXH@Z 00000001400499d0 f   light.obj
 0001:00049310       ?IlluminateGrid@@YAXXZ     000000014004a310 f   light.obj
 0001:000496e0       ?SetupGrid@@YAXXZ          000000014004a6e0 f   light.obj
 0001:00049b60       ?LightWorld@@YAXXZ         000000014004ab60 f   light.obj
 0001:0004a790       ?LightMain@@YAHHPEAPEAD@Z  000000014004b790 f   light.obj
 0001:0004ccc0       ?RadFreeLights@@YAXXZ      000000014004dcc0 f   light_bounce.obj
 0001:0004d1d0       ?RadSampleImage@@YA?AW4qboolean@@PEAEHHQEAM1@Z 000000014004e1d0 f   light_bounce.obj
 0001:0004e3a0       ?RadLightForTriangles@@YAXHHPEAUrawLightmap_s@@PEAUshaderInfo_s@@MMPEAUclipWork_t@@@Z 000000014004f3a0 f   light_bounce.obj
 0001:0004e5f0       ?RadLightForPatch@@YAXHHPEAUrawLightmap_s@@PEAUshaderInfo_s@@MMPEAUclipWork_t@@@Z 000000014004f5f0 f   light_bounce.obj
 0001:0004ebc0       ?RadLight@@YAXH@Z          000000014004fbc0 f   light_bounce.obj
 0001:0004edf0       ?RadCreateDiffuseLights@@YAXXZ 000000014004fdf0 f   light_bounce.obj
 0001:0004f6f0       ?ClipTraceWinding@@YAXPEAUtraceWinding_s@@QEAM00@Z 00000001400506f0 f   light_trace.obj
 0001:00051890       ?SetupTraceNodes@@YAXXZ    0000000140052890 f   light_trace.obj
 0001:00051ac0       ?TraceTriangle@@YA?AW4qboolean@@PEAUtraceInfo_s@@PEAUtraceTriangle_s@@PEAUtrace_t@@@Z 0000000140052ac0 f   light_trace.obj
 0001:00052470       ?TraceLine@@YAXPEAUtrace_t@@@Z 0000000140053470 f   light_trace.obj
 0001:00052650       ?SetupTrace@@YAMPEAUtrace_t@@@Z 0000000140053650 f   light_trace.obj
 0001:000526d0       ?ColorToBytesLinear@@YAXPEBMPEAEMW4qboolean@@@Z 00000001400536d0 f   light_ydnar.obj
 0001:00052970       ?ColorToBytesGamma@@YAXPEBMPEAEMW4qboolean@@@Z 0000000140053970 f   light_ydnar.obj
 0001:00052cb0       ?ColorToBytesLinearExposure@@YAXPEBMPEAEMW4qboolean@@@Z 0000000140053cb0 f   light_ydnar.obj
 0001:00052f80       ?ColorToBytesGammaExposure@@YAXPEBMPEAEMW4qboolean@@@Z 0000000140053f80 f   light_ydnar.obj
 0001:00053300       ?ColorToBytesLinearCompensate@@YAXPEBMPEAEMW4qboolean@@@Z 0000000140054300 f   light_ydnar.obj
 0001:000535b0       ?ColorToBytesGammaCompensate@@YAXPEBMPEAEMW4qboolean@@@Z 00000001400545b0 f   light_ydnar.obj
 0001:00053900       ?ColorToBytesLinearExposureCompensate@@YAXPEBMPEAEMW4qboolean@@@Z 0000000140054900 f   light_ydnar.obj
 0001:00053c00       ?ColorToBytesGammaExposureCompensate@@YAXPEBMPEAEMW4qboolean@@@Z 0000000140054c00 f   light_ydnar.obj
 0001:00053f90       ?SmoothNormals@@YAXXZ      0000000140054f90 f   light_ydnar.obj
 0001:000564b0       ?MapRawLightmap@@YAXH@Z    00000001400574b0 f   light_ydnar.obj
 0001:000571d0       ?DirtModeName@@YAPEADPEAW4dirtMode_t@@@Z 00000001400581d0 f   light_ydnar.obj
 0001:00057240       ?EnableDirtForEntity@@YAXH@Z 0000000140058240 f   light_ydnar.obj
 0001:000572e0       ?SetupDirtForEntity@@YAXH@Z 00000001400582e0 f   light_ydnar.obj
 0001:00057ae0       ?SetupDirt@@YAXXZ          0000000140058ae0 f   light_ydnar.obj
 0001:00057e10       ?DirtForSample@@YAMPEAUtrace_t@@@Z 0000000140058e10 f   light_ydnar.obj
 0001:00058790       ?DirtyRawLightmap@@YAXH@Z  0000000140059790 f   light_ydnar.obj
 0001:00058ca0       ?ApplyDirt@@YAXPEAM000HMM@Z 0000000140059ca0 f   light_ydnar.obj
 0001:000597d0       ?SampleLightGrid@@YAXQEAM000@Z 000000014005a7d0 f   light_ydnar.obj
 0001:00059d20       ?IlluminateRawLightmap@@YAXH@Z 000000014005ad20 f   light_ydnar.obj
 0001:0005bbf0       ?IlluminateVertexes@@YAXH@Z 000000014005cbf0 f   light_ydnar.obj
 0001:0005d140       ?SetupBrushes@@YAXXZ       000000014005e140 f   light_ydnar.obj
 0001:0005d310       ?ClusterVisible@@YA?AW4qboolean@@HH@Z 000000014005e310 f   light_ydnar.obj
 0001:0005d3a0       ?PointInLeafNum_r@@YAHQEAMH@Z 000000014005e3a0 f   light_ydnar.obj
 0001:0005d4b0       ?ClusterForPointExt@@YAHQEAMM@Z 000000014005e4b0 f   light_ydnar.obj
 0001:0005d7e0       ?ClusterForPointExtFilter@@YAHQEAMMHPEAH@Z 000000014005e7e0 f   light_ydnar.obj
 0001:0005d850       ?SetupEnvelopes@@YAXW4qboolean@@0@Z 000000014005e850 f   light_ydnar.obj
 0001:0005e240       ?CreateTraceLightsForBounds@@YAXQEAM00HPEAHHPEAUtrace_t@@@Z 000000014005f240 f   light_ydnar.obj
 0001:0005e5e0       ?CreateTraceLightsForSurface@@YAXHPEAUtrace_t@@@Z 000000014005f5e0 f   light_ydnar.obj
 0001:0005e700       ?SetupFloodLight@@YAXXZ    000000014005f700 f   light_ydnar.obj
 0001:0005ea20       ?FloodLightForSample@@YAMPEAUtrace_t@@MW4qboolean@@@Z 000000014005fa20 f   light_ydnar.obj
 0001:0005ee90       ?FloodlightIlluminateLightmap@@YAXPEAUrawLightmap_s@@@Z 000000014005fe90 f   light_ydnar.obj
 0001:0005f110       ?WriteTGA24@@YAXPEADPEAEHHW4qboolean@@@Z 0000000140060110 f   lightmaps_ydnar.obj
 0001:0005f290       ?ExportLightmaps@@YAXXZ    0000000140060290 f   lightmaps_ydnar.obj
 0001:0005f430       ?ExportLightmapsMain@@YAHHPEAPEAD@Z 0000000140060430 f   lightmaps_ydnar.obj
 0001:0005f560       ?ImportLightmapsMain@@YAHHPEAPEAD@Z 0000000140060560 f   lightmaps_ydnar.obj
 0001:0005faa0       ?FinishRawLightmap@@YAXH@Z 0000000140060aa0 f   lightmaps_ydnar.obj
 0001:000600f0       ?AddPatchToRawLightmap@@YA?AW4qboolean@@HPEAUrawLightmap_s@@@Z 00000001400610f0 f   lightmaps_ydnar.obj
 0001:000606b0       ?AddSurfaceToRawLightmap@@YA?AW4qboolean@@HPEAUrawLightmap_s@@@Z 00000001400616b0 f   lightmaps_ydnar.obj
 0001:00061350       ?SetupSurfaceLightmaps@@YAXXZ 0000000140062350 f   lightmaps_ydnar.obj
 0001:00061f30       ?AllocateSurfaceLightmaps@@YAXXZ 0000000140062f30 f   lightmaps_ydnar.obj
 0001:00062150       ?StitchSurfaceLightmaps@@YAXXZ 0000000140063150 f   lightmaps_ydnar.obj
 0001:00064970       ?FloodLightmapBorders@@YAXPEAUoutLightmap_s@@@Z 0000000140065970 f   lightmaps_ydnar.obj
 0001:000651a0       ?StoreSurfaceLightmaps@@YAXXZ 00000001400661a0 f   lightmaps_ydnar.obj
 0001:00067fb0       ?PlaneFromWinding@@YAXPEAUfixedWinding_t@@PEAUvisPlane_t@@@Z 0000000140068fb0 f   vis.obj
 0001:000680c0       ?NewFixedWinding@@YAPEAUfixedWinding_t@@H@Z 00000001400690c0 f   vis.obj
 0001:00068130       ?PComp@@YAHPEBX0@Z         0000000140069130 f   vis.obj
 0001:00068160       ?LeafVectorFromPortalVector@@YAHPEAE0@Z 0000000140069160 f   vis.obj
 0001:000682c0       ?ClusterMerge@@YAXH@Z      00000001400692c0 f   vis.obj
 0001:000684c0       ?CalcPortalVis@@YAXXZ      00000001400694c0 f   vis.obj
 0001:00068550       ?CalcPassageVis@@YAXXZ     0000000140069550 f   vis.obj
 0001:00068690       ?CalcPassagePortalVis@@YAXXZ 0000000140069690 f   vis.obj
 0001:000687d0       ?CalcVis@@YAXXZ            00000001400697d0 f   vis.obj
 0001:00068ab0       ?SetPortalSphere@@YAXPEAUvportal_t@@@Z 0000000140069ab0 f   vis.obj
 0001:00068c10       ?TryMergeLeaves@@YAHHH@Z   0000000140069c10 f   vis.obj
 0001:00068f70       ?MergeLeaves@@YAXXZ        0000000140069f70 f   vis.obj
 0001:000690d0       ?TryMergeWinding@@YAPEAUfixedWinding_t@@PEAU1@0QEAM@Z 000000014006a0d0 f   vis.obj
 0001:00069600       ?MergeLeafPortals@@YAXXZ   000000014006a600 f   vis.obj
 0001:00069810       ?LoadPortals@@YAXPEAD@Z    000000014006a810 f   vis.obj
 0001:0006a040       ?VisMain@@YAHHPEAPEAD@Z    000000014006b040 f   vis.obj
 0001:0006a4d0       ?FreeStackWinding@@YAXPEAUfixedWinding_t@@PEAUpstack_s@@@Z 000000014006b4d0 f   visflow.obj
 0001:0006a530       ?VisChopWinding@@YAPEAUfixedWinding_t@@PEAU1@PEAUpstack_s@@PEAUvisPlane_t@@@Z 000000014006b530 f   visflow.obj
 0001:0006a9e0       ?ClipToSeperators@@YAPEAUfixedWinding_t@@PEAU1@00W4qboolean@@PEAUpstack_s@@@Z 000000014006b9e0 f   visflow.obj
 0001:0006b030       ?RecursiveLeafFlow@@YAXHPEAUthreaddata_t@@PEAUpstack_s@@@Z 000000014006c030 f   visflow.obj
 0001:0006b6f0       ?PortalFlow@@YAXH@Z        000000014006c6f0 f   visflow.obj
 0001:0006b8b0       ?RecursivePassageFlow@@YAXPEAUvportal_t@@PEAUthreaddata_t@@PEAUpstack_s@@@Z 000000014006c8b0 f   visflow.obj
 0001:0006bb30       ?PassageFlow@@YAXH@Z       000000014006cb30 f   visflow.obj
 0001:0006bc00       ?RecursivePassagePortalFlow@@YAXPEAUvportal_t@@PEAUthreaddata_t@@PEAUpstack_s@@@Z 000000014006cc00 f   visflow.obj
 0001:0006c2c0       ?PassagePortalFlow@@YAXH@Z 000000014006d2c0 f   visflow.obj
 0001:0006c390       ?PassageChopWinding@@YAPEAUfixedWinding_t@@PEAU1@0PEAUvisPlane_t@@@Z 000000014006d390 f   visflow.obj
 0001:0006c6d0       ?AddSeperators@@YAHPEAUfixedWinding_t@@0W4qboolean@@PEAUvisPlane_t@@H@Z 000000014006d6d0 f   visflow.obj
 0001:0006ccc0       ?CreatePassages@@YAXH@Z    000000014006dcc0 f   visflow.obj
 0001:0006d2d0       ?PassageMemory@@YAXXZ      000000014006e2d0 f   visflow.obj
 0001:0006d390       ?SimpleFlood@@YAXPEAUvportal_t@@H@Z 000000014006e390 f   visflow.obj
 0001:0006d490       ?BasePortalVis@@YAXH@Z     000000014006e490 f   visflow.obj
 0001:0006f080       ?ConvertBSPToASE@@YAHPEADH@Z 0000000140070080 f   convert_ase.obj
 0001:0006fcc0       ?ConvertBSPToMap@@YAHPEADH@Z 0000000140070cc0 f   convert_map.obj
 0001:00070100       WinPrint                   0000000140071100 f   l_net:l_net.obj
 0001:00070110       Net_Send                   0000000140071110 f   l_net:l_net.obj
 0001:00070160       Net_AllocSocket            0000000140071160 f   l_net:l_net.obj
 0001:00070190       Net_FreeSocket             0000000140071190 f   l_net:l_net.obj
 0001:000701a0       Net_Connect                00000001400711a0 f   l_net:l_net.obj
 0001:00070250       Net_Disconnect             0000000140071250 f   l_net:l_net.obj
 0001:00070280       Net_StringToAddress        0000000140071280 f   l_net:l_net.obj
 0001:000702a0       Net_Setup                  00000001400712a0 f   l_net:l_net.obj
 0001:000702d0       NMSG_Clear                 00000001400712d0 f   l_net:l_net.obj
 0001:000702e0       NMSG_WriteLong             00000001400712e0 f   l_net:l_net.obj
 0001:00070350       NMSG_WriteString           0000000140071350 f   l_net:l_net.obj
 0001:000703e0       WINS_ErrorMessage          00000001400713e0 f   l_net:l_net_wins.obj
 0001:00070440       WINS_Init                  0000000140071440 f   l_net:l_net_wins.obj
 0001:000705b0       WINS_MyAddress             00000001400715b0 f   l_net:l_net_wins.obj
 0001:000705c0       WINS_OpenSocket            00000001400715c0 f   l_net:l_net_wins.obj
 0001:000706b0       WINS_OpenReliableSocket    00000001400716b0 f   l_net:l_net_wins.obj
 0001:000707d0       WINS_CloseSocket           00000001400717d0 f   l_net:l_net_wins.obj
 0001:00070810       WINS_Connect               0000000140071810 f   l_net:l_net_wins.obj
 0001:00070880       WINS_Write                 0000000140071880 f   l_net:l_net_wins.obj
 0001:00070930       WINS_AddrToString          0000000140071930 f   l_net:l_net_wins.obj
 0001:000709b0       WINS_StringToAddr          00000001400719b0 f   l_net:l_net_wins.obj
 0001:00070a30       WINS_GetSocketAddr         0000000140071a30 f   l_net:l_net_wins.obj
 0001:00070a90       ?MakeNormalVectors@@YAXQEAM00@Z 0000000140071a90 f   mathlib:mathlib.obj
 0001:00070b50       ?VectorCompare@@YA?AW4qboolean@@QEBM0@Z 0000000140071b50 f   mathlib:mathlib.obj
 0001:00070ba0       ?VectorCompareExt@@YA?AW4qboolean@@QEBM0M@Z 0000000140071ba0 f   mathlib:mathlib.obj
 0001:00070be0       ?VectorLength@@YAMQEBM@Z   0000000140071be0 f   mathlib:mathlib.obj
 0001:00070c10       ?VectorMA@@YAXQEBMM0QEAM@Z 0000000140071c10 f   mathlib:mathlib.obj
 0001:00070c50       ?VectorNormalize@@YAMQEBMQEAM@Z 0000000140071c50 f   mathlib:mathlib.obj
 0001:00070d00       ?ColorNormalize@@YAMQEBMQEAM@Z 0000000140071d00 f   mathlib:mathlib.obj
 0001:00070d70       ?SnapWeldVector@@YAXQEAM00@Z 0000000140071d70 f   mathlib:mathlib.obj
 0001:00070ec0       ?ClearBounds@@YAXQEAM0@Z   0000000140071ec0 f   mathlib:mathlib.obj
 0001:00070ef0       ?AddPointToBounds@@YAXQEAM00@Z 0000000140071ef0 f   mathlib:mathlib.obj
 0001:00070f90       ?PlaneFromPoints@@YA?AW4qboolean@@QEAMQEBM11@Z 0000000140071f90 f   mathlib:mathlib.obj
 0001:00071090       ?NormalToLatLong@@YAXQEBMQEAE@Z 0000000140072090 f   mathlib:mathlib.obj
 0001:00071150       ?PlaneTypeForNormal@@YAHQEAM@Z 0000000140072150 f   mathlib:mathlib.obj
 0001:000711b0       ?DVectorMA@@YAXQEBNN0QEAN@Z 00000001400721b0 f   mathlib:mathlib.obj
 0001:000711f0       ?DVectorNormalize@@YANQEAN0@Z 00000001400721f0 f   mathlib:mathlib.obj
 0001:00071270       ?DVectorLength@@YANQEBN@Z  0000000140072270 f   mathlib:mathlib.obj
 0001:000712a0       ?SnapWeldDVector@@YAXQEAN00@Z 00000001400722a0 f   mathlib:mathlib.obj
 0001:00071430       ?m4x4_identity@@YAXQEAM@Z  0000000140072430 f   mathlib:m4x4.obj
 0001:00071480       ?m4x4_assign@@YAXQEAMQEBM@Z 0000000140072480 f   mathlib:m4x4.obj
 0001:000714e0       ?m4x4_translation_for_vec3@@YAXQEAMQEBM@Z 00000001400724e0 f   mathlib:m4x4.obj
 0001:00071530       ?m4x4_rotation_for_vec3@@YAXQEAMQEBMW4eulerOrder_t@@@Z 0000000140072530 f   mathlib:m4x4.obj
 0001:00071700       ?m4x4_scale_for_vec3@@YAXQEAMQEBM@Z 0000000140072700 f   mathlib:m4x4.obj
 0001:00071740       ?m4x4_translate_by_vec3@@YAXQEAMQEBM@Z 0000000140072740 f   mathlib:m4x4.obj
 0001:00071770       ?m4x4_rotate_by_vec3@@YAXQEAMQEBMW4eulerOrder_t@@@Z 0000000140072770 f   mathlib:m4x4.obj
 0001:000717a0       ?m4x4_scale_by_vec3@@YAXQEAMQEBM@Z 00000001400727a0 f   mathlib:m4x4.obj
 0001:000717d0       ?m4x4_pivoted_transform_by_vec3@@YAXQEAMQEBM1W4eulerOrder_t@@11@Z 00000001400727d0 f   mathlib:m4x4.obj
 0001:00071880       ?m4x4_multiply_by_m4x4@@YAXQEAMQEBM@Z 0000000140072880 f   mathlib:m4x4.obj
 0001:00071c80       ?m4x4_transform_point@@YAXQEBMQEAM@Z 0000000140072c80 f   mathlib:m4x4.obj
 0001:00071d20       ?m4x4_transform_normal@@YAXQEBMQEAM@Z 0000000140072d20 f   mathlib:m4x4.obj
 0001:00071db0       ?m4x4_transpose@@YAXQEAM@Z 0000000140072db0 f   mathlib:m4x4.obj
 0001:00071eb0       ?m3_det@@YAMQEAM@Z         0000000140072eb0 f   mathlib:m4x4.obj
 0001:00071f40       ?m4_submat@@YAXQEAM0HH@Z   0000000140072f40 f   mathlib:m4x4.obj
 0001:00072090       ?m4_det@@YAMQEAM@Z         0000000140073090 f   mathlib:m4x4.obj
 0001:00072120       ?m4x4_invert@@YAHQEAM@Z    0000000140073120 f   mathlib:m4x4.obj
 0001:000721e8       g_free                     00000001400731e8 f   glib-2.0:libglib-2.0-0.dll
 0001:000721ee       g_locale_to_utf8           00000001400731ee f   glib-2.0:libglib-2.0-0.dll
 0001:000721f4       g_strdup                   00000001400731f4 f   glib-2.0:libglib-2.0-0.dll
 0001:000721fa       g_strdown                  00000001400731fa f   glib-2.0:libglib-2.0-0.dll
 0001:00072200       g_dir_read_name_utf8       0000000140073200 f   glib-2.0:libglib-2.0-0.dll
 0001:00072206       g_dir_open_utf8            0000000140073206 f   glib-2.0:libglib-2.0-0.dll
 0001:0007220c       g_dir_close                000000014007320c f   glib-2.0:libglib-2.0-0.dll
 0001:00072212       g_slist_append             0000000140073212 f   glib-2.0:libglib-2.0-0.dll
 0001:00072218       xmlNodeSetContent          0000000140073218 f   libxml2:libxml2-2.dll
 0001:0007221e       xmlBufferFree              000000014007321e f   libxml2:libxml2-2.dll
 0001:00072224       xmlNodeDump                0000000140073224 f   libxml2:libxml2-2.dll
 0001:0007222a       xmlBufferCreate            000000014007322a f   libxml2:libxml2-2.dll
 0001:00072230       xmlNewNode                 0000000140073230 f   libxml2:libxml2-2.dll
 0001:00072236       xmlAddChild                0000000140073236 f   libxml2:libxml2-2.dll
 0001:0007223c       xmlNewDoc                  000000014007323c f   libxml2:libxml2-2.dll
 0001:00072242       xmlSetProp                 0000000140073242 f   libxml2:libxml2-2.dll
 0001:00072248       xmlNewDocRawNode           0000000140073248 f   libxml2:libxml2-2.dll
 0001:0007224e       png_get_IHDR               000000014007324e f   libpng:libpng14-14.dll
 0001:00072254       png_read_image             0000000140073254 f   libpng:libpng14-14.dll
 0001:0007225a       png_write_info             000000014007325a f   libpng:libpng14-14.dll
 0001:00072260       png_destroy_write_struct   0000000140073260 f   libpng:libpng14-14.dll
 0001:00072266       png_set_expand             0000000140073266 f   libpng:libpng14-14.dll
 0001:0007226c       png_set_write_fn           000000014007326c f   libpng:libpng14-14.dll
 0001:00072272       png_read_info              0000000140073272 f   libpng:libpng14-14.dll
 0001:00072278       png_set_iCCP               0000000140073278 f   libpng:libpng14-14.dll
 0001:0007227e       png_set_strip_16           000000014007327e f   libpng:libpng14-14.dll
 0001:00072284       png_set_packing            0000000140073284 f   libpng:libpng14-14.dll
 0001:0007228a       png_sig_cmp                000000014007328a f   libpng:libpng14-14.dll
 0001:00072290       png_create_read_struct     0000000140073290 f   libpng:libpng14-14.dll
 0001:00072296       png_write_end              0000000140073296 f   libpng:libpng14-14.dll
 0001:0007229c       png_get_io_ptr             000000014007329c f   libpng:libpng14-14.dll
 0001:000722a2       png_create_info_struct     00000001400732a2 f   libpng:libpng14-14.dll
 0001:000722a8       png_set_read_fn            00000001400732a8 f   libpng:libpng14-14.dll
 0001:000722ae       png_write_row              00000001400732ae f   libpng:libpng14-14.dll
 0001:000722b4       png_get_valid              00000001400732b4 f   libpng:libpng14-14.dll
 0001:000722ba       png_set_sRGB               00000001400732ba f   libpng:libpng14-14.dll
 0001:000722c0       png_create_write_struct    00000001400732c0 f   libpng:libpng14-14.dll
 0001:000722c6       png_set_filler             00000001400732c6 f   libpng:libpng14-14.dll
 0001:000722cc       png_set_filter             00000001400732cc f   libpng:libpng14-14.dll
 0001:000722d2       png_set_IHDR               00000001400732d2 f   libpng:libpng14-14.dll
 0001:000722d8       png_set_interlace_handling 00000001400732d8 f   libpng:libpng14-14.dll
 0001:000722de       png_get_channels           00000001400732de f   libpng:libpng14-14.dll
 0001:000722e4       png_set_compression_level  00000001400732e4 f   libpng:libpng14-14.dll
 0001:000722ea       png_destroy_read_struct    00000001400732ea f   libpng:libpng14-14.dll
 0001:000722f0       DDSLittleLong              00000001400732f0 f   ddslib:ddslib.obj
 0001:00072300       DDSLittleShort             0000000140073300 f   ddslib:ddslib.obj
 0001:00072370       DDSGetInfo                 0000000140073370 f   ddslib:ddslib.obj
 0001:00072f10       DDSDecompress              0000000140073f10 f   ddslib:ddslib.obj
 0001:00073030       LoadJPGBuff                0000000140074030 f   jpeg6:jpgload.obj
 0001:00073220       jpeg_create_decompress     0000000140074220 f   jpeg6:jdapimin.obj
 0001:000732d0       jpeg_destroy_decompress    00000001400742d0 f   jpeg6:jdapimin.obj
 0001:000734b0       jpeg_consume_input         00000001400744b0 f   jpeg6:jdapimin.obj
 0001:000735a0       jpeg_finish_decompress     00000001400745a0 f   jpeg6:jdapimin.obj
 0001:00073670       jpeg_read_header           0000000140074670 f   jpeg6:jdapimin.obj
 0001:00073780       jpeg_read_scanlines        0000000140074780 f   jpeg6:jdapistd.obj
 0001:00073850       jpeg_start_decompress      0000000140074850 f   jpeg6:jdapistd.obj
 0001:000739c0       jpeg_stdio_src             00000001400749c0 f   jpeg6:jdatasrc.obj
 0001:00073c10       jpeg_std_error             0000000140074c10 f   jpeg6:jerror.obj
 0001:00074320       jinit_input_controller     0000000140075320 f   jpeg6:jdinput.obj
 0001:00075ef0       jpeg_resync_to_restart     0000000140076ef0 f   jpeg6:jdmarker.obj
 0001:00076050       jinit_marker_reader        0000000140077050 f   jpeg6:jdmarker.obj
 0001:00076ea0       jinit_memory_mgr           0000000140077ea0 f   jpeg6:jmemmgr.obj
 0001:00077010       jpeg_abort                 0000000140078010 f   jpeg6:jcomapi.obj
 0001:00077050       jpeg_destroy               0000000140078050 f   jpeg6:jcomapi.obj
 0001:00077090       jpeg_alloc_quant_table     0000000140078090 f   jpeg6:jcomapi.obj
 0001:000770b0       jpeg_alloc_huff_table      00000001400780b0 f   jpeg6:jcomapi.obj
 0001:000770e0       jpeg_calc_output_dimensions 00000001400780e0 f   jpeg6:jdmaster.obj
 0001:00077570       jinit_master_decompress    0000000140078570 f   jpeg6:jdmaster.obj
 0001:000775c0       jdiv_round_up              00000001400785c0 f   jpeg6:jutils.obj
 0001:000775d0       jround_up                  00000001400785d0 f   jpeg6:jutils.obj
 0001:000775f0       jcopy_sample_rows          00000001400785f0 f   jpeg6:jutils.obj
 0001:00077660       jzero_far                  0000000140078660 f   jpeg6:jutils.obj
 0001:00077670       ?jpeg_get_large@@YAPEAXPEAUjpeg_common_struct@@_K@Z 0000000140078670 f   jpeg6:jmemnobs.obj
 0001:00077670       ?jpeg_get_small@@YAPEAXPEAUjpeg_common_struct@@_K@Z 0000000140078670 f   jpeg6:jmemnobs.obj
 0001:00077680       ?jpeg_free_large@@YAXPEAUjpeg_common_struct@@PEAX_K@Z 0000000140078680 f   jpeg6:jmemnobs.obj
 0001:00077680       ?jpeg_free_small@@YAXPEAUjpeg_common_struct@@PEAX_K@Z 0000000140078680 f   jpeg6:jmemnobs.obj
 0001:00077690       ?jpeg_mem_available@@YAJPEAUjpeg_common_struct@@JJJ@Z 0000000140078690 f   jpeg6:jmemnobs.obj
 0001:000776a0       ?jpeg_open_backing_store@@YAXPEAUjpeg_common_struct@@PEAUbacking_store_struct@@J@Z 00000001400786a0 f   jpeg6:jmemnobs.obj
 0001:000776b0       ?jpeg_mem_init@@YAJPEAUjpeg_common_struct@@@Z 00000001400786b0 f   jpeg6:jmemnobs.obj
 0001:00077e10       jinit_d_main_controller    0000000140078e10 f   jpeg6:jdmainct.obj
 0001:00078270       jinit_d_coef_controller    0000000140079270 f   jpeg6:jdcoefct.obj
 0001:00078390       ?jpeg_make_d_derived_tbl@@YAXPEAUjpeg_decompress_struct@@PEAUJHUFF_TBL@@PEAPEAUd_derived_tbl@@@Z 0000000140079390 f   jpeg6:jdhuff.obj
 0001:000785a0       ?jpeg_fill_bit_buffer@@YAEPEAUbitread_working_state@@HHH@Z 00000001400795a0 f   jpeg6:jdhuff.obj
 0001:000786d0       ?jpeg_huff_decode@@YAHPEAUbitread_working_state@@HHPEAUd_derived_tbl@@H@Z 00000001400796d0 f   jpeg6:jdhuff.obj
 0001:00078ec0       jinit_huff_decoder         0000000140079ec0 f   jpeg6:jdhuff.obj
 0001:00079230       jinit_inverse_dct          000000014007a230 f   jpeg6:jddctmgr.obj
 0001:00079430       jinit_d_post_controller    000000014007a430 f   jpeg6:jdpostct.obj
 0001:00079b60       jinit_upsampler            000000014007ab60 f   jpeg6:jdsample.obj
 0001:0007a320       jinit_color_deconverter    000000014007b320 f   jpeg6:jdcolor.obj
 0001:0007a4c0       ?jpeg_idct_float@@YAXPEAUjpeg_decompress_struct@@PEAUjpeg_component_info@@PEAFPEAPEAEI@Z 000000014007b4c0 f   jpeg6:jidctflt.obj
 0001:0007a9d0       PicoInit                   000000014007b9d0 f   picomodel:picomodel.obj
 0001:0007a9e0       PicoSetMallocFunc          000000014007b9e0 f   picomodel:picomodel.obj
 0001:0007aa00       PicoSetFreeFunc            000000014007ba00 f   picomodel:picomodel.obj
 0001:0007aa20       PicoSetLoadFileFunc        000000014007ba20 f   picomodel:picomodel.obj
 0001:0007aa40       PicoSetFreeFileFunc        000000014007ba40 f   picomodel:picomodel.obj
 0001:0007aa60       PicoSetPrintFunc           000000014007ba60 f   picomodel:picomodel.obj
 0001:0007aa80       PicoNewModel               000000014007ba80 f   picomodel:picomodel.obj
 0001:0007aad0       PicoAdjustModel            000000014007bad0 f   picomodel:picomodel.obj
 0001:0007ac00       PicoNewShader              000000014007bc00 f   picomodel:picomodel.obj
 0001:0007ace0       PicoFreeShader             000000014007bce0 f   picomodel:picomodel.obj
 0001:0007ad20       PicoFindShader             000000014007bd20 f   picomodel:picomodel.obj
 0001:0007ae10       PicoFreeSurface            000000014007be10 f   picomodel:picomodel.obj
 0001:0007aef0       PicoAdjustSurface          000000014007bef0 f   picomodel:picomodel.obj
 0001:0007b230       PicoNewSkin                000000014007c230 f   picomodel:picomodel.obj
 0001:0007b2b0       PicoAdjustSkin             000000014007c2b0 f   picomodel:picomodel.obj
 0001:0007b350       PicoNewSkinItem            000000014007c350 f   picomodel:picomodel.obj
 0001:0007b3c0       PicoFreeSkinItem           000000014007c3c0 f   picomodel:picomodel.obj
 0001:0007b400       PicoSetSkinItemReplacement 000000014007c400 f   picomodel:picomodel.obj
 0001:0007b400       PicoSetModelName           000000014007c400 f   picomodel:picomodel.obj
 0001:0007b400       PicoSetShaderName          000000014007c400 f   picomodel:picomodel.obj
 0001:0007b440       PicoSetModelFileName       000000014007c440 f   picomodel:picomodel.obj
 0001:0007b440       PicoSetShaderMapName       000000014007c440 f   picomodel:picomodel.obj
 0001:0007b480       PicoSetModelFrameNum       000000014007c480 f   picomodel:picomodel.obj
 0001:0007b490       PicoSetModelNumFrames      000000014007c490 f   picomodel:picomodel.obj
 0001:0007b4a0       PicoSetShaderAmbientColor  000000014007c4a0 f   picomodel:picomodel.obj
 0001:0007b4d0       PicoSetShaderDiffuseColor  000000014007c4d0 f   picomodel:picomodel.obj
 0001:0007b500       PicoSetShaderSpecularColor 000000014007c500 f   picomodel:picomodel.obj
 0001:0007b530       PicoSetShaderTransparency  000000014007c530 f   picomodel:picomodel.obj
 0001:0007b570       PicoSetShaderShininess     000000014007c570 f   picomodel:picomodel.obj
 0001:0007b5b0       PicoSetSurfaceType         000000014007c5b0 f   picomodel:picomodel.obj
 0001:0007b5c0       PicoSetSurfaceName         000000014007c5c0 f   picomodel:picomodel.obj
 0001:0007b600       PicoSetSurfaceShader       000000014007c600 f   picomodel:picomodel.obj
 0001:0007b610       PicoSetSurfaceXYZ          000000014007c610 f   picomodel:picomodel.obj
 0001:0007b6a0       PicoSetSurfaceNormal       000000014007c6a0 f   picomodel:picomodel.obj
 0001:0007b710       PicoSetSurfaceST           000000014007c710 f   picomodel:picomodel.obj
 0001:0007b790       PicoSetSurfaceColor        000000014007c790 f   picomodel:picomodel.obj
 0001:0007b840       PicoSetSurfaceIndex        000000014007c840 f   picomodel:picomodel.obj
 0001:0007b8a0       PicoSetSurfaceSmoothingGroup 000000014007c8a0 f   picomodel:picomodel.obj
 0001:0007b8f0       PicoSetSkinNum             000000014007c8f0 f   picomodel:picomodel.obj
 0001:0007b900       PicoSetSkinItemObject      000000014007c900 f   picomodel:picomodel.obj
 0001:0007b940       PicoGetModelName           000000014007c940 f   picomodel:picomodel.obj
 0001:0007b960       PicoGetShaderMapName       000000014007c960 f   picomodel:picomodel.obj
 0001:0007b960       PicoGetModelFileName       000000014007c960 f   picomodel:picomodel.obj
 0001:0007b980       PicoGetModelFrameNum       000000014007c980 f   picomodel:picomodel.obj
 0001:0007b990       PicoGetModelShader         000000014007c990 f   picomodel:picomodel.obj
 0001:0007b9c0       PicoGetModelNumSurfaces    000000014007c9c0 f   picomodel:picomodel.obj
 0001:0007b9d0       PicoGetModelSurface        000000014007c9d0 f   picomodel:picomodel.obj
 0001:0007ba00       PicoGetSurfaceType         000000014007ca00 f   picomodel:picomodel.obj
 0001:0007ba10       PicoGetSurfaceNumVertexes  000000014007ca10 f   picomodel:picomodel.obj
 0001:0007ba20       PicoGetSurfaceXYZ          000000014007ca20 f   picomodel:picomodel.obj
 0001:0007ba50       PicoGetSurfaceNormal       000000014007ca50 f   picomodel:picomodel.obj
 0001:0007ba80       PicoGetSurfaceST           000000014007ca80 f   picomodel:picomodel.obj
 0001:0007bab0       PicoGetSurfaceColor        000000014007cab0 f   picomodel:picomodel.obj
 0001:0007bae0       PicoGetSurfaceNumIndexes   000000014007cae0 f   picomodel:picomodel.obj
 0001:0007baf0       PicoGetSurfaceIndexes      000000014007caf0 f   picomodel:picomodel.obj
 0001:0007bb10       PicoGetSurfaceShaderNameForSkin 000000014007cb10 f   picomodel:picomodel.obj
 0001:0007bbf0       PicoVertexCoordGenerateHash 000000014007cbf0 f   picomodel:picomodel.obj
 0001:0007bd10       PicoNewVertexCombinationHashTable 000000014007cd10 f   picomodel:picomodel.obj
 0001:0007bd40       PicoFreeVertexCombinationHashTable 000000014007cd40 f   picomodel:picomodel.obj
 0001:0007bdc0       PicoFindVertexCombinationInHashTable 000000014007cdc0 f   picomodel:picomodel.obj
 0001:0007bf80       PicoAddVertexCombinationToHashTable 000000014007cf80 f   picomodel:picomodel.obj
 0001:0007c070       PicoFindSurfaceVertexNum   000000014007d070 f   picomodel:picomodel.obj
 0001:0007c370       indexarray_push_back       000000014007d370 f   picomodel:picomodel.obj
 0001:0007c380       indexarray_reserve         000000014007d380 f   picomodel:picomodel.obj
 0001:0007c3b0       binarytree_clear           000000014007d3b0 f   picomodel:picomodel.obj
 0001:0007c3b0       indexarray_clear           000000014007d3b0 f   picomodel:picomodel.obj
 0001:0007c3c0       binarytree_extend          000000014007d3c0 f   picomodel:picomodel.obj
 0001:0007c3e0       binarytree_size            000000014007d3e0 f   picomodel:picomodel.obj
 0001:0007c3f0       binarytree_reserve         000000014007d3f0 f   picomodel:picomodel.obj
 0001:0007c420       UniqueIndices_size         000000014007d420 f   picomodel:picomodel.obj
 0001:0007c430       UniqueIndices_reserve      000000014007d430 f   picomodel:picomodel.obj
 0001:0007c460       UniqueIndices_init         000000014007d460 f   picomodel:picomodel.obj
 0001:0007c470       UniqueIndices_destroy      000000014007d470 f   picomodel:picomodel.obj
 0001:0007c490       UniqueIndices_find_or_insert 000000014007d490 f   picomodel:picomodel.obj
 0001:0007c560       UniqueIndices_insert       000000014007d560 f   picomodel:picomodel.obj
 0001:0007c5a0       lessSmoothVertex           000000014007d5a0 f   picomodel:picomodel.obj
 0001:0007c620       _pico_vertices_combine_shared_normals 000000014007d620 f   picomodel:picomodel.obj
 0001:0007c770       _pico_triangles_generate_weighted_normals 000000014007d770 f   picomodel:picomodel.obj
 0001:0007c850       _pico_normals_zero         000000014007d850 f   picomodel:picomodel.obj
 0001:0007c890       _pico_normals_normalize    000000014007d890 f   picomodel:picomodel.obj
 0001:0007c8d0       _pico_length_vec           000000014007d8d0 f   picomodel:picomodel.obj
 0001:0007c900       _pico_normal_is_unit_length 000000014007d900 f   picomodel:picomodel.obj
 0001:0007c940       _pico_normal_within_tolerance 000000014007d940 f   picomodel:picomodel.obj
 0001:0007c970       _pico_normals_assign_generated_normals 000000014007d970 f   picomodel:picomodel.obj
 0001:0007c9e0       PicoFixSurfaceNormals      000000014007d9e0 f   picomodel:picomodel.obj
 0001:0007ca80       PicoRemapModel             000000014007da80 f   picomodel:picomodel.obj
 0001:0007cfd0       PicoParseToken             000000014007dfd0 f   picomodel:picomodel.obj
 0001:0007d260       PicoLoadSkinFiles          000000014007e260 f   picomodel:picomodel.obj
 0001:0007d520       PicoModuleLoadModel        000000014007e520 f   picomodel:picomodel.obj
 0001:0007d620       PicoLoadModel              000000014007e620 f   picomodel:picomodel.obj
 0001:0007d730       PicoNewSurface             000000014007e730 f   picomodel:picomodel.obj
 0001:0007d7e0       PicoFreeSkin               000000014007e7e0 f   picomodel:picomodel.obj
 0001:0007d840       PicoAddTriangleToModel     000000014007e840 f   picomodel:picomodel.obj
 0001:0007dad0       PicoFreeModel              000000014007ead0 f   picomodel:picomodel.obj
 0001:0007dbc0       _pico_alloc                000000014007ebc0 f   picomodel:picointernal.obj
 0001:0007dc20       _pico_calloc               000000014007ec20 f   picomodel:picointernal.obj
 0001:0007dc90       _pico_clone_alloc          000000014007ec90 f   picomodel:picointernal.obj
 0001:0007dcf0       _pico_free                 000000014007ecf0 f   picomodel:picointernal.obj
 0001:0007dd10       _pico_load_file            000000014007ed10 f   picomodel:picointernal.obj
 0001:0007dd30       _pico_free_file            000000014007ed30 f   picomodel:picointernal.obj
 0001:0007dd60       _pico_printf               000000014007ed60 f   picomodel:picointernal.obj
 0001:0007ddf0       _pico_first_token          000000014007edf0 f   picomodel:picointernal.obj
 0001:0007de20       _pico_strltrim             000000014007ee20 f   picomodel:picointernal.obj
 0001:0007dea0       _pico_strrtrim             000000014007eea0 f   picomodel:picointernal.obj
 0001:0007df60       _pico_strlwr               000000014007ef60 f   picomodel:picointernal.obj
 0001:0007df90       _pico_strchcount           000000014007ef90 f   picomodel:picointernal.obj
 0001:0007dfc0       _pico_zero_bounds          000000014007efc0 f   picomodel:picointernal.obj
 0001:0007dff0       _pico_expand_bounds        000000014007eff0 f   picomodel:picointernal.obj
 0001:0007e050       _pico_zero_vec             000000014007f050 f   picomodel:picointernal.obj
 0001:0007e060       _pico_zero_vec2            000000014007f060 f   picomodel:picointernal.obj
 0001:0007e070       _pico_set_vec              000000014007f070 f   picomodel:picointernal.obj
 0001:0007e080       _pico_copy_vec             000000014007f080 f   picomodel:picointernal.obj
 0001:0007e0a0       _pico_copy_vec2            000000014007f0a0 f   picomodel:picointernal.obj
 0001:0007e0b0       _pico_normalize_vec        000000014007f0b0 f   picomodel:picointernal.obj
 0001:0007e140       _pico_add_vec              000000014007f140 f   picomodel:picointernal.obj
 0001:0007e170       _pico_subtract_vec         000000014007f170 f   picomodel:picointernal.obj
 0001:0007e1a0       _pico_scale_vec            000000014007f1a0 f   picomodel:picointernal.obj
 0001:0007e1d0       _pico_dot_vec              000000014007f1d0 f   picomodel:picointernal.obj
 0001:0007e1d0       dot                        000000014007f1d0 f   picomodel:vecmath.obj
 0001:0007e200       _pico_cross_vec            000000014007f200 f   picomodel:picointernal.obj
 0001:0007e200       cross                      000000014007f200 f   picomodel:vecmath.obj
 0001:0007e260       _pico_set_color            000000014007f260 f   picomodel:picointernal.obj
 0001:0007e280       _pico_copy_color           000000014007f280 f   picomodel:picointernal.obj
 0001:0007e2a0       _pico_little_long          000000014007f2a0 f   picomodel:picointernal.obj
 0001:0007e2b0       _pico_little_short         000000014007f2b0 f   picomodel:picointernal.obj
 0001:0007e2c0       _pico_stristr              000000014007f2c0 f   picomodel:picointernal.obj
 0001:0007e340       _pico_unixify              000000014007f340 f   picomodel:picointernal.obj
 0001:0007e370       _pico_nopath               000000014007f370 f   picomodel:picointernal.obj
 0001:0007e410       _pico_setfext              000000014007f410 f   picomodel:picointernal.obj
 0001:0007e4e0       _pico_new_parser           000000014007f4e0 f   picomodel:picointernal.obj
 0001:0007e5b0       _pico_free_parser          000000014007f5b0 f   picomodel:picointernal.obj
 0001:0007e5e0       _pico_parse_ex             000000014007f5e0 f   picomodel:picointernal.obj
 0001:0007e740       _pico_parse_first          000000014007f740 f   picomodel:picointernal.obj
 0001:0007e780       _pico_parse                000000014007f780 f   picomodel:picointernal.obj
 0001:0007e7b0       _pico_parse_skip_rest      000000014007f7b0 f   picomodel:picointernal.obj
 0001:0007e7e0       _pico_parse_skip_braced    000000014007f7e0 f   picomodel:picointernal.obj
 0001:0007e890       _pico_parse_check          000000014007f890 f   picomodel:picointernal.obj
 0001:0007e8f0       _pico_parse_int            000000014007f8f0 f   picomodel:picointernal.obj
 0001:0007e940       _pico_parse_float          000000014007f940 f   picomodel:picointernal.obj
 0001:0007e990       _pico_parse_vec            000000014007f990 f   picomodel:picointernal.obj
 0001:0007ea30       _pico_parse_vec2           000000014007fa30 f   picomodel:picointernal.obj
 0001:0007ead0       _pico_new_memstream        000000014007fad0 f   picomodel:picointernal.obj
 0001:0007eb30       _pico_free_memstream       000000014007fb30 f   picomodel:picointernal.obj
 0001:0007eb50       _pico_memstream_read       000000014007fb50 f   picomodel:picointernal.obj
 0001:0007ebe0       _pico_memstream_getc       000000014007fbe0 f   picomodel:picointernal.obj
 0001:0007ec20       _pico_memstream_seek       000000014007fc20 f   picomodel:picointernal.obj
 0001:0007ecb0       _pico_memstream_tell       000000014007fcb0 f   picomodel:picointernal.obj
 0001:0007ecd0       _pico_realloc              000000014007fcd0 f   picomodel:picointernal.obj
 0001:0007ed70       PicoModuleList             000000014007fd70 f   picomodel:picomodules.obj
 0001:0007fa20       _terrain_load_tga_buffer   0000000140080a20 f   picomodel:pm_terrain.obj
 0001:00083960       _ase_get_submaterial_or_default 0000000140084960 f   picomodel:pm_ase.obj
 0001:00086890       lwFreeLayer                0000000140087890 f   picomodel:lwo2.obj
 0001:000868e0       lwFreeObject               00000001400878e0 f   picomodel:lwo2.obj
 0001:00086950       lwGetObject                0000000140087950 f   picomodel:lwo2.obj
 0001:00086ea0       lwValidateObject           0000000140087ea0 f   picomodel:lwo2.obj
 0001:00086f70       lwListFree                 0000000140087f70 f   picomodel:list.obj
 0001:00086fa0       lwListAdd                  0000000140087fa0 f   picomodel:list.obj
 0001:00086fd0       lwListInsert               0000000140087fd0 f   picomodel:list.obj
 0001:00087070       lwFreeVMap                 0000000140088070 f   picomodel:vmap.obj
 0001:000870e0       lwGetVMap                  00000001400880e0 f   picomodel:vmap.obj
 0001:00087340       lwGetPointVMaps            0000000140088340 f   picomodel:vmap.obj
 0001:000874a0       lwGetPolyVMaps             00000001400884a0 f   picomodel:vmap.obj
 0001:00087680       lwFreePoints               0000000140088680 f   picomodel:pntspols.obj
 0001:00087710       lwFreePolygons             0000000140088710 f   picomodel:pntspols.obj
 0001:000877f0       lwGetPoints                00000001400887f0 f   picomodel:pntspols.obj
 0001:00087a10       lwGetBoundingBox           0000000140088a10 f   picomodel:pntspols.obj
 0001:00087b00       lwAllocPolygons            0000000140088b00 f   picomodel:pntspols.obj
 0001:00087c20       lwGetPolygons              0000000140088c20 f   picomodel:pntspols.obj
 0001:00087df0       lwGetPolyNormals           0000000140088df0 f   picomodel:pntspols.obj
 0001:00087f60       lwGetPointPolygons         0000000140088f60 f   picomodel:pntspols.obj
 0001:000880c0       lwResolvePolySurfaces      00000001400890c0 f   picomodel:pntspols.obj
 0001:00088290       lwGetVertNormals           0000000140089290 f   picomodel:pntspols.obj
 0001:00088510       lwFreeTags                 0000000140089510 f   picomodel:pntspols.obj
 0001:00088590       lwGetTags                  0000000140089590 f   picomodel:pntspols.obj
 0001:000886e0       lwGetPolygonTags           00000001400896e0 f   picomodel:pntspols.obj
 0001:00088820       lwFreePlugin               0000000140089820 f   picomodel:surface.obj
 0001:00088870       lwFreeTexture              0000000140089870 f   picomodel:surface.obj
 0001:00088900       lwFreeSurface              0000000140089900 f   picomodel:surface.obj
 0001:00088a00       lwGetTHeader               0000000140089a00 f   picomodel:surface.obj
 0001:00088b90       lwGetTMap                  0000000140089b90 f   picomodel:surface.obj
 0001:00088dc0       lwGetImageMap              0000000140089dc0 f   picomodel:surface.obj
 0001:00089040       lwGetProcedural            000000014008a040 f   picomodel:surface.obj
 0001:000891e0       lwGetGradient              000000014008a1e0 f   picomodel:surface.obj
 0001:00089490       lwGetTexture               000000014008a490 f   picomodel:surface.obj
 0001:000895d0       lwGetShader                000000014008a5d0 f   picomodel:surface.obj
 0001:000898a0       lwDefaultSurface           000000014008a8a0 f   picomodel:surface.obj
 0001:00089910       lwGetSurface               000000014008a910 f   picomodel:surface.obj
 0001:00089f50       lwFreeClip                 000000014008af50 f   picomodel:clip.obj
 0001:0008a020       lwGetClip                  000000014008b020 f   picomodel:clip.obj
 0001:0008a4a0       lwFreeEnvelope             000000014008b4a0 f   picomodel:envelope.obj
 0001:0008a520       lwGetEnvelope              000000014008b520 f   picomodel:envelope.obj
 0001:0008a850       set_flen                   000000014008b850 f   picomodel:lwio.obj
 0001:0008a860       get_flen                   000000014008b860 f   picomodel:lwio.obj
 0001:0008a870       revbytes                   000000014008b870 f   picomodel:lwio.obj
 0001:0008a8f0       getbytes                   000000014008b8f0 f   picomodel:lwio.obj
 0001:0008a9a0       getU2                      000000014008b9a0 f   picomodel:lwio.obj
 0001:0008a9a0       getI2                      000000014008b9a0 f   picomodel:lwio.obj
 0001:0008aa00       getU1                      000000014008ba00 f   picomodel:lwio.obj
 0001:0008aa40       getU4                      000000014008ba40 f   picomodel:lwio.obj
 0001:0008aa40       getI4                      000000014008ba40 f   picomodel:lwio.obj
 0001:0008aaa0       getVX                      000000014008baa0 f   picomodel:lwio.obj
 0001:0008ab50       getF4                      000000014008bb50 f   picomodel:lwio.obj
 0001:0008abb0       getS0                      000000014008bbb0 f   picomodel:lwio.obj
 0001:0008acf0       sgetI2                     000000014008bcf0 f   picomodel:lwio.obj
 0001:0008ad50       sgetU2                     000000014008bd50 f   picomodel:lwio.obj
 0001:0008ad90       sgetU4                     000000014008bd90 f   picomodel:lwio.obj
 0001:0008adf0       sgetVX                     000000014008bdf0 f   picomodel:lwio.obj
 0001:0008ae70       sgetF4                     000000014008be70 f   picomodel:lwio.obj
 0001:0008aed0       sgetS0                     000000014008bed0 f   picomodel:lwio.obj
 0001:0008b330       lwGetSurface5              000000014008c330 f   picomodel:lwob.obj
 0001:0008bd30       lwGetPolygons5             000000014008cd30 f   picomodel:lwob.obj
 0001:0008bef0       lwGetObject5               000000014008cef0 f   picomodel:lwob.obj
 0001:0008c170       lwValidateObject5          000000014008d170 f   picomodel:lwob.obj
 0001:0008c220       normalize                  000000014008d220 f   picomodel:vecmath.obj
 0001:0008c26c       _stricmp                   000000014008d26c f   MSVCRT:MSVCR90.dll
 0001:0008c272       rename                     000000014008d272 f   MSVCRT:MSVCR90.dll
 0001:0008c278       sprintf                    000000014008d278 f   MSVCRT:MSVCR90.dll
 0001:0008c27e       sscanf                     000000014008d27e f   MSVCRT:MSVCR90.dll
 0001:0008c284       strncmp                    000000014008d284 f   MSVCRT:MSVCR90.dll
 0001:0008c28a       free                       000000014008d28a f   MSVCRT:MSVCR90.dll
 0001:0008c290       atoi                       000000014008d290 f   MSVCRT:MSVCR90.dll
 0001:0008c296       remove                     000000014008d296 f   MSVCRT:MSVCR90.dll
 0001:0008c29c       ftell                      000000014008d29c f   MSVCRT:MSVCR90.dll
 0001:0008c2a2       realloc                    000000014008d2a2 f   MSVCRT:MSVCR90.dll
 0001:0008c2a8       atof                       000000014008d2a8 f   MSVCRT:MSVCR90.dll
 0001:0008c2ae       _time64                    000000014008d2ae f   MSVCRT:MSVCR90.dll
 0001:0008c2b4       asctime                    000000014008d2b4 f   MSVCRT:MSVCR90.dll
 0001:0008c2ba       _localtime64               000000014008d2ba f   MSVCRT:MSVCR90.dll
 0001:0008c2c0       fseek                      000000014008d2c0 f   MSVCRT:MSVCR90.dll
 0001:0008c2c6       fclose                     000000014008d2c6 f   MSVCRT:MSVCR90.dll
 0001:0008c2cc       fopen                      000000014008d2cc f   MSVCRT:MSVCR90.dll
 0001:0008c2d2       fwrite                     000000014008d2d2 f   MSVCRT:MSVCR90.dll
 0001:0008c2d8       strstr                     000000014008d2d8 f   MSVCRT:MSVCR90.dll
 0001:0008c2e0       _onexit                    000000014008d2e0 f   MSVCRT:atonexit.obj
 0001:0008c390       atexit                     000000014008d390 f   MSVCRT:atonexit.obj
 0001:0008c3a8       printf                     000000014008d3a8 f   MSVCRT:MSVCR90.dll
 0001:0008c3ae       rand                       000000014008d3ae f   MSVCRT:MSVCR90.dll
 0001:0008c3b4       srand                      000000014008d3b4 f   MSVCRT:MSVCR90.dll
 0001:0008c3ba       memmove                    000000014008d3ba f   MSVCRT:MSVCR90.dll
 0001:0008c3c0       _strnicmp                  000000014008d3c0 f   MSVCRT:MSVCR90.dll
 0001:0008c3c6       strchr                     000000014008d3c6 f   MSVCRT:MSVCR90.dll
 0001:0008c3cc       qsort                      000000014008d3cc f   MSVCRT:MSVCR90.dll
 0001:0008c3d2       strncpy                    000000014008d3d2 f   MSVCRT:MSVCR90.dll
 0001:0008c3d8       fprintf                    000000014008d3d8 f   MSVCRT:MSVCR90.dll
 0001:0008c3de       exit                       000000014008d3de f   MSVCRT:MSVCR90.dll
 0001:0008c3e4       malloc                     000000014008d3e4 f   MSVCRT:MSVCR90.dll
 0001:0008c3ea       strerror                   000000014008d3ea f   MSVCRT:MSVCR90.dll
 0001:0008c3f0       fputs                      000000014008d3f0 f   MSVCRT:MSVCR90.dll
 0001:0008c3f6       _errno                     000000014008d3f6 f   MSVCRT:MSVCR90.dll
[...]
 0001:000505f0       ?PopulateWithBSPModel@@YAXPEAUbspModel_t@@QEAM@Z 00000001400515f0 f    CIL library: CIL module
 0001:00050cf0       ?PopulateWithPicoModel@@YAXDPEAUpicoModel_s@@QEAMH@Z 0000000140051cf0 f    CIL library: CIL module
 0001:00050f30       ?PopulateTraceNodes@@YAXXZ 0000000140051f30 f    CIL library: CIL module
 0001:00052210       ?TraceLine_r@@YA?AW4qboolean@@HQEAM0PEAUtrace_t@@@Z 0000000140053210 f    CIL library: CIL module
 0001:000548f0       ?CalcTangentVectors@@YA?AW4qboolean@@HPEAPEAUbspDrawVert_t@@PEAY02M1@Z 00000001400558f0 f    CIL library: CIL module
 0001:00054cc0       ?PerturbNormal@@YAXPEAUbspDrawVert_t@@PEAUshaderInfo_s@@QEAMQEAY02M3@Z 0000000140055cc0 f    CIL library: CIL module
 0001:00054e20       ?MapSingleLuxel@@YAHPEAUrawLightmap_s@@PEAUsurfaceInfo_s@@PEAUbspDrawVert_t@@QEAMMQEAY02M44@Z 0000000140055e20 f    CIL library: CIL module
 0001:000559d0       ?MapTriangle_r@@YAXPEAUrawLightmap_s@@PEAUsurfaceInfo_s@@QEAPEAUbspDrawVert_t@@QEAMQEAY02M44@Z 00000001400569d0 f    CIL library: CIL module
 0001:00055c40       ?MapTriangle@@YA?AW4qboolean@@PEAUrawLightmap_s@@PEAUsurfaceInfo_s@@QEAPEAUbspDrawVert_t@@W41@@Z 0000000140056c40 f    CIL library: CIL module
 0001:00055f50       ?MapQuad_r@@YAXPEAUrawLightmap_s@@PEAUsurfaceInfo_s@@QEAPEAUbspDrawVert_t@@QEAMQEAY02M4@Z 0000000140056f50 f    CIL library: CIL module
 0001:00056290       ?MapQuad@@YA?AW4qboolean@@PEAUrawLightmap_s@@PEAUsurfaceInfo_s@@QEAPEAUbspDrawVert_t@@@Z 0000000140057290 f    CIL library: CIL module
 0001:00058f60       ?SubmapRawLuxel@@YA?AW4qboolean@@PEAUrawLightmap_s@@HHMMPEAHQEAM2@Z 0000000140059f60 f    CIL library: CIL module
 0001:000592e0       ?SubsampleRawLuxel_r@@YAXPEAUrawLightmap_s@@PEAUtrace_t@@QEAMHHMPEAM@Z 000000014005a2e0 f    CIL library: CIL module
 0001:0005fa50       ?CompareLightSurface@@YAHPEBX0@Z 0000000140060a50 f    CIL library: CIL module
 0001:00061220       ?CompareSurfaceInfo@@YAHPEBX0@Z 0000000140062220 f    CIL library: CIL module
 0001:00062d40       ?CompareBSPLuxels@@YA?AW4qboolean@@PEAUrawLightmap_s@@H0H@Z 0000000140063d40 f    CIL library: CIL module
 0001:000630f0       ?MergeBSPLuxels@@YA?AW4qboolean@@PEAUrawLightmap_s@@H0H@Z 00000001400640f0 f    CIL library: CIL module
 0001:00063380       ?ApproximateLuxel@@YA?AW4qboolean@@PEAUrawLightmap_s@@PEAUbspDrawVert_t@@@Z 0000000140064380 f    CIL library: CIL module
 0001:00063580       ?ApproximateTriangle_r@@YA?AW4qboolean@@PEAUrawLightmap_s@@QEAPEAUbspDrawVert_t@@@Z 0000000140064580 f    CIL library: CIL module
 0001:00063790       ?ApproximateLightmap@@YA?AW4qboolean@@PEAUrawLightmap_s@@@Z 0000000140064790 f    CIL library: CIL module
 0001:00063c20       ?TestOutLightmapStamp@@YA?AW4qboolean@@PEAUrawLightmap_s@@HPEAUoutLightmap_s@@HH@Z 0000000140064c20 f    CIL library: CIL module
 0001:00063db0       ?SetupOutLightmap@@YAXPEAUrawLightmap_s@@PEAUoutLightmap_s@@@Z 0000000140064db0 f    CIL library: CIL module
 0001:00063f10       ?FindOutLightmaps@@YAXPEAUrawLightmap_s@@@Z 0000000140064f10 f    CIL library: CIL module
 0001:00064850       ?CompareRawLightmap@@YAHPEBX0@Z 0000000140065850 f    CIL library: CIL module
 0001:0006da40       ?ConvertCollapsedSurface@@YAXPEAU_iobuf@@PEAUbspModel_t@@HHHQEAM@Z 000000014006ea40 f    CIL library: CIL module
 0001:0006e710       ?ConvertSurface@@YAXPEAU_iobuf@@PEAUbspModel_t@@HPEAUbspDrawSurface_t@@HQEAM@Z 000000014006f710 f    CIL library: CIL module
 0001:0006ed80       ?ConvertModel@@YAXPEAU_iobuf@@PEAUbspModel_t@@HQEAMH@Z 000000014006fd80 f    CIL library: CIL module
 0001:0006eea0       ?ConvertShader@@YAXPEAU_iobuf@@PEAUbspShader_t@@H@Z 000000014006fea0 f    CIL library: CIL module
 0001:0006f5b0       ?ConvertBrush@@YAXPEAU_iobuf@@HPEAUbspBrush_t@@QEAM@Z 00000001400705b0 f    CIL library: CIL module
 0001:0006f930       ?ConvertPatch@@YAXPEAU_iobuf@@HPEAUbspDrawSurface_t@@QEAM@Z 0000000140070930 f    CIL library: CIL module
 0001:0006fb50       ?ConvertModel@@YAXPEAU_iobuf@@PEAUbspModel_t@@HQEAM@Z 0000000140070b50 f    CIL library: CIL module
 0001:00072310       DDSDecodePixelFormat       0000000140073310 f   ddslib:ddslib.obj
 0001:000723d0       DDSGetColorBlockColors     00000001400733d0 f   ddslib:ddslib.obj
 0001:000725a0       DDSDecodeColorBlock        00000001400735a0 f   ddslib:ddslib.obj
 0001:00072680       DDSDecodeAlphaExplicit     0000000140073680 f   ddslib:ddslib.obj
 0001:00072780       DDSDecodeAlpha3BitLinear   0000000140073780 f   ddslib:ddslib.obj
 0001:00072a80       DDSDecompressDXT1          0000000140073a80 f   ddslib:ddslib.obj
 0001:00072b90       DDSDecompressDXT3          0000000140073b90 f   ddslib:ddslib.obj
 0001:00072d10       DDSDecompressDXT5          0000000140073d10 f   ddslib:ddslib.obj
 0001:00072e90       DDSDecompressDXT2          0000000140073e90 f   ddslib:ddslib.obj
 0001:00072ea0       DDSDecompressDXT4          0000000140073ea0 f   ddslib:ddslib.obj
 0001:00072eb0       DDSDecompressARGB8888      0000000140073eb0 f   ddslib:ddslib.obj
 0001:000732e0       ?default_decompress_parms@@YAXPEAUjpeg_decompress_struct@@@Z 00000001400742e0 f   jpeg6:jdapimin.obj
 0001:00073700       ?output_pass_setup@@YAEPEAUjpeg_decompress_struct@@@Z 0000000140074700 f   jpeg6:jdapistd.obj
 0001:00073900       ?init_source@@YAXPEAUjpeg_decompress_struct@@@Z 0000000140074900 f   jpeg6:jdatasrc.obj
 0001:00073910       ?fill_input_buffer@@YAEPEAUjpeg_decompress_struct@@@Z 0000000140074910 f   jpeg6:jdatasrc.obj
 0001:00073970       ?skip_input_data@@YAXPEAUjpeg_decompress_struct@@J@Z 0000000140074970 f   jpeg6:jdatasrc.obj
 0001:00073a70       ?error_exit@@YAXPEAUjpeg_common_struct@@@Z 0000000140074a70 f   jpeg6:jerror.obj
 0001:00073aa0       ?output_message@@YAXPEAUjpeg_common_struct@@@Z 0000000140074aa0 f   jpeg6:jerror.obj
 0001:00073ad0       ?emit_message@@YAXPEAUjpeg_common_struct@@H@Z 0000000140074ad0 f   jpeg6:jerror.obj
 0001:00073b10       ?format_message@@YAXPEAUjpeg_common_struct@@PEAD@Z 0000000140074b10 f   jpeg6:jerror.obj
 0001:00073bf0       ?reset_error_mgr@@YAXPEAUjpeg_common_struct@@@Z 0000000140074bf0 f   jpeg6:jerror.obj
 0001:00073c90       ?initial_setup@@YAXPEAUjpeg_decompress_struct@@@Z 0000000140074c90 f   jpeg6:jdinput.obj
 0001:00073ea0       ?per_scan_setup@@YAXPEAUjpeg_decompress_struct@@@Z 0000000140074ea0 f   jpeg6:jdinput.obj
 0001:00074080       ?latch_quant_tables@@YAXPEAUjpeg_decompress_struct@@@Z 0000000140075080 f   jpeg6:jdinput.obj
 0001:00074150       ?start_input_pass@@YAXPEAUjpeg_decompress_struct@@@Z 0000000140075150 f   jpeg6:jdinput.obj
 0001:000741a0       ?consume_markers@@YAHPEAUjpeg_decompress_struct@@@Z 00000001400751a0 f   jpeg6:jdinput.obj
 0001:000742b0       ?reset_input_controller@@YAXPEAUjpeg_decompress_struct@@@Z 00000001400752b0 f   jpeg6:jdinput.obj
 0001:00074300       ?finish_input_pass@@YAXPEAUjpeg_decompress_struct@@@Z 0000000140075300 f   jpeg6:jdinput.obj
 0001:00074380       ?get_soi@@YAEPEAUjpeg_decompress_struct@@@Z 0000000140075380 f   jpeg6:jdmarker.obj
 0001:00074440       ?get_sof@@YAEPEAUjpeg_decompress_struct@@EE@Z 0000000140075440 f   jpeg6:jdmarker.obj
 0001:00074790       ?get_sos@@YAEPEAUjpeg_decompress_struct@@@Z 0000000140075790 f   jpeg6:jdmarker.obj
 0001:00074ac0       ?get_app0@@YAEPEAUjpeg_decompress_struct@@@Z 0000000140075ac0 f   jpeg6:jdmarker.obj
 0001:00074da0       ?get_app14@@YAEPEAUjpeg_decompress_struct@@@Z 0000000140075da0 f   jpeg6:jdmarker.obj
 0001:00074f90       ?get_dac@@YAEPEAUjpeg_decompress_struct@@@Z 0000000140075f90 f   jpeg6:jdmarker.obj
 0001:00075140       ?get_dht@@YAEPEAUjpeg_decompress_struct@@@Z 0000000140076140 f   jpeg6:jdmarker.obj
 0001:00075470       ?get_dqt@@YAEPEAUjpeg_decompress_struct@@@Z 0000000140076470 f   jpeg6:jdmarker.obj
 0001:000756f0       ?get_dri@@YAEPEAUjpeg_decompress_struct@@@Z 00000001400766f0 f   jpeg6:jdmarker.obj
 0001:00075810       ?skip_variable@@YAEPEAUjpeg_decompress_struct@@@Z 0000000140076810 f   jpeg6:jdmarker.obj
 0001:000758e0       ?next_marker@@YAEPEAUjpeg_decompress_struct@@@Z 00000001400768e0 f   jpeg6:jdmarker.obj
 0001:00075a50       ?first_marker@@YAEPEAUjpeg_decompress_struct@@@Z 0000000140076a50 f   jpeg6:jdmarker.obj
 0001:00075b20       ?read_markers@@YAHPEAUjpeg_decompress_struct@@@Z 0000000140076b20 f   jpeg6:jdmarker.obj
 0001:00075e40       ?read_restart_marker@@YAEPEAUjpeg_decompress_struct@@@Z 0000000140076e40 f   jpeg6:jdmarker.obj
 0001:00076010       ?reset_marker_reader@@YAXPEAUjpeg_decompress_struct@@@Z 0000000140077010 f   jpeg6:jdmarker.obj
 0001:00076100       ?out_of_memory@@YAXPEAUjpeg_common_struct@@H@Z 0000000140077100 f   jpeg6:jmemmgr.obj
 0001:00076120       ?alloc_small@@YAPEAXPEAUjpeg_common_struct@@H_K@Z 0000000140077120 f   jpeg6:jmemmgr.obj
 0001:000762a0       ?alloc_large@@YAPEAXPEAUjpeg_common_struct@@H_K@Z 00000001400772a0 f   jpeg6:jmemmgr.obj
 0001:00076380       ?alloc_sarray@@YAPEAPEAEPEAUjpeg_common_struct@@HII@Z 0000000140077380 f   jpeg6:jmemmgr.obj
 0001:00076470       ?alloc_barray@@YAPEAPEAY0EA@FPEAUjpeg_common_struct@@HII@Z 0000000140077470 f   jpeg6:jmemmgr.obj
 0001:00076580       ?request_virt_sarray@@YAPEAUjvirt_sarray_control@@PEAUjpeg_common_struct@@HEIII@Z 0000000140077580 f   jpeg6:jmemmgr.obj
 0001:00076630       ?request_virt_barray@@YAPEAUjvirt_barray_control@@PEAUjpeg_common_struct@@HEIII@Z 0000000140077630 f   jpeg6:jmemmgr.obj
 0001:000766e0       ?realize_virt_arrays@@YAXPEAUjpeg_common_struct@@@Z 00000001400776e0 f   jpeg6:jmemmgr.obj
 0001:000768c0       ?do_sarray_io@@YAXPEAUjpeg_common_struct@@PEAUjvirt_sarray_control@@E@Z 00000001400778c0 f   jpeg6:jmemmgr.obj
 0001:00076980       ?do_barray_io@@YAXPEAUjpeg_common_struct@@PEAUjvirt_barray_control@@E@Z 0000000140077980 f   jpeg6:jmemmgr.obj
 0001:00076a40       ?access_virt_sarray@@YAPEAPEAEPEAUjpeg_common_struct@@PEAUjvirt_sarray_control@@IIE@Z 0000000140077a40 f   jpeg6:jmemmgr.obj
 0001:00076ba0       ?access_virt_barray@@YAPEAPEAY0EA@FPEAUjpeg_common_struct@@PEAUjvirt_barray_control@@IIE@Z 0000000140077ba0 f   jpeg6:jmemmgr.obj
 0001:00076d00       ?free_pool@@YAXPEAUjpeg_common_struct@@H@Z 0000000140077d00 f   jpeg6:jmemmgr.obj
 0001:00076e50       ?self_destruct@@YAXPEAUjpeg_common_struct@@@Z 0000000140077e50 f   jpeg6:jmemmgr.obj
 0001:000770d0       ?use_merged_upsample@@YAEPEAUjpeg_decompress_struct@@@Z 00000001400780d0 f   jpeg6:jdmaster.obj
 0001:00077190       ?prepare_range_limit_table@@YAXPEAUjpeg_decompress_struct@@@Z 0000000140078190 f   jpeg6:jdmaster.obj
 0001:00077240       ?master_selection@@YAXPEAUjpeg_decompress_struct@@@Z 0000000140078240 f   jpeg6:jdmaster.obj
 0001:000773f0       ?prepare_for_output_pass@@YAXPEAUjpeg_decompress_struct@@@Z 00000001400783f0 f   jpeg6:jdmaster.obj
 0001:00077540       ?finish_output_pass@@YAXPEAUjpeg_decompress_struct@@@Z 0000000140078540 f   jpeg6:jdmaster.obj
 0001:000776b0       ?dummy_consume_data@@YAHPEAUjpeg_decompress_struct@@@Z 00000001400786b0 f   jpeg6:jmemnobs.obj
 0001:000776c0       ?alloc_funny_pointers@@YAXPEAUjpeg_decompress_struct@@@Z 00000001400786c0 f   jpeg6:jdmainct.obj
 0001:000777c0       ?make_funny_pointers@@YAXPEAUjpeg_decompress_struct@@@Z 00000001400787c0 f   jpeg6:jdmainct.obj
 0001:00077960       ?set_wraparound_pointers@@YAXPEAUjpeg_decompress_struct@@@Z 0000000140078960 f   jpeg6:jdmainct.obj
 0001:00077a70       ?set_bottom_pointers@@YAXPEAUjpeg_decompress_struct@@@Z 0000000140078a70 f   jpeg6:jdmainct.obj
 0001:00077b40       ?process_data_simple_main@@YAXPEAUjpeg_decompress_struct@@PEAPEAEPEAII@Z 0000000140078b40 f   jpeg6:jdmainct.obj
 0001:00077bf0       ?process_data_context_main@@YAXPEAUjpeg_decompress_struct@@PEAPEAEPEAII@Z 0000000140078bf0 f   jpeg6:jdmainct.obj
 0001:00077d80       ?start_pass_main@@YAXPEAUjpeg_decompress_struct@@W4J_BUF_MODE@@@Z 0000000140078d80 f   jpeg6:jdmainct.obj
 0001:00077f30       ?start_iMCU_row@@YAXPEAUjpeg_decompress_struct@@@Z 0000000140078f30 f   jpeg6:jdcoefct.obj
 0001:00077f90       ?start_input_pass@@YAXPEAUjpeg_decompress_struct@@@Z 0000000140078f90 f   jpeg6:jdcoefct.obj
 0001:00077fa0       ?start_output_pass@@YAXPEAUjpeg_decompress_struct@@@Z 0000000140078fa0 f   jpeg6:jdcoefct.obj
 0001:00077fb0       ?decompress_onepass@@YAHPEAUjpeg_decompress_struct@@PEAPEAPEAE@Z 0000000140078fb0 f   jpeg6:jdcoefct.obj
 0001:000787f0       ?process_restart@@YAEPEAUjpeg_decompress_struct@@@Z 00000001400797f0 f   jpeg6:jdhuff.obj
 0001:00078890       ?decode_mcu@@YAEPEAUjpeg_decompress_struct@@PEAPEAY0EA@F@Z 0000000140079890 f   jpeg6:jdhuff.obj
 0001:00078d60       ?start_pass_huff_decoder@@YAXPEAUjpeg_decompress_struct@@@Z 0000000140079d60 f   jpeg6:jdhuff.obj
 0001:00078f20       ?start_pass@@YAXPEAUjpeg_decompress_struct@@@Z 0000000140079f20 f   jpeg6:jddctmgr.obj
 0001:000792e0       ?post_process_1pass@@YAXPEAUjpeg_decompress_struct@@PEAPEAPEAEPEAIIPEAPEAE2I@Z 000000014007a2e0 f   jpeg6:jdpostct.obj
 0001:00079390       ?start_pass_dpost@@YAXPEAUjpeg_decompress_struct@@W4J_BUF_MODE@@@Z 000000014007a390 f   jpeg6:jdpostct.obj
 0001:000794e0       ?start_pass_upsample@@YAXPEAUjpeg_decompress_struct@@@Z 000000014007a4e0 f   jpeg6:jdsample.obj
 0001:00079500       ?sep_upsample@@YAXPEAUjpeg_decompress_struct@@PEAPEAPEAEPEAIIPEAPEAE2I@Z 000000014007a500 f   jpeg6:jdsample.obj
 0001:00079650       ?fullsize_upsample@@YAXPEAUjpeg_decompress_struct@@PEAUjpeg_component_info@@PEAPEAEPEAPEAPEAE@Z 000000014007a650 f   jpeg6:jdsample.obj
 0001:00079660       ?noop_upsample@@YAXPEAUjpeg_decompress_struct@@PEAUjpeg_component_info@@PEAPEAEPEAPEAPEAE@Z 000000014007a660 f   jpeg6:jdsample.obj
 0001:00079670       ?int_upsample@@YAXPEAUjpeg_decompress_struct@@PEAUjpeg_component_info@@PEAPEAEPEAPEAPEAE@Z 000000014007a670 f   jpeg6:jdsample.obj
 0001:000797d0       ?h2v1_upsample@@YAXPEAUjpeg_decompress_struct@@PEAUjpeg_component_info@@PEAPEAEPEAPEAPEAE@Z 000000014007a7d0 f   jpeg6:jdsample.obj
 0001:00079840       ?h2v2_upsample@@YAXPEAUjpeg_decompress_struct@@PEAUjpeg_component_info@@PEAPEAEPEAPEAPEAE@Z 000000014007a840 f   jpeg6:jdsample.obj
 0001:00079900       ?h2v1_fancy_upsample@@YAXPEAUjpeg_decompress_struct@@PEAUjpeg_component_info@@PEAPEAEPEAPEAPEAE@Z 000000014007a900 f   jpeg6:jdsample.obj
 0001:000799f0       ?h2v2_fancy_upsample@@YAXPEAUjpeg_decompress_struct@@PEAUjpeg_component_info@@PEAPEAEPEAPEAPEAE@Z 000000014007a9f0 f   jpeg6:jdsample.obj
 0001:00079db0       ?build_ycc_rgb_table@@YAXPEAUjpeg_decompress_struct@@@Z 000000014007adb0 f   jpeg6:jdcolor.obj
 0001:00079eb0       ?ycc_rgb_convert@@YAXPEAUjpeg_decompress_struct@@PEAPEAPEAEIPEAPEAEH@Z 000000014007aeb0 f   jpeg6:jdcolor.obj
 0001:0007a050       ?null_convert@@YAXPEAUjpeg_decompress_struct@@PEAPEAPEAEIPEAPEAEH@Z 000000014007b050 f   jpeg6:jdcolor.obj
 0001:0007a110       ?grayscale_convert@@YAXPEAUjpeg_decompress_struct@@PEAPEAPEAEIPEAPEAEH@Z 000000014007b110 f   jpeg6:jdcolor.obj
 0001:0007a150       ?ycck_cmyk_convert@@YAXPEAUjpeg_decompress_struct@@PEAPEAPEAEIPEAPEAEH@Z 000000014007b150 f   jpeg6:jdcolor.obj
 0001:0007eda0       _obj_canload               000000014007fda0 f   picomodel:pm_obj.obj
 0001:0007ef00       SizeObjVertexData          000000014007ff00 f   picomodel:pm_obj.obj
 0001:0007efc0       FreeObjVertexData          000000014007ffc0 f   picomodel:pm_obj.obj
 0001:0007efe0       _obj_load                  000000014007ffe0 f   picomodel:pm_obj.obj
 0001:0007fef0       _terrain_canload           0000000140080ef0 f   picomodel:pm_terrain.obj
 0001:0007ff60       _terrain_load              0000000140080f60 f   picomodel:pm_terrain.obj
 0001:00080740       lwo_lwIDToStr              0000000140081740 f   picomodel:pm_lwo.obj
 0001:00080790       _lwo_canload               0000000140081790 f   picomodel:pm_lwo.obj
 0001:00080800       _lwo_load                  0000000140081800 f   picomodel:pm_lwo.obj
 0001:00081100       _fm_canload                0000000140082100 f   picomodel:pm_fm.obj
 0001:00081230       _fm_load                   0000000140082230 f   picomodel:pm_fm.obj
 0001:00081d10       _md2_canload               0000000140082d10 f   picomodel:pm_md2.obj
 0001:00081d60       _md2_load                  0000000140082d60 f   picomodel:pm_md2.obj
 0001:000827d0       _mdc_canload               00000001400837d0 f   picomodel:pm_mdc.obj
 0001:00082820       _mdc_load                  0000000140083820 f   picomodel:pm_mdc.obj
 0001:00083100       _ms3d_canload              0000000140084100 f   picomodel:pm_ms3d.obj
 0001:00083180       GetWord                    0000000140084180 f   picomodel:pm_ms3d.obj
 0001:000831c0       _ms3d_load                 00000001400841c0 f   picomodel:pm_ms3d.obj
 0001:000838f0       _ase_get_material          00000001400848f0 f   picomodel:pm_ase.obj
 0001:00083910       _ase_get_submaterial       0000000140084910 f   picomodel:pm_ase.obj
 0001:000839c0       _ase_add_material          00000001400849c0 f   picomodel:pm_ase.obj
 0001:00083a00       _ase_add_submaterial       0000000140084a00 f   picomodel:pm_ase.obj
 0001:00083a80       _ase_free_materials        0000000140084a80 f   picomodel:pm_ase.obj
 0001:00083b00       _ase_canload               0000000140084b00 f   picomodel:pm_ase.obj
 0001:00083b90       _ase_submit_triangles      0000000140084b90 f   picomodel:pm_ase.obj
 0001:00084100       _ase_load                  0000000140085100 f   picomodel:pm_ase.obj
 0001:00085760       _3ds_canload               0000000140086760 f   picomodel:pm_3ds.obj
 0001:000857c0       GetChunk                   00000001400867c0 f   picomodel:pm_3ds.obj
 0001:00085820       GetASCIIZ                  0000000140086820 f   picomodel:pm_3ds.obj
 0001:000858b0       GetByte                    00000001400868b0 f   picomodel:pm_3ds.obj
 0001:000858d0       GetWord                    00000001400868d0 f   picomodel:pm_3ds.obj
 0001:00085910       GetFloat                   0000000140086910 f   picomodel:pm_3ds.obj
 0001:00085940       GetMeshVertices            0000000140086940 f   picomodel:pm_3ds.obj
 0001:000859d0       GetMeshFaces               00000001400869d0 f   picomodel:pm_3ds.obj
 0001:00085a90       GetMeshTexCoords           0000000140086a90 f   picomodel:pm_3ds.obj
 0001:00085b20       GetMeshShader              0000000140086b20 f   picomodel:pm_3ds.obj
 0001:00085cf0       GetDiffuseColor            0000000140086cf0 f   picomodel:pm_3ds.obj
 0001:00085d40       DoNextEditorDataChunk      0000000140086d40 f   picomodel:pm_3ds.obj
 0001:00085fc0       DoNextChunk                0000000140086fc0 f   picomodel:pm_3ds.obj
 0001:00086080       _3ds_load                  0000000140087080 f   picomodel:pm_3ds.obj
 0001:00086190       _md3_canload               0000000140087190 f   picomodel:pm_md3.obj
 0001:000861e0       _md3_load                  00000001400871e0 f   picomodel:pm_md3.obj
 0001:000897b0       compare_shaders            000000014008a7b0 f   picomodel:surface.obj
 0001:000897b0       compare_textures           000000014008a7b0 f   picomodel:surface.obj
 0001:000897e0       add_texture                000000014008a7e0 f   picomodel:surface.obj
 0001:0008a4f0       compare_keys               000000014008b4f0 f   picomodel:envelope.obj
 0001:0008afa0       add_clip                   000000014008bfa0 f   picomodel:lwob.obj
 0001:0008b050       add_tvel                   000000014008c050 f   picomodel:lwob.obj
 0001:0008b1d0       get_texture                000000014008c1d0 f   picomodel:lwob.obj
 0001:0008c440       pre_cpp_init               000000014008d440 f   MSVCRT:crtexe.obj
 0001:0008c4a8       __tmainCRTStartup          000000014008d4a8 f   MSVCRT:crtexe.obj
 0001:0008c628       pre_c_init                 000000014008d628 f   MSVCRT:crtexe.obj
 0001:0008cad0       _onexit$fin$0              000000014008dad0 f   MSVCRT:atonexit.obj
 0001:0008cae9       __tmainCRTStartup$filt$0   000000014008dae9 f   MSVCRT:crtexe.obj
 0001:0008cb10       _IsNonwritableInCurrentImage$filt$0 000000014008db10 f   MSVCRT:pesect.obj
