 bloodmap

 Timestamp is 55c7adee (Sun Aug 09 22:45:50 2015)

 Preferred load address is 0000000140000000

 Start         Length     Name                   Class
 0001:00000000 000964e8H .text                   CODE
 0001:000964f0 0000005eH .text$00                CODE
 0001:00096550 00000061H .text$x                 CODE
 0002:00000000 00000528H .idata$5                DATA
 0002:00000528 00000008H .CRT$XCA                DATA
 0002:00000530 00000008H .CRT$XCAA               DATA
 0002:00000538 00000008H .CRT$XCZ                DATA
 0002:00000540 00000008H .CRT$XIA                DATA
 0002:00000548 00000008H .CRT$XIAA               DATA
 0002:00000550 00000008H .CRT$XIY                DATA
 0002:00000558 00000008H .CRT$XIZ                DATA
 0002:00000560 00011678H .rdata                  DATA
 0002:00011bd8 00000042H .rdata$debug            DATA
 0002:00011c20 00000008H .rtc$IAA                DATA
 0002:00011c28 00000008H .rtc$IZZ                DATA
 0002:00011c30 00000008H .rtc$TAA                DATA
 0002:00011c38 00000008H .rtc$TZZ                DATA
 0002:00011c40 00009edcH .xdata                  DATA
 0002:0001bb1c 00000078H .idata$2                DATA
 0002:0001bb94 00000014H .idata$3                DATA
 0002:0001bba8 00000528H .idata$4                DATA
 0002:0001c0d0 00000842H .idata$6                DATA
 0002:0001c912 00000000H .edata                  DATA
 0003:00000000 00015498H .data                   DATA
 0003:000154a0 0fdd3320H .bss                    DATA
 0004:00000000 0000663cH .pdata                  DATA
 0005:00000000 00000250H .rsrc$01                DATA
 0005:00000250 000102f8H .rsrc$02                DATA

  Address         Publics by Value              Rva+Base               Lib:Object

 0000:00000000       ___safe_se_handler_count   0000000000000000     <absolute>
 0000:00000000       ___safe_se_handler_table   0000000000000000     <absolute>
 0000:00000000       __ImageBase                0000000140000000     <linker-defined>
 0001:00000000       ?IncDrawVerts@@YAXXZ       0000000140001000 f   bspfile_abstract.obj
 0001:000000d0       ?SetDrawVerts@@YAXH@Z      00000001400010d0 f   bspfile_abstract.obj
 0001:00000190       ?SetDrawSurfaces@@YAXH@Z   0000000140001190 f   bspfile_abstract.obj
 0001:00000250       ?SwapBSPFile@@YAXXZ        0000000140001250 f   bspfile_abstract.obj
 0001:00000400       ?WriteBSPFile@@YAXPEBD@Z   0000000140001400 f   bspfile_abstract.obj
 0001:000004a0       ?PrintBSPFileSizes@@YAXXZ  00000001400014a0 f   bspfile_abstract.obj
 0001:00000740       ?ParseEPair@@YAPEAUepair_s@@XZ 0000000140001740 f   bspfile_abstract.obj
 0001:000008b0       ?ParseEntity@@YA?AW4qboolean@@XZ 00000001400018b0 f   bspfile_abstract.obj
 0001:000009d0       ?ParseEntities@@YAXXZ      00000001400019d0 f   bspfile_abstract.obj
 0001:00000a70       ?UnparseEntities@@YAXW4qboolean@@@Z 0000000140001a70 f   bspfile_abstract.obj
 0001:00000db0       ?SetKeyValue@@YAXPEAUentity_t@@PEBD1@Z 0000000140001db0 f   bspfile_abstract.obj
 0001:00000f00       ?KeyExists@@YA?AW4qboolean@@PEBUentity_t@@PEBD@Z 0000000140001f00 f   bspfile_abstract.obj
 0001:00000f60       ?ValueForKey@@YAPEBDPEBUentity_t@@PEBD@Z 0000000140001f60 f   bspfile_abstract.obj
 0001:00000fd0       ?IntForKey@@YAHPEBUentity_t@@PEBD@Z 0000000140001fd0 f   bspfile_abstract.obj
 0001:00001050       ?FloatForKey@@YAMPEBUentity_t@@PEBD@Z 0000000140002050 f   bspfile_abstract.obj
 0001:000010c0       ?GetVectorForKey@@YAXPEBUentity_t@@PEBDQEAM@Z 00000001400020c0 f   bspfile_abstract.obj
 0001:00001180       ?FindTargetEntity@@YAPEAUentity_t@@PEBD@Z 0000000140002180 f   bspfile_abstract.obj
 0001:00001250       ?GetEntityShadowFlags@@YAXPEBUentity_t@@0PEAD1W4qboolean@@@Z 0000000140002250 f   bspfile_abstract.obj
 0001:000014a0       ?GetEntityLightmapScale@@YAXPEBUentity_t@@PEAMM@Z 00000001400024a0 f   bspfile_abstract.obj
 0001:00001640       ?GetEntityLightmapAxis@@YAXPEBUentity_t@@QEAM1@Z 0000000140002640 f   bspfile_abstract.obj
 0001:00001920       ?GetEntityNormalSmoothing@@YAXPEBUentity_t@@PEAHH@Z 0000000140002920 f   bspfile_abstract.obj
 0001:00001a30       ?GetEntityMinlightAmbientColor@@YAXPEBUentity_t@@QEAM1111W4qboolean@@@Z 0000000140002a30 f   bspfile_abstract.obj
 0001:000032e0       ?LoadIBSPFile@@YAXPEBD@Z   00000001400042e0 f   bspfile_ibsp.obj
 0001:000038b0       ?WriteIBSPFile@@YAXPEBD@Z  00000001400048b0 f   bspfile_ibsp.obj
 0001:000042e0       ?LoadRBSPFile@@YAXPEBD@Z   00000001400052e0 f   bspfile_rbsp.obj
 0001:00004a80       ?WriteRBSPFile@@YAXPEBD@Z  0000000140005a80 f   bspfile_rbsp.obj
 0001:00005240       ?PNGReadData@@YAXPEAUpng_struct_def@@PEAE_K@Z 0000000140006240 f   image.obj
 0001:000055d0       ?WritePNG@@YAXPEBDPEAEHHW4qboolean@@2@Z 00000001400065d0 f   image.obj
 0001:00005980       ?ImageFind@@YAPEAUimage_s@@PEBD@Z 0000000140006980 f   image.obj
 0001:00005a70       ?ImageLoad@@YAPEAUimage_s@@PEBD@Z 0000000140006a70 f   image.obj
 0001:00006300       ?FixAAS@@YAHHPEAPEAD@Z     0000000140007300 f   main.obj
 0001:000065a0       ?AnalyzeBSP@@YAHHPEAPEAD@Z 00000001400075a0 f   main.obj
 0001:00006990       ?BSPInfo@@YAHHPEAPEAD@Z    0000000140007990 f   main.obj
 0001:00006cd0       ?ScaleBSPMain@@YAHHPEAPEAD@Z 0000000140007cd0 f   main.obj
 0001:00007ca0       ?ConvertBSPMain@@YAHHPEAPEAD@Z 0000000140008ca0 f   main.obj
 0001:000080c0       main                       00000001400090c0 f   main.obj
 0001:00008750       ?LerpDrawVert@@YAXPEAUbspDrawVert_t@@00@Z 0000000140009750 f   mesh.obj
 0001:000088a0       ?LerpDrawVertAmount@@YAXPEAUbspDrawVert_t@@0M0@Z 00000001400098a0 f   mesh.obj
 0001:00008a80       ?CopyMesh@@YAPEAUmesh_t@@PEAU1@@Z 0000000140009a80 f   mesh.obj
 0001:00008b00       ?TransposeMesh@@YAPEAUmesh_t@@PEAU1@@Z 0000000140009b00 f   mesh.obj
 0001:00008c00       ?InvertMesh@@YAXPEAUmesh_t@@@Z 0000000140009c00 f   mesh.obj
 0001:00008d40       ?MakeMeshNormals@@YAXUmesh_t@@@Z 0000000140009d40 f   mesh.obj
 0001:000092d0       ?PutMeshOnCurve@@YAXUmesh_t@@@Z 000000014000a2d0 f   mesh.obj
 0001:00009620       ?SubdivideMesh@@YAPEAUmesh_t@@U1@MM@Z 000000014000a620 f   mesh.obj
 0001:0000a350       ?IterationsForCurve@@YAHMH@Z 000000014000b350 f   mesh.obj
 0001:0000a3d0       ?SubdivideMesh2@@YAPEAUmesh_t@@U1@H@Z 000000014000b3d0 f   mesh.obj
 0001:0000acc0       ?RemoveLinearMeshColumnsRows@@YAPEAUmesh_t@@PEAU1@@Z 000000014000bcc0 f   mesh.obj
 0001:0000b2b0       ?PicoPrintFunc@@YAXHPEBD@Z 000000014000c2b0 f   model.obj
 0001:0000b330       ?PicoLoadFileFunc@@YAXPEADPEAPEAEPEAH@Z 000000014000c330 f   model.obj
 0001:0000b350       ?FindModel@@YAPEAUpicoModel_s@@PEBDH@Z 000000014000c350 f   model.obj
 0001:0000b420       ?LoadModel@@YAPEAUpicoModel_s@@PEBDH@Z 000000014000c420 f   model.obj
 0001:0000b530       ?InsertModel@@YAXPEADHHQEAMMPEAUremap_s@@PEAUshaderInfo_s@@HHDDHM11111MHHW4qboolean@@M4PEAH555@Z 000000014000c530 f   model.obj
 0001:0000c8c0       ?LoadTriangleModels@@YAXXZ 000000014000d8c0 f   model.obj
 0001:0000cc30       ?AddTriangleModels@@YAXH@Z 000000014000dc30 f   model.obj
 0001:0000de10       ?TidyShaders@@YAXXZ        000000014000ee10 f   optimize.obj
 0001:0000e570       ?MergeDrawSurfaces@@YAXXZ  000000014000f570 f   optimize.obj
 0001:0000f280       ?MergeDrawVerts@@YAXXZ     0000000140010280 f   optimize.obj
 0001:0000fcd0       ?WriteResourceOBJFile@@YAXPEBD@Z 0000000140010cd0 f   optimize.obj
 0001:000105b0       ?OptimizeBSPMain@@YAHHPEAPEAD@Z 00000001400115b0 f   optimize.obj
 0001:00010cb0       ?AllocateEntity@@YAPEAUentity_t@@PEAU1@@Z 0000000140011cb0 f   patchbsp.obj
 0001:00010d30       ?FindMapEntityByUniqueKey@@YAPEAUentity_t@@PEBD@Z 0000000140011d30 f   patchbsp.obj
 0001:00010e40       ?PatchEntities@@YAXXZ      0000000140011e40 f   patchbsp.obj
 0001:000113c0       ?PatchBSPMain@@YAHHPEAPEAD@Z 00000001400123c0 f   patchbsp.obj
 0001:000119f0       ?GetGame@@YAPEAUgame_s@@PEAD@Z 00000001400129f0 f   path_init.obj
 0001:00011b40       ?AddBasePath@@YAXPEAD@Z    0000000140012b40 f   path_init.obj
 0001:00011be0       ?AddGamePath@@YAXPEAD@Z    0000000140012be0 f   path_init.obj
 0001:00011c80       ?InitPaths@@YAXPEAHPEAPEAD@Z 0000000140012c80 f   path_init.obj
 0001:00012150       ?GetGamePath@@YA?AW4qboolean@@PEAD0@Z 0000000140013150 f   path_init.obj
 0001:000123e0       ?ColorModBuildRandomMatrix@@YAXXZ 00000001400133e0 f   shaders.obj
 0001:00012490       ?ColorModRandom@@YAMQEAMM@Z 0000000140013490 f   shaders.obj
 0001:00012760       ?ColorMod@@YAXPEAUentity_t@@PEAUmapDrawSurface_s@@PEAUcolorMod_s@@PEAUbrush_s@@HH@Z 0000000140013760 f   shaders.obj
 0001:00013120       ?TCModMultiply@@YAXQEAY02M00@Z 0000000140014120 f   shaders.obj
 0001:000132a0       ?TCModRotate@@YAXQEAY02MM@Z 00000001400142a0 f   shaders.obj
 0001:00013390       ?ApplySurfaceParm@@YA?AW4qboolean@@PEADPEAH11@Z 0000000140014390 f   shaders.obj
 0001:000134e0       ?BeginMapShaderFile@@YAXPEBD@Z 00000001400144e0 f   shaders.obj
 0001:00013650       ?WriteMapShaderFile@@YAXXZ 0000000140014650 f   shaders.obj
 0001:000137d0       ?CustomShader@@YAPEAUshaderInfo_s@@PEAU1@PEAD1@Z 00000001400147d0 f   shaders.obj
 0001:00013eb0       ?FinishShader@@YAXPEAUshaderInfo_s@@@Z 0000000140014eb0 f   shaders.obj
 0001:00014600       ?ShaderInfoForShader@@YAPEAUshaderInfo_s@@PEBD@Z 0000000140015600 f   shaders.obj
 0001:00014800       ?GetTokenAppend@@YA?AW4qboolean@@PEADW41@@Z 0000000140015800 f   shaders.obj
 0001:00014900       ?Parse1DMatrixAppend@@YAXPEADHPEAM@Z 0000000140015900 f   shaders.obj
 0001:000149f0       ?AllocateColorMod@@YAPEAUcolorMod_s@@PEAUshaderInfo_s@@W4colorModType_t@@@Z 00000001400159f0 f   shaders.obj
 0001:00017720       ?LoadShaderInfo@@YAXXZ     0000000140018720 f   shaders.obj
 0001:00017960       ?AllocSideRef@@YAPEAUsideRef_s@@PEAUside_s@@PEAU1@@Z 0000000140018960 f   brush.obj
 0001:000179b0       ?AllocBrush@@YAPEAUbrush_s@@H@Z 00000001400189b0 f   brush.obj
 0001:00017a30       ?FreeBrush@@YAXPEAUbrush_s@@@Z 0000000140018a30 f   brush.obj
 0001:00017b20       ?CopyBrush@@YAPEAUbrush_s@@PEAU1@@Z 0000000140018b20 f   brush.obj
 0001:00017bf0       ?BoundBrush@@YA?AW4qboolean@@PEAUbrush_s@@@Z 0000000140018bf0 f   brush.obj
 0001:00017ce0       ?CreateBrushWindings@@YA?AW4qboolean@@PEAUbrush_s@@@Z 0000000140018ce0 f   brush.obj
 0001:00017e70       ?BrushVolume@@YAMPEAUbrush_s@@@Z 0000000140018e70 f   brush.obj
 0001:00017fa0       ?WriteBSPBrushMap@@YAXPEADPEAUbrush_s@@@Z 0000000140018fa0 f   brush.obj
 0001:000181b0       ?FilterBrushIntoTree_r@@YAHPEAUbrush_s@@PEAUnode_s@@@Z 00000001400191b0 f   brush.obj
 0001:00018280       ?FilterDetailBrushesIntoTree@@YAXPEAUentity_t@@PEAUtree_t@@@Z 0000000140019280 f   brush.obj
 0001:00018350       ?FilterStructuralBrushesIntoTree@@YAXPEAUentity_t@@PEAUtree_t@@W4qboolean@@@Z 0000000140019350 f   brush.obj
 0001:00018450       ?WindingIsTiny@@YA?AW4qboolean@@PEAUwinding_t@@@Z 0000000140019450 f   brush.obj
 0001:00018530       ?BrushMostlyOnSide@@YAHPEAUbrush_s@@PEAUplane_s@@@Z 0000000140019530 f   brush.obj
 0001:000187b0       ?SplitBrush@@YAXPEAUbrush_s@@HPEAPEAU1@1@Z 00000001400197b0 f   brush.obj
 0001:00018f60       ?ComputeAxisBase@@YAXQEAM00@Z 0000000140019f60 f   brush_primit.obj
 0001:000190c0       ?SetCloneModelNumbers@@YAXXZ 000000014001a0c0 f   bsp.obj
 0001:00019950       ?ProcessWorldModel@@YAXXZ  000000014001a950 f   bsp.obj
 0001:0001a880       ?ProcessSubModel@@YAXXZ    000000014001b880 f   bsp.obj
 0001:0001ab20       ?ProcessModels@@YAXXZ      000000014001bb20 f   bsp.obj
 0001:0001ad50       ?RegionScissor@@YAXXZ      000000014001bd50 f   bsp.obj
 0001:0001bcf0       ?BSPMain@@YAHHPEAPEAD@Z    000000014001ccf0 f   bsp.obj
 0001:0001dd10       ?ProcessDecals@@YAXXZ      000000014001ed10 f   decals.obj
 0001:0001f2a0       ?MakeEntityDecals@@YAXPEAUentity_t@@@Z 00000001400202a0 f   decals.obj
 0001:0001f650       ?FreeNode@@YAXPEAUdnode_s@@@Z 0000000140020650 f   decorations.obj
 0001:0001f6c0       ?FreeNodesArray@@YAXPEAUdnode_s@@H@Z 00000001400206c0 f   decorations.obj
 0001:0001f7c0       ?EntityArrayAdd@@YAXPEAUdgroupents_s@@PEAUentity_t@@@Z 00000001400207c0 f   decorations.obj
 0001:0001f880       ?NewDecoreGroup@@YAPEAUdgroup_s@@PEADW4decoreMatchParm_t@@@Z 0000000140020880 f   decorations.obj
 0001:0001f9f0       ?PopulateDecoreGroup@@YA?AW4qboolean@@PEAUentity_t@@W4decoreMatchParm_t@@PEAD@Z 00000001400209f0 f   decorations.obj
 0001:0001fbe0       ?DecoreParseActions@@YAXPEAUdactions_s@@@Z 0000000140020be0 f   decorations.obj
 0001:00020220       ?EntityPopulateDecorationGroups@@YAXH@Z 0000000140021220 f   decorations.obj
 0001:00020290       ?LoadDecorationScript@@YAXXZ 0000000140021290 f   decorations.obj
 0001:00020a70       ?EntityProcessActions@@YAXPEAUentity_t@@PEAUdactions_s@@@Z 0000000140021a70 f   decorations.obj
 0001:00020c40       ?CreateEntity@@YAPEAUentity_t@@PEAD@Z 0000000140021c40 f   decorations.obj
 0001:00020cf0       ?LoadFoliage@@YAXPEAD@Z    0000000140021cf0 f   decorations.obj
 0001:00020f50       ?LoadRtlights@@YAXXZ       0000000140021f50 f   decorations.obj
 0001:000218c0       ?ProcessDecorationGroup@@YAXH@Z 00000001400228c0 f   decorations.obj
 0001:000221e0       ?ProcessDecorations@@YAXXZ 00000001400231e0 f   decorations.obj
 0001:00022660       ?BuildFaceTree_r@@YAXPEAUnode_s@@PEAUface_s@@@Z 0000000140023660 f   facebsp.obj
 0001:00022a30       ?FaceBSP@@YAPEAUtree_t@@PEAUface_s@@W4qboolean@@@Z 0000000140023a30 f   facebsp.obj
 0001:00022be0       ?MakeStructuralBSPFaceList@@YAPEAUface_s@@PEAUbrush_s@@@Z 0000000140023be0 f   facebsp.obj
 0001:00022d50       ?MakeVisibleBSPFaceList@@YAPEAUface_s@@PEAUbrush_s@@@Z 0000000140023d50 f   facebsp.obj
 0001:00022ec0       ?DrawSurfToMesh@@YAPEAUmesh_t@@PEAUmapDrawSurface_s@@@Z 0000000140023ec0 f   fog.obj
 0001:00022f60       ?SplitMeshByPlane@@YAXPEAUmesh_t@@QEAMMPEAPEAU1@2@Z 0000000140023f60 f   fog.obj
 0001:00023700       ?ChopPatchSurfaceByBrush@@YA?AW4qboolean@@PEAUentity_t@@PEAUmapDrawSurface_s@@PEAUbrush_s@@@Z 0000000140024700 f   fog.obj
 0001:00023960       ?WindingFromDrawSurf@@YAPEAUwinding_t@@PEAUmapDrawSurface_s@@@Z 0000000140024960 f   fog.obj
 0001:00023ba0       ?ChopFaceSurfaceByBrush@@YA?AW4qboolean@@PEAUentity_t@@PEAUmapDrawSurface_s@@PEAUbrush_s@@@Z 0000000140024ba0 f   fog.obj
 0001:00023f20       ?FogDrawSurfaces@@YAXPEAUentity_t@@@Z 0000000140024f20 f   fog.obj
 0001:00024130       ?FogForBounds@@YAHQEAM0M@Z 0000000140025130 f   fog.obj
 0001:000242b0       ?CreateMapFogs@@YAXXZ      00000001400252b0 f   fog.obj
 0001:000245f0       ?LeakFile@@YAPEAU_xmlNode@@PEAUtree_t@@@Z 00000001400255f0 f   leakfile.obj
 0001:00024a70       ?CreateNewFloatPlane@@YAHQEAMM@Z 0000000140025a70 f   map.obj
 0001:00024c70       ?SnapNormal@@YAXQEAM@Z     0000000140025c70 f   map.obj
 0001:00024d10       ?FindFloatPlane@@YAHQEAMMHPEAY02M@Z 0000000140025d10 f   map.obj
 0001:00025060       ?MapPlaneFromPoints@@YAHPEAY02M@Z 0000000140026060 f   map.obj
 0001:000251c0       ?SetBrushContents@@YAXPEAUbrush_s@@@Z 00000001400261c0 f   map.obj
 0001:00025310       ?AddBrushBevels@@YAXXZ     0000000140026310 f   map.obj
 0001:00025eb0       ?FinishBrush@@YAPEAUbrush_s@@XZ 0000000140026eb0 f   map.obj
 0001:00026150       ?TextureAxisFromPlane@@YAXPEAUplane_s@@QEAM1@Z 0000000140027150 f   map.obj
 0001:00026320       ?QuakeTextureVecs@@YAXPEAUplane_s@@QEAMM1QEAY03M@Z 0000000140027320 f   map.obj
 0001:00026af0       ?RemoveDuplicateBrushPlanes@@YA?AW4qboolean@@PEAUbrush_s@@@Z 0000000140027af0 f   map.obj
 0001:00026e10       ?MoveBrushesToWorld@@YAXPEAUentity_t@@@Z 0000000140027e10 f   map.obj
 0001:00026f40       ?AdjustBrushesForOrigin@@YAXPEAUentity_t@@@Z 0000000140027f40 f   map.obj
 0001:00027090       ?SetEntityBounds@@YAXPEAUentity_t@@@Z 0000000140028090 f   map.obj
 0001:00027420       ?LoadEntityIndexMap@@YAXPEAUentity_t@@@Z 0000000140028420 f   map.obj
 0001:00028340       ?LoadMapFile@@YAXPEADW4qboolean@@111@Z 0000000140029340 f   map.obj
 0001:000287e0       ?CheckMapForErrors@@YAHXZ  00000001400297e0 f   map.obj
 0001:000297f0       ?ParsePatch@@YAXW4qboolean@@@Z 000000014002a7f0 f   patch.obj
 0001:0002a010       ?PatchMapDrawSurfs@@YAXPEAUentity_t@@@Z 000000014002b010 f   patch.obj
 0001:0002a5e0       ?MakeHeadnodePortals@@YAXPEAUtree_t@@@Z 000000014002b5e0 f   portals.obj
 0001:0002a8e0       ?BaseWindingForNode@@YAPEAUwinding_t@@PEAUnode_s@@@Z 000000014002b8e0 f   portals.obj
 0001:0002a9f0       ?MakeNodePortal@@YAXPEAUnode_s@@@Z 000000014002b9f0 f   portals.obj
 0001:0002ac30       ?SplitNodePortals@@YAXPEAUnode_s@@@Z 000000014002bc30 f   portals.obj
 0001:0002b3a0       ?CalcNodeBounds@@YAXPEAUnode_s@@@Z 000000014002c3a0 f   portals.obj
 0001:0002b430       ?MakeTreePortals_r@@YAXPEAUnode_s@@@Z 000000014002c430 f   portals.obj
 0001:0002b520       ?FloodPortals_r@@YAXPEAUnode_s@@HW4qboolean@@@Z 000000014002c520 f   portals.obj
 0001:0002b5c0       ?PlaceOccupantTest@@YA?AW4qboolean@@PEAUtree_t@@PEAUnode_s@@QEAM@Z 000000014002c5c0 f   portals.obj
 0001:0002b660       ?FloodEntities@@YA?AW4qboolean@@PEAUtree_t@@W41@@Z 000000014002c660 f   portals.obj
 0001:0002c0f0       ?FloodAreas_r@@YAXPEAUnode_s@@@Z 000000014002d0f0 f   portals.obj
 0001:0002c240       ?FindAreas_r@@YAXPEAUnode_s@@@Z 000000014002d240 f   portals.obj
 0001:0002c290       ?FloodSkyboxArea_r@@YAXPEAUnode_s@@@Z 000000014002d290 f   portals.obj
 0001:0002c2e0       ?FloodAreas@@YAXPEAUtree_t@@@Z 000000014002d2e0 f   portals.obj
 0001:0002c390       ?FillOutside_r@@YAXPEAUnode_s@@@Z 000000014002d390 f   portals.obj
 0001:0002c3f0       ?FillOutside@@YAXPEAUnode_s@@@Z 000000014002d3f0 f   portals.obj
 0001:0002c470       ?WriteFloat@@YAXPEAU_iobuf@@M@Z 000000014002d470 f   prtfile.obj
 0001:0002c500       ?WritePortalFile_r@@YAXPEAUnode_s@@@Z 000000014002d500 f   prtfile.obj
 0001:0002c820       ?WriteFaceFile_r@@YAXPEAUnode_s@@@Z 000000014002d820 f   prtfile.obj
 0001:0002ca60       ?NumberLeafs_r@@YAXPEAUnode_s@@@Z 000000014002da60 f   prtfile.obj
 0001:0002cb90       ?NumberClusters@@YAXPEAUtree_t@@@Z 000000014002db90 f   prtfile.obj
 0001:0002cc10       ?WritePortalFile@@YAXPEAUtree_t@@@Z 000000014002dc10 f   prtfile.obj
 0001:0002cd10       ?AllocDrawSurface@@YAPEAUmapDrawSurface_s@@W4surfaceType_t@@@Z 000000014002dd10 f   surface.obj
 0001:0002cde0       ?FinishSurface@@YAXPEAUmapDrawSurface_s@@@Z 000000014002dde0 f   surface.obj
 0001:0002cea0       ?CloneSurface@@YAPEAUmapDrawSurface_s@@PEAU1@PEAUshaderInfo_s@@@Z 000000014002dea0 f   surface.obj
 0001:0002cfa0       ?MakeSkyboxSurface@@YAPEAUmapDrawSurface_s@@PEAU1@@Z 000000014002dfa0 f   surface.obj
 0001:0002d020       ?IsTriangleDegenerate@@YA?AW4qboolean@@PEAUbspDrawVert_t@@HHH@Z 000000014002e020 f   surface.obj
 0001:0002d110       ?ClearSurface@@YAXPEAUmapDrawSurface_s@@@Z 000000014002e110 f   surface.obj
 0001:0002d170       ?TidyEntitySurfaces@@YAXPEAUentity_t@@@Z 000000014002e170 f   surface.obj
 0001:0002d2f0       ?CalcSurfaceTextureRange@@YA?AW4qboolean@@PEAUmapDrawSurface_s@@@Z 000000014002e2f0 f   surface.obj
 0001:0002d550       ?CalcLightmapAxis@@YA?AW4qboolean@@QEAM0@Z 000000014002e550 f   surface.obj
 0001:0002d660       ?ClassifySurfaces@@YAXHPEAUmapDrawSurface_s@@@Z 000000014002e660 f   surface.obj
 0001:0002db30       ?ClassifyEntitySurfaces@@YAXPEAUentity_t@@@Z 000000014002eb30 f   surface.obj
 0001:0002dbb0       ?GetShaderIndexForPoint@@YAEPEAUindexMap_s@@QEAM11@Z 000000014002ebb0 f   surface.obj
 0001:0002dca0       ?GetIndexedShader@@YAPEAUshaderInfo_s@@PEAU1@PEAUindexMap_s@@HPEAE@Z 000000014002eca0 f   surface.obj
 0001:0002df00       ?DrawSurfaceForSide@@YAPEAUmapDrawSurface_s@@PEAUentity_t@@PEAUbrush_s@@PEAUside_s@@PEAUwinding_t@@PEAY02MPEAHH@Z 000000014002ef00 f   surface.obj
 0001:0002e9c0       ?DrawSurfaceForMesh@@YAPEAUmapDrawSurface_s@@PEAUentity_t@@PEAUparseMesh_s@@PEAUmesh_t@@@Z 000000014002f9c0 f   surface.obj
 0001:0002f530       ?DrawSurfaceForFlare@@YAPEAUmapDrawSurface_s@@HQEAM00PEADH@Z 0000000140030530 f   surface.obj
 0001:0002fa80       ?SubdivideFaceSurfaces@@YAXPEAUentity_t@@PEAUtree_t@@@Z 0000000140030a80 f   surface.obj
 0001:0002fde0       ?ClipSideIntoTree_r@@YAXPEAUwinding_t@@PEAUside_s@@PEAUnode_s@@@Z 0000000140030de0 f   surface.obj
 0001:0002fef0       ?SideInBrush@@YA?AW4qboolean@@PEAUside_s@@PEAUbrush_s@@@Z 0000000140030ef0 f   surface.obj
 0001:0002ffe0       ?CullSides@@YAXPEAUentity_t@@@Z 0000000140030fe0 f   surface.obj
 0001:00030440       ?ClipSidesIntoTree@@YAXPEAUentity_t@@PEAUtree_t@@W4qboolean@@@Z 0000000140031440 f   surface.obj
 0001:000306b0       ?AddReferenceToLeaf@@YAHPEAUmapDrawSurface_s@@PEAUnode_s@@@Z 00000001400316b0 f   surface.obj
 0001:00030760       ?AddReferenceToTree_r@@YAHPEAUmapDrawSurface_s@@PEAUnode_s@@W4qboolean@@@Z 0000000140031760 f   surface.obj
 0001:00030830       ?FilterPointIntoTree_r@@YAHQEAMPEAUmapDrawSurface_s@@PEAUnode_s@@@Z 0000000140031830 f   surface.obj
 0001:00030910       ?FilterWindingIntoTree_r@@YAHPEAUwinding_t@@PEAUmapDrawSurface_s@@PEAUnode_s@@@Z 0000000140031910 f   surface.obj
 0001:00031720       ?EmitDrawVerts@@YAXPEAUmapDrawSurface_s@@PEAUbspDrawSurface_t@@H@Z 0000000140032720 f   surface.obj
 0001:000318f0       ?FindDrawIndexes@@YAHHPEAH@Z 00000001400328f0 f   surface.obj
 0001:00031a50       ?EmitDrawIndexes@@YAXPEAUmapDrawSurface_s@@PEAUbspDrawSurface_t@@@Z 0000000140032a50 f   surface.obj
 0001:00031c80       ?EmitFlareSurface@@YAXPEAUmapDrawSurface_s@@@Z 0000000140032c80 f   surface.obj
 0001:00031db0       ?EmitPatchSurface@@YAXPEAUentity_t@@PEAUmapDrawSurface_s@@@Z 0000000140032db0 f   surface.obj
 0001:000330e0       ?MakeFogHullSurfs@@YAXPEAUentity_t@@PEAUtree_t@@PEAD@Z 00000001400340e0 f   surface.obj
 0001:000334c0       ?AddSurfaceModelsToTriangle_r@@YAHPEAUmapDrawSurface_s@@PEAUsurfaceModel_s@@PEAPEAUbspDrawVert_t@@@Z 00000001400344c0 f   surface.obj
 0001:00033b20       ?AddSurfaceModels@@YAHPEAUmapDrawSurface_s@@@Z 0000000140034b20 f   surface.obj
 0001:00034550       ?FixDrawsurfVertexAlpha@@YAXH@Z 0000000140035550 f   surface.obj
 0001:000350e0       ?FixVertexAlpha@@YAXPEAUentity_t@@W4qboolean@@@Z 00000001400360e0 f   surface.obj
 0001:00035360       ?ApplyVertexMods@@YAXPEAUentity_t@@W4qboolean@@@Z 0000000140036360 f   surface.obj
 0001:000355a0       ?FilterDrawsurfsIntoTree@@YAXPEAUentity_t@@PEAUtree_t@@W4qboolean@@@Z 00000001400365a0 f   surface.obj
 0001:00035b70       ?EmitDrawsurfsSimpleStats@@YAXXZ 0000000140036b70 f   surface.obj
 0001:00035ce0       ?SetSurfaceExtra@@YAXPEAUmapDrawSurface_s@@H@Z 0000000140036ce0 f   surface_extra.obj
 0001:00035e30       ?WriteSurfaceExtraFile@@YAXPEBD@Z 0000000140036e30 f   surface_extra.obj
 0001:00036330       ?LoadSurfaceExtraFile@@YAXPEBD@Z 0000000140037330 f   surface_extra.obj
 0001:00036d60       ?Foliage@@YAXPEAUmapDrawSurface_s@@@Z 0000000140037d60 f   surface_foliage.obj
 0001:000373a0       ?Fur@@YAXPEAUmapDrawSurface_s@@@Z 00000001400383a0 f   surface_fur.obj
 0001:00037740       ?FindMetaTriangle@@YAHPEAUmetaTriangle_s@@PEAUbspDrawVert_t@@11H@Z 0000000140038740 f   surface_meta.obj
 0001:00037eb0       ?TriangulatePatchSurface@@YAXPEAUentity_t@@PEAUmapDrawSurface_s@@@Z 0000000140038eb0 f   surface_meta.obj
 0001:000383d0       ?FanFaceSurface@@YAXPEAUmapDrawSurface_s@@@Z 00000001400393d0 f   surface_meta.obj
 0001:00038720       ?StripFaceSurface@@YAXPEAUmapDrawSurface_s@@W4qboolean@@@Z 0000000140039720 f   surface_meta.obj
 0001:00038a30       ?EmitMetaStats@@YAXXZ      0000000140039a30 f   surface_meta.obj
 0001:00038ae0       ?MakeEntityMetaTriangles@@YAXPEAUentity_t@@@Z 0000000140039ae0 f   surface_meta.obj
 0001:00038d30       ?MetaTriangleFindAreaWeight@@YAXH@Z 0000000140039d30 f   surface_meta.obj
 0001:00039290       ?SmoothMetaTriangles@@YAXXZ 000000014003a290 f   surface_meta.obj
 0001:00039dc0       ?AddMetaVertToSurface@@YAHPEAUmapDrawSurface_s@@PEAUbspDrawVert_t@@PEAH@Z 000000014003adc0 f   surface_meta.obj
 0001:0003b250       ?GroupMetaTriangles@@YAXXZ 000000014003c250 f   surface_meta.obj
 0001:0003ba60       ?MergeMetaTrianglesThread@@YAXH@Z 000000014003ca60 f   surface_meta.obj
 0001:0003bb70       ?MergeMetaTriangles@@YAXXZ 000000014003cb70 f   surface_meta.obj
 0001:0003be10       ?InsertPointOnEdge@@YAXQEAMPEAUedgeLine_s@@@Z 000000014003ce10 f   tjunction.obj
 0001:0003bf40       ?AddEdge@@YAHQEAM0W4qboolean@@@Z 000000014003cf40 f   tjunction.obj
 0001:0003c400       ?AddSurfaceEdges@@YAXPEAUmapDrawSurface_s@@@Z 000000014003d400 f   tjunction.obj
 0001:0003c490       ?ColinearEdge@@YA?AW4qboolean@@QEAM00@Z 000000014003d490 f   tjunction.obj
 0001:0003c5b0       ?AddPatchEdges@@YAXPEAUmapDrawSurface_s@@@Z 000000014003d5b0 f   tjunction.obj
 0001:0003c780       ?FixSurfaceJunctions@@YAXPEAUmapDrawSurface_s@@@Z 000000014003d780 f   tjunction.obj
 0001:0003cd00       ?FixBrokenSurface@@YA?AW4qboolean@@PEAUmapDrawSurface_s@@@Z 000000014003dd00 f   tjunction.obj
 0001:0003d0c0       ?EdgeCompare@@YAHPEBX0@Z   000000014003e0c0 f   tjunction.obj
 0001:0003d0d0       ?FixTJunctions@@YAXPEAUentity_t@@@Z 000000014003e0d0 f   tjunction.obj
 0001:0003d3a0       ?FreeTreePortals_r@@YAXPEAUnode_s@@@Z 000000014003e3a0 f   tree.obj
 0001:0003d530       ?FreeTree_r@@YAXPEAUnode_s@@@Z 000000014003e530 f   tree.obj
 0001:0003d590       ?FreeTree@@YAXPEAUtree_t@@@Z 000000014003e590 f   tree.obj
 0001:0003d610       ?EmitShader@@YAHPEBDPEAH1@Z 000000014003e610 f   writebsp.obj
 0001:0003d780       ?EmitPlanes@@YAXXZ         000000014003e780 f   writebsp.obj
 0001:0003d8d0       ?EmitLeaf@@YAXPEAUnode_s@@@Z 000000014003e8d0 f   writebsp.obj
 0001:0003da40       ?EmitDrawNode_r@@YAHPEAUnode_s@@@Z 000000014003ea40 f   writebsp.obj
 0001:0003db70       ?SetModelNumbers@@YAXXZ    000000014003eb70 f   writebsp.obj
 0001:0003dc10       ?SetLightStyles@@YAXXZ     000000014003ec10 f   writebsp.obj
 0001:0003df60       ?EndBSPFile@@YAXXZ         000000014003ef60 f   writebsp.obj
 0001:0003e060       ?EmitBrushes@@YAXPEAUbrush_s@@PEAH1@Z 000000014003f060 f   writebsp.obj
 0001:0003e360       ?EmitFogs@@YAXXZ           000000014003f360 f   writebsp.obj
 0001:0003e480       ?BeginModel@@YAXXZ         000000014003f480 f   writebsp.obj
 0001:0003e830       ?EndModel@@YAXPEAUentity_t@@PEAUnode_s@@@Z 000000014003f830 f   writebsp.obj
 0001:0003ee30       ?CreateEntityLights@@YAXXZ 000000014003fe30 f   light.obj
 0001:0003fd60       ?CreateSurfaceLights@@YAXXZ 0000000140040d60 f   light.obj
 0001:000400f0       ?SetEntityOrigins@@YAXXZ   00000001400410f0 f   light.obj
 0001:00040370       ?PointToPolygonFormFactor@@YAMQEBM0PEBUwinding_t@@@Z 0000000140041370 f   light.obj
 0001:00040630       ?LightContribution@@YAHPEAUtrace_t@@HW4qboolean@@@Z 0000000140041630 f   light.obj
 0001:00040dd0       ?LightContributionAllStyles@@YAXPEAUtrace_t@@QEAEQEAY02MHW4qboolean@@@Z 0000000140041dd0 f   light.obj
 0001:00041010       ?LightContributionSuper@@YAHPEAUtrace_t@@HW4qboolean@@HQEBM22QEAM@Z 0000000140042010 f   light.obj
 0001:000416e0       ?IlluminateGridPoint@@YAXPEAUtrace_t@@HPEAPEAUrawLightmap_s@@H@Z 00000001400426e0 f   light.obj
 0001:00043020       ?IlluminateGridBlock@@YAXH@Z 0000000140044020 f   light.obj
 0001:00043960       ?FloodGridPoint@@YAXH@Z    0000000140044960 f   light.obj
 0001:00043c80       ?FinishIlluminateGrid@@YAXXZ 0000000140044c80 f   light.obj
 0001:00043e30       ?IlluminateGrid@@YAXXZ     0000000140044e30 f   light.obj
 0001:00043f00       ?IlluminateGridByLightmap@@YAXXZ 0000000140044f00 f   light.obj
 0001:00043fd0       ?SetupGrid@@YAXXZ          0000000140044fd0 f   light.obj
 0001:00044a80       ?SampleGrid@@YAXQEAM000@Z  0000000140045a80 f   light.obj
 0001:00044f60       ?LightWorld@@YAXPEAD@Z     0000000140045f60 f   light.obj
 0001:00046ac0       ?LightMain@@YAHHPEAPEAD@Z  0000000140047ac0 f   light.obj
 0001:0004a160       ?RadFreeLights@@YAXXZ      000000014004b160 f   light_bounce.obj
 0001:0004a620       ?RadSampleImage@@YA?AW4qboolean@@PEAEHHQEAM1@Z 000000014004b620 f   light_bounce.obj
 0001:0004b800       ?RadLightForTriangles@@YAXHHPEAUrawLightmap_s@@PEAUshaderInfo_s@@MMPEAUclipWork_t@@@Z 000000014004c800 f   light_bounce.obj
 0001:0004b9f0       ?RadLightForPatch@@YAXHHPEAUrawLightmap_s@@PEAUshaderInfo_s@@MMPEAUclipWork_t@@@Z 000000014004c9f0 f   light_bounce.obj
 0001:0004bf60       ?RadLight@@YAXH@Z          000000014004cf60 f   light_bounce.obj
 0001:0004c150       ?RadCreateDiffuseLights@@YAXXZ 000000014004d150 f   light_bounce.obj
 0001:0004ca40       ?ClipTraceWinding@@YAXPEAUtraceWinding_s@@QEAM00@Z 000000014004da40 f   light_trace.obj
 0001:0004ebb0       ?SetupTraceNodes@@YAXXZ    000000014004fbb0 f   light_trace.obj
 0001:0004edd0       ?TraceTriangle@@YA?AW4qboolean@@PEAUtraceInfo_s@@PEAUtraceTriangle_s@@PEAUtrace_t@@@Z 000000014004fdd0 f   light_trace.obj
 0001:0004f8f0       ?TraceLine@@YAXPEAUtrace_t@@@Z 00000001400508f0 f   light_trace.obj
 0001:0004fae0       ?SetupTrace@@YAMPEAUtrace_t@@@Z 0000000140050ae0 f   light_trace.obj
 0001:0004fb60       ?ColorToBytesLinear@@YAXPEBMPEAEMW4qboolean@@@Z 0000000140050b60 f   light_ydnar.obj
 0001:0004fe00       ?ColorToBytesGamma@@YAXPEBMPEAEMW4qboolean@@@Z 0000000140050e00 f   light_ydnar.obj
 0001:00050140       ?ColorToBytesLinearExposure@@YAXPEBMPEAEMW4qboolean@@@Z 0000000140051140 f   light_ydnar.obj
 0001:00050410       ?ColorToBytesGammaExposure@@YAXPEBMPEAEMW4qboolean@@@Z 0000000140051410 f   light_ydnar.obj
 0001:00050790       ?ColorToBytesLinearCompensate@@YAXPEBMPEAEMW4qboolean@@@Z 0000000140051790 f   light_ydnar.obj
 0001:00050a40       ?ColorToBytesGammaCompensate@@YAXPEBMPEAEMW4qboolean@@@Z 0000000140051a40 f   light_ydnar.obj
 0001:00050d90       ?ColorToBytesLinearExposureCompensate@@YAXPEBMPEAEMW4qboolean@@@Z 0000000140051d90 f   light_ydnar.obj
 0001:00051090       ?ColorToBytesGammaExposureCompensate@@YAXPEBMPEAEMW4qboolean@@@Z 0000000140052090 f   light_ydnar.obj
 0001:00051420       ?SmoothNormals@@YAXXZ      0000000140052420 f   light_ydnar.obj
 0001:00053c60       ?MapRawLightmap@@YAXH@Z    0000000140054c60 f   light_ydnar.obj
 0001:00054a10       ?DirtModeName@@YAPEADPEAW4dirtMode_t@@@Z 0000000140055a10 f   light_ydnar.obj
 0001:00054a80       ?EnableDirtForEntity@@YAXH@Z 0000000140055a80 f   light_ydnar.obj
 0001:00054b20       ?SetupDirtForEntity@@YAXH@Z 0000000140055b20 f   light_ydnar.obj
 0001:00055320       ?SetupDirt@@YAXXZ          0000000140056320 f   light_ydnar.obj
 0001:00055640       ?DirtForSample@@YAMPEAUtrace_t@@@Z 0000000140056640 f   light_ydnar.obj
 0001:00056050       ?DirtyRawLightmap@@YAXH@Z  0000000140057050 f   light_ydnar.obj
 0001:000565b0       ?ApplyDirt@@YAXPEAM000HMM@Z 00000001400575b0 f   light_ydnar.obj
 0001:000570e0       ?LightGridRawLightmap@@YAXH@Z 00000001400580e0 f   light_ydnar.obj
 0001:00057570       ?IlluminateRawLightmap@@YAXH@Z 0000000140058570 f   light_ydnar.obj
 0001:00058f00       ?FilterRawLightmap@@YAXH@Z 0000000140059f00 f   light_ydnar.obj
 0001:00059780       ?WriteRawLightmapsFile@@YAXPEBD@Z 000000014005a780 f   light_ydnar.obj
 0001:0005a400       ?IlluminateVertexes@@YAXH@Z 000000014005b400 f   light_ydnar.obj
 0001:0005b720       ?SetupBrushes@@YAXXZ       000000014005c720 f   light_ydnar.obj
 0001:0005b8f0       ?ClusterVisible@@YA?AW4qboolean@@HH@Z 000000014005c8f0 f   light_ydnar.obj
 0001:0005b980       ?PointInLeafNum_r@@YAHQEAMH@Z 000000014005c980 f   light_ydnar.obj
 0001:0005ba90       ?ClusterForPointExt@@YAHQEAMM@Z 000000014005ca90 f   light_ydnar.obj
 0001:0005bdc0       ?ClusterForPointExtFilter@@YAHQEAMMHPEAH@Z 000000014005cdc0 f   light_ydnar.obj
 0001:0005be30       ?SetupEnvelopes@@YAXW4qboolean@@0@Z 000000014005ce30 f   light_ydnar.obj
 0001:0005c8a0       ?CreateTraceLightsForBounds@@YAXW4qboolean@@QEAM11HPEAHHPEAUtrace_t@@@Z 000000014005d8a0 f   light_ydnar.obj
 0001:0005cc30       ?CreateTraceLightsForSurface@@YAXHPEAUtrace_t@@@Z 000000014005dc30 f   light_ydnar.obj
 0001:0005cd50       ?SetupFloodLight@@YAXXZ    000000014005dd50 f   light_ydnar.obj
 0001:0005d070       ?WriteTGA24@@YAXPEADPEAEHHW4qboolean@@@Z 000000014005e070 f   lightmaps_ydnar.obj
 0001:0005d1f0       ?ExportLightmaps@@YAXXZ    000000014005e1f0 f   lightmaps_ydnar.obj
 0001:0005d390       ?ExportLightmapsMain@@YAHHPEAPEAD@Z 000000014005e390 f   lightmaps_ydnar.obj
 0001:0005d4d0       ?ImportLightmapsMain@@YAHHPEAPEAD@Z 000000014005e4d0 f   lightmaps_ydnar.obj
 0001:0005da20       ?FinishRawLightmap@@YAXH@Z 000000014005ea20 f   lightmaps_ydnar.obj
 0001:0005e110       ?AddPatchToRawLightmap@@YA?AW4qboolean@@HPEAUrawLightmap_s@@@Z 000000014005f110 f   lightmaps_ydnar.obj
 0001:0005e6c0       ?AddSurfaceToRawLightmap@@YA?AW4qboolean@@HPEAUrawLightmap_s@@@Z 000000014005f6c0 f   lightmaps_ydnar.obj
 0001:0005f3d0       ?SetupSurfaceLightmaps@@YAXXZ 00000001400603d0 f   lightmaps_ydnar.obj
 0001:00060310       ?AllocateSurfaceLightmaps@@YAXXZ 0000000140061310 f   lightmaps_ydnar.obj
 0001:00060510       ?AddStitchLuxels@@YAXHHHHPEAH0H@Z 0000000140061510 f   lightmaps_ydnar.obj
 0001:00060760       ?StitchRawLightmap@@YAXH@Z 0000000140061760 f   lightmaps_ydnar.obj
 0001:00061150       ?StitchLuxelsCompare@@YAHPEBX0@Z 0000000140062150 f   lightmaps_ydnar.obj
 0001:000611a0       ?StitchRawLightmaps@@YAXXZ 00000001400621a0 f   lightmaps_ydnar.obj
 0001:000635b0       ?SubsamplePixelForFloodLightmapBorders_r@@YAHPEAUoutLightmap_s@@HHHQEAM1@Z 00000001400645b0 f   lightmaps_ydnar.obj
 0001:00064130       ?FloodLightmapBorders@@YAXPEAUoutLightmap_s@@@Z 0000000140065130 f   lightmaps_ydnar.obj
 0001:00064500       ?StoreSurfaceLightmaps@@YAXXZ 0000000140065500 f   lightmaps_ydnar.obj
 0001:00067020       ?PlaneFromWinding@@YAXPEAUfixedWinding_t@@PEAUvisPlane_t@@@Z 0000000140068020 f   vis.obj
 0001:00067130       ?NewFixedWinding@@YAPEAUfixedWinding_t@@H@Z 0000000140068130 f   vis.obj
 0001:000671a0       ?PComp@@YAHPEBX0@Z         00000001400681a0 f   vis.obj
 0001:000671d0       ?LeafVectorFromPortalVector@@YAHPEAE0@Z 00000001400681d0 f   vis.obj
 0001:00067330       ?ClusterMerge@@YAXH@Z      0000000140068330 f   vis.obj
 0001:00067530       ?CalcPortalVis@@YAXXZ      0000000140068530 f   vis.obj
 0001:000675c0       ?CalcPassageVis@@YAXXZ     00000001400685c0 f   vis.obj
 0001:000676f0       ?CalcPassagePortalVis@@YAXXZ 00000001400686f0 f   vis.obj
 0001:00067820       ?CalcVis@@YAXXZ            0000000140068820 f   vis.obj
 0001:00067b00       ?SetPortalSphere@@YAXPEAUvportal_t@@@Z 0000000140068b00 f   vis.obj
 0001:00067c60       ?TryMergeLeaves@@YAHHH@Z   0000000140068c60 f   vis.obj
 0001:00067fc0       ?MergeLeaves@@YAXXZ        0000000140068fc0 f   vis.obj
 0001:00068120       ?TryMergeWinding@@YAPEAUfixedWinding_t@@PEAU1@0QEAM@Z 0000000140069120 f   vis.obj
 0001:00068650       ?MergeLeafPortals@@YAXXZ   0000000140069650 f   vis.obj
 0001:00068860       ?LoadPortals@@YAXPEAD@Z    0000000140069860 f   vis.obj
 0001:00069090       ?VisMain@@YAHHPEAPEAD@Z    000000014006a090 f   vis.obj
 0001:000695e0       ?FreeStackWinding@@YAXPEAUfixedWinding_t@@PEAUpstack_s@@@Z 000000014006a5e0 f   visflow.obj
 0001:00069640       ?VisChopWinding@@YAPEAUfixedWinding_t@@PEAU1@PEAUpstack_s@@PEAUvisPlane_t@@@Z 000000014006a640 f   visflow.obj
 0001:00069af0       ?ClipToSeperators@@YAPEAUfixedWinding_t@@PEAU1@00W4qboolean@@PEAUpstack_s@@@Z 000000014006aaf0 f   visflow.obj
 0001:0006a140       ?RecursiveLeafFlow@@YAXHPEAUthreaddata_t@@PEAUpstack_s@@@Z 000000014006b140 f   visflow.obj
 0001:0006a800       ?PortalFlow@@YAXH@Z        000000014006b800 f   visflow.obj
 0001:0006a9c0       ?RecursivePassageFlow@@YAXPEAUvportal_t@@PEAUthreaddata_t@@PEAUpstack_s@@@Z 000000014006b9c0 f   visflow.obj
 0001:0006ac40       ?PassageFlow@@YAXH@Z       000000014006bc40 f   visflow.obj
 0001:0006ad10       ?RecursivePassagePortalFlow@@YAXPEAUvportal_t@@PEAUthreaddata_t@@PEAUpstack_s@@@Z 000000014006bd10 f   visflow.obj
 0001:0006b3d0       ?PassagePortalFlow@@YAXH@Z 000000014006c3d0 f   visflow.obj
 0001:0006b4a0       ?PassageChopWinding@@YAPEAUfixedWinding_t@@PEAU1@0PEAUvisPlane_t@@@Z 000000014006c4a0 f   visflow.obj
 0001:0006b7e0       ?AddSeperators@@YAHPEAUfixedWinding_t@@0W4qboolean@@PEAUvisPlane_t@@H@Z 000000014006c7e0 f   visflow.obj
 0001:0006bdd0       ?CreatePassages@@YAXH@Z    000000014006cdd0 f   visflow.obj
 0001:0006c3e0       ?PassageMemory@@YAXXZ      000000014006d3e0 f   visflow.obj
 0001:0006c4a0       ?SimpleFlood@@YAXPEAUvportal_t@@H@Z 000000014006d4a0 f   visflow.obj
 0001:0006c5a0       ?BasePortalVis@@YAXH@Z     000000014006d5a0 f   visflow.obj
 0001:0006e120       ?ConvertBSPToASE@@YAHPEADH@Z 000000014006f120 f   convert_ase.obj
 0001:0006edb0       ?ConvertBSPToMap@@YAHPEADH@Z 000000014006fdb0 f   convert_map.obj
 0001:0006f1f0       ?safe_malloc_f@@YAPEAX_K@Z 00000001400701f0 f   cmdlib.obj
 0001:0006f230       ?safe_malloc_log@@YAPEAX_KPEBDH@Z 0000000140070230 f   cmdlib.obj
 0001:0006f380       ?safe_malloc_logend@@YAXXZ 0000000140070380 f   cmdlib.obj
 0001:0006f420       ?ExpandArg@@YAPEADPEBD@Z   0000000140070420 f   cmdlib.obj
 0001:0006f4b0       ?ExpandPath@@YAPEADPEBD@Z  00000001400704b0 f   cmdlib.obj
 0001:0006f520       ?Q_getwd@@YAXPEAD@Z        0000000140070520 f   cmdlib.obj
 0001:0006f580       ?LoadFile@@YAHPEBDPEAPEAX@Z 0000000140070580 f   cmdlib.obj
 0001:0006f670       ?DefaultExtension@@YAXPEADPEBD@Z 0000000140070670 f   cmdlib.obj
 0001:0006f6e0       ?LBMRLEDecompress@@YAPEAEPEAE0H@Z 00000001400706e0 f   imagelib.obj
 0001:0006f7b0       ?LoadLBM@@YAXPEBDPEAPEAE1@Z 00000001400707b0 f   imagelib.obj
 0001:0006fba0       ?LoadPCX@@YAXPEBDPEAPEAE1PEAH2@Z 0000000140070ba0 f   imagelib.obj
 0001:0006fe40       ?LoadBMP@@YAXPEBDPEAPEAE1PEAH2@Z 0000000140070e40 f   imagelib.obj
 0001:00070460       ?Load256Image@@YAXPEBDPEAPEAE1PEAH2@Z 0000000140071460 f   imagelib.obj
 0001:00070670       ?TargaError@@YAXPEAU_TargaHeader@@PEBD@Z 0000000140071670 f   imagelib.obj
 0001:00070720       ?LoadTGABuffer@@YAXPEBE0PEAPEAEPEAH2@Z 0000000140071720 f   imagelib.obj
 0001:00070df0       ?LoadTGA@@YAXPEBDPEAPEAEPEAH2@Z 0000000140071df0 f   imagelib.obj
 0001:00070e80       ?WriteTGA@@YAXPEBDPEAEHH@Z 0000000140071e80 f   imagelib.obj
 0001:00070f90       ?Load32BitImage@@YAXPEBDPEAPEAIPEAH2@Z 0000000140071f90 f   imagelib.obj
 0001:00071140       ?xml_SendNode@@YAXPEAU_xmlNode@@@Z 0000000140072140 f   inout.obj
 0001:00071260       ?xml_Select@@YAXPEADHHW4qboolean@@@Z 0000000140072260 f   inout.obj
 0001:00071440       ?xml_Point@@YAXPEADQEAMW4qboolean@@@Z 0000000140072440 f   inout.obj
 0001:000715c0       ?xml_Winding@@YAXPEADQEAY02MHW4qboolean@@@Z 00000001400725c0 f   inout.obj
 0001:00071770       ?Broadcast_Setup@@YAXPEBD@Z 0000000140072770 f   inout.obj
 0001:000717f0       ?Broadcast_Shutdown@@YAXXZ 00000001400727f0 f   inout.obj
 0001:00071830       ?Sys_FPrintf@@YAXHPEBDZZ   0000000140072830 f   inout.obj
 0001:000719c0       ?Sys_Printf@@YAXPEBDZZ     00000001400729c0 f   inout.obj
 0001:00071b10       ?Sys_Warning@@YAXHPEBDZZ   0000000140072b10 f   inout.obj
 0001:00071c60       ?Sys_Warning@@YAXHHPEBDZZ  0000000140072c60 f   inout.obj
 0001:00071cc0       ?Sys_Warning@@YAXQEAY02MHPEBDZZ 0000000140072cc0 f   inout.obj
 0001:00071d20       ?Sys_Warning@@YAXPEAUwinding_t@@PEBDZZ 0000000140072d20 f   inout.obj
 0001:00071d70       ?Sys_Warning@@YAXQEAMPEBDZZ 0000000140072d70 f   inout.obj
 0001:00071de0       ?Sys_Warning@@YAXPEBDZZ    0000000140072de0 f   inout.obj
 0001:00071f10       ?Sys_Error@@YAXHHPEBDZZ    0000000140072f10 f   inout.obj
 0001:00071f70       ?Sys_Error@@YAXQEAY02MHPEBDZZ 0000000140072f70 f   inout.obj
 0001:00071fd0       ?Sys_Error@@YAXPEBDZZ      0000000140072fd0 f   inout.obj
 0001:000720f0       ?Error@@YAXPEBDZZ          00000001400730f0 f   inout.obj
 0001:00072240       ?MD4Update@@YAXPEAUMD4_CTX_s@@PEAEI@Z 0000000140073240 f   md4.obj
 0001:00072310       ?MD4Final@@YAXQEAEPEAUMD4_CTX_s@@@Z 0000000140073310 f   md4.obj
 0001:000729c0       ?AllocWinding@@YAPEAUwinding_t@@H@Z 00000001400739c0 f   polylib.obj
 0001:00072a60       ?FreeWinding@@YAXPEAUwinding_t@@@Z 0000000140073a60 f   polylib.obj
 0001:00072aa0       ?WindingArea@@YAMPEAUwinding_t@@@Z 0000000140073aa0 f   polylib.obj
 0001:00072c00       ?BaseWindingForPlane@@YAPEAUwinding_t@@QEAMM@Z 0000000140073c00 f   polylib.obj
 0001:00072ff0       ?ReverseWinding@@YAPEAUwinding_t@@PEAU1@@Z 0000000140073ff0 f   polylib.obj
 0001:00073100       ?ClipWindingEpsilon@@YAXPEAUwinding_t@@QEAMMMPEAPEAU1@2@Z 0000000140074100 f   polylib.obj
 0001:00073600       ?ChopWindingInPlace@@YAXPEAPEAUwinding_t@@QEAMMM@Z 0000000140074600 f   polylib.obj
 0001:00073a40       ?WindingOnPlaneSide@@YAHPEAUwinding_t@@QEAMM@Z 0000000140074a40 f   polylib.obj
 0001:00073b60       ?AddWindingToConvexHull@@YAXPEAUwinding_t@@PEAPEAU1@QEAM@Z 0000000140074b60 f   polylib.obj
 0001:000741b0       ?BaseDWindingForPlane@@YAPEAUdwinding_t@@QEAMMM@Z 00000001400751b0 f   polylib.obj
 0001:00074530       ?WindingFromDWinding@@YAPEAUwinding_t@@PEAUdwinding_t@@@Z 0000000140075530 f   polylib.obj
 0001:00074660       ?ChopDWindingInPlace@@YAXPEAPEAUdwinding_t@@QEAMMM@Z 0000000140075660 f   polylib.obj
 0001:00074a90       ?FixDWinding@@YA?AW4qboolean@@PEAUdwinding_t@@@Z 0000000140075a90 f   polylib.obj
 0001:00074c00       ?AddScriptToStack@@YAXPEBDH@Z 0000000140075c00 f   scriplib.obj
 0001:00074d00       ?EndOfScript@@YA?AW4qboolean@@W41@@Z 0000000140075d00 f   scriplib.obj
 0001:00074df0       ?GetToken@@YA?AW4qboolean@@W41@@Z 0000000140075df0 f   scriplib.obj
 0001:00075120       ?TokenAvailable@@YA?AW4qboolean@@XZ 0000000140076120 f   scriplib.obj
 0001:00075160       ?MatchToken@@YAXPEAD@Z     0000000140076160 f   scriplib.obj
 0001:000751c0       ?Parse1DMatrix@@YAXHPEAM@Z 00000001400761c0 f   scriplib.obj
 0001:000752b0       ?Parse2DMatrix@@YAXHHPEAM@Z 00000001400762b0 f   scriplib.obj
 0001:00075380       ?GetThreadWork@@YAHXZ      0000000140076380 f   threads.obj
 0001:000754c0       ?RunThreadsOnIndividualThread@@YAXH@Z 00000001400764c0 f   threads.obj
 0001:000754f0       ?RunThreadsOnIndividual@@YAXHW4qboolean@@P6AXH@Z@Z 00000001400764f0 f   threads.obj
 0001:00075590       ?RunThreadsOn@@YAXHW4qboolean@@P6AXH@Z@Z 0000000140076590 f   threads.obj
 0001:00075630       ?RunSameThreadOn@@YAXHW4qboolean@@P6AXH@Z@Z 0000000140076630 f   threads.obj
 0001:00075740       ?RunSameThreadOnIndividual@@YAXHW4qboolean@@P6AXH@Z@Z 0000000140076740 f   threads.obj
 0001:00075870       ?_RunThreadsOn@@YAXHW4qboolean@@P6AXH@Z@Z 0000000140076870 f   threads.obj
 0001:000759f0       ?_ThreadMutexLock@@YAXPEAUThreadMutex_s@@PEADH@Z 00000001400769f0 f   threads.obj
 0001:00075bf0       ?unzOpen@@YAPEAXPEBD@Z     0000000140076bf0 f   unzip.obj
 0001:000761a0       ?unzGoToFirstFile@@YAHPEAX@Z 00000001400771a0 f   unzip.obj
 0001:00076200       ?unzGoToNextFile@@YAHPEAX@Z 0000000140077200 f   unzip.obj
 0001:00076480       ?unzOpenCurrentFile@@YAHPEAX@Z 0000000140077480 f   unzip.obj
 0001:00076600       ?unzReadCurrentFile@@YAHPEAX0I@Z 0000000140077600 f   unzip.obj
 0001:00076830       ?unzCloseCurrentFile@@YAHPEAX@Z 0000000140077830 f   unzip.obj
 0001:000768e0       ?crc32@@YAKKPEBEI@Z        00000001400778e0 f   unzip.obj
 0001:00076a30       ?inflate_blocks_reset@@YAXPEAUinflate_blocks_state@@PEAUz_stream_s@@PEAK@Z 0000000140077a30 f   unzip.obj
 0001:00076ab0       ?inflate_blocks_new@@YAPEAUinflate_blocks_state@@PEAUz_stream_s@@P6AKKPEBEI@ZI@Z 0000000140077ab0 f   unzip.obj
 0001:00076b90       ?inflate_blocks@@YAHPEAUinflate_blocks_state@@PEAUz_stream_s@@H@Z 0000000140077b90 f   unzip.obj
 0001:00077770       ?inflate_blocks_free@@YAHPEAUinflate_blocks_state@@PEAUz_stream_s@@@Z 0000000140078770 f   unzip.obj
 0001:00077810       ?inflate_flush@@YAHPEAUinflate_blocks_state@@PEAUz_stream_s@@H@Z 0000000140078810 f   unzip.obj
 0001:00077e30       ?inflate_trees_bits@@YAHPEAI0PEAPEAUinflate_huft_s@@PEAU1@PEAUz_stream_s@@@Z 0000000140078e30 f   unzip.obj
 0001:00077f10       ?inflate_fast@@YAHIIPEAUinflate_huft_s@@0PEAUinflate_blocks_state@@PEAUz_stream_s@@@Z 0000000140078f10 f   unzip.obj
 0001:000782a0       ?inflate_codes_new@@YAPEAUinflate_codes_state@@IIPEAUinflate_huft_s@@0PEAUz_stream_s@@@Z 00000001400792a0 f   unzip.obj
 0001:00078310       ?inflate_codes@@YAHPEAUinflate_blocks_state@@PEAUz_stream_s@@H@Z 0000000140079310 f   unzip.obj
 0001:00078910       ?adler32@@YAKKPEBEI@Z      0000000140079910 f   unzip.obj
 0001:00078a80       ?inflateReset@@YAHPEAUz_stream_s@@@Z 0000000140079a80 f   unzip.obj
 0001:00078b40       ?inflateEnd@@YAHPEAUz_stream_s@@@Z 0000000140079b40 f   unzip.obj
 0001:00078ba0       ?inflateInit2_@@YAHPEAUz_stream_s@@HPEBDH@Z 0000000140079ba0 f   unzip.obj
 0001:00078c90       ?inflate@@YAHPEAUz_stream_s@@H@Z 0000000140079c90 f   unzip.obj
 0001:00079110       ?zcalloc@@YAPEAEPEAEII@Z   000000014007a110 f   unzip.obj
 0001:00079130       ?zcfree@@YAXPEAE0@Z        000000014007a130 f   unzip.obj
 0001:000792d0       ?vfsInitDirectory@@YAXPEBD@Z 000000014007a2d0 f   vfs.obj
 0001:000794a0       ?vfsGetFileCount@@YAHPEBD@Z 000000014007a4a0 f   vfs.obj
 0001:00079620       ?vfsLoadFile@@YAHPEBDPEAPEAXH@Z 000000014007a620 f   vfs.obj
 0001:00079970       WinPrint                   000000014007a970 f   l_net:l_net.obj
 0001:00079980       Net_Send                   000000014007a980 f   l_net:l_net.obj
 0001:000799d0       Net_AllocSocket            000000014007a9d0 f   l_net:l_net.obj
 0001:00079a00       Net_FreeSocket             000000014007aa00 f   l_net:l_net.obj
 0001:00079a10       Net_Connect                000000014007aa10 f   l_net:l_net.obj
 0001:00079ac0       Net_Disconnect             000000014007aac0 f   l_net:l_net.obj
 0001:00079af0       Net_StringToAddress        000000014007aaf0 f   l_net:l_net.obj
 0001:00079b10       Net_Setup                  000000014007ab10 f   l_net:l_net.obj
 0001:00079b40       NMSG_Clear                 000000014007ab40 f   l_net:l_net.obj
 0001:00079b50       NMSG_WriteLong             000000014007ab50 f   l_net:l_net.obj
 0001:00079bc0       NMSG_WriteString           000000014007abc0 f   l_net:l_net.obj
 0001:00079c50       WINS_ErrorMessage          000000014007ac50 f   l_net:l_net_wins.obj
 0001:00079cb0       WINS_Init                  000000014007acb0 f   l_net:l_net_wins.obj
 0001:00079e20       WINS_MyAddress             000000014007ae20 f   l_net:l_net_wins.obj
 0001:00079e30       WINS_OpenSocket            000000014007ae30 f   l_net:l_net_wins.obj
 0001:00079f20       WINS_OpenReliableSocket    000000014007af20 f   l_net:l_net_wins.obj
 0001:0007a040       WINS_CloseSocket           000000014007b040 f   l_net:l_net_wins.obj
 0001:0007a080       WINS_Connect               000000014007b080 f   l_net:l_net_wins.obj
 0001:0007a0f0       WINS_Write                 000000014007b0f0 f   l_net:l_net_wins.obj
 0001:0007a1a0       WINS_AddrToString          000000014007b1a0 f   l_net:l_net_wins.obj
 0001:0007a220       WINS_StringToAddr          000000014007b220 f   l_net:l_net_wins.obj
 0001:0007a2a0       WINS_GetSocketAddr         000000014007b2a0 f   l_net:l_net_wins.obj
 0001:0007a300       ?MakeNormalVectors@@YAXQEAM00@Z 000000014007b300 f   mathlib:mathlib.obj
 0001:0007a3c0       ?VectorCompare@@YA?AW4qboolean@@QEBM0@Z 000000014007b3c0 f   mathlib:mathlib.obj
 0001:0007a410       ?VectorCompareExt@@YA?AW4qboolean@@QEBM0M@Z 000000014007b410 f   mathlib:mathlib.obj
 0001:0007a450       ?VectorLength@@YAMQEBM@Z   000000014007b450 f   mathlib:mathlib.obj
 0001:0007a480       ?VectorMA@@YAXQEBMM0QEAM@Z 000000014007b480 f   mathlib:mathlib.obj
 0001:0007a4c0       ?VectorNormalize@@YAMQEBMQEAM@Z 000000014007b4c0 f   mathlib:mathlib.obj
 0001:0007a570       ?ColorNormalize@@YAMQEBMQEAM@Z 000000014007b570 f   mathlib:mathlib.obj
 0001:0007a5e0       ?SnapWeldVector@@YAXQEAM00@Z 000000014007b5e0 f   mathlib:mathlib.obj
 0001:0007a730       ?ClearBounds@@YAXQEAM0@Z   000000014007b730 f   mathlib:mathlib.obj
 0001:0007a760       ?AddPointToBounds@@YAXQEAM00@Z 000000014007b760 f   mathlib:mathlib.obj
 0001:0007a800       ?PlaneFromPoints@@YA?AW4qboolean@@QEAMQEBM11@Z 000000014007b800 f   mathlib:mathlib.obj
 0001:0007a900       ?NormalToLatLong@@YAXQEBMQEAE@Z 000000014007b900 f   mathlib:mathlib.obj
 0001:0007a9c0       ?PlaneTypeForNormal@@YAHQEAM@Z 000000014007b9c0 f   mathlib:mathlib.obj
 0001:0007aa20       ?DVectorMA@@YAXQEBNN0QEAN@Z 000000014007ba20 f   mathlib:mathlib.obj
 0001:0007aa60       ?DVectorNormalize@@YANQEAN0@Z 000000014007ba60 f   mathlib:mathlib.obj
 0001:0007aae0       ?DVectorLength@@YANQEBN@Z  000000014007bae0 f   mathlib:mathlib.obj
 0001:0007ab10       ?SnapWeldDVector@@YAXQEAN00@Z 000000014007bb10 f   mathlib:mathlib.obj
 0001:0007aca0       ?m4x4_identity@@YAXQEAM@Z  000000014007bca0 f   mathlib:m4x4.obj
 0001:0007acf0       ?m4x4_assign@@YAXQEAMQEBM@Z 000000014007bcf0 f   mathlib:m4x4.obj
 0001:0007ad50       ?m4x4_translation_for_vec3@@YAXQEAMQEBM@Z 000000014007bd50 f   mathlib:m4x4.obj
 0001:0007ada0       ?m4x4_rotation_for_vec3@@YAXQEAMQEBMW4eulerOrder_t@@@Z 000000014007bda0 f   mathlib:m4x4.obj
 0001:0007af70       ?m4x4_scale_for_vec3@@YAXQEAMQEBM@Z 000000014007bf70 f   mathlib:m4x4.obj
 0001:0007afb0       ?m4x4_translate_by_vec3@@YAXQEAMQEBM@Z 000000014007bfb0 f   mathlib:m4x4.obj
 0001:0007afe0       ?m4x4_rotate_by_vec3@@YAXQEAMQEBMW4eulerOrder_t@@@Z 000000014007bfe0 f   mathlib:m4x4.obj
 0001:0007b010       ?m4x4_scale_by_vec3@@YAXQEAMQEBM@Z 000000014007c010 f   mathlib:m4x4.obj
 0001:0007b040       ?m4x4_pivoted_transform_by_vec3@@YAXQEAMQEBM1W4eulerOrder_t@@11@Z 000000014007c040 f   mathlib:m4x4.obj
 0001:0007b0f0       ?m4x4_multiply_by_m4x4@@YAXQEAMQEBM@Z 000000014007c0f0 f   mathlib:m4x4.obj
 0001:0007b4f0       ?m4x4_transform_point@@YAXQEBMQEAM@Z 000000014007c4f0 f   mathlib:m4x4.obj
 0001:0007b590       ?m4x4_transform_normal@@YAXQEBMQEAM@Z 000000014007c590 f   mathlib:m4x4.obj
 0001:0007b620       ?m4x4_transpose@@YAXQEAM@Z 000000014007c620 f   mathlib:m4x4.obj
 0001:0007b720       ?m3_det@@YAMQEAM@Z         000000014007c720 f   mathlib:m4x4.obj
 0001:0007b7b0       ?m4_submat@@YAXQEAM0HH@Z   000000014007c7b0 f   mathlib:m4x4.obj
 0001:0007b900       ?m4_det@@YAMQEAM@Z         000000014007c900 f   mathlib:m4x4.obj
 0001:0007b990       ?m4x4_invert@@YAHQEAM@Z    000000014007c990 f   mathlib:m4x4.obj
 0001:0007ba58       g_free                     000000014007ca58 f   glib-2.0:libglib-2.0-0.dll
 0001:0007ba5e       g_locale_to_utf8           000000014007ca5e f   glib-2.0:libglib-2.0-0.dll
 0001:0007ba64       g_strdup                   000000014007ca64 f   glib-2.0:libglib-2.0-0.dll
 0001:0007ba6a       g_strdown                  000000014007ca6a f   glib-2.0:libglib-2.0-0.dll
 0001:0007ba70       g_dir_read_name_utf8       000000014007ca70 f   glib-2.0:libglib-2.0-0.dll
 0001:0007ba76       g_dir_open_utf8            000000014007ca76 f   glib-2.0:libglib-2.0-0.dll
 0001:0007ba7c       g_dir_close                000000014007ca7c f   glib-2.0:libglib-2.0-0.dll
 0001:0007ba82       g_slist_append             000000014007ca82 f   glib-2.0:libglib-2.0-0.dll
 0001:0007ba88       xmlNodeSetContent          000000014007ca88 f   libxml2:libxml2-2.dll
 0001:0007ba8e       xmlNewNode                 000000014007ca8e f   libxml2:libxml2-2.dll
 0001:0007ba94       xmlAddChild                000000014007ca94 f   libxml2:libxml2-2.dll
 0001:0007ba9a       xmlSetProp                 000000014007ca9a f   libxml2:libxml2-2.dll
 0001:0007baa0       xmlBufferFree              000000014007caa0 f   libxml2:libxml2-2.dll
 0001:0007baa6       xmlNodeDump                000000014007caa6 f   libxml2:libxml2-2.dll
 0001:0007baac       xmlBufferCreate            000000014007caac f   libxml2:libxml2-2.dll
 0001:0007bab2       xmlNewDoc                  000000014007cab2 f   libxml2:libxml2-2.dll
 0001:0007bab8       xmlNewDocRawNode           000000014007cab8 f   libxml2:libxml2-2.dll
 0001:0007babe       png_get_IHDR               000000014007cabe f   libpng:libpng14-14.dll
 0001:0007bac4       png_read_image             000000014007cac4 f   libpng:libpng14-14.dll
 0001:0007baca       png_write_info             000000014007caca f   libpng:libpng14-14.dll
 0001:0007bad0       png_destroy_write_struct   000000014007cad0 f   libpng:libpng14-14.dll
 0001:0007bad6       png_set_expand             000000014007cad6 f   libpng:libpng14-14.dll
 0001:0007badc       png_set_write_fn           000000014007cadc f   libpng:libpng14-14.dll
 0001:0007bae2       png_read_info              000000014007cae2 f   libpng:libpng14-14.dll
 0001:0007bae8       png_set_iCCP               000000014007cae8 f   libpng:libpng14-14.dll
 0001:0007baee       png_set_strip_16           000000014007caee f   libpng:libpng14-14.dll
 0001:0007baf4       png_set_packing            000000014007caf4 f   libpng:libpng14-14.dll
 0001:0007bafa       png_sig_cmp                000000014007cafa f   libpng:libpng14-14.dll
 0001:0007bb00       png_create_read_struct     000000014007cb00 f   libpng:libpng14-14.dll
 0001:0007bb06       png_write_end              000000014007cb06 f   libpng:libpng14-14.dll
 0001:0007bb0c       png_get_io_ptr             000000014007cb0c f   libpng:libpng14-14.dll
 0001:0007bb12       png_create_info_struct     000000014007cb12 f   libpng:libpng14-14.dll
 0001:0007bb18       png_set_read_fn            000000014007cb18 f   libpng:libpng14-14.dll
 0001:0007bb1e       png_write_row              000000014007cb1e f   libpng:libpng14-14.dll
 0001:0007bb24       png_get_valid              000000014007cb24 f   libpng:libpng14-14.dll
 0001:0007bb2a       png_set_sRGB               000000014007cb2a f   libpng:libpng14-14.dll
 0001:0007bb30       png_create_write_struct    000000014007cb30 f   libpng:libpng14-14.dll
 0001:0007bb36       png_set_filler             000000014007cb36 f   libpng:libpng14-14.dll
 0001:0007bb3c       png_set_filter             000000014007cb3c f   libpng:libpng14-14.dll
 0001:0007bb42       png_set_IHDR               000000014007cb42 f   libpng:libpng14-14.dll
 0001:0007bb48       png_set_interlace_handling 000000014007cb48 f   libpng:libpng14-14.dll
 0001:0007bb4e       png_get_channels           000000014007cb4e f   libpng:libpng14-14.dll
 0001:0007bb54       png_set_compression_level  000000014007cb54 f   libpng:libpng14-14.dll
 0001:0007bb5a       png_destroy_read_struct    000000014007cb5a f   libpng:libpng14-14.dll
 0001:0007bb60       DDSLittleLong              000000014007cb60 f   ddslib:ddslib.obj
 0001:0007bb70       DDSLittleShort             000000014007cb70 f   ddslib:ddslib.obj
 0001:0007bbe0       DDSGetInfo                 000000014007cbe0 f   ddslib:ddslib.obj
 0001:0007c780       DDSDecompress              000000014007d780 f   ddslib:ddslib.obj
 0001:0007c8a0       LoadJPGBuff                000000014007d8a0 f   jpeg6:jpgload.obj
 0001:0007ca90       jpeg_create_decompress     000000014007da90 f   jpeg6:jdapimin.obj
 0001:0007cb40       jpeg_destroy_decompress    000000014007db40 f   jpeg6:jdapimin.obj
 0001:0007cd20       jpeg_consume_input         000000014007dd20 f   jpeg6:jdapimin.obj
 0001:0007ce10       jpeg_finish_decompress     000000014007de10 f   jpeg6:jdapimin.obj
 0001:0007cee0       jpeg_read_header           000000014007dee0 f   jpeg6:jdapimin.obj
 0001:0007cff0       jpeg_read_scanlines        000000014007dff0 f   jpeg6:jdapistd.obj
 0001:0007d0c0       jpeg_start_decompress      000000014007e0c0 f   jpeg6:jdapistd.obj
 0001:0007d230       ?jpeg_mem_term@@YAXPEAUjpeg_common_struct@@@Z 000000014007e230 f   jpeg6:jmemnobs.obj
 0001:0007d230       _pico_little_float         000000014007e230 f   picomodel:picointernal.obj
 0001:0007d240       jpeg_stdio_src             000000014007e240 f   jpeg6:jdatasrc.obj
 0001:0007d490       jpeg_std_error             000000014007e490 f   jpeg6:jerror.obj
 0001:0007dba0       jinit_input_controller     000000014007eba0 f   jpeg6:jdinput.obj
 0001:0007f770       jpeg_resync_to_restart     0000000140080770 f   jpeg6:jdmarker.obj
 0001:0007f8d0       jinit_marker_reader        00000001400808d0 f   jpeg6:jdmarker.obj
 0001:00080720       jinit_memory_mgr           0000000140081720 f   jpeg6:jmemmgr.obj
 0001:00080890       jpeg_abort                 0000000140081890 f   jpeg6:jcomapi.obj
 0001:000808d0       jpeg_destroy               00000001400818d0 f   jpeg6:jcomapi.obj
 0001:00080910       jpeg_alloc_quant_table     0000000140081910 f   jpeg6:jcomapi.obj
 0001:00080930       jpeg_alloc_huff_table      0000000140081930 f   jpeg6:jcomapi.obj
 0001:00080960       jpeg_calc_output_dimensions 0000000140081960 f   jpeg6:jdmaster.obj
 0001:00080df0       jinit_master_decompress    0000000140081df0 f   jpeg6:jdmaster.obj
 0001:00080e40       jdiv_round_up              0000000140081e40 f   jpeg6:jutils.obj
 0001:00080e50       jround_up                  0000000140081e50 f   jpeg6:jutils.obj
 0001:00080e70       jcopy_sample_rows          0000000140081e70 f   jpeg6:jutils.obj
 0001:00080ee0       jzero_far                  0000000140081ee0 f   jpeg6:jutils.obj
 0001:00080ef0       ?jpeg_get_small@@YAPEAXPEAUjpeg_common_struct@@_K@Z 0000000140081ef0 f   jpeg6:jmemnobs.obj
 0001:00080ef0       ?jpeg_get_large@@YAPEAXPEAUjpeg_common_struct@@_K@Z 0000000140081ef0 f   jpeg6:jmemnobs.obj
 0001:00080f00       ?jpeg_free_large@@YAXPEAUjpeg_common_struct@@PEAX_K@Z 0000000140081f00 f   jpeg6:jmemnobs.obj
 0001:00080f00       ?jpeg_free_small@@YAXPEAUjpeg_common_struct@@PEAX_K@Z 0000000140081f00 f   jpeg6:jmemnobs.obj
 0001:00080f10       ?jpeg_mem_available@@YAJPEAUjpeg_common_struct@@JJJ@Z 0000000140081f10 f   jpeg6:jmemnobs.obj
 0001:00080f20       ?jpeg_open_backing_store@@YAXPEAUjpeg_common_struct@@PEAUbacking_store_struct@@J@Z 0000000140081f20 f   jpeg6:jmemnobs.obj
 0001:00081680       jinit_d_main_controller    0000000140082680 f   jpeg6:jdmainct.obj
 0001:00081ae0       ?jpeg_mem_init@@YAJPEAUjpeg_common_struct@@@Z 0000000140082ae0 f   jpeg6:jmemnobs.obj
 0001:00081af0       jinit_d_coef_controller    0000000140082af0 f   jpeg6:jdcoefct.obj
 0001:00081c10       ?jpeg_make_d_derived_tbl@@YAXPEAUjpeg_decompress_struct@@PEAUJHUFF_TBL@@PEAPEAUd_derived_tbl@@@Z 0000000140082c10 f   jpeg6:jdhuff.obj
 0001:00081e20       ?jpeg_fill_bit_buffer@@YAEPEAUbitread_working_state@@HHH@Z 0000000140082e20 f   jpeg6:jdhuff.obj
 0001:00081f50       ?jpeg_huff_decode@@YAHPEAUbitread_working_state@@HHPEAUd_derived_tbl@@H@Z 0000000140082f50 f   jpeg6:jdhuff.obj
 0001:00082740       jinit_huff_decoder         0000000140083740 f   jpeg6:jdhuff.obj
 0001:00082ab0       jinit_inverse_dct          0000000140083ab0 f   jpeg6:jddctmgr.obj
 0001:00082cb0       jinit_d_post_controller    0000000140083cb0 f   jpeg6:jdpostct.obj
 0001:000833e0       jinit_upsampler            00000001400843e0 f   jpeg6:jdsample.obj
 0001:00083ba0       jinit_color_deconverter    0000000140084ba0 f   jpeg6:jdcolor.obj
 0001:00083d40       ?jpeg_idct_float@@YAXPEAUjpeg_decompress_struct@@PEAUjpeg_component_info@@PEAFPEAPEAEI@Z 0000000140084d40 f   jpeg6:jidctflt.obj
 0001:00084250       PicoInit                   0000000140085250 f   picomodel:picomodel.obj
 0001:00084260       PicoSetMallocFunc          0000000140085260 f   picomodel:picomodel.obj
 0001:00084280       PicoSetFreeFunc            0000000140085280 f   picomodel:picomodel.obj
 0001:000842a0       PicoSetLoadFileFunc        00000001400852a0 f   picomodel:picomodel.obj
 0001:000842c0       PicoSetFreeFileFunc        00000001400852c0 f   picomodel:picomodel.obj
 0001:000842e0       PicoSetPrintFunc           00000001400852e0 f   picomodel:picomodel.obj
 0001:00084300       PicoNewModel               0000000140085300 f   picomodel:picomodel.obj
 0001:00084350       PicoAdjustModel            0000000140085350 f   picomodel:picomodel.obj
 0001:00084480       PicoNewShader              0000000140085480 f   picomodel:picomodel.obj
 0001:00084560       PicoFreeShader             0000000140085560 f   picomodel:picomodel.obj
 0001:000845a0       PicoFindShader             00000001400855a0 f   picomodel:picomodel.obj
 0001:00084690       PicoFreeSurface            0000000140085690 f   picomodel:picomodel.obj
 0001:00084770       PicoAdjustSurface          0000000140085770 f   picomodel:picomodel.obj
 0001:00084ab0       PicoNewSkin                0000000140085ab0 f   picomodel:picomodel.obj
 0001:00084b30       PicoAdjustSkin             0000000140085b30 f   picomodel:picomodel.obj
 0001:00084bd0       PicoNewSkinItem            0000000140085bd0 f   picomodel:picomodel.obj
 0001:00084c40       PicoFreeSkinItem           0000000140085c40 f   picomodel:picomodel.obj
 0001:00084c80       PicoSetModelFileName       0000000140085c80 f   picomodel:picomodel.obj
 0001:00084c80       PicoSetShaderMapName       0000000140085c80 f   picomodel:picomodel.obj
 0001:00084cc0       PicoSetModelFrameNum       0000000140085cc0 f   picomodel:picomodel.obj
 0001:00084cd0       PicoSetModelNumFrames      0000000140085cd0 f   picomodel:picomodel.obj
 0001:00084ce0       PicoSetShaderAmbientColor  0000000140085ce0 f   picomodel:picomodel.obj
 0001:00084d10       PicoSetShaderDiffuseColor  0000000140085d10 f   picomodel:picomodel.obj
 0001:00084d40       PicoSetShaderSpecularColor 0000000140085d40 f   picomodel:picomodel.obj
 0001:00084d70       PicoSetShaderTransparency  0000000140085d70 f   picomodel:picomodel.obj
 0001:00084db0       PicoSetShaderShininess     0000000140085db0 f   picomodel:picomodel.obj
 0001:00084df0       PicoSetSurfaceType         0000000140085df0 f   picomodel:picomodel.obj
 0001:00084e00       PicoSetSurfaceName         0000000140085e00 f   picomodel:picomodel.obj
 0001:00084e40       PicoSetSurfaceShader       0000000140085e40 f   picomodel:picomodel.obj
 0001:00084e50       PicoSetSurfaceXYZ          0000000140085e50 f   picomodel:picomodel.obj
 0001:00084ee0       PicoSetSurfaceNormal       0000000140085ee0 f   picomodel:picomodel.obj
 0001:00084f50       PicoSetSurfaceST           0000000140085f50 f   picomodel:picomodel.obj
 0001:00084fd0       PicoSetSurfaceColor        0000000140085fd0 f   picomodel:picomodel.obj
 0001:00085080       PicoSetSurfaceIndex        0000000140086080 f   picomodel:picomodel.obj
 0001:000850e0       PicoSetSurfaceSmoothingGroup 00000001400860e0 f   picomodel:picomodel.obj
 0001:00085130       PicoSetSkinNum             0000000140086130 f   picomodel:picomodel.obj
 0001:00085140       PicoSetSkinItemObject      0000000140086140 f   picomodel:picomodel.obj
 0001:00085180       PicoSetSkinItemReplacement 0000000140086180 f   picomodel:picomodel.obj
 0001:00085180       PicoSetModelName           0000000140086180 f   picomodel:picomodel.obj
 0001:00085180       PicoSetShaderName          0000000140086180 f   picomodel:picomodel.obj
 0001:000851c0       PicoGetModelName           00000001400861c0 f   picomodel:picomodel.obj
 0001:000851e0       PicoGetModelFrameNum       00000001400861e0 f   picomodel:picomodel.obj
 0001:000851f0       PicoGetModelShader         00000001400861f0 f   picomodel:picomodel.obj
 0001:00085220       PicoGetModelNumSurfaces    0000000140086220 f   picomodel:picomodel.obj
 0001:00085230       PicoGetModelSurface        0000000140086230 f   picomodel:picomodel.obj
 0001:00085260       PicoGetShaderMapName       0000000140086260 f   picomodel:picomodel.obj
 0001:00085260       PicoGetModelFileName       0000000140086260 f   picomodel:picomodel.obj
 0001:00085280       PicoGetSurfaceType         0000000140086280 f   picomodel:picomodel.obj
 0001:00085290       PicoGetSurfaceNumVertexes  0000000140086290 f   picomodel:picomodel.obj
 0001:000852a0       PicoGetSurfaceXYZ          00000001400862a0 f   picomodel:picomodel.obj
 0001:000852d0       PicoGetSurfaceNormal       00000001400862d0 f   picomodel:picomodel.obj
 0001:00085300       PicoGetSurfaceST           0000000140086300 f   picomodel:picomodel.obj
 0001:00085330       PicoGetSurfaceColor        0000000140086330 f   picomodel:picomodel.obj
 0001:00085360       PicoGetSurfaceNumIndexes   0000000140086360 f   picomodel:picomodel.obj
 0001:00085370       PicoGetSurfaceIndexes      0000000140086370 f   picomodel:picomodel.obj
 0001:00085390       PicoGetSurfaceShaderNameForSkin 0000000140086390 f   picomodel:picomodel.obj
 0001:00085470       PicoVertexCoordGenerateHash 0000000140086470 f   picomodel:picomodel.obj
 0001:00085590       PicoNewVertexCombinationHashTable 0000000140086590 f   picomodel:picomodel.obj
 0001:000855c0       PicoFreeVertexCombinationHashTable 00000001400865c0 f   picomodel:picomodel.obj
 0001:00085640       PicoFindVertexCombinationInHashTable 0000000140086640 f   picomodel:picomodel.obj
 0001:00085800       PicoAddVertexCombinationToHashTable 0000000140086800 f   picomodel:picomodel.obj
 0001:000858f0       PicoFindSurfaceVertexNum   00000001400868f0 f   picomodel:picomodel.obj
 0001:00085d20       indexarray_push_back       0000000140086d20 f   picomodel:picomodel.obj
 0001:00085d30       indexarray_reserve         0000000140086d30 f   picomodel:picomodel.obj
 0001:00085d60       binarytree_extend          0000000140086d60 f   picomodel:picomodel.obj
 0001:00085d80       binarytree_size            0000000140086d80 f   picomodel:picomodel.obj
 0001:00085d90       binarytree_reserve         0000000140086d90 f   picomodel:picomodel.obj
 0001:00085dc0       indexarray_clear           0000000140086dc0 f   picomodel:picomodel.obj
 0001:00085dc0       binarytree_clear           0000000140086dc0 f   picomodel:picomodel.obj
 0001:00085dd0       UniqueIndices_size         0000000140086dd0 f   picomodel:picomodel.obj
 0001:00085de0       UniqueIndices_reserve      0000000140086de0 f   picomodel:picomodel.obj
 0001:00085e10       UniqueIndices_init         0000000140086e10 f   picomodel:picomodel.obj
 0001:00085e20       UniqueIndices_destroy      0000000140086e20 f   picomodel:picomodel.obj
 0001:00085e40       UniqueIndices_find_or_insert 0000000140086e40 f   picomodel:picomodel.obj
 0001:00085f10       UniqueIndices_insert       0000000140086f10 f   picomodel:picomodel.obj
 0001:00085f50       lessSmoothVertex           0000000140086f50 f   picomodel:picomodel.obj
 0001:00085fd0       _pico_vertices_combine_shared_normals 0000000140086fd0 f   picomodel:picomodel.obj
 0001:00086120       _pico_triangles_generate_weighted_normals 0000000140087120 f   picomodel:picomodel.obj
 0001:00086200       _pico_normals_zero         0000000140087200 f   picomodel:picomodel.obj
 0001:00086240       _pico_normals_normalize    0000000140087240 f   picomodel:picomodel.obj
 0001:00086280       _pico_length_vec           0000000140087280 f   picomodel:picomodel.obj
 0001:000862b0       _pico_normal_is_unit_length 00000001400872b0 f   picomodel:picomodel.obj
 0001:000862f0       _pico_normal_within_tolerance 00000001400872f0 f   picomodel:picomodel.obj
 0001:00086320       _pico_normals_assign_generated_normals 0000000140087320 f   picomodel:picomodel.obj
 0001:00086390       PicoFixSurfaceNormals      0000000140087390 f   picomodel:picomodel.obj
 0001:00086430       PicoRemapModel             0000000140087430 f   picomodel:picomodel.obj
 0001:00086980       PicoParseToken             0000000140087980 f   picomodel:picomodel.obj
 0001:00086c10       PicoLoadSkinFiles          0000000140087c10 f   picomodel:picomodel.obj
 0001:00086ed0       PicoModuleLoadModel        0000000140087ed0 f   picomodel:picomodel.obj
 0001:00086fd0       PicoLoadModel              0000000140087fd0 f   picomodel:picomodel.obj
 0001:000870e0       PicoNewSurface             00000001400880e0 f   picomodel:picomodel.obj
 0001:00087190       PicoFreeSkin               0000000140088190 f   picomodel:picomodel.obj
 0001:000871f0       PicoAddTriangleToModel     00000001400881f0 f   picomodel:picomodel.obj
 0001:00087480       PicoFreeModel              0000000140088480 f   picomodel:picomodel.obj
 0001:00087570       _pico_alloc                0000000140088570 f   picomodel:picointernal.obj
 0001:000875d0       _pico_calloc               00000001400885d0 f   picomodel:picointernal.obj
 0001:00087640       _pico_clone_alloc          0000000140088640 f   picomodel:picointernal.obj
 0001:000876a0       _pico_free                 00000001400886a0 f   picomodel:picointernal.obj
 0001:000876c0       _pico_load_file            00000001400886c0 f   picomodel:picointernal.obj
 0001:000876e0       _pico_free_file            00000001400886e0 f   picomodel:picointernal.obj
 0001:00087710       _pico_printf               0000000140088710 f   picomodel:picointernal.obj
 0001:000877a0       _pico_first_token          00000001400887a0 f   picomodel:picointernal.obj
 0001:000877d0       _pico_strltrim             00000001400887d0 f   picomodel:picointernal.obj
 0001:00087850       _pico_strrtrim             0000000140088850 f   picomodel:picointernal.obj
 0001:00087910       _pico_strlwr               0000000140088910 f   picomodel:picointernal.obj
 0001:00087940       _pico_strchcount           0000000140088940 f   picomodel:picointernal.obj
 0001:00087970       _pico_zero_bounds          0000000140088970 f   picomodel:picointernal.obj
 0001:000879a0       _pico_expand_bounds        00000001400889a0 f   picomodel:picointernal.obj
 0001:00087a00       _pico_zero_vec             0000000140088a00 f   picomodel:picointernal.obj
 0001:00087a10       _pico_zero_vec2            0000000140088a10 f   picomodel:picointernal.obj
 0001:00087a20       _pico_set_vec              0000000140088a20 f   picomodel:picointernal.obj
 0001:00087a30       _pico_copy_vec             0000000140088a30 f   picomodel:picointernal.obj
 0001:00087a50       _pico_copy_vec2            0000000140088a50 f   picomodel:picointernal.obj
 0001:00087a60       _pico_normalize_vec        0000000140088a60 f   picomodel:picointernal.obj
 0001:00087af0       _pico_add_vec              0000000140088af0 f   picomodel:picointernal.obj
 0001:00087b20       _pico_subtract_vec         0000000140088b20 f   picomodel:picointernal.obj
 0001:00087b50       _pico_scale_vec            0000000140088b50 f   picomodel:picointernal.obj
 0001:00087b80       dot                        0000000140088b80 f   picomodel:vecmath.obj
 0001:00087b80       _pico_dot_vec              0000000140088b80 f   picomodel:picointernal.obj
 0001:00087bb0       cross                      0000000140088bb0 f   picomodel:vecmath.obj
 0001:00087bb0       _pico_cross_vec            0000000140088bb0 f   picomodel:picointernal.obj
 0001:00087c10       _pico_set_color            0000000140088c10 f   picomodel:picointernal.obj
 0001:00087c30       _pico_copy_color           0000000140088c30 f   picomodel:picointernal.obj
 0001:00087c50       _pico_little_long          0000000140088c50 f   picomodel:picointernal.obj
 0001:00087c60       _pico_little_short         0000000140088c60 f   picomodel:picointernal.obj
 0001:00087c70       _pico_stristr              0000000140088c70 f   picomodel:picointernal.obj
 0001:00087cf0       _pico_unixify              0000000140088cf0 f   picomodel:picointernal.obj
 0001:00087d20       _pico_nopath               0000000140088d20 f   picomodel:picointernal.obj
 0001:00087dc0       _pico_setfext              0000000140088dc0 f   picomodel:picointernal.obj
 0001:00087e90       _pico_new_parser           0000000140088e90 f   picomodel:picointernal.obj
 0001:00087f60       _pico_free_parser          0000000140088f60 f   picomodel:picointernal.obj
 0001:00087f90       _pico_parse_ex             0000000140088f90 f   picomodel:picointernal.obj
 0001:000880f0       _pico_parse_first          00000001400890f0 f   picomodel:picointernal.obj
 0001:00088130       _pico_parse                0000000140089130 f   picomodel:picointernal.obj
 0001:00088160       _pico_parse_skip_rest      0000000140089160 f   picomodel:picointernal.obj
 0001:00088190       _pico_parse_skip_braced    0000000140089190 f   picomodel:picointernal.obj
 0001:00088240       _pico_parse_check          0000000140089240 f   picomodel:picointernal.obj
 0001:000882a0       _pico_parse_int            00000001400892a0 f   picomodel:picointernal.obj
 0001:000882f0       _pico_parse_float          00000001400892f0 f   picomodel:picointernal.obj
 0001:00088340       _pico_parse_vec            0000000140089340 f   picomodel:picointernal.obj
 0001:000883e0       _pico_parse_vec2           00000001400893e0 f   picomodel:picointernal.obj
 0001:00088480       _pico_new_memstream        0000000140089480 f   picomodel:picointernal.obj
 0001:000884e0       _pico_free_memstream       00000001400894e0 f   picomodel:picointernal.obj
 0001:00088500       _pico_memstream_read       0000000140089500 f   picomodel:picointernal.obj
 0001:00088590       _pico_memstream_getc       0000000140089590 f   picomodel:picointernal.obj
 0001:000885d0       _pico_memstream_seek       00000001400895d0 f   picomodel:picointernal.obj
 0001:00088660       _pico_memstream_tell       0000000140089660 f   picomodel:picointernal.obj
 0001:00088680       _pico_realloc              0000000140089680 f   picomodel:picointernal.obj
 0001:00088720       PicoModuleList             0000000140089720 f   picomodel:picomodules.obj
 0001:000893d0       _terrain_load_tga_buffer   000000014008a3d0 f   picomodel:pm_terrain.obj
 0001:0008d310       _ase_get_submaterial_or_default 000000014008e310 f   picomodel:pm_ase.obj
 0001:00090320       lwFreeLayer                0000000140091320 f   picomodel:lwo2.obj
 0001:00090370       lwFreeObject               0000000140091370 f   picomodel:lwo2.obj
 0001:000903e0       lwGetObject                00000001400913e0 f   picomodel:lwo2.obj
 0001:00090930       lwValidateObject           0000000140091930 f   picomodel:lwo2.obj
 0001:00090a00       lwListFree                 0000000140091a00 f   picomodel:list.obj
 0001:00090a30       lwListAdd                  0000000140091a30 f   picomodel:list.obj
 0001:00090a60       lwListInsert               0000000140091a60 f   picomodel:list.obj
 0001:00090b00       lwFreeVMap                 0000000140091b00 f   picomodel:vmap.obj
 0001:00090b70       lwGetVMap                  0000000140091b70 f   picomodel:vmap.obj
 0001:00090dd0       lwGetPointVMaps            0000000140091dd0 f   picomodel:vmap.obj
 0001:00090f30       lwGetPolyVMaps             0000000140091f30 f   picomodel:vmap.obj
 0001:00091110       lwFreePoints               0000000140092110 f   picomodel:pntspols.obj
 0001:000911a0       lwFreePolygons             00000001400921a0 f   picomodel:pntspols.obj
 0001:00091280       lwGetPoints                0000000140092280 f   picomodel:pntspols.obj
 0001:000914a0       lwGetBoundingBox           00000001400924a0 f   picomodel:pntspols.obj
 0001:00091590       lwAllocPolygons            0000000140092590 f   picomodel:pntspols.obj
 0001:000916b0       lwGetPolygons              00000001400926b0 f   picomodel:pntspols.obj
 0001:00091880       lwGetPolyNormals           0000000140092880 f   picomodel:pntspols.obj
 0001:000919f0       lwGetPointPolygons         00000001400929f0 f   picomodel:pntspols.obj
 0001:00091b50       lwResolvePolySurfaces      0000000140092b50 f   picomodel:pntspols.obj
 0001:00091d20       lwGetVertNormals           0000000140092d20 f   picomodel:pntspols.obj
 0001:00091fa0       lwFreeTags                 0000000140092fa0 f   picomodel:pntspols.obj
 0001:00092020       lwGetTags                  0000000140093020 f   picomodel:pntspols.obj
 0001:00092170       lwGetPolygonTags           0000000140093170 f   picomodel:pntspols.obj
 0001:000922b0       lwFreePlugin               00000001400932b0 f   picomodel:surface.obj
 0001:00092300       lwFreeTexture              0000000140093300 f   picomodel:surface.obj
 0001:00092390       lwFreeSurface              0000000140093390 f   picomodel:surface.obj
 0001:00092490       lwGetTHeader               0000000140093490 f   picomodel:surface.obj
 0001:00092620       lwGetTMap                  0000000140093620 f   picomodel:surface.obj
 0001:00092850       lwGetImageMap              0000000140093850 f   picomodel:surface.obj
 0001:00092ad0       lwGetProcedural            0000000140093ad0 f   picomodel:surface.obj
 0001:00092c70       lwGetGradient              0000000140093c70 f   picomodel:surface.obj
 0001:00092f20       lwGetTexture               0000000140093f20 f   picomodel:surface.obj
 0001:00093060       lwGetShader                0000000140094060 f   picomodel:surface.obj
 0001:00093330       lwDefaultSurface           0000000140094330 f   picomodel:surface.obj
 0001:000933a0       lwGetSurface               00000001400943a0 f   picomodel:surface.obj
 0001:000939e0       lwFreeClip                 00000001400949e0 f   picomodel:clip.obj
 0001:00093ab0       lwGetClip                  0000000140094ab0 f   picomodel:clip.obj
 0001:00093f30       lwFreeEnvelope             0000000140094f30 f   picomodel:envelope.obj
 0001:00093fb0       lwGetEnvelope              0000000140094fb0 f   picomodel:envelope.obj
 0001:000942e0       set_flen                   00000001400952e0 f   picomodel:lwio.obj
 0001:000942f0       get_flen                   00000001400952f0 f   picomodel:lwio.obj
 0001:00094300       revbytes                   0000000140095300 f   picomodel:lwio.obj
 0001:00094380       getbytes                   0000000140095380 f   picomodel:lwio.obj
 0001:00094430       getU4                      0000000140095430 f   picomodel:lwio.obj
 0001:00094430       getI4                      0000000140095430 f   picomodel:lwio.obj
 0001:00094490       getU1                      0000000140095490 f   picomodel:lwio.obj
 0001:000944d0       getI2                      00000001400954d0 f   picomodel:lwio.obj
 0001:000944d0       getU2                      00000001400954d0 f   picomodel:lwio.obj
 0001:00094530       getVX                      0000000140095530 f   picomodel:lwio.obj
 0001:000945e0       getF4                      00000001400955e0 f   picomodel:lwio.obj
 0001:00094640       getS0                      0000000140095640 f   picomodel:lwio.obj
 0001:00094780       sgetI2                     0000000140095780 f   picomodel:lwio.obj
 0001:000947e0       sgetU2                     00000001400957e0 f   picomodel:lwio.obj
 0001:00094820       sgetU4                     0000000140095820 f   picomodel:lwio.obj
 0001:00094880       sgetVX                     0000000140095880 f   picomodel:lwio.obj
 0001:00094900       sgetF4                     0000000140095900 f   picomodel:lwio.obj
 0001:00094960       sgetS0                     0000000140095960 f   picomodel:lwio.obj
 0001:00094dc0       lwGetSurface5              0000000140095dc0 f   picomodel:lwob.obj
 0001:000957c0       lwGetPolygons5             00000001400967c0 f   picomodel:lwob.obj
 0001:00095980       lwGetObject5               0000000140096980 f   picomodel:lwob.obj
 0001:00095c00       lwValidateObject5          0000000140096c00 f   picomodel:lwob.obj
 0001:00095cb0       normalize                  0000000140096cb0 f   picomodel:vecmath.obj
 0001:00095cfc       _stricmp                   0000000140096cfc f   MSVCRT:MSVCR90.dll
 0001:00095d02       rename                     0000000140096d02 f   MSVCRT:MSVCR90.dll
 0001:00095d08       sprintf                    0000000140096d08 f   MSVCRT:MSVCR90.dll
 0001:00095d0e       sscanf_s                   0000000140096d0e f   MSVCRT:MSVCR90.dll
 0001:00095d14       sscanf                     0000000140096d14 f   MSVCRT:MSVCR90.dll
 0001:00095d1a       strncmp                    0000000140096d1a f   MSVCRT:MSVCR90.dll
 0001:00095d20       free                       0000000140096d20 f   MSVCRT:MSVCR90.dll
 0001:00095d26       atoi                       0000000140096d26 f   MSVCRT:MSVCR90.dll
 0001:00095d2c       remove                     0000000140096d2c f   MSVCRT:MSVCR90.dll
 0001:00095d32       ftell                      0000000140096d32 f   MSVCRT:MSVCR90.dll
 0001:00095d38       realloc                    0000000140096d38 f   MSVCRT:MSVCR90.dll
[...]
 0001:000532f0       ?MapTriangle@@YA?AW4qboolean@@PEAUrawLightmap_s@@PEAUsurfaceInfo_s@@QEAPEAUbspDrawVert_t@@W41@@Z 00000001400542f0 f    CIL library: CIL module
 0001:00053670       ?MapQuad_r@@YAXPEAUrawLightmap_s@@PEAUsurfaceInfo_s@@QEAPEAUbspDrawVert_t@@QEAM3QEAY02M4@Z 0000000140054670 f    CIL library: CIL module
 0001:000539f0       ?MapQuad@@YA?AW4qboolean@@PEAUrawLightmap_s@@PEAUsurfaceInfo_s@@QEAPEAUbspDrawVert_t@@@Z 00000001400549f0 f    CIL library: CIL module
 0001:00056870       ?SubmapRawLuxel@@YA?AW4qboolean@@PEAUrawLightmap_s@@HHMMPEAHQEAM2@Z 0000000140057870 f    CIL library: CIL module
 0001:00056bf0       ?SubsampleRawLuxel_r@@YAXPEAUrawLightmap_s@@PEAUtrace_t@@QEAMHHMPEAM@Z 0000000140057bf0 f    CIL library: CIL module
 0001:0005d9c0       ?CompareLightSurface@@YAHPEBX0@Z 000000014005e9c0 f    CIL library: CIL module
 0001:0005f2a0       ?CompareSurfaceInfo@@YAHPEBX0@Z 00000001400602a0 f    CIL library: CIL module
 0001:00061930       ?CompareBSPLuxels@@YA?AW4qboolean@@PEAUrawLightmap_s@@H0H@Z 0000000140062930 f    CIL library: CIL module
 0001:00061ce0       ?MergeBSPLuxels@@YA?AW4qboolean@@PEAUrawLightmap_s@@H0H@Z 0000000140062ce0 f    CIL library: CIL module
 0001:00061f70       ?ApproximateLuxel@@YA?AW4qboolean@@PEAUrawLightmap_s@@PEAUbspDrawVert_t@@@Z 0000000140062f70 f    CIL library: CIL module
 0001:000621a0       ?ApproximateTriangle_r@@YA?AW4qboolean@@PEAUrawLightmap_s@@QEAPEAUbspDrawVert_t@@@Z 00000001400631a0 f    CIL library: CIL module
 0001:000623b0       ?ApproximateLightmap@@YA?AW4qboolean@@PEAUrawLightmap_s@@@Z 00000001400633b0 f    CIL library: CIL module
 0001:00062820       ?TestOutLightmapStamp@@YA?AW4qboolean@@PEAUrawLightmap_s@@HPEAUoutLightmap_s@@HH@Z 0000000140063820 f    CIL library: CIL module
 0001:000629b0       ?SetupOutLightmap@@YAXPEAUrawLightmap_s@@PEAUoutLightmap_s@@@Z 00000001400639b0 f    CIL library: CIL module
 0001:00062b10       ?FindOutLightmaps@@YAXPEAUrawLightmap_s@@@Z 0000000140063b10 f    CIL library: CIL module
 0001:000634a0       ?CompareRawLightmap@@YAHPEBX0@Z 00000001400644a0 f    CIL library: CIL module
 0001:0006cb50       ?ConvertCollapsedSurface@@YAXPEAU_iobuf@@PEAUbspModel_t@@HHHQEAM@Z 000000014006db50 f    CIL library: CIL module
 0001:0006d7d0       ?ConvertSurface@@YAXPEAU_iobuf@@PEAUbspModel_t@@HPEAUbspDrawSurface_t@@HQEAM@Z 000000014006e7d0 f    CIL library: CIL module
 0001:0006de40       ?ConvertModel@@YAXPEAU_iobuf@@PEAUbspModel_t@@HQEAMH@Z 000000014006ee40 f    CIL library: CIL module
 0001:0006df40       ?ConvertShader@@YAXPEAU_iobuf@@PEAUbspShader_t@@H@Z 000000014006ef40 f    CIL library: CIL module
 0001:0006e6a0       ?ConvertBrush@@YAXPEAU_iobuf@@HPEAUbspBrush_t@@QEAM@Z 000000014006f6a0 f    CIL library: CIL module
 0001:0006ea20       ?ConvertPatch@@YAXPEAU_iobuf@@HPEAUbspDrawSurface_t@@QEAM@Z 000000014006fa20 f    CIL library: CIL module
 0001:0006ec40       ?ConvertModel@@YAXPEAU_iobuf@@PEAUbspModel_t@@HQEAM@Z 000000014006fc40 f    CIL library: CIL module
 0001:00072400       ?MD4Transform@@YAXQEAKQEAE@Z 0000000140073400 f    CIL library: CIL module
 0001:00075a90       ?unzlocal_SearchCentralDir@@YAKPEAU_iobuf@@@Z 0000000140076a90 f    CIL library: CIL module
 0001:00075e10       ?unzlocal_GetCurrentFileInfoInternal@@YAHPEAXPEAUunz_file_info_s@@PEAUunz_file_info_internal_s@@PEADK0K3K@Z 0000000140076e10 f    CIL library: CIL module
 0001:00076290       ?unzlocal_CheckCurrentFileCoherencyHeader@@YAHPEAUunz_s@@PEAIPEAK1@Z 0000000140077290 f    CIL library: CIL module
 0001:00077930       ?huft_build@@YAHPEAIIIPEBI1PEAPEAUinflate_huft_s@@0PEAU1@00@Z 0000000140078930 f    CIL library: CIL module
 0001:00079140       ?vfsInitPakFile@@YAXPEBD@Z 000000014007a140 f    CIL library: CIL module
 0001:0007bb80       DDSDecodePixelFormat       000000014007cb80 f   ddslib:ddslib.obj
 0001:0007bc40       DDSGetColorBlockColors     000000014007cc40 f   ddslib:ddslib.obj
 0001:0007be10       DDSDecodeColorBlock        000000014007ce10 f   ddslib:ddslib.obj
 0001:0007bef0       DDSDecodeAlphaExplicit     000000014007cef0 f   ddslib:ddslib.obj
 0001:0007bff0       DDSDecodeAlpha3BitLinear   000000014007cff0 f   ddslib:ddslib.obj
 0001:0007c2f0       DDSDecompressDXT1          000000014007d2f0 f   ddslib:ddslib.obj
 0001:0007c400       DDSDecompressDXT3          000000014007d400 f   ddslib:ddslib.obj
 0001:0007c580       DDSDecompressDXT5          000000014007d580 f   ddslib:ddslib.obj
 0001:0007c700       DDSDecompressDXT2          000000014007d700 f   ddslib:ddslib.obj
 0001:0007c710       DDSDecompressDXT4          000000014007d710 f   ddslib:ddslib.obj
 0001:0007c720       DDSDecompressARGB8888      000000014007d720 f   ddslib:ddslib.obj
 0001:0007cb50       ?default_decompress_parms@@YAXPEAUjpeg_decompress_struct@@@Z 000000014007db50 f   jpeg6:jdapimin.obj
 0001:0007cf70       ?output_pass_setup@@YAEPEAUjpeg_decompress_struct@@@Z 000000014007df70 f   jpeg6:jdapistd.obj
 0001:0007d170       ?init_source@@YAXPEAUjpeg_decompress_struct@@@Z 000000014007e170 f   jpeg6:jdatasrc.obj
 0001:0007d180       ?fill_input_buffer@@YAEPEAUjpeg_decompress_struct@@@Z 000000014007e180 f   jpeg6:jdatasrc.obj
 0001:0007d1e0       ?skip_input_data@@YAXPEAUjpeg_decompress_struct@@J@Z 000000014007e1e0 f   jpeg6:jdatasrc.obj
 0001:0007d230       ?PNGFlushData@@YAXPEAUpng_struct_def@@@Z 000000014007e230 f   jpeg6:jdatasrc.obj
 0001:0007d230       ?term_source@@YAXPEAUjpeg_decompress_struct@@@Z 000000014007e230 f   jpeg6:jdatasrc.obj
 0001:0007d230       ?start_pass_dcolor@@YAXPEAUjpeg_decompress_struct@@@Z 000000014007e230 f   jpeg6:jdatasrc.obj
 0001:0007d2f0       ?error_exit@@YAXPEAUjpeg_common_struct@@@Z 000000014007e2f0 f   jpeg6:jerror.obj
 0001:0007d320       ?output_message@@YAXPEAUjpeg_common_struct@@@Z 000000014007e320 f   jpeg6:jerror.obj
 0001:0007d350       ?emit_message@@YAXPEAUjpeg_common_struct@@H@Z 000000014007e350 f   jpeg6:jerror.obj
 0001:0007d390       ?format_message@@YAXPEAUjpeg_common_struct@@PEAD@Z 000000014007e390 f   jpeg6:jerror.obj
 0001:0007d470       ?reset_error_mgr@@YAXPEAUjpeg_common_struct@@@Z 000000014007e470 f   jpeg6:jerror.obj
 0001:0007d510       ?initial_setup@@YAXPEAUjpeg_decompress_struct@@@Z 000000014007e510 f   jpeg6:jdinput.obj
 0001:0007d720       ?per_scan_setup@@YAXPEAUjpeg_decompress_struct@@@Z 000000014007e720 f   jpeg6:jdinput.obj
 0001:0007d900       ?latch_quant_tables@@YAXPEAUjpeg_decompress_struct@@@Z 000000014007e900 f   jpeg6:jdinput.obj
 0001:0007d9d0       ?start_input_pass@@YAXPEAUjpeg_decompress_struct@@@Z 000000014007e9d0 f   jpeg6:jdinput.obj
 0001:0007da20       ?consume_markers@@YAHPEAUjpeg_decompress_struct@@@Z 000000014007ea20 f   jpeg6:jdinput.obj
 0001:0007db30       ?reset_input_controller@@YAXPEAUjpeg_decompress_struct@@@Z 000000014007eb30 f   jpeg6:jdinput.obj
 0001:0007db80       ?finish_input_pass@@YAXPEAUjpeg_decompress_struct@@@Z 000000014007eb80 f   jpeg6:jdinput.obj
 0001:0007dc00       ?get_soi@@YAEPEAUjpeg_decompress_struct@@@Z 000000014007ec00 f   jpeg6:jdmarker.obj
 0001:0007dcc0       ?get_sof@@YAEPEAUjpeg_decompress_struct@@EE@Z 000000014007ecc0 f   jpeg6:jdmarker.obj
 0001:0007e010       ?get_sos@@YAEPEAUjpeg_decompress_struct@@@Z 000000014007f010 f   jpeg6:jdmarker.obj
 0001:0007e340       ?get_app0@@YAEPEAUjpeg_decompress_struct@@@Z 000000014007f340 f   jpeg6:jdmarker.obj
 0001:0007e620       ?get_app14@@YAEPEAUjpeg_decompress_struct@@@Z 000000014007f620 f   jpeg6:jdmarker.obj
 0001:0007e810       ?get_dac@@YAEPEAUjpeg_decompress_struct@@@Z 000000014007f810 f   jpeg6:jdmarker.obj
 0001:0007e9c0       ?get_dht@@YAEPEAUjpeg_decompress_struct@@@Z 000000014007f9c0 f   jpeg6:jdmarker.obj
 0001:0007ecf0       ?get_dqt@@YAEPEAUjpeg_decompress_struct@@@Z 000000014007fcf0 f   jpeg6:jdmarker.obj
 0001:0007ef70       ?get_dri@@YAEPEAUjpeg_decompress_struct@@@Z 000000014007ff70 f   jpeg6:jdmarker.obj
 0001:0007f090       ?skip_variable@@YAEPEAUjpeg_decompress_struct@@@Z 0000000140080090 f   jpeg6:jdmarker.obj
 0001:0007f160       ?next_marker@@YAEPEAUjpeg_decompress_struct@@@Z 0000000140080160 f   jpeg6:jdmarker.obj
 0001:0007f2d0       ?first_marker@@YAEPEAUjpeg_decompress_struct@@@Z 00000001400802d0 f   jpeg6:jdmarker.obj
 0001:0007f3a0       ?read_markers@@YAHPEAUjpeg_decompress_struct@@@Z 00000001400803a0 f   jpeg6:jdmarker.obj
 0001:0007f6c0       ?read_restart_marker@@YAEPEAUjpeg_decompress_struct@@@Z 00000001400806c0 f   jpeg6:jdmarker.obj
 0001:0007f890       ?reset_marker_reader@@YAXPEAUjpeg_decompress_struct@@@Z 0000000140080890 f   jpeg6:jdmarker.obj
 0001:0007f980       ?out_of_memory@@YAXPEAUjpeg_common_struct@@H@Z 0000000140080980 f   jpeg6:jmemmgr.obj
 0001:0007f9a0       ?alloc_small@@YAPEAXPEAUjpeg_common_struct@@H_K@Z 00000001400809a0 f   jpeg6:jmemmgr.obj
 0001:0007fb20       ?alloc_large@@YAPEAXPEAUjpeg_common_struct@@H_K@Z 0000000140080b20 f   jpeg6:jmemmgr.obj
 0001:0007fc00       ?alloc_sarray@@YAPEAPEAEPEAUjpeg_common_struct@@HII@Z 0000000140080c00 f   jpeg6:jmemmgr.obj
 0001:0007fcf0       ?alloc_barray@@YAPEAPEAY0EA@FPEAUjpeg_common_struct@@HII@Z 0000000140080cf0 f   jpeg6:jmemmgr.obj
 0001:0007fe00       ?request_virt_sarray@@YAPEAUjvirt_sarray_control@@PEAUjpeg_common_struct@@HEIII@Z 0000000140080e00 f   jpeg6:jmemmgr.obj
 0001:0007feb0       ?request_virt_barray@@YAPEAUjvirt_barray_control@@PEAUjpeg_common_struct@@HEIII@Z 0000000140080eb0 f   jpeg6:jmemmgr.obj
 0001:0007ff60       ?realize_virt_arrays@@YAXPEAUjpeg_common_struct@@@Z 0000000140080f60 f   jpeg6:jmemmgr.obj
 0001:00080140       ?do_sarray_io@@YAXPEAUjpeg_common_struct@@PEAUjvirt_sarray_control@@E@Z 0000000140081140 f   jpeg6:jmemmgr.obj
 0001:00080200       ?do_barray_io@@YAXPEAUjpeg_common_struct@@PEAUjvirt_barray_control@@E@Z 0000000140081200 f   jpeg6:jmemmgr.obj
 0001:000802c0       ?access_virt_sarray@@YAPEAPEAEPEAUjpeg_common_struct@@PEAUjvirt_sarray_control@@IIE@Z 00000001400812c0 f   jpeg6:jmemmgr.obj
 0001:00080420       ?access_virt_barray@@YAPEAPEAY0EA@FPEAUjpeg_common_struct@@PEAUjvirt_barray_control@@IIE@Z 0000000140081420 f   jpeg6:jmemmgr.obj
 0001:00080580       ?free_pool@@YAXPEAUjpeg_common_struct@@H@Z 0000000140081580 f   jpeg6:jmemmgr.obj
 0001:000806d0       ?self_destruct@@YAXPEAUjpeg_common_struct@@@Z 00000001400816d0 f   jpeg6:jmemmgr.obj
 0001:00080950       ?use_merged_upsample@@YAEPEAUjpeg_decompress_struct@@@Z 0000000140081950 f   jpeg6:jdmaster.obj
 0001:00080a10       ?prepare_range_limit_table@@YAXPEAUjpeg_decompress_struct@@@Z 0000000140081a10 f   jpeg6:jdmaster.obj
 0001:00080ac0       ?master_selection@@YAXPEAUjpeg_decompress_struct@@@Z 0000000140081ac0 f   jpeg6:jdmaster.obj
 0001:00080c70       ?prepare_for_output_pass@@YAXPEAUjpeg_decompress_struct@@@Z 0000000140081c70 f   jpeg6:jdmaster.obj
 0001:00080dc0       ?finish_output_pass@@YAXPEAUjpeg_decompress_struct@@@Z 0000000140081dc0 f   jpeg6:jdmaster.obj
 0001:00080f30       ?alloc_funny_pointers@@YAXPEAUjpeg_decompress_struct@@@Z 0000000140081f30 f   jpeg6:jdmainct.obj
 0001:00081030       ?make_funny_pointers@@YAXPEAUjpeg_decompress_struct@@@Z 0000000140082030 f   jpeg6:jdmainct.obj
 0001:000811d0       ?set_wraparound_pointers@@YAXPEAUjpeg_decompress_struct@@@Z 00000001400821d0 f   jpeg6:jdmainct.obj
 0001:000812e0       ?set_bottom_pointers@@YAXPEAUjpeg_decompress_struct@@@Z 00000001400822e0 f   jpeg6:jdmainct.obj
 0001:000813b0       ?process_data_simple_main@@YAXPEAUjpeg_decompress_struct@@PEAPEAEPEAII@Z 00000001400823b0 f   jpeg6:jdmainct.obj
 0001:00081460       ?process_data_context_main@@YAXPEAUjpeg_decompress_struct@@PEAPEAEPEAII@Z 0000000140082460 f   jpeg6:jdmainct.obj
 0001:000815f0       ?start_pass_main@@YAXPEAUjpeg_decompress_struct@@W4J_BUF_MODE@@@Z 00000001400825f0 f   jpeg6:jdmainct.obj
 0001:000817a0       ?start_iMCU_row@@YAXPEAUjpeg_decompress_struct@@@Z 00000001400827a0 f   jpeg6:jdcoefct.obj
 0001:00081800       ?start_input_pass@@YAXPEAUjpeg_decompress_struct@@@Z 0000000140082800 f   jpeg6:jdcoefct.obj
 0001:00081810       ?start_output_pass@@YAXPEAUjpeg_decompress_struct@@@Z 0000000140082810 f   jpeg6:jdcoefct.obj
 0001:00081820       ?decompress_onepass@@YAHPEAUjpeg_decompress_struct@@PEAPEAPEAE@Z 0000000140082820 f   jpeg6:jdcoefct.obj
 0001:00081ae0       ?dummy_consume_data@@YAHPEAUjpeg_decompress_struct@@@Z 0000000140082ae0 f   jpeg6:jdcoefct.obj
 0001:00082070       ?process_restart@@YAEPEAUjpeg_decompress_struct@@@Z 0000000140083070 f   jpeg6:jdhuff.obj
 0001:00082110       ?decode_mcu@@YAEPEAUjpeg_decompress_struct@@PEAPEAY0EA@F@Z 0000000140083110 f   jpeg6:jdhuff.obj
 0001:000825e0       ?start_pass_huff_decoder@@YAXPEAUjpeg_decompress_struct@@@Z 00000001400835e0 f   jpeg6:jdhuff.obj
 0001:000827a0       ?start_pass@@YAXPEAUjpeg_decompress_struct@@@Z 00000001400837a0 f   jpeg6:jddctmgr.obj
 0001:00082b60       ?post_process_1pass@@YAXPEAUjpeg_decompress_struct@@PEAPEAPEAEPEAIIPEAPEAE2I@Z 0000000140083b60 f   jpeg6:jdpostct.obj
 0001:00082c10       ?start_pass_dpost@@YAXPEAUjpeg_decompress_struct@@W4J_BUF_MODE@@@Z 0000000140083c10 f   jpeg6:jdpostct.obj
 0001:00082d60       ?start_pass_upsample@@YAXPEAUjpeg_decompress_struct@@@Z 0000000140083d60 f   jpeg6:jdsample.obj
 0001:00082d80       ?sep_upsample@@YAXPEAUjpeg_decompress_struct@@PEAPEAPEAEPEAIIPEAPEAE2I@Z 0000000140083d80 f   jpeg6:jdsample.obj
 0001:00082ed0       ?fullsize_upsample@@YAXPEAUjpeg_decompress_struct@@PEAUjpeg_component_info@@PEAPEAEPEAPEAPEAE@Z 0000000140083ed0 f   jpeg6:jdsample.obj
 0001:00082ee0       ?noop_upsample@@YAXPEAUjpeg_decompress_struct@@PEAUjpeg_component_info@@PEAPEAEPEAPEAPEAE@Z 0000000140083ee0 f   jpeg6:jdsample.obj
 0001:00082ef0       ?int_upsample@@YAXPEAUjpeg_decompress_struct@@PEAUjpeg_component_info@@PEAPEAEPEAPEAPEAE@Z 0000000140083ef0 f   jpeg6:jdsample.obj
 0001:00083050       ?h2v1_upsample@@YAXPEAUjpeg_decompress_struct@@PEAUjpeg_component_info@@PEAPEAEPEAPEAPEAE@Z 0000000140084050 f   jpeg6:jdsample.obj
 0001:000830c0       ?h2v2_upsample@@YAXPEAUjpeg_decompress_struct@@PEAUjpeg_component_info@@PEAPEAEPEAPEAPEAE@Z 00000001400840c0 f   jpeg6:jdsample.obj
 0001:00083180       ?h2v1_fancy_upsample@@YAXPEAUjpeg_decompress_struct@@PEAUjpeg_component_info@@PEAPEAEPEAPEAPEAE@Z 0000000140084180 f   jpeg6:jdsample.obj
 0001:00083270       ?h2v2_fancy_upsample@@YAXPEAUjpeg_decompress_struct@@PEAUjpeg_component_info@@PEAPEAEPEAPEAPEAE@Z 0000000140084270 f   jpeg6:jdsample.obj
 0001:00083630       ?build_ycc_rgb_table@@YAXPEAUjpeg_decompress_struct@@@Z 0000000140084630 f   jpeg6:jdcolor.obj
 0001:00083730       ?ycc_rgb_convert@@YAXPEAUjpeg_decompress_struct@@PEAPEAPEAEIPEAPEAEH@Z 0000000140084730 f   jpeg6:jdcolor.obj
 0001:000838d0       ?null_convert@@YAXPEAUjpeg_decompress_struct@@PEAPEAPEAEIPEAPEAEH@Z 00000001400848d0 f   jpeg6:jdcolor.obj
 0001:00083990       ?grayscale_convert@@YAXPEAUjpeg_decompress_struct@@PEAPEAPEAEIPEAPEAEH@Z 0000000140084990 f   jpeg6:jdcolor.obj
 0001:000839d0       ?ycck_cmyk_convert@@YAXPEAUjpeg_decompress_struct@@PEAPEAPEAEIPEAPEAEH@Z 00000001400849d0 f   jpeg6:jdcolor.obj
 0001:00088750       _obj_canload               0000000140089750 f   picomodel:pm_obj.obj
 0001:000888b0       SizeObjVertexData          00000001400898b0 f   picomodel:pm_obj.obj
 0001:00088970       FreeObjVertexData          0000000140089970 f   picomodel:pm_obj.obj
 0001:00088990       _obj_load                  0000000140089990 f   picomodel:pm_obj.obj
 0001:000898a0       _terrain_canload           000000014008a8a0 f   picomodel:pm_terrain.obj
 0001:00089910       _terrain_load              000000014008a910 f   picomodel:pm_terrain.obj
 0001:0008a0f0       lwo_lwIDToStr              000000014008b0f0 f   picomodel:pm_lwo.obj
 0001:0008a140       _lwo_canload               000000014008b140 f   picomodel:pm_lwo.obj
 0001:0008a1b0       _lwo_load                  000000014008b1b0 f   picomodel:pm_lwo.obj
 0001:0008aab0       _fm_canload                000000014008bab0 f   picomodel:pm_fm.obj
 0001:0008abe0       _fm_load                   000000014008bbe0 f   picomodel:pm_fm.obj
 0001:0008b6c0       _md2_canload               000000014008c6c0 f   picomodel:pm_md2.obj
 0001:0008b710       _md2_load                  000000014008c710 f   picomodel:pm_md2.obj
 0001:0008c180       _mdc_canload               000000014008d180 f   picomodel:pm_mdc.obj
 0001:0008c1d0       _mdc_load                  000000014008d1d0 f   picomodel:pm_mdc.obj
 0001:0008cab0       _ms3d_canload              000000014008dab0 f   picomodel:pm_ms3d.obj
 0001:0008cb30       GetWord                    000000014008db30 f   picomodel:pm_ms3d.obj
 0001:0008cb70       _ms3d_load                 000000014008db70 f   picomodel:pm_ms3d.obj
 0001:0008d2a0       _ase_get_material          000000014008e2a0 f   picomodel:pm_ase.obj
 0001:0008d2c0       _ase_get_submaterial       000000014008e2c0 f   picomodel:pm_ase.obj
 0001:0008d370       _ase_add_material          000000014008e370 f   picomodel:pm_ase.obj
 0001:0008d3b0       _ase_add_submaterial       000000014008e3b0 f   picomodel:pm_ase.obj
 0001:0008d430       _ase_free_materials        000000014008e430 f   picomodel:pm_ase.obj
 0001:0008d4b0       _ase_canload               000000014008e4b0 f   picomodel:pm_ase.obj
 0001:0008d540       _ase_submit_triangles      000000014008e540 f   picomodel:pm_ase.obj
 0001:0008dab0       _ase_load                  000000014008eab0 f   picomodel:pm_ase.obj
 0001:0008f110       _3ds_canload               0000000140090110 f   picomodel:pm_3ds.obj
 0001:0008f170       GetChunk                   0000000140090170 f   picomodel:pm_3ds.obj
 0001:0008f1d0       GetASCIIZ                  00000001400901d0 f   picomodel:pm_3ds.obj
 0001:0008f260       GetByte                    0000000140090260 f   picomodel:pm_3ds.obj
 0001:0008f280       GetWord                    0000000140090280 f   picomodel:pm_3ds.obj
 0001:0008f2c0       GetFloat                   00000001400902c0 f   picomodel:pm_3ds.obj
 0001:0008f2f0       GetMeshVertices            00000001400902f0 f   picomodel:pm_3ds.obj
 0001:0008f380       GetMeshFaces               0000000140090380 f   picomodel:pm_3ds.obj
 0001:0008f440       GetMeshTexCoords           0000000140090440 f   picomodel:pm_3ds.obj
 0001:0008f4d0       GetMeshShader              00000001400904d0 f   picomodel:pm_3ds.obj
 0001:0008f6a0       GetDiffuseColor            00000001400906a0 f   picomodel:pm_3ds.obj
 0001:0008f6f0       DoNextEditorDataChunk      00000001400906f0 f   picomodel:pm_3ds.obj
 0001:0008f970       DoNextChunk                0000000140090970 f   picomodel:pm_3ds.obj
 0001:0008fa30       _3ds_load                  0000000140090a30 f   picomodel:pm_3ds.obj
 0001:0008fb40       _md3_canload               0000000140090b40 f   picomodel:pm_md3.obj
 0001:0008fb90       _md3_load                  0000000140090b90 f   picomodel:pm_md3.obj
 0001:00093240       compare_shaders            0000000140094240 f   picomodel:surface.obj
 0001:00093240       compare_textures           0000000140094240 f   picomodel:surface.obj
 0001:00093270       add_texture                0000000140094270 f   picomodel:surface.obj
 0001:00093f80       compare_keys               0000000140094f80 f   picomodel:envelope.obj
 0001:00094a30       add_clip                   0000000140095a30 f   picomodel:lwob.obj
 0001:00094ae0       add_tvel                   0000000140095ae0 f   picomodel:lwob.obj
 0001:00094c60       get_texture                0000000140095c60 f   picomodel:lwob.obj
 0001:00095ecc       pre_cpp_init               0000000140096ecc f   MSVCRT:crtexe.obj
 0001:00095f34       __tmainCRTStartup          0000000140096f34 f   MSVCRT:crtexe.obj
 0001:000960b4       pre_c_init                 00000001400970b4 f   MSVCRT:crtexe.obj
 0001:00096550       _onexit$fin$0              0000000140097550 f   MSVCRT:atonexit.obj
 0001:00096569       __tmainCRTStartup$filt$0   0000000140097569 f   MSVCRT:crtexe.obj
 0001:00096590       _IsNonwritableInCurrentImage$filt$0 0000000140097590 f   MSVCRT:pesect.obj
