 bloodmap

 Timestamp is 55cfbc6d (Sun Aug 16 01:25:49 2015)

 Preferred load address is 0000000140000000

 Start         Length     Name                   Class
 0001:00000000 00096548H .text                   CODE
 0001:00096550 0000005eH .text$00                CODE
 0001:000965b0 00000061H .text$x                 CODE
 0002:00000000 00000528H .idata$5                DATA
 0002:00000528 00000008H .CRT$XCA                DATA
 0002:00000530 00000008H .CRT$XCAA               DATA
 0002:00000538 00000008H .CRT$XCZ                DATA
 0002:00000540 00000008H .CRT$XIA                DATA
 0002:00000548 00000008H .CRT$XIAA               DATA
 0002:00000550 00000008H .CRT$XIY                DATA
 0002:00000558 00000008H .CRT$XIZ                DATA
 0002:00000560 00011668H .rdata                  DATA
 0002:00011bc8 00000042H .rdata$debug            DATA
 0002:00011c10 00000008H .rtc$IAA                DATA
 0002:00011c18 00000008H .rtc$IZZ                DATA
 0002:00011c20 00000008H .rtc$TAA                DATA
 0002:00011c28 00000008H .rtc$TZZ                DATA
 0002:00011c30 00009ed8H .xdata                  DATA
 0002:0001bb08 00000078H .idata$2                DATA
 0002:0001bb80 00000014H .idata$3                DATA
 0002:0001bb98 00000528H .idata$4                DATA
 0002:0001c0c0 00000842H .idata$6                DATA
 0002:0001c902 00000000H .edata                  DATA
 0003:00000000 00015498H .data                   DATA
 0003:000154a0 105d3320H .bss                    DATA
 0004:00000000 00006648H .pdata                  DATA
 0005:00000000 00000250H .rsrc$01                DATA
 0005:00000250 000102f8H .rsrc$02                DATA

  Address         Publics by Value              Rva+Base               Lib:Object

 0000:00000000       ___safe_se_handler_count   0000000000000000     <absolute>
 0000:00000000       ___safe_se_handler_table   0000000000000000     <absolute>
 0000:00000000       __ImageBase                0000000140000000     <linker-defined>
 0001:00000000       ?IncDrawVerts@@YAXXZ       0000000140001000 f   bspfile_abstract.obj
 0001:000000d0       ?SetDrawVerts@@YAXH@Z      00000001400010d0 f   bspfile_abstract.obj
 0001:00000190       ?SetDrawSurfaces@@YAXH@Z   0000000140001190 f   bspfile_abstract.obj
 0001:00000250       ?SwapBSPFile@@YAXXZ        0000000140001250 f   bspfile_abstract.obj
 0001:00000400       ?WriteBSPFile@@YAXPEBD@Z   0000000140001400 f   bspfile_abstract.obj
 0001:000004a0       ?PrintBSPFileSizes@@YAXXZ  00000001400014a0 f   bspfile_abstract.obj
 0001:00000740       ?ParseEPair@@YAPEAUepair_s@@XZ 0000000140001740 f   bspfile_abstract.obj
 0001:000008b0       ?ParseEntity@@YA?AW4qboolean@@XZ 00000001400018b0 f   bspfile_abstract.obj
 0001:000009d0       ?ParseEntities@@YAXXZ      00000001400019d0 f   bspfile_abstract.obj
 0001:00000a70       ?UnparseEntities@@YAXW4qboolean@@@Z 0000000140001a70 f   bspfile_abstract.obj
 0001:00000db0       ?SetKeyValue@@YAXPEAUentity_t@@PEBD1@Z 0000000140001db0 f   bspfile_abstract.obj
 0001:00000f00       ?KeyExists@@YA?AW4qboolean@@PEBUentity_t@@PEBD@Z 0000000140001f00 f   bspfile_abstract.obj
 0001:00000f60       ?ValueForKey@@YAPEBDPEBUentity_t@@PEBD@Z 0000000140001f60 f   bspfile_abstract.obj
 0001:00000fd0       ?IntForKey@@YAHPEBUentity_t@@PEBD@Z 0000000140001fd0 f   bspfile_abstract.obj
 0001:00001050       ?FloatForKey@@YAMPEBUentity_t@@PEBD@Z 0000000140002050 f   bspfile_abstract.obj
 0001:000010c0       ?GetVectorForKey@@YAXPEBUentity_t@@PEBDQEAM@Z 00000001400020c0 f   bspfile_abstract.obj
 0001:00001180       ?FindTargetEntity@@YAPEAUentity_t@@PEBD@Z 0000000140002180 f   bspfile_abstract.obj
 0001:00001250       ?GetEntityShadowFlags@@YAXPEBUentity_t@@0PEAD1W4qboolean@@@Z 0000000140002250 f   bspfile_abstract.obj
 0001:000014a0       ?GetEntityLightmapScale@@YAXPEBUentity_t@@PEAMM@Z 00000001400024a0 f   bspfile_abstract.obj
 0001:00001640       ?GetEntityLightmapAxis@@YAXPEBUentity_t@@QEAM1@Z 0000000140002640 f   bspfile_abstract.obj
 0001:00001920       ?GetEntityNormalSmoothing@@YAXPEBUentity_t@@PEAHH@Z 0000000140002920 f   bspfile_abstract.obj
 0001:00001a30       ?GetEntityMinlightAmbientColor@@YAXPEBUentity_t@@QEAM1111W4qboolean@@@Z 0000000140002a30 f   bspfile_abstract.obj
 0001:000032e0       ?LoadIBSPFile@@YAXPEBD@Z   00000001400042e0 f   bspfile_ibsp.obj
 0001:000038b0       ?WriteIBSPFile@@YAXPEBD@Z  00000001400048b0 f   bspfile_ibsp.obj
 0001:000042e0       ?LoadRBSPFile@@YAXPEBD@Z   00000001400052e0 f   bspfile_rbsp.obj
 0001:00004a80       ?WriteRBSPFile@@YAXPEBD@Z  0000000140005a80 f   bspfile_rbsp.obj
 0001:00005240       ?PNGReadData@@YAXPEAUpng_struct_def@@PEAE_K@Z 0000000140006240 f   image.obj
 0001:00005590       ?jpeg_mem_term@@YAXPEAUjpeg_common_struct@@@Z 0000000140006590 f   jpeg6:jmemnobs.obj
 0001:00005590       _pico_little_float         0000000140006590 f   picomodel:picointernal.obj
 0001:000055e0       ?WritePNG@@YAXPEBDPEAEHHW4qboolean@@2@Z 00000001400065e0 f   image.obj
 0001:00005990       ?ImageFind@@YAPEAUimage_s@@PEBD@Z 0000000140006990 f   image.obj
 0001:00005a80       ?ImageLoad@@YAPEAUimage_s@@PEBD@Z 0000000140006a80 f   image.obj
 0001:00006310       ?FixAAS@@YAHHPEAPEAD@Z     0000000140007310 f   main.obj
 0001:000065b0       ?AnalyzeBSP@@YAHHPEAPEAD@Z 00000001400075b0 f   main.obj
 0001:000069a0       ?BSPInfo@@YAHHPEAPEAD@Z    00000001400079a0 f   main.obj
 0001:00006ce0       ?ScaleBSPMain@@YAHHPEAPEAD@Z 0000000140007ce0 f   main.obj
 0001:00007cb0       ?ConvertBSPMain@@YAHHPEAPEAD@Z 0000000140008cb0 f   main.obj
 0001:000080d0       main                       00000001400090d0 f   main.obj
 0001:00008760       ?LerpDrawVert@@YAXPEAUbspDrawVert_t@@00@Z 0000000140009760 f   mesh.obj
 0001:000088b0       ?LerpDrawVertAmount@@YAXPEAUbspDrawVert_t@@0M0@Z 00000001400098b0 f   mesh.obj
 0001:00008a90       ?CopyMesh@@YAPEAUmesh_t@@PEAU1@@Z 0000000140009a90 f   mesh.obj
 0001:00008b10       ?TransposeMesh@@YAPEAUmesh_t@@PEAU1@@Z 0000000140009b10 f   mesh.obj
 0001:00008c10       ?InvertMesh@@YAXPEAUmesh_t@@@Z 0000000140009c10 f   mesh.obj
 0001:00008d50       ?MakeMeshNormals@@YAXUmesh_t@@@Z 0000000140009d50 f   mesh.obj
 0001:000092e0       ?PutMeshOnCurve@@YAXUmesh_t@@@Z 000000014000a2e0 f   mesh.obj
 0001:00009630       ?SubdivideMesh@@YAPEAUmesh_t@@U1@MM@Z 000000014000a630 f   mesh.obj
 0001:0000a360       ?IterationsForCurve@@YAHMH@Z 000000014000b360 f   mesh.obj
 0001:0000a3e0       ?SubdivideMesh2@@YAPEAUmesh_t@@U1@H@Z 000000014000b3e0 f   mesh.obj
 0001:0000acd0       ?RemoveLinearMeshColumnsRows@@YAPEAUmesh_t@@PEAU1@@Z 000000014000bcd0 f   mesh.obj
 0001:0000b2c0       ?PicoPrintFunc@@YAXHPEBD@Z 000000014000c2c0 f   model.obj
 0001:0000b340       ?PicoLoadFileFunc@@YAXPEADPEAPEAEPEAH@Z 000000014000c340 f   model.obj
 0001:0000b360       ?FindModel@@YAPEAUpicoModel_s@@PEBDH@Z 000000014000c360 f   model.obj
 0001:0000b430       ?LoadModel@@YAPEAUpicoModel_s@@PEBDH@Z 000000014000c430 f   model.obj
 0001:0000b540       ?InsertModel@@YAXPEADHHQEAMMPEAUremap_s@@PEAUshaderInfo_s@@HHDDHM11111MHHW4qboolean@@M4PEAH555@Z 000000014000c540 f   model.obj
 0001:0000c8d0       ?LoadTriangleModels@@YAXXZ 000000014000d8d0 f   model.obj
 0001:0000cc40       ?AddTriangleModels@@YAXH@Z 000000014000dc40 f   model.obj
 0001:0000de20       ?TidyShaders@@YAXXZ        000000014000ee20 f   optimize.obj
 0001:0000e580       ?MergeDrawSurfaces@@YAXXZ  000000014000f580 f   optimize.obj
 0001:0000f290       ?MergeDrawVerts@@YAXXZ     0000000140010290 f   optimize.obj
 0001:0000fce0       ?WriteResourceOBJFile@@YAXPEBD@Z 0000000140010ce0 f   optimize.obj
 0001:000105c0       ?OptimizeBSPMain@@YAHHPEAPEAD@Z 00000001400115c0 f   optimize.obj
 0001:00010cc0       ?AllocateEntity@@YAPEAUentity_t@@PEAU1@@Z 0000000140011cc0 f   patchbsp.obj
 0001:00010d40       ?FindMapEntityByUniqueKey@@YAPEAUentity_t@@PEBD@Z 0000000140011d40 f   patchbsp.obj
 0001:00010e50       ?PatchEntities@@YAXXZ      0000000140011e50 f   patchbsp.obj
 0001:000113d0       ?PatchBSPMain@@YAHHPEAPEAD@Z 00000001400123d0 f   patchbsp.obj
 0001:00011a00       ?GetGame@@YAPEAUgame_s@@PEAD@Z 0000000140012a00 f   path_init.obj
 0001:00011b50       ?AddBasePath@@YAXPEAD@Z    0000000140012b50 f   path_init.obj
 0001:00011bf0       ?AddGamePath@@YAXPEAD@Z    0000000140012bf0 f   path_init.obj
 0001:00011c90       ?InitPaths@@YAXPEAHPEAPEAD@Z 0000000140012c90 f   path_init.obj
 0001:00012160       ?GetGamePath@@YA?AW4qboolean@@PEAD0@Z 0000000140013160 f   path_init.obj
 0001:000123f0       ?ColorModBuildRandomMatrix@@YAXXZ 00000001400133f0 f   shaders.obj
 0001:000124a0       ?ColorModRandom@@YAMQEAMM@Z 00000001400134a0 f   shaders.obj
 0001:00012770       ?ColorMod@@YAXPEAUentity_t@@PEAUmapDrawSurface_s@@PEAUcolorMod_s@@PEAUbrush_s@@HH@Z 0000000140013770 f   shaders.obj
 0001:00013130       ?TCModMultiply@@YAXQEAY02M00@Z 0000000140014130 f   shaders.obj
 0001:000132b0       ?TCModRotate@@YAXQEAY02MM@Z 00000001400142b0 f   shaders.obj
 0001:000133a0       ?ApplySurfaceParm@@YA?AW4qboolean@@PEADPEAH11@Z 00000001400143a0 f   shaders.obj
 0001:000134f0       ?BeginMapShaderFile@@YAXPEBD@Z 00000001400144f0 f   shaders.obj
 0001:00013660       ?WriteMapShaderFile@@YAXXZ 0000000140014660 f   shaders.obj
 0001:000137e0       ?CustomShader@@YAPEAUshaderInfo_s@@PEAU1@PEAD1@Z 00000001400147e0 f   shaders.obj
 0001:00013ec0       ?FinishShader@@YAXPEAUshaderInfo_s@@@Z 0000000140014ec0 f   shaders.obj
 0001:00014610       ?ShaderInfoForShader@@YAPEAUshaderInfo_s@@PEBD@Z 0000000140015610 f   shaders.obj
 0001:00014810       ?GetTokenAppend@@YA?AW4qboolean@@PEADW41@@Z 0000000140015810 f   shaders.obj
 0001:00014910       ?Parse1DMatrixAppend@@YAXPEADHPEAM@Z 0000000140015910 f   shaders.obj
 0001:00014a00       ?AllocateColorMod@@YAPEAUcolorMod_s@@PEAUshaderInfo_s@@W4colorModType_t@@@Z 0000000140015a00 f   shaders.obj
 0001:00017730       ?LoadShaderInfo@@YAXXZ     0000000140018730 f   shaders.obj
 0001:00017970       ?AllocSideRef@@YAPEAUsideRef_s@@PEAUside_s@@PEAU1@@Z 0000000140018970 f   brush.obj
 0001:000179c0       ?AllocBrush@@YAPEAUbrush_s@@H@Z 00000001400189c0 f   brush.obj
 0001:00017a40       ?FreeBrush@@YAXPEAUbrush_s@@@Z 0000000140018a40 f   brush.obj
 0001:00017b30       ?CopyBrush@@YAPEAUbrush_s@@PEAU1@@Z 0000000140018b30 f   brush.obj
 0001:00017c00       ?BoundBrush@@YA?AW4qboolean@@PEAUbrush_s@@@Z 0000000140018c00 f   brush.obj
 0001:00017cf0       ?CreateBrushWindings@@YA?AW4qboolean@@PEAUbrush_s@@@Z 0000000140018cf0 f   brush.obj
 0001:00017e80       ?BrushVolume@@YAMPEAUbrush_s@@@Z 0000000140018e80 f   brush.obj
 0001:00017fb0       ?WriteBSPBrushMap@@YAXPEADPEAUbrush_s@@@Z 0000000140018fb0 f   brush.obj
 0001:000181c0       ?FilterBrushIntoTree_r@@YAHPEAUbrush_s@@PEAUnode_s@@@Z 00000001400191c0 f   brush.obj
 0001:00018290       ?FilterDetailBrushesIntoTree@@YAXPEAUentity_t@@PEAUtree_t@@@Z 0000000140019290 f   brush.obj
 0001:00018360       ?FilterStructuralBrushesIntoTree@@YAXPEAUentity_t@@PEAUtree_t@@W4qboolean@@@Z 0000000140019360 f   brush.obj
 0001:00018460       ?WindingIsTiny@@YA?AW4qboolean@@PEAUwinding_t@@@Z 0000000140019460 f   brush.obj
 0001:00018540       ?BrushMostlyOnSide@@YAHPEAUbrush_s@@PEAUplane_s@@@Z 0000000140019540 f   brush.obj
 0001:000187c0       ?SplitBrush@@YAXPEAUbrush_s@@HPEAPEAU1@1@Z 00000001400197c0 f   brush.obj
 0001:00018f70       ?ComputeAxisBase@@YAXQEAM00@Z 0000000140019f70 f   brush_primit.obj
 0001:000190d0       ?SetCloneModelNumbers@@YAXXZ 000000014001a0d0 f   bsp.obj
 0001:00019960       ?ProcessWorldModel@@YAXXZ  000000014001a960 f   bsp.obj
 0001:0001a890       ?ProcessSubModel@@YAXXZ    000000014001b890 f   bsp.obj
 0001:0001ab30       ?ProcessModels@@YAXXZ      000000014001bb30 f   bsp.obj
 0001:0001ad50       ?RegionScissor@@YAXXZ      000000014001bd50 f   bsp.obj
 0001:0001bcf0       ?BSPMain@@YAHHPEAPEAD@Z    000000014001ccf0 f   bsp.obj
 0001:0001dd10       ?ProcessDecals@@YAXXZ      000000014001ed10 f   decals.obj
 0001:0001f2a0       ?MakeEntityDecals@@YAXPEAUentity_t@@@Z 00000001400202a0 f   decals.obj
 0001:0001f650       ?FreeNode@@YAXPEAUdnode_s@@@Z 0000000140020650 f   decorations.obj
 0001:0001f6c0       ?FreeNodesArray@@YAXPEAUdnode_s@@H@Z 00000001400206c0 f   decorations.obj
 0001:0001f7c0       ?EntityArrayAdd@@YAXPEAUdgroupents_s@@PEAUentity_t@@@Z 00000001400207c0 f   decorations.obj
 0001:0001f880       ?NewDecoreGroup@@YAPEAUdgroup_s@@PEADW4decoreMatchParm_t@@@Z 0000000140020880 f   decorations.obj
 0001:0001f9f0       ?PopulateDecoreGroup@@YA?AW4qboolean@@PEAUentity_t@@W4decoreMatchParm_t@@PEAD@Z 00000001400209f0 f   decorations.obj
 0001:0001fbe0       ?DecoreParseActions@@YAXPEAUdactions_s@@@Z 0000000140020be0 f   decorations.obj
 0001:00020220       ?EntityPopulateDecorationGroups@@YAXH@Z 0000000140021220 f   decorations.obj
 0001:00020290       ?LoadDecorationScript@@YAXXZ 0000000140021290 f   decorations.obj
 0001:00020a70       ?EntityProcessActions@@YAXPEAUentity_t@@PEAUdactions_s@@@Z 0000000140021a70 f   decorations.obj
 0001:00020c40       ?CreateEntity@@YAPEAUentity_t@@PEAD@Z 0000000140021c40 f   decorations.obj
 0001:00020cf0       ?LoadFoliage@@YAXPEAD@Z    0000000140021cf0 f   decorations.obj
 0001:00020f50       ?LoadRtlights@@YAXXZ       0000000140021f50 f   decorations.obj
 0001:000218c0       ?ProcessDecorationGroup@@YAXH@Z 00000001400228c0 f   decorations.obj
 0001:000221e0       ?ProcessDecorations@@YAXXZ 00000001400231e0 f   decorations.obj
 0001:00022660       ?BuildFaceTree_r@@YAXPEAUnode_s@@PEAUface_s@@@Z 0000000140023660 f   facebsp.obj
 0001:00022a30       ?FaceBSP@@YAPEAUtree_t@@PEAUface_s@@W4qboolean@@@Z 0000000140023a30 f   facebsp.obj
 0001:00022be0       ?MakeStructuralBSPFaceList@@YAPEAUface_s@@PEAUbrush_s@@@Z 0000000140023be0 f   facebsp.obj
 0001:00022d50       ?MakeVisibleBSPFaceList@@YAPEAUface_s@@PEAUbrush_s@@@Z 0000000140023d50 f   facebsp.obj
 0001:00022ec0       ?DrawSurfToMesh@@YAPEAUmesh_t@@PEAUmapDrawSurface_s@@@Z 0000000140023ec0 f   fog.obj
 0001:00022f60       ?SplitMeshByPlane@@YAXPEAUmesh_t@@QEAMMPEAPEAU1@2@Z 0000000140023f60 f   fog.obj
 0001:00023700       ?ChopPatchSurfaceByBrush@@YA?AW4qboolean@@PEAUentity_t@@PEAUmapDrawSurface_s@@PEAUbrush_s@@@Z 0000000140024700 f   fog.obj
 0001:00023960       ?WindingFromDrawSurf@@YAPEAUwinding_t@@PEAUmapDrawSurface_s@@@Z 0000000140024960 f   fog.obj
 0001:00023ba0       ?ChopFaceSurfaceByBrush@@YA?AW4qboolean@@PEAUentity_t@@PEAUmapDrawSurface_s@@PEAUbrush_s@@@Z 0000000140024ba0 f   fog.obj
 0001:00023f20       ?FogDrawSurfaces@@YAXPEAUentity_t@@@Z 0000000140024f20 f   fog.obj
 0001:00024130       ?FogForBounds@@YAHQEAM0M@Z 0000000140025130 f   fog.obj
 0001:000242b0       ?CreateMapFogs@@YAXXZ      00000001400252b0 f   fog.obj
 0001:000245f0       ?LeakFile@@YAPEAU_xmlNode@@PEAUtree_t@@@Z 00000001400255f0 f   leakfile.obj
 0001:00024a70       ?CreateNewFloatPlane@@YAHQEAMM@Z 0000000140025a70 f   map.obj
 0001:00024c70       ?SnapNormal@@YAXQEAM@Z     0000000140025c70 f   map.obj
 0001:00024d10       ?FindFloatPlane@@YAHQEAMMHPEAY02M@Z 0000000140025d10 f   map.obj
 0001:00025060       ?MapPlaneFromPoints@@YAHPEAY02M@Z 0000000140026060 f   map.obj
 0001:000251c0       ?SetBrushContents@@YAXPEAUbrush_s@@@Z 00000001400261c0 f   map.obj
 0001:00025310       ?AddBrushBevels@@YAXXZ     0000000140026310 f   map.obj
 0001:00025eb0       ?FinishBrush@@YAPEAUbrush_s@@XZ 0000000140026eb0 f   map.obj
 0001:00026190       ?TextureAxisFromPlane@@YAXPEAUplane_s@@QEAM1@Z 0000000140027190 f   map.obj
 0001:00026360       ?QuakeTextureVecs@@YAXPEAUplane_s@@QEAMM1QEAY03M@Z 0000000140027360 f   map.obj
 0001:00026b30       ?RemoveDuplicateBrushPlanes@@YA?AW4qboolean@@PEAUbrush_s@@@Z 0000000140027b30 f   map.obj
 0001:00026e50       ?MoveBrushesToWorld@@YAXPEAUentity_t@@@Z 0000000140027e50 f   map.obj
 0001:00026fc0       ?AdjustBrushesForOrigin@@YAXPEAUentity_t@@@Z 0000000140027fc0 f   map.obj
 0001:00027100       ?SetEntityBounds@@YAXPEAUentity_t@@@Z 0000000140028100 f   map.obj
 0001:00027490       ?LoadEntityIndexMap@@YAXPEAUentity_t@@@Z 0000000140028490 f   map.obj
 0001:000283b0       ?LoadMapFile@@YAXPEADW4qboolean@@111@Z 00000001400293b0 f   map.obj
 0001:00028850       ?CheckMapForErrors@@YAHXZ  0000000140029850 f   map.obj
 0001:00029860       ?ParsePatch@@YAXW4qboolean@@@Z 000000014002a860 f   patch.obj
 0001:0002a080       ?PatchMapDrawSurfs@@YAXPEAUentity_t@@@Z 000000014002b080 f   patch.obj
 0001:0002a650       ?MakeHeadnodePortals@@YAXPEAUtree_t@@@Z 000000014002b650 f   portals.obj
 0001:0002a950       ?BaseWindingForNode@@YAPEAUwinding_t@@PEAUnode_s@@@Z 000000014002b950 f   portals.obj
 0001:0002aa60       ?MakeNodePortal@@YAXPEAUnode_s@@@Z 000000014002ba60 f   portals.obj
 0001:0002aca0       ?SplitNodePortals@@YAXPEAUnode_s@@@Z 000000014002bca0 f   portals.obj
 0001:0002b410       ?CalcNodeBounds@@YAXPEAUnode_s@@@Z 000000014002c410 f   portals.obj
 0001:0002b4a0       ?MakeTreePortals_r@@YAXPEAUnode_s@@@Z 000000014002c4a0 f   portals.obj
 0001:0002b590       ?FloodPortals_r@@YAXPEAUnode_s@@HW4qboolean@@@Z 000000014002c590 f   portals.obj
 0001:0002b630       ?PlaceOccupantTest@@YA?AW4qboolean@@PEAUtree_t@@PEAUnode_s@@QEAM@Z 000000014002c630 f   portals.obj
 0001:0002b6d0       ?FloodEntities@@YA?AW4qboolean@@PEAUtree_t@@W41@@Z 000000014002c6d0 f   portals.obj
 0001:0002c160       ?FloodAreas_r@@YAXPEAUnode_s@@@Z 000000014002d160 f   portals.obj
 0001:0002c2b0       ?FindAreas_r@@YAXPEAUnode_s@@@Z 000000014002d2b0 f   portals.obj
 0001:0002c300       ?FloodSkyboxArea_r@@YAXPEAUnode_s@@@Z 000000014002d300 f   portals.obj
 0001:0002c350       ?FloodAreas@@YAXPEAUtree_t@@@Z 000000014002d350 f   portals.obj
 0001:0002c400       ?FillOutside_r@@YAXPEAUnode_s@@@Z 000000014002d400 f   portals.obj
 0001:0002c460       ?FillOutside@@YAXPEAUnode_s@@@Z 000000014002d460 f   portals.obj
 0001:0002c4e0       ?WriteFloat@@YAXPEAU_iobuf@@M@Z 000000014002d4e0 f   prtfile.obj
 0001:0002c570       ?WritePortalFile_r@@YAXPEAUnode_s@@@Z 000000014002d570 f   prtfile.obj
 0001:0002c890       ?WriteFaceFile_r@@YAXPEAUnode_s@@@Z 000000014002d890 f   prtfile.obj
 0001:0002cad0       ?NumberLeafs_r@@YAXPEAUnode_s@@@Z 000000014002dad0 f   prtfile.obj
 0001:0002cc00       ?NumberClusters@@YAXPEAUtree_t@@@Z 000000014002dc00 f   prtfile.obj
 0001:0002cc80       ?WritePortalFile@@YAXPEAUtree_t@@@Z 000000014002dc80 f   prtfile.obj
 0001:0002cd80       ?AllocDrawSurface@@YAPEAUmapDrawSurface_s@@W4surfaceType_t@@@Z 000000014002dd80 f   surface.obj
 0001:0002ce50       ?FinishSurface@@YAXPEAUmapDrawSurface_s@@@Z 000000014002de50 f   surface.obj
 0001:0002cf10       ?CloneSurface@@YAPEAUmapDrawSurface_s@@PEAU1@PEAUshaderInfo_s@@@Z 000000014002df10 f   surface.obj
 0001:0002d010       ?MakeSkyboxSurface@@YAPEAUmapDrawSurface_s@@PEAU1@@Z 000000014002e010 f   surface.obj
 0001:0002d090       ?IsTriangleDegenerate@@YA?AW4qboolean@@PEAUbspDrawVert_t@@HHH@Z 000000014002e090 f   surface.obj
 0001:0002d180       ?ClearSurface@@YAXPEAUmapDrawSurface_s@@@Z 000000014002e180 f   surface.obj
 0001:0002d1e0       ?TidyEntitySurfaces@@YAXPEAUentity_t@@@Z 000000014002e1e0 f   surface.obj
 0001:0002d360       ?CalcSurfaceTextureRange@@YA?AW4qboolean@@PEAUmapDrawSurface_s@@@Z 000000014002e360 f   surface.obj
 0001:0002d5c0       ?CalcLightmapAxis@@YA?AW4qboolean@@QEAM0@Z 000000014002e5c0 f   surface.obj
 0001:0002d6d0       ?ClassifySurfaces@@YAXHPEAUmapDrawSurface_s@@@Z 000000014002e6d0 f   surface.obj
 0001:0002dba0       ?ClassifyEntitySurfaces@@YAXPEAUentity_t@@@Z 000000014002eba0 f   surface.obj
 0001:0002dc20       ?GetShaderIndexForPoint@@YAEPEAUindexMap_s@@QEAM11@Z 000000014002ec20 f   surface.obj
 0001:0002dd10       ?GetIndexedShader@@YAPEAUshaderInfo_s@@PEAU1@PEAUindexMap_s@@HPEAE@Z 000000014002ed10 f   surface.obj
 0001:0002df70       ?DrawSurfaceForSide@@YAPEAUmapDrawSurface_s@@PEAUentity_t@@PEAUbrush_s@@PEAUside_s@@PEAUwinding_t@@PEAY02MPEAHH@Z 000000014002ef70 f   surface.obj
 0001:0002ea30       ?DrawSurfaceForMesh@@YAPEAUmapDrawSurface_s@@PEAUentity_t@@PEAUparseMesh_s@@PEAUmesh_t@@@Z 000000014002fa30 f   surface.obj
 0001:0002f5a0       ?DrawSurfaceForFlare@@YAPEAUmapDrawSurface_s@@HQEAM00PEADH@Z 00000001400305a0 f   surface.obj
 0001:0002faf0       ?SubdivideFaceSurfaces@@YAXPEAUentity_t@@PEAUtree_t@@@Z 0000000140030af0 f   surface.obj
 0001:0002fe50       ?ClipSideIntoTree_r@@YAXPEAUwinding_t@@PEAUside_s@@PEAUnode_s@@@Z 0000000140030e50 f   surface.obj
 0001:0002ff60       ?SideInBrush@@YA?AW4qboolean@@PEAUside_s@@PEAUbrush_s@@@Z 0000000140030f60 f   surface.obj
 0001:00030050       ?CullSides@@YAXPEAUentity_t@@@Z 0000000140031050 f   surface.obj
 0001:000304b0       ?ClipSidesIntoTree@@YAXPEAUentity_t@@PEAUtree_t@@W4qboolean@@@Z 00000001400314b0 f   surface.obj
 0001:00030720       ?AddReferenceToLeaf@@YAHPEAUmapDrawSurface_s@@PEAUnode_s@@@Z 0000000140031720 f   surface.obj
 0001:000307d0       ?AddReferenceToTree_r@@YAHPEAUmapDrawSurface_s@@PEAUnode_s@@W4qboolean@@@Z 00000001400317d0 f   surface.obj
 0001:000308a0       ?FilterPointIntoTree_r@@YAHQEAMPEAUmapDrawSurface_s@@PEAUnode_s@@@Z 00000001400318a0 f   surface.obj
 0001:00030980       ?FilterWindingIntoTree_r@@YAHPEAUwinding_t@@PEAUmapDrawSurface_s@@PEAUnode_s@@@Z 0000000140031980 f   surface.obj
 0001:00031790       ?EmitDrawVerts@@YAXPEAUmapDrawSurface_s@@PEAUbspDrawSurface_t@@H@Z 0000000140032790 f   surface.obj
 0001:00031960       ?FindDrawIndexes@@YAHHPEAH@Z 0000000140032960 f   surface.obj
 0001:00031ac0       ?EmitDrawIndexes@@YAXPEAUmapDrawSurface_s@@PEAUbspDrawSurface_t@@@Z 0000000140032ac0 f   surface.obj
 0001:00031cf0       ?EmitFlareSurface@@YAXPEAUmapDrawSurface_s@@@Z 0000000140032cf0 f   surface.obj
 0001:00031e20       ?EmitPatchSurface@@YAXPEAUentity_t@@PEAUmapDrawSurface_s@@@Z 0000000140032e20 f   surface.obj
 0001:00033150       ?MakeFogHullSurfs@@YAXPEAUentity_t@@PEAUtree_t@@PEAD@Z 0000000140034150 f   surface.obj
 0001:00033530       ?AddSurfaceModelsToTriangle_r@@YAHPEAUmapDrawSurface_s@@PEAUsurfaceModel_s@@PEAPEAUbspDrawVert_t@@@Z 0000000140034530 f   surface.obj
 0001:00033b90       ?AddSurfaceModels@@YAHPEAUmapDrawSurface_s@@@Z 0000000140034b90 f   surface.obj
 0001:000345c0       ?FixDrawsurfVertexAlpha@@YAXH@Z 00000001400355c0 f   surface.obj
 0001:00035150       ?FixVertexAlpha@@YAXPEAUentity_t@@W4qboolean@@@Z 0000000140036150 f   surface.obj
 0001:000353d0       ?ApplyVertexMods@@YAXPEAUentity_t@@W4qboolean@@@Z 00000001400363d0 f   surface.obj
 0001:00035610       ?FilterDrawsurfsIntoTree@@YAXPEAUentity_t@@PEAUtree_t@@W4qboolean@@@Z 0000000140036610 f   surface.obj
 0001:00035be0       ?EmitDrawsurfsSimpleStats@@YAXXZ 0000000140036be0 f   surface.obj
 0001:00035d50       ?SetSurfaceExtra@@YAXPEAUmapDrawSurface_s@@H@Z 0000000140036d50 f   surface_extra.obj
 0001:00035ea0       ?WriteSurfaceExtraFile@@YAXPEBD@Z 0000000140036ea0 f   surface_extra.obj
 0001:000363a0       ?LoadSurfaceExtraFile@@YAXPEBD@Z 00000001400373a0 f   surface_extra.obj
 0001:00036dd0       ?Foliage@@YAXPEAUmapDrawSurface_s@@@Z 0000000140037dd0 f   surface_foliage.obj
 0001:00037410       ?Fur@@YAXPEAUmapDrawSurface_s@@@Z 0000000140038410 f   surface_fur.obj
 0001:000377b0       ?FindMetaTriangle@@YAHPEAUmetaTriangle_s@@PEAUbspDrawVert_t@@11H@Z 00000001400387b0 f   surface_meta.obj
 0001:00037f20       ?TriangulatePatchSurface@@YAXPEAUentity_t@@PEAUmapDrawSurface_s@@@Z 0000000140038f20 f   surface_meta.obj
 0001:00038440       ?FanFaceSurface@@YAXPEAUmapDrawSurface_s@@@Z 0000000140039440 f   surface_meta.obj
 0001:00038790       ?StripFaceSurface@@YAXPEAUmapDrawSurface_s@@W4qboolean@@@Z 0000000140039790 f   surface_meta.obj
 0001:00038aa0       ?EmitMetaStats@@YAXXZ      0000000140039aa0 f   surface_meta.obj
 0001:00038b50       ?MakeEntityMetaTriangles@@YAXPEAUentity_t@@@Z 0000000140039b50 f   surface_meta.obj
 0001:00038da0       ?MetaTriangleFindAreaWeight@@YAXH@Z 0000000140039da0 f   surface_meta.obj
 0001:00039300       ?SmoothMetaTriangles@@YAXXZ 000000014003a300 f   surface_meta.obj
 0001:00039e30       ?AddMetaVertToSurface@@YAHPEAUmapDrawSurface_s@@PEAUbspDrawVert_t@@PEAH@Z 000000014003ae30 f   surface_meta.obj
 0001:0003b2c0       ?GroupMetaTriangles@@YAXXZ 000000014003c2c0 f   surface_meta.obj
 0001:0003bad0       ?MergeMetaTrianglesThread@@YAXH@Z 000000014003cad0 f   surface_meta.obj
 0001:0003bbe0       ?MergeMetaTriangles@@YAXXZ 000000014003cbe0 f   surface_meta.obj
 0001:0003be80       ?InsertPointOnEdge@@YAXQEAMPEAUedgeLine_s@@@Z 000000014003ce80 f   tjunction.obj
 0001:0003bfb0       ?AddEdge@@YAHQEAM0W4qboolean@@@Z 000000014003cfb0 f   tjunction.obj
 0001:0003c470       ?AddSurfaceEdges@@YAXPEAUmapDrawSurface_s@@@Z 000000014003d470 f   tjunction.obj
 0001:0003c500       ?ColinearEdge@@YA?AW4qboolean@@QEAM00@Z 000000014003d500 f   tjunction.obj
 0001:0003c620       ?AddPatchEdges@@YAXPEAUmapDrawSurface_s@@@Z 000000014003d620 f   tjunction.obj
 0001:0003c7f0       ?FixSurfaceJunctions@@YAXPEAUmapDrawSurface_s@@@Z 000000014003d7f0 f   tjunction.obj
 0001:0003cd70       ?FixBrokenSurface@@YA?AW4qboolean@@PEAUmapDrawSurface_s@@@Z 000000014003dd70 f   tjunction.obj
 0001:0003d130       ?EdgeCompare@@YAHPEBX0@Z   000000014003e130 f   tjunction.obj
 0001:0003d140       ?FixTJunctions@@YAXPEAUentity_t@@@Z 000000014003e140 f   tjunction.obj
 0001:0003d410       ?FreeTreePortals_r@@YAXPEAUnode_s@@@Z 000000014003e410 f   tree.obj
 0001:0003d5a0       ?FreeTree_r@@YAXPEAUnode_s@@@Z 000000014003e5a0 f   tree.obj
 0001:0003d600       ?FreeTree@@YAXPEAUtree_t@@@Z 000000014003e600 f   tree.obj
 0001:0003d680       ?EmitShader@@YAHPEBDPEAH1@Z 000000014003e680 f   writebsp.obj
 0001:0003d7f0       ?EmitPlanes@@YAXXZ         000000014003e7f0 f   writebsp.obj
 0001:0003d940       ?EmitLeaf@@YAXPEAUnode_s@@@Z 000000014003e940 f   writebsp.obj
 0001:0003dab0       ?EmitDrawNode_r@@YAHPEAUnode_s@@@Z 000000014003eab0 f   writebsp.obj
 0001:0003dbe0       ?SetModelNumbers@@YAXXZ    000000014003ebe0 f   writebsp.obj
 0001:0003dc80       ?SetLightStyles@@YAXXZ     000000014003ec80 f   writebsp.obj
 0001:0003dfd0       ?EndBSPFile@@YAXXZ         000000014003efd0 f   writebsp.obj
 0001:0003e0d0       ?EmitBrushes@@YAXPEAUbrush_s@@PEAH1@Z 000000014003f0d0 f   writebsp.obj
 0001:0003e3d0       ?EmitFogs@@YAXXZ           000000014003f3d0 f   writebsp.obj
 0001:0003e4f0       ?BeginModel@@YAXXZ         000000014003f4f0 f   writebsp.obj
 0001:0003e8a0       ?EndModel@@YAXPEAUentity_t@@PEAUnode_s@@@Z 000000014003f8a0 f   writebsp.obj
 0001:0003eea0       ?CreateEntityLights@@YAXXZ 000000014003fea0 f   light.obj
 0001:0003fdd0       ?CreateSurfaceLights@@YAXXZ 0000000140040dd0 f   light.obj
 0001:00040160       ?SetEntityOrigins@@YAXXZ   0000000140041160 f   light.obj
 0001:000403e0       ?PointToPolygonFormFactor@@YAMQEBM0PEBUwinding_t@@@Z 00000001400413e0 f   light.obj
 0001:000406a0       ?LightContribution@@YAHPEAUtrace_t@@HW4qboolean@@@Z 00000001400416a0 f   light.obj
 0001:00040e40       ?LightContributionAllStyles@@YAXPEAUtrace_t@@QEAEQEAY02MHW4qboolean@@@Z 0000000140041e40 f   light.obj
 0001:00041080       ?LightContributionSuper@@YAHPEAUtrace_t@@HW4qboolean@@HQEBM22QEAM@Z 0000000140042080 f   light.obj
 0001:00041750       ?IlluminateGridPoint@@YAXPEAUtrace_t@@HPEAPEAUrawLightmap_s@@H@Z 0000000140042750 f   light.obj
 0001:00043090       ?IlluminateGridBlock@@YAXH@Z 0000000140044090 f   light.obj
 0001:000439d0       ?FloodGridPoint@@YAXH@Z    00000001400449d0 f   light.obj
 0001:00043cf0       ?FinishIlluminateGrid@@YAXXZ 0000000140044cf0 f   light.obj
 0001:00043ea0       ?IlluminateGrid@@YAXXZ     0000000140044ea0 f   light.obj
 0001:00043f70       ?IlluminateGridByLightmap@@YAXXZ 0000000140044f70 f   light.obj
 0001:00044040       ?SetupGrid@@YAXXZ          0000000140045040 f   light.obj
 0001:00044af0       ?SampleGrid@@YAXQEAM000@Z  0000000140045af0 f   light.obj
 0001:00044fd0       ?LightWorld@@YAXPEAD@Z     0000000140045fd0 f   light.obj
 0001:00046b30       ?LightMain@@YAHHPEAPEAD@Z  0000000140047b30 f   light.obj
 0001:0004a1d0       ?RadFreeLights@@YAXXZ      000000014004b1d0 f   light_bounce.obj
 0001:0004a690       ?RadSampleImage@@YA?AW4qboolean@@PEAEHHQEAM1@Z 000000014004b690 f   light_bounce.obj
 0001:0004b870       ?RadLightForTriangles@@YAXHHPEAUrawLightmap_s@@PEAUshaderInfo_s@@MMPEAUclipWork_t@@@Z 000000014004c870 f   light_bounce.obj
 0001:0004ba60       ?RadLightForPatch@@YAXHHPEAUrawLightmap_s@@PEAUshaderInfo_s@@MMPEAUclipWork_t@@@Z 000000014004ca60 f   light_bounce.obj
 0001:0004bfd0       ?RadLight@@YAXH@Z          000000014004cfd0 f   light_bounce.obj
 0001:0004c1c0       ?RadCreateDiffuseLights@@YAXXZ 000000014004d1c0 f   light_bounce.obj
 0001:0004cab0       ?ClipTraceWinding@@YAXPEAUtraceWinding_s@@QEAM00@Z 000000014004dab0 f   light_trace.obj
 0001:0004ec20       ?SetupTraceNodes@@YAXXZ    000000014004fc20 f   light_trace.obj
 0001:0004ee40       ?TraceTriangle@@YA?AW4qboolean@@PEAUtraceInfo_s@@PEAUtraceTriangle_s@@PEAUtrace_t@@@Z 000000014004fe40 f   light_trace.obj
 0001:0004f960       ?TraceLine@@YAXPEAUtrace_t@@@Z 0000000140050960 f   light_trace.obj
 0001:0004fb50       ?SetupTrace@@YAMPEAUtrace_t@@@Z 0000000140050b50 f   light_trace.obj
 0001:0004fbd0       ?ColorToBytesLinear@@YAXPEBMPEAEMW4qboolean@@@Z 0000000140050bd0 f   light_ydnar.obj
 0001:0004fe70       ?ColorToBytesGamma@@YAXPEBMPEAEMW4qboolean@@@Z 0000000140050e70 f   light_ydnar.obj
 0001:000501b0       ?ColorToBytesLinearExposure@@YAXPEBMPEAEMW4qboolean@@@Z 00000001400511b0 f   light_ydnar.obj
 0001:00050480       ?ColorToBytesGammaExposure@@YAXPEBMPEAEMW4qboolean@@@Z 0000000140051480 f   light_ydnar.obj
 0001:00050800       ?ColorToBytesLinearCompensate@@YAXPEBMPEAEMW4qboolean@@@Z 0000000140051800 f   light_ydnar.obj
 0001:00050ab0       ?ColorToBytesGammaCompensate@@YAXPEBMPEAEMW4qboolean@@@Z 0000000140051ab0 f   light_ydnar.obj
 0001:00050e00       ?ColorToBytesLinearExposureCompensate@@YAXPEBMPEAEMW4qboolean@@@Z 0000000140051e00 f   light_ydnar.obj
 0001:00051100       ?ColorToBytesGammaExposureCompensate@@YAXPEBMPEAEMW4qboolean@@@Z 0000000140052100 f   light_ydnar.obj
 0001:00051490       ?SmoothNormals@@YAXXZ      0000000140052490 f   light_ydnar.obj
 0001:00053cd0       ?MapRawLightmap@@YAXH@Z    0000000140054cd0 f   light_ydnar.obj
 0001:00054a80       ?DirtModeName@@YAPEADPEAW4dirtMode_t@@@Z 0000000140055a80 f   light_ydnar.obj
 0001:00054af0       ?EnableDirtForEntity@@YAXH@Z 0000000140055af0 f   light_ydnar.obj
 0001:00054b90       ?SetupDirtForEntity@@YAXH@Z 0000000140055b90 f   light_ydnar.obj
 0001:00055390       ?SetupDirt@@YAXXZ          0000000140056390 f   light_ydnar.obj
 0001:000556b0       ?DirtForSample@@YAMPEAUtrace_t@@@Z 00000001400566b0 f   light_ydnar.obj
 0001:000560c0       ?DirtyRawLightmap@@YAXH@Z  00000001400570c0 f   light_ydnar.obj
 0001:00056620       ?ApplyDirt@@YAXPEAM000HMM@Z 0000000140057620 f   light_ydnar.obj
 0001:00057150       ?LightGridRawLightmap@@YAXH@Z 0000000140058150 f   light_ydnar.obj
 0001:000575e0       ?IlluminateRawLightmap@@YAXH@Z 00000001400585e0 f   light_ydnar.obj
 0001:00058f70       ?FilterRawLightmap@@YAXH@Z 0000000140059f70 f   light_ydnar.obj
 0001:000597f0       ?WriteRawLightmapsFile@@YAXPEBD@Z 000000014005a7f0 f   light_ydnar.obj
 0001:0005a470       ?IlluminateVertexes@@YAXH@Z 000000014005b470 f   light_ydnar.obj
 0001:0005b790       ?SetupBrushes@@YAXXZ       000000014005c790 f   light_ydnar.obj
 0001:0005b960       ?ClusterVisible@@YA?AW4qboolean@@HH@Z 000000014005c960 f   light_ydnar.obj
 0001:0005b9f0       ?PointInLeafNum_r@@YAHQEAMH@Z 000000014005c9f0 f   light_ydnar.obj
 0001:0005bb00       ?ClusterForPointExt@@YAHQEAMM@Z 000000014005cb00 f   light_ydnar.obj
 0001:0005be30       ?ClusterForPointExtFilter@@YAHQEAMMHPEAH@Z 000000014005ce30 f   light_ydnar.obj
 0001:0005bea0       ?SetupEnvelopes@@YAXW4qboolean@@0@Z 000000014005cea0 f   light_ydnar.obj
 0001:0005c910       ?CreateTraceLightsForBounds@@YAXW4qboolean@@QEAM11HPEAHHPEAUtrace_t@@@Z 000000014005d910 f   light_ydnar.obj
 0001:0005cca0       ?CreateTraceLightsForSurface@@YAXHPEAUtrace_t@@@Z 000000014005dca0 f   light_ydnar.obj
 0001:0005cdc0       ?SetupFloodLight@@YAXXZ    000000014005ddc0 f   light_ydnar.obj
 0001:0005d0e0       ?WriteTGA24@@YAXPEADPEAEHHW4qboolean@@@Z 000000014005e0e0 f   lightmaps_ydnar.obj
 0001:0005d260       ?ExportLightmaps@@YAXXZ    000000014005e260 f   lightmaps_ydnar.obj
 0001:0005d400       ?ExportLightmapsMain@@YAHHPEAPEAD@Z 000000014005e400 f   lightmaps_ydnar.obj
 0001:0005d540       ?ImportLightmapsMain@@YAHHPEAPEAD@Z 000000014005e540 f   lightmaps_ydnar.obj
 0001:0005da90       ?FinishRawLightmap@@YAXH@Z 000000014005ea90 f   lightmaps_ydnar.obj
 0001:0005e180       ?AddPatchToRawLightmap@@YA?AW4qboolean@@HPEAUrawLightmap_s@@@Z 000000014005f180 f   lightmaps_ydnar.obj
 0001:0005e730       ?AddSurfaceToRawLightmap@@YA?AW4qboolean@@HPEAUrawLightmap_s@@@Z 000000014005f730 f   lightmaps_ydnar.obj
 0001:0005f440       ?SetupSurfaceLightmaps@@YAXXZ 0000000140060440 f   lightmaps_ydnar.obj
 0001:00060380       ?AllocateSurfaceLightmaps@@YAXXZ 0000000140061380 f   lightmaps_ydnar.obj
 0001:00060580       ?AddStitchLuxels@@YAXHHHHPEAH0H@Z 0000000140061580 f   lightmaps_ydnar.obj
 0001:000607d0       ?StitchRawLightmap@@YAXH@Z 00000001400617d0 f   lightmaps_ydnar.obj
 0001:000611c0       ?StitchLuxelsCompare@@YAHPEBX0@Z 00000001400621c0 f   lightmaps_ydnar.obj
 0001:00061210       ?StitchRawLightmaps@@YAXXZ 0000000140062210 f   lightmaps_ydnar.obj
 0001:00063620       ?SubsamplePixelForFloodLightmapBorders_r@@YAHPEAUoutLightmap_s@@HHHQEAM1@Z 0000000140064620 f   lightmaps_ydnar.obj
 0001:000641a0       ?FloodLightmapBorders@@YAXPEAUoutLightmap_s@@@Z 00000001400651a0 f   lightmaps_ydnar.obj
 0001:00064570       ?StoreSurfaceLightmaps@@YAXXZ 0000000140065570 f   lightmaps_ydnar.obj
 0001:00067090       ?PlaneFromWinding@@YAXPEAUfixedWinding_t@@PEAUvisPlane_t@@@Z 0000000140068090 f   vis.obj
 0001:000671a0       ?NewFixedWinding@@YAPEAUfixedWinding_t@@H@Z 00000001400681a0 f   vis.obj
 0001:00067210       ?PComp@@YAHPEBX0@Z         0000000140068210 f   vis.obj
 0001:00067240       ?LeafVectorFromPortalVector@@YAHPEAE0@Z 0000000140068240 f   vis.obj
 0001:000673a0       ?ClusterMerge@@YAXH@Z      00000001400683a0 f   vis.obj
 0001:000675a0       ?CalcPortalVis@@YAXXZ      00000001400685a0 f   vis.obj
 0001:00067630       ?CalcPassageVis@@YAXXZ     0000000140068630 f   vis.obj
 0001:00067760       ?CalcPassagePortalVis@@YAXXZ 0000000140068760 f   vis.obj
 0001:00067890       ?CalcVis@@YAXXZ            0000000140068890 f   vis.obj
 0001:00067b70       ?SetPortalSphere@@YAXPEAUvportal_t@@@Z 0000000140068b70 f   vis.obj
 0001:00067cd0       ?TryMergeLeaves@@YAHHH@Z   0000000140068cd0 f   vis.obj
 0001:00068030       ?MergeLeaves@@YAXXZ        0000000140069030 f   vis.obj
 0001:00068190       ?TryMergeWinding@@YAPEAUfixedWinding_t@@PEAU1@0QEAM@Z 0000000140069190 f   vis.obj
 0001:000686c0       ?MergeLeafPortals@@YAXXZ   00000001400696c0 f   vis.obj
 0001:000688d0       ?LoadPortals@@YAXPEAD@Z    00000001400698d0 f   vis.obj
 0001:00069100       ?VisMain@@YAHHPEAPEAD@Z    000000014006a100 f   vis.obj
 0001:00069650       ?FreeStackWinding@@YAXPEAUfixedWinding_t@@PEAUpstack_s@@@Z 000000014006a650 f   visflow.obj
 0001:000696b0       ?VisChopWinding@@YAPEAUfixedWinding_t@@PEAU1@PEAUpstack_s@@PEAUvisPlane_t@@@Z 000000014006a6b0 f   visflow.obj
 0001:00069b60       ?ClipToSeperators@@YAPEAUfixedWinding_t@@PEAU1@00W4qboolean@@PEAUpstack_s@@@Z 000000014006ab60 f   visflow.obj
 0001:0006a1b0       ?RecursiveLeafFlow@@YAXHPEAUthreaddata_t@@PEAUpstack_s@@@Z 000000014006b1b0 f   visflow.obj
 0001:0006a870       ?PortalFlow@@YAXH@Z        000000014006b870 f   visflow.obj
 0001:0006aa30       ?RecursivePassageFlow@@YAXPEAUvportal_t@@PEAUthreaddata_t@@PEAUpstack_s@@@Z 000000014006ba30 f   visflow.obj
 0001:0006acb0       ?PassageFlow@@YAXH@Z       000000014006bcb0 f   visflow.obj
 0001:0006ad80       ?RecursivePassagePortalFlow@@YAXPEAUvportal_t@@PEAUthreaddata_t@@PEAUpstack_s@@@Z 000000014006bd80 f   visflow.obj
 0001:0006b440       ?PassagePortalFlow@@YAXH@Z 000000014006c440 f   visflow.obj
 0001:0006b510       ?PassageChopWinding@@YAPEAUfixedWinding_t@@PEAU1@0PEAUvisPlane_t@@@Z 000000014006c510 f   visflow.obj
 0001:0006b850       ?AddSeperators@@YAHPEAUfixedWinding_t@@0W4qboolean@@PEAUvisPlane_t@@H@Z 000000014006c850 f   visflow.obj
 0001:0006be40       ?CreatePassages@@YAXH@Z    000000014006ce40 f   visflow.obj
 0001:0006c450       ?PassageMemory@@YAXXZ      000000014006d450 f   visflow.obj
 0001:0006c510       ?SimpleFlood@@YAXPEAUvportal_t@@H@Z 000000014006d510 f   visflow.obj
 0001:0006c610       ?BasePortalVis@@YAXH@Z     000000014006d610 f   visflow.obj
 0001:0006e190       ?ConvertBSPToASE@@YAHPEADH@Z 000000014006f190 f   convert_ase.obj
 0001:0006ee20       ?ConvertBSPToMap@@YAHPEADH@Z 000000014006fe20 f   convert_map.obj
 0001:0006f260       ?safe_malloc_f@@YAPEAX_K@Z 0000000140070260 f   cmdlib.obj
 0001:0006f2a0       ?safe_malloc_log@@YAPEAX_KPEBDH@Z 00000001400702a0 f   cmdlib.obj
 0001:0006f3f0       ?safe_malloc_logend@@YAXXZ 00000001400703f0 f   cmdlib.obj
 0001:0006f490       ?ExpandArg@@YAPEADPEBD@Z   0000000140070490 f   cmdlib.obj
 0001:0006f520       ?ExpandPath@@YAPEADPEBD@Z  0000000140070520 f   cmdlib.obj
 0001:0006f590       ?Q_getwd@@YAXPEAD@Z        0000000140070590 f   cmdlib.obj
 0001:0006f5f0       ?LoadFile@@YAHPEBDPEAPEAX@Z 00000001400705f0 f   cmdlib.obj
 0001:0006f6e0       ?DefaultExtension@@YAXPEADPEBD@Z 00000001400706e0 f   cmdlib.obj
 0001:0006f750       ?LBMRLEDecompress@@YAPEAEPEAE0H@Z 0000000140070750 f   imagelib.obj
 0001:0006f820       ?LoadLBM@@YAXPEBDPEAPEAE1@Z 0000000140070820 f   imagelib.obj
 0001:0006fc10       ?LoadPCX@@YAXPEBDPEAPEAE1PEAH2@Z 0000000140070c10 f   imagelib.obj
 0001:0006feb0       ?LoadBMP@@YAXPEBDPEAPEAE1PEAH2@Z 0000000140070eb0 f   imagelib.obj
 0001:000704d0       ?Load256Image@@YAXPEBDPEAPEAE1PEAH2@Z 00000001400714d0 f   imagelib.obj
 0001:000706e0       ?TargaError@@YAXPEAU_TargaHeader@@PEBD@Z 00000001400716e0 f   imagelib.obj
 0001:00070790       ?LoadTGABuffer@@YAXPEBE0PEAPEAEPEAH2@Z 0000000140071790 f   imagelib.obj
 0001:00070e60       ?LoadTGA@@YAXPEBDPEAPEAEPEAH2@Z 0000000140071e60 f   imagelib.obj
 0001:00070ef0       ?WriteTGA@@YAXPEBDPEAEHH@Z 0000000140071ef0 f   imagelib.obj
 0001:00071000       ?Load32BitImage@@YAXPEBDPEAPEAIPEAH2@Z 0000000140072000 f   imagelib.obj
 0001:000711b0       ?xml_SendNode@@YAXPEAU_xmlNode@@@Z 00000001400721b0 f   inout.obj
 0001:000712d0       ?xml_Select@@YAXPEADHHW4qboolean@@@Z 00000001400722d0 f   inout.obj
 0001:000714b0       ?xml_Point@@YAXPEADQEAMW4qboolean@@@Z 00000001400724b0 f   inout.obj
 0001:00071630       ?xml_Winding@@YAXPEADQEAY02MHW4qboolean@@@Z 0000000140072630 f   inout.obj
 0001:000717e0       ?Broadcast_Setup@@YAXPEBD@Z 00000001400727e0 f   inout.obj
 0001:00071860       ?Broadcast_Shutdown@@YAXXZ 0000000140072860 f   inout.obj
 0001:000718a0       ?Sys_FPrintf@@YAXHPEBDZZ   00000001400728a0 f   inout.obj
 0001:00071a30       ?Sys_Printf@@YAXPEBDZZ     0000000140072a30 f   inout.obj
 0001:00071b80       ?Sys_Warning@@YAXHPEBDZZ   0000000140072b80 f   inout.obj
 0001:00071cd0       ?Sys_Warning@@YAXHHPEBDZZ  0000000140072cd0 f   inout.obj
 0001:00071d30       ?Sys_Warning@@YAXQEAY02MHPEBDZZ 0000000140072d30 f   inout.obj
 0001:00071d90       ?Sys_Warning@@YAXPEAUwinding_t@@PEBDZZ 0000000140072d90 f   inout.obj
 0001:00071de0       ?Sys_Warning@@YAXQEAMPEBDZZ 0000000140072de0 f   inout.obj
 0001:00071e50       ?Sys_Warning@@YAXPEBDZZ    0000000140072e50 f   inout.obj
 0001:00071f80       ?Sys_Error@@YAXHHPEBDZZ    0000000140072f80 f   inout.obj
 0001:00071fe0       ?Sys_Error@@YAXQEAY02MHPEBDZZ 0000000140072fe0 f   inout.obj
 0001:00072040       ?Sys_Error@@YAXPEBDZZ      0000000140073040 f   inout.obj
 0001:00072160       ?Error@@YAXPEBDZZ          0000000140073160 f   inout.obj
 0001:000722b0       ?MD4Update@@YAXPEAUMD4_CTX_s@@PEAEI@Z 00000001400732b0 f   md4.obj
 0001:00072380       ?MD4Final@@YAXQEAEPEAUMD4_CTX_s@@@Z 0000000140073380 f   md4.obj
 0001:00072a30       ?AllocWinding@@YAPEAUwinding_t@@H@Z 0000000140073a30 f   polylib.obj
 0001:00072ad0       ?FreeWinding@@YAXPEAUwinding_t@@@Z 0000000140073ad0 f   polylib.obj
 0001:00072b10       ?WindingArea@@YAMPEAUwinding_t@@@Z 0000000140073b10 f   polylib.obj
 0001:00072c70       ?BaseWindingForPlane@@YAPEAUwinding_t@@QEAMM@Z 0000000140073c70 f   polylib.obj
 0001:00073060       ?ReverseWinding@@YAPEAUwinding_t@@PEAU1@@Z 0000000140074060 f   polylib.obj
 0001:00073170       ?ClipWindingEpsilon@@YAXPEAUwinding_t@@QEAMMMPEAPEAU1@2@Z 0000000140074170 f   polylib.obj
 0001:00073670       ?ChopWindingInPlace@@YAXPEAPEAUwinding_t@@QEAMMM@Z 0000000140074670 f   polylib.obj
 0001:00073ab0       ?WindingOnPlaneSide@@YAHPEAUwinding_t@@QEAMM@Z 0000000140074ab0 f   polylib.obj
 0001:00073bd0       ?AddWindingToConvexHull@@YAXPEAUwinding_t@@PEAPEAU1@QEAM@Z 0000000140074bd0 f   polylib.obj
 0001:00074220       ?BaseDWindingForPlane@@YAPEAUdwinding_t@@QEAMMM@Z 0000000140075220 f   polylib.obj
 0001:000745a0       ?WindingFromDWinding@@YAPEAUwinding_t@@PEAUdwinding_t@@@Z 00000001400755a0 f   polylib.obj
 0001:000746d0       ?ChopDWindingInPlace@@YAXPEAPEAUdwinding_t@@QEAMMM@Z 00000001400756d0 f   polylib.obj
 0001:00074b00       ?FixDWinding@@YA?AW4qboolean@@PEAUdwinding_t@@@Z 0000000140075b00 f   polylib.obj
 0001:00074c70       ?AddScriptToStack@@YAXPEBDH@Z 0000000140075c70 f   scriplib.obj
 0001:00074d70       ?EndOfScript@@YA?AW4qboolean@@W41@@Z 0000000140075d70 f   scriplib.obj
 0001:00074e60       ?GetToken@@YA?AW4qboolean@@W41@@Z 0000000140075e60 f   scriplib.obj
 0001:00075190       ?TokenAvailable@@YA?AW4qboolean@@XZ 0000000140076190 f   scriplib.obj
 0001:000751d0       ?MatchToken@@YAXPEAD@Z     00000001400761d0 f   scriplib.obj
 0001:00075230       ?Parse1DMatrix@@YAXHPEAM@Z 0000000140076230 f   scriplib.obj
 0001:00075320       ?Parse2DMatrix@@YAXHHPEAM@Z 0000000140076320 f   scriplib.obj
 0001:000753f0       ?GetThreadWork@@YAHXZ      00000001400763f0 f   threads.obj
 0001:00075530       ?RunThreadsOnIndividualThread@@YAXH@Z 0000000140076530 f   threads.obj
 0001:00075560       ?RunThreadsOnIndividual@@YAXHW4qboolean@@P6AXH@Z@Z 0000000140076560 f   threads.obj
 0001:00075600       ?RunThreadsOn@@YAXHW4qboolean@@P6AXH@Z@Z 0000000140076600 f   threads.obj
 0001:000756a0       ?RunSameThreadOn@@YAXHW4qboolean@@P6AXH@Z@Z 00000001400766a0 f   threads.obj
 0001:000757b0       ?RunSameThreadOnIndividual@@YAXHW4qboolean@@P6AXH@Z@Z 00000001400767b0 f   threads.obj
 0001:000758e0       ?_RunThreadsOn@@YAXHW4qboolean@@P6AXH@Z@Z 00000001400768e0 f   threads.obj
 0001:00075a60       ?_ThreadMutexLock@@YAXPEAUThreadMutex_s@@PEADH@Z 0000000140076a60 f   threads.obj
 0001:00075c60       ?unzOpen@@YAPEAXPEBD@Z     0000000140076c60 f   unzip.obj
 0001:00076210       ?unzGoToFirstFile@@YAHPEAX@Z 0000000140077210 f   unzip.obj
 0001:00076270       ?unzGoToNextFile@@YAHPEAX@Z 0000000140077270 f   unzip.obj
 0001:000764f0       ?unzOpenCurrentFile@@YAHPEAX@Z 00000001400774f0 f   unzip.obj
 0001:00076670       ?unzReadCurrentFile@@YAHPEAX0I@Z 0000000140077670 f   unzip.obj
 0001:000768a0       ?unzCloseCurrentFile@@YAHPEAX@Z 00000001400778a0 f   unzip.obj
 0001:00076950       ?crc32@@YAKKPEBEI@Z        0000000140077950 f   unzip.obj
 0001:00076aa0       ?inflate_blocks_reset@@YAXPEAUinflate_blocks_state@@PEAUz_stream_s@@PEAK@Z 0000000140077aa0 f   unzip.obj
 0001:00076b20       ?inflate_blocks_new@@YAPEAUinflate_blocks_state@@PEAUz_stream_s@@P6AKKPEBEI@ZI@Z 0000000140077b20 f   unzip.obj
 0001:00076c00       ?inflate_blocks@@YAHPEAUinflate_blocks_state@@PEAUz_stream_s@@H@Z 0000000140077c00 f   unzip.obj
 0001:000777e0       ?inflate_blocks_free@@YAHPEAUinflate_blocks_state@@PEAUz_stream_s@@@Z 00000001400787e0 f   unzip.obj
 0001:00077880       ?inflate_flush@@YAHPEAUinflate_blocks_state@@PEAUz_stream_s@@H@Z 0000000140078880 f   unzip.obj
 0001:00077ea0       ?inflate_trees_bits@@YAHPEAI0PEAPEAUinflate_huft_s@@PEAU1@PEAUz_stream_s@@@Z 0000000140078ea0 f   unzip.obj
 0001:00077f80       ?inflate_fast@@YAHIIPEAUinflate_huft_s@@0PEAUinflate_blocks_state@@PEAUz_stream_s@@@Z 0000000140078f80 f   unzip.obj
 0001:00078310       ?inflate_codes_new@@YAPEAUinflate_codes_state@@IIPEAUinflate_huft_s@@0PEAUz_stream_s@@@Z 0000000140079310 f   unzip.obj
 0001:00078380       ?inflate_codes@@YAHPEAUinflate_blocks_state@@PEAUz_stream_s@@H@Z 0000000140079380 f   unzip.obj
 0001:00078980       ?adler32@@YAKKPEBEI@Z      0000000140079980 f   unzip.obj
 0001:00078af0       ?inflateReset@@YAHPEAUz_stream_s@@@Z 0000000140079af0 f   unzip.obj
 0001:00078bb0       ?inflateEnd@@YAHPEAUz_stream_s@@@Z 0000000140079bb0 f   unzip.obj
 0001:00078c10       ?inflateInit2_@@YAHPEAUz_stream_s@@HPEBDH@Z 0000000140079c10 f   unzip.obj
 0001:00078d00       ?inflate@@YAHPEAUz_stream_s@@H@Z 0000000140079d00 f   unzip.obj
 0001:00079180       ?zcalloc@@YAPEAEPEAEII@Z   000000014007a180 f   unzip.obj
 0001:000791a0       ?zcfree@@YAXPEAE0@Z        000000014007a1a0 f   unzip.obj
 0001:00079340       ?vfsInitDirectory@@YAXPEBD@Z 000000014007a340 f   vfs.obj
 0001:00079510       ?vfsGetFileCount@@YAHPEBD@Z 000000014007a510 f   vfs.obj
 0001:00079690       ?vfsLoadFile@@YAHPEBDPEAPEAXH@Z 000000014007a690 f   vfs.obj
 0001:000799e0       WinPrint                   000000014007a9e0 f   l_net:l_net.obj
 0001:000799f0       Net_Send                   000000014007a9f0 f   l_net:l_net.obj
 0001:00079a40       Net_AllocSocket            000000014007aa40 f   l_net:l_net.obj
 0001:00079a70       Net_FreeSocket             000000014007aa70 f   l_net:l_net.obj
 0001:00079a80       Net_Connect                000000014007aa80 f   l_net:l_net.obj
 0001:00079b30       Net_Disconnect             000000014007ab30 f   l_net:l_net.obj
 0001:00079b60       Net_StringToAddress        000000014007ab60 f   l_net:l_net.obj
 0001:00079b80       Net_Setup                  000000014007ab80 f   l_net:l_net.obj
 0001:00079bb0       NMSG_Clear                 000000014007abb0 f   l_net:l_net.obj
 0001:00079bc0       NMSG_WriteLong             000000014007abc0 f   l_net:l_net.obj
 0001:00079c30       NMSG_WriteString           000000014007ac30 f   l_net:l_net.obj
 0001:00079cc0       WINS_ErrorMessage          000000014007acc0 f   l_net:l_net_wins.obj
 0001:00079d20       WINS_Init                  000000014007ad20 f   l_net:l_net_wins.obj
 0001:00079e90       WINS_MyAddress             000000014007ae90 f   l_net:l_net_wins.obj
 0001:00079ea0       WINS_OpenSocket            000000014007aea0 f   l_net:l_net_wins.obj
 0001:00079f90       WINS_OpenReliableSocket    000000014007af90 f   l_net:l_net_wins.obj
 0001:0007a0b0       WINS_CloseSocket           000000014007b0b0 f   l_net:l_net_wins.obj
 0001:0007a0f0       WINS_Connect               000000014007b0f0 f   l_net:l_net_wins.obj
 0001:0007a160       WINS_Write                 000000014007b160 f   l_net:l_net_wins.obj
 0001:0007a210       WINS_AddrToString          000000014007b210 f   l_net:l_net_wins.obj
 0001:0007a290       WINS_StringToAddr          000000014007b290 f   l_net:l_net_wins.obj
 0001:0007a310       WINS_GetSocketAddr         000000014007b310 f   l_net:l_net_wins.obj
 0001:0007a370       ?MakeNormalVectors@@YAXQEAM00@Z 000000014007b370 f   mathlib:mathlib.obj
 0001:0007a430       ?VectorCompare@@YA?AW4qboolean@@QEBM0@Z 000000014007b430 f   mathlib:mathlib.obj
 0001:0007a480       ?VectorCompareExt@@YA?AW4qboolean@@QEBM0M@Z 000000014007b480 f   mathlib:mathlib.obj
 0001:0007a4c0       ?VectorLength@@YAMQEBM@Z   000000014007b4c0 f   mathlib:mathlib.obj
 0001:0007a4f0       ?VectorMA@@YAXQEBMM0QEAM@Z 000000014007b4f0 f   mathlib:mathlib.obj
 0001:0007a530       ?VectorNormalize@@YAMQEBMQEAM@Z 000000014007b530 f   mathlib:mathlib.obj
 0001:0007a5e0       ?ColorNormalize@@YAMQEBMQEAM@Z 000000014007b5e0 f   mathlib:mathlib.obj
 0001:0007a650       ?SnapWeldVector@@YAXQEAM00@Z 000000014007b650 f   mathlib:mathlib.obj
 0001:0007a7a0       ?ClearBounds@@YAXQEAM0@Z   000000014007b7a0 f   mathlib:mathlib.obj
 0001:0007a7d0       ?AddPointToBounds@@YAXQEAM00@Z 000000014007b7d0 f   mathlib:mathlib.obj
 0001:0007a870       ?PlaneFromPoints@@YA?AW4qboolean@@QEAMQEBM11@Z 000000014007b870 f   mathlib:mathlib.obj
 0001:0007a970       ?NormalToLatLong@@YAXQEBMQEAE@Z 000000014007b970 f   mathlib:mathlib.obj
 0001:0007aa30       ?PlaneTypeForNormal@@YAHQEAM@Z 000000014007ba30 f   mathlib:mathlib.obj
 0001:0007aa90       ?DVectorMA@@YAXQEBNN0QEAN@Z 000000014007ba90 f   mathlib:mathlib.obj
 0001:0007aad0       ?DVectorNormalize@@YANQEAN0@Z 000000014007bad0 f   mathlib:mathlib.obj
 0001:0007ab50       ?DVectorLength@@YANQEBN@Z  000000014007bb50 f   mathlib:mathlib.obj
 0001:0007ab80       ?SnapWeldDVector@@YAXQEAN00@Z 000000014007bb80 f   mathlib:mathlib.obj
 0001:0007ad10       ?m4x4_identity@@YAXQEAM@Z  000000014007bd10 f   mathlib:m4x4.obj
 0001:0007ad60       ?m4x4_assign@@YAXQEAMQEBM@Z 000000014007bd60 f   mathlib:m4x4.obj
 0001:0007adc0       ?m4x4_translation_for_vec3@@YAXQEAMQEBM@Z 000000014007bdc0 f   mathlib:m4x4.obj
 0001:0007ae10       ?m4x4_rotation_for_vec3@@YAXQEAMQEBMW4eulerOrder_t@@@Z 000000014007be10 f   mathlib:m4x4.obj
 0001:0007afe0       ?m4x4_scale_for_vec3@@YAXQEAMQEBM@Z 000000014007bfe0 f   mathlib:m4x4.obj
 0001:0007b020       ?m4x4_translate_by_vec3@@YAXQEAMQEBM@Z 000000014007c020 f   mathlib:m4x4.obj
 0001:0007b050       ?m4x4_rotate_by_vec3@@YAXQEAMQEBMW4eulerOrder_t@@@Z 000000014007c050 f   mathlib:m4x4.obj
 0001:0007b080       ?m4x4_scale_by_vec3@@YAXQEAMQEBM@Z 000000014007c080 f   mathlib:m4x4.obj
 0001:0007b0b0       ?m4x4_pivoted_transform_by_vec3@@YAXQEAMQEBM1W4eulerOrder_t@@11@Z 000000014007c0b0 f   mathlib:m4x4.obj
 0001:0007b160       ?m4x4_multiply_by_m4x4@@YAXQEAMQEBM@Z 000000014007c160 f   mathlib:m4x4.obj
 0001:0007b560       ?m4x4_transform_point@@YAXQEBMQEAM@Z 000000014007c560 f   mathlib:m4x4.obj
 0001:0007b600       ?m4x4_transform_normal@@YAXQEBMQEAM@Z 000000014007c600 f   mathlib:m4x4.obj
 0001:0007b690       ?m4x4_transpose@@YAXQEAM@Z 000000014007c690 f   mathlib:m4x4.obj
 0001:0007b790       ?m3_det@@YAMQEAM@Z         000000014007c790 f   mathlib:m4x4.obj
 0001:0007b820       ?m4_submat@@YAXQEAM0HH@Z   000000014007c820 f   mathlib:m4x4.obj
 0001:0007b970       ?m4_det@@YAMQEAM@Z         000000014007c970 f   mathlib:m4x4.obj
 0001:0007ba00       ?m4x4_invert@@YAHQEAM@Z    000000014007ca00 f   mathlib:m4x4.obj
 0001:0007bac8       g_free                     000000014007cac8 f   glib-2.0:libglib-2.0-0.dll
 0001:0007bace       g_locale_to_utf8           000000014007cace f   glib-2.0:libglib-2.0-0.dll
 0001:0007bad4       g_strdup                   000000014007cad4 f   glib-2.0:libglib-2.0-0.dll
 0001:0007bada       g_strdown                  000000014007cada f   glib-2.0:libglib-2.0-0.dll
 0001:0007bae0       g_dir_read_name_utf8       000000014007cae0 f   glib-2.0:libglib-2.0-0.dll
 0001:0007bae6       g_dir_open_utf8            000000014007cae6 f   glib-2.0:libglib-2.0-0.dll
 0001:0007baec       g_dir_close                000000014007caec f   glib-2.0:libglib-2.0-0.dll
 0001:0007baf2       g_slist_append             000000014007caf2 f   glib-2.0:libglib-2.0-0.dll
 0001:0007baf8       xmlNodeSetContent          000000014007caf8 f   libxml2:libxml2-2.dll
 0001:0007bafe       xmlNewNode                 000000014007cafe f   libxml2:libxml2-2.dll
 0001:0007bb04       xmlAddChild                000000014007cb04 f   libxml2:libxml2-2.dll
 0001:0007bb0a       xmlSetProp                 000000014007cb0a f   libxml2:libxml2-2.dll
 0001:0007bb10       xmlBufferFree              000000014007cb10 f   libxml2:libxml2-2.dll
 0001:0007bb16       xmlNodeDump                000000014007cb16 f   libxml2:libxml2-2.dll
 0001:0007bb1c       xmlBufferCreate            000000014007cb1c f   libxml2:libxml2-2.dll
 0001:0007bb22       xmlNewDoc                  000000014007cb22 f   libxml2:libxml2-2.dll
 0001:0007bb28       xmlNewDocRawNode           000000014007cb28 f   libxml2:libxml2-2.dll
 0001:0007bb2e       png_get_IHDR               000000014007cb2e f   libpng:libpng14-14.dll
 0001:0007bb34       png_read_image             000000014007cb34 f   libpng:libpng14-14.dll
 0001:0007bb3a       png_write_info             000000014007cb3a f   libpng:libpng14-14.dll
 0001:0007bb40       png_destroy_write_struct   000000014007cb40 f   libpng:libpng14-14.dll
 0001:0007bb46       png_set_expand             000000014007cb46 f   libpng:libpng14-14.dll
 0001:0007bb4c       png_set_write_fn           000000014007cb4c f   libpng:libpng14-14.dll
 0001:0007bb52       png_read_info              000000014007cb52 f   libpng:libpng14-14.dll
 0001:0007bb58       png_set_iCCP               000000014007cb58 f   libpng:libpng14-14.dll
 0001:0007bb5e       png_set_strip_16           000000014007cb5e f   libpng:libpng14-14.dll
 0001:0007bb64       png_set_packing            000000014007cb64 f   libpng:libpng14-14.dll
 0001:0007bb6a       png_sig_cmp                000000014007cb6a f   libpng:libpng14-14.dll
 0001:0007bb70       png_create_read_struct     000000014007cb70 f   libpng:libpng14-14.dll
 0001:0007bb76       png_write_end              000000014007cb76 f   libpng:libpng14-14.dll
 0001:0007bb7c       png_get_io_ptr             000000014007cb7c f   libpng:libpng14-14.dll
 0001:0007bb82       png_create_info_struct     000000014007cb82 f   libpng:libpng14-14.dll
 0001:0007bb88       png_set_read_fn            000000014007cb88 f   libpng:libpng14-14.dll
 0001:0007bb8e       png_write_row              000000014007cb8e f   libpng:libpng14-14.dll
 0001:0007bb94       png_get_valid              000000014007cb94 f   libpng:libpng14-14.dll
 0001:0007bb9a       png_set_sRGB               000000014007cb9a f   libpng:libpng14-14.dll
 0001:0007bba0       png_create_write_struct    000000014007cba0 f   libpng:libpng14-14.dll
 0001:0007bba6       png_set_filler             000000014007cba6 f   libpng:libpng14-14.dll
 0001:0007bbac       png_set_filter             000000014007cbac f   libpng:libpng14-14.dll
 0001:0007bbb2       png_set_IHDR               000000014007cbb2 f   libpng:libpng14-14.dll
 0001:0007bbb8       png_set_interlace_handling 000000014007cbb8 f   libpng:libpng14-14.dll
 0001:0007bbbe       png_get_channels           000000014007cbbe f   libpng:libpng14-14.dll
 0001:0007bbc4       png_set_compression_level  000000014007cbc4 f   libpng:libpng14-14.dll
 0001:0007bbca       png_destroy_read_struct    000000014007cbca f   libpng:libpng14-14.dll
 0001:0007bbd0       DDSLittleLong              000000014007cbd0 f   ddslib:ddslib.obj
 0001:0007bbe0       DDSLittleShort             000000014007cbe0 f   ddslib:ddslib.obj
 0001:0007bc50       DDSGetInfo                 000000014007cc50 f   ddslib:ddslib.obj
 0001:0007c7f0       DDSDecompress              000000014007d7f0 f   ddslib:ddslib.obj
 0001:0007c910       LoadJPGBuff                000000014007d910 f   jpeg6:jpgload.obj
 0001:0007cb00       jpeg_create_decompress     000000014007db00 f   jpeg6:jdapimin.obj
 0001:0007cbb0       jpeg_destroy_decompress    000000014007dbb0 f   jpeg6:jdapimin.obj
 0001:0007cd90       jpeg_consume_input         000000014007dd90 f   jpeg6:jdapimin.obj
 0001:0007ce80       jpeg_finish_decompress     000000014007de80 f   jpeg6:jdapimin.obj
 0001:0007cf50       jpeg_read_header           000000014007df50 f   jpeg6:jdapimin.obj
 0001:0007d060       jpeg_read_scanlines        000000014007e060 f   jpeg6:jdapistd.obj
 0001:0007d130       jpeg_start_decompress      000000014007e130 f   jpeg6:jdapistd.obj
 0001:0007d2a0       jpeg_stdio_src             000000014007e2a0 f   jpeg6:jdatasrc.obj
 0001:0007d4f0       jpeg_std_error             000000014007e4f0 f   jpeg6:jerror.obj
 0001:0007dc00       jinit_input_controller     000000014007ec00 f   jpeg6:jdinput.obj
 0001:0007f7d0       jpeg_resync_to_restart     00000001400807d0 f   jpeg6:jdmarker.obj
 0001:0007f930       jinit_marker_reader        0000000140080930 f   jpeg6:jdmarker.obj
 0001:00080780       jinit_memory_mgr           0000000140081780 f   jpeg6:jmemmgr.obj
 0001:000808f0       jpeg_abort                 00000001400818f0 f   jpeg6:jcomapi.obj
 0001:00080930       jpeg_destroy               0000000140081930 f   jpeg6:jcomapi.obj
 0001:00080970       jpeg_alloc_quant_table     0000000140081970 f   jpeg6:jcomapi.obj
 0001:00080990       jpeg_alloc_huff_table      0000000140081990 f   jpeg6:jcomapi.obj
 0001:000809c0       jpeg_calc_output_dimensions 00000001400819c0 f   jpeg6:jdmaster.obj
 0001:00080e50       jinit_master_decompress    0000000140081e50 f   jpeg6:jdmaster.obj
 0001:00080ea0       jdiv_round_up              0000000140081ea0 f   jpeg6:jutils.obj
 0001:00080eb0       jround_up                  0000000140081eb0 f   jpeg6:jutils.obj
 0001:00080ed0       jcopy_sample_rows          0000000140081ed0 f   jpeg6:jutils.obj
 0001:00080f40       jzero_far                  0000000140081f40 f   jpeg6:jutils.obj
 0001:00080f50       ?jpeg_get_small@@YAPEAXPEAUjpeg_common_struct@@_K@Z 0000000140081f50 f   jpeg6:jmemnobs.obj
 0001:00080f50       ?jpeg_get_large@@YAPEAXPEAUjpeg_common_struct@@_K@Z 0000000140081f50 f   jpeg6:jmemnobs.obj
 0001:00080f60       ?jpeg_free_large@@YAXPEAUjpeg_common_struct@@PEAX_K@Z 0000000140081f60 f   jpeg6:jmemnobs.obj
 0001:00080f60       ?jpeg_free_small@@YAXPEAUjpeg_common_struct@@PEAX_K@Z 0000000140081f60 f   jpeg6:jmemnobs.obj
 0001:00080f70       ?jpeg_mem_available@@YAJPEAUjpeg_common_struct@@JJJ@Z 0000000140081f70 f   jpeg6:jmemnobs.obj
 0001:00080f80       ?jpeg_open_backing_store@@YAXPEAUjpeg_common_struct@@PEAUbacking_store_struct@@J@Z 0000000140081f80 f   jpeg6:jmemnobs.obj
 0001:000816e0       jinit_d_main_controller    00000001400826e0 f   jpeg6:jdmainct.obj
 0001:00081b40       ?jpeg_mem_init@@YAJPEAUjpeg_common_struct@@@Z 0000000140082b40 f   jpeg6:jmemnobs.obj
 0001:00081b50       jinit_d_coef_controller    0000000140082b50 f   jpeg6:jdcoefct.obj
 0001:00081c70       ?jpeg_make_d_derived_tbl@@YAXPEAUjpeg_decompress_struct@@PEAUJHUFF_TBL@@PEAPEAUd_derived_tbl@@@Z 0000000140082c70 f   jpeg6:jdhuff.obj
 0001:00081e80       ?jpeg_fill_bit_buffer@@YAEPEAUbitread_working_state@@HHH@Z 0000000140082e80 f   jpeg6:jdhuff.obj
 0001:00081fb0       ?jpeg_huff_decode@@YAHPEAUbitread_working_state@@HHPEAUd_derived_tbl@@H@Z 0000000140082fb0 f   jpeg6:jdhuff.obj
 0001:000827a0       jinit_huff_decoder         00000001400837a0 f   jpeg6:jdhuff.obj
 0001:00082b10       jinit_inverse_dct          0000000140083b10 f   jpeg6:jddctmgr.obj
 0001:00082d10       jinit_d_post_controller    0000000140083d10 f   jpeg6:jdpostct.obj
 0001:00083440       jinit_upsampler            0000000140084440 f   jpeg6:jdsample.obj
 0001:00083c00       jinit_color_deconverter    0000000140084c00 f   jpeg6:jdcolor.obj
 0001:00083da0       ?jpeg_idct_float@@YAXPEAUjpeg_decompress_struct@@PEAUjpeg_component_info@@PEAFPEAPEAEI@Z 0000000140084da0 f   jpeg6:jidctflt.obj
 0001:000842b0       PicoInit                   00000001400852b0 f   picomodel:picomodel.obj
 0001:000842c0       PicoSetMallocFunc          00000001400852c0 f   picomodel:picomodel.obj
 0001:000842e0       PicoSetFreeFunc            00000001400852e0 f   picomodel:picomodel.obj
 0001:00084300       PicoSetLoadFileFunc        0000000140085300 f   picomodel:picomodel.obj
 0001:00084320       PicoSetFreeFileFunc        0000000140085320 f   picomodel:picomodel.obj
 0001:00084340       PicoSetPrintFunc           0000000140085340 f   picomodel:picomodel.obj
 0001:00084360       PicoNewModel               0000000140085360 f   picomodel:picomodel.obj
 0001:000843b0       PicoAdjustModel            00000001400853b0 f   picomodel:picomodel.obj
 0001:000844e0       PicoNewShader              00000001400854e0 f   picomodel:picomodel.obj
 0001:000845c0       PicoFreeShader             00000001400855c0 f   picomodel:picomodel.obj
 0001:00084600       PicoFindShader             0000000140085600 f   picomodel:picomodel.obj
 0001:000846f0       PicoFreeSurface            00000001400856f0 f   picomodel:picomodel.obj
 0001:000847d0       PicoAdjustSurface          00000001400857d0 f   picomodel:picomodel.obj
 0001:00084b10       PicoNewSkin                0000000140085b10 f   picomodel:picomodel.obj
 0001:00084b90       PicoAdjustSkin             0000000140085b90 f   picomodel:picomodel.obj
 0001:00084c30       PicoNewSkinItem            0000000140085c30 f   picomodel:picomodel.obj
 0001:00084ca0       PicoFreeSkinItem           0000000140085ca0 f   picomodel:picomodel.obj
 0001:00084ce0       PicoSetShaderMapName       0000000140085ce0 f   picomodel:picomodel.obj
 0001:00084ce0       PicoSetModelFileName       0000000140085ce0 f   picomodel:picomodel.obj
 0001:00084d20       PicoSetModelFrameNum       0000000140085d20 f   picomodel:picomodel.obj
 0001:00084d30       PicoSetModelNumFrames      0000000140085d30 f   picomodel:picomodel.obj
 0001:00084d40       PicoSetShaderAmbientColor  0000000140085d40 f   picomodel:picomodel.obj
 0001:00084d70       PicoSetShaderDiffuseColor  0000000140085d70 f   picomodel:picomodel.obj
 0001:00084da0       PicoSetShaderSpecularColor 0000000140085da0 f   picomodel:picomodel.obj
 0001:00084dd0       PicoSetShaderTransparency  0000000140085dd0 f   picomodel:picomodel.obj
 0001:00084e10       PicoSetShaderShininess     0000000140085e10 f   picomodel:picomodel.obj
 0001:00084e50       PicoSetSurfaceType         0000000140085e50 f   picomodel:picomodel.obj
 0001:00084e60       PicoSetSurfaceName         0000000140085e60 f   picomodel:picomodel.obj
 0001:00084ea0       PicoSetSurfaceShader       0000000140085ea0 f   picomodel:picomodel.obj
 0001:00084eb0       PicoSetSurfaceXYZ          0000000140085eb0 f   picomodel:picomodel.obj
 0001:00084f40       PicoSetSurfaceNormal       0000000140085f40 f   picomodel:picomodel.obj
 0001:00084fb0       PicoSetSurfaceST           0000000140085fb0 f   picomodel:picomodel.obj
 0001:00085030       PicoSetSurfaceColor        0000000140086030 f   picomodel:picomodel.obj
 0001:000850e0       PicoSetSurfaceIndex        00000001400860e0 f   picomodel:picomodel.obj
 0001:00085140       PicoSetSurfaceSmoothingGroup 0000000140086140 f   picomodel:picomodel.obj
 0001:00085190       PicoSetSkinNum             0000000140086190 f   picomodel:picomodel.obj
 0001:000851a0       PicoSetSkinItemObject      00000001400861a0 f   picomodel:picomodel.obj
 0001:000851e0       PicoSetSkinItemReplacement 00000001400861e0 f   picomodel:picomodel.obj
 0001:000851e0       PicoSetShaderName          00000001400861e0 f   picomodel:picomodel.obj
 0001:000851e0       PicoSetModelName           00000001400861e0 f   picomodel:picomodel.obj
 0001:00085220       PicoGetModelName           0000000140086220 f   picomodel:picomodel.obj
 0001:00085240       PicoGetShaderMapName       0000000140086240 f   picomodel:picomodel.obj
 0001:00085240       PicoGetModelFileName       0000000140086240 f   picomodel:picomodel.obj
 0001:00085260       PicoGetModelFrameNum       0000000140086260 f   picomodel:picomodel.obj
 0001:00085270       PicoGetModelShader         0000000140086270 f   picomodel:picomodel.obj
 0001:000852a0       PicoGetModelNumSurfaces    00000001400862a0 f   picomodel:picomodel.obj
 0001:000852b0       PicoGetModelSurface        00000001400862b0 f   picomodel:picomodel.obj
 0001:000852e0       PicoGetSurfaceType         00000001400862e0 f   picomodel:picomodel.obj
 0001:000852f0       PicoGetSurfaceNumVertexes  00000001400862f0 f   picomodel:picomodel.obj
 0001:00085300       PicoGetSurfaceXYZ          0000000140086300 f   picomodel:picomodel.obj
 0001:00085330       PicoGetSurfaceNormal       0000000140086330 f   picomodel:picomodel.obj
 0001:00085360       PicoGetSurfaceST           0000000140086360 f   picomodel:picomodel.obj
 0001:00085390       PicoGetSurfaceColor        0000000140086390 f   picomodel:picomodel.obj
 0001:000853c0       PicoGetSurfaceNumIndexes   00000001400863c0 f   picomodel:picomodel.obj
 0001:000853d0       PicoGetSurfaceIndexes      00000001400863d0 f   picomodel:picomodel.obj
 0001:000853f0       PicoGetSurfaceShaderNameForSkin 00000001400863f0 f   picomodel:picomodel.obj
 0001:000854d0       PicoVertexCoordGenerateHash 00000001400864d0 f   picomodel:picomodel.obj
 0001:000855f0       PicoNewVertexCombinationHashTable 00000001400865f0 f   picomodel:picomodel.obj
 0001:00085620       PicoFreeVertexCombinationHashTable 0000000140086620 f   picomodel:picomodel.obj
 0001:000856a0       PicoFindVertexCombinationInHashTable 00000001400866a0 f   picomodel:picomodel.obj
 0001:00085860       PicoAddVertexCombinationToHashTable 0000000140086860 f   picomodel:picomodel.obj
 0001:00085950       PicoFindSurfaceVertexNum   0000000140086950 f   picomodel:picomodel.obj
 0001:00085d80       indexarray_push_back       0000000140086d80 f   picomodel:picomodel.obj
 0001:00085d90       indexarray_reserve         0000000140086d90 f   picomodel:picomodel.obj
 0001:00085dc0       binarytree_clear           0000000140086dc0 f   picomodel:picomodel.obj
 0001:00085dc0       indexarray_clear           0000000140086dc0 f   picomodel:picomodel.obj
 0001:00085dd0       binarytree_extend          0000000140086dd0 f   picomodel:picomodel.obj
 0001:00085df0       binarytree_size            0000000140086df0 f   picomodel:picomodel.obj
 0001:00085e00       binarytree_reserve         0000000140086e00 f   picomodel:picomodel.obj
 0001:00085e30       UniqueIndices_size         0000000140086e30 f   picomodel:picomodel.obj
 0001:00085e40       UniqueIndices_reserve      0000000140086e40 f   picomodel:picomodel.obj
 0001:00085e70       UniqueIndices_init         0000000140086e70 f   picomodel:picomodel.obj
 0001:00085e80       UniqueIndices_destroy      0000000140086e80 f   picomodel:picomodel.obj
 0001:00085ea0       UniqueIndices_find_or_insert 0000000140086ea0 f   picomodel:picomodel.obj
 0001:00085f70       UniqueIndices_insert       0000000140086f70 f   picomodel:picomodel.obj
 0001:00085fb0       lessSmoothVertex           0000000140086fb0 f   picomodel:picomodel.obj
 0001:00086030       _pico_vertices_combine_shared_normals 0000000140087030 f   picomodel:picomodel.obj
 0001:00086180       _pico_triangles_generate_weighted_normals 0000000140087180 f   picomodel:picomodel.obj
 0001:00086260       _pico_normals_zero         0000000140087260 f   picomodel:picomodel.obj
 0001:000862a0       _pico_normals_normalize    00000001400872a0 f   picomodel:picomodel.obj
 0001:000862e0       _pico_length_vec           00000001400872e0 f   picomodel:picomodel.obj
 0001:00086310       _pico_normal_is_unit_length 0000000140087310 f   picomodel:picomodel.obj
 0001:00086350       _pico_normal_within_tolerance 0000000140087350 f   picomodel:picomodel.obj
 0001:00086380       _pico_normals_assign_generated_normals 0000000140087380 f   picomodel:picomodel.obj
 0001:000863f0       PicoFixSurfaceNormals      00000001400873f0 f   picomodel:picomodel.obj
 0001:00086490       PicoRemapModel             0000000140087490 f   picomodel:picomodel.obj
 0001:000869e0       PicoParseToken             00000001400879e0 f   picomodel:picomodel.obj
 0001:00086c70       PicoLoadSkinFiles          0000000140087c70 f   picomodel:picomodel.obj
 0001:00086f30       PicoModuleLoadModel        0000000140087f30 f   picomodel:picomodel.obj
 0001:00087030       PicoLoadModel              0000000140088030 f   picomodel:picomodel.obj
 0001:00087140       PicoNewSurface             0000000140088140 f   picomodel:picomodel.obj
 0001:000871f0       PicoFreeSkin               00000001400881f0 f   picomodel:picomodel.obj
 0001:00087250       PicoAddTriangleToModel     0000000140088250 f   picomodel:picomodel.obj
 0001:000874e0       PicoFreeModel              00000001400884e0 f   picomodel:picomodel.obj
 0001:000875d0       _pico_alloc                00000001400885d0 f   picomodel:picointernal.obj
 0001:00087630       _pico_calloc               0000000140088630 f   picomodel:picointernal.obj
 0001:000876a0       _pico_clone_alloc          00000001400886a0 f   picomodel:picointernal.obj
 0001:00087700       _pico_free                 0000000140088700 f   picomodel:picointernal.obj
 0001:00087720       _pico_load_file            0000000140088720 f   picomodel:picointernal.obj
 0001:00087740       _pico_free_file            0000000140088740 f   picomodel:picointernal.obj
 0001:00087770       _pico_printf               0000000140088770 f   picomodel:picointernal.obj
 0001:00087800       _pico_first_token          0000000140088800 f   picomodel:picointernal.obj
 0001:00087830       _pico_strltrim             0000000140088830 f   picomodel:picointernal.obj
 0001:000878b0       _pico_strrtrim             00000001400888b0 f   picomodel:picointernal.obj
 0001:00087970       _pico_strlwr               0000000140088970 f   picomodel:picointernal.obj
 0001:000879a0       _pico_strchcount           00000001400889a0 f   picomodel:picointernal.obj
 0001:000879d0       _pico_zero_bounds          00000001400889d0 f   picomodel:picointernal.obj
 0001:00087a00       _pico_expand_bounds        0000000140088a00 f   picomodel:picointernal.obj
 0001:00087a60       _pico_zero_vec             0000000140088a60 f   picomodel:picointernal.obj
 0001:00087a70       _pico_zero_vec2            0000000140088a70 f   picomodel:picointernal.obj
 0001:00087a80       _pico_set_vec              0000000140088a80 f   picomodel:picointernal.obj
 0001:00087a90       _pico_copy_vec             0000000140088a90 f   picomodel:picointernal.obj
 0001:00087ab0       _pico_copy_vec2            0000000140088ab0 f   picomodel:picointernal.obj
 0001:00087ac0       _pico_normalize_vec        0000000140088ac0 f   picomodel:picointernal.obj
 0001:00087b50       _pico_add_vec              0000000140088b50 f   picomodel:picointernal.obj
 0001:00087b80       _pico_subtract_vec         0000000140088b80 f   picomodel:picointernal.obj
 0001:00087bb0       _pico_scale_vec            0000000140088bb0 f   picomodel:picointernal.obj
 0001:00087be0       _pico_set_color            0000000140088be0 f   picomodel:picointernal.obj
 0001:00087c00       _pico_copy_color           0000000140088c00 f   picomodel:picointernal.obj
 0001:00087c20       _pico_little_long          0000000140088c20 f   picomodel:picointernal.obj
 0001:00087c30       _pico_little_short         0000000140088c30 f   picomodel:picointernal.obj
 0001:00087c40       _pico_stristr              0000000140088c40 f   picomodel:picointernal.obj
 0001:00087cc0       _pico_unixify              0000000140088cc0 f   picomodel:picointernal.obj
 0001:00087cf0       _pico_nopath               0000000140088cf0 f   picomodel:picointernal.obj
 0001:00087d90       _pico_setfext              0000000140088d90 f   picomodel:picointernal.obj
 0001:00087e60       _pico_new_parser           0000000140088e60 f   picomodel:picointernal.obj
 0001:00087f30       _pico_free_parser          0000000140088f30 f   picomodel:picointernal.obj
 0001:00087f60       _pico_parse_ex             0000000140088f60 f   picomodel:picointernal.obj
 0001:000880c0       _pico_parse_first          00000001400890c0 f   picomodel:picointernal.obj
 0001:00088100       _pico_parse                0000000140089100 f   picomodel:picointernal.obj
 0001:00088130       _pico_parse_skip_rest      0000000140089130 f   picomodel:picointernal.obj
 0001:00088160       _pico_parse_skip_braced    0000000140089160 f   picomodel:picointernal.obj
 0001:00088210       _pico_parse_check          0000000140089210 f   picomodel:picointernal.obj
 0001:00088270       _pico_parse_int            0000000140089270 f   picomodel:picointernal.obj
 0001:000882c0       _pico_parse_float          00000001400892c0 f   picomodel:picointernal.obj
 0001:00088310       _pico_parse_vec            0000000140089310 f   picomodel:picointernal.obj
 0001:000883b0       _pico_parse_vec2           00000001400893b0 f   picomodel:picointernal.obj
 0001:00088450       _pico_new_memstream        0000000140089450 f   picomodel:picointernal.obj
 0001:000884b0       _pico_free_memstream       00000001400894b0 f   picomodel:picointernal.obj
 0001:000884d0       _pico_memstream_read       00000001400894d0 f   picomodel:picointernal.obj
 0001:00088560       _pico_memstream_getc       0000000140089560 f   picomodel:picointernal.obj
 0001:000885a0       _pico_memstream_seek       00000001400895a0 f   picomodel:picointernal.obj
 0001:00088630       _pico_memstream_tell       0000000140089630 f   picomodel:picointernal.obj
 0001:00088650       _pico_realloc              0000000140089650 f   picomodel:picointernal.obj
 0001:000886f0       PicoModuleList             00000001400896f0 f   picomodel:picomodules.obj
 0001:000893a0       _terrain_load_tga_buffer   000000014008a3a0 f   picomodel:pm_terrain.obj
 0001:0008d2e0       _ase_get_submaterial_or_default 000000014008e2e0 f   picomodel:pm_ase.obj
 0001:000902f0       lwFreeLayer                00000001400912f0 f   picomodel:lwo2.obj
 0001:00090340       lwFreeObject               0000000140091340 f   picomodel:lwo2.obj
 0001:000903b0       lwGetObject                00000001400913b0 f   picomodel:lwo2.obj
 0001:00090900       lwValidateObject           0000000140091900 f   picomodel:lwo2.obj
 0001:000909d0       lwListFree                 00000001400919d0 f   picomodel:list.obj
 0001:00090a00       lwListAdd                  0000000140091a00 f   picomodel:list.obj
 0001:00090a30       lwListInsert               0000000140091a30 f   picomodel:list.obj
 0001:00090ad0       lwFreeVMap                 0000000140091ad0 f   picomodel:vmap.obj
 0001:00090b40       lwGetVMap                  0000000140091b40 f   picomodel:vmap.obj
 0001:00090da0       lwGetPointVMaps            0000000140091da0 f   picomodel:vmap.obj
 0001:00090f00       lwGetPolyVMaps             0000000140091f00 f   picomodel:vmap.obj
 0001:000910e0       lwFreePoints               00000001400920e0 f   picomodel:pntspols.obj
 0001:00091170       lwFreePolygons             0000000140092170 f   picomodel:pntspols.obj
 0001:00091250       lwGetPoints                0000000140092250 f   picomodel:pntspols.obj
 0001:00091470       lwGetBoundingBox           0000000140092470 f   picomodel:pntspols.obj
 0001:00091560       lwAllocPolygons            0000000140092560 f   picomodel:pntspols.obj
 0001:00091680       lwGetPolygons              0000000140092680 f   picomodel:pntspols.obj
 0001:00091850       lwGetPolyNormals           0000000140092850 f   picomodel:pntspols.obj
 0001:000919c0       lwGetPointPolygons         00000001400929c0 f   picomodel:pntspols.obj
 0001:00091b20       lwResolvePolySurfaces      0000000140092b20 f   picomodel:pntspols.obj
 0001:00091cf0       lwGetVertNormals           0000000140092cf0 f   picomodel:pntspols.obj
 0001:00091f70       lwFreeTags                 0000000140092f70 f   picomodel:pntspols.obj
 0001:00091ff0       lwGetTags                  0000000140092ff0 f   picomodel:pntspols.obj
 0001:00092140       lwGetPolygonTags           0000000140093140 f   picomodel:pntspols.obj
 0001:00092280       lwFreePlugin               0000000140093280 f   picomodel:surface.obj
 0001:000922d0       lwFreeTexture              00000001400932d0 f   picomodel:surface.obj
 0001:00092360       lwFreeSurface              0000000140093360 f   picomodel:surface.obj
 0001:00092460       lwGetTHeader               0000000140093460 f   picomodel:surface.obj
 0001:000925f0       lwGetTMap                  00000001400935f0 f   picomodel:surface.obj
 0001:00092820       lwGetImageMap              0000000140093820 f   picomodel:surface.obj
 0001:00092aa0       lwGetProcedural            0000000140093aa0 f   picomodel:surface.obj
 0001:00092c40       lwGetGradient              0000000140093c40 f   picomodel:surface.obj
 0001:00092ef0       lwGetTexture               0000000140093ef0 f   picomodel:surface.obj
 0001:00093030       lwGetShader                0000000140094030 f   picomodel:surface.obj
 0001:00093300       lwDefaultSurface           0000000140094300 f   picomodel:surface.obj
 0001:00093370       lwGetSurface               0000000140094370 f   picomodel:surface.obj
 0001:000939b0       lwFreeClip                 00000001400949b0 f   picomodel:clip.obj
 0001:00093a80       lwGetClip                  0000000140094a80 f   picomodel:clip.obj
 0001:00093f00       lwFreeEnvelope             0000000140094f00 f   picomodel:envelope.obj
 0001:00093f80       lwGetEnvelope              0000000140094f80 f   picomodel:envelope.obj
 0001:000942b0       set_flen                   00000001400952b0 f   picomodel:lwio.obj
 0001:000942c0       get_flen                   00000001400952c0 f   picomodel:lwio.obj
 0001:000942d0       revbytes                   00000001400952d0 f   picomodel:lwio.obj
 0001:00094350       getbytes                   0000000140095350 f   picomodel:lwio.obj
 0001:00094400       getU2                      0000000140095400 f   picomodel:lwio.obj
 0001:00094400       getI2                      0000000140095400 f   picomodel:lwio.obj
 0001:00094460       getU4                      0000000140095460 f   picomodel:lwio.obj
 0001:00094460       getI4                      0000000140095460 f   picomodel:lwio.obj
 0001:000944c0       getU1                      00000001400954c0 f   picomodel:lwio.obj
 0001:00094500       getVX                      0000000140095500 f   picomodel:lwio.obj
 0001:000945b0       getF4                      00000001400955b0 f   picomodel:lwio.obj
 0001:00094610       getS0                      0000000140095610 f   picomodel:lwio.obj
 0001:00094750       sgetI2                     0000000140095750 f   picomodel:lwio.obj
 0001:000947b0       sgetU2                     00000001400957b0 f   picomodel:lwio.obj
 0001:000947f0       sgetU4                     00000001400957f0 f   picomodel:lwio.obj
 0001:00094850       sgetVX                     0000000140095850 f   picomodel:lwio.obj
 0001:000948d0       sgetF4                     00000001400958d0 f   picomodel:lwio.obj
 0001:00094930       sgetS0                     0000000140095930 f   picomodel:lwio.obj
 0001:00094d90       lwGetSurface5              0000000140095d90 f   picomodel:lwob.obj
 0001:00095790       lwGetPolygons5             0000000140096790 f   picomodel:lwob.obj
 0001:00095950       lwGetObject5               0000000140096950 f   picomodel:lwob.obj
 0001:00095bd0       lwValidateObject5          0000000140096bd0 f   picomodel:lwob.obj
 0001:00095c80       dot                        0000000140096c80 f   picomodel:vecmath.obj
 0001:00095c80       _pico_dot_vec              0000000140096c80 f   picomodel:picointernal.obj
 0001:00095cb0       _pico_cross_vec            0000000140096cb0 f   picomodel:picointernal.obj
 0001:00095cb0       cross                      0000000140096cb0 f   picomodel:vecmath.obj
 0001:00095d10       normalize                  0000000140096d10 f   picomodel:vecmath.obj
 0001:00095d5c       _stricmp                   0000000140096d5c f   MSVCRT:MSVCR90.dll
 0001:00095d62       rename                     0000000140096d62 f   MSVCRT:MSVCR90.dll
 0001:00095d68       sprintf                    0000000140096d68 f   MSVCRT:MSVCR90.dll
 0001:00095d6e       sscanf_s                   0000000140096d6e f   MSVCRT:MSVCR90.dll
 0001:00095d74       sscanf                     0000000140096d74 f   MSVCRT:MSVCR90.dll
 0001:00095d7a       strncmp                    0000000140096d7a f   MSVCRT:MSVCR90.dll
 0001:00095d80       free                       0000000140096d80 f   MSVCRT:MSVCR90.dll
 0001:00095d86       atoi                       0000000140096d86 f   MSVCRT:MSVCR90.dll
 0001:00095d8c       remove                     0000000140096d8c f   MSVCRT:MSVCR90.dll
 0001:00095d92       ftell                      0000000140096d92 f   MSVCRT:MSVCR90.dll
 0001:00095d98       realloc                    0000000140096d98 f   MSVCRT:MSVCR90.dll
[...]
 0001:00052330       ?MapSingleLuxel@@YAHPEAUrawLightmap_s@@PEAUsurfaceInfo_s@@PEAUbspDrawVert_t@@QEAM3MQEAY02M44@Z 0000000140053330 f    CIL library: CIL module
 0001:000530d0       ?MapTriangle_r@@YAXPEAUrawLightmap_s@@PEAUsurfaceInfo_s@@QEAPEAUbspDrawVert_t@@QEAM3QEAY02M44@Z 00000001400540d0 f    CIL library: CIL module
 0001:00053360       ?MapTriangle@@YA?AW4qboolean@@PEAUrawLightmap_s@@PEAUsurfaceInfo_s@@QEAPEAUbspDrawVert_t@@W41@@Z 0000000140054360 f    CIL library: CIL module
 0001:000536e0       ?MapQuad_r@@YAXPEAUrawLightmap_s@@PEAUsurfaceInfo_s@@QEAPEAUbspDrawVert_t@@QEAM3QEAY02M4@Z 00000001400546e0 f    CIL library: CIL module
 0001:00053a60       ?MapQuad@@YA?AW4qboolean@@PEAUrawLightmap_s@@PEAUsurfaceInfo_s@@QEAPEAUbspDrawVert_t@@@Z 0000000140054a60 f    CIL library: CIL module
 0001:000568e0       ?SubmapRawLuxel@@YA?AW4qboolean@@PEAUrawLightmap_s@@HHMMPEAHQEAM2@Z 00000001400578e0 f    CIL library: CIL module
 0001:00056c60       ?SubsampleRawLuxel_r@@YAXPEAUrawLightmap_s@@PEAUtrace_t@@QEAMHHMPEAM@Z 0000000140057c60 f    CIL library: CIL module
 0001:0005da30       ?CompareLightSurface@@YAHPEBX0@Z 000000014005ea30 f    CIL library: CIL module
 0001:0005f310       ?CompareSurfaceInfo@@YAHPEBX0@Z 0000000140060310 f    CIL library: CIL module
 0001:000619a0       ?CompareBSPLuxels@@YA?AW4qboolean@@PEAUrawLightmap_s@@H0H@Z 00000001400629a0 f    CIL library: CIL module
 0001:00061d50       ?MergeBSPLuxels@@YA?AW4qboolean@@PEAUrawLightmap_s@@H0H@Z 0000000140062d50 f    CIL library: CIL module
 0001:00061fe0       ?ApproximateLuxel@@YA?AW4qboolean@@PEAUrawLightmap_s@@PEAUbspDrawVert_t@@@Z 0000000140062fe0 f    CIL library: CIL module
 0001:00062210       ?ApproximateTriangle_r@@YA?AW4qboolean@@PEAUrawLightmap_s@@QEAPEAUbspDrawVert_t@@@Z 0000000140063210 f    CIL library: CIL module
 0001:00062420       ?ApproximateLightmap@@YA?AW4qboolean@@PEAUrawLightmap_s@@@Z 0000000140063420 f    CIL library: CIL module
 0001:00062890       ?TestOutLightmapStamp@@YA?AW4qboolean@@PEAUrawLightmap_s@@HPEAUoutLightmap_s@@HH@Z 0000000140063890 f    CIL library: CIL module
 0001:00062a20       ?SetupOutLightmap@@YAXPEAUrawLightmap_s@@PEAUoutLightmap_s@@@Z 0000000140063a20 f    CIL library: CIL module
 0001:00062b80       ?FindOutLightmaps@@YAXPEAUrawLightmap_s@@@Z 0000000140063b80 f    CIL library: CIL module
 0001:00063510       ?CompareRawLightmap@@YAHPEBX0@Z 0000000140064510 f    CIL library: CIL module
 0001:0006cbc0       ?ConvertCollapsedSurface@@YAXPEAU_iobuf@@PEAUbspModel_t@@HHHQEAM@Z 000000014006dbc0 f    CIL library: CIL module
 0001:0006d840       ?ConvertSurface@@YAXPEAU_iobuf@@PEAUbspModel_t@@HPEAUbspDrawSurface_t@@HQEAM@Z 000000014006e840 f    CIL library: CIL module
 0001:0006deb0       ?ConvertModel@@YAXPEAU_iobuf@@PEAUbspModel_t@@HQEAMH@Z 000000014006eeb0 f    CIL library: CIL module
 0001:0006dfb0       ?ConvertShader@@YAXPEAU_iobuf@@PEAUbspShader_t@@H@Z 000000014006efb0 f    CIL library: CIL module
 0001:0006e710       ?ConvertBrush@@YAXPEAU_iobuf@@HPEAUbspBrush_t@@QEAM@Z 000000014006f710 f    CIL library: CIL module
 0001:0006ea90       ?ConvertPatch@@YAXPEAU_iobuf@@HPEAUbspDrawSurface_t@@QEAM@Z 000000014006fa90 f    CIL library: CIL module
 0001:0006ecb0       ?ConvertModel@@YAXPEAU_iobuf@@PEAUbspModel_t@@HQEAM@Z 000000014006fcb0 f    CIL library: CIL module
 0001:00072470       ?MD4Transform@@YAXQEAKQEAE@Z 0000000140073470 f    CIL library: CIL module
 0001:00075b00       ?unzlocal_SearchCentralDir@@YAKPEAU_iobuf@@@Z 0000000140076b00 f    CIL library: CIL module
 0001:00075e80       ?unzlocal_GetCurrentFileInfoInternal@@YAHPEAXPEAUunz_file_info_s@@PEAUunz_file_info_internal_s@@PEADK0K3K@Z 0000000140076e80 f    CIL library: CIL module
 0001:00076300       ?unzlocal_CheckCurrentFileCoherencyHeader@@YAHPEAUunz_s@@PEAIPEAK1@Z 0000000140077300 f    CIL library: CIL module
 0001:000779a0       ?huft_build@@YAHPEAIIIPEBI1PEAPEAUinflate_huft_s@@0PEAU1@00@Z 00000001400789a0 f    CIL library: CIL module
 0001:000791b0       ?vfsInitPakFile@@YAXPEBD@Z 000000014007a1b0 f    CIL library: CIL module
 0001:0007bbf0       DDSDecodePixelFormat       000000014007cbf0 f   ddslib:ddslib.obj
 0001:0007bcb0       DDSGetColorBlockColors     000000014007ccb0 f   ddslib:ddslib.obj
 0001:0007be80       DDSDecodeColorBlock        000000014007ce80 f   ddslib:ddslib.obj
 0001:0007bf60       DDSDecodeAlphaExplicit     000000014007cf60 f   ddslib:ddslib.obj
 0001:0007c060       DDSDecodeAlpha3BitLinear   000000014007d060 f   ddslib:ddslib.obj
 0001:0007c360       DDSDecompressDXT1          000000014007d360 f   ddslib:ddslib.obj
 0001:0007c470       DDSDecompressDXT3          000000014007d470 f   ddslib:ddslib.obj
 0001:0007c5f0       DDSDecompressDXT5          000000014007d5f0 f   ddslib:ddslib.obj
 0001:0007c770       DDSDecompressDXT2          000000014007d770 f   ddslib:ddslib.obj
 0001:0007c780       DDSDecompressDXT4          000000014007d780 f   ddslib:ddslib.obj
 0001:0007c790       DDSDecompressARGB8888      000000014007d790 f   ddslib:ddslib.obj
 0001:0007cbc0       ?default_decompress_parms@@YAXPEAUjpeg_decompress_struct@@@Z 000000014007dbc0 f   jpeg6:jdapimin.obj
 0001:0007cfe0       ?output_pass_setup@@YAEPEAUjpeg_decompress_struct@@@Z 000000014007dfe0 f   jpeg6:jdapistd.obj
 0001:0007d1e0       ?init_source@@YAXPEAUjpeg_decompress_struct@@@Z 000000014007e1e0 f   jpeg6:jdatasrc.obj
 0001:0007d1f0       ?fill_input_buffer@@YAEPEAUjpeg_decompress_struct@@@Z 000000014007e1f0 f   jpeg6:jdatasrc.obj
 0001:0007d250       ?skip_input_data@@YAXPEAUjpeg_decompress_struct@@J@Z 000000014007e250 f   jpeg6:jdatasrc.obj
 0001:0007d350       ?error_exit@@YAXPEAUjpeg_common_struct@@@Z 000000014007e350 f   jpeg6:jerror.obj
 0001:0007d380       ?output_message@@YAXPEAUjpeg_common_struct@@@Z 000000014007e380 f   jpeg6:jerror.obj
 0001:0007d3b0       ?emit_message@@YAXPEAUjpeg_common_struct@@H@Z 000000014007e3b0 f   jpeg6:jerror.obj
 0001:0007d3f0       ?format_message@@YAXPEAUjpeg_common_struct@@PEAD@Z 000000014007e3f0 f   jpeg6:jerror.obj
 0001:0007d4d0       ?reset_error_mgr@@YAXPEAUjpeg_common_struct@@@Z 000000014007e4d0 f   jpeg6:jerror.obj
 0001:0007d570       ?initial_setup@@YAXPEAUjpeg_decompress_struct@@@Z 000000014007e570 f   jpeg6:jdinput.obj
 0001:0007d780       ?per_scan_setup@@YAXPEAUjpeg_decompress_struct@@@Z 000000014007e780 f   jpeg6:jdinput.obj
 0001:0007d960       ?latch_quant_tables@@YAXPEAUjpeg_decompress_struct@@@Z 000000014007e960 f   jpeg6:jdinput.obj
 0001:0007da30       ?start_input_pass@@YAXPEAUjpeg_decompress_struct@@@Z 000000014007ea30 f   jpeg6:jdinput.obj
 0001:0007da80       ?consume_markers@@YAHPEAUjpeg_decompress_struct@@@Z 000000014007ea80 f   jpeg6:jdinput.obj
 0001:0007db90       ?reset_input_controller@@YAXPEAUjpeg_decompress_struct@@@Z 000000014007eb90 f   jpeg6:jdinput.obj
 0001:0007dbe0       ?finish_input_pass@@YAXPEAUjpeg_decompress_struct@@@Z 000000014007ebe0 f   jpeg6:jdinput.obj
 0001:0007dc60       ?get_soi@@YAEPEAUjpeg_decompress_struct@@@Z 000000014007ec60 f   jpeg6:jdmarker.obj
 0001:0007dd20       ?get_sof@@YAEPEAUjpeg_decompress_struct@@EE@Z 000000014007ed20 f   jpeg6:jdmarker.obj
 0001:0007e070       ?get_sos@@YAEPEAUjpeg_decompress_struct@@@Z 000000014007f070 f   jpeg6:jdmarker.obj
 0001:0007e3a0       ?get_app0@@YAEPEAUjpeg_decompress_struct@@@Z 000000014007f3a0 f   jpeg6:jdmarker.obj
 0001:0007e680       ?get_app14@@YAEPEAUjpeg_decompress_struct@@@Z 000000014007f680 f   jpeg6:jdmarker.obj
 0001:0007e870       ?get_dac@@YAEPEAUjpeg_decompress_struct@@@Z 000000014007f870 f   jpeg6:jdmarker.obj
 0001:0007ea20       ?get_dht@@YAEPEAUjpeg_decompress_struct@@@Z 000000014007fa20 f   jpeg6:jdmarker.obj
 0001:0007ed50       ?get_dqt@@YAEPEAUjpeg_decompress_struct@@@Z 000000014007fd50 f   jpeg6:jdmarker.obj
 0001:0007efd0       ?get_dri@@YAEPEAUjpeg_decompress_struct@@@Z 000000014007ffd0 f   jpeg6:jdmarker.obj
 0001:0007f0f0       ?skip_variable@@YAEPEAUjpeg_decompress_struct@@@Z 00000001400800f0 f   jpeg6:jdmarker.obj
 0001:0007f1c0       ?next_marker@@YAEPEAUjpeg_decompress_struct@@@Z 00000001400801c0 f   jpeg6:jdmarker.obj
 0001:0007f330       ?first_marker@@YAEPEAUjpeg_decompress_struct@@@Z 0000000140080330 f   jpeg6:jdmarker.obj
 0001:0007f400       ?read_markers@@YAHPEAUjpeg_decompress_struct@@@Z 0000000140080400 f   jpeg6:jdmarker.obj
 0001:0007f720       ?read_restart_marker@@YAEPEAUjpeg_decompress_struct@@@Z 0000000140080720 f   jpeg6:jdmarker.obj
 0001:0007f8f0       ?reset_marker_reader@@YAXPEAUjpeg_decompress_struct@@@Z 00000001400808f0 f   jpeg6:jdmarker.obj
 0001:0007f9e0       ?out_of_memory@@YAXPEAUjpeg_common_struct@@H@Z 00000001400809e0 f   jpeg6:jmemmgr.obj
 0001:0007fa00       ?alloc_small@@YAPEAXPEAUjpeg_common_struct@@H_K@Z 0000000140080a00 f   jpeg6:jmemmgr.obj
 0001:0007fb80       ?alloc_large@@YAPEAXPEAUjpeg_common_struct@@H_K@Z 0000000140080b80 f   jpeg6:jmemmgr.obj
 0001:0007fc60       ?alloc_sarray@@YAPEAPEAEPEAUjpeg_common_struct@@HII@Z 0000000140080c60 f   jpeg6:jmemmgr.obj
 0001:0007fd50       ?alloc_barray@@YAPEAPEAY0EA@FPEAUjpeg_common_struct@@HII@Z 0000000140080d50 f   jpeg6:jmemmgr.obj
 0001:0007fe60       ?request_virt_sarray@@YAPEAUjvirt_sarray_control@@PEAUjpeg_common_struct@@HEIII@Z 0000000140080e60 f   jpeg6:jmemmgr.obj
 0001:0007ff10       ?request_virt_barray@@YAPEAUjvirt_barray_control@@PEAUjpeg_common_struct@@HEIII@Z 0000000140080f10 f   jpeg6:jmemmgr.obj
 0001:0007ffc0       ?realize_virt_arrays@@YAXPEAUjpeg_common_struct@@@Z 0000000140080fc0 f   jpeg6:jmemmgr.obj
 0001:000801a0       ?do_sarray_io@@YAXPEAUjpeg_common_struct@@PEAUjvirt_sarray_control@@E@Z 00000001400811a0 f   jpeg6:jmemmgr.obj
 0001:00080260       ?do_barray_io@@YAXPEAUjpeg_common_struct@@PEAUjvirt_barray_control@@E@Z 0000000140081260 f   jpeg6:jmemmgr.obj
 0001:00080320       ?access_virt_sarray@@YAPEAPEAEPEAUjpeg_common_struct@@PEAUjvirt_sarray_control@@IIE@Z 0000000140081320 f   jpeg6:jmemmgr.obj
 0001:00080480       ?access_virt_barray@@YAPEAPEAY0EA@FPEAUjpeg_common_struct@@PEAUjvirt_barray_control@@IIE@Z 0000000140081480 f   jpeg6:jmemmgr.obj
 0001:000805e0       ?free_pool@@YAXPEAUjpeg_common_struct@@H@Z 00000001400815e0 f   jpeg6:jmemmgr.obj
 0001:00080730       ?self_destruct@@YAXPEAUjpeg_common_struct@@@Z 0000000140081730 f   jpeg6:jmemmgr.obj
 0001:000809b0       ?use_merged_upsample@@YAEPEAUjpeg_decompress_struct@@@Z 00000001400819b0 f   jpeg6:jdmaster.obj
 0001:00080a70       ?prepare_range_limit_table@@YAXPEAUjpeg_decompress_struct@@@Z 0000000140081a70 f   jpeg6:jdmaster.obj
 0001:00080b20       ?master_selection@@YAXPEAUjpeg_decompress_struct@@@Z 0000000140081b20 f   jpeg6:jdmaster.obj
 0001:00080cd0       ?prepare_for_output_pass@@YAXPEAUjpeg_decompress_struct@@@Z 0000000140081cd0 f   jpeg6:jdmaster.obj
 0001:00080e20       ?finish_output_pass@@YAXPEAUjpeg_decompress_struct@@@Z 0000000140081e20 f   jpeg6:jdmaster.obj
 0001:00080f90       ?alloc_funny_pointers@@YAXPEAUjpeg_decompress_struct@@@Z 0000000140081f90 f   jpeg6:jdmainct.obj
 0001:00081090       ?make_funny_pointers@@YAXPEAUjpeg_decompress_struct@@@Z 0000000140082090 f   jpeg6:jdmainct.obj
 0001:00081230       ?set_wraparound_pointers@@YAXPEAUjpeg_decompress_struct@@@Z 0000000140082230 f   jpeg6:jdmainct.obj
 0001:00081340       ?set_bottom_pointers@@YAXPEAUjpeg_decompress_struct@@@Z 0000000140082340 f   jpeg6:jdmainct.obj
 0001:00081410       ?process_data_simple_main@@YAXPEAUjpeg_decompress_struct@@PEAPEAEPEAII@Z 0000000140082410 f   jpeg6:jdmainct.obj
 0001:000814c0       ?process_data_context_main@@YAXPEAUjpeg_decompress_struct@@PEAPEAEPEAII@Z 00000001400824c0 f   jpeg6:jdmainct.obj
 0001:00081650       ?start_pass_main@@YAXPEAUjpeg_decompress_struct@@W4J_BUF_MODE@@@Z 0000000140082650 f   jpeg6:jdmainct.obj
 0001:00081800       ?start_iMCU_row@@YAXPEAUjpeg_decompress_struct@@@Z 0000000140082800 f   jpeg6:jdcoefct.obj
 0001:00081860       ?start_input_pass@@YAXPEAUjpeg_decompress_struct@@@Z 0000000140082860 f   jpeg6:jdcoefct.obj
 0001:00081870       ?start_output_pass@@YAXPEAUjpeg_decompress_struct@@@Z 0000000140082870 f   jpeg6:jdcoefct.obj
 0001:00081880       ?decompress_onepass@@YAHPEAUjpeg_decompress_struct@@PEAPEAPEAE@Z 0000000140082880 f   jpeg6:jdcoefct.obj
 0001:00081b40       ?dummy_consume_data@@YAHPEAUjpeg_decompress_struct@@@Z 0000000140082b40 f   jpeg6:jdcoefct.obj
 0001:000820d0       ?process_restart@@YAEPEAUjpeg_decompress_struct@@@Z 00000001400830d0 f   jpeg6:jdhuff.obj
 0001:00082170       ?decode_mcu@@YAEPEAUjpeg_decompress_struct@@PEAPEAY0EA@F@Z 0000000140083170 f   jpeg6:jdhuff.obj
 0001:00082640       ?start_pass_huff_decoder@@YAXPEAUjpeg_decompress_struct@@@Z 0000000140083640 f   jpeg6:jdhuff.obj
 0001:00082800       ?start_pass@@YAXPEAUjpeg_decompress_struct@@@Z 0000000140083800 f   jpeg6:jddctmgr.obj
 0001:00082bc0       ?post_process_1pass@@YAXPEAUjpeg_decompress_struct@@PEAPEAPEAEPEAIIPEAPEAE2I@Z 0000000140083bc0 f   jpeg6:jdpostct.obj
 0001:00082c70       ?start_pass_dpost@@YAXPEAUjpeg_decompress_struct@@W4J_BUF_MODE@@@Z 0000000140083c70 f   jpeg6:jdpostct.obj
 0001:00082dc0       ?start_pass_upsample@@YAXPEAUjpeg_decompress_struct@@@Z 0000000140083dc0 f   jpeg6:jdsample.obj
 0001:00082de0       ?sep_upsample@@YAXPEAUjpeg_decompress_struct@@PEAPEAPEAEPEAIIPEAPEAE2I@Z 0000000140083de0 f   jpeg6:jdsample.obj
 0001:00082f30       ?fullsize_upsample@@YAXPEAUjpeg_decompress_struct@@PEAUjpeg_component_info@@PEAPEAEPEAPEAPEAE@Z 0000000140083f30 f   jpeg6:jdsample.obj
 0001:00082f40       ?noop_upsample@@YAXPEAUjpeg_decompress_struct@@PEAUjpeg_component_info@@PEAPEAEPEAPEAPEAE@Z 0000000140083f40 f   jpeg6:jdsample.obj
 0001:00082f50       ?int_upsample@@YAXPEAUjpeg_decompress_struct@@PEAUjpeg_component_info@@PEAPEAEPEAPEAPEAE@Z 0000000140083f50 f   jpeg6:jdsample.obj
 0001:000830b0       ?h2v1_upsample@@YAXPEAUjpeg_decompress_struct@@PEAUjpeg_component_info@@PEAPEAEPEAPEAPEAE@Z 00000001400840b0 f   jpeg6:jdsample.obj
 0001:00083120       ?h2v2_upsample@@YAXPEAUjpeg_decompress_struct@@PEAUjpeg_component_info@@PEAPEAEPEAPEAPEAE@Z 0000000140084120 f   jpeg6:jdsample.obj
 0001:000831e0       ?h2v1_fancy_upsample@@YAXPEAUjpeg_decompress_struct@@PEAUjpeg_component_info@@PEAPEAEPEAPEAPEAE@Z 00000001400841e0 f   jpeg6:jdsample.obj
 0001:000832d0       ?h2v2_fancy_upsample@@YAXPEAUjpeg_decompress_struct@@PEAUjpeg_component_info@@PEAPEAEPEAPEAPEAE@Z 00000001400842d0 f   jpeg6:jdsample.obj
 0001:00083690       ?build_ycc_rgb_table@@YAXPEAUjpeg_decompress_struct@@@Z 0000000140084690 f   jpeg6:jdcolor.obj
 0001:00083790       ?ycc_rgb_convert@@YAXPEAUjpeg_decompress_struct@@PEAPEAPEAEIPEAPEAEH@Z 0000000140084790 f   jpeg6:jdcolor.obj
 0001:00083930       ?null_convert@@YAXPEAUjpeg_decompress_struct@@PEAPEAPEAEIPEAPEAEH@Z 0000000140084930 f   jpeg6:jdcolor.obj
 0001:000839f0       ?grayscale_convert@@YAXPEAUjpeg_decompress_struct@@PEAPEAPEAEIPEAPEAEH@Z 00000001400849f0 f   jpeg6:jdcolor.obj
 0001:00083a30       ?ycck_cmyk_convert@@YAXPEAUjpeg_decompress_struct@@PEAPEAPEAEIPEAPEAEH@Z 0000000140084a30 f   jpeg6:jdcolor.obj
 0001:00088720       _obj_canload               0000000140089720 f   picomodel:pm_obj.obj
 0001:00088880       SizeObjVertexData          0000000140089880 f   picomodel:pm_obj.obj
 0001:00088940       FreeObjVertexData          0000000140089940 f   picomodel:pm_obj.obj
 0001:00088960       _obj_load                  0000000140089960 f   picomodel:pm_obj.obj
 0001:00089870       _terrain_canload           000000014008a870 f   picomodel:pm_terrain.obj
 0001:000898e0       _terrain_load              000000014008a8e0 f   picomodel:pm_terrain.obj
 0001:0008a0c0       lwo_lwIDToStr              000000014008b0c0 f   picomodel:pm_lwo.obj
 0001:0008a110       _lwo_canload               000000014008b110 f   picomodel:pm_lwo.obj
 0001:0008a180       _lwo_load                  000000014008b180 f   picomodel:pm_lwo.obj
 0001:0008aa80       _fm_canload                000000014008ba80 f   picomodel:pm_fm.obj
 0001:0008abb0       _fm_load                   000000014008bbb0 f   picomodel:pm_fm.obj
 0001:0008b690       _md2_canload               000000014008c690 f   picomodel:pm_md2.obj
 0001:0008b6e0       _md2_load                  000000014008c6e0 f   picomodel:pm_md2.obj
 0001:0008c150       _mdc_canload               000000014008d150 f   picomodel:pm_mdc.obj
 0001:0008c1a0       _mdc_load                  000000014008d1a0 f   picomodel:pm_mdc.obj
 0001:0008ca80       _ms3d_canload              000000014008da80 f   picomodel:pm_ms3d.obj
 0001:0008cb00       GetWord                    000000014008db00 f   picomodel:pm_ms3d.obj
 0001:0008cb40       _ms3d_load                 000000014008db40 f   picomodel:pm_ms3d.obj
 0001:0008d270       _ase_get_material          000000014008e270 f   picomodel:pm_ase.obj
 0001:0008d290       _ase_get_submaterial       000000014008e290 f   picomodel:pm_ase.obj
 0001:0008d340       _ase_add_material          000000014008e340 f   picomodel:pm_ase.obj
 0001:0008d380       _ase_add_submaterial       000000014008e380 f   picomodel:pm_ase.obj
 0001:0008d400       _ase_free_materials        000000014008e400 f   picomodel:pm_ase.obj
 0001:0008d480       _ase_canload               000000014008e480 f   picomodel:pm_ase.obj
 0001:0008d510       _ase_submit_triangles      000000014008e510 f   picomodel:pm_ase.obj
 0001:0008da80       _ase_load                  000000014008ea80 f   picomodel:pm_ase.obj
 0001:0008f0e0       _3ds_canload               00000001400900e0 f   picomodel:pm_3ds.obj
 0001:0008f140       GetChunk                   0000000140090140 f   picomodel:pm_3ds.obj
 0001:0008f1a0       GetASCIIZ                  00000001400901a0 f   picomodel:pm_3ds.obj
 0001:0008f230       GetByte                    0000000140090230 f   picomodel:pm_3ds.obj
 0001:0008f250       GetWord                    0000000140090250 f   picomodel:pm_3ds.obj
 0001:0008f290       GetFloat                   0000000140090290 f   picomodel:pm_3ds.obj
 0001:0008f2c0       GetMeshVertices            00000001400902c0 f   picomodel:pm_3ds.obj
 0001:0008f350       GetMeshFaces               0000000140090350 f   picomodel:pm_3ds.obj
 0001:0008f410       GetMeshTexCoords           0000000140090410 f   picomodel:pm_3ds.obj
 0001:0008f4a0       GetMeshShader              00000001400904a0 f   picomodel:pm_3ds.obj
 0001:0008f670       GetDiffuseColor            0000000140090670 f   picomodel:pm_3ds.obj
 0001:0008f6c0       DoNextEditorDataChunk      00000001400906c0 f   picomodel:pm_3ds.obj
 0001:0008f940       DoNextChunk                0000000140090940 f   picomodel:pm_3ds.obj
 0001:0008fa00       _3ds_load                  0000000140090a00 f   picomodel:pm_3ds.obj
 0001:0008fb10       _md3_canload               0000000140090b10 f   picomodel:pm_md3.obj
 0001:0008fb60       _md3_load                  0000000140090b60 f   picomodel:pm_md3.obj
 0001:00093210       compare_shaders            0000000140094210 f   picomodel:surface.obj
 0001:00093210       compare_textures           0000000140094210 f   picomodel:surface.obj
 0001:00093240       add_texture                0000000140094240 f   picomodel:surface.obj
 0001:00093f50       compare_keys               0000000140094f50 f   picomodel:envelope.obj
 0001:00094a00       add_clip                   0000000140095a00 f   picomodel:lwob.obj
 0001:00094ab0       add_tvel                   0000000140095ab0 f   picomodel:lwob.obj
 0001:00094c30       get_texture                0000000140095c30 f   picomodel:lwob.obj
 0001:00095f2c       pre_cpp_init               0000000140096f2c f   MSVCRT:crtexe.obj
 0001:00095f94       __tmainCRTStartup          0000000140096f94 f   MSVCRT:crtexe.obj
 0001:00096114       pre_c_init                 0000000140097114 f   MSVCRT:crtexe.obj
 0001:000965b0       _onexit$fin$0              00000001400975b0 f   MSVCRT:atonexit.obj
 0001:000965c9       __tmainCRTStartup$filt$0   00000001400975c9 f   MSVCRT:crtexe.obj
 0001:000965f0       _IsNonwritableInCurrentImage$filt$0 00000001400975f0 f   MSVCRT:pesect.obj
