 bloodmap

 Timestamp is 54480d60 (Thu Oct 23 00:02:40 2014)

 Preferred load address is 0000000140000000

 Start         Length     Name                   Class
 0001:00000000 0008b6d8H .text                   CODE
 0001:0008b6e0 0000005eH .text$00                CODE
 0001:0008b740 00000061H .text$x                 CODE
 0002:00000000 00000528H .idata$5                DATA
 0002:00000528 00000008H .CRT$XCA                DATA
 0002:00000530 00000008H .CRT$XCAA               DATA
 0002:00000538 00000008H .CRT$XCZ                DATA
 0002:00000540 00000008H .CRT$XIA                DATA
 0002:00000548 00000008H .CRT$XIAA               DATA
 0002:00000550 00000008H .CRT$XIY                DATA
 0002:00000558 00000008H .CRT$XIZ                DATA
 0002:00000560 00010910H .rdata                  DATA
 0002:00010e70 00000042H .rdata$debug            DATA
 0002:00010eb8 00000008H .rtc$IAA                DATA
 0002:00010ec0 00000008H .rtc$IZZ                DATA
 0002:00010ec8 00000008H .rtc$TAA                DATA
 0002:00010ed0 00000008H .rtc$TZZ                DATA
 0002:00010ed8 00009aa8H .xdata                  DATA
 0002:0001a980 00000078H .idata$2                DATA
 0002:0001a9f8 00000014H .idata$3                DATA
 0002:0001aa10 00000528H .idata$4                DATA
 0002:0001af38 00000842H .idata$6                DATA
 0002:0001b77a 00000000H .edata                  DATA
 0003:00000000 000151c8H .data                   DATA
 0003:000151e0 0fdbf6e0H .bss                    DATA
 0004:00000000 000063c0H .pdata                  DATA
 0005:00000000 00000250H .rsrc$01                DATA
 0005:00000250 000102f8H .rsrc$02                DATA

  Address         Publics by Value              Rva+Base               Lib:Object

 0000:00000000       ___safe_se_handler_table   0000000000000000     <absolute>
 0000:00000000       ___safe_se_handler_count   0000000000000000     <absolute>
 0000:00000000       __ImageBase                0000000140000000     <linker-defined>
 0001:00000000       ?IncDrawVerts@@YAXXZ       0000000140001000 f   bspfile_abstract.obj
 0001:000000d0       ?SetDrawVerts@@YAXH@Z      00000001400010d0 f   bspfile_abstract.obj
 0001:00000190       ?SetDrawSurfaces@@YAXH@Z   0000000140001190 f   bspfile_abstract.obj
 0001:00000250       ?SwapBSPFile@@YAXXZ        0000000140001250 f   bspfile_abstract.obj
 0001:00000420       ?WriteBSPFile@@YAXPEBD@Z   0000000140001420 f   bspfile_abstract.obj
 0001:000004c0       ?PrintBSPFileSizes@@YAXXZ  00000001400014c0 f   bspfile_abstract.obj
 0001:00000760       ?ParseEPair@@YAPEAUepair_s@@XZ 0000000140001760 f   bspfile_abstract.obj
 0001:000008d0       ?ParseEntity@@YA?AW4qboolean@@XZ 00000001400018d0 f   bspfile_abstract.obj
 0001:000009d0       ?ParseEntities@@YAXXZ      00000001400019d0 f   bspfile_abstract.obj
 0001:00000a70       ?UnparseEntities@@YAXW4qboolean@@@Z 0000000140001a70 f   bspfile_abstract.obj
 0001:00000db0       ?SetKeyValue@@YAXPEAUentity_t@@PEBD1@Z 0000000140001db0 f   bspfile_abstract.obj
 0001:00000f00       ?KeyExists@@YA?AW4qboolean@@PEBUentity_t@@PEBD@Z 0000000140001f00 f   bspfile_abstract.obj
 0001:00000f60       ?ValueForKey@@YAPEBDPEBUentity_t@@PEBD@Z 0000000140001f60 f   bspfile_abstract.obj
 0001:00000fd0       ?IntForKey@@YAHPEBUentity_t@@PEBD@Z 0000000140001fd0 f   bspfile_abstract.obj
 0001:00001050       ?FloatForKey@@YAMPEBUentity_t@@PEBD@Z 0000000140002050 f   bspfile_abstract.obj
 0001:000010c0       ?GetVectorForKey@@YAXPEBUentity_t@@PEBDQEAM@Z 00000001400020c0 f   bspfile_abstract.obj
 0001:00001180       ?FindTargetEntity@@YAPEAUentity_t@@PEBD@Z 0000000140002180 f   bspfile_abstract.obj
 0001:00001250       ?GetEntityShadowFlags@@YAXPEBUentity_t@@0PEAD1W4qboolean@@@Z 0000000140002250 f   bspfile_abstract.obj
 0001:000014a0       ?GetEntityLightmapScale@@YAXPEBUentity_t@@PEAMM@Z 00000001400024a0 f   bspfile_abstract.obj
 0001:00001640       ?GetEntityNormalSmoothing@@YAXPEBUentity_t@@PEAHH@Z 0000000140002640 f   bspfile_abstract.obj
 0001:00001750       ?GetEntityLightmapStitch@@YAXPEBUentity_t@@PEAMM@Z 0000000140002750 f   bspfile_abstract.obj
 0001:00002a50       ?LoadIBSPFile@@YAXPEBD@Z   0000000140003a50 f   bspfile_ibsp.obj
 0001:00003020       ?WriteIBSPFile@@YAXPEBD@Z  0000000140004020 f   bspfile_ibsp.obj
 0001:00003a50       ?LoadRBSPFile@@YAXPEBD@Z   0000000140004a50 f   bspfile_rbsp.obj
 0001:00004210       ?WriteRBSPFile@@YAXPEBD@Z  0000000140005210 f   bspfile_rbsp.obj
 0001:000049d0       ?PNGReadData@@YAXPEAUpng_struct_def@@PEAE_K@Z 00000001400059d0 f   image.obj
 0001:00004d60       ?WritePNG@@YAXPEBDPEAEHHW4qboolean@@2@Z 0000000140005d60 f   image.obj
 0001:00005110       ?ImageFind@@YAPEAUimage_s@@PEBD@Z 0000000140006110 f   image.obj
 0001:00005200       ?ImageLoad@@YAPEAUimage_s@@PEBD@Z 0000000140006200 f   image.obj
 0001:00005a90       ?FixAAS@@YAHHPEAPEAD@Z     0000000140006a90 f   main.obj
 0001:00005d20       ?AnalyzeBSP@@YAHHPEAPEAD@Z 0000000140006d20 f   main.obj
 0001:00006110       ?BSPInfo@@YAHHPEAPEAD@Z    0000000140007110 f   main.obj
 0001:00006450       ?ScaleBSPMain@@YAHHPEAPEAD@Z 0000000140007450 f   main.obj
 0001:00007410       ?ConvertBSPMain@@YAHHPEAPEAD@Z 0000000140008410 f   main.obj
 0001:00007790       main                       0000000140008790 f   main.obj
 0001:00007dd0       ?LerpDrawVert@@YAXPEAUbspDrawVert_t@@00@Z 0000000140008dd0 f   mesh.obj
 0001:00007f90       ?LerpDrawVertAmount@@YAXPEAUbspDrawVert_t@@0M0@Z 0000000140008f90 f   mesh.obj
 0001:00008200       ?CopyMesh@@YAPEAUmesh_t@@PEAU1@@Z 0000000140009200 f   mesh.obj
 0001:00008280       ?TransposeMesh@@YAPEAUmesh_t@@PEAU1@@Z 0000000140009280 f   mesh.obj
 0001:00008380       ?InvertMesh@@YAXPEAUmesh_t@@@Z 0000000140009380 f   mesh.obj
 0001:000084c0       ?MakeMeshNormals@@YAXUmesh_t@@@Z 00000001400094c0 f   mesh.obj
 0001:00008a50       ?PutMeshOnCurve@@YAXUmesh_t@@@Z 0000000140009a50 f   mesh.obj
 0001:00008e90       ?SubdivideMesh@@YAPEAUmesh_t@@U1@MM@Z 0000000140009e90 f   mesh.obj
 0001:000097c0       ?IterationsForCurve@@YAHMH@Z 000000014000a7c0 f   mesh.obj
 0001:00009840       ?SubdivideMesh2@@YAPEAUmesh_t@@U1@H@Z 000000014000a840 f   mesh.obj
 0001:00009d90       ?RemoveLinearMeshColumnsRows@@YAPEAUmesh_t@@PEAU1@@Z 000000014000ad90 f   mesh.obj
 0001:0000a380       ?PicoPrintFunc@@YAXHPEBD@Z 000000014000b380 f   model.obj
 0001:0000a400       ?PicoLoadFileFunc@@YAXPEADPEAPEAEPEAH@Z 000000014000b400 f   model.obj
 0001:0000a420       ?FindModel@@YAPEAUpicoModel_s@@PEBDH@Z 000000014000b420 f   model.obj
 0001:0000a4f0       ?LoadModel@@YAPEAUpicoModel_s@@PEBDH@Z 000000014000b4f0 f   model.obj
 0001:0000a600       ?InsertModel@@YAXPEADHHQEAMMPEAUremap_s@@PEAUshaderInfo_s@@HDDHMMMHHW4qboolean@@M4PEAH555@Z 000000014000b600 f   model.obj
 0001:0000b840       ?LoadTriangleModels@@YAXXZ 000000014000c840 f   model.obj
 0001:0000bb90       ?AddTriangleModels@@YAXH@Z 000000014000cb90 f   model.obj
 0001:0000cbf0       ?TidyShaders@@YAXXZ        000000014000dbf0 f   optimize.obj
 0001:0000d350       ?MergeDrawSurfaces@@YAXXZ  000000014000e350 f   optimize.obj
 0001:0000df80       ?MergeDrawVerts@@YAXXZ     000000014000ef80 f   optimize.obj
 0001:0000e9f0       ?WriteResourceOBJFile@@YAXPEBD@Z 000000014000f9f0 f   optimize.obj
 0001:0000f2d0       ?OptimizeBSPMain@@YAHHPEAPEAD@Z 00000001400102d0 f   optimize.obj
 0001:0000f9c0       ?AllocateEntity@@YAPEAUentity_t@@PEAU1@@Z 00000001400109c0 f   patchbsp.obj
 0001:0000fa40       ?FindMapEntityByUniqueKey@@YAPEAUentity_t@@PEBD@Z 0000000140010a40 f   patchbsp.obj
 0001:0000fb50       ?PatchEntities@@YAXXZ      0000000140010b50 f   patchbsp.obj
 0001:000100d0       ?PatchBSPMain@@YAHHPEAPEAD@Z 00000001400110d0 f   patchbsp.obj
 0001:00010710       ?GetGame@@YAPEAUgame_s@@PEAD@Z 0000000140011710 f   path_init.obj
 0001:00010860       ?AddBasePath@@YAXPEAD@Z    0000000140011860 f   path_init.obj
 0001:00010900       ?AddGamePath@@YAXPEAD@Z    0000000140011900 f   path_init.obj
 0001:000109a0       ?InitPaths@@YAXPEAHPEAPEAD@Z 00000001400119a0 f   path_init.obj
 0001:00010e80       ?GetGamePath@@YA?AW4qboolean@@PEAD0@Z 0000000140011e80 f   path_init.obj
 0001:00011110       ?ColorModBuildRandomMatrix@@YAXXZ 0000000140012110 f   shaders.obj
 0001:000111c0       ?ColorModRandom@@YAMQEAMM@Z 00000001400121c0 f   shaders.obj
 0001:00011490       ?ColorMod@@YAXPEAUmapDrawSurface_s@@PEAUcolorMod_s@@PEAUbrush_s@@HH@Z 0000000140012490 f   shaders.obj
 0001:00011c20       ?TCModMultiply@@YAXQEAY02M00@Z 0000000140012c20 f   shaders.obj
 0001:00011da0       ?TCModRotate@@YAXQEAY02MM@Z 0000000140012da0 f   shaders.obj
 0001:00011e90       ?ApplySurfaceParm@@YA?AW4qboolean@@PEADPEAH11@Z 0000000140012e90 f   shaders.obj
 0001:00011fe0       ?BeginMapShaderFile@@YAXPEBD@Z 0000000140012fe0 f   shaders.obj
 0001:00012130       ?WriteMapShaderFile@@YAXXZ 0000000140013130 f   shaders.obj
 0001:000122b0       ?CustomShader@@YAPEAUshaderInfo_s@@PEAU1@PEAD1@Z 00000001400132b0 f   shaders.obj
 0001:00012960       ?FinishShader@@YAXPEAUshaderInfo_s@@@Z 0000000140013960 f   shaders.obj
 0001:000130a0       ?ShaderInfoForShader@@YAPEAUshaderInfo_s@@PEBD@Z 00000001400140a0 f   shaders.obj
 0001:000132a0       ?GetTokenAppend@@YA?AW4qboolean@@PEADW41@@Z 00000001400142a0 f   shaders.obj
 0001:000133a0       ?Parse1DMatrixAppend@@YAXPEADHPEAM@Z 00000001400143a0 f   shaders.obj
 0001:00015de0       ?LoadShaderInfo@@YAXXZ     0000000140016de0 f   shaders.obj
 0001:00016110       ?SetSurfaceExtra@@YAXPEAUmapDrawSurface_s@@H@Z 0000000140017110 f   surface_extra.obj
 0001:000161d0       ?WriteSurfaceExtraFile@@YAXPEBD@Z 00000001400171d0 f   surface_extra.obj
 0001:00016590       ?LoadSurfaceExtraFile@@YAXPEBD@Z 0000000140017590 f   surface_extra.obj
 0001:00016aa0       ?safe_malloc_f@@YAPEAX_K@Z 0000000140017aa0 f   cmdlib.obj
 0001:00016ae0       ?safe_malloc_log@@YAPEAX_KPEBDH@Z 0000000140017ae0 f   cmdlib.obj
 0001:00016c30       ?safe_malloc_logend@@YAXXZ 0000000140017c30 f   cmdlib.obj
 0001:00016cd0       ?ExpandArg@@YAPEADPEBD@Z   0000000140017cd0 f   cmdlib.obj
 0001:00016d60       ?ExpandPath@@YAPEADPEBD@Z  0000000140017d60 f   cmdlib.obj
 0001:00016dd0       ?Q_getwd@@YAXPEAD@Z        0000000140017dd0 f   cmdlib.obj
 0001:00016e30       ?LoadFile@@YAHPEBDPEAPEAX@Z 0000000140017e30 f   cmdlib.obj
 0001:00016f20       ?DefaultExtension@@YAXPEADPEBD@Z 0000000140017f20 f   cmdlib.obj
 0001:00016f90       ?LBMRLEDecompress@@YAPEAEPEAE0H@Z 0000000140017f90 f   imagelib.obj
 0001:00017060       ?LoadLBM@@YAXPEBDPEAPEAE1@Z 0000000140018060 f   imagelib.obj
 0001:00017450       ?LoadPCX@@YAXPEBDPEAPEAE1PEAH2@Z 0000000140018450 f   imagelib.obj
 0001:000176f0       ?LoadBMP@@YAXPEBDPEAPEAE1PEAH2@Z 00000001400186f0 f   imagelib.obj
 0001:00017d10       ?Load256Image@@YAXPEBDPEAPEAE1PEAH2@Z 0000000140018d10 f   imagelib.obj
 0001:00017f20       ?TargaError@@YAXPEAU_TargaHeader@@PEBD@Z 0000000140018f20 f   imagelib.obj
 0001:00017fd0       ?LoadTGABuffer@@YAXPEBE0PEAPEAEPEAH2@Z 0000000140018fd0 f   imagelib.obj
 0001:000186a0       ?LoadTGA@@YAXPEBDPEAPEAEPEAH2@Z 00000001400196a0 f   imagelib.obj
 0001:00018730       ?WriteTGA@@YAXPEBDPEAEHH@Z 0000000140019730 f   imagelib.obj
 0001:00018840       ?Load32BitImage@@YAXPEBDPEAPEAIPEAH2@Z 0000000140019840 f   imagelib.obj
 0001:000189f0       ?xml_SendNode@@YAXPEAU_xmlNode@@@Z 00000001400199f0 f   inout.obj
 0001:00018b10       ?xml_Select@@YAXPEADHHW4qboolean@@@Z 0000000140019b10 f   inout.obj
 0001:00018c50       ?xml_Winding@@YAXPEADQEAY02MHW4qboolean@@@Z 0000000140019c50 f   inout.obj
 0001:00018df0       ?Broadcast_Shutdown@@YAXXZ 0000000140019df0 f   inout.obj
 0001:00018e30       ?Sys_FPrintf@@YAXHPEBDZZ   0000000140019e30 f   inout.obj
 0001:00018f60       ?Sys_Printf@@YAXPEBDZZ     0000000140019f60 f   inout.obj
 0001:00019060       ?Error@@YAXPEBDZZ          000000014001a060 f   inout.obj
 0001:000191b0       ?MD4Update@@YAXPEAUMD4_CTX_s@@PEAEI@Z 000000014001a1b0 f   md4.obj
 0001:00019280       ?MD4Final@@YAXQEAEPEAUMD4_CTX_s@@@Z 000000014001a280 f   md4.obj
 0001:00019930       ?AllocWinding@@YAPEAUwinding_t@@H@Z 000000014001a930 f   polylib.obj
 0001:000199d0       ?FreeWinding@@YAXPEAUwinding_t@@@Z 000000014001a9d0 f   polylib.obj
 0001:00019a10       ?WindingArea@@YAMPEAUwinding_t@@@Z 000000014001aa10 f   polylib.obj
 0001:00019b70       ?BaseWindingForPlane@@YAPEAUwinding_t@@QEAMM@Z 000000014001ab70 f   polylib.obj
 0001:00019f60       ?ReverseWinding@@YAPEAUwinding_t@@PEAU1@@Z 000000014001af60 f   polylib.obj
 0001:0001a070       ?ClipWindingEpsilon@@YAXPEAUwinding_t@@QEAMMMPEAPEAU1@2@Z 000000014001b070 f   polylib.obj
 0001:0001a570       ?ChopWindingInPlace@@YAXPEAPEAUwinding_t@@QEAMMM@Z 000000014001b570 f   polylib.obj
 0001:0001a9b0       ?WindingOnPlaneSide@@YAHPEAUwinding_t@@QEAMM@Z 000000014001b9b0 f   polylib.obj
 0001:0001aad0       ?AddWindingToConvexHull@@YAXPEAUwinding_t@@PEAPEAU1@QEAM@Z 000000014001bad0 f   polylib.obj
 0001:0001b120       ?BaseDWindingForPlane@@YAPEAUdwinding_t@@QEAMMM@Z 000000014001c120 f   polylib.obj
 0001:0001b4a0       ?WindingFromDWinding@@YAPEAUwinding_t@@PEAUdwinding_t@@@Z 000000014001c4a0 f   polylib.obj
 0001:0001b5d0       ?ChopDWindingInPlace@@YAXPEAPEAUdwinding_t@@QEAMMM@Z 000000014001c5d0 f   polylib.obj
 0001:0001ba00       ?FixDWinding@@YA?AW4qboolean@@PEAUdwinding_t@@@Z 000000014001ca00 f   polylib.obj
 0001:0001bb70       ?AddScriptToStack@@YAXPEBDH@Z 000000014001cb70 f   scriplib.obj
 0001:0001bc70       ?EndOfScript@@YA?AW4qboolean@@W41@@Z 000000014001cc70 f   scriplib.obj
 0001:0001bd50       ?GetToken@@YA?AW4qboolean@@W41@@Z 000000014001cd50 f   scriplib.obj
 0001:0001c080       ?TokenAvailable@@YA?AW4qboolean@@XZ 000000014001d080 f   scriplib.obj
 0001:0001c0c0       ?MatchToken@@YAXPEAD@Z     000000014001d0c0 f   scriplib.obj
 0001:0001c120       ?Parse1DMatrix@@YAXHPEAM@Z 000000014001d120 f   scriplib.obj
 0001:0001c210       ?Parse2DMatrix@@YAXHHPEAM@Z 000000014001d210 f   scriplib.obj
 0001:0001c2e0       ?GetThreadWork@@YAHXZ      000000014001d2e0 f   threads.obj
 0001:0001c420       ?RunThreadsOnIndividualThread@@YAXH@Z 000000014001d420 f   threads.obj
 0001:0001c450       ?RunThreadsOnIndividual@@YAXHW4qboolean@@P6AXH@Z@Z 000000014001d450 f   threads.obj
 0001:0001c4f0       ?RunThreadsOn@@YAXHW4qboolean@@P6AXH@Z@Z 000000014001d4f0 f   threads.obj
 0001:0001c590       ?RunSameThreadOn@@YAXHW4qboolean@@P6AXH@Z@Z 000000014001d590 f   threads.obj
 0001:0001c6a0       ?RunSameThreadOnIndividual@@YAXHW4qboolean@@P6AXH@Z@Z 000000014001d6a0 f   threads.obj
 0001:0001c7d0       ?_RunThreadsOn@@YAXHW4qboolean@@P6AXH@Z@Z 000000014001d7d0 f   threads.obj
 0001:0001c950       ?_ThreadMutexLock@@YAXPEAUThreadMutex_s@@PEADH@Z 000000014001d950 f   threads.obj
 0001:0001cb50       ?unzOpen@@YAPEAXPEBD@Z     000000014001db50 f   unzip.obj
 0001:0001d100       ?unzGoToFirstFile@@YAHPEAX@Z 000000014001e100 f   unzip.obj
 0001:0001d160       ?unzGoToNextFile@@YAHPEAX@Z 000000014001e160 f   unzip.obj
 0001:0001d3e0       ?unzOpenCurrentFile@@YAHPEAX@Z 000000014001e3e0 f   unzip.obj
 0001:0001d560       ?unzReadCurrentFile@@YAHPEAX0I@Z 000000014001e560 f   unzip.obj
 0001:0001d790       ?unzCloseCurrentFile@@YAHPEAX@Z 000000014001e790 f   unzip.obj
 0001:0001d840       ?crc32@@YAKKPEBEI@Z        000000014001e840 f   unzip.obj
 0001:0001d990       ?inflate_blocks_reset@@YAXPEAUinflate_blocks_state@@PEAUz_stream_s@@PEAK@Z 000000014001e990 f   unzip.obj
 0001:0001da10       ?inflate_blocks_new@@YAPEAUinflate_blocks_state@@PEAUz_stream_s@@P6AKKPEBEI@ZI@Z 000000014001ea10 f   unzip.obj
 0001:0001daf0       ?inflate_blocks@@YAHPEAUinflate_blocks_state@@PEAUz_stream_s@@H@Z 000000014001eaf0 f   unzip.obj
 0001:0001e6d0       ?inflate_blocks_free@@YAHPEAUinflate_blocks_state@@PEAUz_stream_s@@@Z 000000014001f6d0 f   unzip.obj
 0001:0001e770       ?inflate_flush@@YAHPEAUinflate_blocks_state@@PEAUz_stream_s@@H@Z 000000014001f770 f   unzip.obj
 0001:0001ed90       ?inflate_trees_bits@@YAHPEAI0PEAPEAUinflate_huft_s@@PEAU1@PEAUz_stream_s@@@Z 000000014001fd90 f   unzip.obj
 0001:0001ee70       ?inflate_fast@@YAHIIPEAUinflate_huft_s@@0PEAUinflate_blocks_state@@PEAUz_stream_s@@@Z 000000014001fe70 f   unzip.obj
 0001:0001f200       ?inflate_codes_new@@YAPEAUinflate_codes_state@@IIPEAUinflate_huft_s@@0PEAUz_stream_s@@@Z 0000000140020200 f   unzip.obj
 0001:0001f270       ?inflate_codes@@YAHPEAUinflate_blocks_state@@PEAUz_stream_s@@H@Z 0000000140020270 f   unzip.obj
 0001:0001f870       ?adler32@@YAKKPEBEI@Z      0000000140020870 f   unzip.obj
 0001:0001f9e0       ?inflateReset@@YAHPEAUz_stream_s@@@Z 00000001400209e0 f   unzip.obj
 0001:0001faa0       ?inflateEnd@@YAHPEAUz_stream_s@@@Z 0000000140020aa0 f   unzip.obj
 0001:0001fb00       ?inflateInit2_@@YAHPEAUz_stream_s@@HPEBDH@Z 0000000140020b00 f   unzip.obj
 0001:0001fbf0       ?inflate@@YAHPEAUz_stream_s@@H@Z 0000000140020bf0 f   unzip.obj
 0001:00020070       ?zcalloc@@YAPEAEPEAEII@Z   0000000140021070 f   unzip.obj
 0001:00020090       ?zcfree@@YAXPEAE0@Z        0000000140021090 f   unzip.obj
 0001:00020230       ?vfsInitDirectory@@YAXPEBD@Z 0000000140021230 f   vfs.obj
 0001:00020400       ?vfsGetFileCount@@YAHPEBD@Z 0000000140021400 f   vfs.obj
 0001:00020580       ?vfsLoadFile@@YAHPEBDPEAPEAXH@Z 0000000140021580 f   vfs.obj
 0001:000208d0       ?AllocSideRef@@YAPEAUsideRef_s@@PEAUside_s@@PEAU1@@Z 00000001400218d0 f   brush.obj
 0001:00020920       ?AllocBrush@@YAPEAUbrush_s@@H@Z 0000000140021920 f   brush.obj
 0001:000209a0       ?FreeBrush@@YAXPEAUbrush_s@@@Z 00000001400219a0 f   brush.obj
 0001:00020a90       ?CopyBrush@@YAPEAUbrush_s@@PEAU1@@Z 0000000140021a90 f   brush.obj
 0001:00020b60       ?BoundBrush@@YA?AW4qboolean@@PEAUbrush_s@@@Z 0000000140021b60 f   brush.obj
 0001:00020c50       ?CreateBrushWindings@@YA?AW4qboolean@@PEAUbrush_s@@@Z 0000000140021c50 f   brush.obj
 0001:00020de0       ?BrushFromBounds@@YAPEAUbrush_s@@MMMMMMPEAUshaderInfo_s@@@Z 0000000140021de0 f   brush.obj
 0001:00020fe0       ?BrushVolume@@YAMPEAUbrush_s@@@Z 0000000140021fe0 f   brush.obj
 0001:00021110       ?WriteBSPBrushMap@@YAXPEADPEAUbrush_s@@@Z 0000000140022110 f   brush.obj
 0001:00021320       ?FilterBrushIntoTree_r@@YAHPEAUbrush_s@@PEAUnode_s@@@Z 0000000140022320 f   brush.obj
 0001:000213f0       ?FilterDetailBrushesIntoTree@@YAXPEAUentity_t@@PEAUtree_t@@@Z 00000001400223f0 f   brush.obj
 0001:000214c0       ?FilterStructuralBrushesIntoTree@@YAXPEAUentity_t@@PEAUtree_t@@@Z 00000001400224c0 f   brush.obj
 0001:00021590       ?WindingIsTiny@@YA?AW4qboolean@@PEAUwinding_t@@@Z 0000000140022590 f   brush.obj
 0001:00021670       ?BrushMostlyOnSide@@YAHPEAUbrush_s@@PEAUplane_s@@@Z 0000000140022670 f   brush.obj
 0001:000218f0       ?SplitBrush@@YAXPEAUbrush_s@@HPEAPEAU1@1@Z 00000001400228f0 f   brush.obj
 0001:000220a0       ?ComputeAxisBase@@YAXQEAM00@Z 00000001400230a0 f   brush_primit.obj
 0001:00022200       ?SetCloneModelNumbers@@YAXXZ 0000000140023200 f   bsp.obj
 0001:00022a60       ?ProcessWorldModel@@YAXXZ  0000000140023a60 f   bsp.obj
 0001:00023610       ?ProcessSubModel@@YAXXZ    0000000140024610 f   bsp.obj
 0001:000238a0       ?ProcessModels@@YAXXZ      00000001400248a0 f   bsp.obj
 0001:00023a80       ?RegionScissor@@YAXXZ      0000000140024a80 f   bsp.obj
 0001:000249a0       ?BSPMain@@YAHHPEAPEAD@Z    00000001400259a0 f   bsp.obj
 0001:000267e0       ?ProcessDecals@@YAXXZ      00000001400277e0 f   decals.obj
 0001:00027b10       ?MakeEntityDecals@@YAXPEAUentity_t@@@Z 0000000140028b10 f   decals.obj
 0001:00027ec0       ?FreeNode@@YAXPEAUdnode_s@@@Z 0000000140028ec0 f   decorations.obj
 0001:00027f30       ?FreeNodesArray@@YAXPEAUdnode_s@@H@Z 0000000140028f30 f   decorations.obj
 0001:00028030       ?EntityArrayAdd@@YAXPEAUdgroupents_s@@PEAUentity_t@@@Z 0000000140029030 f   decorations.obj
 0001:000280f0       ?NewDecoreGroup@@YAPEAUdgroup_s@@PEADW4decoreMatchParm_t@@@Z 00000001400290f0 f   decorations.obj
 0001:00028260       ?PopulateDecoreGroup@@YA?AW4qboolean@@PEAUentity_t@@W4decoreMatchParm_t@@PEAD@Z 0000000140029260 f   decorations.obj
 0001:00028450       ?DecoreParseActions@@YAXPEAUdactions_s@@@Z 0000000140029450 f   decorations.obj
 0001:00028a90       ?EntityPopulateDecorationGroups@@YAXH@Z 0000000140029a90 f   decorations.obj
 0001:00028b00       ?LoadDecorationScript@@YAXXZ 0000000140029b00 f   decorations.obj
 0001:000292e0       ?EntityProcessActions@@YAXPEAUentity_t@@PEAUdactions_s@@@Z 000000014002a2e0 f   decorations.obj
 0001:000294b0       ?ImportFoliage@@YAXPEAD@Z  000000014002a4b0 f   decorations.obj
 0001:00029700       ?ImportRtlights@@YAXXZ     000000014002a700 f   decorations.obj
 0001:0002a0c0       ?ProcessDecorationGroup@@YAXH@Z 000000014002b0c0 f   decorations.obj
 0001:0002aa20       ?ProcessDecorations@@YAXXZ 000000014002ba20 f   decorations.obj
 0001:0002aea0       ?BuildFaceTree_r@@YAXPEAUnode_s@@PEAUface_s@@@Z 000000014002bea0 f   facebsp.obj
 0001:0002b270       ?FaceBSP@@YAPEAUtree_t@@PEAUface_s@@@Z 000000014002c270 f   facebsp.obj
 0001:0002b410       ?MakeStructuralBSPFaceList@@YAPEAUface_s@@PEAUbrush_s@@@Z 000000014002c410 f   facebsp.obj
 0001:0002b570       ?MakeVisibleBSPFaceList@@YAPEAUface_s@@PEAUbrush_s@@@Z 000000014002c570 f   facebsp.obj
 0001:0002b6d0       ?DrawSurfToMesh@@YAPEAUmesh_t@@PEAUmapDrawSurface_s@@@Z 000000014002c6d0 f   fog.obj
 0001:0002b770       ?SplitMeshByPlane@@YAXPEAUmesh_t@@QEAMMPEAPEAU1@2@Z 000000014002c770 f   fog.obj
 0001:0002bf10       ?ChopPatchSurfaceByBrush@@YA?AW4qboolean@@PEAUentity_t@@PEAUmapDrawSurface_s@@PEAUbrush_s@@@Z 000000014002cf10 f   fog.obj
 0001:0002c170       ?WindingFromDrawSurf@@YAPEAUwinding_t@@PEAUmapDrawSurface_s@@@Z 000000014002d170 f   fog.obj
 0001:0002c3b0       ?ChopFaceSurfaceByBrush@@YA?AW4qboolean@@PEAUentity_t@@PEAUmapDrawSurface_s@@PEAUbrush_s@@@Z 000000014002d3b0 f   fog.obj
 0001:0002c730       ?FogDrawSurfaces@@YAXPEAUentity_t@@@Z 000000014002d730 f   fog.obj
 0001:0002c940       ?FogForBounds@@YAHQEAM0M@Z 000000014002d940 f   fog.obj
 0001:0002cac0       ?CreateMapFogs@@YAXXZ      000000014002dac0 f   fog.obj
 0001:0002ce00       ?LeakFile@@YAPEAU_xmlNode@@PEAUtree_t@@@Z 000000014002de00 f   leakfile.obj
 0001:0002d280       ?CreateNewFloatPlane@@YAHQEAMM@Z 000000014002e280 f   map.obj
 0001:0002d480       ?SnapNormal@@YAXQEAM@Z     000000014002e480 f   map.obj
 0001:0002d520       ?FindFloatPlane@@YAHQEAMMHPEAY02M@Z 000000014002e520 f   map.obj
 0001:0002d870       ?MapPlaneFromPoints@@YAHPEAY02M@Z 000000014002e870 f   map.obj
 0001:0002d9d0       ?SetBrushContents@@YAXPEAUbrush_s@@@Z 000000014002e9d0 f   map.obj
 0001:0002db10       ?AddBrushBevels@@YAXXZ     000000014002eb10 f   map.obj
 0001:0002e860       ?FinishBrush@@YAPEAUbrush_s@@XZ 000000014002f860 f   map.obj
 0001:0002eaf0       ?TextureAxisFromPlane@@YAXPEAUplane_s@@QEAM1@Z 000000014002faf0 f   map.obj
 0001:0002ecc0       ?QuakeTextureVecs@@YAXPEAUplane_s@@QEAMM1QEAY03M@Z 000000014002fcc0 f   map.obj
 0001:0002f570       ?RemoveDuplicateBrushPlanes@@YA?AW4qboolean@@PEAUbrush_s@@@Z 0000000140030570 f   map.obj
 0001:0002fac0       ?MoveBrushesToWorld@@YAXPEAUentity_t@@@Z 0000000140030ac0 f   map.obj
 0001:0002fbc0       ?AdjustBrushesForOrigin@@YAXPEAUentity_t@@@Z 0000000140030bc0 f   map.obj
 0001:0002fd10       ?SetEntityBounds@@YAXPEAUentity_t@@@Z 0000000140030d10 f   map.obj
 0001:000300a0       ?LoadEntityIndexMap@@YAXPEAUentity_t@@@Z 00000001400310a0 f   map.obj
 0001:00030d20       ?LoadMapFile@@YAXPEADW4qboolean@@1@Z 0000000140031d20 f   map.obj
 0001:000313e0       ?CheckMapForErrors@@YAHXZ  00000001400323e0 f   map.obj
 0001:00032220       ?ParsePatch@@YAXW4qboolean@@@Z 0000000140033220 f   patch.obj
 0001:00032a00       ?PatchMapDrawSurfs@@YAXPEAUentity_t@@@Z 0000000140033a00 f   patch.obj
 0001:00032fc0       ?MakeHeadnodePortals@@YAXPEAUtree_t@@@Z 0000000140033fc0 f   portals.obj
 0001:000332c0       ?BaseWindingForNode@@YAPEAUwinding_t@@PEAUnode_s@@@Z 00000001400342c0 f   portals.obj
 0001:000333d0       ?MakeNodePortal@@YAXPEAUnode_s@@@Z 00000001400343d0 f   portals.obj
 0001:00033610       ?SplitNodePortals@@YAXPEAUnode_s@@@Z 0000000140034610 f   portals.obj
 0001:00033d80       ?CalcNodeBounds@@YAXPEAUnode_s@@@Z 0000000140034d80 f   portals.obj
 0001:00033e10       ?MakeTreePortals_r@@YAXPEAUnode_s@@@Z 0000000140034e10 f   portals.obj
 0001:00033f30       ?FloodPortals_r@@YAXPEAUnode_s@@HW4qboolean@@@Z 0000000140034f30 f   portals.obj
 0001:00033fd0       ?PlaceOccupantTest@@YA?AW4qboolean@@PEAUtree_t@@PEAUnode_s@@QEAM@Z 0000000140034fd0 f   portals.obj
 0001:00034070       ?FloodEntities@@YA?AW4qboolean@@PEAUtree_t@@@Z 0000000140035070 f   portals.obj
 0001:00034b50       ?FloodAreas_r@@YAXPEAUnode_s@@@Z 0000000140035b50 f   portals.obj
 0001:00034ca0       ?FindAreas_r@@YAXPEAUnode_s@@@Z 0000000140035ca0 f   portals.obj
 0001:00034cf0       ?FloodSkyboxArea_r@@YAXPEAUnode_s@@@Z 0000000140035cf0 f   portals.obj
 0001:00034d40       ?FloodAreas@@YAXPEAUtree_t@@@Z 0000000140035d40 f   portals.obj
 0001:00034df0       ?FillOutside_r@@YAXPEAUnode_s@@@Z 0000000140035df0 f   portals.obj
 0001:00034e50       ?FillOutside@@YAXPEAUnode_s@@@Z 0000000140035e50 f   portals.obj
 0001:00034f10       ?WriteFloat@@YAXPEAU_iobuf@@M@Z 0000000140035f10 f   prtfile.obj
 0001:00034fa0       ?WritePortalFile_r@@YAXPEAUnode_s@@@Z 0000000140035fa0 f   prtfile.obj
 0001:000352c0       ?WriteFaceFile_r@@YAXPEAUnode_s@@@Z 00000001400362c0 f   prtfile.obj
 0001:00035500       ?NumberLeafs_r@@YAXPEAUnode_s@@@Z 0000000140036500 f   prtfile.obj
 0001:00035630       ?NumberClusters@@YAXPEAUtree_t@@@Z 0000000140036630 f   prtfile.obj
 0001:000356b0       ?WritePortalFile@@YAXPEAUtree_t@@@Z 00000001400366b0 f   prtfile.obj
 0001:000357b0       ?AllocDrawSurface@@YAPEAUmapDrawSurface_s@@W4surfaceType_t@@@Z 00000001400367b0 f   surface.obj
 0001:00035860       ?FinishSurface@@YAXPEAUmapDrawSurface_s@@@Z 0000000140036860 f   surface.obj
 0001:00035920       ?CloneSurface@@YAPEAUmapDrawSurface_s@@PEAU1@PEAUshaderInfo_s@@@Z 0000000140036920 f   surface.obj
 0001:00035a20       ?MakeSkyboxSurface@@YAPEAUmapDrawSurface_s@@PEAU1@@Z 0000000140036a20 f   surface.obj
 0001:00035aa0       ?IsTriangleDegenerate@@YA?AW4qboolean@@PEAUbspDrawVert_t@@HHH@Z 0000000140036aa0 f   surface.obj
 0001:00035b90       ?ClearSurface@@YAXPEAUmapDrawSurface_s@@@Z 0000000140036b90 f   surface.obj
 0001:00035bf0       ?TidyEntitySurfaces@@YAXPEAUentity_t@@@Z 0000000140036bf0 f   surface.obj
 0001:00035d70       ?CalcSurfaceTextureRange@@YA?AW4qboolean@@PEAUmapDrawSurface_s@@@Z 0000000140036d70 f   surface.obj
 0001:00035fd0       ?CalcLightmapAxis@@YA?AW4qboolean@@QEAM0@Z 0000000140036fd0 f   surface.obj
 0001:000360e0       ?ClassifySurfaces@@YAXHPEAUmapDrawSurface_s@@@Z 00000001400370e0 f   surface.obj
 0001:00036580       ?ClassifyEntitySurfaces@@YAXPEAUentity_t@@@Z 0000000140037580 f   surface.obj
 0001:000365f0       ?GetShaderIndexForPoint@@YAEPEAUindexMap_s@@QEAM11@Z 00000001400375f0 f   surface.obj
 0001:000366e0       ?GetIndexedShader@@YAPEAUshaderInfo_s@@PEAU1@PEAUindexMap_s@@HPEAE@Z 00000001400376e0 f   surface.obj
 0001:00036930       ?DrawSurfaceForSide@@YAPEAUmapDrawSurface_s@@PEAUentity_t@@PEAUbrush_s@@PEAUside_s@@PEAUwinding_t@@PEAY02MPEAHH@Z 0000000140037930 f   surface.obj
 0001:00037330       ?DrawSurfaceForMesh@@YAPEAUmapDrawSurface_s@@PEAUentity_t@@PEAUparseMesh_s@@PEAUmesh_t@@@Z 0000000140038330 f   surface.obj
 0001:00037e00       ?DrawSurfaceForFlare@@YAPEAUmapDrawSurface_s@@HQEAM00PEADH@Z 0000000140038e00 f   surface.obj
 0001:00038370       ?SubdivideFaceSurfaces@@YAXPEAUentity_t@@PEAUtree_t@@@Z 0000000140039370 f   surface.obj
 0001:000386d0       ?ClipSideIntoTree_r@@YAXPEAUwinding_t@@PEAUside_s@@PEAUnode_s@@@Z 00000001400396d0 f   surface.obj
 0001:000387e0       ?SideInBrush@@YA?AW4qboolean@@PEAUside_s@@PEAUbrush_s@@@Z 00000001400397e0 f   surface.obj
 0001:000388d0       ?CullSides@@YAXPEAUentity_t@@@Z 00000001400398d0 f   surface.obj
 0001:00038d30       ?ClipSidesIntoTree@@YAXPEAUentity_t@@PEAUtree_t@@@Z 0000000140039d30 f   surface.obj
 0001:00038f40       ?AddReferenceToLeaf@@YAHPEAUmapDrawSurface_s@@PEAUnode_s@@@Z 0000000140039f40 f   surface.obj
 0001:00038ff0       ?AddReferenceToTree_r@@YAHPEAUmapDrawSurface_s@@PEAUnode_s@@W4qboolean@@@Z 0000000140039ff0 f   surface.obj
 0001:000390c0       ?FilterPointIntoTree_r@@YAHQEAMPEAUmapDrawSurface_s@@PEAUnode_s@@@Z 000000014003a0c0 f   surface.obj
 0001:000391a0       ?FilterWindingIntoTree_r@@YAHPEAUwinding_t@@PEAUmapDrawSurface_s@@PEAUnode_s@@@Z 000000014003a1a0 f   surface.obj
 0001:00039fb0       ?EmitDrawVerts@@YAXPEAUmapDrawSurface_s@@PEAUbspDrawSurface_t@@H@Z 000000014003afb0 f   surface.obj
 0001:0003a1b0       ?FindDrawIndexes@@YAHHPEAH@Z 000000014003b1b0 f   surface.obj
 0001:0003a310       ?EmitDrawIndexes@@YAXPEAUmapDrawSurface_s@@PEAUbspDrawSurface_t@@@Z 000000014003b310 f   surface.obj
 0001:0003a3f0       ?EmitFlareSurface@@YAXPEAUmapDrawSurface_s@@@Z 000000014003b3f0 f   surface.obj
 0001:0003a530       ?EmitPatchSurface@@YAXPEAUentity_t@@PEAUmapDrawSurface_s@@@Z 000000014003b530 f   surface.obj
 0001:0003b7d0       ?MakeFogHullSurfs@@YAXPEAUentity_t@@PEAUtree_t@@PEAD@Z 000000014003c7d0 f   surface.obj
 0001:0003bba0       ?AddSurfaceModelsToTriangle_r@@YAHPEAUmapDrawSurface_s@@PEAUsurfaceModel_s@@PEAPEAUbspDrawVert_t@@@Z 000000014003cba0 f   surface.obj
 0001:0003c1c0       ?AddSurfaceModels@@YAHPEAUmapDrawSurface_s@@@Z 000000014003d1c0 f   surface.obj
 0001:0003cbf0       ?FixDrawsurfVertexAlpha@@YAXH@Z 000000014003dbf0 f   surface.obj
 0001:0003d780       ?FixVertexAlpha@@YAXPEAUentity_t@@W4qboolean@@@Z 000000014003e780 f   surface.obj
 0001:0003d9e0       ?ApplyVertexMods@@YAXPEAUentity_t@@W4qboolean@@@Z 000000014003e9e0 f   surface.obj
 0001:0003dc20       ?FilterDrawsurfsIntoTree@@YAXPEAUentity_t@@PEAUtree_t@@W4qboolean@@@Z 000000014003ec20 f   surface.obj
 0001:0003e1f0       ?EmitDrawsurfsStats@@YAXXZ 000000014003f1f0 f   surface.obj
 0001:0003e730       ?Foliage@@YAXPEAUmapDrawSurface_s@@@Z 000000014003f730 f   surface_foliage.obj
 0001:0003ed80       ?Fur@@YAXPEAUmapDrawSurface_s@@@Z 000000014003fd80 f   surface_fur.obj
 0001:0003f140       ?FindMetaTriangle@@YAHPEAUmetaTriangle_s@@PEAUbspDrawVert_t@@11H@Z 0000000140040140 f   surface_meta.obj
 0001:0003f770       ?TriangulatePatchSurface@@YAXPEAUentity_t@@PEAUmapDrawSurface_s@@@Z 0000000140040770 f   surface_meta.obj
 0001:0003fc90       ?FanFaceSurface@@YAXPEAUmapDrawSurface_s@@@Z 0000000140040c90 f   surface_meta.obj
 0001:00040050       ?StripFaceSurface@@YAXPEAUmapDrawSurface_s@@W4qboolean@@@Z 0000000140041050 f   surface_meta.obj
 0001:00040360       ?EmitMetaStats@@YAXXZ      0000000140041360 f   surface_meta.obj
 0001:00040410       ?MakeEntityMetaTriangles@@YAXPEAUentity_t@@@Z 0000000140041410 f   surface_meta.obj
 0001:00040630       ?SmoothMetaTriangles@@YAXXZ 0000000140041630 f   surface_meta.obj
 0001:00040fa0       ?AddMetaVertToSurface@@YAHPEAUmapDrawSurface_s@@PEAUbspDrawVert_t@@PEAH@Z 0000000140041fa0 f   surface_meta.obj
 0001:00042150       ?GroupMetaTriangles@@YAXXZ 0000000140043150 f   surface_meta.obj
 0001:000427f0       ?MergeMetaTrianglesThread@@YAXH@Z 00000001400437f0 f   surface_meta.obj
 0001:000428f0       ?MergeMetaTriangles@@YAXXZ 00000001400438f0 f   surface_meta.obj
 0001:00042b90       ?InsertPointOnEdge@@YAXQEAMPEAUedgeLine_s@@@Z 0000000140043b90 f   tjunction.obj
 0001:00042cc0       ?AddEdge@@YAHQEAM0W4qboolean@@@Z 0000000140043cc0 f   tjunction.obj
 0001:00043180       ?AddSurfaceEdges@@YAXPEAUmapDrawSurface_s@@@Z 0000000140044180 f   tjunction.obj
 0001:00043210       ?ColinearEdge@@YA?AW4qboolean@@QEAM00@Z 0000000140044210 f   tjunction.obj
 0001:00043330       ?AddPatchEdges@@YAXPEAUmapDrawSurface_s@@@Z 0000000140044330 f   tjunction.obj
 0001:00043500       ?FixSurfaceJunctions@@YAXPEAUmapDrawSurface_s@@@Z 0000000140044500 f   tjunction.obj
 0001:00043ad0       ?FixBrokenSurface@@YA?AW4qboolean@@PEAUmapDrawSurface_s@@@Z 0000000140044ad0 f   tjunction.obj
 0001:00043e20       ?EdgeCompare@@YAHPEBX0@Z   0000000140044e20 f   tjunction.obj
 0001:00043e30       ?FixTJunctions@@YAXPEAUentity_t@@@Z 0000000140044e30 f   tjunction.obj
 0001:00044100       ?FreeTreePortals_r@@YAXPEAUnode_s@@@Z 0000000140045100 f   tree.obj
 0001:00044290       ?FreeTree_r@@YAXPEAUnode_s@@@Z 0000000140045290 f   tree.obj
 0001:000442f0       ?FreeTree@@YAXPEAUtree_t@@@Z 00000001400452f0 f   tree.obj
 0001:00044370       ?EmitShader@@YAHPEBDPEAH1@Z 0000000140045370 f   writebsp.obj
 0001:000444e0       ?EmitPlanes@@YAXXZ         00000001400454e0 f   writebsp.obj
 0001:00044630       ?EmitLeaf@@YAXPEAUnode_s@@@Z 0000000140045630 f   writebsp.obj
 0001:00044790       ?EmitDrawNode_r@@YAHPEAUnode_s@@@Z 0000000140045790 f   writebsp.obj
 0001:000448c0       ?SetModelNumbers@@YAXXZ    00000001400458c0 f   writebsp.obj
 0001:00044960       ?SetLightStyles@@YAXXZ     0000000140045960 f   writebsp.obj
 0001:00044cb0       ?EndBSPFile@@YAXXZ         0000000140045cb0 f   writebsp.obj
 0001:00044da0       ?EmitBrushes@@YAXPEAUbrush_s@@PEAH1@Z 0000000140045da0 f   writebsp.obj
 0001:000450a0       ?EmitFogs@@YAXXZ           00000001400460a0 f   writebsp.obj
 0001:000451c0       ?BeginModel@@YAXXZ         00000001400461c0 f   writebsp.obj
 0001:00045560       ?EndModel@@YAXPEAUentity_t@@PEAUnode_s@@@Z 0000000140046560 f   writebsp.obj
 0001:00045b70       ?CreateEntityLights@@YAXXZ 0000000140046b70 f   light.obj
 0001:00046a80       ?CreateSurfaceLights@@YAXXZ 0000000140047a80 f   light.obj
 0001:00046df0       ?SetEntityOrigins@@YAXXZ   0000000140047df0 f   light.obj
 0001:00047070       ?PointToPolygonFormFactor@@YAMQEBM0PEBUwinding_t@@@Z 0000000140048070 f   light.obj
 0001:00047330       ?LightContribution@@YAHPEAUtrace_t@@HW4qboolean@@@Z 0000000140048330 f   light.obj
 0001:00047ac0       ?LightContributionAllStyles@@YAXPEAUtrace_t@@QEAEQEAY02MHW4qboolean@@@Z 0000000140048ac0 f   light.obj
 0001:00047d60       ?TraceGrid@@YAXH@Z         0000000140048d60 f   light.obj
 0001:000486a0       ?SetupGrid@@YAXXZ          00000001400496a0 f   light.obj
 0001:00048af0       ?LightWorld@@YAXXZ         0000000140049af0 f   light.obj
 0001:00049a70       ?LightMain@@YAHHPEAPEAD@Z  000000014004aa70 f   light.obj
 0001:0004bef0       ?RadFreeLights@@YAXXZ      000000014004cef0 f   light_bounce.obj
 0001:0004c400       ?RadSampleImage@@YA?AW4qboolean@@PEAEHHQEAM1@Z 000000014004d400 f   light_bounce.obj
 0001:0004d5d0       ?RadLightForTriangles@@YAXHHPEAUrawLightmap_s@@PEAUshaderInfo_s@@MMPEAUclipWork_t@@@Z 000000014004e5d0 f   light_bounce.obj
 0001:0004d820       ?RadLightForPatch@@YAXHHPEAUrawLightmap_s@@PEAUshaderInfo_s@@MMPEAUclipWork_t@@@Z 000000014004e820 f   light_bounce.obj
 0001:0004ddf0       ?RadLight@@YAXH@Z          000000014004edf0 f   light_bounce.obj
 0001:0004e020       ?RadCreateDiffuseLights@@YAXXZ 000000014004f020 f   light_bounce.obj
 0001:0004e920       ?ClipTraceWinding@@YAXPEAUtraceWinding_s@@QEAM00@Z 000000014004f920 f   light_trace.obj
 0001:00050ac0       ?SetupTraceNodes@@YAXXZ    0000000140051ac0 f   light_trace.obj
 0001:00050cf0       ?TraceTriangle@@YA?AW4qboolean@@PEAUtraceInfo_s@@PEAUtraceTriangle_s@@PEAUtrace_t@@@Z 0000000140051cf0 f   light_trace.obj
 0001:000516a0       ?TraceLine@@YAXPEAUtrace_t@@@Z 00000001400526a0 f   light_trace.obj
 0001:00051880       ?SetupTrace@@YAMPEAUtrace_t@@@Z 0000000140052880 f   light_trace.obj
 0001:00051900       ?ColorToBytesLinear@@YAXPEBMPEAEMW4qboolean@@@Z 0000000140052900 f   light_ydnar.obj
 0001:00051ba0       ?ColorToBytesGamma@@YAXPEBMPEAEMW4qboolean@@@Z 0000000140052ba0 f   light_ydnar.obj
 0001:00051ee0       ?ColorToBytesLinearExposure@@YAXPEBMPEAEMW4qboolean@@@Z 0000000140052ee0 f   light_ydnar.obj
 0001:000521b0       ?ColorToBytesGammaExposure@@YAXPEBMPEAEMW4qboolean@@@Z 00000001400531b0 f   light_ydnar.obj
 0001:00052530       ?ColorToBytesLinearCompensate@@YAXPEBMPEAEMW4qboolean@@@Z 0000000140053530 f   light_ydnar.obj
 0001:000527e0       ?ColorToBytesGammaCompensate@@YAXPEBMPEAEMW4qboolean@@@Z 00000001400537e0 f   light_ydnar.obj
 0001:00052b30       ?ColorToBytesLinearExposureCompensate@@YAXPEBMPEAEMW4qboolean@@@Z 0000000140053b30 f   light_ydnar.obj
 0001:00052e30       ?ColorToBytesGammaExposureCompensate@@YAXPEBMPEAEMW4qboolean@@@Z 0000000140053e30 f   light_ydnar.obj
 0001:000531c0       ?SmoothNormals@@YAXXZ      00000001400541c0 f   light_ydnar.obj
 0001:000556e0       ?MapRawLightmap@@YAXH@Z    00000001400566e0 f   light_ydnar.obj
 0001:00056400       ?DirtModeName@@YAPEADPEAW4dirtMode_t@@@Z 0000000140057400 f   light_ydnar.obj
 0001:00056470       ?EnableDirtForEntity@@YAXH@Z 0000000140057470 f   light_ydnar.obj
 0001:00056510       ?SetupDirtForEntity@@YAXH@Z 0000000140057510 f   light_ydnar.obj
 0001:00056d10       ?SetupDirt@@YAXXZ          0000000140057d10 f   light_ydnar.obj
 0001:00057020       ?DirtForSample@@YAMPEAUtrace_t@@@Z 0000000140058020 f   light_ydnar.obj
 0001:000579a0       ?DirtyRawLightmap@@YAXH@Z  00000001400589a0 f   light_ydnar.obj
 0001:00057eb0       ?ApplyDirt@@YAXPEAM000HMM@Z 0000000140058eb0 f   light_ydnar.obj
 0001:000589e0       ?IlluminateRawLightmap@@YAXH@Z 00000001400599e0 f   light_ydnar.obj
 0001:0005a840       ?IlluminateVertexes@@YAXH@Z 000000014005b840 f   light_ydnar.obj
 0001:0005bda0       ?SetupBrushes@@YAXXZ       000000014005cda0 f   light_ydnar.obj
 0001:0005bf70       ?ClusterVisible@@YA?AW4qboolean@@HH@Z 000000014005cf70 f   light_ydnar.obj
 0001:0005c000       ?PointInLeafNum_r@@YAHQEAMH@Z 000000014005d000 f   light_ydnar.obj
 0001:0005c110       ?ClusterForPointExt@@YAHQEAMM@Z 000000014005d110 f   light_ydnar.obj
 0001:0005c440       ?ClusterForPointExtFilter@@YAHQEAMMHPEAH@Z 000000014005d440 f   light_ydnar.obj
 0001:0005c4b0       ?SetupEnvelopes@@YAXW4qboolean@@0@Z 000000014005d4b0 f   light_ydnar.obj
 0001:0005cea0       ?CreateTraceLightsForBounds@@YAXQEAM00HPEAHHPEAUtrace_t@@@Z 000000014005dea0 f   light_ydnar.obj
 0001:0005d240       ?CreateTraceLightsForSurface@@YAXHPEAUtrace_t@@@Z 000000014005e240 f   light_ydnar.obj
 0001:0005d360       ?SetupFloodLight@@YAXXZ    000000014005e360 f   light_ydnar.obj
 0001:0005d680       ?FloodLightForSample@@YAMPEAUtrace_t@@MW4qboolean@@@Z 000000014005e680 f   light_ydnar.obj
 0001:0005daf0       ?FloodlightIlluminateLightmap@@YAXPEAUrawLightmap_s@@@Z 000000014005eaf0 f   light_ydnar.obj
 0001:0005dd70       ?WriteTGA24@@YAXPEADPEAEHHW4qboolean@@@Z 000000014005ed70 f   lightmaps_ydnar.obj
 0001:0005def0       ?ExportLightmaps@@YAXXZ    000000014005eef0 f   lightmaps_ydnar.obj
 0001:0005e090       ?ExportLightmapsMain@@YAHHPEAPEAD@Z 000000014005f090 f   lightmaps_ydnar.obj
 0001:0005e1c0       ?ImportLightmapsMain@@YAHHPEAPEAD@Z 000000014005f1c0 f   lightmaps_ydnar.obj
 0001:0005e700       ?FinishRawLightmap@@YAXH@Z 000000014005f700 f   lightmaps_ydnar.obj
 0001:0005ed50       ?AddPatchToRawLightmap@@YA?AW4qboolean@@HPEAUrawLightmap_s@@@Z 000000014005fd50 f   lightmaps_ydnar.obj
 0001:0005f310       ?AddSurfaceToRawLightmap@@YA?AW4qboolean@@HPEAUrawLightmap_s@@@Z 0000000140060310 f   lightmaps_ydnar.obj
 0001:0005ffb0       ?SetupSurfaceLightmaps@@YAXXZ 0000000140060fb0 f   lightmaps_ydnar.obj
 0001:00060b90       ?AllocateSurfaceLightmaps@@YAXXZ 0000000140061b90 f   lightmaps_ydnar.obj
 0001:00060db0       ?StitchSurfaceLightmaps@@YAXXZ 0000000140061db0 f   lightmaps_ydnar.obj
 0001:000635d0       ?FloodLightmapBorders@@YAXPEAUoutLightmap_s@@@Z 00000001400645d0 f   lightmaps_ydnar.obj
 0001:00063e00       ?StoreSurfaceLightmaps@@YAXXZ 0000000140064e00 f   lightmaps_ydnar.obj
 0001:00066c10       ?PlaneFromWinding@@YAXPEAUfixedWinding_t@@PEAUvisPlane_t@@@Z 0000000140067c10 f   vis.obj
 0001:00066d20       ?NewFixedWinding@@YAPEAUfixedWinding_t@@H@Z 0000000140067d20 f   vis.obj
 0001:00066d90       ?PComp@@YAHPEBX0@Z         0000000140067d90 f   vis.obj
 0001:00066dc0       ?LeafVectorFromPortalVector@@YAHPEAE0@Z 0000000140067dc0 f   vis.obj
 0001:00066f20       ?ClusterMerge@@YAXH@Z      0000000140067f20 f   vis.obj
 0001:00067120       ?CalcPortalVis@@YAXXZ      0000000140068120 f   vis.obj
 0001:000671b0       ?CalcPassageVis@@YAXXZ     00000001400681b0 f   vis.obj
 0001:000672f0       ?CalcPassagePortalVis@@YAXXZ 00000001400682f0 f   vis.obj
 0001:00067430       ?CalcVis@@YAXXZ            0000000140068430 f   vis.obj
 0001:00067710       ?SetPortalSphere@@YAXPEAUvportal_t@@@Z 0000000140068710 f   vis.obj
 0001:00067870       ?TryMergeLeaves@@YAHHH@Z   0000000140068870 f   vis.obj
 0001:00067bd0       ?MergeLeaves@@YAXXZ        0000000140068bd0 f   vis.obj
 0001:00067d30       ?TryMergeWinding@@YAPEAUfixedWinding_t@@PEAU1@0QEAM@Z 0000000140068d30 f   vis.obj
 0001:00068260       ?MergeLeafPortals@@YAXXZ   0000000140069260 f   vis.obj
 0001:00068470       ?LoadPortals@@YAXPEAD@Z    0000000140069470 f   vis.obj
 0001:00068ca0       ?VisMain@@YAHHPEAPEAD@Z    0000000140069ca0 f   vis.obj
 0001:00069130       ?FreeStackWinding@@YAXPEAUfixedWinding_t@@PEAUpstack_s@@@Z 000000014006a130 f   visflow.obj
 0001:00069190       ?VisChopWinding@@YAPEAUfixedWinding_t@@PEAU1@PEAUpstack_s@@PEAUvisPlane_t@@@Z 000000014006a190 f   visflow.obj
 0001:00069640       ?ClipToSeperators@@YAPEAUfixedWinding_t@@PEAU1@00W4qboolean@@PEAUpstack_s@@@Z 000000014006a640 f   visflow.obj
 0001:00069c90       ?RecursiveLeafFlow@@YAXHPEAUthreaddata_t@@PEAUpstack_s@@@Z 000000014006ac90 f   visflow.obj
 0001:0006a350       ?PortalFlow@@YAXH@Z        000000014006b350 f   visflow.obj
 0001:0006a510       ?RecursivePassageFlow@@YAXPEAUvportal_t@@PEAUthreaddata_t@@PEAUpstack_s@@@Z 000000014006b510 f   visflow.obj
 0001:0006a790       ?PassageFlow@@YAXH@Z       000000014006b790 f   visflow.obj
 0001:0006a860       ?RecursivePassagePortalFlow@@YAXPEAUvportal_t@@PEAUthreaddata_t@@PEAUpstack_s@@@Z 000000014006b860 f   visflow.obj
 0001:0006af20       ?PassagePortalFlow@@YAXH@Z 000000014006bf20 f   visflow.obj
 0001:0006aff0       ?PassageChopWinding@@YAPEAUfixedWinding_t@@PEAU1@0PEAUvisPlane_t@@@Z 000000014006bff0 f   visflow.obj
 0001:0006b330       ?AddSeperators@@YAHPEAUfixedWinding_t@@0W4qboolean@@PEAUvisPlane_t@@H@Z 000000014006c330 f   visflow.obj
 0001:0006b920       ?CreatePassages@@YAXH@Z    000000014006c920 f   visflow.obj
 0001:0006bf30       ?PassageMemory@@YAXXZ      000000014006cf30 f   visflow.obj
 0001:0006bff0       ?SimpleFlood@@YAXPEAUvportal_t@@H@Z 000000014006cff0 f   visflow.obj
 0001:0006c0f0       ?BasePortalVis@@YAXH@Z     000000014006d0f0 f   visflow.obj
 0001:0006dce0       ?ConvertBSPToASE@@YAHPEADH@Z 000000014006ece0 f   convert_ase.obj
 0001:0006e920       ?ConvertBSPToMap@@YAHPEADH@Z 000000014006f920 f   convert_map.obj
 0001:0006ed60       WinPrint                   000000014006fd60 f   l_net:l_net.obj
 0001:0006ed70       Net_Send                   000000014006fd70 f   l_net:l_net.obj
 0001:0006edc0       Net_AllocSocket            000000014006fdc0 f   l_net:l_net.obj
 0001:0006edf0       Net_FreeSocket             000000014006fdf0 f   l_net:l_net.obj
 0001:0006ee00       Net_Connect                000000014006fe00 f   l_net:l_net.obj
 0001:0006eeb0       Net_Disconnect             000000014006feb0 f   l_net:l_net.obj
 0001:0006eee0       Net_StringToAddress        000000014006fee0 f   l_net:l_net.obj
 0001:0006ef00       Net_Setup                  000000014006ff00 f   l_net:l_net.obj
 0001:0006ef30       NMSG_Clear                 000000014006ff30 f   l_net:l_net.obj
 0001:0006ef40       NMSG_WriteLong             000000014006ff40 f   l_net:l_net.obj
 0001:0006efb0       NMSG_WriteString           000000014006ffb0 f   l_net:l_net.obj
 0001:0006f040       WINS_ErrorMessage          0000000140070040 f   l_net:l_net_wins.obj
 0001:0006f0a0       WINS_Init                  00000001400700a0 f   l_net:l_net_wins.obj
 0001:0006f210       WINS_MyAddress             0000000140070210 f   l_net:l_net_wins.obj
 0001:0006f220       WINS_OpenSocket            0000000140070220 f   l_net:l_net_wins.obj
 0001:0006f310       WINS_OpenReliableSocket    0000000140070310 f   l_net:l_net_wins.obj
 0001:0006f430       WINS_CloseSocket           0000000140070430 f   l_net:l_net_wins.obj
 0001:0006f470       WINS_Connect               0000000140070470 f   l_net:l_net_wins.obj
 0001:0006f4e0       WINS_Write                 00000001400704e0 f   l_net:l_net_wins.obj
 0001:0006f590       WINS_AddrToString          0000000140070590 f   l_net:l_net_wins.obj
 0001:0006f610       WINS_StringToAddr          0000000140070610 f   l_net:l_net_wins.obj
 0001:0006f690       WINS_GetSocketAddr         0000000140070690 f   l_net:l_net_wins.obj
 0001:0006f6f0       ?MakeNormalVectors@@YAXQEAM00@Z 00000001400706f0 f   mathlib:mathlib.obj
 0001:0006f7b0       ?VectorCompare@@YA?AW4qboolean@@QEBM0@Z 00000001400707b0 f   mathlib:mathlib.obj
 0001:0006f800       ?VectorCompareExt@@YA?AW4qboolean@@QEBM0M@Z 0000000140070800 f   mathlib:mathlib.obj
 0001:0006f840       ?VectorLength@@YAMQEBM@Z   0000000140070840 f   mathlib:mathlib.obj
 0001:0006f870       ?VectorMA@@YAXQEBMM0QEAM@Z 0000000140070870 f   mathlib:mathlib.obj
 0001:0006f8b0       ?VectorNormalize@@YAMQEBMQEAM@Z 00000001400708b0 f   mathlib:mathlib.obj
 0001:0006f960       ?ColorNormalize@@YAMQEBMQEAM@Z 0000000140070960 f   mathlib:mathlib.obj
 0001:0006f9d0       ?SnapWeldVector@@YAXQEAM00@Z 00000001400709d0 f   mathlib:mathlib.obj
 0001:0006fb20       ?ClearBounds@@YAXQEAM0@Z   0000000140070b20 f   mathlib:mathlib.obj
 0001:0006fb50       ?AddPointToBounds@@YAXQEAM00@Z 0000000140070b50 f   mathlib:mathlib.obj
 0001:0006fbf0       ?PlaneFromPoints@@YA?AW4qboolean@@QEAMQEBM11@Z 0000000140070bf0 f   mathlib:mathlib.obj
 0001:0006fcf0       ?NormalToLatLong@@YAXQEBMQEAE@Z 0000000140070cf0 f   mathlib:mathlib.obj
 0001:0006fdb0       ?PlaneTypeForNormal@@YAHQEAM@Z 0000000140070db0 f   mathlib:mathlib.obj
 0001:0006fe10       ?DVectorMA@@YAXQEBNN0QEAN@Z 0000000140070e10 f   mathlib:mathlib.obj
 0001:0006fe50       ?DVectorNormalize@@YANQEAN0@Z 0000000140070e50 f   mathlib:mathlib.obj
 0001:0006fed0       ?DVectorLength@@YANQEBN@Z  0000000140070ed0 f   mathlib:mathlib.obj
 0001:0006ff00       ?SnapWeldDVector@@YAXQEAN00@Z 0000000140070f00 f   mathlib:mathlib.obj
 0001:00070090       ?m4x4_identity@@YAXQEAM@Z  0000000140071090 f   mathlib:m4x4.obj
 0001:000700e0       ?m4x4_assign@@YAXQEAMQEBM@Z 00000001400710e0 f   mathlib:m4x4.obj
 0001:00070140       ?m4x4_translation_for_vec3@@YAXQEAMQEBM@Z 0000000140071140 f   mathlib:m4x4.obj
 0001:00070190       ?m4x4_rotation_for_vec3@@YAXQEAMQEBMW4eulerOrder_t@@@Z 0000000140071190 f   mathlib:m4x4.obj
 0001:00070360       ?m4x4_scale_for_vec3@@YAXQEAMQEBM@Z 0000000140071360 f   mathlib:m4x4.obj
 0001:000703a0       ?m4x4_translate_by_vec3@@YAXQEAMQEBM@Z 00000001400713a0 f   mathlib:m4x4.obj
 0001:000703d0       ?m4x4_rotate_by_vec3@@YAXQEAMQEBMW4eulerOrder_t@@@Z 00000001400713d0 f   mathlib:m4x4.obj
 0001:00070400       ?m4x4_scale_by_vec3@@YAXQEAMQEBM@Z 0000000140071400 f   mathlib:m4x4.obj
 0001:00070430       ?m4x4_pivoted_transform_by_vec3@@YAXQEAMQEBM1W4eulerOrder_t@@11@Z 0000000140071430 f   mathlib:m4x4.obj
 0001:000704e0       ?m4x4_multiply_by_m4x4@@YAXQEAMQEBM@Z 00000001400714e0 f   mathlib:m4x4.obj
 0001:000708e0       ?m4x4_transform_point@@YAXQEBMQEAM@Z 00000001400718e0 f   mathlib:m4x4.obj
 0001:00070980       ?m4x4_transform_normal@@YAXQEBMQEAM@Z 0000000140071980 f   mathlib:m4x4.obj
 0001:00070a10       ?m4x4_transpose@@YAXQEAM@Z 0000000140071a10 f   mathlib:m4x4.obj
 0001:00070b10       ?m3_det@@YAMQEAM@Z         0000000140071b10 f   mathlib:m4x4.obj
 0001:00070ba0       ?m4_submat@@YAXQEAM0HH@Z   0000000140071ba0 f   mathlib:m4x4.obj
 0001:00070cf0       ?m4_det@@YAMQEAM@Z         0000000140071cf0 f   mathlib:m4x4.obj
 0001:00070d80       ?m4x4_invert@@YAHQEAM@Z    0000000140071d80 f   mathlib:m4x4.obj
 0001:00070e48       g_free                     0000000140071e48 f   glib-2.0:libglib-2.0-0.dll
 0001:00070e4e       g_locale_to_utf8           0000000140071e4e f   glib-2.0:libglib-2.0-0.dll
 0001:00070e54       g_strdup                   0000000140071e54 f   glib-2.0:libglib-2.0-0.dll
 0001:00070e5a       g_strdown                  0000000140071e5a f   glib-2.0:libglib-2.0-0.dll
 0001:00070e60       g_dir_read_name_utf8       0000000140071e60 f   glib-2.0:libglib-2.0-0.dll
 0001:00070e66       g_dir_open_utf8            0000000140071e66 f   glib-2.0:libglib-2.0-0.dll
 0001:00070e6c       g_dir_close                0000000140071e6c f   glib-2.0:libglib-2.0-0.dll
 0001:00070e72       g_slist_append             0000000140071e72 f   glib-2.0:libglib-2.0-0.dll
 0001:00070e78       xmlNodeSetContent          0000000140071e78 f   libxml2:libxml2-2.dll
 0001:00070e7e       xmlBufferFree              0000000140071e7e f   libxml2:libxml2-2.dll
 0001:00070e84       xmlNodeDump                0000000140071e84 f   libxml2:libxml2-2.dll
 0001:00070e8a       xmlBufferCreate            0000000140071e8a f   libxml2:libxml2-2.dll
 0001:00070e90       xmlNewNode                 0000000140071e90 f   libxml2:libxml2-2.dll
 0001:00070e96       xmlAddChild                0000000140071e96 f   libxml2:libxml2-2.dll
 0001:00070e9c       xmlNewDoc                  0000000140071e9c f   libxml2:libxml2-2.dll
 0001:00070ea2       xmlSetProp                 0000000140071ea2 f   libxml2:libxml2-2.dll
 0001:00070ea8       xmlNewDocRawNode           0000000140071ea8 f   libxml2:libxml2-2.dll
 0001:00070eae       png_get_IHDR               0000000140071eae f   libpng:libpng14-14.dll
 0001:00070eb4       png_read_image             0000000140071eb4 f   libpng:libpng14-14.dll
 0001:00070eba       png_write_info             0000000140071eba f   libpng:libpng14-14.dll
 0001:00070ec0       png_destroy_write_struct   0000000140071ec0 f   libpng:libpng14-14.dll
 0001:00070ec6       png_set_expand             0000000140071ec6 f   libpng:libpng14-14.dll
 0001:00070ecc       png_set_write_fn           0000000140071ecc f   libpng:libpng14-14.dll
 0001:00070ed2       png_read_info              0000000140071ed2 f   libpng:libpng14-14.dll
 0001:00070ed8       png_set_iCCP               0000000140071ed8 f   libpng:libpng14-14.dll
 0001:00070ede       png_set_strip_16           0000000140071ede f   libpng:libpng14-14.dll
 0001:00070ee4       png_set_packing            0000000140071ee4 f   libpng:libpng14-14.dll
 0001:00070eea       png_sig_cmp                0000000140071eea f   libpng:libpng14-14.dll
 0001:00070ef0       png_create_read_struct     0000000140071ef0 f   libpng:libpng14-14.dll
 0001:00070ef6       png_write_end              0000000140071ef6 f   libpng:libpng14-14.dll
 0001:00070efc       png_get_io_ptr             0000000140071efc f   libpng:libpng14-14.dll
 0001:00070f02       png_create_info_struct     0000000140071f02 f   libpng:libpng14-14.dll
 0001:00070f08       png_set_read_fn            0000000140071f08 f   libpng:libpng14-14.dll
 0001:00070f0e       png_write_row              0000000140071f0e f   libpng:libpng14-14.dll
 0001:00070f14       png_get_valid              0000000140071f14 f   libpng:libpng14-14.dll
 0001:00070f1a       png_set_sRGB               0000000140071f1a f   libpng:libpng14-14.dll
 0001:00070f20       png_create_write_struct    0000000140071f20 f   libpng:libpng14-14.dll
 0001:00070f26       png_set_filler             0000000140071f26 f   libpng:libpng14-14.dll
 0001:00070f2c       png_set_filter             0000000140071f2c f   libpng:libpng14-14.dll
 0001:00070f32       png_set_IHDR               0000000140071f32 f   libpng:libpng14-14.dll
 0001:00070f38       png_set_interlace_handling 0000000140071f38 f   libpng:libpng14-14.dll
 0001:00070f3e       png_get_channels           0000000140071f3e f   libpng:libpng14-14.dll
 0001:00070f44       png_set_compression_level  0000000140071f44 f   libpng:libpng14-14.dll
 0001:00070f4a       png_destroy_read_struct    0000000140071f4a f   libpng:libpng14-14.dll
 0001:00070f50       DDSLittleLong              0000000140071f50 f   ddslib:ddslib.obj
 0001:00070f60       DDSLittleShort             0000000140071f60 f   ddslib:ddslib.obj
 0001:00070fd0       DDSGetInfo                 0000000140071fd0 f   ddslib:ddslib.obj
 0001:00071b70       DDSDecompress              0000000140072b70 f   ddslib:ddslib.obj
 0001:00071c90       LoadJPGBuff                0000000140072c90 f   jpeg6:jpgload.obj
 0001:00071e80       jpeg_create_decompress     0000000140072e80 f   jpeg6:jdapimin.obj
 0001:00071f30       jpeg_destroy_decompress    0000000140072f30 f   jpeg6:jdapimin.obj
 0001:00072110       jpeg_consume_input         0000000140073110 f   jpeg6:jdapimin.obj
 0001:00072200       jpeg_finish_decompress     0000000140073200 f   jpeg6:jdapimin.obj
 0001:000722d0       jpeg_read_header           00000001400732d0 f   jpeg6:jdapimin.obj
 0001:000723e0       jpeg_read_scanlines        00000001400733e0 f   jpeg6:jdapistd.obj
 0001:000724b0       jpeg_start_decompress      00000001400734b0 f   jpeg6:jdapistd.obj
 0001:00072620       jpeg_stdio_src             0000000140073620 f   jpeg6:jdatasrc.obj
 0001:00072870       jpeg_std_error             0000000140073870 f   jpeg6:jerror.obj
 0001:00072f80       jinit_input_controller     0000000140073f80 f   jpeg6:jdinput.obj
 0001:00074b50       jpeg_resync_to_restart     0000000140075b50 f   jpeg6:jdmarker.obj
 0001:00074cb0       jinit_marker_reader        0000000140075cb0 f   jpeg6:jdmarker.obj
 0001:00075b00       jinit_memory_mgr           0000000140076b00 f   jpeg6:jmemmgr.obj
 0001:00075c70       jpeg_abort                 0000000140076c70 f   jpeg6:jcomapi.obj
 0001:00075cb0       jpeg_destroy               0000000140076cb0 f   jpeg6:jcomapi.obj
 0001:00075cf0       jpeg_alloc_quant_table     0000000140076cf0 f   jpeg6:jcomapi.obj
 0001:00075d10       jpeg_alloc_huff_table      0000000140076d10 f   jpeg6:jcomapi.obj
 0001:00075d40       jpeg_calc_output_dimensions 0000000140076d40 f   jpeg6:jdmaster.obj
 0001:000761d0       jinit_master_decompress    00000001400771d0 f   jpeg6:jdmaster.obj
 0001:00076220       jdiv_round_up              0000000140077220 f   jpeg6:jutils.obj
 0001:00076230       jround_up                  0000000140077230 f   jpeg6:jutils.obj
 0001:00076250       jcopy_sample_rows          0000000140077250 f   jpeg6:jutils.obj
 0001:000762c0       jzero_far                  00000001400772c0 f   jpeg6:jutils.obj
 0001:000762d0       ?jpeg_get_small@@YAPEAXPEAUjpeg_common_struct@@_K@Z 00000001400772d0 f   jpeg6:jmemnobs.obj
 0001:000762d0       ?jpeg_get_large@@YAPEAXPEAUjpeg_common_struct@@_K@Z 00000001400772d0 f   jpeg6:jmemnobs.obj
 0001:000762e0       ?jpeg_free_large@@YAXPEAUjpeg_common_struct@@PEAX_K@Z 00000001400772e0 f   jpeg6:jmemnobs.obj
 0001:000762e0       ?jpeg_free_small@@YAXPEAUjpeg_common_struct@@PEAX_K@Z 00000001400772e0 f   jpeg6:jmemnobs.obj
 0001:000762f0       ?jpeg_mem_available@@YAJPEAUjpeg_common_struct@@JJJ@Z 00000001400772f0 f   jpeg6:jmemnobs.obj
 0001:00076300       ?jpeg_open_backing_store@@YAXPEAUjpeg_common_struct@@PEAUbacking_store_struct@@J@Z 0000000140077300 f   jpeg6:jmemnobs.obj
 0001:00076310       ?jpeg_mem_init@@YAJPEAUjpeg_common_struct@@@Z 0000000140077310 f   jpeg6:jmemnobs.obj
 0001:00076a70       jinit_d_main_controller    0000000140077a70 f   jpeg6:jdmainct.obj
 0001:00076ed0       jinit_d_coef_controller    0000000140077ed0 f   jpeg6:jdcoefct.obj
 0001:00076ff0       ?jpeg_make_d_derived_tbl@@YAXPEAUjpeg_decompress_struct@@PEAUJHUFF_TBL@@PEAPEAUd_derived_tbl@@@Z 0000000140077ff0 f   jpeg6:jdhuff.obj
 0001:00077200       ?jpeg_fill_bit_buffer@@YAEPEAUbitread_working_state@@HHH@Z 0000000140078200 f   jpeg6:jdhuff.obj
 0001:00077330       ?jpeg_huff_decode@@YAHPEAUbitread_working_state@@HHPEAUd_derived_tbl@@H@Z 0000000140078330 f   jpeg6:jdhuff.obj
 0001:00077b20       jinit_huff_decoder         0000000140078b20 f   jpeg6:jdhuff.obj
 0001:00077e90       jinit_inverse_dct          0000000140078e90 f   jpeg6:jddctmgr.obj
 0001:00078090       jinit_d_post_controller    0000000140079090 f   jpeg6:jdpostct.obj
 0001:000787c0       jinit_upsampler            00000001400797c0 f   jpeg6:jdsample.obj
 0001:00078f80       jinit_color_deconverter    0000000140079f80 f   jpeg6:jdcolor.obj
 0001:00079120       ?jpeg_idct_float@@YAXPEAUjpeg_decompress_struct@@PEAUjpeg_component_info@@PEAFPEAPEAEI@Z 000000014007a120 f   jpeg6:jidctflt.obj
 0001:00079630       PicoInit                   000000014007a630 f   picomodel:picomodel.obj
 0001:00079640       PicoSetMallocFunc          000000014007a640 f   picomodel:picomodel.obj
 0001:00079660       PicoSetFreeFunc            000000014007a660 f   picomodel:picomodel.obj
 0001:00079680       PicoSetLoadFileFunc        000000014007a680 f   picomodel:picomodel.obj
 0001:000796a0       PicoSetFreeFileFunc        000000014007a6a0 f   picomodel:picomodel.obj
 0001:000796c0       PicoSetPrintFunc           000000014007a6c0 f   picomodel:picomodel.obj
 0001:000796e0       PicoNewModel               000000014007a6e0 f   picomodel:picomodel.obj
 0001:00079730       PicoAdjustModel            000000014007a730 f   picomodel:picomodel.obj
 0001:00079860       PicoNewShader              000000014007a860 f   picomodel:picomodel.obj
 0001:00079940       PicoFreeShader             000000014007a940 f   picomodel:picomodel.obj
 0001:00079980       PicoFindShader             000000014007a980 f   picomodel:picomodel.obj
 0001:00079a70       PicoFreeSurface            000000014007aa70 f   picomodel:picomodel.obj
 0001:00079b50       PicoAdjustSurface          000000014007ab50 f   picomodel:picomodel.obj
 0001:00079e90       PicoNewSkin                000000014007ae90 f   picomodel:picomodel.obj
 0001:00079f10       PicoAdjustSkin             000000014007af10 f   picomodel:picomodel.obj
 0001:00079fb0       PicoNewSkinItem            000000014007afb0 f   picomodel:picomodel.obj
 0001:0007a020       PicoFreeSkinItem           000000014007b020 f   picomodel:picomodel.obj
 0001:0007a060       PicoSetModelFileName       000000014007b060 f   picomodel:picomodel.obj
 0001:0007a060       PicoSetShaderMapName       000000014007b060 f   picomodel:picomodel.obj
 0001:0007a0a0       PicoSetModelFrameNum       000000014007b0a0 f   picomodel:picomodel.obj
 0001:0007a0b0       PicoSetModelNumFrames      000000014007b0b0 f   picomodel:picomodel.obj
 0001:0007a0c0       PicoSetShaderAmbientColor  000000014007b0c0 f   picomodel:picomodel.obj
 0001:0007a0f0       PicoSetShaderDiffuseColor  000000014007b0f0 f   picomodel:picomodel.obj
 0001:0007a120       PicoSetShaderSpecularColor 000000014007b120 f   picomodel:picomodel.obj
 0001:0007a150       PicoSetShaderTransparency  000000014007b150 f   picomodel:picomodel.obj
 0001:0007a190       PicoSetShaderShininess     000000014007b190 f   picomodel:picomodel.obj
 0001:0007a1d0       PicoSetSurfaceType         000000014007b1d0 f   picomodel:picomodel.obj
 0001:0007a1e0       PicoSetSurfaceName         000000014007b1e0 f   picomodel:picomodel.obj
 0001:0007a220       PicoSetSurfaceShader       000000014007b220 f   picomodel:picomodel.obj
 0001:0007a230       PicoSetSurfaceXYZ          000000014007b230 f   picomodel:picomodel.obj
 0001:0007a2c0       PicoSetSurfaceNormal       000000014007b2c0 f   picomodel:picomodel.obj
 0001:0007a330       PicoSetSurfaceST           000000014007b330 f   picomodel:picomodel.obj
 0001:0007a3b0       PicoSetSurfaceColor        000000014007b3b0 f   picomodel:picomodel.obj
 0001:0007a460       PicoSetSurfaceIndex        000000014007b460 f   picomodel:picomodel.obj
 0001:0007a4c0       PicoSetSurfaceSmoothingGroup 000000014007b4c0 f   picomodel:picomodel.obj
 0001:0007a510       PicoSetSkinNum             000000014007b510 f   picomodel:picomodel.obj
 0001:0007a520       PicoSetSkinItemObject      000000014007b520 f   picomodel:picomodel.obj
 0001:0007a560       PicoSetModelName           000000014007b560 f   picomodel:picomodel.obj
 0001:0007a560       PicoSetShaderName          000000014007b560 f   picomodel:picomodel.obj
 0001:0007a560       PicoSetSkinItemReplacement 000000014007b560 f   picomodel:picomodel.obj
 0001:0007a5a0       PicoGetModelName           000000014007b5a0 f   picomodel:picomodel.obj
 0001:0007a5c0       PicoGetModelFrameNum       000000014007b5c0 f   picomodel:picomodel.obj
 0001:0007a5d0       PicoGetModelShader         000000014007b5d0 f   picomodel:picomodel.obj
 0001:0007a600       PicoGetModelNumSurfaces    000000014007b600 f   picomodel:picomodel.obj
 0001:0007a610       PicoGetModelSurface        000000014007b610 f   picomodel:picomodel.obj
 0001:0007a640       PicoGetShaderMapName       000000014007b640 f   picomodel:picomodel.obj
 0001:0007a640       PicoGetModelFileName       000000014007b640 f   picomodel:picomodel.obj
 0001:0007a660       PicoGetSurfaceType         000000014007b660 f   picomodel:picomodel.obj
 0001:0007a670       PicoGetSurfaceNumVertexes  000000014007b670 f   picomodel:picomodel.obj
 0001:0007a680       PicoGetSurfaceXYZ          000000014007b680 f   picomodel:picomodel.obj
 0001:0007a6b0       PicoGetSurfaceNormal       000000014007b6b0 f   picomodel:picomodel.obj
 0001:0007a6e0       PicoGetSurfaceST           000000014007b6e0 f   picomodel:picomodel.obj
 0001:0007a710       PicoGetSurfaceColor        000000014007b710 f   picomodel:picomodel.obj
 0001:0007a740       PicoGetSurfaceNumIndexes   000000014007b740 f   picomodel:picomodel.obj
 0001:0007a750       PicoGetSurfaceIndexes      000000014007b750 f   picomodel:picomodel.obj
 0001:0007a770       PicoGetSurfaceShaderNameForSkin 000000014007b770 f   picomodel:picomodel.obj
 0001:0007a850       PicoVertexCoordGenerateHash 000000014007b850 f   picomodel:picomodel.obj
 0001:0007a970       PicoNewVertexCombinationHashTable 000000014007b970 f   picomodel:picomodel.obj
 0001:0007a9a0       PicoFreeVertexCombinationHashTable 000000014007b9a0 f   picomodel:picomodel.obj
 0001:0007aa20       PicoFindVertexCombinationInHashTable 000000014007ba20 f   picomodel:picomodel.obj
 0001:0007abe0       PicoAddVertexCombinationToHashTable 000000014007bbe0 f   picomodel:picomodel.obj
 0001:0007acd0       PicoFindSurfaceVertexNum   000000014007bcd0 f   picomodel:picomodel.obj
 0001:0007afd0       indexarray_push_back       000000014007bfd0 f   picomodel:picomodel.obj
 0001:0007afe0       indexarray_reserve         000000014007bfe0 f   picomodel:picomodel.obj
 0001:0007b010       binarytree_clear           000000014007c010 f   picomodel:picomodel.obj
 0001:0007b010       indexarray_clear           000000014007c010 f   picomodel:picomodel.obj
 0001:0007b020       binarytree_extend          000000014007c020 f   picomodel:picomodel.obj
 0001:0007b040       binarytree_size            000000014007c040 f   picomodel:picomodel.obj
 0001:0007b050       binarytree_reserve         000000014007c050 f   picomodel:picomodel.obj
 0001:0007b080       UniqueIndices_size         000000014007c080 f   picomodel:picomodel.obj
 0001:0007b090       UniqueIndices_reserve      000000014007c090 f   picomodel:picomodel.obj
 0001:0007b0c0       UniqueIndices_init         000000014007c0c0 f   picomodel:picomodel.obj
 0001:0007b0d0       UniqueIndices_destroy      000000014007c0d0 f   picomodel:picomodel.obj
 0001:0007b0f0       UniqueIndices_find_or_insert 000000014007c0f0 f   picomodel:picomodel.obj
 0001:0007b1c0       UniqueIndices_insert       000000014007c1c0 f   picomodel:picomodel.obj
 0001:0007b200       lessSmoothVertex           000000014007c200 f   picomodel:picomodel.obj
 0001:0007b280       _pico_vertices_combine_shared_normals 000000014007c280 f   picomodel:picomodel.obj
 0001:0007b3d0       _pico_triangles_generate_weighted_normals 000000014007c3d0 f   picomodel:picomodel.obj
 0001:0007b4b0       _pico_normals_zero         000000014007c4b0 f   picomodel:picomodel.obj
 0001:0007b4f0       _pico_normals_normalize    000000014007c4f0 f   picomodel:picomodel.obj
 0001:0007b530       _pico_length_vec           000000014007c530 f   picomodel:picomodel.obj
 0001:0007b560       _pico_normal_is_unit_length 000000014007c560 f   picomodel:picomodel.obj
 0001:0007b5a0       _pico_normal_within_tolerance 000000014007c5a0 f   picomodel:picomodel.obj
 0001:0007b5d0       _pico_normals_assign_generated_normals 000000014007c5d0 f   picomodel:picomodel.obj
 0001:0007b640       PicoFixSurfaceNormals      000000014007c640 f   picomodel:picomodel.obj
 0001:0007b6e0       PicoRemapModel             000000014007c6e0 f   picomodel:picomodel.obj
 0001:0007bc30       PicoParseToken             000000014007cc30 f   picomodel:picomodel.obj
 0001:0007bec0       PicoLoadSkinFiles          000000014007cec0 f   picomodel:picomodel.obj
 0001:0007c180       PicoModuleLoadModel        000000014007d180 f   picomodel:picomodel.obj
 0001:0007c280       PicoLoadModel              000000014007d280 f   picomodel:picomodel.obj
 0001:0007c390       PicoNewSurface             000000014007d390 f   picomodel:picomodel.obj
 0001:0007c440       PicoFreeSkin               000000014007d440 f   picomodel:picomodel.obj
 0001:0007c4a0       PicoAddTriangleToModel     000000014007d4a0 f   picomodel:picomodel.obj
 0001:0007c730       PicoFreeModel              000000014007d730 f   picomodel:picomodel.obj
 0001:0007c820       _pico_alloc                000000014007d820 f   picomodel:picointernal.obj
 0001:0007c880       _pico_calloc               000000014007d880 f   picomodel:picointernal.obj
 0001:0007c8f0       _pico_clone_alloc          000000014007d8f0 f   picomodel:picointernal.obj
 0001:0007c950       _pico_free                 000000014007d950 f   picomodel:picointernal.obj
 0001:0007c970       _pico_load_file            000000014007d970 f   picomodel:picointernal.obj
 0001:0007c990       _pico_free_file            000000014007d990 f   picomodel:picointernal.obj
 0001:0007c9c0       _pico_printf               000000014007d9c0 f   picomodel:picointernal.obj
 0001:0007ca50       _pico_first_token          000000014007da50 f   picomodel:picointernal.obj
 0001:0007ca80       _pico_strltrim             000000014007da80 f   picomodel:picointernal.obj
 0001:0007cb00       _pico_strrtrim             000000014007db00 f   picomodel:picointernal.obj
 0001:0007cbc0       _pico_strlwr               000000014007dbc0 f   picomodel:picointernal.obj
 0001:0007cbf0       _pico_strchcount           000000014007dbf0 f   picomodel:picointernal.obj
 0001:0007cc20       _pico_zero_bounds          000000014007dc20 f   picomodel:picointernal.obj
 0001:0007cc50       _pico_expand_bounds        000000014007dc50 f   picomodel:picointernal.obj
 0001:0007ccb0       _pico_zero_vec             000000014007dcb0 f   picomodel:picointernal.obj
 0001:0007ccc0       _pico_zero_vec2            000000014007dcc0 f   picomodel:picointernal.obj
 0001:0007ccd0       _pico_set_vec              000000014007dcd0 f   picomodel:picointernal.obj
 0001:0007cce0       _pico_copy_vec             000000014007dce0 f   picomodel:picointernal.obj
 0001:0007cd00       _pico_copy_vec2            000000014007dd00 f   picomodel:picointernal.obj
 0001:0007cd10       _pico_normalize_vec        000000014007dd10 f   picomodel:picointernal.obj
 0001:0007cda0       _pico_add_vec              000000014007dda0 f   picomodel:picointernal.obj
 0001:0007cdd0       _pico_subtract_vec         000000014007ddd0 f   picomodel:picointernal.obj
 0001:0007ce00       _pico_scale_vec            000000014007de00 f   picomodel:picointernal.obj
 0001:0007ce30       _pico_set_color            000000014007de30 f   picomodel:picointernal.obj
 0001:0007ce50       _pico_copy_color           000000014007de50 f   picomodel:picointernal.obj
 0001:0007ce70       _pico_little_long          000000014007de70 f   picomodel:picointernal.obj
 0001:0007ce80       _pico_little_short         000000014007de80 f   picomodel:picointernal.obj
 0001:0007ce90       ?jpeg_mem_term@@YAXPEAUjpeg_common_struct@@@Z 000000014007de90 f   jpeg6:jmemnobs.obj
 0001:0007ce90       ?DebugRawLightmap@@YAXH@Z  000000014007de90 f   light_ydnar.obj
 0001:0007ce90       _pico_little_float         000000014007de90 f   picomodel:picointernal.obj
 0001:0007cea0       _pico_stristr              000000014007dea0 f   picomodel:picointernal.obj
 0001:0007cf20       _pico_unixify              000000014007df20 f   picomodel:picointernal.obj
 0001:0007cf50       _pico_nopath               000000014007df50 f   picomodel:picointernal.obj
 0001:0007cff0       _pico_setfext              000000014007dff0 f   picomodel:picointernal.obj
 0001:0007d0c0       _pico_new_parser           000000014007e0c0 f   picomodel:picointernal.obj
 0001:0007d190       _pico_free_parser          000000014007e190 f   picomodel:picointernal.obj
 0001:0007d1c0       _pico_parse_ex             000000014007e1c0 f   picomodel:picointernal.obj
 0001:0007d320       _pico_parse_first          000000014007e320 f   picomodel:picointernal.obj
 0001:0007d360       _pico_parse                000000014007e360 f   picomodel:picointernal.obj
 0001:0007d390       _pico_parse_skip_rest      000000014007e390 f   picomodel:picointernal.obj
 0001:0007d3c0       _pico_parse_skip_braced    000000014007e3c0 f   picomodel:picointernal.obj
 0001:0007d470       _pico_parse_check          000000014007e470 f   picomodel:picointernal.obj
 0001:0007d4d0       _pico_parse_int            000000014007e4d0 f   picomodel:picointernal.obj
 0001:0007d520       _pico_parse_float          000000014007e520 f   picomodel:picointernal.obj
 0001:0007d570       _pico_parse_vec            000000014007e570 f   picomodel:picointernal.obj
 0001:0007d610       _pico_parse_vec2           000000014007e610 f   picomodel:picointernal.obj
 0001:0007d6b0       _pico_new_memstream        000000014007e6b0 f   picomodel:picointernal.obj
 0001:0007d710       _pico_free_memstream       000000014007e710 f   picomodel:picointernal.obj
 0001:0007d730       _pico_memstream_read       000000014007e730 f   picomodel:picointernal.obj
 0001:0007d7c0       _pico_memstream_getc       000000014007e7c0 f   picomodel:picointernal.obj
 0001:0007d800       _pico_memstream_seek       000000014007e800 f   picomodel:picointernal.obj
 0001:0007d890       _pico_memstream_tell       000000014007e890 f   picomodel:picointernal.obj
 0001:0007d8b0       _pico_realloc              000000014007e8b0 f   picomodel:picointernal.obj
 0001:0007d950       PicoModuleList             000000014007e950 f   picomodel:picomodules.obj
 0001:0007e600       _terrain_load_tga_buffer   000000014007f600 f   picomodel:pm_terrain.obj
 0001:00082540       _ase_get_submaterial_or_default 0000000140083540 f   picomodel:pm_ase.obj
 0001:00085470       lwFreeLayer                0000000140086470 f   picomodel:lwo2.obj
 0001:000854c0       lwFreeObject               00000001400864c0 f   picomodel:lwo2.obj
 0001:00085530       lwGetObject                0000000140086530 f   picomodel:lwo2.obj
 0001:00085a80       lwValidateObject           0000000140086a80 f   picomodel:lwo2.obj
 0001:00085b50       lwListFree                 0000000140086b50 f   picomodel:list.obj
 0001:00085b80       lwListAdd                  0000000140086b80 f   picomodel:list.obj
 0001:00085bb0       lwListInsert               0000000140086bb0 f   picomodel:list.obj
 0001:00085c50       lwFreeVMap                 0000000140086c50 f   picomodel:vmap.obj
 0001:00085cc0       lwGetVMap                  0000000140086cc0 f   picomodel:vmap.obj
 0001:00085f20       lwGetPointVMaps            0000000140086f20 f   picomodel:vmap.obj
 0001:00086080       lwGetPolyVMaps             0000000140087080 f   picomodel:vmap.obj
 0001:00086260       lwFreePoints               0000000140087260 f   picomodel:pntspols.obj
 0001:000862f0       lwFreePolygons             00000001400872f0 f   picomodel:pntspols.obj
 0001:000863d0       lwGetPoints                00000001400873d0 f   picomodel:pntspols.obj
 0001:000865f0       lwGetBoundingBox           00000001400875f0 f   picomodel:pntspols.obj
 0001:000866e0       lwAllocPolygons            00000001400876e0 f   picomodel:pntspols.obj
 0001:00086800       lwGetPolygons              0000000140087800 f   picomodel:pntspols.obj
 0001:000869d0       lwGetPolyNormals           00000001400879d0 f   picomodel:pntspols.obj
 0001:00086b40       lwGetPointPolygons         0000000140087b40 f   picomodel:pntspols.obj
 0001:00086ca0       lwResolvePolySurfaces      0000000140087ca0 f   picomodel:pntspols.obj
 0001:00086e70       lwGetVertNormals           0000000140087e70 f   picomodel:pntspols.obj
 0001:000870f0       lwFreeTags                 00000001400880f0 f   picomodel:pntspols.obj
 0001:00087170       lwGetTags                  0000000140088170 f   picomodel:pntspols.obj
 0001:000872c0       lwGetPolygonTags           00000001400882c0 f   picomodel:pntspols.obj
 0001:00087400       lwFreePlugin               0000000140088400 f   picomodel:surface.obj
 0001:00087450       lwFreeTexture              0000000140088450 f   picomodel:surface.obj
 0001:000874e0       lwFreeSurface              00000001400884e0 f   picomodel:surface.obj
 0001:000875e0       lwGetTHeader               00000001400885e0 f   picomodel:surface.obj
 0001:00087770       lwGetTMap                  0000000140088770 f   picomodel:surface.obj
 0001:000879a0       lwGetImageMap              00000001400889a0 f   picomodel:surface.obj
 0001:00087c20       lwGetProcedural            0000000140088c20 f   picomodel:surface.obj
 0001:00087dc0       lwGetGradient              0000000140088dc0 f   picomodel:surface.obj
 0001:00088070       lwGetTexture               0000000140089070 f   picomodel:surface.obj
 0001:000881b0       lwGetShader                00000001400891b0 f   picomodel:surface.obj
 0001:00088480       lwDefaultSurface           0000000140089480 f   picomodel:surface.obj
 0001:000884f0       lwGetSurface               00000001400894f0 f   picomodel:surface.obj
 0001:00088b30       lwFreeClip                 0000000140089b30 f   picomodel:clip.obj
 0001:00088c00       lwGetClip                  0000000140089c00 f   picomodel:clip.obj
 0001:00089080       lwFreeEnvelope             000000014008a080 f   picomodel:envelope.obj
 0001:00089100       lwGetEnvelope              000000014008a100 f   picomodel:envelope.obj
 0001:00089430       set_flen                   000000014008a430 f   picomodel:lwio.obj
 0001:00089440       get_flen                   000000014008a440 f   picomodel:lwio.obj
 0001:00089450       revbytes                   000000014008a450 f   picomodel:lwio.obj
 0001:000894d0       getbytes                   000000014008a4d0 f   picomodel:lwio.obj
 0001:00089580       getU4                      000000014008a580 f   picomodel:lwio.obj
 0001:00089580       getI4                      000000014008a580 f   picomodel:lwio.obj
 0001:000895e0       getU1                      000000014008a5e0 f   picomodel:lwio.obj
 0001:00089620       getU2                      000000014008a620 f   picomodel:lwio.obj
 0001:00089620       getI2                      000000014008a620 f   picomodel:lwio.obj
 0001:00089680       getVX                      000000014008a680 f   picomodel:lwio.obj
 0001:00089730       getF4                      000000014008a730 f   picomodel:lwio.obj
 0001:00089790       getS0                      000000014008a790 f   picomodel:lwio.obj
 0001:000898d0       sgetI2                     000000014008a8d0 f   picomodel:lwio.obj
 0001:00089930       sgetU2                     000000014008a930 f   picomodel:lwio.obj
 0001:00089970       sgetU4                     000000014008a970 f   picomodel:lwio.obj
 0001:000899d0       sgetVX                     000000014008a9d0 f   picomodel:lwio.obj
 0001:00089a50       sgetF4                     000000014008aa50 f   picomodel:lwio.obj
 0001:00089ab0       sgetS0                     000000014008aab0 f   picomodel:lwio.obj
 0001:00089f10       lwGetSurface5              000000014008af10 f   picomodel:lwob.obj
 0001:0008a910       lwGetPolygons5             000000014008b910 f   picomodel:lwob.obj
 0001:0008aad0       lwGetObject5               000000014008bad0 f   picomodel:lwob.obj
 0001:0008ad50       lwValidateObject5          000000014008bd50 f   picomodel:lwob.obj
 0001:0008ae00       dot                        000000014008be00 f   picomodel:vecmath.obj
 0001:0008ae00       _pico_dot_vec              000000014008be00 f   picomodel:picointernal.obj
 0001:0008ae30       cross                      000000014008be30 f   picomodel:vecmath.obj
 0001:0008ae30       _pico_cross_vec            000000014008be30 f   picomodel:picointernal.obj
 0001:0008ae90       normalize                  000000014008be90 f   picomodel:vecmath.obj
 0001:0008aedc       _stricmp                   000000014008bedc f   MSVCRT:MSVCR90.dll
 0001:0008aee2       rename                     000000014008bee2 f   MSVCRT:MSVCR90.dll
 0001:0008aee8       sprintf                    000000014008bee8 f   MSVCRT:MSVCR90.dll
 0001:0008aeee       sscanf                     000000014008beee f   MSVCRT:MSVCR90.dll
 0001:0008aef4       strncmp                    000000014008bef4 f   MSVCRT:MSVCR90.dll
 0001:0008aefa       free                       000000014008befa f   MSVCRT:MSVCR90.dll
 0001:0008af00       atoi                       000000014008bf00 f   MSVCRT:MSVCR90.dll
 0001:0008af06       remove                     000000014008bf06 f   MSVCRT:MSVCR90.dll
 0001:0008af0c       ftell                      000000014008bf0c f   MSVCRT:MSVCR90.dll
 0001:0008af12       realloc                    000000014008bf12 f   MSVCRT:MSVCR90.dll
 0001:0008af18       atof                       000000014008bf18 f   MSVCRT:MSVCR90.dll
 0001:0008af1e       _time64                    000000014008bf1e f   MSVCRT:MSVCR90.dll
 0001:0008af24       asctime                    000000014008bf24 f   MSVCRT:MSVCR90.dll
 0001:0008af2a       _localtime64               000000014008bf2a f   MSVCRT:MSVCR90.dll
 0001:0008af30       fseek                      000000014008bf30 f   MSVCRT:MSVCR90.dll
 0001:0008af36       fclose                     000000014008bf36 f   MSVCRT:MSVCR90.dll
 0001:0008af3c       fopen                      000000014008bf3c f   MSVCRT:MSVCR90.dll
 0001:0008af42       fwrite                     000000014008bf42 f   MSVCRT:MSVCR90.dll
 0001:0008af48       strstr                     000000014008bf48 f   MSVCRT:MSVCR90.dll
 0001:0008af50       _onexit                    000000014008bf50 f   MSVCRT:atonexit.obj
 0001:0008b000       atexit                     000000014008c000 f   MSVCRT:atonexit.obj
 0001:0008b018       printf                     000000014008c018 f   MSVCRT:MSVCR90.dll
 0001:0008b01e       rand                       000000014008c01e f   MSVCRT:MSVCR90.dll
 0001:0008b024       srand                      000000014008c024 f   MSVCRT:MSVCR90.dll
 0001:0008b02a       memmove                    000000014008c02a f   MSVCRT:MSVCR90.dll
 0001:0008b030       _strnicmp                  000000014008c030 f   MSVCRT:MSVCR90.dll
 0001:0008b036       strchr                     000000014008c036 f   MSVCRT:MSVCR90.dll
 0001:0008b03c       qsort                      000000014008c03c f   MSVCRT:MSVCR90.dll
 0001:0008b042       strncpy                    000000014008c042 f   MSVCRT:MSVCR90.dll
 0001:0008b048       fprintf                    000000014008c048 f   MSVCRT:MSVCR90.dll
 0001:0008b04e       exit                       000000014008c04e f   MSVCRT:MSVCR90.dll
 0001:0008b054       malloc                     000000014008c054 f   MSVCRT:MSVCR90.dll
 0001:0008b05a       strerror                   000000014008c05a f   MSVCRT:MSVCR90.dll
 0001:0008b060       fputs                      000000014008c060 f   MSVCRT:MSVCR90.dll
 0001:0008b066       _errno                     000000014008c066 f   MSVCRT:MSVCR90.dll
 0001:0008b06c       _mkdir                     000000014008c06c f   MSVCRT:MSVCR90.dll
 0001:0008b072       fread                      000000014008c072 f   MSVCRT:MSVCR90.dll
 0001:0008b078       _getcwd                    000000014008c078 f   MSVCRT:MSVCR90.dll
[...]
 0001:00051440       ?TraceLine_r@@YA?AW4qboolean@@HQEAM0PEAUtrace_t@@@Z 0000000140052440 f    CIL library: CIL module
 0001:00053b20       ?CalcTangentVectors@@YA?AW4qboolean@@HPEAPEAUbspDrawVert_t@@PEAY02M1@Z 0000000140054b20 f    CIL library: CIL module
 0001:00053ef0       ?PerturbNormal@@YAXPEAUbspDrawVert_t@@PEAUshaderInfo_s@@QEAMQEAY02M3@Z 0000000140054ef0 f    CIL library: CIL module
 0001:00054050       ?MapSingleLuxel@@YAHPEAUrawLightmap_s@@PEAUsurfaceInfo_s@@PEAUbspDrawVert_t@@QEAMMQEAY02M44@Z 0000000140055050 f    CIL library: CIL module
 0001:00054c00       ?MapTriangle_r@@YAXPEAUrawLightmap_s@@PEAUsurfaceInfo_s@@QEAPEAUbspDrawVert_t@@QEAMQEAY02M44@Z 0000000140055c00 f    CIL library: CIL module
 0001:00054e70       ?MapTriangle@@YA?AW4qboolean@@PEAUrawLightmap_s@@PEAUsurfaceInfo_s@@QEAPEAUbspDrawVert_t@@W41@@Z 0000000140055e70 f    CIL library: CIL module
 0001:00055180       ?MapQuad_r@@YAXPEAUrawLightmap_s@@PEAUsurfaceInfo_s@@QEAPEAUbspDrawVert_t@@QEAMQEAY02M4@Z 0000000140056180 f    CIL library: CIL module
 0001:000554c0       ?MapQuad@@YA?AW4qboolean@@PEAUrawLightmap_s@@PEAUsurfaceInfo_s@@QEAPEAUbspDrawVert_t@@@Z 00000001400564c0 f    CIL library: CIL module
 0001:00058170       ?SubmapRawLuxel@@YA?AW4qboolean@@PEAUrawLightmap_s@@HHMMPEAHQEAM2@Z 0000000140059170 f    CIL library: CIL module
 0001:000584f0       ?SubsampleRawLuxel_r@@YAXPEAUrawLightmap_s@@PEAUtrace_t@@QEAMHHMPEAM@Z 00000001400594f0 f    CIL library: CIL module
 0001:0005e6b0       ?CompareLightSurface@@YAHPEBX0@Z 000000014005f6b0 f    CIL library: CIL module
 0001:0005fe80       ?CompareSurfaceInfo@@YAHPEBX0@Z 0000000140060e80 f    CIL library: CIL module
 0001:000619a0       ?CompareBSPLuxels@@YA?AW4qboolean@@PEAUrawLightmap_s@@H0H@Z 00000001400629a0 f    CIL library: CIL module
 0001:00061d50       ?MergeBSPLuxels@@YA?AW4qboolean@@PEAUrawLightmap_s@@H0H@Z 0000000140062d50 f    CIL library: CIL module
 0001:00061fe0       ?ApproximateLuxel@@YA?AW4qboolean@@PEAUrawLightmap_s@@PEAUbspDrawVert_t@@@Z 0000000140062fe0 f    CIL library: CIL module
 0001:000621e0       ?ApproximateTriangle_r@@YA?AW4qboolean@@PEAUrawLightmap_s@@QEAPEAUbspDrawVert_t@@@Z 00000001400631e0 f    CIL library: CIL module
 0001:000623f0       ?ApproximateLightmap@@YA?AW4qboolean@@PEAUrawLightmap_s@@@Z 00000001400633f0 f    CIL library: CIL module
 0001:00062880       ?TestOutLightmapStamp@@YA?AW4qboolean@@PEAUrawLightmap_s@@HPEAUoutLightmap_s@@HH@Z 0000000140063880 f    CIL library: CIL module
 0001:00062a10       ?SetupOutLightmap@@YAXPEAUrawLightmap_s@@PEAUoutLightmap_s@@@Z 0000000140063a10 f    CIL library: CIL module
 0001:00062b70       ?FindOutLightmaps@@YAXPEAUrawLightmap_s@@@Z 0000000140063b70 f    CIL library: CIL module
 0001:000634b0       ?CompareRawLightmap@@YAHPEBX0@Z 00000001400644b0 f    CIL library: CIL module
 0001:0006c6a0       ?ConvertCollapsedSurface@@YAXPEAU_iobuf@@PEAUbspModel_t@@HHHQEAM@Z 000000014006d6a0 f    CIL library: CIL module
 0001:0006d370       ?ConvertSurface@@YAXPEAU_iobuf@@PEAUbspModel_t@@HPEAUbspDrawSurface_t@@HQEAM@Z 000000014006e370 f    CIL library: CIL module
 0001:0006d9e0       ?ConvertModel@@YAXPEAU_iobuf@@PEAUbspModel_t@@HQEAMH@Z 000000014006e9e0 f    CIL library: CIL module
 0001:0006db00       ?ConvertShader@@YAXPEAU_iobuf@@PEAUbspShader_t@@H@Z 000000014006eb00 f    CIL library: CIL module
 0001:0006e210       ?ConvertBrush@@YAXPEAU_iobuf@@HPEAUbspBrush_t@@QEAM@Z 000000014006f210 f    CIL library: CIL module
 0001:0006e590       ?ConvertPatch@@YAXPEAU_iobuf@@HPEAUbspDrawSurface_t@@QEAM@Z 000000014006f590 f    CIL library: CIL module
 0001:0006e7b0       ?ConvertModel@@YAXPEAU_iobuf@@PEAUbspModel_t@@HQEAM@Z 000000014006f7b0 f    CIL library: CIL module
 0001:00070f70       DDSDecodePixelFormat       0000000140071f70 f   ddslib:ddslib.obj
 0001:00071030       DDSGetColorBlockColors     0000000140072030 f   ddslib:ddslib.obj
 0001:00071200       DDSDecodeColorBlock        0000000140072200 f   ddslib:ddslib.obj
 0001:000712e0       DDSDecodeAlphaExplicit     00000001400722e0 f   ddslib:ddslib.obj
 0001:000713e0       DDSDecodeAlpha3BitLinear   00000001400723e0 f   ddslib:ddslib.obj
 0001:000716e0       DDSDecompressDXT1          00000001400726e0 f   ddslib:ddslib.obj
 0001:000717f0       DDSDecompressDXT3          00000001400727f0 f   ddslib:ddslib.obj
 0001:00071970       DDSDecompressDXT5          0000000140072970 f   ddslib:ddslib.obj
 0001:00071af0       DDSDecompressDXT2          0000000140072af0 f   ddslib:ddslib.obj
 0001:00071b00       DDSDecompressDXT4          0000000140072b00 f   ddslib:ddslib.obj
 0001:00071b10       DDSDecompressARGB8888      0000000140072b10 f   ddslib:ddslib.obj
 0001:00071f40       ?default_decompress_parms@@YAXPEAUjpeg_decompress_struct@@@Z 0000000140072f40 f   jpeg6:jdapimin.obj
 0001:00072360       ?output_pass_setup@@YAEPEAUjpeg_decompress_struct@@@Z 0000000140073360 f   jpeg6:jdapistd.obj
 0001:00072560       ?init_source@@YAXPEAUjpeg_decompress_struct@@@Z 0000000140073560 f   jpeg6:jdatasrc.obj
 0001:00072570       ?fill_input_buffer@@YAEPEAUjpeg_decompress_struct@@@Z 0000000140073570 f   jpeg6:jdatasrc.obj
 0001:000725d0       ?skip_input_data@@YAXPEAUjpeg_decompress_struct@@J@Z 00000001400735d0 f   jpeg6:jdatasrc.obj
 0001:000726d0       ?error_exit@@YAXPEAUjpeg_common_struct@@@Z 00000001400736d0 f   jpeg6:jerror.obj
 0001:00072700       ?output_message@@YAXPEAUjpeg_common_struct@@@Z 0000000140073700 f   jpeg6:jerror.obj
 0001:00072730       ?emit_message@@YAXPEAUjpeg_common_struct@@H@Z 0000000140073730 f   jpeg6:jerror.obj
 0001:00072770       ?format_message@@YAXPEAUjpeg_common_struct@@PEAD@Z 0000000140073770 f   jpeg6:jerror.obj
 0001:00072850       ?reset_error_mgr@@YAXPEAUjpeg_common_struct@@@Z 0000000140073850 f   jpeg6:jerror.obj
 0001:000728f0       ?initial_setup@@YAXPEAUjpeg_decompress_struct@@@Z 00000001400738f0 f   jpeg6:jdinput.obj
 0001:00072b00       ?per_scan_setup@@YAXPEAUjpeg_decompress_struct@@@Z 0000000140073b00 f   jpeg6:jdinput.obj
 0001:00072ce0       ?latch_quant_tables@@YAXPEAUjpeg_decompress_struct@@@Z 0000000140073ce0 f   jpeg6:jdinput.obj
 0001:00072db0       ?start_input_pass@@YAXPEAUjpeg_decompress_struct@@@Z 0000000140073db0 f   jpeg6:jdinput.obj
 0001:00072e00       ?consume_markers@@YAHPEAUjpeg_decompress_struct@@@Z 0000000140073e00 f   jpeg6:jdinput.obj
 0001:00072f10       ?reset_input_controller@@YAXPEAUjpeg_decompress_struct@@@Z 0000000140073f10 f   jpeg6:jdinput.obj
 0001:00072f60       ?finish_input_pass@@YAXPEAUjpeg_decompress_struct@@@Z 0000000140073f60 f   jpeg6:jdinput.obj
 0001:00072fe0       ?get_soi@@YAEPEAUjpeg_decompress_struct@@@Z 0000000140073fe0 f   jpeg6:jdmarker.obj
 0001:000730a0       ?get_sof@@YAEPEAUjpeg_decompress_struct@@EE@Z 00000001400740a0 f   jpeg6:jdmarker.obj
 0001:000733f0       ?get_sos@@YAEPEAUjpeg_decompress_struct@@@Z 00000001400743f0 f   jpeg6:jdmarker.obj
 0001:00073720       ?get_app0@@YAEPEAUjpeg_decompress_struct@@@Z 0000000140074720 f   jpeg6:jdmarker.obj
 0001:00073a00       ?get_app14@@YAEPEAUjpeg_decompress_struct@@@Z 0000000140074a00 f   jpeg6:jdmarker.obj
 0001:00073bf0       ?get_dac@@YAEPEAUjpeg_decompress_struct@@@Z 0000000140074bf0 f   jpeg6:jdmarker.obj
 0001:00073da0       ?get_dht@@YAEPEAUjpeg_decompress_struct@@@Z 0000000140074da0 f   jpeg6:jdmarker.obj
 0001:000740d0       ?get_dqt@@YAEPEAUjpeg_decompress_struct@@@Z 00000001400750d0 f   jpeg6:jdmarker.obj
 0001:00074350       ?get_dri@@YAEPEAUjpeg_decompress_struct@@@Z 0000000140075350 f   jpeg6:jdmarker.obj
 0001:00074470       ?skip_variable@@YAEPEAUjpeg_decompress_struct@@@Z 0000000140075470 f   jpeg6:jdmarker.obj
 0001:00074540       ?next_marker@@YAEPEAUjpeg_decompress_struct@@@Z 0000000140075540 f   jpeg6:jdmarker.obj
 0001:000746b0       ?first_marker@@YAEPEAUjpeg_decompress_struct@@@Z 00000001400756b0 f   jpeg6:jdmarker.obj
 0001:00074780       ?read_markers@@YAHPEAUjpeg_decompress_struct@@@Z 0000000140075780 f   jpeg6:jdmarker.obj
 0001:00074aa0       ?read_restart_marker@@YAEPEAUjpeg_decompress_struct@@@Z 0000000140075aa0 f   jpeg6:jdmarker.obj
 0001:00074c70       ?reset_marker_reader@@YAXPEAUjpeg_decompress_struct@@@Z 0000000140075c70 f   jpeg6:jdmarker.obj
 0001:00074d60       ?out_of_memory@@YAXPEAUjpeg_common_struct@@H@Z 0000000140075d60 f   jpeg6:jmemmgr.obj
 0001:00074d80       ?alloc_small@@YAPEAXPEAUjpeg_common_struct@@H_K@Z 0000000140075d80 f   jpeg6:jmemmgr.obj
 0001:00074f00       ?alloc_large@@YAPEAXPEAUjpeg_common_struct@@H_K@Z 0000000140075f00 f   jpeg6:jmemmgr.obj
 0001:00074fe0       ?alloc_sarray@@YAPEAPEAEPEAUjpeg_common_struct@@HII@Z 0000000140075fe0 f   jpeg6:jmemmgr.obj
 0001:000750d0       ?alloc_barray@@YAPEAPEAY0EA@FPEAUjpeg_common_struct@@HII@Z 00000001400760d0 f   jpeg6:jmemmgr.obj
 0001:000751e0       ?request_virt_sarray@@YAPEAUjvirt_sarray_control@@PEAUjpeg_common_struct@@HEIII@Z 00000001400761e0 f   jpeg6:jmemmgr.obj
 0001:00075290       ?request_virt_barray@@YAPEAUjvirt_barray_control@@PEAUjpeg_common_struct@@HEIII@Z 0000000140076290 f   jpeg6:jmemmgr.obj
 0001:00075340       ?realize_virt_arrays@@YAXPEAUjpeg_common_struct@@@Z 0000000140076340 f   jpeg6:jmemmgr.obj
 0001:00075520       ?do_sarray_io@@YAXPEAUjpeg_common_struct@@PEAUjvirt_sarray_control@@E@Z 0000000140076520 f   jpeg6:jmemmgr.obj
 0001:000755e0       ?do_barray_io@@YAXPEAUjpeg_common_struct@@PEAUjvirt_barray_control@@E@Z 00000001400765e0 f   jpeg6:jmemmgr.obj
 0001:000756a0       ?access_virt_sarray@@YAPEAPEAEPEAUjpeg_common_struct@@PEAUjvirt_sarray_control@@IIE@Z 00000001400766a0 f   jpeg6:jmemmgr.obj
 0001:00075800       ?access_virt_barray@@YAPEAPEAY0EA@FPEAUjpeg_common_struct@@PEAUjvirt_barray_control@@IIE@Z 0000000140076800 f   jpeg6:jmemmgr.obj
 0001:00075960       ?free_pool@@YAXPEAUjpeg_common_struct@@H@Z 0000000140076960 f   jpeg6:jmemmgr.obj
 0001:00075ab0       ?self_destruct@@YAXPEAUjpeg_common_struct@@@Z 0000000140076ab0 f   jpeg6:jmemmgr.obj
 0001:00075d30       ?use_merged_upsample@@YAEPEAUjpeg_decompress_struct@@@Z 0000000140076d30 f   jpeg6:jdmaster.obj
 0001:00075df0       ?prepare_range_limit_table@@YAXPEAUjpeg_decompress_struct@@@Z 0000000140076df0 f   jpeg6:jdmaster.obj
 0001:00075ea0       ?master_selection@@YAXPEAUjpeg_decompress_struct@@@Z 0000000140076ea0 f   jpeg6:jdmaster.obj
 0001:00076050       ?prepare_for_output_pass@@YAXPEAUjpeg_decompress_struct@@@Z 0000000140077050 f   jpeg6:jdmaster.obj
 0001:000761a0       ?finish_output_pass@@YAXPEAUjpeg_decompress_struct@@@Z 00000001400771a0 f   jpeg6:jdmaster.obj
 0001:00076310       ?dummy_consume_data@@YAHPEAUjpeg_decompress_struct@@@Z 0000000140077310 f   jpeg6:jmemnobs.obj
 0001:00076320       ?alloc_funny_pointers@@YAXPEAUjpeg_decompress_struct@@@Z 0000000140077320 f   jpeg6:jdmainct.obj
 0001:00076420       ?make_funny_pointers@@YAXPEAUjpeg_decompress_struct@@@Z 0000000140077420 f   jpeg6:jdmainct.obj
 0001:000765c0       ?set_wraparound_pointers@@YAXPEAUjpeg_decompress_struct@@@Z 00000001400775c0 f   jpeg6:jdmainct.obj
 0001:000766d0       ?set_bottom_pointers@@YAXPEAUjpeg_decompress_struct@@@Z 00000001400776d0 f   jpeg6:jdmainct.obj
 0001:000767a0       ?process_data_simple_main@@YAXPEAUjpeg_decompress_struct@@PEAPEAEPEAII@Z 00000001400777a0 f   jpeg6:jdmainct.obj
 0001:00076850       ?process_data_context_main@@YAXPEAUjpeg_decompress_struct@@PEAPEAEPEAII@Z 0000000140077850 f   jpeg6:jdmainct.obj
 0001:000769e0       ?start_pass_main@@YAXPEAUjpeg_decompress_struct@@W4J_BUF_MODE@@@Z 00000001400779e0 f   jpeg6:jdmainct.obj
 0001:00076b90       ?start_iMCU_row@@YAXPEAUjpeg_decompress_struct@@@Z 0000000140077b90 f   jpeg6:jdcoefct.obj
 0001:00076bf0       ?start_input_pass@@YAXPEAUjpeg_decompress_struct@@@Z 0000000140077bf0 f   jpeg6:jdcoefct.obj
 0001:00076c00       ?start_output_pass@@YAXPEAUjpeg_decompress_struct@@@Z 0000000140077c00 f   jpeg6:jdcoefct.obj
 0001:00076c10       ?decompress_onepass@@YAHPEAUjpeg_decompress_struct@@PEAPEAPEAE@Z 0000000140077c10 f   jpeg6:jdcoefct.obj
 0001:00077450       ?process_restart@@YAEPEAUjpeg_decompress_struct@@@Z 0000000140078450 f   jpeg6:jdhuff.obj
 0001:000774f0       ?decode_mcu@@YAEPEAUjpeg_decompress_struct@@PEAPEAY0EA@F@Z 00000001400784f0 f   jpeg6:jdhuff.obj
 0001:000779c0       ?start_pass_huff_decoder@@YAXPEAUjpeg_decompress_struct@@@Z 00000001400789c0 f   jpeg6:jdhuff.obj
 0001:00077b80       ?start_pass@@YAXPEAUjpeg_decompress_struct@@@Z 0000000140078b80 f   jpeg6:jddctmgr.obj
 0001:00077f40       ?post_process_1pass@@YAXPEAUjpeg_decompress_struct@@PEAPEAPEAEPEAIIPEAPEAE2I@Z 0000000140078f40 f   jpeg6:jdpostct.obj
 0001:00077ff0       ?start_pass_dpost@@YAXPEAUjpeg_decompress_struct@@W4J_BUF_MODE@@@Z 0000000140078ff0 f   jpeg6:jdpostct.obj
 0001:00078140       ?start_pass_upsample@@YAXPEAUjpeg_decompress_struct@@@Z 0000000140079140 f   jpeg6:jdsample.obj
 0001:00078160       ?sep_upsample@@YAXPEAUjpeg_decompress_struct@@PEAPEAPEAEPEAIIPEAPEAE2I@Z 0000000140079160 f   jpeg6:jdsample.obj
 0001:000782b0       ?fullsize_upsample@@YAXPEAUjpeg_decompress_struct@@PEAUjpeg_component_info@@PEAPEAEPEAPEAPEAE@Z 00000001400792b0 f   jpeg6:jdsample.obj
 0001:000782c0       ?noop_upsample@@YAXPEAUjpeg_decompress_struct@@PEAUjpeg_component_info@@PEAPEAEPEAPEAPEAE@Z 00000001400792c0 f   jpeg6:jdsample.obj
 0001:000782d0       ?int_upsample@@YAXPEAUjpeg_decompress_struct@@PEAUjpeg_component_info@@PEAPEAEPEAPEAPEAE@Z 00000001400792d0 f   jpeg6:jdsample.obj
 0001:00078430       ?h2v1_upsample@@YAXPEAUjpeg_decompress_struct@@PEAUjpeg_component_info@@PEAPEAEPEAPEAPEAE@Z 0000000140079430 f   jpeg6:jdsample.obj
 0001:000784a0       ?h2v2_upsample@@YAXPEAUjpeg_decompress_struct@@PEAUjpeg_component_info@@PEAPEAEPEAPEAPEAE@Z 00000001400794a0 f   jpeg6:jdsample.obj
 0001:00078560       ?h2v1_fancy_upsample@@YAXPEAUjpeg_decompress_struct@@PEAUjpeg_component_info@@PEAPEAEPEAPEAPEAE@Z 0000000140079560 f   jpeg6:jdsample.obj
 0001:00078650       ?h2v2_fancy_upsample@@YAXPEAUjpeg_decompress_struct@@PEAUjpeg_component_info@@PEAPEAEPEAPEAPEAE@Z 0000000140079650 f   jpeg6:jdsample.obj
 0001:00078a10       ?build_ycc_rgb_table@@YAXPEAUjpeg_decompress_struct@@@Z 0000000140079a10 f   jpeg6:jdcolor.obj
 0001:00078b10       ?ycc_rgb_convert@@YAXPEAUjpeg_decompress_struct@@PEAPEAPEAEIPEAPEAEH@Z 0000000140079b10 f   jpeg6:jdcolor.obj
 0001:00078cb0       ?null_convert@@YAXPEAUjpeg_decompress_struct@@PEAPEAPEAEIPEAPEAEH@Z 0000000140079cb0 f   jpeg6:jdcolor.obj
 0001:00078d70       ?grayscale_convert@@YAXPEAUjpeg_decompress_struct@@PEAPEAPEAEIPEAPEAEH@Z 0000000140079d70 f   jpeg6:jdcolor.obj
 0001:00078db0       ?ycck_cmyk_convert@@YAXPEAUjpeg_decompress_struct@@PEAPEAPEAEIPEAPEAEH@Z 0000000140079db0 f   jpeg6:jdcolor.obj
 0001:0007ce90       ?start_pass_dcolor@@YAXPEAUjpeg_decompress_struct@@@Z 000000014007de90 f   picomodel:picointernal.obj
 0001:0007ce90       ?term_source@@YAXPEAUjpeg_decompress_struct@@@Z 000000014007de90 f   picomodel:picointernal.obj
 0001:0007ce90       ?PNGFlushData@@YAXPEAUpng_struct_def@@@Z 000000014007de90 f   picomodel:picointernal.obj
 0001:0007d980       _obj_canload               000000014007e980 f   picomodel:pm_obj.obj
 0001:0007dae0       SizeObjVertexData          000000014007eae0 f   picomodel:pm_obj.obj
 0001:0007dba0       FreeObjVertexData          000000014007eba0 f   picomodel:pm_obj.obj
 0001:0007dbc0       _obj_load                  000000014007ebc0 f   picomodel:pm_obj.obj
 0001:0007ead0       _terrain_canload           000000014007fad0 f   picomodel:pm_terrain.obj
 0001:0007eb40       _terrain_load              000000014007fb40 f   picomodel:pm_terrain.obj
 0001:0007f320       lwo_lwIDToStr              0000000140080320 f   picomodel:pm_lwo.obj
 0001:0007f370       _lwo_canload               0000000140080370 f   picomodel:pm_lwo.obj
 0001:0007f3e0       _lwo_load                  00000001400803e0 f   picomodel:pm_lwo.obj
 0001:0007fce0       _fm_canload                0000000140080ce0 f   picomodel:pm_fm.obj
 0001:0007fe10       _fm_load                   0000000140080e10 f   picomodel:pm_fm.obj
 0001:000808f0       _md2_canload               00000001400818f0 f   picomodel:pm_md2.obj
 0001:00080940       _md2_load                  0000000140081940 f   picomodel:pm_md2.obj
 0001:000813b0       _mdc_canload               00000001400823b0 f   picomodel:pm_mdc.obj
 0001:00081400       _mdc_load                  0000000140082400 f   picomodel:pm_mdc.obj
 0001:00081ce0       _ms3d_canload              0000000140082ce0 f   picomodel:pm_ms3d.obj
 0001:00081d60       GetWord                    0000000140082d60 f   picomodel:pm_ms3d.obj
 0001:00081da0       _ms3d_load                 0000000140082da0 f   picomodel:pm_ms3d.obj
 0001:000824d0       _ase_get_material          00000001400834d0 f   picomodel:pm_ase.obj
 0001:000824f0       _ase_get_submaterial       00000001400834f0 f   picomodel:pm_ase.obj
 0001:000825a0       _ase_add_material          00000001400835a0 f   picomodel:pm_ase.obj
 0001:000825e0       _ase_add_submaterial       00000001400835e0 f   picomodel:pm_ase.obj
 0001:00082660       _ase_free_materials        0000000140083660 f   picomodel:pm_ase.obj
 0001:000826e0       _ase_canload               00000001400836e0 f   picomodel:pm_ase.obj
 0001:00082770       _ase_submit_triangles      0000000140083770 f   picomodel:pm_ase.obj
 0001:00082ce0       _ase_load                  0000000140083ce0 f   picomodel:pm_ase.obj
 0001:00084340       _3ds_canload               0000000140085340 f   picomodel:pm_3ds.obj
 0001:000843a0       GetChunk                   00000001400853a0 f   picomodel:pm_3ds.obj
 0001:00084400       GetASCIIZ                  0000000140085400 f   picomodel:pm_3ds.obj
 0001:00084490       GetByte                    0000000140085490 f   picomodel:pm_3ds.obj
 0001:000844b0       GetWord                    00000001400854b0 f   picomodel:pm_3ds.obj
 0001:000844f0       GetFloat                   00000001400854f0 f   picomodel:pm_3ds.obj
 0001:00084520       GetMeshVertices            0000000140085520 f   picomodel:pm_3ds.obj
 0001:000845b0       GetMeshFaces               00000001400855b0 f   picomodel:pm_3ds.obj
 0001:00084670       GetMeshTexCoords           0000000140085670 f   picomodel:pm_3ds.obj
 0001:00084700       GetMeshShader              0000000140085700 f   picomodel:pm_3ds.obj
 0001:000848d0       GetDiffuseColor            00000001400858d0 f   picomodel:pm_3ds.obj
 0001:00084920       DoNextEditorDataChunk      0000000140085920 f   picomodel:pm_3ds.obj
 0001:00084ba0       DoNextChunk                0000000140085ba0 f   picomodel:pm_3ds.obj
 0001:00084c60       _3ds_load                  0000000140085c60 f   picomodel:pm_3ds.obj
 0001:00084d70       _md3_canload               0000000140085d70 f   picomodel:pm_md3.obj
 0001:00084dc0       _md3_load                  0000000140085dc0 f   picomodel:pm_md3.obj
 0001:00088390       compare_textures           0000000140089390 f   picomodel:surface.obj
 0001:00088390       compare_shaders            0000000140089390 f   picomodel:surface.obj
 0001:000883c0       add_texture                00000001400893c0 f   picomodel:surface.obj
 0001:000890d0       compare_keys               000000014008a0d0 f   picomodel:envelope.obj
 0001:00089b80       add_clip                   000000014008ab80 f   picomodel:lwob.obj
 0001:00089c30       add_tvel                   000000014008ac30 f   picomodel:lwob.obj
 0001:00089db0       get_texture                000000014008adb0 f   picomodel:lwob.obj
 0001:0008b0b0       pre_cpp_init               000000014008c0b0 f   MSVCRT:crtexe.obj
 0001:0008b118       __tmainCRTStartup          000000014008c118 f   MSVCRT:crtexe.obj
 0001:0008b298       pre_c_init                 000000014008c298 f   MSVCRT:crtexe.obj
 0001:0008b740       _onexit$fin$0              000000014008c740 f   MSVCRT:atonexit.obj
 0001:0008b759       __tmainCRTStartup$filt$0   000000014008c759 f   MSVCRT:crtexe.obj
 0001:0008b780       _IsNonwritableInCurrentImage$filt$0 000000014008c780 f   MSVCRT:pesect.obj
