 bloodmap

 Timestamp is 53713641 (Tue May 13 00:59:45 2014)

 Preferred load address is 0000000140000000

 Start         Length     Name                   Class
 0001:00000000 00084b18H .text                   CODE
 0001:00084b20 0000005eH .text$00                CODE
 0001:00084b80 00000061H .text$x                 CODE
 0002:00000000 000004d0H .idata$5                DATA
 0002:000004d0 00000008H .CRT$XCA                DATA
 0002:000004d8 00000008H .CRT$XCAA               DATA
 0002:000004e0 00000008H .CRT$XCZ                DATA
 0002:000004e8 00000008H .CRT$XIA                DATA
 0002:000004f0 00000008H .CRT$XIAA               DATA
 0002:000004f8 00000008H .CRT$XIY                DATA
 0002:00000500 00000008H .CRT$XIZ                DATA
 0002:00000510 0000ff30H .rdata                  DATA
 0002:00010440 00000042H .rdata$debug            DATA
 0002:00010488 00000008H .rtc$IAA                DATA
 0002:00010490 00000008H .rtc$IZZ                DATA
 0002:00010498 00000008H .rtc$TAA                DATA
 0002:000104a0 00000008H .rtc$TZZ                DATA
 0002:000104a8 00009844H .xdata                  DATA
 0002:00019cec 00000078H .idata$2                DATA
 0002:00019d64 00000014H .idata$3                DATA
 0002:00019d78 000004d0H .idata$4                DATA
 0002:0001a248 00000752H .idata$6                DATA
 0002:0001a99a 00000000H .edata                  DATA
 0003:00000000 00014558H .data                   DATA
 0003:00014560 0f82ce00H .bss                    DATA
 0004:00000000 00006270H .pdata                  DATA
 0005:00000000 00000250H .rsrc$01                DATA
 0005:00000250 000102f8H .rsrc$02                DATA

  Address         Publics by Value              Rva+Base               Lib:Object

 0000:00000000       ___safe_se_handler_table   0000000000000000     <absolute>
 0000:00000000       ___safe_se_handler_count   0000000000000000     <absolute>
 0000:00000000       __ImageBase                0000000140000000     <linker-defined>
 0001:00000000       ?IncDrawVerts@@YAXXZ       0000000140001000 f   bspfile_abstract.obj
 0001:000000d0       ?SetDrawVerts@@YAXH@Z      00000001400010d0 f   bspfile_abstract.obj
 0001:00000190       ?SetDrawSurfaces@@YAXH@Z   0000000140001190 f   bspfile_abstract.obj
 0001:00000250       ?SwapBSPFile@@YAXXZ        0000000140001250 f   bspfile_abstract.obj
 0001:00000420       ?WriteBSPFile@@YAXPEBD@Z   0000000140001420 f   bspfile_abstract.obj
 0001:000004c0       ?PrintBSPFileSizes@@YAXXZ  00000001400014c0 f   bspfile_abstract.obj
 0001:00000760       ?ParseEPair@@YAPEAUepair_s@@XZ 0000000140001760 f   bspfile_abstract.obj
 0001:000008d0       ?ParseEntity@@YA?AW4qboolean@@XZ 00000001400018d0 f   bspfile_abstract.obj
 0001:000009d0       ?ParseEntities@@YAXXZ      00000001400019d0 f   bspfile_abstract.obj
 0001:00000a70       ?UnparseEntities@@YAXW4qboolean@@@Z 0000000140001a70 f   bspfile_abstract.obj
 0001:00000db0       ?SetKeyValue@@YAXPEAUentity_t@@PEBD1@Z 0000000140001db0 f   bspfile_abstract.obj
 0001:00000f00       ?ValueForKey@@YAPEBDPEBUentity_t@@PEBD@Z 0000000140001f00 f   bspfile_abstract.obj
 0001:00000f70       ?IntForKey@@YAHPEBUentity_t@@PEBD@Z 0000000140001f70 f   bspfile_abstract.obj
 0001:00000ff0       ?FloatForKey@@YAMPEBUentity_t@@PEBD@Z 0000000140001ff0 f   bspfile_abstract.obj
 0001:00001060       ?GetVectorForKey@@YAXPEBUentity_t@@PEBDQEAM@Z 0000000140002060 f   bspfile_abstract.obj
 0001:00001120       ?FindTargetEntity@@YAPEAUentity_t@@PEBD@Z 0000000140002120 f   bspfile_abstract.obj
 0001:000011f0       ?GetEntityShadowFlags@@YAXPEBUentity_t@@0PEAD1@Z 00000001400021f0 f   bspfile_abstract.obj
 0001:00002610       ?LoadIBSPFile@@YAXPEBD@Z   0000000140003610 f   bspfile_ibsp.obj
 0001:00002be0       ?WriteIBSPFile@@YAXPEBD@Z  0000000140003be0 f   bspfile_ibsp.obj
 0001:00003610       ?LoadRBSPFile@@YAXPEBD@Z   0000000140004610 f   bspfile_rbsp.obj
 0001:00003dd0       ?WriteRBSPFile@@YAXPEBD@Z  0000000140004dd0 f   bspfile_rbsp.obj
 0001:000044a0       ?AllocateDiskPage@@YAXPEAUdiskCache_t@@HH@Z 00000001400054a0 f   diskcache.obj
 0001:00004590       ?SelectDiskPage@@YAPEAUcachePage_s@@PEAUdiskCache_t@@H@Z 0000000140005590 f   diskcache.obj
 0001:00004630       ?DeselectDiskPage@@YAXPEAUdiskCache_t@@H@Z 0000000140005630 f   diskcache.obj
 0001:000047c0       ?PNGReadData@@YAXPEAUpng_struct_def@@PEAE_K@Z 00000001400057c0 f   image.obj
 0001:00004c00       ?ImageFind@@YAPEAUimage_s@@PEBD@Z 0000000140005c00 f   image.obj
 0001:00004cf0       ?ImageLoad@@YAPEAUimage_s@@PEBD@Z 0000000140005cf0 f   image.obj
 0001:00005580       ?FixAAS@@YAHHPEAPEAD@Z     0000000140006580 f   main.obj
 0001:00005810       ?AnalyzeBSP@@YAHHPEAPEAD@Z 0000000140006810 f   main.obj
 0001:00005c00       ?BSPInfo@@YAHHPEAPEAD@Z    0000000140006c00 f   main.obj
 0001:00005f40       ?ScaleBSPMain@@YAHHPEAPEAD@Z 0000000140006f40 f   main.obj
 0001:00006f00       ?ConvertBSPMain@@YAHHPEAPEAD@Z 0000000140007f00 f   main.obj
 0001:00007250       main                       0000000140008250 f   main.obj
 0001:00007890       ?LerpDrawVert@@YAXPEAUbspDrawVert_t@@00@Z 0000000140008890 f   mesh.obj
 0001:00007a50       ?LerpDrawVertAmount@@YAXPEAUbspDrawVert_t@@0M0@Z 0000000140008a50 f   mesh.obj
 0001:00007cc0       ?CopyMesh@@YAPEAUmesh_t@@PEAU1@@Z 0000000140008cc0 f   mesh.obj
 0001:00007d40       ?TransposeMesh@@YAPEAUmesh_t@@PEAU1@@Z 0000000140008d40 f   mesh.obj
 0001:00007e40       ?InvertMesh@@YAXPEAUmesh_t@@@Z 0000000140008e40 f   mesh.obj
 0001:00007f80       ?MakeMeshNormals@@YAXUmesh_t@@@Z 0000000140008f80 f   mesh.obj
 0001:00008510       ?PutMeshOnCurve@@YAXUmesh_t@@@Z 0000000140009510 f   mesh.obj
 0001:00008950       ?SubdivideMesh@@YAPEAUmesh_t@@U1@MM@Z 0000000140009950 f   mesh.obj
 0001:00009280       ?IterationsForCurve@@YAHMH@Z 000000014000a280 f   mesh.obj
 0001:00009300       ?SubdivideMesh2@@YAPEAUmesh_t@@U1@H@Z 000000014000a300 f   mesh.obj
 0001:00009850       ?RemoveLinearMeshColumnsRows@@YAPEAUmesh_t@@PEAU1@@Z 000000014000a850 f   mesh.obj
 0001:00009e40       ?PicoPrintFunc@@YAXHPEBD@Z 000000014000ae40 f   model.obj
 0001:00009ec0       ?PicoLoadFileFunc@@YAXPEADPEAPEAEPEAH@Z 000000014000aec0 f   model.obj
 0001:00009ee0       ?FindModel@@YAPEAUpicoModel_s@@PEBDH@Z 000000014000aee0 f   model.obj
 0001:00009fb0       ?LoadModel@@YAPEAUpicoModel_s@@PEBDH@Z 000000014000afb0 f   model.obj
 0001:0000a0b0       ?InsertModel@@YAXPEADHHQEAMMPEAUremap_s@@PEAUshaderInfo_s@@HDDHMHEHW4qboolean@@M@Z 000000014000b0b0 f   model.obj
 0001:0000b300       ?LoadTriangleModels@@YAXXZ 000000014000c300 f   model.obj
 0001:0000b530       ?AddTriangleModels@@YAXPEAUentity_t@@@Z 000000014000c530 f   model.obj
 0001:0000c6b0       ?TidyShaders@@YAXXZ        000000014000d6b0 f   optimize.obj
 0001:0000ce10       ?MergeDrawSurfaces@@YAXXZ  000000014000de10 f   optimize.obj
 0001:0000da40       ?MergeDrawVerts@@YAXXZ     000000014000ea40 f   optimize.obj
 0001:0000e4b0       ?WriteResourceOBJFile@@YAXPEBD@Z 000000014000f4b0 f   optimize.obj
 0001:0000ee00       ?OptimizeBSPMain@@YAHHPEAPEAD@Z 000000014000fe00 f   optimize.obj
 0001:0000f4b0       ?AllocateEntity@@YAPEAUentity_t@@PEAU1@@Z 00000001400104b0 f   patchbsp.obj
 0001:0000f530       ?FindMapEntityByUniqueKey@@YAPEAUentity_t@@PEBD@Z 0000000140010530 f   patchbsp.obj
 0001:0000f640       ?PatchEntities@@YAXXZ      0000000140010640 f   patchbsp.obj
 0001:0000fbc0       ?PatchBSPMain@@YAHHPEAPEAD@Z 0000000140010bc0 f   patchbsp.obj
 0001:00010190       ?GetGame@@YAPEAUgame_s@@PEAD@Z 0000000140011190 f   path_init.obj
 0001:000102e0       ?AddBasePath@@YAXPEAD@Z    00000001400112e0 f   path_init.obj
 0001:00010380       ?AddGamePath@@YAXPEAD@Z    0000000140011380 f   path_init.obj
 0001:00010420       ?InitPaths@@YAXPEAHPEAPEAD@Z 0000000140011420 f   path_init.obj
 0001:00010900       ?GetGamePath@@YA?AW4qboolean@@PEAD0@Z 0000000140011900 f   path_init.obj
 0001:00010b90       ?ColorModBuildRandomMatrix@@YAXXZ 0000000140011b90 f   shaders.obj
 0001:00010c40       ?ColorModRandom@@YAMQEAMM@Z 0000000140011c40 f   shaders.obj
 0001:00010f10       ?ColorMod@@YAXPEAUmapDrawSurface_s@@PEAUcolorMod_s@@PEAUbrush_s@@HH@Z 0000000140011f10 f   shaders.obj
 0001:000116a0       ?TCModMultiply@@YAXQEAY02M00@Z 00000001400126a0 f   shaders.obj
 0001:00011820       ?TCModRotate@@YAXQEAY02MM@Z 0000000140012820 f   shaders.obj
 0001:00011910       ?ApplySurfaceParm@@YA?AW4qboolean@@PEADPEAH11@Z 0000000140012910 f   shaders.obj
 0001:00011a60       ?BeginMapShaderFile@@YAXPEBD@Z 0000000140012a60 f   shaders.obj
 0001:00011bb0       ?WriteMapShaderFile@@YAXXZ 0000000140012bb0 f   shaders.obj
 0001:00011d30       ?CustomShader@@YAPEAUshaderInfo_s@@PEAU1@PEAD1@Z 0000000140012d30 f   shaders.obj
 0001:000123e0       ?FinishShader@@YAXPEAUshaderInfo_s@@@Z 00000001400133e0 f   shaders.obj
 0001:00012b20       ?ShaderInfoForShader@@YAPEAUshaderInfo_s@@PEBD@Z 0000000140013b20 f   shaders.obj
 0001:00012d20       ?GetTokenAppend@@YA?AW4qboolean@@PEADW41@@Z 0000000140013d20 f   shaders.obj
 0001:00012e20       ?Parse1DMatrixAppend@@YAXPEADHPEAM@Z 0000000140013e20 f   shaders.obj
 0001:00015830       ?LoadShaderInfo@@YAXXZ     0000000140016830 f   shaders.obj
 0001:00015b60       ?SetSurfaceExtra@@YAXPEAUmapDrawSurface_s@@H@Z 0000000140016b60 f   surface_extra.obj
 0001:00015c10       ?WriteSurfaceExtraFile@@YAXPEBD@Z 0000000140016c10 f   surface_extra.obj
 0001:00015fa0       ?LoadSurfaceExtraFile@@YAXPEBD@Z 0000000140016fa0 f   surface_extra.obj
 0001:00016470       ?safe_malloc_f@@YAPEAX_K@Z 0000000140017470 f   cmdlib.obj
 0001:000164b0       ?safe_malloc_log@@YAPEAX_KPEBDH@Z 00000001400174b0 f   cmdlib.obj
 0001:00016600       ?safe_malloc_logend@@YAXXZ 0000000140017600 f   cmdlib.obj
 0001:000166a0       ?ExpandArg@@YAPEADPEBD@Z   00000001400176a0 f   cmdlib.obj
 0001:00016730       ?ExpandPath@@YAPEADPEBD@Z  0000000140017730 f   cmdlib.obj
 0001:000167a0       ?Q_getwd@@YAXPEAD@Z        00000001400177a0 f   cmdlib.obj
 0001:00016800       ?LoadFile@@YAHPEBDPEAPEAX@Z 0000000140017800 f   cmdlib.obj
 0001:000168f0       ?DefaultExtension@@YAXPEADPEBD@Z 00000001400178f0 f   cmdlib.obj
 0001:00016960       ?LBMRLEDecompress@@YAPEAEPEAE0H@Z 0000000140017960 f   imagelib.obj
 0001:00016a30       ?LoadLBM@@YAXPEBDPEAPEAE1@Z 0000000140017a30 f   imagelib.obj
 0001:00016e20       ?LoadPCX@@YAXPEBDPEAPEAE1PEAH2@Z 0000000140017e20 f   imagelib.obj
 0001:000170c0       ?LoadBMP@@YAXPEBDPEAPEAE1PEAH2@Z 00000001400180c0 f   imagelib.obj
 0001:000176e0       ?Load256Image@@YAXPEBDPEAPEAE1PEAH2@Z 00000001400186e0 f   imagelib.obj
 0001:000178f0       ?TargaError@@YAXPEAU_TargaHeader@@PEBD@Z 00000001400188f0 f   imagelib.obj
 0001:000179a0       ?LoadTGABuffer@@YAXPEBE0PEAPEAEPEAH2@Z 00000001400189a0 f   imagelib.obj
 0001:00018070       ?LoadTGA@@YAXPEBDPEAPEAEPEAH2@Z 0000000140019070 f   imagelib.obj
 0001:00018100       ?WriteTGA@@YAXPEBDPEAEHH@Z 0000000140019100 f   imagelib.obj
 0001:00018210       ?Load32BitImage@@YAXPEBDPEAPEAIPEAH2@Z 0000000140019210 f   imagelib.obj
 0001:000183c0       ?xml_SendNode@@YAXPEAU_xmlNode@@@Z 00000001400193c0 f   inout.obj
 0001:000184e0       ?xml_Select@@YAXPEADHHW4qboolean@@@Z 00000001400194e0 f   inout.obj
 0001:00018620       ?xml_Winding@@YAXPEADQEAY02MHW4qboolean@@@Z 0000000140019620 f   inout.obj
 0001:000187c0       ?Broadcast_Shutdown@@YAXXZ 00000001400197c0 f   inout.obj
 0001:00018800       ?Sys_FPrintf@@YAXHPEBDZZ   0000000140019800 f   inout.obj
 0001:00018930       ?Sys_Printf@@YAXPEBDZZ     0000000140019930 f   inout.obj
 0001:00018a30       ?Error@@YAXPEBDZZ          0000000140019a30 f   inout.obj
 0001:00018b80       ?MD4Update@@YAXPEAUMD4_CTX_s@@PEAEI@Z 0000000140019b80 f   md4.obj
 0001:00018c50       ?MD4Final@@YAXQEAEPEAUMD4_CTX_s@@@Z 0000000140019c50 f   md4.obj
 0001:00019300       ?AllocWinding@@YAPEAUwinding_t@@H@Z 000000014001a300 f   polylib.obj
 0001:000193a0       ?FreeWinding@@YAXPEAUwinding_t@@@Z 000000014001a3a0 f   polylib.obj
 0001:000193e0       ?WindingArea@@YAMPEAUwinding_t@@@Z 000000014001a3e0 f   polylib.obj
 0001:00019540       ?BaseWindingForPlane@@YAPEAUwinding_t@@QEAMM@Z 000000014001a540 f   polylib.obj
 0001:000198a0       ?ReverseWinding@@YAPEAUwinding_t@@PEAU1@@Z 000000014001a8a0 f   polylib.obj
 0001:000199b0       ?ClipWindingEpsilon@@YAXPEAUwinding_t@@QEAMMMPEAPEAU1@2@Z 000000014001a9b0 f   polylib.obj
 0001:00019e30       ?ChopWindingInPlace@@YAXPEAPEAUwinding_t@@QEAMMM@Z 000000014001ae30 f   polylib.obj
 0001:0001a1f0       ?WindingOnPlaneSide@@YAHPEAUwinding_t@@QEAMM@Z 000000014001b1f0 f   polylib.obj
 0001:0001a310       ?AddWindingToConvexHull@@YAXPEAUwinding_t@@PEAPEAU1@QEAM@Z 000000014001b310 f   polylib.obj
 0001:0001a960       ?AddScriptToStack@@YAXPEBDH@Z 000000014001b960 f   scriplib.obj
 0001:0001aa60       ?EndOfScript@@YA?AW4qboolean@@W41@@Z 000000014001ba60 f   scriplib.obj
 0001:0001ab40       ?GetToken@@YA?AW4qboolean@@W41@@Z 000000014001bb40 f   scriplib.obj
 0001:0001ae70       ?TokenAvailable@@YA?AW4qboolean@@XZ 000000014001be70 f   scriplib.obj
 0001:0001aeb0       ?MatchToken@@YAXPEAD@Z     000000014001beb0 f   scriplib.obj
 0001:0001af10       ?Parse1DMatrix@@YAXHPEAM@Z 000000014001bf10 f   scriplib.obj
 0001:0001b000       ?Parse2DMatrix@@YAXHHPEAM@Z 000000014001c000 f   scriplib.obj
 0001:0001b0d0       ?GetThreadWork@@YAHXZ      000000014001c0d0 f   threads.obj
 0001:0001b210       ?ThreadWorkerFunction@@YAXH@Z 000000014001c210 f   threads.obj
 0001:0001b240       ?RunThreadsOnIndividual@@YAXHW4qboolean@@P6AXH@Z@Z 000000014001c240 f   threads.obj
 0001:0001b2c0       ?RunThreadsOn@@YAXHW4qboolean@@P6AXH@Z@Z 000000014001c2c0 f   threads.obj
 0001:0001b580       ?unzOpen@@YAPEAXPEBD@Z     000000014001c580 f   unzip.obj
 0001:0001bb30       ?unzGoToFirstFile@@YAHPEAX@Z 000000014001cb30 f   unzip.obj
 0001:0001bb90       ?unzGoToNextFile@@YAHPEAX@Z 000000014001cb90 f   unzip.obj
 0001:0001be10       ?unzOpenCurrentFile@@YAHPEAX@Z 000000014001ce10 f   unzip.obj
 0001:0001bf90       ?unzReadCurrentFile@@YAHPEAX0I@Z 000000014001cf90 f   unzip.obj
 0001:0001c1c0       ?unzCloseCurrentFile@@YAHPEAX@Z 000000014001d1c0 f   unzip.obj
 0001:0001c270       ?crc32@@YAKKPEBEI@Z        000000014001d270 f   unzip.obj
 0001:0001c3c0       ?inflate_blocks_reset@@YAXPEAUinflate_blocks_state@@PEAUz_stream_s@@PEAK@Z 000000014001d3c0 f   unzip.obj
 0001:0001c440       ?inflate_blocks_new@@YAPEAUinflate_blocks_state@@PEAUz_stream_s@@P6AKKPEBEI@ZI@Z 000000014001d440 f   unzip.obj
 0001:0001c520       ?inflate_blocks@@YAHPEAUinflate_blocks_state@@PEAUz_stream_s@@H@Z 000000014001d520 f   unzip.obj
 0001:0001d100       ?inflate_blocks_free@@YAHPEAUinflate_blocks_state@@PEAUz_stream_s@@@Z 000000014001e100 f   unzip.obj
 0001:0001d1a0       ?inflate_flush@@YAHPEAUinflate_blocks_state@@PEAUz_stream_s@@H@Z 000000014001e1a0 f   unzip.obj
 0001:0001d7c0       ?inflate_trees_bits@@YAHPEAI0PEAPEAUinflate_huft_s@@PEAU1@PEAUz_stream_s@@@Z 000000014001e7c0 f   unzip.obj
 0001:0001d8a0       ?inflate_fast@@YAHIIPEAUinflate_huft_s@@0PEAUinflate_blocks_state@@PEAUz_stream_s@@@Z 000000014001e8a0 f   unzip.obj
 0001:0001dc30       ?inflate_codes_new@@YAPEAUinflate_codes_state@@IIPEAUinflate_huft_s@@0PEAUz_stream_s@@@Z 000000014001ec30 f   unzip.obj
 0001:0001dca0       ?inflate_codes@@YAHPEAUinflate_blocks_state@@PEAUz_stream_s@@H@Z 000000014001eca0 f   unzip.obj
 0001:0001e2a0       ?adler32@@YAKKPEBEI@Z      000000014001f2a0 f   unzip.obj
 0001:0001e410       ?inflateReset@@YAHPEAUz_stream_s@@@Z 000000014001f410 f   unzip.obj
 0001:0001e4d0       ?inflateEnd@@YAHPEAUz_stream_s@@@Z 000000014001f4d0 f   unzip.obj
 0001:0001e530       ?inflateInit2_@@YAHPEAUz_stream_s@@HPEBDH@Z 000000014001f530 f   unzip.obj
 0001:0001e620       ?inflate@@YAHPEAUz_stream_s@@H@Z 000000014001f620 f   unzip.obj
 0001:0001eaa0       ?zcalloc@@YAPEAEPEAEII@Z   000000014001faa0 f   unzip.obj
 0001:0001eac0       ?zcfree@@YAXPEAE0@Z        000000014001fac0 f   unzip.obj
 0001:0001ec60       ?vfsInitDirectory@@YAXPEBD@Z 000000014001fc60 f   vfs.obj
 0001:0001ee30       ?vfsGetFileCount@@YAHPEBD@Z 000000014001fe30 f   vfs.obj
 0001:0001efb0       ?vfsLoadFile@@YAHPEBDPEAPEAXH@Z 000000014001ffb0 f   vfs.obj
 0001:0001f300       ?AllocSideRef@@YAPEAUsideRef_s@@PEAUside_s@@PEAU1@@Z 0000000140020300 f   brush.obj
 0001:0001f350       ?AllocBrush@@YAPEAUbrush_s@@H@Z 0000000140020350 f   brush.obj
 0001:0001f3d0       ?FreeBrush@@YAXPEAUbrush_s@@@Z 00000001400203d0 f   brush.obj
 0001:0001f4c0       ?CopyBrush@@YAPEAUbrush_s@@PEAU1@@Z 00000001400204c0 f   brush.obj
 0001:0001f590       ?BoundBrush@@YA?AW4qboolean@@PEAUbrush_s@@@Z 0000000140020590 f   brush.obj
 0001:0001f680       ?SnapWeldVector@@YAXQEAM00@Z 0000000140020680 f   brush.obj
 0001:0001f7c0       ?FixWinding@@YA?AW4qboolean@@PEAUwinding_t@@@Z 00000001400207c0 f   brush.obj
 0001:0001f930       ?CreateBrushWindings@@YA?AW4qboolean@@PEAUbrush_s@@@Z 0000000140020930 f   brush.obj
 0001:0001fa90       ?BrushVolume@@YAMPEAUbrush_s@@@Z 0000000140020a90 f   brush.obj
 0001:0001fbc0       ?WriteBSPBrushMap@@YAXPEADPEAUbrush_s@@@Z 0000000140020bc0 f   brush.obj
 0001:0001fda0       ?FilterBrushIntoTree_r@@YAHPEAUbrush_s@@PEAUnode_s@@@Z 0000000140020da0 f   brush.obj
 0001:0001fe70       ?FilterDetailBrushesIntoTree@@YAXPEAUentity_t@@PEAUtree_t@@@Z 0000000140020e70 f   brush.obj
 0001:0001ff40       ?FilterStructuralBrushesIntoTree@@YAXPEAUentity_t@@PEAUtree_t@@@Z 0000000140020f40 f   brush.obj
 0001:00020010       ?WindingIsTiny@@YA?AW4qboolean@@PEAUwinding_t@@@Z 0000000140021010 f   brush.obj
 0001:000200f0       ?BrushMostlyOnSide@@YAHPEAUbrush_s@@PEAUplane_s@@@Z 00000001400210f0 f   brush.obj
 0001:00020370       ?SplitBrush@@YAXPEAUbrush_s@@HPEAPEAU1@1@Z 0000000140021370 f   brush.obj
 0001:00020b20       ?ComputeAxisBase@@YAXQEAM00@Z 0000000140021b20 f   brush_primit.obj
 0001:00020c80       ?SetCloneModelNumbers@@YAXXZ 0000000140021c80 f   bsp.obj
 0001:000210c0       ?ProcessWorldModel@@YAXXZ  00000001400220c0 f   bsp.obj
 0001:00021c70       ?ProcessSubModel@@YAXXZ    0000000140022c70 f   bsp.obj
 0001:00021f00       ?ProcessModels@@YAXXZ      0000000140022f00 f   bsp.obj
 0001:000220e0       ?BSPMain@@YAHHPEAPEAD@Z    00000001400230e0 f   bsp.obj
 0001:000240d0       ?ProcessDecals@@YAXXZ      00000001400250d0 f   decals.obj
 0001:000255a0       ?MakeEntityDecals@@YAXPEAUentity_t@@@Z 00000001400265a0 f   decals.obj
 0001:00025950       ?FreeNode@@YAXPEAUdnode_s@@@Z 0000000140026950 f   decorations.obj
 0001:000259c0       ?FreeNodesArray@@YAXPEAUdnode_s@@H@Z 00000001400269c0 f   decorations.obj
 0001:00025ac0       ?EntityArrayAdd@@YAXPEAUdgroupents_s@@PEAUentity_t@@@Z 0000000140026ac0 f   decorations.obj
 0001:00025b80       ?NewDecoreGroup@@YAPEAUdgroup_s@@PEADW4decoreMatchParm_t@@@Z 0000000140026b80 f   decorations.obj
 0001:00025ca0       ?PopulateDecoreGroup@@YA?AW4qboolean@@PEAUentity_t@@W4decoreMatchParm_t@@PEAD@Z 0000000140026ca0 f   decorations.obj
 0001:00025da0       ?DecoreParseActions@@YAXPEAUdactions_s@@@Z 0000000140026da0 f   decorations.obj
 0001:000263e0       ?EntityPopulateDecorationGroups@@YAXH@Z 00000001400273e0 f   decorations.obj
 0001:00026450       ?LoadDecorationScript@@YAXXZ 0000000140027450 f   decorations.obj
 0001:00026c90       ?EntityProcessActions@@YAXPEAUentity_t@@PEAUdactions_s@@@Z 0000000140027c90 f   decorations.obj
 0001:00026e60       ?ImportRtlights@@YAXXZ     0000000140027e60 f   decorations.obj
 0001:00027820       ?ProcessDecorationGroup@@YAXH@Z 0000000140028820 f   decorations.obj
 0001:00028120       ?ProcessDecorations@@YAXXZ 0000000140029120 f   decorations.obj
 0001:00028560       ?BuildFaceTree_r@@YAXPEAUnode_s@@PEAUface_s@@@Z 0000000140029560 f   facebsp.obj
 0001:00028930       ?FaceBSP@@YAPEAUtree_t@@PEAUface_s@@@Z 0000000140029930 f   facebsp.obj
 0001:00028ad0       ?MakeStructuralBSPFaceList@@YAPEAUface_s@@PEAUbrush_s@@@Z 0000000140029ad0 f   facebsp.obj
 0001:00028c30       ?MakeVisibleBSPFaceList@@YAPEAUface_s@@PEAUbrush_s@@@Z 0000000140029c30 f   facebsp.obj
 0001:00028d90       ?DrawSurfToMesh@@YAPEAUmesh_t@@PEAUmapDrawSurface_s@@@Z 0000000140029d90 f   fog.obj
 0001:00028e30       ?SplitMeshByPlane@@YAXPEAUmesh_t@@QEAMMPEAPEAU1@2@Z 0000000140029e30 f   fog.obj
 0001:000295d0       ?ChopPatchSurfaceByBrush@@YA?AW4qboolean@@PEAUentity_t@@PEAUmapDrawSurface_s@@PEAUbrush_s@@@Z 000000014002a5d0 f   fog.obj
 0001:00029830       ?WindingFromDrawSurf@@YAPEAUwinding_t@@PEAUmapDrawSurface_s@@@Z 000000014002a830 f   fog.obj
 0001:00029a70       ?ChopFaceSurfaceByBrush@@YA?AW4qboolean@@PEAUentity_t@@PEAUmapDrawSurface_s@@PEAUbrush_s@@@Z 000000014002aa70 f   fog.obj
 0001:00029dd0       ?FogDrawSurfaces@@YAXPEAUentity_t@@@Z 000000014002add0 f   fog.obj
 0001:00029fe0       ?FogForBounds@@YAHQEAM0M@Z 000000014002afe0 f   fog.obj
 0001:0002a160       ?CreateMapFogs@@YAXXZ      000000014002b160 f   fog.obj
 0001:0002a4a0       ?LeakFile@@YAPEAU_xmlNode@@PEAUtree_t@@@Z 000000014002b4a0 f   leakfile.obj
 0001:0002a920       ?CreateNewFloatPlane@@YAHQEAMM@Z 000000014002b920 f   map.obj
 0001:0002ab10       ?SnapNormal@@YAXQEAM@Z     000000014002bb10 f   map.obj
 0001:0002abb0       ?FindFloatPlane@@YAHQEAMMHPEAY02M@Z 000000014002bbb0 f   map.obj
 0001:0002af00       ?MapPlaneFromPoints@@YAHPEAY02M@Z 000000014002bf00 f   map.obj
 0001:0002aff0       ?SetBrushContents@@YAXPEAUbrush_s@@@Z 000000014002bff0 f   map.obj
 0001:0002b130       ?AddBrushBevels@@YAXXZ     000000014002c130 f   map.obj
 0001:0002be80       ?FinishBrush@@YAPEAUbrush_s@@XZ 000000014002ce80 f   map.obj
 0001:0002c0a0       ?TextureAxisFromPlane@@YAXPEAUplane_s@@QEAM1@Z 000000014002d0a0 f   map.obj
 0001:0002c270       ?QuakeTextureVecs@@YAXPEAUplane_s@@QEAMM1QEAY03M@Z 000000014002d270 f   map.obj
 0001:0002cb20       ?RemoveDuplicateBrushPlanes@@YA?AW4qboolean@@PEAUbrush_s@@@Z 000000014002db20 f   map.obj
 0001:0002d040       ?MoveBrushesToWorld@@YAXPEAUentity_t@@@Z 000000014002e040 f   map.obj
 0001:0002d140       ?AdjustBrushesForOrigin@@YAXPEAUentity_t@@@Z 000000014002e140 f   map.obj
 0001:0002d290       ?SetEntityBounds@@YAXPEAUentity_t@@@Z 000000014002e290 f   map.obj
 0001:0002d620       ?LoadEntityIndexMap@@YAXPEAUentity_t@@@Z 000000014002e620 f   map.obj
 0001:0002e320       ?LoadMapFile@@YAXPEADW4qboolean@@1@Z 000000014002f320 f   map.obj
 0001:0002f230       ?ParsePatch@@YAXW4qboolean@@@Z 0000000140030230 f   patch.obj
 0001:0002fa10       ?PatchMapDrawSurfs@@YAXPEAUentity_t@@@Z 0000000140030a10 f   patch.obj
 0001:0002ffd0       ?MakeHeadnodePortals@@YAXPEAUtree_t@@@Z 0000000140030fd0 f   portals.obj
 0001:000302d0       ?BaseWindingForNode@@YAPEAUwinding_t@@PEAUnode_s@@@Z 00000001400312d0 f   portals.obj
 0001:000303e0       ?MakeNodePortal@@YAXPEAUnode_s@@@Z 00000001400313e0 f   portals.obj
 0001:00030620       ?SplitNodePortals@@YAXPEAUnode_s@@@Z 0000000140031620 f   portals.obj
 0001:00030d90       ?CalcNodeBounds@@YAXPEAUnode_s@@@Z 0000000140031d90 f   portals.obj
 0001:00030e20       ?MakeTreePortals_r@@YAXPEAUnode_s@@@Z 0000000140031e20 f   portals.obj
 0001:00030f40       ?FloodPortals_r@@YAXPEAUnode_s@@HW4qboolean@@@Z 0000000140031f40 f   portals.obj
 0001:00030fe0       ?FloodEntities@@YA?AW4qboolean@@PEAUtree_t@@@Z 0000000140031fe0 f   portals.obj
 0001:000315b0       ?FloodAreas_r@@YAXPEAUnode_s@@@Z 00000001400325b0 f   portals.obj
 0001:000316f0       ?FindAreas_r@@YAXPEAUnode_s@@@Z 00000001400326f0 f   portals.obj
 0001:00031740       ?FloodSkyboxArea_r@@YAXPEAUnode_s@@@Z 0000000140032740 f   portals.obj
 0001:00031790       ?FloodAreas@@YAXPEAUtree_t@@@Z 0000000140032790 f   portals.obj
 0001:00031840       ?FillOutside_r@@YAXPEAUnode_s@@@Z 0000000140032840 f   portals.obj
 0001:000318a0       ?FillOutside@@YAXPEAUnode_s@@@Z 00000001400328a0 f   portals.obj
 0001:00031960       ?WriteFloat@@YAXPEAU_iobuf@@M@Z 0000000140032960 f   prtfile.obj
 0001:000319f0       ?WritePortalFile_r@@YAXPEAUnode_s@@@Z 00000001400329f0 f   prtfile.obj
 0001:00031d10       ?WriteFaceFile_r@@YAXPEAUnode_s@@@Z 0000000140032d10 f   prtfile.obj
 0001:00031f50       ?NumberLeafs_r@@YAXPEAUnode_s@@@Z 0000000140032f50 f   prtfile.obj
 0001:00032080       ?NumberClusters@@YAXPEAUtree_t@@@Z 0000000140033080 f   prtfile.obj
 0001:00032100       ?WritePortalFile@@YAXPEAUtree_t@@@Z 0000000140033100 f   prtfile.obj
 0001:00032200       ?AllocDrawSurface@@YAPEAUmapDrawSurface_s@@W4surfaceType_t@@@Z 0000000140033200 f   surface.obj
 0001:000322b0       ?FinishSurface@@YAXPEAUmapDrawSurface_s@@@Z 00000001400332b0 f   surface.obj
 0001:00032370       ?CloneSurface@@YAPEAUmapDrawSurface_s@@PEAU1@PEAUshaderInfo_s@@@Z 0000000140033370 f   surface.obj
 0001:00032470       ?MakeSkyboxSurface@@YAPEAUmapDrawSurface_s@@PEAU1@@Z 0000000140033470 f   surface.obj
 0001:000324f0       ?IsTriangleDegenerate@@YA?AW4qboolean@@PEAUbspDrawVert_t@@HHH@Z 00000001400334f0 f   surface.obj
 0001:000325e0       ?ClearSurface@@YAXPEAUmapDrawSurface_s@@@Z 00000001400335e0 f   surface.obj
 0001:00032640       ?TidyEntitySurfaces@@YAXPEAUentity_t@@@Z 0000000140033640 f   surface.obj
 0001:000327c0       ?CalcSurfaceTextureRange@@YA?AW4qboolean@@PEAUmapDrawSurface_s@@@Z 00000001400337c0 f   surface.obj
 0001:00032a20       ?CalcLightmapAxis@@YA?AW4qboolean@@QEAM0@Z 0000000140033a20 f   surface.obj
 0001:00032b30       ?ClassifySurfaces@@YAXHPEAUmapDrawSurface_s@@@Z 0000000140033b30 f   surface.obj
 0001:00032fd0       ?ClassifyEntitySurfaces@@YAXPEAUentity_t@@@Z 0000000140033fd0 f   surface.obj
 0001:00033050       ?GetShaderIndexForPoint@@YAEPEAUindexMap_s@@QEAM11@Z 0000000140034050 f   surface.obj
 0001:00033140       ?GetIndexedShader@@YAPEAUshaderInfo_s@@PEAU1@PEAUindexMap_s@@HPEAE@Z 0000000140034140 f   surface.obj
 0001:00033390       ?DrawSurfaceForSide@@YAPEAUmapDrawSurface_s@@PEAUentity_t@@PEAUbrush_s@@PEAUside_s@@PEAUwinding_t@@@Z 0000000140034390 f   surface.obj
 0001:00033dc0       ?DrawSurfaceForMesh@@YAPEAUmapDrawSurface_s@@PEAUentity_t@@PEAUparseMesh_s@@PEAUmesh_t@@@Z 0000000140034dc0 f   surface.obj
 0001:00034890       ?DrawSurfaceForFlare@@YAPEAUmapDrawSurface_s@@HQEAM00PEADH@Z 0000000140035890 f   surface.obj
 0001:00034de0       ?SubdivideFaceSurfaces@@YAXPEAUentity_t@@PEAUtree_t@@@Z 0000000140035de0 f   surface.obj
 0001:00035140       ?ClipSideIntoTree_r@@YAXPEAUwinding_t@@PEAUside_s@@PEAUnode_s@@@Z 0000000140036140 f   surface.obj
 0001:00035250       ?SideInBrush@@YA?AW4qboolean@@PEAUside_s@@PEAUbrush_s@@@Z 0000000140036250 f   surface.obj
 0001:00035340       ?CullSides@@YAXPEAUentity_t@@@Z 0000000140036340 f   surface.obj
 0001:00035960       ?ClipSidesIntoTree@@YAXPEAUentity_t@@PEAUtree_t@@@Z 0000000140036960 f   surface.obj
 0001:00035b10       ?AddReferenceToLeaf@@YAHPEAUmapDrawSurface_s@@PEAUnode_s@@@Z 0000000140036b10 f   surface.obj
 0001:00035bc0       ?AddReferenceToTree_r@@YAHPEAUmapDrawSurface_s@@PEAUnode_s@@W4qboolean@@@Z 0000000140036bc0 f   surface.obj
 0001:00035c90       ?FilterPointIntoTree_r@@YAHQEAMPEAUmapDrawSurface_s@@PEAUnode_s@@@Z 0000000140036c90 f   surface.obj
 0001:00035d70       ?FilterWindingIntoTree_r@@YAHPEAUwinding_t@@PEAUmapDrawSurface_s@@PEAUnode_s@@@Z 0000000140036d70 f   surface.obj
 0001:00036b80       ?EmitDrawVerts@@YAXPEAUmapDrawSurface_s@@PEAUbspDrawSurface_t@@@Z 0000000140037b80 f   surface.obj
 0001:00036d80       ?FindDrawIndexes@@YAHHPEAH@Z 0000000140037d80 f   surface.obj
 0001:00036ee0       ?EmitDrawIndexes@@YAXPEAUmapDrawSurface_s@@PEAUbspDrawSurface_t@@@Z 0000000140037ee0 f   surface.obj
 0001:00036fc0       ?EmitFlareSurface@@YAXPEAUmapDrawSurface_s@@@Z 0000000140037fc0 f   surface.obj
 0001:00037100       ?EmitPatchSurface@@YAXPEAUentity_t@@PEAUmapDrawSurface_s@@@Z 0000000140038100 f   surface.obj
 0001:00038380       ?MakeFogHullSurfs@@YAXPEAUentity_t@@PEAUtree_t@@PEAD@Z 0000000140039380 f   surface.obj
 0001:00038750       ?AddSurfaceModelsToTriangle_r@@YAHPEAUmapDrawSurface_s@@PEAUsurfaceModel_s@@PEAPEAUbspDrawVert_t@@@Z 0000000140039750 f   surface.obj
 0001:00038d40       ?AddSurfaceModels@@YAHPEAUmapDrawSurface_s@@@Z 0000000140039d40 f   surface.obj
 0001:00039770       ?FixDrawsurfVertexAlpha@@YAXH@Z 000000014003a770 f   surface.obj
 0001:00039df0       ?FixVertexAlpha@@YAXPEAUentity_t@@W4qboolean@@@Z 000000014003adf0 f   surface.obj
 0001:00039f60       ?ApplyVertexMods@@YAXPEAUentity_t@@W4qboolean@@@Z 000000014003af60 f   surface.obj
 0001:0003a1a0       ?FilterDrawsurfsIntoTree@@YAXPEAUentity_t@@PEAUtree_t@@W4qboolean@@@Z 000000014003b1a0 f   surface.obj
 0001:0003a760       ?EmitDrawsurfsStats@@YAXXZ 000000014003b760 f   surface.obj
 0001:0003aca0       ?Foliage@@YAXPEAUmapDrawSurface_s@@@Z 000000014003bca0 f   surface_foliage.obj
 0001:0003b2a0       ?Fur@@YAXPEAUmapDrawSurface_s@@@Z 000000014003c2a0 f   surface_fur.obj
 0001:0003b6b0       ?FindMetaTriangle@@YAHPEAUmetaTriangle_s@@PEAUbspDrawVert_t@@11H@Z 000000014003c6b0 f   surface_meta.obj
 0001:0003bb90       ?TriangulatePatchSurface@@YAXPEAUentity_t@@PEAUmapDrawSurface_s@@@Z 000000014003cb90 f   surface_meta.obj
 0001:0003c0b0       ?FanFaceSurface@@YAXPEAUmapDrawSurface_s@@@Z 000000014003d0b0 f   surface_meta.obj
 0001:0003c470       ?StripFaceSurface@@YAXPEAUmapDrawSurface_s@@@Z 000000014003d470 f   surface_meta.obj
 0001:0003c780       ?EmitMetaStats@@YAXXZ      000000014003d780 f   surface_meta.obj
 0001:0003c830       ?MakeEntityMetaTriangles@@YAXPEAUentity_t@@@Z 000000014003d830 f   surface_meta.obj
 0001:0003ca40       ?SmoothMetaTriangles@@YAXXZ 000000014003da40 f   surface_meta.obj
 0001:0003d410       ?AddMetaVertToSurface@@YAHPEAUmapDrawSurface_s@@PEAUbspDrawVert_t@@PEAH@Z 000000014003e410 f   surface_meta.obj
 0001:0003e090       ?MergeMetaTriangles@@YAXXZ 000000014003f090 f   surface_meta.obj
 0001:0003e230       ?InsertPointOnEdge@@YAXQEAMPEAUedgeLine_s@@@Z 000000014003f230 f   tjunction.obj
 0001:0003e360       ?AddEdge@@YAHQEAM0W4qboolean@@@Z 000000014003f360 f   tjunction.obj
 0001:0003e820       ?AddSurfaceEdges@@YAXPEAUmapDrawSurface_s@@@Z 000000014003f820 f   tjunction.obj
 0001:0003e8b0       ?ColinearEdge@@YA?AW4qboolean@@QEAM00@Z 000000014003f8b0 f   tjunction.obj
 0001:0003e9d0       ?AddPatchEdges@@YAXPEAUmapDrawSurface_s@@@Z 000000014003f9d0 f   tjunction.obj
 0001:0003eba0       ?FixSurfaceJunctions@@YAXPEAUmapDrawSurface_s@@@Z 000000014003fba0 f   tjunction.obj
 0001:0003f170       ?FixBrokenSurface@@YA?AW4qboolean@@PEAUmapDrawSurface_s@@@Z 0000000140040170 f   tjunction.obj
 0001:0003f4c0       ?EdgeCompare@@YAHPEBX0@Z   00000001400404c0 f   tjunction.obj
 0001:0003f4d0       ?FixTJunctions@@YAXPEAUentity_t@@@Z 00000001400404d0 f   tjunction.obj
 0001:0003f790       ?FreeTreePortals_r@@YAXPEAUnode_s@@@Z 0000000140040790 f   tree.obj
 0001:0003f920       ?FreeTree_r@@YAXPEAUnode_s@@@Z 0000000140040920 f   tree.obj
 0001:0003f980       ?FreeTree@@YAXPEAUtree_t@@@Z 0000000140040980 f   tree.obj
 0001:0003fa00       ?EmitShader@@YAHPEBDPEAH1@Z 0000000140040a00 f   writebsp.obj
 0001:0003fb70       ?EmitPlanes@@YAXXZ         0000000140040b70 f   writebsp.obj
 0001:0003fcc0       ?EmitLeaf@@YAXPEAUnode_s@@@Z 0000000140040cc0 f   writebsp.obj
 0001:0003fe20       ?EmitDrawNode_r@@YAHPEAUnode_s@@@Z 0000000140040e20 f   writebsp.obj
 0001:0003ff50       ?SetModelNumbers@@YAXXZ    0000000140040f50 f   writebsp.obj
 0001:0003fff0       ?SetLightStyles@@YAXXZ     0000000140040ff0 f   writebsp.obj
 0001:00040340       ?EndBSPFile@@YAXXZ         0000000140041340 f   writebsp.obj
 0001:00040430       ?EmitBrushes@@YAXPEAUbrush_s@@PEAH1@Z 0000000140041430 f   writebsp.obj
 0001:00040730       ?EmitFogs@@YAXXZ           0000000140041730 f   writebsp.obj
 0001:00040850       ?BeginModel@@YAXXZ         0000000140041850 f   writebsp.obj
 0001:00040bb0       ?EndModel@@YAXPEAUentity_t@@PEAUnode_s@@@Z 0000000140041bb0 f   writebsp.obj
 0001:000411b0       ?CreateEntityLights@@YAXXZ 00000001400421b0 f   light.obj
 0001:00041fc0       ?CreateSurfaceLights@@YAXXZ 0000000140042fc0 f   light.obj
 0001:00042330       ?SetEntityOrigins@@YAXXZ   0000000140043330 f   light.obj
 0001:000425b0       ?PointToPolygonFormFactor@@YAMQEBM0PEBUwinding_t@@@Z 00000001400435b0 f   light.obj
 0001:00042870       ?LightContribution@@YAHPEAUtrace_t@@HW4qboolean@@@Z 0000000140043870 f   light.obj
 0001:00043000       ?LightContributionAllStyles@@YAXPEAUtrace_t@@QEAEQEAY02MHW4qboolean@@@Z 0000000140044000 f   light.obj
 0001:000432a0       ?TraceGrid@@YAXH@Z         00000001400442a0 f   light.obj
 0001:00043bc0       ?SetupGrid@@YAXXZ          0000000140044bc0 f   light.obj
 0001:00044010       ?LightWorld@@YAXXZ         0000000140045010 f   light.obj
 0001:00044e10       ?LightMain@@YAHHPEAPEAD@Z  0000000140045e10 f   light.obj
 0001:000470d0       ?RadFreeLights@@YAXXZ      00000001400480d0 f   light_bounce.obj
 0001:000475d0       ?RadSampleImage@@YA?AW4qboolean@@PEAEHHQEAM1@Z 00000001400485d0 f   light_bounce.obj
 0001:000487a0       ?RadLightForTriangles@@YAXHHPEAUrawLightmap_s@@PEAUshaderInfo_s@@MMPEAUclipWork_t@@@Z 00000001400497a0 f   light_bounce.obj
 0001:000489f0       ?RadLightForPatch@@YAXHHPEAUrawLightmap_s@@PEAUshaderInfo_s@@MMPEAUclipWork_t@@@Z 00000001400499f0 f   light_bounce.obj
 0001:00048fc0       ?RadLight@@YAXH@Z          0000000140049fc0 f   light_bounce.obj
 0001:000491f0       ?RadCreateDiffuseLights@@YAXXZ 000000014004a1f0 f   light_bounce.obj
 0001:00049ac0       ?ClipTraceWinding@@YAXPEAUtraceWinding_s@@QEAM00@Z 000000014004aac0 f   light_trace.obj
 0001:0004bb60       ?SetupTraceNodes@@YAXXZ    000000014004cb60 f   light_trace.obj
 0001:0004bd90       ?TraceTriangle@@YA?AW4qboolean@@PEAUtraceInfo_s@@PEAUtraceTriangle_s@@PEAUtrace_t@@@Z 000000014004cd90 f   light_trace.obj
 0001:0004c740       ?TraceLine@@YAXPEAUtrace_t@@@Z 000000014004d740 f   light_trace.obj
 0001:0004c920       ?SetupTrace@@YAMPEAUtrace_t@@@Z 000000014004d920 f   light_trace.obj
 0001:0004c9a0       ?ColorToBytes@@YAXPEBMPEAEM@Z 000000014004d9a0 f   light_ydnar.obj
 0001:0004cbd0       ?SmoothNormals@@YAXXZ      000000014004dbd0 f   light_ydnar.obj
 0001:0004f0d0       ?MapRawLightmap@@YAXH@Z    00000001400500d0 f   light_ydnar.obj
 0001:0004fec0       ?EnableDirtForEntity@@YAXH@Z 0000000140050ec0 f   light_ydnar.obj
 0001:0004ff60       ?SetupDirtForEntity@@YAXH@Z 0000000140050f60 f   light_ydnar.obj
 0001:000506f0       ?SetupDirt@@YAXXZ          00000001400516f0 f   light_ydnar.obj
 0001:000509a0       ?DirtForSample@@YAMPEAUtrace_t@@H@Z 00000001400519a0 f   light_ydnar.obj
 0001:000512a0       ?DirtyRawLightmap@@YAXH@Z  00000001400522a0 f   light_ydnar.obj
 0001:00051930       ?ApplyDirt@@YAXPEAM000HMM@Z 0000000140052930 f   light_ydnar.obj
 0001:00051ef0       ?SkyLightAmbientIlluminateLightmap@@YAXPEAUrawLightmap_s@@@Z 0000000140052ef0 f   light_ydnar.obj
 0001:00052c70       ?IlluminateRawLightmap@@YAXH@Z 0000000140053c70 f   light_ydnar.obj
 0001:00054b50       ?IlluminateVertexes@@YAXH@Z 0000000140055b50 f   light_ydnar.obj
 0001:00056090       ?SetupBrushes@@YAXXZ       0000000140057090 f   light_ydnar.obj
 0001:00056260       ?ClusterVisible@@YA?AW4qboolean@@HH@Z 0000000140057260 f   light_ydnar.obj
 0001:000562f0       ?PointInLeafNum_r@@YAHQEAMH@Z 00000001400572f0 f   light_ydnar.obj
 0001:00056400       ?ClusterForPointExt@@YAHQEAMM@Z 0000000140057400 f   light_ydnar.obj
 0001:00056730       ?ClusterForPointExtFilter@@YAHQEAMMHPEAH@Z 0000000140057730 f   light_ydnar.obj
 0001:000567a0       ?SetupEnvelopes@@YAXW4qboolean@@0@Z 00000001400577a0 f   light_ydnar.obj
 0001:00057190       ?CreateTraceLightsForBounds@@YAXQEAM00HPEAHHPEAUtrace_t@@@Z 0000000140058190 f   light_ydnar.obj
 0001:00057530       ?CreateTraceLightsForSurface@@YAXHPEAUtrace_t@@@Z 0000000140058530 f   light_ydnar.obj
 0001:00057650       ?SetupFloodLight@@YAXXZ    0000000140058650 f   light_ydnar.obj
 0001:00057970       ?FloodLightForSample@@YAMPEAUtrace_t@@MW4qboolean@@@Z 0000000140058970 f   light_ydnar.obj
 0001:00057de0       ?FloodlightIlluminateLightmap@@YAXPEAUrawLightmap_s@@@Z 0000000140058de0 f   light_ydnar.obj
 0001:00058060       ?WriteTGA24@@YAXPEADPEAEHHW4qboolean@@@Z 0000000140059060 f   lightmaps_ydnar.obj
 0001:000581e0       ?ExportLightmaps@@YAXXZ    00000001400591e0 f   lightmaps_ydnar.obj
 0001:00058380       ?ExportLightmapsMain@@YAHHPEAPEAD@Z 0000000140059380 f   lightmaps_ydnar.obj
 0001:000584b0       ?ImportLightmapsMain@@YAHHPEAPEAD@Z 00000001400594b0 f   lightmaps_ydnar.obj
 0001:000589f0       ?LoadRawLightmap@@YAPEAUcachePage_s@@H@Z 00000001400599f0 f   lightmaps_ydnar.obj
 0001:00058bd0       ?FinishRawLightmap@@YAXH@Z 0000000140059bd0 f   lightmaps_ydnar.obj
 0001:000592d0       ?AddPatchToRawLightmap@@YA?AW4qboolean@@HPEAUrawLightmap_s@@@Z 000000014005a2d0 f   lightmaps_ydnar.obj
 0001:000598a0       ?AddSurfaceToRawLightmap@@YA?AW4qboolean@@HPEAUrawLightmap_s@@@Z 000000014005a8a0 f   lightmaps_ydnar.obj
 0001:0005a3f0       ?SetupSurfaceLightmaps@@YAXXZ 000000014005b3f0 f   lightmaps_ydnar.obj
 0001:0005afe0       ?AllocateSurfaceLightmaps@@YAXXZ 000000014005bfe0 f   lightmaps_ydnar.obj
 0001:0005ce20       ?FloodLightmapBorders@@YAXPEAUoutLightmap_s@@@Z 000000014005de20 f   lightmaps_ydnar.obj
 0001:0005d650       ?StoreSurfaceLightmaps@@YAXXZ 000000014005e650 f   lightmaps_ydnar.obj
 0001:00060520       ?PlaneFromWinding@@YAXPEAUfixedWinding_t@@PEAUvisPlane_t@@@Z 0000000140061520 f   vis.obj
 0001:00060630       ?NewFixedWinding@@YAPEAUfixedWinding_t@@H@Z 0000000140061630 f   vis.obj
 0001:000606a0       ?PComp@@YAHPEBX0@Z         00000001400616a0 f   vis.obj
 0001:000606d0       ?LeafVectorFromPortalVector@@YAHPEAE0@Z 00000001400616d0 f   vis.obj
 0001:00060830       ?ClusterMerge@@YAXH@Z      0000000140061830 f   vis.obj
 0001:00060a30       ?CalcPortalVis@@YAXXZ      0000000140061a30 f   vis.obj
 0001:00060ab0       ?CalcPassageVis@@YAXXZ     0000000140061ab0 f   vis.obj
 0001:00060bc0       ?CalcPassagePortalVis@@YAXXZ 0000000140061bc0 f   vis.obj
 0001:00060cd0       ?CalcVis@@YAXXZ            0000000140061cd0 f   vis.obj
 0001:00060f90       ?SetPortalSphere@@YAXPEAUvportal_t@@@Z 0000000140061f90 f   vis.obj
 0001:000610f0       ?TryMergeLeaves@@YAHHH@Z   00000001400620f0 f   vis.obj
 0001:00061450       ?MergeLeaves@@YAXXZ        0000000140062450 f   vis.obj
 0001:000615b0       ?TryMergeWinding@@YAPEAUfixedWinding_t@@PEAU1@0QEAM@Z 00000001400625b0 f   vis.obj
 0001:00061ae0       ?MergeLeafPortals@@YAXXZ   0000000140062ae0 f   vis.obj
 0001:00061cf0       ?LoadPortals@@YAXPEAD@Z    0000000140062cf0 f   vis.obj
 0001:00062520       ?VisMain@@YAHHPEAPEAD@Z    0000000140063520 f   vis.obj
 0001:000629b0       ?FreeStackWinding@@YAXPEAUfixedWinding_t@@PEAUpstack_s@@@Z 00000001400639b0 f   visflow.obj
 0001:00062a10       ?VisChopWinding@@YAPEAUfixedWinding_t@@PEAU1@PEAUpstack_s@@PEAUvisPlane_t@@@Z 0000000140063a10 f   visflow.obj
 0001:00062ec0       ?ClipToSeperators@@YAPEAUfixedWinding_t@@PEAU1@00W4qboolean@@PEAUpstack_s@@@Z 0000000140063ec0 f   visflow.obj
 0001:00063510       ?RecursiveLeafFlow@@YAXHPEAUthreaddata_t@@PEAUpstack_s@@@Z 0000000140064510 f   visflow.obj
 0001:00063bd0       ?PortalFlow@@YAXH@Z        0000000140064bd0 f   visflow.obj
 0001:00063d90       ?RecursivePassageFlow@@YAXPEAUvportal_t@@PEAUthreaddata_t@@PEAUpstack_s@@@Z 0000000140064d90 f   visflow.obj
 0001:00064010       ?PassageFlow@@YAXH@Z       0000000140065010 f   visflow.obj
 0001:000640e0       ?RecursivePassagePortalFlow@@YAXPEAUvportal_t@@PEAUthreaddata_t@@PEAUpstack_s@@@Z 00000001400650e0 f   visflow.obj
 0001:000647a0       ?PassagePortalFlow@@YAXH@Z 00000001400657a0 f   visflow.obj
 0001:00064870       ?PassageChopWinding@@YAPEAUfixedWinding_t@@PEAU1@0PEAUvisPlane_t@@@Z 0000000140065870 f   visflow.obj
 0001:00064bb0       ?AddSeperators@@YAHPEAUfixedWinding_t@@0W4qboolean@@PEAUvisPlane_t@@H@Z 0000000140065bb0 f   visflow.obj
 0001:000651a0       ?CreatePassages@@YAXH@Z    00000001400661a0 f   visflow.obj
 0001:000657b0       ?PassageMemory@@YAXXZ      00000001400667b0 f   visflow.obj
 0001:00065870       ?SimpleFlood@@YAXPEAUvportal_t@@H@Z 0000000140066870 f   visflow.obj
 0001:00065970       ?BasePortalVis@@YAXH@Z     0000000140066970 f   visflow.obj
 0001:00067560       ?ConvertBSPToASE@@YAHPEADH@Z 0000000140068560 f   convert_ase.obj
 0001:000681a0       ?ConvertBSPToMap@@YAHPEADH@Z 00000001400691a0 f   convert_map.obj
 0001:000685e0       WinPrint                   00000001400695e0 f   l_net:l_net.obj
 0001:000685f0       Net_Send                   00000001400695f0 f   l_net:l_net.obj
 0001:00068640       Net_AllocSocket            0000000140069640 f   l_net:l_net.obj
 0001:00068670       Net_FreeSocket             0000000140069670 f   l_net:l_net.obj
 0001:00068680       Net_Connect                0000000140069680 f   l_net:l_net.obj
 0001:00068730       Net_Disconnect             0000000140069730 f   l_net:l_net.obj
 0001:00068760       Net_StringToAddress        0000000140069760 f   l_net:l_net.obj
 0001:00068780       Net_Setup                  0000000140069780 f   l_net:l_net.obj
 0001:000687b0       NMSG_Clear                 00000001400697b0 f   l_net:l_net.obj
 0001:000687c0       NMSG_WriteLong             00000001400697c0 f   l_net:l_net.obj
 0001:00068830       NMSG_WriteString           0000000140069830 f   l_net:l_net.obj
 0001:000688c0       WINS_ErrorMessage          00000001400698c0 f   l_net:l_net_wins.obj
 0001:00068920       WINS_Init                  0000000140069920 f   l_net:l_net_wins.obj
 0001:00068a90       WINS_MyAddress             0000000140069a90 f   l_net:l_net_wins.obj
 0001:00068aa0       WINS_OpenSocket            0000000140069aa0 f   l_net:l_net_wins.obj
 0001:00068b90       WINS_OpenReliableSocket    0000000140069b90 f   l_net:l_net_wins.obj
 0001:00068cb0       WINS_CloseSocket           0000000140069cb0 f   l_net:l_net_wins.obj
 0001:00068cf0       WINS_Connect               0000000140069cf0 f   l_net:l_net_wins.obj
 0001:00068d60       WINS_Write                 0000000140069d60 f   l_net:l_net_wins.obj
 0001:00068e10       WINS_AddrToString          0000000140069e10 f   l_net:l_net_wins.obj
 0001:00068e90       WINS_StringToAddr          0000000140069e90 f   l_net:l_net_wins.obj
 0001:00068f10       WINS_GetSocketAddr         0000000140069f10 f   l_net:l_net_wins.obj
 0001:00068f70       MakeNormalVectors          0000000140069f70 f   mathlib:mathlib.obj
 0001:00069030       VectorCompare              000000014006a030 f   mathlib:mathlib.obj
 0001:00069080       VectorCompareExt           000000014006a080 f   mathlib:mathlib.obj
 0001:000690d0       VectorLength               000000014006a0d0 f   mathlib:mathlib.obj
 0001:00069100       VectorMA                   000000014006a100 f   mathlib:mathlib.obj
 0001:00069140       VectorNormalize            000000014006a140 f   mathlib:mathlib.obj
 0001:000691f0       ColorNormalize             000000014006a1f0 f   mathlib:mathlib.obj
 0001:00069260       ClearBounds                000000014006a260 f   mathlib:mathlib.obj
 0001:00069290       AddPointToBounds           000000014006a290 f   mathlib:mathlib.obj
 0001:00069330       PlaneFromPoints            000000014006a330 f   mathlib:mathlib.obj
 0001:00069430       NormalToLatLong            000000014006a430 f   mathlib:mathlib.obj
 0001:000694f0       PlaneTypeForNormal         000000014006a4f0 f   mathlib:mathlib.obj
 0001:00069550       m4x4_identity              000000014006a550 f   mathlib:m4x4.obj
 0001:000695a0       m4x4_assign                000000014006a5a0 f   mathlib:m4x4.obj
 0001:00069600       m4x4_translation_for_vec3  000000014006a600 f   mathlib:m4x4.obj
 0001:00069650       m4x4_rotation_for_vec3     000000014006a650 f   mathlib:m4x4.obj
 0001:00069820       m4x4_scale_for_vec3        000000014006a820 f   mathlib:m4x4.obj
 0001:00069860       m4x4_translate_by_vec3     000000014006a860 f   mathlib:m4x4.obj
 0001:00069890       m4x4_rotate_by_vec3        000000014006a890 f   mathlib:m4x4.obj
 0001:000698c0       m4x4_scale_by_vec3         000000014006a8c0 f   mathlib:m4x4.obj
 0001:000698f0       m4x4_pivoted_transform_by_vec3 000000014006a8f0 f   mathlib:m4x4.obj
 0001:000699a0       m4x4_multiply_by_m4x4      000000014006a9a0 f   mathlib:m4x4.obj
 0001:00069da0       m4x4_transform_point       000000014006ada0 f   mathlib:m4x4.obj
 0001:00069e40       m4x4_transform_normal      000000014006ae40 f   mathlib:m4x4.obj
 0001:00069ed0       m4x4_transpose             000000014006aed0 f   mathlib:m4x4.obj
 0001:00069fd0       ?m3_det@@YAMQEAM@Z         000000014006afd0 f   mathlib:m4x4.obj
 0001:0006a060       ?m4_submat@@YAXQEAM0HH@Z   000000014006b060 f   mathlib:m4x4.obj
 0001:0006a1b0       ?m4_det@@YAMQEAM@Z         000000014006b1b0 f   mathlib:m4x4.obj
 0001:0006a240       m4x4_invert                000000014006b240 f   mathlib:m4x4.obj
 0001:0006a308       g_free                     000000014006b308 f   glib-2.0:libglib-2.0-0.dll
 0001:0006a30e       g_locale_to_utf8           000000014006b30e f   glib-2.0:libglib-2.0-0.dll
 0001:0006a314       g_strdup                   000000014006b314 f   glib-2.0:libglib-2.0-0.dll
 0001:0006a31a       g_strdown                  000000014006b31a f   glib-2.0:libglib-2.0-0.dll
 0001:0006a320       g_dir_read_name_utf8       000000014006b320 f   glib-2.0:libglib-2.0-0.dll
 0001:0006a326       g_dir_open_utf8            000000014006b326 f   glib-2.0:libglib-2.0-0.dll
 0001:0006a32c       g_dir_close                000000014006b32c f   glib-2.0:libglib-2.0-0.dll
 0001:0006a332       g_slist_append             000000014006b332 f   glib-2.0:libglib-2.0-0.dll
 0001:0006a338       xmlNodeSetContent          000000014006b338 f   libxml2:libxml2-2.dll
 0001:0006a33e       xmlBufferFree              000000014006b33e f   libxml2:libxml2-2.dll
 0001:0006a344       xmlNodeDump                000000014006b344 f   libxml2:libxml2-2.dll
 0001:0006a34a       xmlBufferCreate            000000014006b34a f   libxml2:libxml2-2.dll
 0001:0006a350       xmlNewNode                 000000014006b350 f   libxml2:libxml2-2.dll
 0001:0006a356       xmlAddChild                000000014006b356 f   libxml2:libxml2-2.dll
 0001:0006a35c       xmlNewDoc                  000000014006b35c f   libxml2:libxml2-2.dll
 0001:0006a362       xmlSetProp                 000000014006b362 f   libxml2:libxml2-2.dll
 0001:0006a368       xmlNewDocRawNode           000000014006b368 f   libxml2:libxml2-2.dll
 0001:0006a36e       png_get_IHDR               000000014006b36e f   libpng:libpng14-14.dll
 0001:0006a374       png_read_image             000000014006b374 f   libpng:libpng14-14.dll
 0001:0006a37a       png_set_expand             000000014006b37a f   libpng:libpng14-14.dll
 0001:0006a380       png_read_info              000000014006b380 f   libpng:libpng14-14.dll
 0001:0006a386       png_set_strip_16           000000014006b386 f   libpng:libpng14-14.dll
 0001:0006a38c       png_sig_cmp                000000014006b38c f   libpng:libpng14-14.dll
 0001:0006a392       png_create_read_struct     000000014006b392 f   libpng:libpng14-14.dll
 0001:0006a398       png_get_io_ptr             000000014006b398 f   libpng:libpng14-14.dll
 0001:0006a39e       png_create_info_struct     000000014006b39e f   libpng:libpng14-14.dll
 0001:0006a3a4       png_set_read_fn            000000014006b3a4 f   libpng:libpng14-14.dll
 0001:0006a3aa       png_get_valid              000000014006b3aa f   libpng:libpng14-14.dll
 0001:0006a3b0       png_set_filler             000000014006b3b0 f   libpng:libpng14-14.dll
 0001:0006a3b6       png_get_channels           000000014006b3b6 f   libpng:libpng14-14.dll
 0001:0006a3bc       png_destroy_read_struct    000000014006b3bc f   libpng:libpng14-14.dll
 0001:0006a3d0       DDSLittleLong              000000014006b3d0 f   ddslib:ddslib.obj
 0001:0006a3e0       DDSLittleShort             000000014006b3e0 f   ddslib:ddslib.obj
 0001:0006a450       DDSGetInfo                 000000014006b450 f   ddslib:ddslib.obj
 0001:0006aff0       DDSDecompress              000000014006bff0 f   ddslib:ddslib.obj
 0001:0006b110       LoadJPGBuff                000000014006c110 f   jpeg6:jpgload.obj
 0001:0006b300       jpeg_create_decompress     000000014006c300 f   jpeg6:jdapimin.obj
 0001:0006b3b0       jpeg_destroy_decompress    000000014006c3b0 f   jpeg6:jdapimin.obj
 0001:0006b590       jpeg_consume_input         000000014006c590 f   jpeg6:jdapimin.obj
 0001:0006b680       jpeg_finish_decompress     000000014006c680 f   jpeg6:jdapimin.obj
 0001:0006b750       jpeg_read_header           000000014006c750 f   jpeg6:jdapimin.obj
 0001:0006b860       jpeg_read_scanlines        000000014006c860 f   jpeg6:jdapistd.obj
 0001:0006b930       jpeg_start_decompress      000000014006c930 f   jpeg6:jdapistd.obj
 0001:0006baa0       jpeg_stdio_src             000000014006caa0 f   jpeg6:jdatasrc.obj
 0001:0006bcf0       jpeg_std_error             000000014006ccf0 f   jpeg6:jerror.obj
 0001:0006c400       jinit_input_controller     000000014006d400 f   jpeg6:jdinput.obj
 0001:0006dfd0       jpeg_resync_to_restart     000000014006efd0 f   jpeg6:jdmarker.obj
 0001:0006e130       jinit_marker_reader        000000014006f130 f   jpeg6:jdmarker.obj
 0001:0006ef80       jinit_memory_mgr           000000014006ff80 f   jpeg6:jmemmgr.obj
 0001:0006f0f0       jpeg_abort                 00000001400700f0 f   jpeg6:jcomapi.obj
 0001:0006f130       jpeg_destroy               0000000140070130 f   jpeg6:jcomapi.obj
 0001:0006f170       jpeg_alloc_quant_table     0000000140070170 f   jpeg6:jcomapi.obj
 0001:0006f190       jpeg_alloc_huff_table      0000000140070190 f   jpeg6:jcomapi.obj
 0001:0006f1c0       jpeg_calc_output_dimensions 00000001400701c0 f   jpeg6:jdmaster.obj
 0001:0006f650       jinit_master_decompress    0000000140070650 f   jpeg6:jdmaster.obj
 0001:0006f6a0       jdiv_round_up              00000001400706a0 f   jpeg6:jutils.obj
 0001:0006f6b0       jround_up                  00000001400706b0 f   jpeg6:jutils.obj
 0001:0006f6d0       jcopy_sample_rows          00000001400706d0 f   jpeg6:jutils.obj
 0001:0006f740       jzero_far                  0000000140070740 f   jpeg6:jutils.obj
 0001:0006f750       ?jpeg_get_large@@YAPEAXPEAUjpeg_common_struct@@_K@Z 0000000140070750 f   jpeg6:jmemnobs.obj
 0001:0006f750       ?jpeg_get_small@@YAPEAXPEAUjpeg_common_struct@@_K@Z 0000000140070750 f   jpeg6:jmemnobs.obj
 0001:0006f760       ?jpeg_free_large@@YAXPEAUjpeg_common_struct@@PEAX_K@Z 0000000140070760 f   jpeg6:jmemnobs.obj
 0001:0006f760       ?jpeg_free_small@@YAXPEAUjpeg_common_struct@@PEAX_K@Z 0000000140070760 f   jpeg6:jmemnobs.obj
 0001:0006f770       ?jpeg_mem_available@@YAJPEAUjpeg_common_struct@@JJJ@Z 0000000140070770 f   jpeg6:jmemnobs.obj
 0001:0006f780       ?jpeg_open_backing_store@@YAXPEAUjpeg_common_struct@@PEAUbacking_store_struct@@J@Z 0000000140070780 f   jpeg6:jmemnobs.obj
 0001:0006fee0       jinit_d_main_controller    0000000140070ee0 f   jpeg6:jdmainct.obj
 0001:00070340       ?jpeg_mem_init@@YAJPEAUjpeg_common_struct@@@Z 0000000140071340 f   jpeg6:jmemnobs.obj
 0001:00070350       jinit_d_coef_controller    0000000140071350 f   jpeg6:jdcoefct.obj
 0001:00070470       ?jpeg_make_d_derived_tbl@@YAXPEAUjpeg_decompress_struct@@PEAUJHUFF_TBL@@PEAPEAUd_derived_tbl@@@Z 0000000140071470 f   jpeg6:jdhuff.obj
 0001:00070680       ?jpeg_fill_bit_buffer@@YAEPEAUbitread_working_state@@HHH@Z 0000000140071680 f   jpeg6:jdhuff.obj
 0001:000707b0       ?jpeg_huff_decode@@YAHPEAUbitread_working_state@@HHPEAUd_derived_tbl@@H@Z 00000001400717b0 f   jpeg6:jdhuff.obj
 0001:00070fa0       jinit_huff_decoder         0000000140071fa0 f   jpeg6:jdhuff.obj
 0001:00071310       jinit_inverse_dct          0000000140072310 f   jpeg6:jddctmgr.obj
 0001:00071510       jinit_d_post_controller    0000000140072510 f   jpeg6:jdpostct.obj
 0001:00071c40       jinit_upsampler            0000000140072c40 f   jpeg6:jdsample.obj
 0001:00072400       jinit_color_deconverter    0000000140073400 f   jpeg6:jdcolor.obj
 0001:000725a0       ?jpeg_idct_float@@YAXPEAUjpeg_decompress_struct@@PEAUjpeg_component_info@@PEAFPEAPEAEI@Z 00000001400735a0 f   jpeg6:jidctflt.obj
 0001:00072ab0       PicoInit                   0000000140073ab0 f   picomodel:picomodel.obj
 0001:00072ac0       PicoSetMallocFunc          0000000140073ac0 f   picomodel:picomodel.obj
 0001:00072ae0       PicoSetFreeFunc            0000000140073ae0 f   picomodel:picomodel.obj
 0001:00072b00       PicoSetLoadFileFunc        0000000140073b00 f   picomodel:picomodel.obj
 0001:00072b20       PicoSetFreeFileFunc        0000000140073b20 f   picomodel:picomodel.obj
 0001:00072b40       PicoSetPrintFunc           0000000140073b40 f   picomodel:picomodel.obj
 0001:00072b60       PicoNewModel               0000000140073b60 f   picomodel:picomodel.obj
 0001:00072bb0       PicoAdjustModel            0000000140073bb0 f   picomodel:picomodel.obj
 0001:00072ce0       PicoNewShader              0000000140073ce0 f   picomodel:picomodel.obj
 0001:00072dc0       PicoFreeShader             0000000140073dc0 f   picomodel:picomodel.obj
 0001:00072e00       PicoFindShader             0000000140073e00 f   picomodel:picomodel.obj
 0001:00072ef0       PicoFreeSurface            0000000140073ef0 f   picomodel:picomodel.obj
 0001:00072fd0       PicoAdjustSurface          0000000140073fd0 f   picomodel:picomodel.obj
 0001:00073310       PicoNewSkin                0000000140074310 f   picomodel:picomodel.obj
 0001:00073390       PicoAdjustSkin             0000000140074390 f   picomodel:picomodel.obj
 0001:00073430       PicoNewSkinItem            0000000140074430 f   picomodel:picomodel.obj
 0001:000734a0       PicoFreeSkinItem           00000001400744a0 f   picomodel:picomodel.obj
 0001:000734e0       PicoSetModelName           00000001400744e0 f   picomodel:picomodel.obj
 0001:000734e0       PicoSetSkinItemReplacement 00000001400744e0 f   picomodel:picomodel.obj
 0001:000734e0       PicoSetShaderName          00000001400744e0 f   picomodel:picomodel.obj
 0001:00073520       PicoSetModelFileName       0000000140074520 f   picomodel:picomodel.obj
 0001:00073520       PicoSetShaderMapName       0000000140074520 f   picomodel:picomodel.obj
 0001:00073560       PicoSetModelFrameNum       0000000140074560 f   picomodel:picomodel.obj
 0001:00073570       PicoSetModelNumFrames      0000000140074570 f   picomodel:picomodel.obj
 0001:00073580       PicoSetShaderAmbientColor  0000000140074580 f   picomodel:picomodel.obj
 0001:000735b0       PicoSetShaderDiffuseColor  00000001400745b0 f   picomodel:picomodel.obj
 0001:000735e0       PicoSetShaderSpecularColor 00000001400745e0 f   picomodel:picomodel.obj
 0001:00073610       PicoSetShaderTransparency  0000000140074610 f   picomodel:picomodel.obj
 0001:00073650       PicoSetShaderShininess     0000000140074650 f   picomodel:picomodel.obj
 0001:00073690       PicoSetSurfaceType         0000000140074690 f   picomodel:picomodel.obj
 0001:000736a0       PicoSetSurfaceName         00000001400746a0 f   picomodel:picomodel.obj
 0001:000736e0       PicoSetSurfaceShader       00000001400746e0 f   picomodel:picomodel.obj
 0001:000736f0       PicoSetSurfaceXYZ          00000001400746f0 f   picomodel:picomodel.obj
 0001:00073780       PicoSetSurfaceNormal       0000000140074780 f   picomodel:picomodel.obj
 0001:000737f0       PicoSetSurfaceST           00000001400747f0 f   picomodel:picomodel.obj
 0001:00073870       PicoSetSurfaceColor        0000000140074870 f   picomodel:picomodel.obj
 0001:00073920       PicoSetSurfaceIndex        0000000140074920 f   picomodel:picomodel.obj
 0001:00073980       PicoSetSurfaceSmoothingGroup 0000000140074980 f   picomodel:picomodel.obj
 0001:000739d0       PicoSetSkinNum             00000001400749d0 f   picomodel:picomodel.obj
 0001:000739e0       PicoSetSkinItemObject      00000001400749e0 f   picomodel:picomodel.obj
 0001:00073a20       PicoGetModelName           0000000140074a20 f   picomodel:picomodel.obj
 0001:00073a40       PicoGetModelFrameNum       0000000140074a40 f   picomodel:picomodel.obj
 0001:00073a50       PicoGetModelShader         0000000140074a50 f   picomodel:picomodel.obj
 0001:00073a80       PicoGetModelNumSurfaces    0000000140074a80 f   picomodel:picomodel.obj
 0001:00073a90       PicoGetModelSurface        0000000140074a90 f   picomodel:picomodel.obj
 0001:00073ac0       PicoGetShaderMapName       0000000140074ac0 f   picomodel:picomodel.obj
 0001:00073ac0       PicoGetModelFileName       0000000140074ac0 f   picomodel:picomodel.obj
 0001:00073ae0       PicoGetSurfaceType         0000000140074ae0 f   picomodel:picomodel.obj
 0001:00073af0       PicoGetSurfaceNumVertexes  0000000140074af0 f   picomodel:picomodel.obj
 0001:00073b00       PicoGetSurfaceXYZ          0000000140074b00 f   picomodel:picomodel.obj
 0001:00073b30       PicoGetSurfaceNormal       0000000140074b30 f   picomodel:picomodel.obj
 0001:00073b60       PicoGetSurfaceST           0000000140074b60 f   picomodel:picomodel.obj
 0001:00073b90       PicoGetSurfaceColor        0000000140074b90 f   picomodel:picomodel.obj
 0001:00073bc0       PicoGetSurfaceNumIndexes   0000000140074bc0 f   picomodel:picomodel.obj
 0001:00073bd0       PicoGetSurfaceIndexes      0000000140074bd0 f   picomodel:picomodel.obj
 0001:00073bf0       PicoGetSurfaceShaderNameForSkin 0000000140074bf0 f   picomodel:picomodel.obj
 0001:00073cd0       PicoVertexCoordGenerateHash 0000000140074cd0 f   picomodel:picomodel.obj
 0001:00073df0       PicoNewVertexCombinationHashTable 0000000140074df0 f   picomodel:picomodel.obj
 0001:00073e20       PicoFreeVertexCombinationHashTable 0000000140074e20 f   picomodel:picomodel.obj
 0001:00073ea0       PicoFindVertexCombinationInHashTable 0000000140074ea0 f   picomodel:picomodel.obj
 0001:00074060       PicoAddVertexCombinationToHashTable 0000000140075060 f   picomodel:picomodel.obj
 0001:00074150       PicoFindSurfaceVertexNum   0000000140075150 f   picomodel:picomodel.obj
 0001:00074450       indexarray_push_back       0000000140075450 f   picomodel:picomodel.obj
 0001:00074460       indexarray_reserve         0000000140075460 f   picomodel:picomodel.obj
 0001:00074490       binarytree_extend          0000000140075490 f   picomodel:picomodel.obj
 0001:000744b0       binarytree_size            00000001400754b0 f   picomodel:picomodel.obj
 0001:000744c0       binarytree_reserve         00000001400754c0 f   picomodel:picomodel.obj
 0001:000744f0       indexarray_clear           00000001400754f0 f   picomodel:picomodel.obj
 0001:000744f0       binarytree_clear           00000001400754f0 f   picomodel:picomodel.obj
 0001:00074500       UniqueIndices_size         0000000140075500 f   picomodel:picomodel.obj
 0001:00074510       UniqueIndices_reserve      0000000140075510 f   picomodel:picomodel.obj
 0001:00074540       UniqueIndices_init         0000000140075540 f   picomodel:picomodel.obj
 0001:00074550       UniqueIndices_destroy      0000000140075550 f   picomodel:picomodel.obj
 0001:00074570       UniqueIndices_find_or_insert 0000000140075570 f   picomodel:picomodel.obj
 0001:00074640       UniqueIndices_insert       0000000140075640 f   picomodel:picomodel.obj
 0001:00074680       lessSmoothVertex           0000000140075680 f   picomodel:picomodel.obj
 0001:00074700       _pico_vertices_combine_shared_normals 0000000140075700 f   picomodel:picomodel.obj
 0001:00074850       _pico_triangles_generate_weighted_normals 0000000140075850 f   picomodel:picomodel.obj
 0001:00074930       _pico_normals_zero         0000000140075930 f   picomodel:picomodel.obj
 0001:00074970       _pico_normals_normalize    0000000140075970 f   picomodel:picomodel.obj
 0001:000749b0       _pico_length_vec           00000001400759b0 f   picomodel:picomodel.obj
 0001:000749e0       _pico_normal_is_unit_length 00000001400759e0 f   picomodel:picomodel.obj
 0001:00074a20       _pico_normal_within_tolerance 0000000140075a20 f   picomodel:picomodel.obj
 0001:00074a50       _pico_normals_assign_generated_normals 0000000140075a50 f   picomodel:picomodel.obj
 0001:00074ac0       PicoFixSurfaceNormals      0000000140075ac0 f   picomodel:picomodel.obj
 0001:00074b60       PicoRemapModel             0000000140075b60 f   picomodel:picomodel.obj
 0001:000750b0       PicoParseToken             00000001400760b0 f   picomodel:picomodel.obj
 0001:00075340       PicoLoadSkinFiles          0000000140076340 f   picomodel:picomodel.obj
 0001:00075600       PicoModuleLoadModel        0000000140076600 f   picomodel:picomodel.obj
 0001:000756e0       PicoLoadModel              00000001400766e0 f   picomodel:picomodel.obj
 0001:000757d0       PicoNewSurface             00000001400767d0 f   picomodel:picomodel.obj
 0001:00075880       PicoFreeSkin               0000000140076880 f   picomodel:picomodel.obj
 0001:000758e0       PicoAddTriangleToModel     00000001400768e0 f   picomodel:picomodel.obj
 0001:00075b70       PicoFreeModel              0000000140076b70 f   picomodel:picomodel.obj
 0001:00075c60       _pico_alloc                0000000140076c60 f   picomodel:picointernal.obj
 0001:00075cc0       _pico_calloc               0000000140076cc0 f   picomodel:picointernal.obj
 0001:00075d30       _pico_clone_alloc          0000000140076d30 f   picomodel:picointernal.obj
 0001:00075d90       _pico_free                 0000000140076d90 f   picomodel:picointernal.obj
 0001:00075db0       _pico_load_file            0000000140076db0 f   picomodel:picointernal.obj
 0001:00075dd0       _pico_free_file            0000000140076dd0 f   picomodel:picointernal.obj
 0001:00075e00       _pico_printf               0000000140076e00 f   picomodel:picointernal.obj
 0001:00075e90       _pico_first_token          0000000140076e90 f   picomodel:picointernal.obj
 0001:00075ec0       _pico_strltrim             0000000140076ec0 f   picomodel:picointernal.obj
 0001:00075f40       _pico_strrtrim             0000000140076f40 f   picomodel:picointernal.obj
 0001:00076000       _pico_strlwr               0000000140077000 f   picomodel:picointernal.obj
 0001:00076030       _pico_strchcount           0000000140077030 f   picomodel:picointernal.obj
 0001:00076060       _pico_zero_bounds          0000000140077060 f   picomodel:picointernal.obj
 0001:00076090       _pico_expand_bounds        0000000140077090 f   picomodel:picointernal.obj
 0001:000760f0       _pico_zero_vec             00000001400770f0 f   picomodel:picointernal.obj
 0001:00076100       _pico_zero_vec2            0000000140077100 f   picomodel:picointernal.obj
 0001:00076110       _pico_set_vec              0000000140077110 f   picomodel:picointernal.obj
 0001:00076120       _pico_copy_vec             0000000140077120 f   picomodel:picointernal.obj
 0001:00076140       _pico_copy_vec2            0000000140077140 f   picomodel:picointernal.obj
 0001:00076150       _pico_normalize_vec        0000000140077150 f   picomodel:picointernal.obj
 0001:000761e0       _pico_add_vec              00000001400771e0 f   picomodel:picointernal.obj
 0001:00076210       _pico_subtract_vec         0000000140077210 f   picomodel:picointernal.obj
 0001:00076240       _pico_scale_vec            0000000140077240 f   picomodel:picointernal.obj
 0001:00076270       dot                        0000000140077270 f   picomodel:vecmath.obj
 0001:00076270       _pico_dot_vec              0000000140077270 f   picomodel:picointernal.obj
 0001:000762a0       _pico_cross_vec            00000001400772a0 f   picomodel:picointernal.obj
 0001:000762a0       cross                      00000001400772a0 f   picomodel:vecmath.obj
 0001:00076300       _pico_set_color            0000000140077300 f   picomodel:picointernal.obj
 0001:00076320       _pico_copy_color           0000000140077320 f   picomodel:picointernal.obj
 0001:00076340       _pico_little_long          0000000140077340 f   picomodel:picointernal.obj
 0001:00076350       _pico_little_short         0000000140077350 f   picomodel:picointernal.obj
 0001:00076360       ?jpeg_mem_term@@YAXPEAUjpeg_common_struct@@@Z 0000000140077360 f   jpeg6:jmemnobs.obj
 0001:00076360       _pico_little_float         0000000140077360 f   picomodel:picointernal.obj
 0001:00076370       _pico_stristr              0000000140077370 f   picomodel:picointernal.obj
 0001:000763f0       _pico_unixify              00000001400773f0 f   picomodel:picointernal.obj
 0001:00076420       _pico_nopath               0000000140077420 f   picomodel:picointernal.obj
 0001:000764c0       _pico_setfext              00000001400774c0 f   picomodel:picointernal.obj
 0001:00076590       _pico_new_parser           0000000140077590 f   picomodel:picointernal.obj
 0001:00076660       _pico_free_parser          0000000140077660 f   picomodel:picointernal.obj
 0001:00076690       _pico_parse_ex             0000000140077690 f   picomodel:picointernal.obj
 0001:000767f0       _pico_parse_first          00000001400777f0 f   picomodel:picointernal.obj
 0001:00076830       _pico_parse                0000000140077830 f   picomodel:picointernal.obj
 0001:00076860       _pico_parse_skip_rest      0000000140077860 f   picomodel:picointernal.obj
 0001:00076890       _pico_parse_skip_braced    0000000140077890 f   picomodel:picointernal.obj
 0001:00076940       _pico_parse_check          0000000140077940 f   picomodel:picointernal.obj
 0001:000769a0       _pico_parse_int            00000001400779a0 f   picomodel:picointernal.obj
 0001:000769f0       _pico_parse_float          00000001400779f0 f   picomodel:picointernal.obj
 0001:00076a40       _pico_parse_vec            0000000140077a40 f   picomodel:picointernal.obj
 0001:00076ae0       _pico_parse_vec2           0000000140077ae0 f   picomodel:picointernal.obj
 0001:00076b80       _pico_new_memstream        0000000140077b80 f   picomodel:picointernal.obj
 0001:00076be0       _pico_free_memstream       0000000140077be0 f   picomodel:picointernal.obj
 0001:00076c00       _pico_memstream_read       0000000140077c00 f   picomodel:picointernal.obj
 0001:00076c90       _pico_memstream_getc       0000000140077c90 f   picomodel:picointernal.obj
 0001:00076cd0       _pico_memstream_seek       0000000140077cd0 f   picomodel:picointernal.obj
 0001:00076d60       _pico_memstream_tell       0000000140077d60 f   picomodel:picointernal.obj
 0001:00076d80       _pico_realloc              0000000140077d80 f   picomodel:picointernal.obj
 0001:00076e20       PicoModuleList             0000000140077e20 f   picomodel:picomodules.obj
 0001:00077ad0       _terrain_load_tga_buffer   0000000140078ad0 f   picomodel:pm_terrain.obj
 0001:0007ba10       _ase_get_submaterial_or_default 000000014007ca10 f   picomodel:pm_ase.obj
 0001:0007e940       lwFreeLayer                000000014007f940 f   picomodel:lwo2.obj
 0001:0007e990       lwFreeObject               000000014007f990 f   picomodel:lwo2.obj
 0001:0007ea00       lwGetObject                000000014007fa00 f   picomodel:lwo2.obj
 0001:0007ef50       lwValidateObject           000000014007ff50 f   picomodel:lwo2.obj
 0001:0007f020       lwListFree                 0000000140080020 f   picomodel:list.obj
 0001:0007f050       lwListAdd                  0000000140080050 f   picomodel:list.obj
 0001:0007f080       lwListInsert               0000000140080080 f   picomodel:list.obj
 0001:0007f120       lwFreeVMap                 0000000140080120 f   picomodel:vmap.obj
 0001:0007f190       lwGetVMap                  0000000140080190 f   picomodel:vmap.obj
 0001:0007f3f0       lwGetPointVMaps            00000001400803f0 f   picomodel:vmap.obj
 0001:0007f550       lwGetPolyVMaps             0000000140080550 f   picomodel:vmap.obj
 0001:0007f730       lwFreePoints               0000000140080730 f   picomodel:pntspols.obj
 0001:0007f7c0       lwFreePolygons             00000001400807c0 f   picomodel:pntspols.obj
 0001:0007f8a0       lwGetPoints                00000001400808a0 f   picomodel:pntspols.obj
 0001:0007fac0       lwGetBoundingBox           0000000140080ac0 f   picomodel:pntspols.obj
 0001:0007fbb0       lwAllocPolygons            0000000140080bb0 f   picomodel:pntspols.obj
 0001:0007fcd0       lwGetPolygons              0000000140080cd0 f   picomodel:pntspols.obj
 0001:0007fea0       lwGetPolyNormals           0000000140080ea0 f   picomodel:pntspols.obj
 0001:00080010       lwGetPointPolygons         0000000140081010 f   picomodel:pntspols.obj
 0001:00080170       lwResolvePolySurfaces      0000000140081170 f   picomodel:pntspols.obj
 0001:00080340       lwGetVertNormals           0000000140081340 f   picomodel:pntspols.obj
 0001:000805c0       lwFreeTags                 00000001400815c0 f   picomodel:pntspols.obj
 0001:00080640       lwGetTags                  0000000140081640 f   picomodel:pntspols.obj
 0001:00080790       lwGetPolygonTags           0000000140081790 f   picomodel:pntspols.obj
 0001:000808d0       lwFreePlugin               00000001400818d0 f   picomodel:surface.obj
 0001:00080920       lwFreeTexture              0000000140081920 f   picomodel:surface.obj
 0001:000809b0       lwFreeSurface              00000001400819b0 f   picomodel:surface.obj
 0001:00080ab0       lwGetTHeader               0000000140081ab0 f   picomodel:surface.obj
 0001:00080c40       lwGetTMap                  0000000140081c40 f   picomodel:surface.obj
 0001:00080e70       lwGetImageMap              0000000140081e70 f   picomodel:surface.obj
 0001:000810f0       lwGetProcedural            00000001400820f0 f   picomodel:surface.obj
 0001:00081290       lwGetGradient              0000000140082290 f   picomodel:surface.obj
 0001:00081540       lwGetTexture               0000000140082540 f   picomodel:surface.obj
 0001:00081680       lwGetShader                0000000140082680 f   picomodel:surface.obj
 0001:00081950       lwDefaultSurface           0000000140082950 f   picomodel:surface.obj
 0001:000819c0       lwGetSurface               00000001400829c0 f   picomodel:surface.obj
 0001:00082000       lwFreeClip                 0000000140083000 f   picomodel:clip.obj
 0001:000820d0       lwGetClip                  00000001400830d0 f   picomodel:clip.obj
 0001:00082550       lwFreeEnvelope             0000000140083550 f   picomodel:envelope.obj
 0001:000825d0       lwGetEnvelope              00000001400835d0 f   picomodel:envelope.obj
 0001:00082900       set_flen                   0000000140083900 f   picomodel:lwio.obj
 0001:00082910       get_flen                   0000000140083910 f   picomodel:lwio.obj
 0001:00082920       revbytes                   0000000140083920 f   picomodel:lwio.obj
 0001:000829a0       getbytes                   00000001400839a0 f   picomodel:lwio.obj
 0001:00082a50       getU2                      0000000140083a50 f   picomodel:lwio.obj
 0001:00082a50       getI2                      0000000140083a50 f   picomodel:lwio.obj
 0001:00082ab0       getU1                      0000000140083ab0 f   picomodel:lwio.obj
 0001:00082af0       getI4                      0000000140083af0 f   picomodel:lwio.obj
 0001:00082af0       getU4                      0000000140083af0 f   picomodel:lwio.obj
 0001:00082b50       getVX                      0000000140083b50 f   picomodel:lwio.obj
 0001:00082c00       getF4                      0000000140083c00 f   picomodel:lwio.obj
 0001:00082c60       getS0                      0000000140083c60 f   picomodel:lwio.obj
 0001:00082da0       sgetI2                     0000000140083da0 f   picomodel:lwio.obj
 0001:00082e00       sgetU2                     0000000140083e00 f   picomodel:lwio.obj
 0001:00082e40       sgetU4                     0000000140083e40 f   picomodel:lwio.obj
 0001:00082ea0       sgetVX                     0000000140083ea0 f   picomodel:lwio.obj
 0001:00082f20       sgetF4                     0000000140083f20 f   picomodel:lwio.obj
 0001:00082f80       sgetS0                     0000000140083f80 f   picomodel:lwio.obj
 0001:000833e0       lwGetSurface5              00000001400843e0 f   picomodel:lwob.obj
 0001:00083de0       lwGetPolygons5             0000000140084de0 f   picomodel:lwob.obj
 0001:00083fa0       lwGetObject5               0000000140084fa0 f   picomodel:lwob.obj
 0001:00084220       lwValidateObject5          0000000140085220 f   picomodel:lwob.obj
 0001:000842d0       normalize                  00000001400852d0 f   picomodel:vecmath.obj
 0001:0008431c       _stricmp                   000000014008531c f   MSVCRT:MSVCR90.dll
 0001:00084322       rename                     0000000140085322 f   MSVCRT:MSVCR90.dll
 0001:00084328       sprintf                    0000000140085328 f   MSVCRT:MSVCR90.dll
 0001:0008432e       sscanf                     000000014008532e f   MSVCRT:MSVCR90.dll
 0001:00084334       strncmp                    0000000140085334 f   MSVCRT:MSVCR90.dll
 0001:0008433a       free                       000000014008533a f   MSVCRT:MSVCR90.dll
 0001:00084340       atoi                       0000000140085340 f   MSVCRT:MSVCR90.dll
 0001:00084346       remove                     0000000140085346 f   MSVCRT:MSVCR90.dll
 0001:0008434c       ftell                      000000014008534c f   MSVCRT:MSVCR90.dll
 0001:00084352       realloc                    0000000140085352 f   MSVCRT:MSVCR90.dll
 0001:00084358       atof                       0000000140085358 f   MSVCRT:MSVCR90.dll
 0001:0008435e       _time64                    000000014008535e f   MSVCRT:MSVCR90.dll
 0001:00084364       asctime                    0000000140085364 f   MSVCRT:MSVCR90.dll
 0001:0008436a       _localtime64               000000014008536a f   MSVCRT:MSVCR90.dll
 0001:00084370       fseek                      0000000140085370 f   MSVCRT:MSVCR90.dll
 0001:00084376       fclose                     0000000140085376 f   MSVCRT:MSVCR90.dll
 0001:0008437c       tmpnam                     000000014008537c f   MSVCRT:MSVCR90.dll
 0001:00084382       strstr                     0000000140085382 f   MSVCRT:MSVCR90.dll
 0001:00084388       _onexit                    0000000140085388 f   MSVCRT:atonexit.obj
 0001:00084438       atexit                     0000000140085438 f   MSVCRT:atonexit.obj
 0001:00084450       printf                     0000000140085450 f   MSVCRT:MSVCR90.dll
 0001:00084456       fopen                      0000000140085456 f   MSVCRT:MSVCR90.dll
 0001:0008445c       rand                       000000014008545c f   MSVCRT:MSVCR90.dll
 0001:00084462       srand                      0000000140085462 f   MSVCRT:MSVCR90.dll
 0001:00084468       fwrite                     0000000140085468 f   MSVCRT:MSVCR90.dll
 0001:0008446e       memmove                    000000014008546e f   MSVCRT:MSVCR90.dll
 0001:00084474       _strnicmp                  0000000140085474 f   MSVCRT:MSVCR90.dll
 0001:0008447a       strchr                     000000014008547a f   MSVCRT:MSVCR90.dll
 0001:00084480       qsort                      0000000140085480 f   MSVCRT:MSVCR90.dll
 0001:00084486       strncpy                    0000000140085486 f   MSVCRT:MSVCR90.dll
 0001:0008448c       fprintf                    000000014008548c f   MSVCRT:MSVCR90.dll
 0001:00084492       exit                       0000000140085492 f   MSVCRT:MSVCR90.dll
 0001:00084498       malloc                     0000000140085498 f   MSVCRT:MSVCR90.dll
 0001:0008449e       strerror                   000000014008549e f   MSVCRT:MSVCR90.dll
 0001:000844a4       fputs                      00000001400854a4 f   MSVCRT:MSVCR90.dll
 0001:000844aa       _errno                     00000001400854aa f   MSVCRT:MSVCR90.dll
 0001:000844b0       _mkdir                     00000001400854b0 f   MSVCRT:MSVCR90.dll
 0001:000844b6       fread                      00000001400854b6 f   MSVCRT:MSVCR90.dll
 0001:000844bc       _getcwd                    00000001400854bc f   MSVCRT:MSVCR90.dll
 0001:000844c2       vsprintf                   00000001400854c2 f   MSVCRT:MSVCR90.dll
 0001:000844c8       __iob_func                 00000001400854c8 f   MSVCRT:MSVCR90.dll
 0001:000844ce       fflush                     00000001400854ce f   MSVCRT:MSVCR90.dll
 0001:000844d4       rewind                     00000001400854d4 f   MSVCRT:MSVCR90.dll
 0001:000844da       _access                    00000001400854da f   MSVCRT:MSVCR90.dll
 0001:000844e0       _strdup                    00000001400854e0 f   MSVCRT:MSVCR90.dll
 0001:000844e6       strrchr                    00000001400854e6 f   MSVCRT:MSVCR90.dll
 0001:000844ec       sscanf_s                   00000001400854ec f   MSVCRT:MSVCR90.dll
 0001:000844f2       fscanf                     00000001400854f2 f   MSVCRT:MSVCR90.dll
 0001:000847c8       mainCRTStartup             00000001400857c8 f   MSVCRT:crtexe.obj
 0001:000847da       memset                     00000001400857da f   MSVCRT:MSVCR90.dll
 0001:000847e0       _setjmp                    00000001400857e0 f   MSVCRT:MSVCR90.dll
 0001:000847e6       memcpy                     00000001400857e6 f   MSVCRT:MSVCR90.dll
 0001:000847f0       sin                        00000001400857f0 f   MSVCRT:MSVCR90.dll
 0001:000847f6       cos                        00000001400857f6 f   MSVCRT:MSVCR90.dll
 0001:000847fc       acosf                      00000001400857fc f   MSVCRT:MSVCR90.dll
 0001:00084802       log                        0000000140085802 f   MSVCRT:MSVCR90.dll
 0001:00084808       __C_specific_handler       0000000140085808 f   MSVCRT:MSVCR90.dll
 0001:0008480e       _unlock                    000000014008580e f   MSVCRT:MSVCR90.dll
 0001:00084814       __dllonexit                0000000140085814 f   MSVCRT:MSVCR90.dll
 0001:0008481a       _lock                      000000014008581a f   MSVCRT:MSVCR90.dll
 0001:00084820       ?__CxxUnhandledExceptionFilter@@YAJPEAU_EXCEPTION_POINTERS@@@Z 0000000140085820 f   MSVCRT:unhandld.obj
 0001:00084864       __CxxSetUnhandledExceptionFilter 0000000140085864 f   MSVCRT:unhandld.obj
 0001:0008487c       _amsg_exit                 000000014008587c f   MSVCRT:MSVCR90.dll
 0001:00084884       _RTC_Initialize            0000000140085884 f   MSVCRT:_initsect_.obj
 0001:000848bc       _RTC_Terminate             00000001400858bc f   MSVCRT:_initsect_.obj
 0001:000848f4       _XcptFilter                00000001400858f4 f   MSVCRT:MSVCR90.dll
 0001:00084900       _ValidateImageBase         0000000140085900 f   MSVCRT:pesect.obj
 0001:00084930       _FindPESection             0000000140085930 f   MSVCRT:pesect.obj
 0001:00084980       _IsNonwritableInCurrentImage 0000000140085980 f   MSVCRT:pesect.obj
 0001:000849c2       _initterm                  00000001400859c2 f   MSVCRT:MSVCR90.dll
 0001:000849c8       _initterm_e                00000001400859c8 f   MSVCRT:MSVCR90.dll
 0001:000849d0       _matherr                   00000001400859d0 f   MSVCRT:merr.obj
 0001:000849d0       _setargv                   00000001400859d0 f   MSVCRT:dllargv.obj
 0001:000849d4       __security_init_cookie     00000001400859d4 f   MSVCRT:gs_support.obj
 0001:00084a88       ?terminate@@YAXXZ          0000000140085a88 f   MSVCRT:MSVCR90.dll
 0001:00084a8e       send                       0000000140085a8e f   wsock32:WSOCK32.dll
 0001:00084a94       gethostbyname              0000000140085a94 f   wsock32:WSOCK32.dll
 0001:00084a9a       closesocket                0000000140085a9a f   wsock32:WSOCK32.dll
 0001:00084aa0       socket                     0000000140085aa0 f   wsock32:WSOCK32.dll
 0001:00084aa6       bind                       0000000140085aa6 f   wsock32:WSOCK32.dll
 0001:00084aac       setsockopt                 0000000140085aac f   wsock32:WSOCK32.dll
 0001:00084ab2       getsockname                0000000140085ab2 f   wsock32:WSOCK32.dll
 0001:00084ab8       ntohs                      0000000140085ab8 f   wsock32:WSOCK32.dll
 0001:00084abe       htons                      0000000140085abe f   wsock32:WSOCK32.dll
 0001:00084ac4       WSAGetLastError            0000000140085ac4 f   wsock32:WSOCK32.dll
 0001:00084aca       htonl                      0000000140085aca f   wsock32:WSOCK32.dll
 0001:00084ad0       inet_addr                  0000000140085ad0 f   wsock32:WSOCK32.dll
[...]
 0001:0004b2f0       ?PopulateTraceNodes@@YAXXZ 000000014004c2f0 f    CIL library: CIL module
 0001:0004c4d0       ?TraceLine_r@@YA?AW4qboolean@@HQEAM0PEAUtrace_t@@@Z 000000014004d4d0 f    CIL library: CIL module
 0001:0004d530       ?CalcTangentVectors@@YA?AW4qboolean@@HPEAPEAUbspDrawVert_t@@PEAY02M1@Z 000000014004e530 f    CIL library: CIL module
 0001:0004d900       ?PerturbNormal@@YAXPEAUbspDrawVert_t@@PEAUshaderInfo_s@@QEAMQEAY02M3@Z 000000014004e900 f    CIL library: CIL module
 0001:0004da60       ?MapSingleLuxel@@YAHPEAUrawLightmap_s@@PEAUsurfaceInfo_s@@PEAUbspDrawVert_t@@QEAMMQEAY02M44@Z 000000014004ea60 f    CIL library: CIL module
 0001:0004e5f0       ?MapTriangle_r@@YAXPEAUrawLightmap_s@@PEAUsurfaceInfo_s@@QEAPEAUbspDrawVert_t@@QEAMQEAY02M44@Z 000000014004f5f0 f    CIL library: CIL module
 0001:0004e860       ?MapTriangle@@YA?AW4qboolean@@PEAUrawLightmap_s@@PEAUsurfaceInfo_s@@QEAPEAUbspDrawVert_t@@W41@@Z 000000014004f860 f    CIL library: CIL module
 0001:0004eb70       ?MapQuad_r@@YAXPEAUrawLightmap_s@@PEAUsurfaceInfo_s@@QEAPEAUbspDrawVert_t@@QEAMQEAY02M4@Z 000000014004fb70 f    CIL library: CIL module
 0001:0004eeb0       ?MapQuad@@YA?AW4qboolean@@PEAUrawLightmap_s@@PEAUsurfaceInfo_s@@QEAPEAUbspDrawVert_t@@@Z 000000014004feb0 f    CIL library: CIL module
 0001:00052400       ?SubmapRawLuxel@@YA?AW4qboolean@@PEAUrawLightmap_s@@HHMMPEAHQEAM2@Z 0000000140053400 f    CIL library: CIL module
 0001:00052780       ?SubsampleRawLuxel_r@@YAXPEAUrawLightmap_s@@PEAUtrace_t@@QEAMHHMPEAM@Z 0000000140053780 f    CIL library: CIL module
 0001:000589a0       ?CompareLightSurface@@YAHPEBX0@Z 00000001400599a0 f    CIL library: CIL module
 0001:0005a2d0       ?CompareSurfaceInfo@@YAHPEBX0@Z 000000014005b2d0 f    CIL library: CIL module
 0001:0005b200       ?CompareBSPLuxels@@YA?AW4qboolean@@PEAUrawLightmap_s@@H0H@Z 000000014005c200 f    CIL library: CIL module
 0001:0005b5b0       ?MergeBSPLuxels@@YA?AW4qboolean@@PEAUrawLightmap_s@@H0H@Z 000000014005c5b0 f    CIL library: CIL module
 0001:0005b830       ?ApproximateLuxel@@YA?AW4qboolean@@PEAUrawLightmap_s@@PEAUbspDrawVert_t@@@Z 000000014005c830 f    CIL library: CIL module
 0001:0005ba30       ?ApproximateTriangle_r@@YA?AW4qboolean@@PEAUrawLightmap_s@@QEAPEAUbspDrawVert_t@@@Z 000000014005ca30 f    CIL library: CIL module
 0001:0005bc40       ?ApproximateLightmap@@YA?AW4qboolean@@PEAUrawLightmap_s@@@Z 000000014005cc40 f    CIL library: CIL module
 0001:0005c0e0       ?TestOutLightmapStamp@@YA?AW4qboolean@@PEAUrawLightmap_s@@HPEAUoutLightmap_s@@HH@Z 000000014005d0e0 f    CIL library: CIL module
 0001:0005c270       ?SetupOutLightmap@@YAXPEAUrawLightmap_s@@PEAUoutLightmap_s@@@Z 000000014005d270 f    CIL library: CIL module
 0001:0005c3d0       ?FindOutLightmaps@@YAXPEAUrawLightmap_s@@@Z 000000014005d3d0 f    CIL library: CIL module
 0001:0005cd00       ?CompareRawLightmap@@YAHPEBX0@Z 000000014005dd00 f    CIL library: CIL module
 0001:00065f20       ?ConvertCollapsedSurface@@YAXPEAU_iobuf@@PEAUbspModel_t@@HHHQEAM@Z 0000000140066f20 f    CIL library: CIL module
 0001:00066bf0       ?ConvertSurface@@YAXPEAU_iobuf@@PEAUbspModel_t@@HPEAUbspDrawSurface_t@@HQEAM@Z 0000000140067bf0 f    CIL library: CIL module
 0001:00067260       ?ConvertModel@@YAXPEAU_iobuf@@PEAUbspModel_t@@HQEAMH@Z 0000000140068260 f    CIL library: CIL module
 0001:00067380       ?ConvertShader@@YAXPEAU_iobuf@@PEAUbspShader_t@@H@Z 0000000140068380 f    CIL library: CIL module
 0001:00067a90       ?ConvertBrush@@YAXPEAU_iobuf@@HPEAUbspBrush_t@@QEAM@Z 0000000140068a90 f    CIL library: CIL module
 0001:00067e10       ?ConvertPatch@@YAXPEAU_iobuf@@HPEAUbspDrawSurface_t@@QEAM@Z 0000000140068e10 f    CIL library: CIL module
 0001:00068030       ?ConvertModel@@YAXPEAU_iobuf@@PEAUbspModel_t@@HQEAM@Z 0000000140069030 f    CIL library: CIL module
 0001:0006a3f0       DDSDecodePixelFormat       000000014006b3f0 f   ddslib:ddslib.obj
 0001:0006a4b0       DDSGetColorBlockColors     000000014006b4b0 f   ddslib:ddslib.obj
 0001:0006a680       DDSDecodeColorBlock        000000014006b680 f   ddslib:ddslib.obj
 0001:0006a760       DDSDecodeAlphaExplicit     000000014006b760 f   ddslib:ddslib.obj
 0001:0006a860       DDSDecodeAlpha3BitLinear   000000014006b860 f   ddslib:ddslib.obj
 0001:0006ab60       DDSDecompressDXT1          000000014006bb60 f   ddslib:ddslib.obj
 0001:0006ac70       DDSDecompressDXT3          000000014006bc70 f   ddslib:ddslib.obj
 0001:0006adf0       DDSDecompressDXT5          000000014006bdf0 f   ddslib:ddslib.obj
 0001:0006af70       DDSDecompressDXT2          000000014006bf70 f   ddslib:ddslib.obj
 0001:0006af80       DDSDecompressDXT4          000000014006bf80 f   ddslib:ddslib.obj
 0001:0006af90       DDSDecompressARGB8888      000000014006bf90 f   ddslib:ddslib.obj
 0001:0006b3c0       ?default_decompress_parms@@YAXPEAUjpeg_decompress_struct@@@Z 000000014006c3c0 f   jpeg6:jdapimin.obj
 0001:0006b7e0       ?output_pass_setup@@YAEPEAUjpeg_decompress_struct@@@Z 000000014006c7e0 f   jpeg6:jdapistd.obj
 0001:0006b9e0       ?init_source@@YAXPEAUjpeg_decompress_struct@@@Z 000000014006c9e0 f   jpeg6:jdatasrc.obj
 0001:0006b9f0       ?fill_input_buffer@@YAEPEAUjpeg_decompress_struct@@@Z 000000014006c9f0 f   jpeg6:jdatasrc.obj
 0001:0006ba50       ?skip_input_data@@YAXPEAUjpeg_decompress_struct@@J@Z 000000014006ca50 f   jpeg6:jdatasrc.obj
 0001:0006bb50       ?error_exit@@YAXPEAUjpeg_common_struct@@@Z 000000014006cb50 f   jpeg6:jerror.obj
 0001:0006bb80       ?output_message@@YAXPEAUjpeg_common_struct@@@Z 000000014006cb80 f   jpeg6:jerror.obj
 0001:0006bbb0       ?emit_message@@YAXPEAUjpeg_common_struct@@H@Z 000000014006cbb0 f   jpeg6:jerror.obj
 0001:0006bbf0       ?format_message@@YAXPEAUjpeg_common_struct@@PEAD@Z 000000014006cbf0 f   jpeg6:jerror.obj
 0001:0006bcd0       ?reset_error_mgr@@YAXPEAUjpeg_common_struct@@@Z 000000014006ccd0 f   jpeg6:jerror.obj
 0001:0006bd70       ?initial_setup@@YAXPEAUjpeg_decompress_struct@@@Z 000000014006cd70 f   jpeg6:jdinput.obj
 0001:0006bf80       ?per_scan_setup@@YAXPEAUjpeg_decompress_struct@@@Z 000000014006cf80 f   jpeg6:jdinput.obj
 0001:0006c160       ?latch_quant_tables@@YAXPEAUjpeg_decompress_struct@@@Z 000000014006d160 f   jpeg6:jdinput.obj
 0001:0006c230       ?start_input_pass@@YAXPEAUjpeg_decompress_struct@@@Z 000000014006d230 f   jpeg6:jdinput.obj
 0001:0006c280       ?consume_markers@@YAHPEAUjpeg_decompress_struct@@@Z 000000014006d280 f   jpeg6:jdinput.obj
 0001:0006c390       ?reset_input_controller@@YAXPEAUjpeg_decompress_struct@@@Z 000000014006d390 f   jpeg6:jdinput.obj
 0001:0006c3e0       ?finish_input_pass@@YAXPEAUjpeg_decompress_struct@@@Z 000000014006d3e0 f   jpeg6:jdinput.obj
 0001:0006c460       ?get_soi@@YAEPEAUjpeg_decompress_struct@@@Z 000000014006d460 f   jpeg6:jdmarker.obj
 0001:0006c520       ?get_sof@@YAEPEAUjpeg_decompress_struct@@EE@Z 000000014006d520 f   jpeg6:jdmarker.obj
 0001:0006c870       ?get_sos@@YAEPEAUjpeg_decompress_struct@@@Z 000000014006d870 f   jpeg6:jdmarker.obj
 0001:0006cba0       ?get_app0@@YAEPEAUjpeg_decompress_struct@@@Z 000000014006dba0 f   jpeg6:jdmarker.obj
 0001:0006ce80       ?get_app14@@YAEPEAUjpeg_decompress_struct@@@Z 000000014006de80 f   jpeg6:jdmarker.obj
 0001:0006d070       ?get_dac@@YAEPEAUjpeg_decompress_struct@@@Z 000000014006e070 f   jpeg6:jdmarker.obj
 0001:0006d220       ?get_dht@@YAEPEAUjpeg_decompress_struct@@@Z 000000014006e220 f   jpeg6:jdmarker.obj
 0001:0006d550       ?get_dqt@@YAEPEAUjpeg_decompress_struct@@@Z 000000014006e550 f   jpeg6:jdmarker.obj
 0001:0006d7d0       ?get_dri@@YAEPEAUjpeg_decompress_struct@@@Z 000000014006e7d0 f   jpeg6:jdmarker.obj
 0001:0006d8f0       ?skip_variable@@YAEPEAUjpeg_decompress_struct@@@Z 000000014006e8f0 f   jpeg6:jdmarker.obj
 0001:0006d9c0       ?next_marker@@YAEPEAUjpeg_decompress_struct@@@Z 000000014006e9c0 f   jpeg6:jdmarker.obj
 0001:0006db30       ?first_marker@@YAEPEAUjpeg_decompress_struct@@@Z 000000014006eb30 f   jpeg6:jdmarker.obj
 0001:0006dc00       ?read_markers@@YAHPEAUjpeg_decompress_struct@@@Z 000000014006ec00 f   jpeg6:jdmarker.obj
 0001:0006df20       ?read_restart_marker@@YAEPEAUjpeg_decompress_struct@@@Z 000000014006ef20 f   jpeg6:jdmarker.obj
 0001:0006e0f0       ?reset_marker_reader@@YAXPEAUjpeg_decompress_struct@@@Z 000000014006f0f0 f   jpeg6:jdmarker.obj
 0001:0006e1e0       ?out_of_memory@@YAXPEAUjpeg_common_struct@@H@Z 000000014006f1e0 f   jpeg6:jmemmgr.obj
 0001:0006e200       ?alloc_small@@YAPEAXPEAUjpeg_common_struct@@H_K@Z 000000014006f200 f   jpeg6:jmemmgr.obj
 0001:0006e380       ?alloc_large@@YAPEAXPEAUjpeg_common_struct@@H_K@Z 000000014006f380 f   jpeg6:jmemmgr.obj
 0001:0006e460       ?alloc_sarray@@YAPEAPEAEPEAUjpeg_common_struct@@HII@Z 000000014006f460 f   jpeg6:jmemmgr.obj
 0001:0006e550       ?alloc_barray@@YAPEAPEAY0EA@FPEAUjpeg_common_struct@@HII@Z 000000014006f550 f   jpeg6:jmemmgr.obj
 0001:0006e660       ?request_virt_sarray@@YAPEAUjvirt_sarray_control@@PEAUjpeg_common_struct@@HEIII@Z 000000014006f660 f   jpeg6:jmemmgr.obj
 0001:0006e710       ?request_virt_barray@@YAPEAUjvirt_barray_control@@PEAUjpeg_common_struct@@HEIII@Z 000000014006f710 f   jpeg6:jmemmgr.obj
 0001:0006e7c0       ?realize_virt_arrays@@YAXPEAUjpeg_common_struct@@@Z 000000014006f7c0 f   jpeg6:jmemmgr.obj
 0001:0006e9a0       ?do_sarray_io@@YAXPEAUjpeg_common_struct@@PEAUjvirt_sarray_control@@E@Z 000000014006f9a0 f   jpeg6:jmemmgr.obj
 0001:0006ea60       ?do_barray_io@@YAXPEAUjpeg_common_struct@@PEAUjvirt_barray_control@@E@Z 000000014006fa60 f   jpeg6:jmemmgr.obj
 0001:0006eb20       ?access_virt_sarray@@YAPEAPEAEPEAUjpeg_common_struct@@PEAUjvirt_sarray_control@@IIE@Z 000000014006fb20 f   jpeg6:jmemmgr.obj
 0001:0006ec80       ?access_virt_barray@@YAPEAPEAY0EA@FPEAUjpeg_common_struct@@PEAUjvirt_barray_control@@IIE@Z 000000014006fc80 f   jpeg6:jmemmgr.obj
 0001:0006ede0       ?free_pool@@YAXPEAUjpeg_common_struct@@H@Z 000000014006fde0 f   jpeg6:jmemmgr.obj
 0001:0006ef30       ?self_destruct@@YAXPEAUjpeg_common_struct@@@Z 000000014006ff30 f   jpeg6:jmemmgr.obj
 0001:0006f1b0       ?use_merged_upsample@@YAEPEAUjpeg_decompress_struct@@@Z 00000001400701b0 f   jpeg6:jdmaster.obj
 0001:0006f270       ?prepare_range_limit_table@@YAXPEAUjpeg_decompress_struct@@@Z 0000000140070270 f   jpeg6:jdmaster.obj
 0001:0006f320       ?master_selection@@YAXPEAUjpeg_decompress_struct@@@Z 0000000140070320 f   jpeg6:jdmaster.obj
 0001:0006f4d0       ?prepare_for_output_pass@@YAXPEAUjpeg_decompress_struct@@@Z 00000001400704d0 f   jpeg6:jdmaster.obj
 0001:0006f620       ?finish_output_pass@@YAXPEAUjpeg_decompress_struct@@@Z 0000000140070620 f   jpeg6:jdmaster.obj
 0001:0006f790       ?alloc_funny_pointers@@YAXPEAUjpeg_decompress_struct@@@Z 0000000140070790 f   jpeg6:jdmainct.obj
 0001:0006f890       ?make_funny_pointers@@YAXPEAUjpeg_decompress_struct@@@Z 0000000140070890 f   jpeg6:jdmainct.obj
 0001:0006fa30       ?set_wraparound_pointers@@YAXPEAUjpeg_decompress_struct@@@Z 0000000140070a30 f   jpeg6:jdmainct.obj
 0001:0006fb40       ?set_bottom_pointers@@YAXPEAUjpeg_decompress_struct@@@Z 0000000140070b40 f   jpeg6:jdmainct.obj
 0001:0006fc10       ?process_data_simple_main@@YAXPEAUjpeg_decompress_struct@@PEAPEAEPEAII@Z 0000000140070c10 f   jpeg6:jdmainct.obj
 0001:0006fcc0       ?process_data_context_main@@YAXPEAUjpeg_decompress_struct@@PEAPEAEPEAII@Z 0000000140070cc0 f   jpeg6:jdmainct.obj
 0001:0006fe50       ?start_pass_main@@YAXPEAUjpeg_decompress_struct@@W4J_BUF_MODE@@@Z 0000000140070e50 f   jpeg6:jdmainct.obj
 0001:00070000       ?start_iMCU_row@@YAXPEAUjpeg_decompress_struct@@@Z 0000000140071000 f   jpeg6:jdcoefct.obj
 0001:00070060       ?start_input_pass@@YAXPEAUjpeg_decompress_struct@@@Z 0000000140071060 f   jpeg6:jdcoefct.obj
 0001:00070070       ?start_output_pass@@YAXPEAUjpeg_decompress_struct@@@Z 0000000140071070 f   jpeg6:jdcoefct.obj
 0001:00070080       ?decompress_onepass@@YAHPEAUjpeg_decompress_struct@@PEAPEAPEAE@Z 0000000140071080 f   jpeg6:jdcoefct.obj
 0001:00070340       ?dummy_consume_data@@YAHPEAUjpeg_decompress_struct@@@Z 0000000140071340 f   jpeg6:jdcoefct.obj
 0001:000708d0       ?process_restart@@YAEPEAUjpeg_decompress_struct@@@Z 00000001400718d0 f   jpeg6:jdhuff.obj
 0001:00070970       ?decode_mcu@@YAEPEAUjpeg_decompress_struct@@PEAPEAY0EA@F@Z 0000000140071970 f   jpeg6:jdhuff.obj
 0001:00070e40       ?start_pass_huff_decoder@@YAXPEAUjpeg_decompress_struct@@@Z 0000000140071e40 f   jpeg6:jdhuff.obj
 0001:00071000       ?start_pass@@YAXPEAUjpeg_decompress_struct@@@Z 0000000140072000 f   jpeg6:jddctmgr.obj
 0001:000713c0       ?post_process_1pass@@YAXPEAUjpeg_decompress_struct@@PEAPEAPEAEPEAIIPEAPEAE2I@Z 00000001400723c0 f   jpeg6:jdpostct.obj
 0001:00071470       ?start_pass_dpost@@YAXPEAUjpeg_decompress_struct@@W4J_BUF_MODE@@@Z 0000000140072470 f   jpeg6:jdpostct.obj
 0001:000715c0       ?start_pass_upsample@@YAXPEAUjpeg_decompress_struct@@@Z 00000001400725c0 f   jpeg6:jdsample.obj
 0001:000715e0       ?sep_upsample@@YAXPEAUjpeg_decompress_struct@@PEAPEAPEAEPEAIIPEAPEAE2I@Z 00000001400725e0 f   jpeg6:jdsample.obj
 0001:00071730       ?fullsize_upsample@@YAXPEAUjpeg_decompress_struct@@PEAUjpeg_component_info@@PEAPEAEPEAPEAPEAE@Z 0000000140072730 f   jpeg6:jdsample.obj
 0001:00071740       ?noop_upsample@@YAXPEAUjpeg_decompress_struct@@PEAUjpeg_component_info@@PEAPEAEPEAPEAPEAE@Z 0000000140072740 f   jpeg6:jdsample.obj
 0001:00071750       ?int_upsample@@YAXPEAUjpeg_decompress_struct@@PEAUjpeg_component_info@@PEAPEAEPEAPEAPEAE@Z 0000000140072750 f   jpeg6:jdsample.obj
 0001:000718b0       ?h2v1_upsample@@YAXPEAUjpeg_decompress_struct@@PEAUjpeg_component_info@@PEAPEAEPEAPEAPEAE@Z 00000001400728b0 f   jpeg6:jdsample.obj
 0001:00071920       ?h2v2_upsample@@YAXPEAUjpeg_decompress_struct@@PEAUjpeg_component_info@@PEAPEAEPEAPEAPEAE@Z 0000000140072920 f   jpeg6:jdsample.obj
 0001:000719e0       ?h2v1_fancy_upsample@@YAXPEAUjpeg_decompress_struct@@PEAUjpeg_component_info@@PEAPEAEPEAPEAPEAE@Z 00000001400729e0 f   jpeg6:jdsample.obj
 0001:00071ad0       ?h2v2_fancy_upsample@@YAXPEAUjpeg_decompress_struct@@PEAUjpeg_component_info@@PEAPEAEPEAPEAPEAE@Z 0000000140072ad0 f   jpeg6:jdsample.obj
 0001:00071e90       ?build_ycc_rgb_table@@YAXPEAUjpeg_decompress_struct@@@Z 0000000140072e90 f   jpeg6:jdcolor.obj
 0001:00071f90       ?ycc_rgb_convert@@YAXPEAUjpeg_decompress_struct@@PEAPEAPEAEIPEAPEAEH@Z 0000000140072f90 f   jpeg6:jdcolor.obj
 0001:00072130       ?null_convert@@YAXPEAUjpeg_decompress_struct@@PEAPEAPEAEIPEAPEAEH@Z 0000000140073130 f   jpeg6:jdcolor.obj
 0001:000721f0       ?grayscale_convert@@YAXPEAUjpeg_decompress_struct@@PEAPEAPEAEIPEAPEAEH@Z 00000001400731f0 f   jpeg6:jdcolor.obj
 0001:00072230       ?ycck_cmyk_convert@@YAXPEAUjpeg_decompress_struct@@PEAPEAPEAEIPEAPEAEH@Z 0000000140073230 f   jpeg6:jdcolor.obj
 0001:00076360       ?term_source@@YAXPEAUjpeg_decompress_struct@@@Z 0000000140077360 f   picomodel:picointernal.obj
 0001:00076360       ?start_pass_dcolor@@YAXPEAUjpeg_decompress_struct@@@Z 0000000140077360 f   picomodel:picointernal.obj
 0001:00076e50       _obj_canload               0000000140077e50 f   picomodel:pm_obj.obj
 0001:00076fb0       SizeObjVertexData          0000000140077fb0 f   picomodel:pm_obj.obj
 0001:00077070       FreeObjVertexData          0000000140078070 f   picomodel:pm_obj.obj
 0001:00077090       _obj_load                  0000000140078090 f   picomodel:pm_obj.obj
 0001:00077fa0       _terrain_canload           0000000140078fa0 f   picomodel:pm_terrain.obj
 0001:00078010       _terrain_load              0000000140079010 f   picomodel:pm_terrain.obj
 0001:000787f0       lwo_lwIDToStr              00000001400797f0 f   picomodel:pm_lwo.obj
 0001:00078840       _lwo_canload               0000000140079840 f   picomodel:pm_lwo.obj
 0001:000788b0       _lwo_load                  00000001400798b0 f   picomodel:pm_lwo.obj
 0001:000791b0       _fm_canload                000000014007a1b0 f   picomodel:pm_fm.obj
 0001:000792e0       _fm_load                   000000014007a2e0 f   picomodel:pm_fm.obj
 0001:00079dc0       _md2_canload               000000014007adc0 f   picomodel:pm_md2.obj
 0001:00079e10       _md2_load                  000000014007ae10 f   picomodel:pm_md2.obj
 0001:0007a880       _mdc_canload               000000014007b880 f   picomodel:pm_mdc.obj
 0001:0007a8d0       _mdc_load                  000000014007b8d0 f   picomodel:pm_mdc.obj
 0001:0007b1b0       _ms3d_canload              000000014007c1b0 f   picomodel:pm_ms3d.obj
 0001:0007b230       GetWord                    000000014007c230 f   picomodel:pm_ms3d.obj
 0001:0007b270       _ms3d_load                 000000014007c270 f   picomodel:pm_ms3d.obj
 0001:0007b9a0       _ase_get_material          000000014007c9a0 f   picomodel:pm_ase.obj
 0001:0007b9c0       _ase_get_submaterial       000000014007c9c0 f   picomodel:pm_ase.obj
 0001:0007ba70       _ase_add_material          000000014007ca70 f   picomodel:pm_ase.obj
 0001:0007bab0       _ase_add_submaterial       000000014007cab0 f   picomodel:pm_ase.obj
 0001:0007bb30       _ase_free_materials        000000014007cb30 f   picomodel:pm_ase.obj
 0001:0007bbb0       _ase_canload               000000014007cbb0 f   picomodel:pm_ase.obj
 0001:0007bc40       _ase_submit_triangles      000000014007cc40 f   picomodel:pm_ase.obj
 0001:0007c1b0       _ase_load                  000000014007d1b0 f   picomodel:pm_ase.obj
 0001:0007d810       _3ds_canload               000000014007e810 f   picomodel:pm_3ds.obj
 0001:0007d870       GetChunk                   000000014007e870 f   picomodel:pm_3ds.obj
 0001:0007d8d0       GetASCIIZ                  000000014007e8d0 f   picomodel:pm_3ds.obj
 0001:0007d960       GetByte                    000000014007e960 f   picomodel:pm_3ds.obj
 0001:0007d980       GetWord                    000000014007e980 f   picomodel:pm_3ds.obj
 0001:0007d9c0       GetFloat                   000000014007e9c0 f   picomodel:pm_3ds.obj
 0001:0007d9f0       GetMeshVertices            000000014007e9f0 f   picomodel:pm_3ds.obj
 0001:0007da80       GetMeshFaces               000000014007ea80 f   picomodel:pm_3ds.obj
 0001:0007db40       GetMeshTexCoords           000000014007eb40 f   picomodel:pm_3ds.obj
 0001:0007dbd0       GetMeshShader              000000014007ebd0 f   picomodel:pm_3ds.obj
 0001:0007dda0       GetDiffuseColor            000000014007eda0 f   picomodel:pm_3ds.obj
 0001:0007ddf0       DoNextEditorDataChunk      000000014007edf0 f   picomodel:pm_3ds.obj
 0001:0007e070       DoNextChunk                000000014007f070 f   picomodel:pm_3ds.obj
 0001:0007e130       _3ds_load                  000000014007f130 f   picomodel:pm_3ds.obj
 0001:0007e240       _md3_canload               000000014007f240 f   picomodel:pm_md3.obj
 0001:0007e290       _md3_load                  000000014007f290 f   picomodel:pm_md3.obj
 0001:00081860       compare_shaders            0000000140082860 f   picomodel:surface.obj
 0001:00081860       compare_textures           0000000140082860 f   picomodel:surface.obj
 0001:00081890       add_texture                0000000140082890 f   picomodel:surface.obj
 0001:000825a0       compare_keys               00000001400835a0 f   picomodel:envelope.obj
 0001:00083050       add_clip                   0000000140084050 f   picomodel:lwob.obj
 0001:00083100       add_tvel                   0000000140084100 f   picomodel:lwob.obj
 0001:00083280       get_texture                0000000140084280 f   picomodel:lwob.obj
 0001:000844f8       pre_cpp_init               00000001400854f8 f   MSVCRT:crtexe.obj
 0001:00084560       __tmainCRTStartup          0000000140085560 f   MSVCRT:crtexe.obj
 0001:000846e0       pre_c_init                 00000001400856e0 f   MSVCRT:crtexe.obj
 0001:00084b80       _onexit$fin$0              0000000140085b80 f   MSVCRT:atonexit.obj
 0001:00084b99       __tmainCRTStartup$filt$0   0000000140085b99 f   MSVCRT:crtexe.obj
 0001:00084bc0       _IsNonwritableInCurrentImage$filt$0 0000000140085bc0 f   MSVCRT:pesect.obj
