 bloodmap

 Timestamp is 55d0fe87 (Mon Aug 17 00:20:07 2015)

 Preferred load address is 0000000140000000

 Start         Length     Name                   Class
 0001:00000000 00097648H .text                   CODE
 0001:00097650 0000005eH .text$00                CODE
 0001:000976b0 00000061H .text$x                 CODE
 0002:00000000 00000528H .idata$5                DATA
 0002:00000528 00000008H .CRT$XCA                DATA
 0002:00000530 00000008H .CRT$XCAA               DATA
 0002:00000538 00000008H .CRT$XCZ                DATA
 0002:00000540 00000008H .CRT$XIA                DATA
 0002:00000548 00000008H .CRT$XIAA               DATA
 0002:00000550 00000008H .CRT$XIY                DATA
 0002:00000558 00000008H .CRT$XIZ                DATA
 0002:00000560 00011938H .rdata                  DATA
 0002:00011e98 00000042H .rdata$debug            DATA
 0002:00011ee0 00000008H .rtc$IAA                DATA
 0002:00011ee8 00000008H .rtc$IZZ                DATA
 0002:00011ef0 00000008H .rtc$TAA                DATA
 0002:00011ef8 00000008H .rtc$TZZ                DATA
 0002:00011f00 00009ed8H .xdata                  DATA
 0002:0001bdd8 00000078H .idata$2                DATA
 0002:0001be50 00000014H .idata$3                DATA
 0002:0001be68 00000528H .idata$4                DATA
 0002:0001c390 00000842H .idata$6                DATA
 0002:0001cbd2 00000000H .edata                  DATA
 0003:00000000 00019a68H .data                   DATA
 0003:00019a80 105d3320H .bss                    DATA
 0004:00000000 0000663cH .pdata                  DATA
 0005:00000000 00000250H .rsrc$01                DATA
 0005:00000250 000102f8H .rsrc$02                DATA

  Address         Publics by Value              Rva+Base               Lib:Object

 0000:00000000       ___safe_se_handler_table   0000000000000000     <absolute>
 0000:00000000       ___safe_se_handler_count   0000000000000000     <absolute>
 0000:00000000       __ImageBase                0000000140000000     <linker-defined>
 0001:00000000       ?IncDrawVerts@@YAXXZ       0000000140001000 f   bspfile_abstract.obj
 0001:000000d0       ?SetDrawVerts@@YAXH@Z      00000001400010d0 f   bspfile_abstract.obj
 0001:00000190       ?SetDrawSurfaces@@YAXH@Z   0000000140001190 f   bspfile_abstract.obj
 0001:00000250       ?SwapBSPFile@@YAXXZ        0000000140001250 f   bspfile_abstract.obj
 0001:00000400       ?WriteBSPFile@@YAXPEBD@Z   0000000140001400 f   bspfile_abstract.obj
 0001:000004a0       ?PrintBSPFileSizes@@YAXXZ  00000001400014a0 f   bspfile_abstract.obj
 0001:00000740       ?ParseEPair@@YAPEAUepair_s@@XZ 0000000140001740 f   bspfile_abstract.obj
 0001:000008b0       ?ParseEntity@@YA?AW4qboolean@@XZ 00000001400018b0 f   bspfile_abstract.obj
 0001:000009d0       ?ParseEntities@@YAXXZ      00000001400019d0 f   bspfile_abstract.obj
 0001:00000a70       ?UnparseEntities@@YAXW4qboolean@@@Z 0000000140001a70 f   bspfile_abstract.obj
 0001:00000db0       ?SetKeyValue@@YAXPEAUentity_t@@PEBD1@Z 0000000140001db0 f   bspfile_abstract.obj
 0001:00000f00       ?KeyExists@@YA?AW4qboolean@@PEBUentity_t@@PEBD@Z 0000000140001f00 f   bspfile_abstract.obj
 0001:00000f60       ?ValueForKey@@YAPEBDPEBUentity_t@@PEBD@Z 0000000140001f60 f   bspfile_abstract.obj
 0001:00000fd0       ?IntForKey@@YAHPEBUentity_t@@PEBD@Z 0000000140001fd0 f   bspfile_abstract.obj
 0001:00001050       ?FloatForKey@@YAMPEBUentity_t@@PEBD@Z 0000000140002050 f   bspfile_abstract.obj
 0001:000010c0       ?GetVectorForKey@@YAXPEBUentity_t@@PEBDQEAM@Z 00000001400020c0 f   bspfile_abstract.obj
 0001:00001180       ?FindTargetEntity@@YAPEAUentity_t@@PEBD@Z 0000000140002180 f   bspfile_abstract.obj
 0001:00001250       ?GetEntityShadowFlags@@YAXPEBUentity_t@@0PEAD1W4qboolean@@@Z 0000000140002250 f   bspfile_abstract.obj
 0001:000014a0       ?GetEntityLightmapScale@@YAXPEBUentity_t@@PEAMM@Z 00000001400024a0 f   bspfile_abstract.obj
 0001:00001640       ?GetEntityLightmapAxis@@YAXPEBUentity_t@@QEAM1@Z 0000000140002640 f   bspfile_abstract.obj
 0001:00001920       ?GetEntityNormalSmoothing@@YAXPEBUentity_t@@PEAHH@Z 0000000140002920 f   bspfile_abstract.obj
 0001:00001a30       ?GetEntityMinlightAmbientColor@@YAXPEBUentity_t@@QEAM1111W4qboolean@@@Z 0000000140002a30 f   bspfile_abstract.obj
 0001:00003740       ?LoadIBSPFile@@YAXPEBD@Z   0000000140004740 f   bspfile_ibsp.obj
 0001:00003d20       ?WriteIBSPFile@@YAXPEBD@Z  0000000140004d20 f   bspfile_ibsp.obj
 0001:00004760       ?LoadRBSPFile@@YAXPEBD@Z   0000000140005760 f   bspfile_rbsp.obj
 0001:00004f10       ?WriteRBSPFile@@YAXPEBD@Z  0000000140005f10 f   bspfile_rbsp.obj
 0001:000056d0       ?PNGReadData@@YAXPEAUpng_struct_def@@PEAE_K@Z 00000001400066d0 f   image.obj
 0001:00005a60       ?WritePNG@@YAXPEBDPEAEHHW4qboolean@@2@Z 0000000140006a60 f   image.obj
 0001:00005e10       ?ImageFind@@YAPEAUimage_s@@PEBD@Z 0000000140006e10 f   image.obj
 0001:00005f00       ?ImageLoad@@YAPEAUimage_s@@PEBD@Z 0000000140006f00 f   image.obj
 0001:00006790       ?FixAAS@@YAHHPEAPEAD@Z     0000000140007790 f   main.obj
 0001:00006a30       ?AnalyzeBSP@@YAHHPEAPEAD@Z 0000000140007a30 f   main.obj
 0001:00006e20       ?BSPInfo@@YAHHPEAPEAD@Z    0000000140007e20 f   main.obj
 0001:00007160       ?ScaleBSPMain@@YAHHPEAPEAD@Z 0000000140008160 f   main.obj
 0001:00008130       ?ConvertBSPMain@@YAHHPEAPEAD@Z 0000000140009130 f   main.obj
 0001:00008550       main                       0000000140009550 f   main.obj
 0001:00008be0       ?LerpDrawVert@@YAXPEAUbspDrawVert_t@@00@Z 0000000140009be0 f   mesh.obj
 0001:00008d30       ?LerpDrawVertAmount@@YAXPEAUbspDrawVert_t@@0M0@Z 0000000140009d30 f   mesh.obj
 0001:00008f10       ?CopyMesh@@YAPEAUmesh_t@@PEAU1@@Z 0000000140009f10 f   mesh.obj
 0001:00008f90       ?TransposeMesh@@YAPEAUmesh_t@@PEAU1@@Z 0000000140009f90 f   mesh.obj
 0001:00009090       ?InvertMesh@@YAXPEAUmesh_t@@@Z 000000014000a090 f   mesh.obj
 0001:000091d0       ?MakeMeshNormals@@YAXUmesh_t@@@Z 000000014000a1d0 f   mesh.obj
 0001:00009760       ?PutMeshOnCurve@@YAXUmesh_t@@@Z 000000014000a760 f   mesh.obj
 0001:00009ab0       ?SubdivideMesh@@YAPEAUmesh_t@@U1@MM@Z 000000014000aab0 f   mesh.obj
 0001:0000a7e0       ?IterationsForCurve@@YAHMH@Z 000000014000b7e0 f   mesh.obj
 0001:0000a860       ?SubdivideMesh2@@YAPEAUmesh_t@@U1@H@Z 000000014000b860 f   mesh.obj
 0001:0000b150       ?RemoveLinearMeshColumnsRows@@YAPEAUmesh_t@@PEAU1@@Z 000000014000c150 f   mesh.obj
 0001:0000b740       ?PicoPrintFunc@@YAXHPEBD@Z 000000014000c740 f   model.obj
 0001:0000b7c0       ?PicoLoadFileFunc@@YAXPEADPEAPEAEPEAH@Z 000000014000c7c0 f   model.obj
 0001:0000b7e0       ?FindModel@@YAPEAUpicoModel_s@@PEBDH@Z 000000014000c7e0 f   model.obj
 0001:0000b8b0       ?LoadModel@@YAPEAUpicoModel_s@@PEBDH@Z 000000014000c8b0 f   model.obj
 0001:0000b9c0       ?InsertModel@@YAXPEADHHQEAMMPEAUremap_s@@PEAUshaderInfo_s@@HHDDHM11111MHHW4qboolean@@M4PEAH555@Z 000000014000c9c0 f   model.obj
 0001:0000cd50       ?LoadTriangleModels@@YAXXZ 000000014000dd50 f   model.obj
 0001:0000d0c0       ?AddTriangleModels@@YAXH@Z 000000014000e0c0 f   model.obj
 0001:0000e2a0       ?TidyShaders@@YAXXZ        000000014000f2a0 f   optimize.obj
 0001:0000ea00       ?MergeDrawSurfaces@@YAXXZ  000000014000fa00 f   optimize.obj
 0001:0000f710       ?MergeDrawVerts@@YAXXZ     0000000140010710 f   optimize.obj
 0001:00010160       ?WriteResourceOBJFile@@YAXPEBD@Z 0000000140011160 f   optimize.obj
 0001:00010a40       ?OptimizeBSPMain@@YAHHPEAPEAD@Z 0000000140011a40 f   optimize.obj
 0001:00011140       ?AllocateEntity@@YAPEAUentity_t@@PEAU1@@Z 0000000140012140 f   patchbsp.obj
 0001:000111c0       ?FindMapEntityByUniqueKey@@YAPEAUentity_t@@PEBD@Z 00000001400121c0 f   patchbsp.obj
 0001:000112d0       ?PatchEntities@@YAXXZ      00000001400122d0 f   patchbsp.obj
 0001:00011850       ?PatchBSPMain@@YAHHPEAPEAD@Z 0000000140012850 f   patchbsp.obj
 0001:00011e80       ?GetGame@@YAPEAUgame_s@@PEAD@Z 0000000140012e80 f   path_init.obj
 0001:00011fd0       ?AddBasePath@@YAXPEAD@Z    0000000140012fd0 f   path_init.obj
 0001:00012070       ?AddGamePath@@YAXPEAD@Z    0000000140013070 f   path_init.obj
 0001:00012110       ?InitPaths@@YAXPEAHPEAPEAD@Z 0000000140013110 f   path_init.obj
 0001:000125e0       ?GetGamePath@@YA?AW4qboolean@@PEAD0@Z 00000001400135e0 f   path_init.obj
 0001:00012870       ?ColorModBuildRandomMatrix@@YAXXZ 0000000140013870 f   shaders.obj
 0001:00012920       ?ColorModRandom@@YAMQEAMM@Z 0000000140013920 f   shaders.obj
 0001:00012bf0       ?ColorMod@@YAXPEAUentity_t@@PEAUmapDrawSurface_s@@PEAUcolorMod_s@@PEAUbrush_s@@HH@Z 0000000140013bf0 f   shaders.obj
 0001:000135b0       ?TCModMultiply@@YAXQEAY02M00@Z 00000001400145b0 f   shaders.obj
 0001:00013730       ?TCModRotate@@YAXQEAY02MM@Z 0000000140014730 f   shaders.obj
 0001:00013820       ?ApplySurfaceParm@@YA?AW4qboolean@@PEADPEAH11@Z 0000000140014820 f   shaders.obj
 0001:00013970       ?BeginMapShaderFile@@YAXPEBD@Z 0000000140014970 f   shaders.obj
 0001:00013ae0       ?WriteMapShaderFile@@YAXXZ 0000000140014ae0 f   shaders.obj
 0001:00013c60       ?CustomShader@@YAPEAUshaderInfo_s@@PEAU1@PEAD1@Z 0000000140014c60 f   shaders.obj
 0001:00014340       ?FinishShader@@YAXPEAUshaderInfo_s@@@Z 0000000140015340 f   shaders.obj
 0001:00014a40       ?ShaderInfoForShader@@YAPEAUshaderInfo_s@@PEBD@Z 0000000140015a40 f   shaders.obj
 0001:00014c40       ?GetTokenAppend@@YA?AW4qboolean@@PEADW41@@Z 0000000140015c40 f   shaders.obj
 0001:00014d40       ?Parse1DMatrixAppend@@YAXPEADHPEAM@Z 0000000140015d40 f   shaders.obj
 0001:00014e30       ?AllocateColorMod@@YAPEAUcolorMod_s@@PEAUshaderInfo_s@@W4colorModType_t@@@Z 0000000140015e30 f   shaders.obj
 0001:00017f40       ?LoadShaderInfo@@YAXXZ     0000000140018f40 f   shaders.obj
 0001:00018180       ?AllocSideRef@@YAPEAUsideRef_s@@PEAUside_s@@PEAU1@@Z 0000000140019180 f   brush.obj
 0001:000181d0       ?AllocBrush@@YAPEAUbrush_s@@H@Z 00000001400191d0 f   brush.obj
 0001:00018250       ?FreeBrush@@YAXPEAUbrush_s@@@Z 0000000140019250 f   brush.obj
 0001:00018340       ?CopyBrush@@YAPEAUbrush_s@@PEAU1@@Z 0000000140019340 f   brush.obj
 0001:00018410       ?BoundBrush@@YA?AW4qboolean@@PEAUbrush_s@@@Z 0000000140019410 f   brush.obj
 0001:00018500       ?CreateBrushWindings@@YA?AW4qboolean@@PEAUbrush_s@@@Z 0000000140019500 f   brush.obj
 0001:00018690       ?BrushVolume@@YAMPEAUbrush_s@@@Z 0000000140019690 f   brush.obj
 0001:000187c0       ?WriteBSPBrushMap@@YAXPEADPEAUbrush_s@@@Z 00000001400197c0 f   brush.obj
 0001:000189d0       ?FilterBrushIntoTree_r@@YAHPEAUbrush_s@@PEAUnode_s@@@Z 00000001400199d0 f   brush.obj
 0001:00018aa0       ?FilterDetailBrushesIntoTree@@YAXPEAUentity_t@@PEAUtree_t@@@Z 0000000140019aa0 f   brush.obj
 0001:00018b70       ?FilterStructuralBrushesIntoTree@@YAXPEAUentity_t@@PEAUtree_t@@W4qboolean@@@Z 0000000140019b70 f   brush.obj
 0001:00018c70       ?WindingIsTiny@@YA?AW4qboolean@@PEAUwinding_t@@@Z 0000000140019c70 f   brush.obj
 0001:00018d50       ?BrushMostlyOnSide@@YAHPEAUbrush_s@@PEAUplane_s@@@Z 0000000140019d50 f   brush.obj
 0001:00018fd0       ?SplitBrush@@YAXPEAUbrush_s@@HPEAPEAU1@1@Z 0000000140019fd0 f   brush.obj
 0001:00019780       ?ComputeAxisBase@@YAXQEAM00@Z 000000014001a780 f   brush_primit.obj
 0001:000198e0       ?SetCloneModelNumbers@@YAXXZ 000000014001a8e0 f   bsp.obj
 0001:0001a170       ?ProcessWorldModel@@YAXXZ  000000014001b170 f   bsp.obj
 0001:0001b190       ?ProcessSubModel@@YAXXZ    000000014001c190 f   bsp.obj
 0001:0001b430       ?ProcessModels@@YAXXZ      000000014001c430 f   bsp.obj
 0001:0001b650       ?RegionScissor@@YAXXZ      000000014001c650 f   bsp.obj
 0001:0001c5f0       ?BSPMain@@YAHHPEAPEAD@Z    000000014001d5f0 f   bsp.obj
 0001:0001e760       ?ProcessDecals@@YAXXZ      000000014001f760 f   decals.obj
 0001:0001fcf0       ?MakeEntityDecals@@YAXPEAUentity_t@@@Z 0000000140020cf0 f   decals.obj
 0001:000200a0       ?FreeNode@@YAXPEAUdnode_s@@@Z 00000001400210a0 f   decorations.obj
 0001:00020110       ?FreeNodesArray@@YAXPEAUdnode_s@@H@Z 0000000140021110 f   decorations.obj
 0001:00020210       ?EntityArrayAdd@@YAXPEAUdgroupents_s@@PEAUentity_t@@@Z 0000000140021210 f   decorations.obj
 0001:000202d0       ?NewDecoreGroup@@YAPEAUdgroup_s@@PEADW4decoreMatchParm_t@@@Z 00000001400212d0 f   decorations.obj
 0001:00020440       ?PopulateDecoreGroup@@YA?AW4qboolean@@PEAUentity_t@@W4decoreMatchParm_t@@PEAD@Z 0000000140021440 f   decorations.obj
 0001:00020630       ?DecoreParseActions@@YAXPEAUdactions_s@@@Z 0000000140021630 f   decorations.obj
 0001:00020c70       ?EntityPopulateDecorationGroups@@YAXH@Z 0000000140021c70 f   decorations.obj
 0001:00020ce0       ?LoadDecorationScript@@YAXXZ 0000000140021ce0 f   decorations.obj
 0001:000214c0       ?EntityProcessActions@@YAXPEAUentity_t@@PEAUdactions_s@@@Z 00000001400224c0 f   decorations.obj
 0001:00021690       ?CreateEntity@@YAPEAUentity_t@@PEAD@Z 0000000140022690 f   decorations.obj
 0001:00021740       ?LoadFoliage@@YAXPEAD@Z    0000000140022740 f   decorations.obj
 0001:000219a0       ?LoadRtlights@@YAXXZ       00000001400229a0 f   decorations.obj
 0001:00022310       ?ProcessDecorationGroup@@YAXH@Z 0000000140023310 f   decorations.obj
 0001:00022c30       ?ProcessDecorations@@YAXXZ 0000000140023c30 f   decorations.obj
 0001:000230b0       ?BuildFaceTree_r@@YAXPEAUnode_s@@PEAUface_s@@@Z 00000001400240b0 f   facebsp.obj
 0001:00023480       ?FaceBSP@@YAPEAUtree_t@@PEAUface_s@@W4qboolean@@@Z 0000000140024480 f   facebsp.obj
 0001:00023630       ?MakeStructuralBSPFaceList@@YAPEAUface_s@@PEAUbrush_s@@@Z 0000000140024630 f   facebsp.obj
 0001:000237a0       ?MakeVisibleBSPFaceList@@YAPEAUface_s@@PEAUbrush_s@@@Z 00000001400247a0 f   facebsp.obj
 0001:00023910       ?DrawSurfToMesh@@YAPEAUmesh_t@@PEAUmapDrawSurface_s@@@Z 0000000140024910 f   fog.obj
 0001:000239b0       ?SplitMeshByPlane@@YAXPEAUmesh_t@@QEAMMPEAPEAU1@2@Z 00000001400249b0 f   fog.obj
 0001:00024150       ?ChopPatchSurfaceByBrush@@YA?AW4qboolean@@PEAUentity_t@@PEAUmapDrawSurface_s@@PEAUbrush_s@@@Z 0000000140025150 f   fog.obj
 0001:000243b0       ?WindingFromDrawSurf@@YAPEAUwinding_t@@PEAUmapDrawSurface_s@@@Z 00000001400253b0 f   fog.obj
 0001:000245f0       ?ChopFaceSurfaceByBrush@@YA?AW4qboolean@@PEAUentity_t@@PEAUmapDrawSurface_s@@PEAUbrush_s@@@Z 00000001400255f0 f   fog.obj
 0001:00024970       ?FogDrawSurfaces@@YAXPEAUentity_t@@@Z 0000000140025970 f   fog.obj
 0001:00024b80       ?FogForBounds@@YAHQEAM0M@Z 0000000140025b80 f   fog.obj
 0001:00024d00       ?CreateMapFogs@@YAXXZ      0000000140025d00 f   fog.obj
 0001:00025040       ?LeakFile@@YAPEAU_xmlNode@@PEAUtree_t@@@Z 0000000140026040 f   leakfile.obj
 0001:000254c0       ?CreateNewFloatPlane@@YAHQEAMM@Z 00000001400264c0 f   map.obj
 0001:000256c0       ?SnapNormal@@YAXQEAM@Z     00000001400266c0 f   map.obj
 0001:00025760       ?FindFloatPlane@@YAHQEAMMHPEAY02M@Z 0000000140026760 f   map.obj
 0001:00025ab0       ?MapPlaneFromPoints@@YAHPEAY02M@Z 0000000140026ab0 f   map.obj
 0001:00025c10       ?SetBrushContents@@YAXPEAUbrush_s@@@Z 0000000140026c10 f   map.obj
 0001:00025d60       ?AddBrushBevels@@YAXXZ     0000000140026d60 f   map.obj
 0001:00026900       ?FinishBrush@@YAPEAUbrush_s@@XZ 0000000140027900 f   map.obj
 0001:00026be0       ?TextureAxisFromPlane@@YAXPEAUplane_s@@QEAM1@Z 0000000140027be0 f   map.obj
 0001:00026db0       ?QuakeTextureVecs@@YAXPEAUplane_s@@QEAMM1QEAY03M@Z 0000000140027db0 f   map.obj
 0001:00027580       ?RemoveDuplicateBrushPlanes@@YA?AW4qboolean@@PEAUbrush_s@@@Z 0000000140028580 f   map.obj
 0001:000278a0       ?MoveBrushesToWorld@@YAXPEAUentity_t@@@Z 00000001400288a0 f   map.obj
 0001:00027a10       ?AdjustBrushesForOrigin@@YAXPEAUentity_t@@@Z 0000000140028a10 f   map.obj
 0001:00027b50       ?SetEntityBounds@@YAXPEAUentity_t@@@Z 0000000140028b50 f   map.obj
 0001:00027ee0       ?LoadEntityIndexMap@@YAXPEAUentity_t@@@Z 0000000140028ee0 f   map.obj
 0001:00028e00       ?LoadMapFile@@YAXPEADW4qboolean@@111@Z 0000000140029e00 f   map.obj
 0001:000292a0       ?CheckMapForErrors@@YAHXZ  000000014002a2a0 f   map.obj
 0001:0002a2b0       ?ParsePatch@@YAXW4qboolean@@@Z 000000014002b2b0 f   patch.obj
 0001:0002aad0       ?PatchMapDrawSurfs@@YAXPEAUentity_t@@@Z 000000014002bad0 f   patch.obj
 0001:0002b0a0       ?MakeHeadnodePortals@@YAXPEAUtree_t@@@Z 000000014002c0a0 f   portals.obj
 0001:0002b3a0       ?BaseWindingForNode@@YAPEAUwinding_t@@PEAUnode_s@@@Z 000000014002c3a0 f   portals.obj
 0001:0002b4b0       ?MakeNodePortal@@YAXPEAUnode_s@@@Z 000000014002c4b0 f   portals.obj
 0001:0002b6f0       ?SplitNodePortals@@YAXPEAUnode_s@@@Z 000000014002c6f0 f   portals.obj
 0001:0002be60       ?CalcNodeBounds@@YAXPEAUnode_s@@@Z 000000014002ce60 f   portals.obj
 0001:0002bef0       ?MakeTreePortals_r@@YAXPEAUnode_s@@@Z 000000014002cef0 f   portals.obj
 0001:0002bfe0       ?FloodPortals_r@@YAXPEAUnode_s@@HW4qboolean@@@Z 000000014002cfe0 f   portals.obj
 0001:0002c080       ?PlaceOccupantTest@@YA?AW4qboolean@@PEAUtree_t@@PEAUnode_s@@QEAM@Z 000000014002d080 f   portals.obj
 0001:0002c120       ?FloodEntities@@YA?AW4qboolean@@PEAUtree_t@@W41@@Z 000000014002d120 f   portals.obj
 0001:0002cbb0       ?FloodAreas_r@@YAXPEAUnode_s@@@Z 000000014002dbb0 f   portals.obj
 0001:0002cd00       ?FindAreas_r@@YAXPEAUnode_s@@@Z 000000014002dd00 f   portals.obj
 0001:0002cd50       ?FloodSkyboxArea_r@@YAXPEAUnode_s@@@Z 000000014002dd50 f   portals.obj
 0001:0002cda0       ?FloodAreas@@YAXPEAUtree_t@@@Z 000000014002dda0 f   portals.obj
 0001:0002ce50       ?FillOutside_r@@YAXPEAUnode_s@@@Z 000000014002de50 f   portals.obj
 0001:0002ceb0       ?FillOutside@@YAXPEAUnode_s@@@Z 000000014002deb0 f   portals.obj
 0001:0002cf30       ?WriteFloat@@YAXPEAU_iobuf@@M@Z 000000014002df30 f   prtfile.obj
 0001:0002cfc0       ?WritePortalFile_r@@YAXPEAUnode_s@@@Z 000000014002dfc0 f   prtfile.obj
 0001:0002d2e0       ?WriteFaceFile_r@@YAXPEAUnode_s@@@Z 000000014002e2e0 f   prtfile.obj
 0001:0002d520       ?NumberLeafs_r@@YAXPEAUnode_s@@@Z 000000014002e520 f   prtfile.obj
 0001:0002d650       ?NumberClusters@@YAXPEAUtree_t@@@Z 000000014002e650 f   prtfile.obj
 0001:0002d6d0       ?WritePortalFile@@YAXPEAUtree_t@@@Z 000000014002e6d0 f   prtfile.obj
 0001:0002d7d0       ?AllocDrawSurface@@YAPEAUmapDrawSurface_s@@W4surfaceType_t@@@Z 000000014002e7d0 f   surface.obj
 0001:0002d8a0       ?FinishSurface@@YAXPEAUmapDrawSurface_s@@@Z 000000014002e8a0 f   surface.obj
 0001:0002d960       ?CloneSurface@@YAPEAUmapDrawSurface_s@@PEAU1@PEAUshaderInfo_s@@@Z 000000014002e960 f   surface.obj
 0001:0002da60       ?MakeSkyboxSurface@@YAPEAUmapDrawSurface_s@@PEAU1@@Z 000000014002ea60 f   surface.obj
 0001:0002dae0       ?IsTriangleDegenerate@@YA?AW4qboolean@@PEAUbspDrawVert_t@@HHH@Z 000000014002eae0 f   surface.obj
 0001:0002dbd0       ?ClearSurface@@YAXPEAUmapDrawSurface_s@@@Z 000000014002ebd0 f   surface.obj
 0001:0002dc30       ?TidyEntitySurfaces@@YAXPEAUentity_t@@@Z 000000014002ec30 f   surface.obj
 0001:0002ddb0       ?CalcSurfaceTextureRange@@YA?AW4qboolean@@PEAUmapDrawSurface_s@@@Z 000000014002edb0 f   surface.obj
 0001:0002e010       ?CalcLightmapAxis@@YA?AW4qboolean@@QEAM0@Z 000000014002f010 f   surface.obj
 0001:0002e120       ?ClassifySurfaces@@YAXHPEAUmapDrawSurface_s@@@Z 000000014002f120 f   surface.obj
 0001:0002e5f0       ?ClassifyEntitySurfaces@@YAXPEAUentity_t@@@Z 000000014002f5f0 f   surface.obj
 0001:0002e670       ?GetShaderIndexForPoint@@YAEPEAUindexMap_s@@QEAM11@Z 000000014002f670 f   surface.obj
 0001:0002e760       ?GetIndexedShader@@YAPEAUshaderInfo_s@@PEAU1@PEAUindexMap_s@@HPEAE@Z 000000014002f760 f   surface.obj
 0001:0002e9c0       ?DrawSurfaceForSide@@YAPEAUmapDrawSurface_s@@PEAUentity_t@@PEAUbrush_s@@PEAUside_s@@PEAUwinding_t@@PEAY02MPEAHH@Z 000000014002f9c0 f   surface.obj
 0001:0002f480       ?DrawSurfaceForMesh@@YAPEAUmapDrawSurface_s@@PEAUentity_t@@PEAUparseMesh_s@@PEAUmesh_t@@@Z 0000000140030480 f   surface.obj
 0001:0002fff0       ?DrawSurfaceForFlare@@YAPEAUmapDrawSurface_s@@HQEAM00PEADH@Z 0000000140030ff0 f   surface.obj
 0001:00030540       ?SubdivideFaceSurfaces@@YAXPEAUentity_t@@PEAUtree_t@@@Z 0000000140031540 f   surface.obj
 0001:000308a0       ?ClipSideIntoTree_r@@YAXPEAUwinding_t@@PEAUside_s@@PEAUnode_s@@@Z 00000001400318a0 f   surface.obj
 0001:000309b0       ?SideInBrush@@YA?AW4qboolean@@PEAUside_s@@PEAUbrush_s@@@Z 00000001400319b0 f   surface.obj
 0001:00030aa0       ?CullSides@@YAXPEAUentity_t@@@Z 0000000140031aa0 f   surface.obj
 0001:00030f00       ?ClipSidesIntoTree@@YAXPEAUentity_t@@PEAUtree_t@@W4qboolean@@@Z 0000000140031f00 f   surface.obj
 0001:00031170       ?AddReferenceToLeaf@@YAHPEAUmapDrawSurface_s@@PEAUnode_s@@@Z 0000000140032170 f   surface.obj
 0001:00031220       ?AddReferenceToTree_r@@YAHPEAUmapDrawSurface_s@@PEAUnode_s@@W4qboolean@@@Z 0000000140032220 f   surface.obj
 0001:000312f0       ?FilterPointIntoTree_r@@YAHQEAMPEAUmapDrawSurface_s@@PEAUnode_s@@@Z 00000001400322f0 f   surface.obj
 0001:000313d0       ?FilterWindingIntoTree_r@@YAHPEAUwinding_t@@PEAUmapDrawSurface_s@@PEAUnode_s@@@Z 00000001400323d0 f   surface.obj
 0001:000321e0       ?EmitDrawVerts@@YAXPEAUmapDrawSurface_s@@PEAUbspDrawSurface_t@@H@Z 00000001400331e0 f   surface.obj
 0001:000323b0       ?FindDrawIndexes@@YAHHPEAH@Z 00000001400333b0 f   surface.obj
 0001:00032510       ?EmitDrawIndexes@@YAXPEAUmapDrawSurface_s@@PEAUbspDrawSurface_t@@@Z 0000000140033510 f   surface.obj
 0001:00032740       ?EmitFlareSurface@@YAXPEAUmapDrawSurface_s@@@Z 0000000140033740 f   surface.obj
 0001:00032870       ?EmitPatchSurface@@YAXPEAUentity_t@@PEAUmapDrawSurface_s@@@Z 0000000140033870 f   surface.obj
 0001:00033ba0       ?MakeFogHullSurfs@@YAXPEAUentity_t@@PEAUtree_t@@PEAD@Z 0000000140034ba0 f   surface.obj
 0001:00033f80       ?AddSurfaceModelsToTriangle_r@@YAHPEAUmapDrawSurface_s@@PEAUsurfaceModel_s@@PEAPEAUbspDrawVert_t@@@Z 0000000140034f80 f   surface.obj
 0001:000345e0       ?AddSurfaceModels@@YAHPEAUmapDrawSurface_s@@@Z 00000001400355e0 f   surface.obj
 0001:00035010       ?FixDrawsurfVertexAlpha@@YAXH@Z 0000000140036010 f   surface.obj
 0001:00035ba0       ?FixVertexAlpha@@YAXPEAUentity_t@@W4qboolean@@@Z 0000000140036ba0 f   surface.obj
 0001:00035e20       ?ApplyVertexMods@@YAXPEAUentity_t@@W4qboolean@@@Z 0000000140036e20 f   surface.obj
 0001:00036060       ?FilterDrawsurfsIntoTree@@YAXPEAUentity_t@@PEAUtree_t@@W4qboolean@@@Z 0000000140037060 f   surface.obj
 0001:00036630       ?EmitDrawsurfsSimpleStats@@YAXXZ 0000000140037630 f   surface.obj
 0001:000367a0       ?SetSurfaceExtra@@YAXPEAUmapDrawSurface_s@@H@Z 00000001400377a0 f   surface_extra.obj
 0001:000368f0       ?WriteSurfaceExtraFile@@YAXPEBD@Z 00000001400378f0 f   surface_extra.obj
 0001:00036df0       ?LoadSurfaceExtraFile@@YAXPEBD@Z 0000000140037df0 f   surface_extra.obj
 0001:00037820       ?Foliage@@YAXPEAUmapDrawSurface_s@@@Z 0000000140038820 f   surface_foliage.obj
 0001:00037e60       ?Fur@@YAXPEAUmapDrawSurface_s@@@Z 0000000140038e60 f   surface_fur.obj
 0001:00038200       ?FindMetaTriangle@@YAHPEAUmetaTriangle_s@@PEAUbspDrawVert_t@@11H@Z 0000000140039200 f   surface_meta.obj
 0001:00038970       ?TriangulatePatchSurface@@YAXPEAUentity_t@@PEAUmapDrawSurface_s@@@Z 0000000140039970 f   surface_meta.obj
 0001:00038e90       ?FanFaceSurface@@YAXPEAUmapDrawSurface_s@@@Z 0000000140039e90 f   surface_meta.obj
 0001:000391e0       ?StripFaceSurface@@YAXPEAUmapDrawSurface_s@@W4qboolean@@@Z 000000014003a1e0 f   surface_meta.obj
 0001:000394f0       ?EmitMetaStats@@YAXXZ      000000014003a4f0 f   surface_meta.obj
 0001:000395a0       ?MakeEntityMetaTriangles@@YAXPEAUentity_t@@@Z 000000014003a5a0 f   surface_meta.obj
 0001:000397f0       ?MetaTriangleFindAreaWeight@@YAXH@Z 000000014003a7f0 f   surface_meta.obj
 0001:00039d50       ?SmoothMetaTriangles@@YAXXZ 000000014003ad50 f   surface_meta.obj
 0001:0003a880       ?AddMetaVertToSurface@@YAHPEAUmapDrawSurface_s@@PEAUbspDrawVert_t@@PEAH@Z 000000014003b880 f   surface_meta.obj
 0001:0003bd10       ?GroupMetaTriangles@@YAXXZ 000000014003cd10 f   surface_meta.obj
 0001:0003c520       ?MergeMetaTrianglesThread@@YAXH@Z 000000014003d520 f   surface_meta.obj
 0001:0003c630       ?MergeMetaTriangles@@YAXXZ 000000014003d630 f   surface_meta.obj
 0001:0003c8d0       ?InsertPointOnEdge@@YAXQEAMPEAUedgeLine_s@@@Z 000000014003d8d0 f   tjunction.obj
 0001:0003ca00       ?AddEdge@@YAHQEAM0W4qboolean@@@Z 000000014003da00 f   tjunction.obj
 0001:0003cec0       ?AddSurfaceEdges@@YAXPEAUmapDrawSurface_s@@@Z 000000014003dec0 f   tjunction.obj
 0001:0003cf50       ?ColinearEdge@@YA?AW4qboolean@@QEAM00@Z 000000014003df50 f   tjunction.obj
 0001:0003d070       ?AddPatchEdges@@YAXPEAUmapDrawSurface_s@@@Z 000000014003e070 f   tjunction.obj
 0001:0003d240       ?FixSurfaceJunctions@@YAXPEAUmapDrawSurface_s@@@Z 000000014003e240 f   tjunction.obj
 0001:0003d7c0       ?FixBrokenSurface@@YA?AW4qboolean@@PEAUmapDrawSurface_s@@@Z 000000014003e7c0 f   tjunction.obj
 0001:0003db80       ?EdgeCompare@@YAHPEBX0@Z   000000014003eb80 f   tjunction.obj
 0001:0003db90       ?FixTJunctions@@YAXPEAUentity_t@@@Z 000000014003eb90 f   tjunction.obj
 0001:0003de60       ?FreeTreePortals_r@@YAXPEAUnode_s@@@Z 000000014003ee60 f   tree.obj
 0001:0003dff0       ?FreeTree_r@@YAXPEAUnode_s@@@Z 000000014003eff0 f   tree.obj
 0001:0003e050       ?FreeTree@@YAXPEAUtree_t@@@Z 000000014003f050 f   tree.obj
 0001:0003e0d0       ?EmitShader@@YAHPEBDPEAH1@Z 000000014003f0d0 f   writebsp.obj
 0001:0003e240       ?EmitPlanes@@YAXXZ         000000014003f240 f   writebsp.obj
 0001:0003e390       ?EmitLeaf@@YAXPEAUnode_s@@@Z 000000014003f390 f   writebsp.obj
 0001:0003e500       ?EmitDrawNode_r@@YAHPEAUnode_s@@@Z 000000014003f500 f   writebsp.obj
 0001:0003e630       ?SetModelNumbers@@YAXXZ    000000014003f630 f   writebsp.obj
 0001:0003e6d0       ?SetLightStyles@@YAXXZ     000000014003f6d0 f   writebsp.obj
 0001:0003ea20       ?EndBSPFile@@YAXXZ         000000014003fa20 f   writebsp.obj
 0001:0003eb20       ?EmitBrushes@@YAXPEAUbrush_s@@PEAH1@Z 000000014003fb20 f   writebsp.obj
 0001:0003ee20       ?EmitFogs@@YAXXZ           000000014003fe20 f   writebsp.obj
 0001:0003ef40       ?BeginModel@@YAXXZ         000000014003ff40 f   writebsp.obj
 0001:0003f2f0       ?EndModel@@YAXPEAUentity_t@@PEAUnode_s@@@Z 00000001400402f0 f   writebsp.obj
 0001:0003f8f0       ?CreateEntityLights@@YAXXZ 00000001400408f0 f   light.obj
 0001:00040920       ?CreateSurfaceLights@@YAXXZ 0000000140041920 f   light.obj
 0001:00040cb0       ?SetEntityOrigins@@YAXXZ   0000000140041cb0 f   light.obj
 0001:00040f30       ?PointToPolygonFormFactor@@YAMQEBM0PEBUwinding_t@@@Z 0000000140041f30 f   light.obj
 0001:000411f0       ?LightContribution@@YAHPEAUtrace_t@@HW4qboolean@@@Z 00000001400421f0 f   light.obj
 0001:00041a00       ?LightContributionAllStyles@@YAXPEAUtrace_t@@QEAEQEAY02MHW4qboolean@@@Z 0000000140042a00 f   light.obj
 0001:00041c40       ?LightContributionSuper@@YAHPEAUtrace_t@@HW4qboolean@@HQEBM22QEAM@Z 0000000140042c40 f   light.obj
 0001:00042310       ?IlluminateGridPoint@@YAXPEAUtrace_t@@HPEAPEAUrawLightmap_s@@H@Z 0000000140043310 f   light.obj
 0001:00043c50       ?IlluminateGridBlock@@YAXH@Z 0000000140044c50 f   light.obj
 0001:00044590       ?FloodGridPoint@@YAXH@Z    0000000140045590 f   light.obj
 0001:000448b0       ?FinishIlluminateGrid@@YAXXZ 00000001400458b0 f   light.obj
 0001:00044a60       ?IlluminateGrid@@YAXXZ     0000000140045a60 f   light.obj
 0001:00044b30       ?IlluminateGridByLightmap@@YAXXZ 0000000140045b30 f   light.obj
 0001:00044c00       ?SetupGrid@@YAXXZ          0000000140045c00 f   light.obj
 0001:000456b0       ?SampleGrid@@YAXQEAM000@Z  00000001400466b0 f   light.obj
 0001:00045b90       ?LightWorld@@YAXPEAD@Z     0000000140046b90 f   light.obj
 0001:00047640       ?LightMain@@YAHHPEAPEAD@Z  0000000140048640 f   light.obj
 0001:0004af30       ?RadFreeLights@@YAXXZ      000000014004bf30 f   light_bounce.obj
 0001:0004b3f0       ?RadSampleImage@@YA?AW4qboolean@@PEAEHHQEAM1@Z 000000014004c3f0 f   light_bounce.obj
 0001:0004c6f0       ?RadLightForTriangles@@YAXHHPEAUrawLightmap_s@@PEAUshaderInfo_s@@MMPEAUclipWork_t@@@Z 000000014004d6f0 f   light_bounce.obj
 0001:0004c8e0       ?RadLightForPatch@@YAXHHPEAUrawLightmap_s@@PEAUshaderInfo_s@@MMPEAUclipWork_t@@@Z 000000014004d8e0 f   light_bounce.obj
 0001:0004ce50       ?RadLight@@YAXH@Z          000000014004de50 f   light_bounce.obj
 0001:0004d040       ?RadCreateDiffuseLights@@YAXXZ 000000014004e040 f   light_bounce.obj
 0001:0004d930       ?ClipTraceWinding@@YAXPEAUtraceWinding_s@@QEAM00@Z 000000014004e930 f   light_trace.obj
 0001:0004faa0       ?SetupTraceNodes@@YAXXZ    0000000140050aa0 f   light_trace.obj
 0001:0004fcc0       ?TraceTriangle@@YA?AW4qboolean@@PEAUtraceInfo_s@@PEAUtraceTriangle_s@@PEAUtrace_t@@@Z 0000000140050cc0 f   light_trace.obj
 0001:000507e0       ?TraceLine@@YAXPEAUtrace_t@@@Z 00000001400517e0 f   light_trace.obj
 0001:000509d0       ?SetupTrace@@YAMPEAUtrace_t@@@Z 00000001400519d0 f   light_trace.obj
 0001:00050a50       ?ColorToBytesLinear@@YAXPEBMPEAEMW4qboolean@@@Z 0000000140051a50 f   light_ydnar.obj
 0001:00050cf0       ?ColorToBytesGamma@@YAXPEBMPEAEMW4qboolean@@@Z 0000000140051cf0 f   light_ydnar.obj
 0001:00051030       ?ColorToBytesLinearExposure@@YAXPEBMPEAEMW4qboolean@@@Z 0000000140052030 f   light_ydnar.obj
 0001:00051300       ?ColorToBytesGammaExposure@@YAXPEBMPEAEMW4qboolean@@@Z 0000000140052300 f   light_ydnar.obj
 0001:00051680       ?ColorToBytesLinearCompensate@@YAXPEBMPEAEMW4qboolean@@@Z 0000000140052680 f   light_ydnar.obj
 0001:00051930       ?ColorToBytesGammaCompensate@@YAXPEBMPEAEMW4qboolean@@@Z 0000000140052930 f   light_ydnar.obj
 0001:00051c80       ?ColorToBytesLinearExposureCompensate@@YAXPEBMPEAEMW4qboolean@@@Z 0000000140052c80 f   light_ydnar.obj
 0001:00051f80       ?ColorToBytesGammaExposureCompensate@@YAXPEBMPEAEMW4qboolean@@@Z 0000000140052f80 f   light_ydnar.obj
 0001:00052310       ?SmoothNormals@@YAXXZ      0000000140053310 f   light_ydnar.obj
 0001:00054b50       ?MapRawLightmap@@YAXH@Z    0000000140055b50 f   light_ydnar.obj
 0001:00055900       ?DirtModeName@@YAPEADPEAW4dirtMode_t@@@Z 0000000140056900 f   light_ydnar.obj
 0001:00055970       ?EnableDirtForEntity@@YAXH@Z 0000000140056970 f   light_ydnar.obj
 0001:00055a10       ?SetupDirtForEntity@@YAXH@Z 0000000140056a10 f   light_ydnar.obj
 0001:00056210       ?SetupDirt@@YAXXZ          0000000140057210 f   light_ydnar.obj
 0001:00056530       ?DirtForSample@@YAMPEAUtrace_t@@@Z 0000000140057530 f   light_ydnar.obj
 0001:00056f40       ?DirtyRawLightmap@@YAXH@Z  0000000140057f40 f   light_ydnar.obj
 0001:000574a0       ?ApplyDirt@@YAXPEAM000HMM@Z 00000001400584a0 f   light_ydnar.obj
 0001:00057fd0       ?LightGridRawLightmap@@YAXH@Z 0000000140058fd0 f   light_ydnar.obj
 0001:00058460       ?IlluminateRawLightmap@@YAXH@Z 0000000140059460 f   light_ydnar.obj
 0001:00059f30       ?FilterRawLightmap@@YAXH@Z 000000014005af30 f   light_ydnar.obj
 0001:0005a7b0       ?WriteRawLightmapsFile@@YAXPEBD@Z 000000014005b7b0 f   light_ydnar.obj
 0001:0005b430       ?IlluminateVertexes@@YAXH@Z 000000014005c430 f   light_ydnar.obj
 0001:0005c750       ?SetupBrushes@@YAXXZ       000000014005d750 f   light_ydnar.obj
 0001:0005c920       ?ClusterVisible@@YA?AW4qboolean@@HH@Z 000000014005d920 f   light_ydnar.obj
 0001:0005c9b0       ?PointInLeafNum_r@@YAHQEAMH@Z 000000014005d9b0 f   light_ydnar.obj
 0001:0005cac0       ?ClusterForPointExt@@YAHQEAMM@Z 000000014005dac0 f   light_ydnar.obj
 0001:0005cdf0       ?ClusterForPointExtFilter@@YAHQEAMMHPEAH@Z 000000014005ddf0 f   light_ydnar.obj
 0001:0005ce60       ?SetupEnvelopes@@YAXW4qboolean@@0@Z 000000014005de60 f   light_ydnar.obj
 0001:0005d8d0       ?CreateTraceLightsForBounds@@YAXW4qboolean@@QEAM11HPEAHHPEAUtrace_t@@@Z 000000014005e8d0 f   light_ydnar.obj
 0001:0005dc60       ?CreateTraceLightsForSurface@@YAXHPEAUtrace_t@@@Z 000000014005ec60 f   light_ydnar.obj
 0001:0005dd80       ?SetupFloodLight@@YAXXZ    000000014005ed80 f   light_ydnar.obj
 0001:0005e1d0       ?WriteTGA24@@YAXPEADPEAEHHW4qboolean@@@Z 000000014005f1d0 f   lightmaps_ydnar.obj
 0001:0005e350       ?ExportLightmaps@@YAXXZ    000000014005f350 f   lightmaps_ydnar.obj
 0001:0005e4f0       ?ExportLightmapsMain@@YAHHPEAPEAD@Z 000000014005f4f0 f   lightmaps_ydnar.obj
 0001:0005e630       ?ImportLightmapsMain@@YAHHPEAPEAD@Z 000000014005f630 f   lightmaps_ydnar.obj
 0001:0005eb80       ?FinishRawLightmap@@YAXH@Z 000000014005fb80 f   lightmaps_ydnar.obj
 0001:0005f270       ?AddPatchToRawLightmap@@YA?AW4qboolean@@HPEAUrawLightmap_s@@@Z 0000000140060270 f   lightmaps_ydnar.obj
 0001:0005f820       ?AddSurfaceToRawLightmap@@YA?AW4qboolean@@HPEAUrawLightmap_s@@@Z 0000000140060820 f   lightmaps_ydnar.obj
 0001:00060530       ?SetupSurfaceLightmaps@@YAXXZ 0000000140061530 f   lightmaps_ydnar.obj
 0001:00061470       ?AllocateSurfaceLightmaps@@YAXXZ 0000000140062470 f   lightmaps_ydnar.obj
 0001:00061670       ?AddStitchLuxels@@YAXHHHHPEAH0H@Z 0000000140062670 f   lightmaps_ydnar.obj
 0001:000618c0       ?StitchRawLightmap@@YAXH@Z 00000001400628c0 f   lightmaps_ydnar.obj
 0001:000622b0       ?StitchLuxelsCompare@@YAHPEBX0@Z 00000001400632b0 f   lightmaps_ydnar.obj
 0001:00062300       ?StitchRawLightmaps@@YAXXZ 0000000140063300 f   lightmaps_ydnar.obj
 0001:00064710       ?SubsamplePixelForFloodLightmapBorders_r@@YAHPEAUoutLightmap_s@@HHHQEAM1@Z 0000000140065710 f   lightmaps_ydnar.obj
 0001:00065290       ?FloodLightmapBorders@@YAXPEAUoutLightmap_s@@@Z 0000000140066290 f   lightmaps_ydnar.obj
 0001:00065660       ?StoreSurfaceLightmaps@@YAXXZ 0000000140066660 f   lightmaps_ydnar.obj
 0001:00068180       ?PlaneFromWinding@@YAXPEAUfixedWinding_t@@PEAUvisPlane_t@@@Z 0000000140069180 f   vis.obj
 0001:00068290       ?NewFixedWinding@@YAPEAUfixedWinding_t@@H@Z 0000000140069290 f   vis.obj
 0001:00068300       ?PComp@@YAHPEBX0@Z         0000000140069300 f   vis.obj
 0001:00068330       ?LeafVectorFromPortalVector@@YAHPEAE0@Z 0000000140069330 f   vis.obj
 0001:00068490       ?ClusterMerge@@YAXH@Z      0000000140069490 f   vis.obj
 0001:00068690       ?CalcPortalVis@@YAXXZ      0000000140069690 f   vis.obj
 0001:00068720       ?CalcPassageVis@@YAXXZ     0000000140069720 f   vis.obj
 0001:00068850       ?CalcPassagePortalVis@@YAXXZ 0000000140069850 f   vis.obj
 0001:00068980       ?CalcVis@@YAXXZ            0000000140069980 f   vis.obj
 0001:00068c60       ?SetPortalSphere@@YAXPEAUvportal_t@@@Z 0000000140069c60 f   vis.obj
 0001:00068dc0       ?TryMergeLeaves@@YAHHH@Z   0000000140069dc0 f   vis.obj
 0001:00069120       ?MergeLeaves@@YAXXZ        000000014006a120 f   vis.obj
 0001:00069280       ?TryMergeWinding@@YAPEAUfixedWinding_t@@PEAU1@0QEAM@Z 000000014006a280 f   vis.obj
 0001:000697b0       ?MergeLeafPortals@@YAXXZ   000000014006a7b0 f   vis.obj
 0001:000699c0       ?LoadPortals@@YAXPEAD@Z    000000014006a9c0 f   vis.obj
 0001:0006a1f0       ?VisMain@@YAHHPEAPEAD@Z    000000014006b1f0 f   vis.obj
 0001:0006a740       ?FreeStackWinding@@YAXPEAUfixedWinding_t@@PEAUpstack_s@@@Z 000000014006b740 f   visflow.obj
 0001:0006a7a0       ?VisChopWinding@@YAPEAUfixedWinding_t@@PEAU1@PEAUpstack_s@@PEAUvisPlane_t@@@Z 000000014006b7a0 f   visflow.obj
 0001:0006ac50       ?ClipToSeperators@@YAPEAUfixedWinding_t@@PEAU1@00W4qboolean@@PEAUpstack_s@@@Z 000000014006bc50 f   visflow.obj
 0001:0006b2a0       ?RecursiveLeafFlow@@YAXHPEAUthreaddata_t@@PEAUpstack_s@@@Z 000000014006c2a0 f   visflow.obj
 0001:0006b960       ?PortalFlow@@YAXH@Z        000000014006c960 f   visflow.obj
 0001:0006bb20       ?RecursivePassageFlow@@YAXPEAUvportal_t@@PEAUthreaddata_t@@PEAUpstack_s@@@Z 000000014006cb20 f   visflow.obj
 0001:0006bda0       ?PassageFlow@@YAXH@Z       000000014006cda0 f   visflow.obj
 0001:0006be70       ?RecursivePassagePortalFlow@@YAXPEAUvportal_t@@PEAUthreaddata_t@@PEAUpstack_s@@@Z 000000014006ce70 f   visflow.obj
 0001:0006c530       ?PassagePortalFlow@@YAXH@Z 000000014006d530 f   visflow.obj
 0001:0006c600       ?PassageChopWinding@@YAPEAUfixedWinding_t@@PEAU1@0PEAUvisPlane_t@@@Z 000000014006d600 f   visflow.obj
 0001:0006c940       ?AddSeperators@@YAHPEAUfixedWinding_t@@0W4qboolean@@PEAUvisPlane_t@@H@Z 000000014006d940 f   visflow.obj
 0001:0006cf30       ?CreatePassages@@YAXH@Z    000000014006df30 f   visflow.obj
 0001:0006d540       ?PassageMemory@@YAXXZ      000000014006e540 f   visflow.obj
 0001:0006d600       ?SimpleFlood@@YAXPEAUvportal_t@@H@Z 000000014006e600 f   visflow.obj
 0001:0006d700       ?BasePortalVis@@YAXH@Z     000000014006e700 f   visflow.obj
 0001:0006f280       ?ConvertBSPToASE@@YAHPEADH@Z 0000000140070280 f   convert_ase.obj
 0001:0006ff10       ?ConvertBSPToMap@@YAHPEADH@Z 0000000140070f10 f   convert_map.obj
 0001:00070350       ?safe_malloc_f@@YAPEAX_K@Z 0000000140071350 f   cmdlib.obj
 0001:00070390       ?safe_malloc_log@@YAPEAX_KPEBDH@Z 0000000140071390 f   cmdlib.obj
 0001:000704e0       ?safe_malloc_logend@@YAXXZ 00000001400714e0 f   cmdlib.obj
 0001:00070580       ?ExpandArg@@YAPEADPEBD@Z   0000000140071580 f   cmdlib.obj
 0001:00070610       ?ExpandPath@@YAPEADPEBD@Z  0000000140071610 f   cmdlib.obj
 0001:00070680       ?Q_getwd@@YAXPEAD@Z        0000000140071680 f   cmdlib.obj
 0001:000706e0       ?LoadFile@@YAHPEBDPEAPEAX@Z 00000001400716e0 f   cmdlib.obj
 0001:000707d0       ?DefaultExtension@@YAXPEADPEBD@Z 00000001400717d0 f   cmdlib.obj
 0001:00070840       ?LBMRLEDecompress@@YAPEAEPEAE0H@Z 0000000140071840 f   imagelib.obj
 0001:00070910       ?LoadLBM@@YAXPEBDPEAPEAE1@Z 0000000140071910 f   imagelib.obj
 0001:00070d00       ?LoadPCX@@YAXPEBDPEAPEAE1PEAH2@Z 0000000140071d00 f   imagelib.obj
 0001:00070fa0       ?LoadBMP@@YAXPEBDPEAPEAE1PEAH2@Z 0000000140071fa0 f   imagelib.obj
 0001:000715c0       ?Load256Image@@YAXPEBDPEAPEAE1PEAH2@Z 00000001400725c0 f   imagelib.obj
 0001:000717d0       ?TargaError@@YAXPEAU_TargaHeader@@PEBD@Z 00000001400727d0 f   imagelib.obj
 0001:00071880       ?LoadTGABuffer@@YAXPEBE0PEAPEAEPEAH2@Z 0000000140072880 f   imagelib.obj
 0001:00071f50       ?LoadTGA@@YAXPEBDPEAPEAEPEAH2@Z 0000000140072f50 f   imagelib.obj
 0001:00071fe0       ?WriteTGA@@YAXPEBDPEAEHH@Z 0000000140072fe0 f   imagelib.obj
 0001:000720f0       ?Load32BitImage@@YAXPEBDPEAPEAIPEAH2@Z 00000001400730f0 f   imagelib.obj
 0001:000722a0       ?xml_SendNode@@YAXPEAU_xmlNode@@@Z 00000001400732a0 f   inout.obj
 0001:000723c0       ?xml_Select@@YAXPEADHHW4qboolean@@@Z 00000001400733c0 f   inout.obj
 0001:000725a0       ?xml_Point@@YAXPEADQEAMW4qboolean@@@Z 00000001400735a0 f   inout.obj
 0001:00072720       ?xml_Winding@@YAXPEADQEAY02MHW4qboolean@@@Z 0000000140073720 f   inout.obj
 0001:000728d0       ?Broadcast_Setup@@YAXPEBD@Z 00000001400738d0 f   inout.obj
 0001:00072950       ?Broadcast_Shutdown@@YAXXZ 0000000140073950 f   inout.obj
 0001:00072990       ?Sys_FPrintf@@YAXHPEBDZZ   0000000140073990 f   inout.obj
 0001:00072b20       ?Sys_Printf@@YAXPEBDZZ     0000000140073b20 f   inout.obj
 0001:00072c70       ?Sys_Warning@@YAXHPEBDZZ   0000000140073c70 f   inout.obj
 0001:00072dc0       ?Sys_Warning@@YAXHHPEBDZZ  0000000140073dc0 f   inout.obj
 0001:00072e20       ?Sys_Warning@@YAXQEAY02MHPEBDZZ 0000000140073e20 f   inout.obj
 0001:00072e80       ?Sys_Warning@@YAXPEAUwinding_t@@PEBDZZ 0000000140073e80 f   inout.obj
 0001:00072ed0       ?Sys_Warning@@YAXQEAMPEBDZZ 0000000140073ed0 f   inout.obj
 0001:00072f40       ?Sys_Warning@@YAXPEBDZZ    0000000140073f40 f   inout.obj
 0001:00073070       ?Sys_Error@@YAXHHPEBDZZ    0000000140074070 f   inout.obj
 0001:000730d0       ?Sys_Error@@YAXQEAY02MHPEBDZZ 00000001400740d0 f   inout.obj
 0001:00073130       ?Sys_Error@@YAXPEBDZZ      0000000140074130 f   inout.obj
 0001:00073250       ?Error@@YAXPEBDZZ          0000000140074250 f   inout.obj
 0001:000733a0       ?MD4Update@@YAXPEAUMD4_CTX_s@@PEAEI@Z 00000001400743a0 f   md4.obj
 0001:00073470       ?MD4Final@@YAXQEAEPEAUMD4_CTX_s@@@Z 0000000140074470 f   md4.obj
 0001:00073b20       ?AllocWinding@@YAPEAUwinding_t@@H@Z 0000000140074b20 f   polylib.obj
 0001:00073bc0       ?FreeWinding@@YAXPEAUwinding_t@@@Z 0000000140074bc0 f   polylib.obj
 0001:00073c00       ?WindingArea@@YAMPEAUwinding_t@@@Z 0000000140074c00 f   polylib.obj
 0001:00073d60       ?BaseWindingForPlane@@YAPEAUwinding_t@@QEAMM@Z 0000000140074d60 f   polylib.obj
 0001:00074150       ?ReverseWinding@@YAPEAUwinding_t@@PEAU1@@Z 0000000140075150 f   polylib.obj
 0001:00074260       ?ClipWindingEpsilon@@YAXPEAUwinding_t@@QEAMMMPEAPEAU1@2@Z 0000000140075260 f   polylib.obj
 0001:00074760       ?ChopWindingInPlace@@YAXPEAPEAUwinding_t@@QEAMMM@Z 0000000140075760 f   polylib.obj
 0001:00074ba0       ?WindingOnPlaneSide@@YAHPEAUwinding_t@@QEAMM@Z 0000000140075ba0 f   polylib.obj
 0001:00074cc0       ?AddWindingToConvexHull@@YAXPEAUwinding_t@@PEAPEAU1@QEAM@Z 0000000140075cc0 f   polylib.obj
 0001:00075310       ?BaseDWindingForPlane@@YAPEAUdwinding_t@@QEAMMM@Z 0000000140076310 f   polylib.obj
 0001:00075690       ?WindingFromDWinding@@YAPEAUwinding_t@@PEAUdwinding_t@@@Z 0000000140076690 f   polylib.obj
 0001:000757c0       ?ChopDWindingInPlace@@YAXPEAPEAUdwinding_t@@QEAMMM@Z 00000001400767c0 f   polylib.obj
 0001:00075bf0       ?FixDWinding@@YA?AW4qboolean@@PEAUdwinding_t@@@Z 0000000140076bf0 f   polylib.obj
 0001:00075d60       ?AddScriptToStack@@YAXPEBDH@Z 0000000140076d60 f   scriplib.obj
 0001:00075e60       ?EndOfScript@@YA?AW4qboolean@@W41@@Z 0000000140076e60 f   scriplib.obj
 0001:00075f50       ?GetToken@@YA?AW4qboolean@@W41@@Z 0000000140076f50 f   scriplib.obj
 0001:00076280       ?TokenAvailable@@YA?AW4qboolean@@XZ 0000000140077280 f   scriplib.obj
 0001:000762c0       ?MatchToken@@YAXPEAD@Z     00000001400772c0 f   scriplib.obj
 0001:00076320       ?Parse1DMatrix@@YAXHPEAM@Z 0000000140077320 f   scriplib.obj
 0001:00076410       ?Parse2DMatrix@@YAXHHPEAM@Z 0000000140077410 f   scriplib.obj
 0001:000764e0       ?GetThreadWork@@YAHXZ      00000001400774e0 f   threads.obj
 0001:00076620       ?RunThreadsOnIndividualThread@@YAXH@Z 0000000140077620 f   threads.obj
 0001:00076650       ?RunThreadsOnIndividual@@YAXHW4qboolean@@P6AXH@Z@Z 0000000140077650 f   threads.obj
 0001:000766f0       ?RunThreadsOn@@YAXHW4qboolean@@P6AXH@Z@Z 00000001400776f0 f   threads.obj
 0001:00076790       ?RunSameThreadOn@@YAXHW4qboolean@@P6AXH@Z@Z 0000000140077790 f   threads.obj
 0001:000768a0       ?RunSameThreadOnIndividual@@YAXHW4qboolean@@P6AXH@Z@Z 00000001400778a0 f   threads.obj
 0001:000769d0       ?_RunThreadsOn@@YAXHW4qboolean@@P6AXH@Z@Z 00000001400779d0 f   threads.obj
 0001:00076b50       ?_ThreadMutexLock@@YAXPEAUThreadMutex_s@@PEADH@Z 0000000140077b50 f   threads.obj
 0001:00076d50       ?unzOpen@@YAPEAXPEBD@Z     0000000140077d50 f   unzip.obj
 0001:00077300       ?unzGoToFirstFile@@YAHPEAX@Z 0000000140078300 f   unzip.obj
 0001:00077360       ?unzGoToNextFile@@YAHPEAX@Z 0000000140078360 f   unzip.obj
 0001:000775e0       ?unzOpenCurrentFile@@YAHPEAX@Z 00000001400785e0 f   unzip.obj
 0001:00077760       ?unzReadCurrentFile@@YAHPEAX0I@Z 0000000140078760 f   unzip.obj
 0001:00077990       ?unzCloseCurrentFile@@YAHPEAX@Z 0000000140078990 f   unzip.obj
 0001:00077a40       ?crc32@@YAKKPEBEI@Z        0000000140078a40 f   unzip.obj
 0001:00077b90       ?inflate_blocks_reset@@YAXPEAUinflate_blocks_state@@PEAUz_stream_s@@PEAK@Z 0000000140078b90 f   unzip.obj
 0001:00077c10       ?inflate_blocks_new@@YAPEAUinflate_blocks_state@@PEAUz_stream_s@@P6AKKPEBEI@ZI@Z 0000000140078c10 f   unzip.obj
 0001:00077cf0       ?inflate_blocks@@YAHPEAUinflate_blocks_state@@PEAUz_stream_s@@H@Z 0000000140078cf0 f   unzip.obj
 0001:000788d0       ?inflate_blocks_free@@YAHPEAUinflate_blocks_state@@PEAUz_stream_s@@@Z 00000001400798d0 f   unzip.obj
 0001:00078970       ?inflate_flush@@YAHPEAUinflate_blocks_state@@PEAUz_stream_s@@H@Z 0000000140079970 f   unzip.obj
 0001:00078f90       ?inflate_trees_bits@@YAHPEAI0PEAPEAUinflate_huft_s@@PEAU1@PEAUz_stream_s@@@Z 0000000140079f90 f   unzip.obj
 0001:00079070       ?inflate_fast@@YAHIIPEAUinflate_huft_s@@0PEAUinflate_blocks_state@@PEAUz_stream_s@@@Z 000000014007a070 f   unzip.obj
 0001:00079400       ?inflate_codes_new@@YAPEAUinflate_codes_state@@IIPEAUinflate_huft_s@@0PEAUz_stream_s@@@Z 000000014007a400 f   unzip.obj
 0001:00079470       ?inflate_codes@@YAHPEAUinflate_blocks_state@@PEAUz_stream_s@@H@Z 000000014007a470 f   unzip.obj
 0001:00079a70       ?adler32@@YAKKPEBEI@Z      000000014007aa70 f   unzip.obj
 0001:00079be0       ?inflateReset@@YAHPEAUz_stream_s@@@Z 000000014007abe0 f   unzip.obj
 0001:00079ca0       ?inflateEnd@@YAHPEAUz_stream_s@@@Z 000000014007aca0 f   unzip.obj
 0001:00079d00       ?inflateInit2_@@YAHPEAUz_stream_s@@HPEBDH@Z 000000014007ad00 f   unzip.obj
 0001:00079df0       ?inflate@@YAHPEAUz_stream_s@@H@Z 000000014007adf0 f   unzip.obj
 0001:0007a270       ?zcalloc@@YAPEAEPEAEII@Z   000000014007b270 f   unzip.obj
 0001:0007a290       ?zcfree@@YAXPEAE0@Z        000000014007b290 f   unzip.obj
 0001:0007a430       ?vfsInitDirectory@@YAXPEBD@Z 000000014007b430 f   vfs.obj
 0001:0007a600       ?vfsGetFileCount@@YAHPEBD@Z 000000014007b600 f   vfs.obj
 0001:0007a780       ?vfsLoadFile@@YAHPEBDPEAPEAXH@Z 000000014007b780 f   vfs.obj
 0001:0007aad0       WinPrint                   000000014007bad0 f   l_net:l_net.obj
 0001:0007aae0       Net_Send                   000000014007bae0 f   l_net:l_net.obj
 0001:0007ab30       Net_AllocSocket            000000014007bb30 f   l_net:l_net.obj
 0001:0007ab60       Net_FreeSocket             000000014007bb60 f   l_net:l_net.obj
 0001:0007ab70       Net_Connect                000000014007bb70 f   l_net:l_net.obj
 0001:0007ac20       Net_Disconnect             000000014007bc20 f   l_net:l_net.obj
 0001:0007ac50       Net_StringToAddress        000000014007bc50 f   l_net:l_net.obj
 0001:0007ac70       Net_Setup                  000000014007bc70 f   l_net:l_net.obj
 0001:0007aca0       NMSG_Clear                 000000014007bca0 f   l_net:l_net.obj
 0001:0007acb0       NMSG_WriteLong             000000014007bcb0 f   l_net:l_net.obj
 0001:0007ad20       NMSG_WriteString           000000014007bd20 f   l_net:l_net.obj
 0001:0007adb0       WINS_ErrorMessage          000000014007bdb0 f   l_net:l_net_wins.obj
 0001:0007ae10       WINS_Init                  000000014007be10 f   l_net:l_net_wins.obj
 0001:0007af80       WINS_MyAddress             000000014007bf80 f   l_net:l_net_wins.obj
 0001:0007af90       WINS_OpenSocket            000000014007bf90 f   l_net:l_net_wins.obj
 0001:0007b080       WINS_OpenReliableSocket    000000014007c080 f   l_net:l_net_wins.obj
 0001:0007b1a0       WINS_CloseSocket           000000014007c1a0 f   l_net:l_net_wins.obj
 0001:0007b1e0       WINS_Connect               000000014007c1e0 f   l_net:l_net_wins.obj
 0001:0007b250       WINS_Write                 000000014007c250 f   l_net:l_net_wins.obj
 0001:0007b300       WINS_AddrToString          000000014007c300 f   l_net:l_net_wins.obj
 0001:0007b380       WINS_StringToAddr          000000014007c380 f   l_net:l_net_wins.obj
 0001:0007b400       WINS_GetSocketAddr         000000014007c400 f   l_net:l_net_wins.obj
 0001:0007b460       ?MakeNormalVectors@@YAXQEAM00@Z 000000014007c460 f   mathlib:mathlib.obj
 0001:0007b520       ?VectorCompare@@YA?AW4qboolean@@QEBM0@Z 000000014007c520 f   mathlib:mathlib.obj
 0001:0007b570       ?VectorCompareExt@@YA?AW4qboolean@@QEBM0M@Z 000000014007c570 f   mathlib:mathlib.obj
 0001:0007b5b0       ?VectorLength@@YAMQEBM@Z   000000014007c5b0 f   mathlib:mathlib.obj
 0001:0007b5e0       ?VectorMA@@YAXQEBMM0QEAM@Z 000000014007c5e0 f   mathlib:mathlib.obj
 0001:0007b620       ?VectorNormalize@@YAMQEBMQEAM@Z 000000014007c620 f   mathlib:mathlib.obj
 0001:0007b6d0       ?ColorNormalize@@YAMQEBMQEAM@Z 000000014007c6d0 f   mathlib:mathlib.obj
 0001:0007b740       ?SnapWeldVector@@YAXQEAM00@Z 000000014007c740 f   mathlib:mathlib.obj
 0001:0007b890       ?ClearBounds@@YAXQEAM0@Z   000000014007c890 f   mathlib:mathlib.obj
 0001:0007b8c0       ?AddPointToBounds@@YAXQEAM00@Z 000000014007c8c0 f   mathlib:mathlib.obj
 0001:0007b960       ?PlaneFromPoints@@YA?AW4qboolean@@QEAMQEBM11@Z 000000014007c960 f   mathlib:mathlib.obj
 0001:0007ba60       ?NormalToLatLong@@YAXQEBMQEAE@Z 000000014007ca60 f   mathlib:mathlib.obj
 0001:0007bb20       ?PlaneTypeForNormal@@YAHQEAM@Z 000000014007cb20 f   mathlib:mathlib.obj
 0001:0007bb80       ?DVectorMA@@YAXQEBNN0QEAN@Z 000000014007cb80 f   mathlib:mathlib.obj
 0001:0007bbc0       ?DVectorNormalize@@YANQEAN0@Z 000000014007cbc0 f   mathlib:mathlib.obj
 0001:0007bc40       ?DVectorLength@@YANQEBN@Z  000000014007cc40 f   mathlib:mathlib.obj
 0001:0007bc70       ?SnapWeldDVector@@YAXQEAN00@Z 000000014007cc70 f   mathlib:mathlib.obj
 0001:0007be00       ?m4x4_identity@@YAXQEAM@Z  000000014007ce00 f   mathlib:m4x4.obj
 0001:0007be50       ?m4x4_assign@@YAXQEAMQEBM@Z 000000014007ce50 f   mathlib:m4x4.obj
 0001:0007beb0       ?m4x4_translation_for_vec3@@YAXQEAMQEBM@Z 000000014007ceb0 f   mathlib:m4x4.obj
 0001:0007bf00       ?m4x4_rotation_for_vec3@@YAXQEAMQEBMW4eulerOrder_t@@@Z 000000014007cf00 f   mathlib:m4x4.obj
 0001:0007c0d0       ?m4x4_scale_for_vec3@@YAXQEAMQEBM@Z 000000014007d0d0 f   mathlib:m4x4.obj
 0001:0007c110       ?m4x4_translate_by_vec3@@YAXQEAMQEBM@Z 000000014007d110 f   mathlib:m4x4.obj
 0001:0007c140       ?m4x4_rotate_by_vec3@@YAXQEAMQEBMW4eulerOrder_t@@@Z 000000014007d140 f   mathlib:m4x4.obj
 0001:0007c170       ?m4x4_scale_by_vec3@@YAXQEAMQEBM@Z 000000014007d170 f   mathlib:m4x4.obj
 0001:0007c1a0       ?m4x4_pivoted_transform_by_vec3@@YAXQEAMQEBM1W4eulerOrder_t@@11@Z 000000014007d1a0 f   mathlib:m4x4.obj
 0001:0007c250       ?m4x4_multiply_by_m4x4@@YAXQEAMQEBM@Z 000000014007d250 f   mathlib:m4x4.obj
 0001:0007c650       ?m4x4_transform_point@@YAXQEBMQEAM@Z 000000014007d650 f   mathlib:m4x4.obj
 0001:0007c6f0       ?m4x4_transform_normal@@YAXQEBMQEAM@Z 000000014007d6f0 f   mathlib:m4x4.obj
 0001:0007c780       ?m4x4_transpose@@YAXQEAM@Z 000000014007d780 f   mathlib:m4x4.obj
 0001:0007c880       ?m3_det@@YAMQEAM@Z         000000014007d880 f   mathlib:m4x4.obj
 0001:0007c910       ?m4_submat@@YAXQEAM0HH@Z   000000014007d910 f   mathlib:m4x4.obj
 0001:0007ca60       ?m4_det@@YAMQEAM@Z         000000014007da60 f   mathlib:m4x4.obj
 0001:0007caf0       ?m4x4_invert@@YAHQEAM@Z    000000014007daf0 f   mathlib:m4x4.obj
 0001:0007cbb8       g_free                     000000014007dbb8 f   glib-2.0:libglib-2.0-0.dll
 0001:0007cbbe       g_locale_to_utf8           000000014007dbbe f   glib-2.0:libglib-2.0-0.dll
 0001:0007cbc4       g_strdup                   000000014007dbc4 f   glib-2.0:libglib-2.0-0.dll
 0001:0007cbca       g_strdown                  000000014007dbca f   glib-2.0:libglib-2.0-0.dll
 0001:0007cbd0       g_dir_read_name_utf8       000000014007dbd0 f   glib-2.0:libglib-2.0-0.dll
 0001:0007cbd6       g_dir_open_utf8            000000014007dbd6 f   glib-2.0:libglib-2.0-0.dll
 0001:0007cbdc       g_dir_close                000000014007dbdc f   glib-2.0:libglib-2.0-0.dll
 0001:0007cbe2       g_slist_append             000000014007dbe2 f   glib-2.0:libglib-2.0-0.dll
 0001:0007cbe8       xmlNodeSetContent          000000014007dbe8 f   libxml2:libxml2-2.dll
 0001:0007cbee       xmlNewNode                 000000014007dbee f   libxml2:libxml2-2.dll
 0001:0007cbf4       xmlAddChild                000000014007dbf4 f   libxml2:libxml2-2.dll
 0001:0007cbfa       xmlSetProp                 000000014007dbfa f   libxml2:libxml2-2.dll
 0001:0007cc00       xmlBufferFree              000000014007dc00 f   libxml2:libxml2-2.dll
 0001:0007cc06       xmlNodeDump                000000014007dc06 f   libxml2:libxml2-2.dll
 0001:0007cc0c       xmlBufferCreate            000000014007dc0c f   libxml2:libxml2-2.dll
 0001:0007cc12       xmlNewDoc                  000000014007dc12 f   libxml2:libxml2-2.dll
 0001:0007cc18       xmlNewDocRawNode           000000014007dc18 f   libxml2:libxml2-2.dll
 0001:0007cc1e       png_get_IHDR               000000014007dc1e f   libpng:libpng14-14.dll
 0001:0007cc24       png_read_image             000000014007dc24 f   libpng:libpng14-14.dll
 0001:0007cc2a       png_write_info             000000014007dc2a f   libpng:libpng14-14.dll
 0001:0007cc30       png_destroy_write_struct   000000014007dc30 f   libpng:libpng14-14.dll
 0001:0007cc36       png_set_expand             000000014007dc36 f   libpng:libpng14-14.dll
 0001:0007cc3c       png_set_write_fn           000000014007dc3c f   libpng:libpng14-14.dll
 0001:0007cc42       png_read_info              000000014007dc42 f   libpng:libpng14-14.dll
 0001:0007cc48       png_set_iCCP               000000014007dc48 f   libpng:libpng14-14.dll
 0001:0007cc4e       png_set_strip_16           000000014007dc4e f   libpng:libpng14-14.dll
 0001:0007cc54       png_set_packing            000000014007dc54 f   libpng:libpng14-14.dll
 0001:0007cc5a       png_sig_cmp                000000014007dc5a f   libpng:libpng14-14.dll
 0001:0007cc60       png_create_read_struct     000000014007dc60 f   libpng:libpng14-14.dll
 0001:0007cc66       png_write_end              000000014007dc66 f   libpng:libpng14-14.dll
 0001:0007cc6c       png_get_io_ptr             000000014007dc6c f   libpng:libpng14-14.dll
 0001:0007cc72       png_create_info_struct     000000014007dc72 f   libpng:libpng14-14.dll
 0001:0007cc78       png_set_read_fn            000000014007dc78 f   libpng:libpng14-14.dll
 0001:0007cc7e       png_write_row              000000014007dc7e f   libpng:libpng14-14.dll
 0001:0007cc84       png_get_valid              000000014007dc84 f   libpng:libpng14-14.dll
 0001:0007cc8a       png_set_sRGB               000000014007dc8a f   libpng:libpng14-14.dll
 0001:0007cc90       png_create_write_struct    000000014007dc90 f   libpng:libpng14-14.dll
 0001:0007cc96       png_set_filler             000000014007dc96 f   libpng:libpng14-14.dll
 0001:0007cc9c       png_set_filter             000000014007dc9c f   libpng:libpng14-14.dll
 0001:0007cca2       png_set_IHDR               000000014007dca2 f   libpng:libpng14-14.dll
 0001:0007cca8       png_set_interlace_handling 000000014007dca8 f   libpng:libpng14-14.dll
 0001:0007ccae       png_get_channels           000000014007dcae f   libpng:libpng14-14.dll
 0001:0007ccb4       png_set_compression_level  000000014007dcb4 f   libpng:libpng14-14.dll
 0001:0007ccba       png_destroy_read_struct    000000014007dcba f   libpng:libpng14-14.dll
 0001:0007ccc0       DDSLittleLong              000000014007dcc0 f   ddslib:ddslib.obj
 0001:0007ccd0       DDSLittleShort             000000014007dcd0 f   ddslib:ddslib.obj
 0001:0007cd40       DDSGetInfo                 000000014007dd40 f   ddslib:ddslib.obj
 0001:0007d8e0       DDSDecompress              000000014007e8e0 f   ddslib:ddslib.obj
 0001:0007da00       LoadJPGBuff                000000014007ea00 f   jpeg6:jpgload.obj
 0001:0007dbf0       jpeg_create_decompress     000000014007ebf0 f   jpeg6:jdapimin.obj
 0001:0007dca0       jpeg_destroy_decompress    000000014007eca0 f   jpeg6:jdapimin.obj
 0001:0007de80       jpeg_consume_input         000000014007ee80 f   jpeg6:jdapimin.obj
 0001:0007df70       jpeg_finish_decompress     000000014007ef70 f   jpeg6:jdapimin.obj
 0001:0007e040       jpeg_read_header           000000014007f040 f   jpeg6:jdapimin.obj
 0001:0007e150       jpeg_read_scanlines        000000014007f150 f   jpeg6:jdapistd.obj
 0001:0007e220       jpeg_start_decompress      000000014007f220 f   jpeg6:jdapistd.obj
 0001:0007e390       jpeg_stdio_src             000000014007f390 f   jpeg6:jdatasrc.obj
 0001:0007e5e0       jpeg_std_error             000000014007f5e0 f   jpeg6:jerror.obj
 0001:0007ecf0       jinit_input_controller     000000014007fcf0 f   jpeg6:jdinput.obj
 0001:000808c0       jpeg_resync_to_restart     00000001400818c0 f   jpeg6:jdmarker.obj
 0001:00080a20       jinit_marker_reader        0000000140081a20 f   jpeg6:jdmarker.obj
 0001:00081870       jinit_memory_mgr           0000000140082870 f   jpeg6:jmemmgr.obj
 0001:000819e0       jpeg_abort                 00000001400829e0 f   jpeg6:jcomapi.obj
 0001:00081a20       jpeg_destroy               0000000140082a20 f   jpeg6:jcomapi.obj
 0001:00081a60       jpeg_alloc_quant_table     0000000140082a60 f   jpeg6:jcomapi.obj
 0001:00081a80       jpeg_alloc_huff_table      0000000140082a80 f   jpeg6:jcomapi.obj
 0001:00081ab0       jpeg_calc_output_dimensions 0000000140082ab0 f   jpeg6:jdmaster.obj
 0001:00081f40       jinit_master_decompress    0000000140082f40 f   jpeg6:jdmaster.obj
 0001:00081f90       jdiv_round_up              0000000140082f90 f   jpeg6:jutils.obj
 0001:00081fa0       jround_up                  0000000140082fa0 f   jpeg6:jutils.obj
 0001:00081fc0       jcopy_sample_rows          0000000140082fc0 f   jpeg6:jutils.obj
 0001:00082030       jzero_far                  0000000140083030 f   jpeg6:jutils.obj
 0001:00082040       ?jpeg_free_small@@YAXPEAUjpeg_common_struct@@PEAX_K@Z 0000000140083040 f   jpeg6:jmemnobs.obj
 0001:00082040       ?jpeg_free_large@@YAXPEAUjpeg_common_struct@@PEAX_K@Z 0000000140083040 f   jpeg6:jmemnobs.obj
 0001:00082050       ?jpeg_get_small@@YAPEAXPEAUjpeg_common_struct@@_K@Z 0000000140083050 f   jpeg6:jmemnobs.obj
 0001:00082050       ?jpeg_get_large@@YAPEAXPEAUjpeg_common_struct@@_K@Z 0000000140083050 f   jpeg6:jmemnobs.obj
 0001:00082060       ?jpeg_mem_available@@YAJPEAUjpeg_common_struct@@JJJ@Z 0000000140083060 f   jpeg6:jmemnobs.obj
 0001:00082070       ?jpeg_open_backing_store@@YAXPEAUjpeg_common_struct@@PEAUbacking_store_struct@@J@Z 0000000140083070 f   jpeg6:jmemnobs.obj
 0001:000827d0       jinit_d_main_controller    00000001400837d0 f   jpeg6:jdmainct.obj
 0001:00082c30       ?jpeg_mem_init@@YAJPEAUjpeg_common_struct@@@Z 0000000140083c30 f   jpeg6:jmemnobs.obj
 0001:00082c40       jinit_d_coef_controller    0000000140083c40 f   jpeg6:jdcoefct.obj
 0001:00082d60       ?jpeg_make_d_derived_tbl@@YAXPEAUjpeg_decompress_struct@@PEAUJHUFF_TBL@@PEAPEAUd_derived_tbl@@@Z 0000000140083d60 f   jpeg6:jdhuff.obj
 0001:00082f70       ?jpeg_fill_bit_buffer@@YAEPEAUbitread_working_state@@HHH@Z 0000000140083f70 f   jpeg6:jdhuff.obj
 0001:000830a0       ?jpeg_huff_decode@@YAHPEAUbitread_working_state@@HHPEAUd_derived_tbl@@H@Z 00000001400840a0 f   jpeg6:jdhuff.obj
 0001:00083890       jinit_huff_decoder         0000000140084890 f   jpeg6:jdhuff.obj
 0001:00083c00       jinit_inverse_dct          0000000140084c00 f   jpeg6:jddctmgr.obj
 0001:00083e00       jinit_d_post_controller    0000000140084e00 f   jpeg6:jdpostct.obj
 0001:00084530       jinit_upsampler            0000000140085530 f   jpeg6:jdsample.obj
 0001:00084cf0       jinit_color_deconverter    0000000140085cf0 f   jpeg6:jdcolor.obj
 0001:00084e90       ?jpeg_idct_float@@YAXPEAUjpeg_decompress_struct@@PEAUjpeg_component_info@@PEAFPEAPEAEI@Z 0000000140085e90 f   jpeg6:jidctflt.obj
 0001:000853a0       PicoInit                   00000001400863a0 f   picomodel:picomodel.obj
 0001:000853b0       PicoSetMallocFunc          00000001400863b0 f   picomodel:picomodel.obj
 0001:000853d0       PicoSetFreeFunc            00000001400863d0 f   picomodel:picomodel.obj
 0001:000853f0       PicoSetLoadFileFunc        00000001400863f0 f   picomodel:picomodel.obj
 0001:00085410       PicoSetFreeFileFunc        0000000140086410 f   picomodel:picomodel.obj
 0001:00085430       PicoSetPrintFunc           0000000140086430 f   picomodel:picomodel.obj
 0001:00085450       PicoNewModel               0000000140086450 f   picomodel:picomodel.obj
 0001:000854a0       PicoAdjustModel            00000001400864a0 f   picomodel:picomodel.obj
 0001:000855d0       PicoNewShader              00000001400865d0 f   picomodel:picomodel.obj
 0001:000856b0       PicoFreeShader             00000001400866b0 f   picomodel:picomodel.obj
 0001:000856f0       PicoFindShader             00000001400866f0 f   picomodel:picomodel.obj
 0001:000857e0       PicoFreeSurface            00000001400867e0 f   picomodel:picomodel.obj
 0001:000858c0       PicoAdjustSurface          00000001400868c0 f   picomodel:picomodel.obj
 0001:00085c00       PicoNewSkin                0000000140086c00 f   picomodel:picomodel.obj
 0001:00085c80       PicoAdjustSkin             0000000140086c80 f   picomodel:picomodel.obj
 0001:00085d20       PicoNewSkinItem            0000000140086d20 f   picomodel:picomodel.obj
 0001:00085d90       PicoFreeSkinItem           0000000140086d90 f   picomodel:picomodel.obj
 0001:00085dd0       PicoSetModelName           0000000140086dd0 f   picomodel:picomodel.obj
 0001:00085dd0       PicoSetSkinItemReplacement 0000000140086dd0 f   picomodel:picomodel.obj
 0001:00085dd0       PicoSetShaderName          0000000140086dd0 f   picomodel:picomodel.obj
 0001:00085e10       PicoSetModelFrameNum       0000000140086e10 f   picomodel:picomodel.obj
 0001:00085e20       PicoSetModelNumFrames      0000000140086e20 f   picomodel:picomodel.obj
 0001:00085e30       PicoSetShaderMapName       0000000140086e30 f   picomodel:picomodel.obj
 0001:00085e30       PicoSetModelFileName       0000000140086e30 f   picomodel:picomodel.obj
 0001:00085e70       PicoSetShaderAmbientColor  0000000140086e70 f   picomodel:picomodel.obj
 0001:00085ea0       PicoSetShaderDiffuseColor  0000000140086ea0 f   picomodel:picomodel.obj
 0001:00085ed0       PicoSetShaderSpecularColor 0000000140086ed0 f   picomodel:picomodel.obj
 0001:00085f00       PicoSetShaderTransparency  0000000140086f00 f   picomodel:picomodel.obj
 0001:00085f40       PicoSetShaderShininess     0000000140086f40 f   picomodel:picomodel.obj
 0001:00085f80       PicoSetSurfaceType         0000000140086f80 f   picomodel:picomodel.obj
 0001:00085f90       PicoSetSurfaceName         0000000140086f90 f   picomodel:picomodel.obj
 0001:00085fd0       PicoSetSurfaceShader       0000000140086fd0 f   picomodel:picomodel.obj
 0001:00085fe0       PicoSetSurfaceXYZ          0000000140086fe0 f   picomodel:picomodel.obj
 0001:00086070       PicoSetSurfaceNormal       0000000140087070 f   picomodel:picomodel.obj
 0001:000860e0       PicoSetSurfaceST           00000001400870e0 f   picomodel:picomodel.obj
 0001:00086160       PicoSetSurfaceColor        0000000140087160 f   picomodel:picomodel.obj
 0001:00086210       PicoSetSurfaceIndex        0000000140087210 f   picomodel:picomodel.obj
 0001:00086270       PicoSetSurfaceSmoothingGroup 0000000140087270 f   picomodel:picomodel.obj
 0001:000862c0       PicoSetSkinNum             00000001400872c0 f   picomodel:picomodel.obj
 0001:000862d0       PicoSetSkinItemObject      00000001400872d0 f   picomodel:picomodel.obj
 0001:00086310       PicoGetModelName           0000000140087310 f   picomodel:picomodel.obj
 0001:00086330       PicoGetShaderMapName       0000000140087330 f   picomodel:picomodel.obj
 0001:00086330       PicoGetModelFileName       0000000140087330 f   picomodel:picomodel.obj
 0001:00086350       PicoGetModelFrameNum       0000000140087350 f   picomodel:picomodel.obj
 0001:00086360       PicoGetModelShader         0000000140087360 f   picomodel:picomodel.obj
 0001:00086390       PicoGetModelNumSurfaces    0000000140087390 f   picomodel:picomodel.obj
 0001:000863a0       PicoGetModelSurface        00000001400873a0 f   picomodel:picomodel.obj
 0001:000863d0       PicoGetSurfaceType         00000001400873d0 f   picomodel:picomodel.obj
 0001:000863e0       PicoGetSurfaceNumVertexes  00000001400873e0 f   picomodel:picomodel.obj
 0001:000863f0       PicoGetSurfaceXYZ          00000001400873f0 f   picomodel:picomodel.obj
 0001:00086420       PicoGetSurfaceNormal       0000000140087420 f   picomodel:picomodel.obj
 0001:00086450       PicoGetSurfaceST           0000000140087450 f   picomodel:picomodel.obj
 0001:00086480       PicoGetSurfaceColor        0000000140087480 f   picomodel:picomodel.obj
 0001:000864b0       PicoGetSurfaceNumIndexes   00000001400874b0 f   picomodel:picomodel.obj
 0001:000864c0       PicoGetSurfaceIndexes      00000001400874c0 f   picomodel:picomodel.obj
 0001:000864e0       PicoGetSurfaceShaderNameForSkin 00000001400874e0 f   picomodel:picomodel.obj
 0001:000865c0       PicoVertexCoordGenerateHash 00000001400875c0 f   picomodel:picomodel.obj
 0001:000866e0       PicoNewVertexCombinationHashTable 00000001400876e0 f   picomodel:picomodel.obj
 0001:00086710       PicoFreeVertexCombinationHashTable 0000000140087710 f   picomodel:picomodel.obj
 0001:00086790       PicoFindVertexCombinationInHashTable 0000000140087790 f   picomodel:picomodel.obj
 0001:00086950       PicoAddVertexCombinationToHashTable 0000000140087950 f   picomodel:picomodel.obj
 0001:00086a40       PicoFindSurfaceVertexNum   0000000140087a40 f   picomodel:picomodel.obj
 0001:00086e70       indexarray_push_back       0000000140087e70 f   picomodel:picomodel.obj
 0001:00086e80       indexarray_reserve         0000000140087e80 f   picomodel:picomodel.obj
 0001:00086eb0       binarytree_clear           0000000140087eb0 f   picomodel:picomodel.obj
 0001:00086eb0       indexarray_clear           0000000140087eb0 f   picomodel:picomodel.obj
 0001:00086ec0       binarytree_extend          0000000140087ec0 f   picomodel:picomodel.obj
 0001:00086ee0       binarytree_size            0000000140087ee0 f   picomodel:picomodel.obj
 0001:00086ef0       binarytree_reserve         0000000140087ef0 f   picomodel:picomodel.obj
 0001:00086f20       UniqueIndices_size         0000000140087f20 f   picomodel:picomodel.obj
 0001:00086f30       UniqueIndices_reserve      0000000140087f30 f   picomodel:picomodel.obj
 0001:00086f60       UniqueIndices_init         0000000140087f60 f   picomodel:picomodel.obj
 0001:00086f70       UniqueIndices_destroy      0000000140087f70 f   picomodel:picomodel.obj
 0001:00086f90       UniqueIndices_find_or_insert 0000000140087f90 f   picomodel:picomodel.obj
 0001:00087060       UniqueIndices_insert       0000000140088060 f   picomodel:picomodel.obj
 0001:000870a0       lessSmoothVertex           00000001400880a0 f   picomodel:picomodel.obj
 0001:00087120       _pico_vertices_combine_shared_normals 0000000140088120 f   picomodel:picomodel.obj
 0001:00087270       _pico_triangles_generate_weighted_normals 0000000140088270 f   picomodel:picomodel.obj
 0001:00087350       _pico_normals_zero         0000000140088350 f   picomodel:picomodel.obj
 0001:00087390       _pico_normals_normalize    0000000140088390 f   picomodel:picomodel.obj
 0001:000873d0       _pico_length_vec           00000001400883d0 f   picomodel:picomodel.obj
 0001:00087400       _pico_normal_is_unit_length 0000000140088400 f   picomodel:picomodel.obj
 0001:00087440       _pico_normal_within_tolerance 0000000140088440 f   picomodel:picomodel.obj
 0001:00087470       _pico_normals_assign_generated_normals 0000000140088470 f   picomodel:picomodel.obj
 0001:000874e0       PicoFixSurfaceNormals      00000001400884e0 f   picomodel:picomodel.obj
 0001:00087580       PicoRemapModel             0000000140088580 f   picomodel:picomodel.obj
 0001:00087ad0       PicoParseToken             0000000140088ad0 f   picomodel:picomodel.obj
 0001:00087d60       PicoLoadSkinFiles          0000000140088d60 f   picomodel:picomodel.obj
 0001:00088020       PicoModuleLoadModel        0000000140089020 f   picomodel:picomodel.obj
 0001:00088120       PicoLoadModel              0000000140089120 f   picomodel:picomodel.obj
 0001:00088230       PicoNewSurface             0000000140089230 f   picomodel:picomodel.obj
 0001:000882e0       PicoFreeSkin               00000001400892e0 f   picomodel:picomodel.obj
 0001:00088340       PicoAddTriangleToModel     0000000140089340 f   picomodel:picomodel.obj
 0001:000885d0       PicoFreeModel              00000001400895d0 f   picomodel:picomodel.obj
 0001:000886c0       _pico_alloc                00000001400896c0 f   picomodel:picointernal.obj
 0001:00088720       _pico_calloc               0000000140089720 f   picomodel:picointernal.obj
 0001:00088790       _pico_clone_alloc          0000000140089790 f   picomodel:picointernal.obj
 0001:000887f0       _pico_free                 00000001400897f0 f   picomodel:picointernal.obj
 0001:00088810       _pico_load_file            0000000140089810 f   picomodel:picointernal.obj
 0001:00088830       _pico_free_file            0000000140089830 f   picomodel:picointernal.obj
 0001:00088860       _pico_printf               0000000140089860 f   picomodel:picointernal.obj
 0001:000888f0       _pico_first_token          00000001400898f0 f   picomodel:picointernal.obj
 0001:00088920       _pico_strltrim             0000000140089920 f   picomodel:picointernal.obj
 0001:000889a0       _pico_strrtrim             00000001400899a0 f   picomodel:picointernal.obj
 0001:00088a60       _pico_strlwr               0000000140089a60 f   picomodel:picointernal.obj
 0001:00088a90       _pico_strchcount           0000000140089a90 f   picomodel:picointernal.obj
 0001:00088ac0       _pico_zero_bounds          0000000140089ac0 f   picomodel:picointernal.obj
 0001:00088af0       _pico_expand_bounds        0000000140089af0 f   picomodel:picointernal.obj
 0001:00088b50       _pico_zero_vec             0000000140089b50 f   picomodel:picointernal.obj
 0001:00088b60       _pico_zero_vec2            0000000140089b60 f   picomodel:picointernal.obj
 0001:00088b70       _pico_set_vec              0000000140089b70 f   picomodel:picointernal.obj
 0001:00088b80       _pico_copy_vec             0000000140089b80 f   picomodel:picointernal.obj
 0001:00088ba0       _pico_copy_vec2            0000000140089ba0 f   picomodel:picointernal.obj
 0001:00088bb0       _pico_normalize_vec        0000000140089bb0 f   picomodel:picointernal.obj
 0001:00088c40       _pico_add_vec              0000000140089c40 f   picomodel:picointernal.obj
 0001:00088c70       _pico_subtract_vec         0000000140089c70 f   picomodel:picointernal.obj
 0001:00088ca0       _pico_scale_vec            0000000140089ca0 f   picomodel:picointernal.obj
 0001:00088cd0       _pico_set_color            0000000140089cd0 f   picomodel:picointernal.obj
 0001:00088cf0       _pico_copy_color           0000000140089cf0 f   picomodel:picointernal.obj
 0001:00088d10       _pico_little_long          0000000140089d10 f   picomodel:picointernal.obj
 0001:00088d20       _pico_little_short         0000000140089d20 f   picomodel:picointernal.obj
 0001:00088d30       ?jpeg_mem_term@@YAXPEAUjpeg_common_struct@@@Z 0000000140089d30 f   jpeg6:jmemnobs.obj
 0001:00088d30       _pico_little_float         0000000140089d30 f   picomodel:picointernal.obj
 0001:00088d40       _pico_stristr              0000000140089d40 f   picomodel:picointernal.obj
 0001:00088dc0       _pico_unixify              0000000140089dc0 f   picomodel:picointernal.obj
 0001:00088df0       _pico_nopath               0000000140089df0 f   picomodel:picointernal.obj
 0001:00088e90       _pico_setfext              0000000140089e90 f   picomodel:picointernal.obj
 0001:00088f60       _pico_new_parser           0000000140089f60 f   picomodel:picointernal.obj
 0001:00089030       _pico_free_parser          000000014008a030 f   picomodel:picointernal.obj
 0001:00089060       _pico_parse_ex             000000014008a060 f   picomodel:picointernal.obj
 0001:000891c0       _pico_parse_first          000000014008a1c0 f   picomodel:picointernal.obj
 0001:00089200       _pico_parse                000000014008a200 f   picomodel:picointernal.obj
 0001:00089230       _pico_parse_skip_rest      000000014008a230 f   picomodel:picointernal.obj
 0001:00089260       _pico_parse_skip_braced    000000014008a260 f   picomodel:picointernal.obj
 0001:00089310       _pico_parse_check          000000014008a310 f   picomodel:picointernal.obj
 0001:00089370       _pico_parse_int            000000014008a370 f   picomodel:picointernal.obj
 0001:000893c0       _pico_parse_float          000000014008a3c0 f   picomodel:picointernal.obj
 0001:00089410       _pico_parse_vec            000000014008a410 f   picomodel:picointernal.obj
 0001:000894b0       _pico_parse_vec2           000000014008a4b0 f   picomodel:picointernal.obj
 0001:00089550       _pico_new_memstream        000000014008a550 f   picomodel:picointernal.obj
 0001:000895b0       _pico_free_memstream       000000014008a5b0 f   picomodel:picointernal.obj
 0001:000895d0       _pico_memstream_read       000000014008a5d0 f   picomodel:picointernal.obj
 0001:00089660       _pico_memstream_getc       000000014008a660 f   picomodel:picointernal.obj
 0001:000896a0       _pico_memstream_seek       000000014008a6a0 f   picomodel:picointernal.obj
 0001:00089730       _pico_memstream_tell       000000014008a730 f   picomodel:picointernal.obj
 0001:00089750       _pico_realloc              000000014008a750 f   picomodel:picointernal.obj
 0001:000897f0       PicoModuleList             000000014008a7f0 f   picomodel:picomodules.obj
 0001:0008a4a0       _terrain_load_tga_buffer   000000014008b4a0 f   picomodel:pm_terrain.obj
 0001:0008e3e0       _ase_get_submaterial_or_default 000000014008f3e0 f   picomodel:pm_ase.obj
 0001:000913f0       lwFreeLayer                00000001400923f0 f   picomodel:lwo2.obj
 0001:00091440       lwFreeObject               0000000140092440 f   picomodel:lwo2.obj
 0001:000914b0       lwGetObject                00000001400924b0 f   picomodel:lwo2.obj
 0001:00091a00       lwValidateObject           0000000140092a00 f   picomodel:lwo2.obj
 0001:00091ad0       lwListFree                 0000000140092ad0 f   picomodel:list.obj
 0001:00091b00       lwListAdd                  0000000140092b00 f   picomodel:list.obj
 0001:00091b30       lwListInsert               0000000140092b30 f   picomodel:list.obj
 0001:00091bd0       lwFreeVMap                 0000000140092bd0 f   picomodel:vmap.obj
 0001:00091c40       lwGetVMap                  0000000140092c40 f   picomodel:vmap.obj
 0001:00091ea0       lwGetPointVMaps            0000000140092ea0 f   picomodel:vmap.obj
 0001:00092000       lwGetPolyVMaps             0000000140093000 f   picomodel:vmap.obj
 0001:000921e0       lwFreePoints               00000001400931e0 f   picomodel:pntspols.obj
 0001:00092270       lwFreePolygons             0000000140093270 f   picomodel:pntspols.obj
 0001:00092350       lwGetPoints                0000000140093350 f   picomodel:pntspols.obj
 0001:00092570       lwGetBoundingBox           0000000140093570 f   picomodel:pntspols.obj
 0001:00092660       lwAllocPolygons            0000000140093660 f   picomodel:pntspols.obj
 0001:00092780       lwGetPolygons              0000000140093780 f   picomodel:pntspols.obj
 0001:00092950       lwGetPolyNormals           0000000140093950 f   picomodel:pntspols.obj
 0001:00092ac0       lwGetPointPolygons         0000000140093ac0 f   picomodel:pntspols.obj
 0001:00092c20       lwResolvePolySurfaces      0000000140093c20 f   picomodel:pntspols.obj
 0001:00092df0       lwGetVertNormals           0000000140093df0 f   picomodel:pntspols.obj
 0001:00093070       lwFreeTags                 0000000140094070 f   picomodel:pntspols.obj
 0001:000930f0       lwGetTags                  00000001400940f0 f   picomodel:pntspols.obj
 0001:00093240       lwGetPolygonTags           0000000140094240 f   picomodel:pntspols.obj
 0001:00093380       lwFreePlugin               0000000140094380 f   picomodel:surface.obj
 0001:000933d0       lwFreeTexture              00000001400943d0 f   picomodel:surface.obj
 0001:00093460       lwFreeSurface              0000000140094460 f   picomodel:surface.obj
 0001:00093560       lwGetTHeader               0000000140094560 f   picomodel:surface.obj
 0001:000936f0       lwGetTMap                  00000001400946f0 f   picomodel:surface.obj
 0001:00093920       lwGetImageMap              0000000140094920 f   picomodel:surface.obj
 0001:00093ba0       lwGetProcedural            0000000140094ba0 f   picomodel:surface.obj
 0001:00093d40       lwGetGradient              0000000140094d40 f   picomodel:surface.obj
 0001:00093ff0       lwGetTexture               0000000140094ff0 f   picomodel:surface.obj
 0001:00094130       lwGetShader                0000000140095130 f   picomodel:surface.obj
 0001:00094400       lwDefaultSurface           0000000140095400 f   picomodel:surface.obj
 0001:00094470       lwGetSurface               0000000140095470 f   picomodel:surface.obj
 0001:00094ab0       lwFreeClip                 0000000140095ab0 f   picomodel:clip.obj
 0001:00094b80       lwGetClip                  0000000140095b80 f   picomodel:clip.obj
 0001:00095000       lwFreeEnvelope             0000000140096000 f   picomodel:envelope.obj
 0001:00095080       lwGetEnvelope              0000000140096080 f   picomodel:envelope.obj
 0001:000953b0       set_flen                   00000001400963b0 f   picomodel:lwio.obj
 0001:000953c0       get_flen                   00000001400963c0 f   picomodel:lwio.obj
 0001:000953d0       revbytes                   00000001400963d0 f   picomodel:lwio.obj
 0001:00095450       getbytes                   0000000140096450 f   picomodel:lwio.obj
 0001:00095500       getU4                      0000000140096500 f   picomodel:lwio.obj
 0001:00095500       getI4                      0000000140096500 f   picomodel:lwio.obj
 0001:00095560       getU1                      0000000140096560 f   picomodel:lwio.obj
 0001:000955a0       getI2                      00000001400965a0 f   picomodel:lwio.obj
 0001:000955a0       getU2                      00000001400965a0 f   picomodel:lwio.obj
 0001:00095600       getVX                      0000000140096600 f   picomodel:lwio.obj
 0001:000956b0       getF4                      00000001400966b0 f   picomodel:lwio.obj
 0001:00095710       getS0                      0000000140096710 f   picomodel:lwio.obj
 0001:00095850       sgetI2                     0000000140096850 f   picomodel:lwio.obj
 0001:000958b0       sgetU2                     00000001400968b0 f   picomodel:lwio.obj
 0001:000958f0       sgetU4                     00000001400968f0 f   picomodel:lwio.obj
 0001:00095950       sgetVX                     0000000140096950 f   picomodel:lwio.obj
 0001:000959d0       sgetF4                     00000001400969d0 f   picomodel:lwio.obj
 0001:00095a30       sgetS0                     0000000140096a30 f   picomodel:lwio.obj
 0001:00095e90       lwGetSurface5              0000000140096e90 f   picomodel:lwob.obj
 0001:00096890       lwGetPolygons5             0000000140097890 f   picomodel:lwob.obj
 0001:00096a50       lwGetObject5               0000000140097a50 f   picomodel:lwob.obj
 0001:00096cd0       lwValidateObject5          0000000140097cd0 f   picomodel:lwob.obj
 0001:00096d80       dot                        0000000140097d80 f   picomodel:vecmath.obj
 0001:00096d80       _pico_dot_vec              0000000140097d80 f   picomodel:picointernal.obj
 0001:00096db0       cross                      0000000140097db0 f   picomodel:vecmath.obj
 0001:00096db0       _pico_cross_vec            0000000140097db0 f   picomodel:picointernal.obj
 0001:00096e10       normalize                  0000000140097e10 f   picomodel:vecmath.obj
 0001:00096e5c       _stricmp                   0000000140097e5c f   MSVCRT:MSVCR90.dll
 0001:00096e62       rename                     0000000140097e62 f   MSVCRT:MSVCR90.dll
 0001:00096e68       sprintf                    0000000140097e68 f   MSVCRT:MSVCR90.dll
 0001:00096e6e       sscanf_s                   0000000140097e6e f   MSVCRT:MSVCR90.dll
 0001:00096e74       sscanf                     0000000140097e74 f   MSVCRT:MSVCR90.dll
 0001:00096e7a       strncmp                    0000000140097e7a f   MSVCRT:MSVCR90.dll
 0001:00096e80       free                       0000000140097e80 f   MSVCRT:MSVCR90.dll
 0001:00096e86       atoi                       0000000140097e86 f   MSVCRT:MSVCR90.dll
 0001:00096e8c       remove                     0000000140097e8c f   MSVCRT:MSVCR90.dll
 0001:00096e92       ftell                      0000000140097e92 f   MSVCRT:MSVCR90.dll
 0001:00096e98       realloc                    0000000140097e98 f   MSVCRT:MSVCR90.dll
[...]
 0001:000541e0       ?MapTriangle@@YA?AW4qboolean@@PEAUrawLightmap_s@@PEAUsurfaceInfo_s@@QEAPEAUbspDrawVert_t@@W41@@Z 00000001400551e0 f    CIL library: CIL module
 0001:00054560       ?MapQuad_r@@YAXPEAUrawLightmap_s@@PEAUsurfaceInfo_s@@QEAPEAUbspDrawVert_t@@QEAM3QEAY02M4@Z 0000000140055560 f    CIL library: CIL module
 0001:000548e0       ?MapQuad@@YA?AW4qboolean@@PEAUrawLightmap_s@@PEAUsurfaceInfo_s@@QEAPEAUbspDrawVert_t@@@Z 00000001400558e0 f    CIL library: CIL module
 0001:00057760       ?SubmapRawLuxel@@YA?AW4qboolean@@PEAUrawLightmap_s@@HHMMPEAHQEAM2@Z 0000000140058760 f    CIL library: CIL module
 0001:00057ae0       ?SubsampleRawLuxel_r@@YAXPEAUrawLightmap_s@@PEAUtrace_t@@QEAMHHMPEAM@Z 0000000140058ae0 f    CIL library: CIL module
 0001:0005eb20       ?CompareLightSurface@@YAHPEBX0@Z 000000014005fb20 f    CIL library: CIL module
 0001:00060400       ?CompareSurfaceInfo@@YAHPEBX0@Z 0000000140061400 f    CIL library: CIL module
 0001:00062a90       ?CompareBSPLuxels@@YA?AW4qboolean@@PEAUrawLightmap_s@@H0H@Z 0000000140063a90 f    CIL library: CIL module
 0001:00062e40       ?MergeBSPLuxels@@YA?AW4qboolean@@PEAUrawLightmap_s@@H0H@Z 0000000140063e40 f    CIL library: CIL module
 0001:000630d0       ?ApproximateLuxel@@YA?AW4qboolean@@PEAUrawLightmap_s@@PEAUbspDrawVert_t@@@Z 00000001400640d0 f    CIL library: CIL module
 0001:00063300       ?ApproximateTriangle_r@@YA?AW4qboolean@@PEAUrawLightmap_s@@QEAPEAUbspDrawVert_t@@@Z 0000000140064300 f    CIL library: CIL module
 0001:00063510       ?ApproximateLightmap@@YA?AW4qboolean@@PEAUrawLightmap_s@@@Z 0000000140064510 f    CIL library: CIL module
 0001:00063980       ?TestOutLightmapStamp@@YA?AW4qboolean@@PEAUrawLightmap_s@@HPEAUoutLightmap_s@@HH@Z 0000000140064980 f    CIL library: CIL module
 0001:00063b10       ?SetupOutLightmap@@YAXPEAUrawLightmap_s@@PEAUoutLightmap_s@@@Z 0000000140064b10 f    CIL library: CIL module
 0001:00063c70       ?FindOutLightmaps@@YAXPEAUrawLightmap_s@@@Z 0000000140064c70 f    CIL library: CIL module
 0001:00064600       ?CompareRawLightmap@@YAHPEBX0@Z 0000000140065600 f    CIL library: CIL module
 0001:0006dcb0       ?ConvertCollapsedSurface@@YAXPEAU_iobuf@@PEAUbspModel_t@@HHHQEAM@Z 000000014006ecb0 f    CIL library: CIL module
 0001:0006e930       ?ConvertSurface@@YAXPEAU_iobuf@@PEAUbspModel_t@@HPEAUbspDrawSurface_t@@HQEAM@Z 000000014006f930 f    CIL library: CIL module
 0001:0006efa0       ?ConvertModel@@YAXPEAU_iobuf@@PEAUbspModel_t@@HQEAMH@Z 000000014006ffa0 f    CIL library: CIL module
 0001:0006f0a0       ?ConvertShader@@YAXPEAU_iobuf@@PEAUbspShader_t@@H@Z 00000001400700a0 f    CIL library: CIL module
 0001:0006f800       ?ConvertBrush@@YAXPEAU_iobuf@@HPEAUbspBrush_t@@QEAM@Z 0000000140070800 f    CIL library: CIL module
 0001:0006fb80       ?ConvertPatch@@YAXPEAU_iobuf@@HPEAUbspDrawSurface_t@@QEAM@Z 0000000140070b80 f    CIL library: CIL module
 0001:0006fda0       ?ConvertModel@@YAXPEAU_iobuf@@PEAUbspModel_t@@HQEAM@Z 0000000140070da0 f    CIL library: CIL module
 0001:00073560       ?MD4Transform@@YAXQEAKQEAE@Z 0000000140074560 f    CIL library: CIL module
 0001:00076bf0       ?unzlocal_SearchCentralDir@@YAKPEAU_iobuf@@@Z 0000000140077bf0 f    CIL library: CIL module
 0001:00076f70       ?unzlocal_GetCurrentFileInfoInternal@@YAHPEAXPEAUunz_file_info_s@@PEAUunz_file_info_internal_s@@PEADK0K3K@Z 0000000140077f70 f    CIL library: CIL module
 0001:000773f0       ?unzlocal_CheckCurrentFileCoherencyHeader@@YAHPEAUunz_s@@PEAIPEAK1@Z 00000001400783f0 f    CIL library: CIL module
 0001:00078a90       ?huft_build@@YAHPEAIIIPEBI1PEAPEAUinflate_huft_s@@0PEAU1@00@Z 0000000140079a90 f    CIL library: CIL module
 0001:0007a2a0       ?vfsInitPakFile@@YAXPEBD@Z 000000014007b2a0 f    CIL library: CIL module
 0001:0007cce0       DDSDecodePixelFormat       000000014007dce0 f   ddslib:ddslib.obj
 0001:0007cda0       DDSGetColorBlockColors     000000014007dda0 f   ddslib:ddslib.obj
 0001:0007cf70       DDSDecodeColorBlock        000000014007df70 f   ddslib:ddslib.obj
 0001:0007d050       DDSDecodeAlphaExplicit     000000014007e050 f   ddslib:ddslib.obj
 0001:0007d150       DDSDecodeAlpha3BitLinear   000000014007e150 f   ddslib:ddslib.obj
 0001:0007d450       DDSDecompressDXT1          000000014007e450 f   ddslib:ddslib.obj
 0001:0007d560       DDSDecompressDXT3          000000014007e560 f   ddslib:ddslib.obj
 0001:0007d6e0       DDSDecompressDXT5          000000014007e6e0 f   ddslib:ddslib.obj
 0001:0007d860       DDSDecompressDXT2          000000014007e860 f   ddslib:ddslib.obj
 0001:0007d870       DDSDecompressDXT4          000000014007e870 f   ddslib:ddslib.obj
 0001:0007d880       DDSDecompressARGB8888      000000014007e880 f   ddslib:ddslib.obj
 0001:0007dcb0       ?default_decompress_parms@@YAXPEAUjpeg_decompress_struct@@@Z 000000014007ecb0 f   jpeg6:jdapimin.obj
 0001:0007e0d0       ?output_pass_setup@@YAEPEAUjpeg_decompress_struct@@@Z 000000014007f0d0 f   jpeg6:jdapistd.obj
 0001:0007e2d0       ?init_source@@YAXPEAUjpeg_decompress_struct@@@Z 000000014007f2d0 f   jpeg6:jdatasrc.obj
 0001:0007e2e0       ?fill_input_buffer@@YAEPEAUjpeg_decompress_struct@@@Z 000000014007f2e0 f   jpeg6:jdatasrc.obj
 0001:0007e340       ?skip_input_data@@YAXPEAUjpeg_decompress_struct@@J@Z 000000014007f340 f   jpeg6:jdatasrc.obj
 0001:0007e440       ?error_exit@@YAXPEAUjpeg_common_struct@@@Z 000000014007f440 f   jpeg6:jerror.obj
 0001:0007e470       ?output_message@@YAXPEAUjpeg_common_struct@@@Z 000000014007f470 f   jpeg6:jerror.obj
 0001:0007e4a0       ?emit_message@@YAXPEAUjpeg_common_struct@@H@Z 000000014007f4a0 f   jpeg6:jerror.obj
 0001:0007e4e0       ?format_message@@YAXPEAUjpeg_common_struct@@PEAD@Z 000000014007f4e0 f   jpeg6:jerror.obj
 0001:0007e5c0       ?reset_error_mgr@@YAXPEAUjpeg_common_struct@@@Z 000000014007f5c0 f   jpeg6:jerror.obj
 0001:0007e660       ?initial_setup@@YAXPEAUjpeg_decompress_struct@@@Z 000000014007f660 f   jpeg6:jdinput.obj
 0001:0007e870       ?per_scan_setup@@YAXPEAUjpeg_decompress_struct@@@Z 000000014007f870 f   jpeg6:jdinput.obj
 0001:0007ea50       ?latch_quant_tables@@YAXPEAUjpeg_decompress_struct@@@Z 000000014007fa50 f   jpeg6:jdinput.obj
 0001:0007eb20       ?start_input_pass@@YAXPEAUjpeg_decompress_struct@@@Z 000000014007fb20 f   jpeg6:jdinput.obj
 0001:0007eb70       ?consume_markers@@YAHPEAUjpeg_decompress_struct@@@Z 000000014007fb70 f   jpeg6:jdinput.obj
 0001:0007ec80       ?reset_input_controller@@YAXPEAUjpeg_decompress_struct@@@Z 000000014007fc80 f   jpeg6:jdinput.obj
 0001:0007ecd0       ?finish_input_pass@@YAXPEAUjpeg_decompress_struct@@@Z 000000014007fcd0 f   jpeg6:jdinput.obj
 0001:0007ed50       ?get_soi@@YAEPEAUjpeg_decompress_struct@@@Z 000000014007fd50 f   jpeg6:jdmarker.obj
 0001:0007ee10       ?get_sof@@YAEPEAUjpeg_decompress_struct@@EE@Z 000000014007fe10 f   jpeg6:jdmarker.obj
 0001:0007f160       ?get_sos@@YAEPEAUjpeg_decompress_struct@@@Z 0000000140080160 f   jpeg6:jdmarker.obj
 0001:0007f490       ?get_app0@@YAEPEAUjpeg_decompress_struct@@@Z 0000000140080490 f   jpeg6:jdmarker.obj
 0001:0007f770       ?get_app14@@YAEPEAUjpeg_decompress_struct@@@Z 0000000140080770 f   jpeg6:jdmarker.obj
 0001:0007f960       ?get_dac@@YAEPEAUjpeg_decompress_struct@@@Z 0000000140080960 f   jpeg6:jdmarker.obj
 0001:0007fb10       ?get_dht@@YAEPEAUjpeg_decompress_struct@@@Z 0000000140080b10 f   jpeg6:jdmarker.obj
 0001:0007fe40       ?get_dqt@@YAEPEAUjpeg_decompress_struct@@@Z 0000000140080e40 f   jpeg6:jdmarker.obj
 0001:000800c0       ?get_dri@@YAEPEAUjpeg_decompress_struct@@@Z 00000001400810c0 f   jpeg6:jdmarker.obj
 0001:000801e0       ?skip_variable@@YAEPEAUjpeg_decompress_struct@@@Z 00000001400811e0 f   jpeg6:jdmarker.obj
 0001:000802b0       ?next_marker@@YAEPEAUjpeg_decompress_struct@@@Z 00000001400812b0 f   jpeg6:jdmarker.obj
 0001:00080420       ?first_marker@@YAEPEAUjpeg_decompress_struct@@@Z 0000000140081420 f   jpeg6:jdmarker.obj
 0001:000804f0       ?read_markers@@YAHPEAUjpeg_decompress_struct@@@Z 00000001400814f0 f   jpeg6:jdmarker.obj
 0001:00080810       ?read_restart_marker@@YAEPEAUjpeg_decompress_struct@@@Z 0000000140081810 f   jpeg6:jdmarker.obj
 0001:000809e0       ?reset_marker_reader@@YAXPEAUjpeg_decompress_struct@@@Z 00000001400819e0 f   jpeg6:jdmarker.obj
 0001:00080ad0       ?out_of_memory@@YAXPEAUjpeg_common_struct@@H@Z 0000000140081ad0 f   jpeg6:jmemmgr.obj
 0001:00080af0       ?alloc_small@@YAPEAXPEAUjpeg_common_struct@@H_K@Z 0000000140081af0 f   jpeg6:jmemmgr.obj
 0001:00080c70       ?alloc_large@@YAPEAXPEAUjpeg_common_struct@@H_K@Z 0000000140081c70 f   jpeg6:jmemmgr.obj
 0001:00080d50       ?alloc_sarray@@YAPEAPEAEPEAUjpeg_common_struct@@HII@Z 0000000140081d50 f   jpeg6:jmemmgr.obj
 0001:00080e40       ?alloc_barray@@YAPEAPEAY0EA@FPEAUjpeg_common_struct@@HII@Z 0000000140081e40 f   jpeg6:jmemmgr.obj
 0001:00080f50       ?request_virt_sarray@@YAPEAUjvirt_sarray_control@@PEAUjpeg_common_struct@@HEIII@Z 0000000140081f50 f   jpeg6:jmemmgr.obj
 0001:00081000       ?request_virt_barray@@YAPEAUjvirt_barray_control@@PEAUjpeg_common_struct@@HEIII@Z 0000000140082000 f   jpeg6:jmemmgr.obj
 0001:000810b0       ?realize_virt_arrays@@YAXPEAUjpeg_common_struct@@@Z 00000001400820b0 f   jpeg6:jmemmgr.obj
 0001:00081290       ?do_sarray_io@@YAXPEAUjpeg_common_struct@@PEAUjvirt_sarray_control@@E@Z 0000000140082290 f   jpeg6:jmemmgr.obj
 0001:00081350       ?do_barray_io@@YAXPEAUjpeg_common_struct@@PEAUjvirt_barray_control@@E@Z 0000000140082350 f   jpeg6:jmemmgr.obj
 0001:00081410       ?access_virt_sarray@@YAPEAPEAEPEAUjpeg_common_struct@@PEAUjvirt_sarray_control@@IIE@Z 0000000140082410 f   jpeg6:jmemmgr.obj
 0001:00081570       ?access_virt_barray@@YAPEAPEAY0EA@FPEAUjpeg_common_struct@@PEAUjvirt_barray_control@@IIE@Z 0000000140082570 f   jpeg6:jmemmgr.obj
 0001:000816d0       ?free_pool@@YAXPEAUjpeg_common_struct@@H@Z 00000001400826d0 f   jpeg6:jmemmgr.obj
 0001:00081820       ?self_destruct@@YAXPEAUjpeg_common_struct@@@Z 0000000140082820 f   jpeg6:jmemmgr.obj
 0001:00081aa0       ?use_merged_upsample@@YAEPEAUjpeg_decompress_struct@@@Z 0000000140082aa0 f   jpeg6:jdmaster.obj
 0001:00081b60       ?prepare_range_limit_table@@YAXPEAUjpeg_decompress_struct@@@Z 0000000140082b60 f   jpeg6:jdmaster.obj
 0001:00081c10       ?master_selection@@YAXPEAUjpeg_decompress_struct@@@Z 0000000140082c10 f   jpeg6:jdmaster.obj
 0001:00081dc0       ?prepare_for_output_pass@@YAXPEAUjpeg_decompress_struct@@@Z 0000000140082dc0 f   jpeg6:jdmaster.obj
 0001:00081f10       ?finish_output_pass@@YAXPEAUjpeg_decompress_struct@@@Z 0000000140082f10 f   jpeg6:jdmaster.obj
 0001:00082080       ?alloc_funny_pointers@@YAXPEAUjpeg_decompress_struct@@@Z 0000000140083080 f   jpeg6:jdmainct.obj
 0001:00082180       ?make_funny_pointers@@YAXPEAUjpeg_decompress_struct@@@Z 0000000140083180 f   jpeg6:jdmainct.obj
 0001:00082320       ?set_wraparound_pointers@@YAXPEAUjpeg_decompress_struct@@@Z 0000000140083320 f   jpeg6:jdmainct.obj
 0001:00082430       ?set_bottom_pointers@@YAXPEAUjpeg_decompress_struct@@@Z 0000000140083430 f   jpeg6:jdmainct.obj
 0001:00082500       ?process_data_simple_main@@YAXPEAUjpeg_decompress_struct@@PEAPEAEPEAII@Z 0000000140083500 f   jpeg6:jdmainct.obj
 0001:000825b0       ?process_data_context_main@@YAXPEAUjpeg_decompress_struct@@PEAPEAEPEAII@Z 00000001400835b0 f   jpeg6:jdmainct.obj
 0001:00082740       ?start_pass_main@@YAXPEAUjpeg_decompress_struct@@W4J_BUF_MODE@@@Z 0000000140083740 f   jpeg6:jdmainct.obj
 0001:000828f0       ?start_iMCU_row@@YAXPEAUjpeg_decompress_struct@@@Z 00000001400838f0 f   jpeg6:jdcoefct.obj
 0001:00082950       ?start_input_pass@@YAXPEAUjpeg_decompress_struct@@@Z 0000000140083950 f   jpeg6:jdcoefct.obj
 0001:00082960       ?start_output_pass@@YAXPEAUjpeg_decompress_struct@@@Z 0000000140083960 f   jpeg6:jdcoefct.obj
 0001:00082970       ?decompress_onepass@@YAHPEAUjpeg_decompress_struct@@PEAPEAPEAE@Z 0000000140083970 f   jpeg6:jdcoefct.obj
 0001:00082c30       ?dummy_consume_data@@YAHPEAUjpeg_decompress_struct@@@Z 0000000140083c30 f   jpeg6:jdcoefct.obj
 0001:000831c0       ?process_restart@@YAEPEAUjpeg_decompress_struct@@@Z 00000001400841c0 f   jpeg6:jdhuff.obj
 0001:00083260       ?decode_mcu@@YAEPEAUjpeg_decompress_struct@@PEAPEAY0EA@F@Z 0000000140084260 f   jpeg6:jdhuff.obj
 0001:00083730       ?start_pass_huff_decoder@@YAXPEAUjpeg_decompress_struct@@@Z 0000000140084730 f   jpeg6:jdhuff.obj
 0001:000838f0       ?start_pass@@YAXPEAUjpeg_decompress_struct@@@Z 00000001400848f0 f   jpeg6:jddctmgr.obj
 0001:00083cb0       ?post_process_1pass@@YAXPEAUjpeg_decompress_struct@@PEAPEAPEAEPEAIIPEAPEAE2I@Z 0000000140084cb0 f   jpeg6:jdpostct.obj
 0001:00083d60       ?start_pass_dpost@@YAXPEAUjpeg_decompress_struct@@W4J_BUF_MODE@@@Z 0000000140084d60 f   jpeg6:jdpostct.obj
 0001:00083eb0       ?start_pass_upsample@@YAXPEAUjpeg_decompress_struct@@@Z 0000000140084eb0 f   jpeg6:jdsample.obj
 0001:00083ed0       ?sep_upsample@@YAXPEAUjpeg_decompress_struct@@PEAPEAPEAEPEAIIPEAPEAE2I@Z 0000000140084ed0 f   jpeg6:jdsample.obj
 0001:00084020       ?fullsize_upsample@@YAXPEAUjpeg_decompress_struct@@PEAUjpeg_component_info@@PEAPEAEPEAPEAPEAE@Z 0000000140085020 f   jpeg6:jdsample.obj
 0001:00084030       ?noop_upsample@@YAXPEAUjpeg_decompress_struct@@PEAUjpeg_component_info@@PEAPEAEPEAPEAPEAE@Z 0000000140085030 f   jpeg6:jdsample.obj
 0001:00084040       ?int_upsample@@YAXPEAUjpeg_decompress_struct@@PEAUjpeg_component_info@@PEAPEAEPEAPEAPEAE@Z 0000000140085040 f   jpeg6:jdsample.obj
 0001:000841a0       ?h2v1_upsample@@YAXPEAUjpeg_decompress_struct@@PEAUjpeg_component_info@@PEAPEAEPEAPEAPEAE@Z 00000001400851a0 f   jpeg6:jdsample.obj
 0001:00084210       ?h2v2_upsample@@YAXPEAUjpeg_decompress_struct@@PEAUjpeg_component_info@@PEAPEAEPEAPEAPEAE@Z 0000000140085210 f   jpeg6:jdsample.obj
 0001:000842d0       ?h2v1_fancy_upsample@@YAXPEAUjpeg_decompress_struct@@PEAUjpeg_component_info@@PEAPEAEPEAPEAPEAE@Z 00000001400852d0 f   jpeg6:jdsample.obj
 0001:000843c0       ?h2v2_fancy_upsample@@YAXPEAUjpeg_decompress_struct@@PEAUjpeg_component_info@@PEAPEAEPEAPEAPEAE@Z 00000001400853c0 f   jpeg6:jdsample.obj
 0001:00084780       ?build_ycc_rgb_table@@YAXPEAUjpeg_decompress_struct@@@Z 0000000140085780 f   jpeg6:jdcolor.obj
 0001:00084880       ?ycc_rgb_convert@@YAXPEAUjpeg_decompress_struct@@PEAPEAPEAEIPEAPEAEH@Z 0000000140085880 f   jpeg6:jdcolor.obj
 0001:00084a20       ?null_convert@@YAXPEAUjpeg_decompress_struct@@PEAPEAPEAEIPEAPEAEH@Z 0000000140085a20 f   jpeg6:jdcolor.obj
 0001:00084ae0       ?grayscale_convert@@YAXPEAUjpeg_decompress_struct@@PEAPEAPEAEIPEAPEAEH@Z 0000000140085ae0 f   jpeg6:jdcolor.obj
 0001:00084b20       ?ycck_cmyk_convert@@YAXPEAUjpeg_decompress_struct@@PEAPEAPEAEIPEAPEAEH@Z 0000000140085b20 f   jpeg6:jdcolor.obj
 0001:00088d30       ?start_pass_dcolor@@YAXPEAUjpeg_decompress_struct@@@Z 0000000140089d30 f   picomodel:picointernal.obj
 0001:00088d30       ?term_source@@YAXPEAUjpeg_decompress_struct@@@Z 0000000140089d30 f   picomodel:picointernal.obj
 0001:00088d30       ?PNGFlushData@@YAXPEAUpng_struct_def@@@Z 0000000140089d30 f   picomodel:picointernal.obj
 0001:00089820       _obj_canload               000000014008a820 f   picomodel:pm_obj.obj
 0001:00089980       SizeObjVertexData          000000014008a980 f   picomodel:pm_obj.obj
 0001:00089a40       FreeObjVertexData          000000014008aa40 f   picomodel:pm_obj.obj
 0001:00089a60       _obj_load                  000000014008aa60 f   picomodel:pm_obj.obj
 0001:0008a970       _terrain_canload           000000014008b970 f   picomodel:pm_terrain.obj
 0001:0008a9e0       _terrain_load              000000014008b9e0 f   picomodel:pm_terrain.obj
 0001:0008b1c0       lwo_lwIDToStr              000000014008c1c0 f   picomodel:pm_lwo.obj
 0001:0008b210       _lwo_canload               000000014008c210 f   picomodel:pm_lwo.obj
 0001:0008b280       _lwo_load                  000000014008c280 f   picomodel:pm_lwo.obj
 0001:0008bb80       _fm_canload                000000014008cb80 f   picomodel:pm_fm.obj
 0001:0008bcb0       _fm_load                   000000014008ccb0 f   picomodel:pm_fm.obj
 0001:0008c790       _md2_canload               000000014008d790 f   picomodel:pm_md2.obj
 0001:0008c7e0       _md2_load                  000000014008d7e0 f   picomodel:pm_md2.obj
 0001:0008d250       _mdc_canload               000000014008e250 f   picomodel:pm_mdc.obj
 0001:0008d2a0       _mdc_load                  000000014008e2a0 f   picomodel:pm_mdc.obj
 0001:0008db80       _ms3d_canload              000000014008eb80 f   picomodel:pm_ms3d.obj
 0001:0008dc00       GetWord                    000000014008ec00 f   picomodel:pm_ms3d.obj
 0001:0008dc40       _ms3d_load                 000000014008ec40 f   picomodel:pm_ms3d.obj
 0001:0008e370       _ase_get_material          000000014008f370 f   picomodel:pm_ase.obj
 0001:0008e390       _ase_get_submaterial       000000014008f390 f   picomodel:pm_ase.obj
 0001:0008e440       _ase_add_material          000000014008f440 f   picomodel:pm_ase.obj
 0001:0008e480       _ase_add_submaterial       000000014008f480 f   picomodel:pm_ase.obj
 0001:0008e500       _ase_free_materials        000000014008f500 f   picomodel:pm_ase.obj
 0001:0008e580       _ase_canload               000000014008f580 f   picomodel:pm_ase.obj
 0001:0008e610       _ase_submit_triangles      000000014008f610 f   picomodel:pm_ase.obj
 0001:0008eb80       _ase_load                  000000014008fb80 f   picomodel:pm_ase.obj
 0001:000901e0       _3ds_canload               00000001400911e0 f   picomodel:pm_3ds.obj
 0001:00090240       GetChunk                   0000000140091240 f   picomodel:pm_3ds.obj
 0001:000902a0       GetASCIIZ                  00000001400912a0 f   picomodel:pm_3ds.obj
 0001:00090330       GetByte                    0000000140091330 f   picomodel:pm_3ds.obj
 0001:00090350       GetWord                    0000000140091350 f   picomodel:pm_3ds.obj
 0001:00090390       GetFloat                   0000000140091390 f   picomodel:pm_3ds.obj
 0001:000903c0       GetMeshVertices            00000001400913c0 f   picomodel:pm_3ds.obj
 0001:00090450       GetMeshFaces               0000000140091450 f   picomodel:pm_3ds.obj
 0001:00090510       GetMeshTexCoords           0000000140091510 f   picomodel:pm_3ds.obj
 0001:000905a0       GetMeshShader              00000001400915a0 f   picomodel:pm_3ds.obj
 0001:00090770       GetDiffuseColor            0000000140091770 f   picomodel:pm_3ds.obj
 0001:000907c0       DoNextEditorDataChunk      00000001400917c0 f   picomodel:pm_3ds.obj
 0001:00090a40       DoNextChunk                0000000140091a40 f   picomodel:pm_3ds.obj
 0001:00090b00       _3ds_load                  0000000140091b00 f   picomodel:pm_3ds.obj
 0001:00090c10       _md3_canload               0000000140091c10 f   picomodel:pm_md3.obj
 0001:00090c60       _md3_load                  0000000140091c60 f   picomodel:pm_md3.obj
 0001:00094310       compare_shaders            0000000140095310 f   picomodel:surface.obj
 0001:00094310       compare_textures           0000000140095310 f   picomodel:surface.obj
 0001:00094340       add_texture                0000000140095340 f   picomodel:surface.obj
 0001:00095050       compare_keys               0000000140096050 f   picomodel:envelope.obj
 0001:00095b00       add_clip                   0000000140096b00 f   picomodel:lwob.obj
 0001:00095bb0       add_tvel                   0000000140096bb0 f   picomodel:lwob.obj
 0001:00095d30       get_texture                0000000140096d30 f   picomodel:lwob.obj
 0001:0009702c       pre_cpp_init               000000014009802c f   MSVCRT:crtexe.obj
 0001:00097094       __tmainCRTStartup          0000000140098094 f   MSVCRT:crtexe.obj
 0001:00097214       pre_c_init                 0000000140098214 f   MSVCRT:crtexe.obj
 0001:000976b0       _onexit$fin$0              00000001400986b0 f   MSVCRT:atonexit.obj
 0001:000976c9       __tmainCRTStartup$filt$0   00000001400986c9 f   MSVCRT:crtexe.obj
 0001:000976f0       _IsNonwritableInCurrentImage$filt$0 00000001400986f0 f   MSVCRT:pesect.obj
