 bloodmap

 Timestamp is 547a22e5 (Sat Nov 29 22:47:49 2014)

 Preferred load address is 0000000140000000

 Start         Length     Name                   Class
 0001:00000000 0008e288H .text                   CODE
 0001:0008e290 0000005eH .text$00                CODE
 0001:0008e2f0 00000061H .text$x                 CODE
 0002:00000000 00000528H .idata$5                DATA
 0002:00000528 00000008H .CRT$XCA                DATA
 0002:00000530 00000008H .CRT$XCAA               DATA
 0002:00000538 00000008H .CRT$XCZ                DATA
 0002:00000540 00000008H .CRT$XIA                DATA
 0002:00000548 00000008H .CRT$XIAA               DATA
 0002:00000550 00000008H .CRT$XIY                DATA
 0002:00000558 00000008H .CRT$XIZ                DATA
 0002:00000560 00010bb8H .rdata                  DATA
 0002:00011118 00000042H .rdata$debug            DATA
 0002:00011160 00000008H .rtc$IAA                DATA
 0002:00011168 00000008H .rtc$IZZ                DATA
 0002:00011170 00000008H .rtc$TAA                DATA
 0002:00011178 00000008H .rtc$TZZ                DATA
 0002:00011180 00009b94H .xdata                  DATA
 0002:0001ad14 00000078H .idata$2                DATA
 0002:0001ad8c 00000014H .idata$3                DATA
 0002:0001ada0 00000528H .idata$4                DATA
 0002:0001b2c8 00000842H .idata$6                DATA
 0002:0001bb0a 00000000H .edata                  DATA
 0003:00000000 000153f8H .data                   DATA
 0003:00015400 0fdc59a0H .bss                    DATA
 0004:00000000 000063e4H .pdata                  DATA
 0005:00000000 00000250H .rsrc$01                DATA
 0005:00000250 000102f8H .rsrc$02                DATA

  Address         Publics by Value              Rva+Base               Lib:Object

 0000:00000000       ___safe_se_handler_table   0000000000000000     <absolute>
 0000:00000000       ___safe_se_handler_count   0000000000000000     <absolute>
 0000:00000000       __ImageBase                0000000140000000     <linker-defined>
 0001:00000000       ?IncDrawVerts@@YAXXZ       0000000140001000 f   bspfile_abstract.obj
 0001:000000d0       ?SetDrawVerts@@YAXH@Z      00000001400010d0 f   bspfile_abstract.obj
 0001:00000190       ?SetDrawSurfaces@@YAXH@Z   0000000140001190 f   bspfile_abstract.obj
 0001:00000250       ?SwapBSPFile@@YAXXZ        0000000140001250 f   bspfile_abstract.obj
 0001:00000420       ?WriteBSPFile@@YAXPEBD@Z   0000000140001420 f   bspfile_abstract.obj
 0001:000004c0       ?PrintBSPFileSizes@@YAXXZ  00000001400014c0 f   bspfile_abstract.obj
 0001:00000760       ?ParseEPair@@YAPEAUepair_s@@XZ 0000000140001760 f   bspfile_abstract.obj
 0001:000008d0       ?ParseEntity@@YA?AW4qboolean@@XZ 00000001400018d0 f   bspfile_abstract.obj
 0001:000009d0       ?ParseEntities@@YAXXZ      00000001400019d0 f   bspfile_abstract.obj
 0001:00000a70       ?UnparseEntities@@YAXW4qboolean@@@Z 0000000140001a70 f   bspfile_abstract.obj
 0001:00000db0       ?SetKeyValue@@YAXPEAUentity_t@@PEBD1@Z 0000000140001db0 f   bspfile_abstract.obj
 0001:00000f00       ?KeyExists@@YA?AW4qboolean@@PEBUentity_t@@PEBD@Z 0000000140001f00 f   bspfile_abstract.obj
 0001:00000f60       ?ValueForKey@@YAPEBDPEBUentity_t@@PEBD@Z 0000000140001f60 f   bspfile_abstract.obj
 0001:00000fd0       ?IntForKey@@YAHPEBUentity_t@@PEBD@Z 0000000140001fd0 f   bspfile_abstract.obj
 0001:00001050       ?FloatForKey@@YAMPEBUentity_t@@PEBD@Z 0000000140002050 f   bspfile_abstract.obj
 0001:000010c0       ?GetVectorForKey@@YAXPEBUentity_t@@PEBDQEAM@Z 00000001400020c0 f   bspfile_abstract.obj
 0001:00001180       ?FindTargetEntity@@YAPEAUentity_t@@PEBD@Z 0000000140002180 f   bspfile_abstract.obj
 0001:00001250       ?GetEntityShadowFlags@@YAXPEBUentity_t@@0PEAD1W4qboolean@@@Z 0000000140002250 f   bspfile_abstract.obj
 0001:000014a0       ?GetEntityLightmapScale@@YAXPEBUentity_t@@PEAMM@Z 00000001400024a0 f   bspfile_abstract.obj
 0001:00001640       ?GetEntityNormalSmoothing@@YAXPEBUentity_t@@PEAHH@Z 0000000140002640 f   bspfile_abstract.obj
 0001:00001750       ?GetEntityLightmapStitch@@YAXPEBUentity_t@@PEAMM@Z 0000000140002750 f   bspfile_abstract.obj
 0001:00002a50       ?LoadIBSPFile@@YAXPEBD@Z   0000000140003a50 f   bspfile_ibsp.obj
 0001:00003020       ?WriteIBSPFile@@YAXPEBD@Z  0000000140004020 f   bspfile_ibsp.obj
 0001:00003a50       ?LoadRBSPFile@@YAXPEBD@Z   0000000140004a50 f   bspfile_rbsp.obj
 0001:00004210       ?WriteRBSPFile@@YAXPEBD@Z  0000000140005210 f   bspfile_rbsp.obj
 0001:000049d0       ?PNGReadData@@YAXPEAUpng_struct_def@@PEAE_K@Z 00000001400059d0 f   image.obj
 0001:00004d60       ?WritePNG@@YAXPEBDPEAEHHW4qboolean@@2@Z 0000000140005d60 f   image.obj
 0001:00005110       ?ImageFind@@YAPEAUimage_s@@PEBD@Z 0000000140006110 f   image.obj
 0001:00005200       ?ImageLoad@@YAPEAUimage_s@@PEBD@Z 0000000140006200 f   image.obj
 0001:00005a90       ?FixAAS@@YAHHPEAPEAD@Z     0000000140006a90 f   main.obj
 0001:00005d20       ?AnalyzeBSP@@YAHHPEAPEAD@Z 0000000140006d20 f   main.obj
 0001:00006110       ?BSPInfo@@YAHHPEAPEAD@Z    0000000140007110 f   main.obj
 0001:00006450       ?ScaleBSPMain@@YAHHPEAPEAD@Z 0000000140007450 f   main.obj
 0001:00007410       ?ConvertBSPMain@@YAHHPEAPEAD@Z 0000000140008410 f   main.obj
 0001:00007790       main                       0000000140008790 f   main.obj
 0001:00007dc0       ?LerpDrawVert@@YAXPEAUbspDrawVert_t@@00@Z 0000000140008dc0 f   mesh.obj
 0001:00007f80       ?LerpDrawVertAmount@@YAXPEAUbspDrawVert_t@@0M0@Z 0000000140008f80 f   mesh.obj
 0001:000081f0       ?CopyMesh@@YAPEAUmesh_t@@PEAU1@@Z 00000001400091f0 f   mesh.obj
 0001:00008270       ?TransposeMesh@@YAPEAUmesh_t@@PEAU1@@Z 0000000140009270 f   mesh.obj
 0001:00008370       ?InvertMesh@@YAXPEAUmesh_t@@@Z 0000000140009370 f   mesh.obj
 0001:000084b0       ?MakeMeshNormals@@YAXUmesh_t@@@Z 00000001400094b0 f   mesh.obj
 0001:00008a40       ?PutMeshOnCurve@@YAXUmesh_t@@@Z 0000000140009a40 f   mesh.obj
 0001:00008e80       ?SubdivideMesh@@YAPEAUmesh_t@@U1@MM@Z 0000000140009e80 f   mesh.obj
 0001:000097b0       ?IterationsForCurve@@YAHMH@Z 000000014000a7b0 f   mesh.obj
 0001:00009830       ?SubdivideMesh2@@YAPEAUmesh_t@@U1@H@Z 000000014000a830 f   mesh.obj
 0001:00009d80       ?RemoveLinearMeshColumnsRows@@YAPEAUmesh_t@@PEAU1@@Z 000000014000ad80 f   mesh.obj
 0001:0000a370       ?PicoPrintFunc@@YAXHPEBD@Z 000000014000b370 f   model.obj
 0001:0000a3f0       ?PicoLoadFileFunc@@YAXPEADPEAPEAEPEAH@Z 000000014000b3f0 f   model.obj
 0001:0000a410       ?FindModel@@YAPEAUpicoModel_s@@PEBDH@Z 000000014000b410 f   model.obj
 0001:0000a4e0       ?LoadModel@@YAPEAUpicoModel_s@@PEBDH@Z 000000014000b4e0 f   model.obj
 0001:0000a5f0       ?InsertModel@@YAXPEADHHQEAMMPEAUremap_s@@PEAUshaderInfo_s@@HDDHMMMHHW4qboolean@@M4PEAH555@Z 000000014000b5f0 f   model.obj
 0001:0000b830       ?LoadTriangleModels@@YAXXZ 000000014000c830 f   model.obj
 0001:0000bb80       ?AddTriangleModels@@YAXH@Z 000000014000cb80 f   model.obj
 0001:0000cbe0       ?TidyShaders@@YAXXZ        000000014000dbe0 f   optimize.obj
 0001:0000d340       ?MergeDrawSurfaces@@YAXXZ  000000014000e340 f   optimize.obj
 0001:0000df70       ?MergeDrawVerts@@YAXXZ     000000014000ef70 f   optimize.obj
 0001:0000e9e0       ?WriteResourceOBJFile@@YAXPEBD@Z 000000014000f9e0 f   optimize.obj
 0001:0000f2c0       ?OptimizeBSPMain@@YAHHPEAPEAD@Z 00000001400102c0 f   optimize.obj
 0001:0000f9b0       ?AllocateEntity@@YAPEAUentity_t@@PEAU1@@Z 00000001400109b0 f   patchbsp.obj
 0001:0000fa30       ?FindMapEntityByUniqueKey@@YAPEAUentity_t@@PEBD@Z 0000000140010a30 f   patchbsp.obj
 0001:0000fb40       ?PatchEntities@@YAXXZ      0000000140010b40 f   patchbsp.obj
 0001:000100c0       ?PatchBSPMain@@YAHHPEAPEAD@Z 00000001400110c0 f   patchbsp.obj
 0001:00010700       ?GetGame@@YAPEAUgame_s@@PEAD@Z 0000000140011700 f   path_init.obj
 0001:00010850       ?AddBasePath@@YAXPEAD@Z    0000000140011850 f   path_init.obj
 0001:000108f0       ?AddGamePath@@YAXPEAD@Z    00000001400118f0 f   path_init.obj
 0001:00010990       ?InitPaths@@YAXPEAHPEAPEAD@Z 0000000140011990 f   path_init.obj
 0001:00010e70       ?GetGamePath@@YA?AW4qboolean@@PEAD0@Z 0000000140011e70 f   path_init.obj
 0001:00011100       ?ColorModBuildRandomMatrix@@YAXXZ 0000000140012100 f   shaders.obj
 0001:000111b0       ?ColorModRandom@@YAMQEAMM@Z 00000001400121b0 f   shaders.obj
 0001:00011480       ?ColorMod@@YAXPEAUmapDrawSurface_s@@PEAUcolorMod_s@@PEAUbrush_s@@HH@Z 0000000140012480 f   shaders.obj
 0001:00011c10       ?TCModMultiply@@YAXQEAY02M00@Z 0000000140012c10 f   shaders.obj
 0001:00011d90       ?TCModRotate@@YAXQEAY02MM@Z 0000000140012d90 f   shaders.obj
 0001:00011e80       ?ApplySurfaceParm@@YA?AW4qboolean@@PEADPEAH11@Z 0000000140012e80 f   shaders.obj
 0001:00011fd0       ?BeginMapShaderFile@@YAXPEBD@Z 0000000140012fd0 f   shaders.obj
 0001:00012140       ?WriteMapShaderFile@@YAXXZ 0000000140013140 f   shaders.obj
 0001:000122c0       ?CustomShader@@YAPEAUshaderInfo_s@@PEAU1@PEAD1@Z 00000001400132c0 f   shaders.obj
 0001:00012970       ?FinishShader@@YAXPEAUshaderInfo_s@@@Z 0000000140013970 f   shaders.obj
 0001:000130b0       ?ShaderInfoForShader@@YAPEAUshaderInfo_s@@PEBD@Z 00000001400140b0 f   shaders.obj
 0001:000132b0       ?GetTokenAppend@@YA?AW4qboolean@@PEADW41@@Z 00000001400142b0 f   shaders.obj
 0001:000133b0       ?Parse1DMatrixAppend@@YAXPEADHPEAM@Z 00000001400143b0 f   shaders.obj
 0001:00015e10       ?LoadShaderInfo@@YAXXZ     0000000140016e10 f   shaders.obj
 0001:00016140       ?SetSurfaceExtra@@YAXPEAUmapDrawSurface_s@@H@Z 0000000140017140 f   surface_extra.obj
 0001:00016200       ?WriteSurfaceExtraFile@@YAXPEBD@Z 0000000140017200 f   surface_extra.obj
 0001:000165c0       ?LoadSurfaceExtraFile@@YAXPEBD@Z 00000001400175c0 f   surface_extra.obj
 0001:00016ad0       ?AllocSideRef@@YAPEAUsideRef_s@@PEAUside_s@@PEAU1@@Z 0000000140017ad0 f   brush.obj
 0001:00016b20       ?AllocBrush@@YAPEAUbrush_s@@H@Z 0000000140017b20 f   brush.obj
 0001:00016ba0       ?FreeBrush@@YAXPEAUbrush_s@@@Z 0000000140017ba0 f   brush.obj
 0001:00016c90       ?CopyBrush@@YAPEAUbrush_s@@PEAU1@@Z 0000000140017c90 f   brush.obj
 0001:00016d60       ?BoundBrush@@YA?AW4qboolean@@PEAUbrush_s@@@Z 0000000140017d60 f   brush.obj
 0001:00016e50       ?CreateBrushWindings@@YA?AW4qboolean@@PEAUbrush_s@@@Z 0000000140017e50 f   brush.obj
 0001:00016fe0       ?BrushFromBounds@@YAPEAUbrush_s@@MMMMMMPEAUshaderInfo_s@@@Z 0000000140017fe0 f   brush.obj
 0001:000171e0       ?BrushVolume@@YAMPEAUbrush_s@@@Z 00000001400181e0 f   brush.obj
 0001:00017310       ?WriteBSPBrushMap@@YAXPEADPEAUbrush_s@@@Z 0000000140018310 f   brush.obj
 0001:00017520       ?FilterBrushIntoTree_r@@YAHPEAUbrush_s@@PEAUnode_s@@@Z 0000000140018520 f   brush.obj
 0001:000175f0       ?FilterDetailBrushesIntoTree@@YAXPEAUentity_t@@PEAUtree_t@@@Z 00000001400185f0 f   brush.obj
 0001:000176c0       ?FilterStructuralBrushesIntoTree@@YAXPEAUentity_t@@PEAUtree_t@@@Z 00000001400186c0 f   brush.obj
 0001:00017790       ?WindingIsTiny@@YA?AW4qboolean@@PEAUwinding_t@@@Z 0000000140018790 f   brush.obj
 0001:00017870       ?BrushMostlyOnSide@@YAHPEAUbrush_s@@PEAUplane_s@@@Z 0000000140018870 f   brush.obj
 0001:00017af0       ?SplitBrush@@YAXPEAUbrush_s@@HPEAPEAU1@1@Z 0000000140018af0 f   brush.obj
 0001:000182a0       ?ComputeAxisBase@@YAXQEAM00@Z 00000001400192a0 f   brush_primit.obj
 0001:00018400       ?SetCloneModelNumbers@@YAXXZ 0000000140019400 f   bsp.obj
 0001:00018c60       ?ProcessWorldModel@@YAXXZ  0000000140019c60 f   bsp.obj
 0001:00019810       ?ProcessSubModel@@YAXXZ    000000014001a810 f   bsp.obj
 0001:00019aa0       ?ProcessModels@@YAXXZ      000000014001aaa0 f   bsp.obj
 0001:00019c80       ?RegionScissor@@YAXXZ      000000014001ac80 f   bsp.obj
 0001:0001aba0       ?BSPMain@@YAHHPEAPEAD@Z    000000014001bba0 f   bsp.obj
 0001:0001ca60       ?ProcessDecals@@YAXXZ      000000014001da60 f   decals.obj
 0001:0001dd90       ?MakeEntityDecals@@YAXPEAUentity_t@@@Z 000000014001ed90 f   decals.obj
 0001:0001e140       ?FreeNode@@YAXPEAUdnode_s@@@Z 000000014001f140 f   decorations.obj
 0001:0001e1b0       ?FreeNodesArray@@YAXPEAUdnode_s@@H@Z 000000014001f1b0 f   decorations.obj
 0001:0001e2b0       ?EntityArrayAdd@@YAXPEAUdgroupents_s@@PEAUentity_t@@@Z 000000014001f2b0 f   decorations.obj
 0001:0001e370       ?NewDecoreGroup@@YAPEAUdgroup_s@@PEADW4decoreMatchParm_t@@@Z 000000014001f370 f   decorations.obj
 0001:0001e4e0       ?PopulateDecoreGroup@@YA?AW4qboolean@@PEAUentity_t@@W4decoreMatchParm_t@@PEAD@Z 000000014001f4e0 f   decorations.obj
 0001:0001e6d0       ?DecoreParseActions@@YAXPEAUdactions_s@@@Z 000000014001f6d0 f   decorations.obj
 0001:0001ed10       ?EntityPopulateDecorationGroups@@YAXH@Z 000000014001fd10 f   decorations.obj
 0001:0001ed80       ?LoadDecorationScript@@YAXXZ 000000014001fd80 f   decorations.obj
 0001:0001f560       ?EntityProcessActions@@YAXPEAUentity_t@@PEAUdactions_s@@@Z 0000000140020560 f   decorations.obj
 0001:0001f730       ?ImportFoliage@@YAXPEAD@Z  0000000140020730 f   decorations.obj
 0001:0001f990       ?ImportRtlights@@YAXXZ     0000000140020990 f   decorations.obj
 0001:00020350       ?ProcessDecorationGroup@@YAXH@Z 0000000140021350 f   decorations.obj
 0001:00020cb0       ?ProcessDecorations@@YAXXZ 0000000140021cb0 f   decorations.obj
 0001:00021130       ?BuildFaceTree_r@@YAXPEAUnode_s@@PEAUface_s@@@Z 0000000140022130 f   facebsp.obj
 0001:00021500       ?FaceBSP@@YAPEAUtree_t@@PEAUface_s@@@Z 0000000140022500 f   facebsp.obj
 0001:000216a0       ?MakeStructuralBSPFaceList@@YAPEAUface_s@@PEAUbrush_s@@@Z 00000001400226a0 f   facebsp.obj
 0001:00021800       ?MakeVisibleBSPFaceList@@YAPEAUface_s@@PEAUbrush_s@@@Z 0000000140022800 f   facebsp.obj
 0001:00021960       ?DrawSurfToMesh@@YAPEAUmesh_t@@PEAUmapDrawSurface_s@@@Z 0000000140022960 f   fog.obj
 0001:00021a00       ?SplitMeshByPlane@@YAXPEAUmesh_t@@QEAMMPEAPEAU1@2@Z 0000000140022a00 f   fog.obj
 0001:000221a0       ?ChopPatchSurfaceByBrush@@YA?AW4qboolean@@PEAUentity_t@@PEAUmapDrawSurface_s@@PEAUbrush_s@@@Z 00000001400231a0 f   fog.obj
 0001:00022400       ?WindingFromDrawSurf@@YAPEAUwinding_t@@PEAUmapDrawSurface_s@@@Z 0000000140023400 f   fog.obj
 0001:00022640       ?ChopFaceSurfaceByBrush@@YA?AW4qboolean@@PEAUentity_t@@PEAUmapDrawSurface_s@@PEAUbrush_s@@@Z 0000000140023640 f   fog.obj
 0001:000229c0       ?FogDrawSurfaces@@YAXPEAUentity_t@@@Z 00000001400239c0 f   fog.obj
 0001:00022bd0       ?FogForBounds@@YAHQEAM0M@Z 0000000140023bd0 f   fog.obj
 0001:00022d50       ?CreateMapFogs@@YAXXZ      0000000140023d50 f   fog.obj
 0001:00023090       ?LeakFile@@YAPEAU_xmlNode@@PEAUtree_t@@@Z 0000000140024090 f   leakfile.obj
 0001:00023510       ?CreateNewFloatPlane@@YAHQEAMM@Z 0000000140024510 f   map.obj
 0001:00023710       ?SnapNormal@@YAXQEAM@Z     0000000140024710 f   map.obj
 0001:000237b0       ?FindFloatPlane@@YAHQEAMMHPEAY02M@Z 00000001400247b0 f   map.obj
 0001:00023b00       ?MapPlaneFromPoints@@YAHPEAY02M@Z 0000000140024b00 f   map.obj
 0001:00023c60       ?SetBrushContents@@YAXPEAUbrush_s@@@Z 0000000140024c60 f   map.obj
 0001:00023da0       ?AddBrushBevels@@YAXXZ     0000000140024da0 f   map.obj
 0001:00024af0       ?FinishBrush@@YAPEAUbrush_s@@XZ 0000000140025af0 f   map.obj
 0001:00024d80       ?TextureAxisFromPlane@@YAXPEAUplane_s@@QEAM1@Z 0000000140025d80 f   map.obj
 0001:00024f50       ?QuakeTextureVecs@@YAXPEAUplane_s@@QEAMM1QEAY03M@Z 0000000140025f50 f   map.obj
 0001:000257e0       ?RemoveDuplicateBrushPlanes@@YA?AW4qboolean@@PEAUbrush_s@@@Z 00000001400267e0 f   map.obj
 0001:00025de0       ?MoveBrushesToWorld@@YAXPEAUentity_t@@@Z 0000000140026de0 f   map.obj
 0001:00025ee0       ?AdjustBrushesForOrigin@@YAXPEAUentity_t@@@Z 0000000140026ee0 f   map.obj
 0001:00026030       ?SetEntityBounds@@YAXPEAUentity_t@@@Z 0000000140027030 f   map.obj
 0001:000263c0       ?LoadEntityIndexMap@@YAXPEAUentity_t@@@Z 00000001400273c0 f   map.obj
 0001:00027050       ?LoadMapFile@@YAXPEADW4qboolean@@11@Z 0000000140028050 f   map.obj
 0001:00027710       ?CheckMapForErrors@@YAHXZ  0000000140028710 f   map.obj
 0001:00028550       ?ParsePatch@@YAXW4qboolean@@@Z 0000000140029550 f   patch.obj
 0001:00028d30       ?PatchMapDrawSurfs@@YAXPEAUentity_t@@@Z 0000000140029d30 f   patch.obj
 0001:000292f0       ?MakeHeadnodePortals@@YAXPEAUtree_t@@@Z 000000014002a2f0 f   portals.obj
 0001:000295f0       ?BaseWindingForNode@@YAPEAUwinding_t@@PEAUnode_s@@@Z 000000014002a5f0 f   portals.obj
 0001:00029700       ?MakeNodePortal@@YAXPEAUnode_s@@@Z 000000014002a700 f   portals.obj
 0001:00029940       ?SplitNodePortals@@YAXPEAUnode_s@@@Z 000000014002a940 f   portals.obj
 0001:0002a0b0       ?CalcNodeBounds@@YAXPEAUnode_s@@@Z 000000014002b0b0 f   portals.obj
 0001:0002a140       ?MakeTreePortals_r@@YAXPEAUnode_s@@@Z 000000014002b140 f   portals.obj
 0001:0002a260       ?FloodPortals_r@@YAXPEAUnode_s@@HW4qboolean@@@Z 000000014002b260 f   portals.obj
 0001:0002a300       ?PlaceOccupantTest@@YA?AW4qboolean@@PEAUtree_t@@PEAUnode_s@@QEAM@Z 000000014002b300 f   portals.obj
 0001:0002a3a0       ?FloodEntities@@YA?AW4qboolean@@PEAUtree_t@@@Z 000000014002b3a0 f   portals.obj
 0001:0002ae80       ?FloodAreas_r@@YAXPEAUnode_s@@@Z 000000014002be80 f   portals.obj
 0001:0002afd0       ?FindAreas_r@@YAXPEAUnode_s@@@Z 000000014002bfd0 f   portals.obj
 0001:0002b020       ?FloodSkyboxArea_r@@YAXPEAUnode_s@@@Z 000000014002c020 f   portals.obj
 0001:0002b070       ?FloodAreas@@YAXPEAUtree_t@@@Z 000000014002c070 f   portals.obj
 0001:0002b120       ?FillOutside_r@@YAXPEAUnode_s@@@Z 000000014002c120 f   portals.obj
 0001:0002b180       ?FillOutside@@YAXPEAUnode_s@@@Z 000000014002c180 f   portals.obj
 0001:0002b240       ?WriteFloat@@YAXPEAU_iobuf@@M@Z 000000014002c240 f   prtfile.obj
 0001:0002b2d0       ?WritePortalFile_r@@YAXPEAUnode_s@@@Z 000000014002c2d0 f   prtfile.obj
 0001:0002b5f0       ?WriteFaceFile_r@@YAXPEAUnode_s@@@Z 000000014002c5f0 f   prtfile.obj
 0001:0002b830       ?NumberLeafs_r@@YAXPEAUnode_s@@@Z 000000014002c830 f   prtfile.obj
 0001:0002b960       ?NumberClusters@@YAXPEAUtree_t@@@Z 000000014002c960 f   prtfile.obj
 0001:0002b9e0       ?WritePortalFile@@YAXPEAUtree_t@@@Z 000000014002c9e0 f   prtfile.obj
 0001:0002bae0       ?AllocDrawSurface@@YAPEAUmapDrawSurface_s@@W4surfaceType_t@@@Z 000000014002cae0 f   surface.obj
 0001:0002bb90       ?FinishSurface@@YAXPEAUmapDrawSurface_s@@@Z 000000014002cb90 f   surface.obj
 0001:0002bc50       ?CloneSurface@@YAPEAUmapDrawSurface_s@@PEAU1@PEAUshaderInfo_s@@@Z 000000014002cc50 f   surface.obj
 0001:0002bd50       ?MakeSkyboxSurface@@YAPEAUmapDrawSurface_s@@PEAU1@@Z 000000014002cd50 f   surface.obj
 0001:0002bdd0       ?IsTriangleDegenerate@@YA?AW4qboolean@@PEAUbspDrawVert_t@@HHH@Z 000000014002cdd0 f   surface.obj
 0001:0002bec0       ?ClearSurface@@YAXPEAUmapDrawSurface_s@@@Z 000000014002cec0 f   surface.obj
 0001:0002bf20       ?TidyEntitySurfaces@@YAXPEAUentity_t@@@Z 000000014002cf20 f   surface.obj
 0001:0002c0a0       ?CalcSurfaceTextureRange@@YA?AW4qboolean@@PEAUmapDrawSurface_s@@@Z 000000014002d0a0 f   surface.obj
 0001:0002c300       ?CalcLightmapAxis@@YA?AW4qboolean@@QEAM0@Z 000000014002d300 f   surface.obj
 0001:0002c410       ?ClassifySurfaces@@YAXHPEAUmapDrawSurface_s@@@Z 000000014002d410 f   surface.obj
 0001:0002c8b0       ?ClassifyEntitySurfaces@@YAXPEAUentity_t@@@Z 000000014002d8b0 f   surface.obj
 0001:0002c920       ?GetShaderIndexForPoint@@YAEPEAUindexMap_s@@QEAM11@Z 000000014002d920 f   surface.obj
 0001:0002ca10       ?GetIndexedShader@@YAPEAUshaderInfo_s@@PEAU1@PEAUindexMap_s@@HPEAE@Z 000000014002da10 f   surface.obj
 0001:0002cc60       ?DrawSurfaceForSide@@YAPEAUmapDrawSurface_s@@PEAUentity_t@@PEAUbrush_s@@PEAUside_s@@PEAUwinding_t@@PEAY02MPEAHH@Z 000000014002dc60 f   surface.obj
 0001:0002d660       ?DrawSurfaceForMesh@@YAPEAUmapDrawSurface_s@@PEAUentity_t@@PEAUparseMesh_s@@PEAUmesh_t@@@Z 000000014002e660 f   surface.obj
 0001:0002e130       ?DrawSurfaceForFlare@@YAPEAUmapDrawSurface_s@@HQEAM00PEADH@Z 000000014002f130 f   surface.obj
 0001:0002e680       ?SubdivideFaceSurfaces@@YAXPEAUentity_t@@PEAUtree_t@@@Z 000000014002f680 f   surface.obj
 0001:0002e9e0       ?ClipSideIntoTree_r@@YAXPEAUwinding_t@@PEAUside_s@@PEAUnode_s@@@Z 000000014002f9e0 f   surface.obj
 0001:0002eaf0       ?SideInBrush@@YA?AW4qboolean@@PEAUside_s@@PEAUbrush_s@@@Z 000000014002faf0 f   surface.obj
 0001:0002ebe0       ?CullSides@@YAXPEAUentity_t@@@Z 000000014002fbe0 f   surface.obj
 0001:0002f040       ?ClipSidesIntoTree@@YAXPEAUentity_t@@PEAUtree_t@@@Z 0000000140030040 f   surface.obj
 0001:0002f250       ?AddReferenceToLeaf@@YAHPEAUmapDrawSurface_s@@PEAUnode_s@@@Z 0000000140030250 f   surface.obj
 0001:0002f300       ?AddReferenceToTree_r@@YAHPEAUmapDrawSurface_s@@PEAUnode_s@@W4qboolean@@@Z 0000000140030300 f   surface.obj
 0001:0002f3d0       ?FilterPointIntoTree_r@@YAHQEAMPEAUmapDrawSurface_s@@PEAUnode_s@@@Z 00000001400303d0 f   surface.obj
 0001:0002f4b0       ?FilterWindingIntoTree_r@@YAHPEAUwinding_t@@PEAUmapDrawSurface_s@@PEAUnode_s@@@Z 00000001400304b0 f   surface.obj
 0001:000302c0       ?EmitDrawVerts@@YAXPEAUmapDrawSurface_s@@PEAUbspDrawSurface_t@@H@Z 00000001400312c0 f   surface.obj
 0001:000304c0       ?FindDrawIndexes@@YAHHPEAH@Z 00000001400314c0 f   surface.obj
 0001:00030620       ?EmitDrawIndexes@@YAXPEAUmapDrawSurface_s@@PEAUbspDrawSurface_t@@@Z 0000000140031620 f   surface.obj
 0001:00030700       ?EmitFlareSurface@@YAXPEAUmapDrawSurface_s@@@Z 0000000140031700 f   surface.obj
 0001:00030840       ?EmitPatchSurface@@YAXPEAUentity_t@@PEAUmapDrawSurface_s@@@Z 0000000140031840 f   surface.obj
 0001:00031ba0       ?MakeFogHullSurfs@@YAXPEAUentity_t@@PEAUtree_t@@PEAD@Z 0000000140032ba0 f   surface.obj
 0001:00031f70       ?AddSurfaceModelsToTriangle_r@@YAHPEAUmapDrawSurface_s@@PEAUsurfaceModel_s@@PEAPEAUbspDrawVert_t@@@Z 0000000140032f70 f   surface.obj
 0001:00032590       ?AddSurfaceModels@@YAHPEAUmapDrawSurface_s@@@Z 0000000140033590 f   surface.obj
 0001:00032fc0       ?FixDrawsurfVertexAlpha@@YAXH@Z 0000000140033fc0 f   surface.obj
 0001:00033b50       ?FixVertexAlpha@@YAXPEAUentity_t@@W4qboolean@@@Z 0000000140034b50 f   surface.obj
 0001:00033db0       ?ApplyVertexMods@@YAXPEAUentity_t@@W4qboolean@@@Z 0000000140034db0 f   surface.obj
 0001:00033ff0       ?FilterDrawsurfsIntoTree@@YAXPEAUentity_t@@PEAUtree_t@@W4qboolean@@@Z 0000000140034ff0 f   surface.obj
 0001:000345c0       ?EmitDrawsurfsStats@@YAXXZ 00000001400355c0 f   surface.obj
 0001:00034b00       ?Foliage@@YAXPEAUmapDrawSurface_s@@@Z 0000000140035b00 f   surface_foliage.obj
 0001:00035150       ?Fur@@YAXPEAUmapDrawSurface_s@@@Z 0000000140036150 f   surface_fur.obj
 0001:00035510       ?FindMetaTriangle@@YAHPEAUmetaTriangle_s@@PEAUbspDrawVert_t@@11H@Z 0000000140036510 f   surface_meta.obj
 0001:00035b40       ?TriangulatePatchSurface@@YAXPEAUentity_t@@PEAUmapDrawSurface_s@@@Z 0000000140036b40 f   surface_meta.obj
 0001:00036060       ?FanFaceSurface@@YAXPEAUmapDrawSurface_s@@@Z 0000000140037060 f   surface_meta.obj
 0001:00036420       ?StripFaceSurface@@YAXPEAUmapDrawSurface_s@@W4qboolean@@@Z 0000000140037420 f   surface_meta.obj
 0001:00036730       ?EmitMetaStats@@YAXXZ      0000000140037730 f   surface_meta.obj
 0001:000367e0       ?MakeEntityMetaTriangles@@YAXPEAUentity_t@@@Z 00000001400377e0 f   surface_meta.obj
 0001:00036a00       ?SmoothMetaTriangles@@YAXXZ 0000000140037a00 f   surface_meta.obj
 0001:00037370       ?AddMetaVertToSurface@@YAHPEAUmapDrawSurface_s@@PEAUbspDrawVert_t@@PEAH@Z 0000000140038370 f   surface_meta.obj
 0001:000385c0       ?GroupMetaTriangles@@YAXXZ 00000001400395c0 f   surface_meta.obj
 0001:00038c60       ?MergeMetaTrianglesThread@@YAXH@Z 0000000140039c60 f   surface_meta.obj
 0001:00038d60       ?MergeMetaTriangles@@YAXXZ 0000000140039d60 f   surface_meta.obj
 0001:00039000       ?InsertPointOnEdge@@YAXQEAMPEAUedgeLine_s@@@Z 000000014003a000 f   tjunction.obj
 0001:00039130       ?AddEdge@@YAHQEAM0W4qboolean@@@Z 000000014003a130 f   tjunction.obj
 0001:000395f0       ?AddSurfaceEdges@@YAXPEAUmapDrawSurface_s@@@Z 000000014003a5f0 f   tjunction.obj
 0001:00039680       ?ColinearEdge@@YA?AW4qboolean@@QEAM00@Z 000000014003a680 f   tjunction.obj
 0001:000397a0       ?AddPatchEdges@@YAXPEAUmapDrawSurface_s@@@Z 000000014003a7a0 f   tjunction.obj
 0001:00039970       ?FixSurfaceJunctions@@YAXPEAUmapDrawSurface_s@@@Z 000000014003a970 f   tjunction.obj
 0001:00039f40       ?FixBrokenSurface@@YA?AW4qboolean@@PEAUmapDrawSurface_s@@@Z 000000014003af40 f   tjunction.obj
 0001:0003a290       ?EdgeCompare@@YAHPEBX0@Z   000000014003b290 f   tjunction.obj
 0001:0003a2a0       ?FixTJunctions@@YAXPEAUentity_t@@@Z 000000014003b2a0 f   tjunction.obj
 0001:0003a570       ?FreeTreePortals_r@@YAXPEAUnode_s@@@Z 000000014003b570 f   tree.obj
 0001:0003a700       ?FreeTree_r@@YAXPEAUnode_s@@@Z 000000014003b700 f   tree.obj
 0001:0003a760       ?FreeTree@@YAXPEAUtree_t@@@Z 000000014003b760 f   tree.obj
 0001:0003a7e0       ?EmitShader@@YAHPEBDPEAH1@Z 000000014003b7e0 f   writebsp.obj
 0001:0003a950       ?EmitPlanes@@YAXXZ         000000014003b950 f   writebsp.obj
 0001:0003aaa0       ?EmitLeaf@@YAXPEAUnode_s@@@Z 000000014003baa0 f   writebsp.obj
 0001:0003ac00       ?EmitDrawNode_r@@YAHPEAUnode_s@@@Z 000000014003bc00 f   writebsp.obj
 0001:0003ad30       ?SetModelNumbers@@YAXXZ    000000014003bd30 f   writebsp.obj
 0001:0003add0       ?SetLightStyles@@YAXXZ     000000014003bdd0 f   writebsp.obj
 0001:0003b120       ?EndBSPFile@@YAXXZ         000000014003c120 f   writebsp.obj
 0001:0003b210       ?EmitBrushes@@YAXPEAUbrush_s@@PEAH1@Z 000000014003c210 f   writebsp.obj
 0001:0003b510       ?EmitFogs@@YAXXZ           000000014003c510 f   writebsp.obj
 0001:0003b630       ?BeginModel@@YAXXZ         000000014003c630 f   writebsp.obj
 0001:0003b9d0       ?EndModel@@YAXPEAUentity_t@@PEAUnode_s@@@Z 000000014003c9d0 f   writebsp.obj
 0001:0003bfe0       ?CreateEntityLights@@YAXXZ 000000014003cfe0 f   light.obj
 0001:0003cef0       ?CreateSurfaceLights@@YAXXZ 000000014003def0 f   light.obj
 0001:0003d260       ?SetEntityOrigins@@YAXXZ   000000014003e260 f   light.obj
 0001:0003d4e0       ?PointToPolygonFormFactor@@YAMQEBM0PEBUwinding_t@@@Z 000000014003e4e0 f   light.obj
 0001:0003d7a0       ?LightContribution@@YAHPEAUtrace_t@@HW4qboolean@@@Z 000000014003e7a0 f   light.obj
 0001:0003df40       ?LightContributionAllStyles@@YAXPEAUtrace_t@@QEAEQEAY02MHW4qboolean@@@Z 000000014003ef40 f   light.obj
 0001:0003e1a0       ?LightContributionSuper@@YAHPEAUtrace_t@@HW4qboolean@@HQEBM22QEAM@Z 000000014003f1a0 f   light.obj
 0001:0003e870       ?IlluminateGridPoint@@YAXPEAUtrace_t@@H@Z 000000014003f870 f   light.obj
 0001:0003f600       ?IlluminateGridBlock@@YAXH@Z 0000000140040600 f   light.obj
 0001:0003fc80       ?FloodGridPoint@@YAXH@Z    0000000140040c80 f   light.obj
 0001:0003ffb0       ?IlluminateGrid@@YAXXZ     0000000140040fb0 f   light.obj
 0001:000401f0       ?SetupGrid@@YAXXZ          00000001400411f0 f   light.obj
 0001:00040c80       ?SampleGrid@@YAXQEAM000@Z  0000000140041c80 f   light.obj
 0001:00041160       ?LightWorld@@YAXXZ         0000000140042160 f   light.obj
 0001:00041fb0       ?LightMain@@YAHHPEAPEAD@Z  0000000140042fb0 f   light.obj
 0001:00045050       ?RadFreeLights@@YAXXZ      0000000140046050 f   light_bounce.obj
 0001:00045560       ?RadSampleImage@@YA?AW4qboolean@@PEAEHHQEAM1@Z 0000000140046560 f   light_bounce.obj
 0001:00046730       ?RadLightForTriangles@@YAXHHPEAUrawLightmap_s@@PEAUshaderInfo_s@@MMPEAUclipWork_t@@@Z 0000000140047730 f   light_bounce.obj
 0001:00046980       ?RadLightForPatch@@YAXHHPEAUrawLightmap_s@@PEAUshaderInfo_s@@MMPEAUclipWork_t@@@Z 0000000140047980 f   light_bounce.obj
 0001:00046f50       ?RadLight@@YAXH@Z          0000000140047f50 f   light_bounce.obj
 0001:00047180       ?RadCreateDiffuseLights@@YAXXZ 0000000140048180 f   light_bounce.obj
 0001:00047a70       ?ClipTraceWinding@@YAXPEAUtraceWinding_s@@QEAM00@Z 0000000140048a70 f   light_trace.obj
 0001:00049c10       ?SetupTraceNodes@@YAXXZ    000000014004ac10 f   light_trace.obj
 0001:00049e40       ?TraceTriangle@@YA?AW4qboolean@@PEAUtraceInfo_s@@PEAUtraceTriangle_s@@PEAUtrace_t@@@Z 000000014004ae40 f   light_trace.obj
 0001:0004a7f0       ?TraceLine@@YAXPEAUtrace_t@@@Z 000000014004b7f0 f   light_trace.obj
 0001:0004a9d0       ?SetupTrace@@YAMPEAUtrace_t@@@Z 000000014004b9d0 f   light_trace.obj
 0001:0004aa50       ?ColorToBytesLinear@@YAXPEBMPEAEMW4qboolean@@@Z 000000014004ba50 f   light_ydnar.obj
 0001:0004acf0       ?ColorToBytesGamma@@YAXPEBMPEAEMW4qboolean@@@Z 000000014004bcf0 f   light_ydnar.obj
 0001:0004b030       ?ColorToBytesLinearExposure@@YAXPEBMPEAEMW4qboolean@@@Z 000000014004c030 f   light_ydnar.obj
 0001:0004b300       ?ColorToBytesGammaExposure@@YAXPEBMPEAEMW4qboolean@@@Z 000000014004c300 f   light_ydnar.obj
 0001:0004b680       ?ColorToBytesLinearCompensate@@YAXPEBMPEAEMW4qboolean@@@Z 000000014004c680 f   light_ydnar.obj
 0001:0004b930       ?ColorToBytesGammaCompensate@@YAXPEBMPEAEMW4qboolean@@@Z 000000014004c930 f   light_ydnar.obj
 0001:0004bc80       ?ColorToBytesLinearExposureCompensate@@YAXPEBMPEAEMW4qboolean@@@Z 000000014004cc80 f   light_ydnar.obj
 0001:0004bf80       ?ColorToBytesGammaExposureCompensate@@YAXPEBMPEAEMW4qboolean@@@Z 000000014004cf80 f   light_ydnar.obj
 0001:0004c310       ?SmoothNormals@@YAXXZ      000000014004d310 f   light_ydnar.obj
 0001:0004e840       ?MapRawLightmap@@YAXH@Z    000000014004f840 f   light_ydnar.obj
 0001:0004f560       ?DirtModeName@@YAPEADPEAW4dirtMode_t@@@Z 0000000140050560 f   light_ydnar.obj
 0001:0004f5d0       ?EnableDirtForEntity@@YAXH@Z 00000001400505d0 f   light_ydnar.obj
 0001:0004f670       ?SetupDirtForEntity@@YAXH@Z 0000000140050670 f   light_ydnar.obj
 0001:0004fe70       ?SetupDirt@@YAXXZ          0000000140050e70 f   light_ydnar.obj
 0001:000501a0       ?DirtForSample@@YAMPEAUtrace_t@@@Z 00000001400511a0 f   light_ydnar.obj
 0001:00050b20       ?DirtyRawLightmap@@YAXH@Z  0000000140051b20 f   light_ydnar.obj
 0001:00051030       ?ApplyDirt@@YAXPEAM000HMM@Z 0000000140052030 f   light_ydnar.obj
 0001:00051b60       ?IlluminateRawLightmap@@YAXH@Z 0000000140052b60 f   light_ydnar.obj
 0001:000539c0       ?IlluminateVertexes@@YAXH@Z 00000001400549c0 f   light_ydnar.obj
 0001:00054f10       ?SetupBrushes@@YAXXZ       0000000140055f10 f   light_ydnar.obj
 0001:000550e0       ?ClusterVisible@@YA?AW4qboolean@@HH@Z 00000001400560e0 f   light_ydnar.obj
 0001:00055170       ?PointInLeafNum_r@@YAHQEAMH@Z 0000000140056170 f   light_ydnar.obj
 0001:00055280       ?ClusterForPointExt@@YAHQEAMM@Z 0000000140056280 f   light_ydnar.obj
 0001:000555b0       ?ClusterForPointExtFilter@@YAHQEAMMHPEAH@Z 00000001400565b0 f   light_ydnar.obj
 0001:00055620       ?SetupEnvelopes@@YAXW4qboolean@@0@Z 0000000140056620 f   light_ydnar.obj
 0001:00056010       ?CreateTraceLightsForBounds@@YAXW4qboolean@@QEAM11HPEAHHPEAUtrace_t@@@Z 0000000140057010 f   light_ydnar.obj
 0001:000563a0       ?CreateTraceLightsForSurface@@YAXHPEAUtrace_t@@@Z 00000001400573a0 f   light_ydnar.obj
 0001:000564c0       ?SetupFloodLight@@YAXXZ    00000001400574c0 f   light_ydnar.obj
 0001:000567e0       ?FloodlightIlluminateLightmap@@YAXPEAUrawLightmap_s@@@Z 00000001400577e0 f   light_ydnar.obj
 0001:00056a60       ?WriteTGA24@@YAXPEADPEAEHHW4qboolean@@@Z 0000000140057a60 f   lightmaps_ydnar.obj
 0001:00056be0       ?ExportLightmaps@@YAXXZ    0000000140057be0 f   lightmaps_ydnar.obj
 0001:00056d80       ?ExportLightmapsMain@@YAHHPEAPEAD@Z 0000000140057d80 f   lightmaps_ydnar.obj
 0001:00056eb0       ?ImportLightmapsMain@@YAHHPEAPEAD@Z 0000000140057eb0 f   lightmaps_ydnar.obj
 0001:000573f0       ?FinishRawLightmap@@YAXH@Z 00000001400583f0 f   lightmaps_ydnar.obj
 0001:00057a40       ?AddPatchToRawLightmap@@YA?AW4qboolean@@HPEAUrawLightmap_s@@@Z 0000000140058a40 f   lightmaps_ydnar.obj
 0001:00058000       ?AddSurfaceToRawLightmap@@YA?AW4qboolean@@HPEAUrawLightmap_s@@@Z 0000000140059000 f   lightmaps_ydnar.obj
 0001:00058ca0       ?SetupSurfaceLightmaps@@YAXXZ 0000000140059ca0 f   lightmaps_ydnar.obj
 0001:000598b0       ?AllocateSurfaceLightmaps@@YAXXZ 000000014005a8b0 f   lightmaps_ydnar.obj
 0001:00059ad0       ?StitchSurfaceLightmaps@@YAXXZ 000000014005aad0 f   lightmaps_ydnar.obj
 0001:0005c320       ?FloodLightmapBorders@@YAXPEAUoutLightmap_s@@@Z 000000014005d320 f   lightmaps_ydnar.obj
 0001:0005cb50       ?StoreSurfaceLightmaps@@YAXXZ 000000014005db50 f   lightmaps_ydnar.obj
 0001:0005f990       ?PlaneFromWinding@@YAXPEAUfixedWinding_t@@PEAUvisPlane_t@@@Z 0000000140060990 f   vis.obj
 0001:0005faa0       ?NewFixedWinding@@YAPEAUfixedWinding_t@@H@Z 0000000140060aa0 f   vis.obj
 0001:0005fb10       ?PComp@@YAHPEBX0@Z         0000000140060b10 f   vis.obj
 0001:0005fb40       ?LeafVectorFromPortalVector@@YAHPEAE0@Z 0000000140060b40 f   vis.obj
 0001:0005fca0       ?ClusterMerge@@YAXH@Z      0000000140060ca0 f   vis.obj
 0001:0005fea0       ?CalcPortalVis@@YAXXZ      0000000140060ea0 f   vis.obj
 0001:0005ff30       ?CalcPassageVis@@YAXXZ     0000000140060f30 f   vis.obj
 0001:00060060       ?CalcPassagePortalVis@@YAXXZ 0000000140061060 f   vis.obj
 0001:00060190       ?CalcVis@@YAXXZ            0000000140061190 f   vis.obj
 0001:00060460       ?SetPortalSphere@@YAXPEAUvportal_t@@@Z 0000000140061460 f   vis.obj
 0001:000605c0       ?TryMergeLeaves@@YAHHH@Z   00000001400615c0 f   vis.obj
 0001:00060920       ?MergeLeaves@@YAXXZ        0000000140061920 f   vis.obj
 0001:00060a80       ?TryMergeWinding@@YAPEAUfixedWinding_t@@PEAU1@0QEAM@Z 0000000140061a80 f   vis.obj
 0001:00060fb0       ?MergeLeafPortals@@YAXXZ   0000000140061fb0 f   vis.obj
 0001:000611c0       ?LoadPortals@@YAXPEAD@Z    00000001400621c0 f   vis.obj
 0001:000619f0       ?VisMain@@YAHHPEAPEAD@Z    00000001400629f0 f   vis.obj
 0001:00061ee0       ?FreeStackWinding@@YAXPEAUfixedWinding_t@@PEAUpstack_s@@@Z 0000000140062ee0 f   visflow.obj
 0001:00061f40       ?VisChopWinding@@YAPEAUfixedWinding_t@@PEAU1@PEAUpstack_s@@PEAUvisPlane_t@@@Z 0000000140062f40 f   visflow.obj
 0001:000623f0       ?ClipToSeperators@@YAPEAUfixedWinding_t@@PEAU1@00W4qboolean@@PEAUpstack_s@@@Z 00000001400633f0 f   visflow.obj
 0001:00062a40       ?RecursiveLeafFlow@@YAXHPEAUthreaddata_t@@PEAUpstack_s@@@Z 0000000140063a40 f   visflow.obj
 0001:00063100       ?PortalFlow@@YAXH@Z        0000000140064100 f   visflow.obj
 0001:000632c0       ?RecursivePassageFlow@@YAXPEAUvportal_t@@PEAUthreaddata_t@@PEAUpstack_s@@@Z 00000001400642c0 f   visflow.obj
 0001:00063540       ?PassageFlow@@YAXH@Z       0000000140064540 f   visflow.obj
 0001:00063610       ?RecursivePassagePortalFlow@@YAXPEAUvportal_t@@PEAUthreaddata_t@@PEAUpstack_s@@@Z 0000000140064610 f   visflow.obj
 0001:00063cd0       ?PassagePortalFlow@@YAXH@Z 0000000140064cd0 f   visflow.obj
 0001:00063da0       ?PassageChopWinding@@YAPEAUfixedWinding_t@@PEAU1@0PEAUvisPlane_t@@@Z 0000000140064da0 f   visflow.obj
 0001:000640e0       ?AddSeperators@@YAHPEAUfixedWinding_t@@0W4qboolean@@PEAUvisPlane_t@@H@Z 00000001400650e0 f   visflow.obj
 0001:000646d0       ?CreatePassages@@YAXH@Z    00000001400656d0 f   visflow.obj
 0001:00064ce0       ?PassageMemory@@YAXXZ      0000000140065ce0 f   visflow.obj
 0001:00064da0       ?SimpleFlood@@YAXPEAUvportal_t@@H@Z 0000000140065da0 f   visflow.obj
 0001:00064ea0       ?BasePortalVis@@YAXH@Z     0000000140065ea0 f   visflow.obj
 0001:00066a90       ?ConvertBSPToASE@@YAHPEADH@Z 0000000140067a90 f   convert_ase.obj
 0001:000676d0       ?ConvertBSPToMap@@YAHPEADH@Z 00000001400686d0 f   convert_map.obj
 0001:00067b10       ?safe_malloc_f@@YAPEAX_K@Z 0000000140068b10 f   cmdlib.obj
 0001:00067b50       ?safe_malloc_log@@YAPEAX_KPEBDH@Z 0000000140068b50 f   cmdlib.obj
 0001:00067ca0       ?safe_malloc_logend@@YAXXZ 0000000140068ca0 f   cmdlib.obj
 0001:00067d40       ?ExpandArg@@YAPEADPEBD@Z   0000000140068d40 f   cmdlib.obj
 0001:00067dd0       ?ExpandPath@@YAPEADPEBD@Z  0000000140068dd0 f   cmdlib.obj
 0001:00067e40       ?Q_getwd@@YAXPEAD@Z        0000000140068e40 f   cmdlib.obj
 0001:00067ea0       ?LoadFile@@YAHPEBDPEAPEAX@Z 0000000140068ea0 f   cmdlib.obj
 0001:00067f90       ?DefaultExtension@@YAXPEADPEBD@Z 0000000140068f90 f   cmdlib.obj
 0001:00068000       ?LBMRLEDecompress@@YAPEAEPEAE0H@Z 0000000140069000 f   imagelib.obj
 0001:000680d0       ?LoadLBM@@YAXPEBDPEAPEAE1@Z 00000001400690d0 f   imagelib.obj
 0001:000684c0       ?LoadPCX@@YAXPEBDPEAPEAE1PEAH2@Z 00000001400694c0 f   imagelib.obj
 0001:00068760       ?LoadBMP@@YAXPEBDPEAPEAE1PEAH2@Z 0000000140069760 f   imagelib.obj
 0001:00068d80       ?Load256Image@@YAXPEBDPEAPEAE1PEAH2@Z 0000000140069d80 f   imagelib.obj
 0001:00068f90       ?TargaError@@YAXPEAU_TargaHeader@@PEBD@Z 0000000140069f90 f   imagelib.obj
 0001:00069040       ?LoadTGABuffer@@YAXPEBE0PEAPEAEPEAH2@Z 000000014006a040 f   imagelib.obj
 0001:00069710       ?LoadTGA@@YAXPEBDPEAPEAEPEAH2@Z 000000014006a710 f   imagelib.obj
 0001:000697a0       ?WriteTGA@@YAXPEBDPEAEHH@Z 000000014006a7a0 f   imagelib.obj
 0001:000698b0       ?Load32BitImage@@YAXPEBDPEAPEAIPEAH2@Z 000000014006a8b0 f   imagelib.obj
 0001:00069a60       ?xml_SendNode@@YAXPEAU_xmlNode@@@Z 000000014006aa60 f   inout.obj
 0001:00069b80       ?xml_Select@@YAXPEADHHW4qboolean@@@Z 000000014006ab80 f   inout.obj
 0001:00069cc0       ?xml_Winding@@YAXPEADQEAY02MHW4qboolean@@@Z 000000014006acc0 f   inout.obj
 0001:00069e60       ?Broadcast_Shutdown@@YAXXZ 000000014006ae60 f   inout.obj
 0001:00069ea0       ?Sys_FPrintf@@YAXHPEBDZZ   000000014006aea0 f   inout.obj
 0001:00069fd0       ?Sys_Printf@@YAXPEBDZZ     000000014006afd0 f   inout.obj
 0001:0006a0d0       ?Error@@YAXPEBDZZ          000000014006b0d0 f   inout.obj
 0001:0006a220       ?MD4Update@@YAXPEAUMD4_CTX_s@@PEAEI@Z 000000014006b220 f   md4.obj
 0001:0006a2f0       ?MD4Final@@YAXQEAEPEAUMD4_CTX_s@@@Z 000000014006b2f0 f   md4.obj
 0001:0006a9a0       ?AllocWinding@@YAPEAUwinding_t@@H@Z 000000014006b9a0 f   polylib.obj
 0001:0006aa40       ?FreeWinding@@YAXPEAUwinding_t@@@Z 000000014006ba40 f   polylib.obj
 0001:0006aa80       ?WindingArea@@YAMPEAUwinding_t@@@Z 000000014006ba80 f   polylib.obj
 0001:0006abe0       ?BaseWindingForPlane@@YAPEAUwinding_t@@QEAMM@Z 000000014006bbe0 f   polylib.obj
 0001:0006afd0       ?ReverseWinding@@YAPEAUwinding_t@@PEAU1@@Z 000000014006bfd0 f   polylib.obj
 0001:0006b0e0       ?ClipWindingEpsilon@@YAXPEAUwinding_t@@QEAMMMPEAPEAU1@2@Z 000000014006c0e0 f   polylib.obj
 0001:0006b5e0       ?ChopWindingInPlace@@YAXPEAPEAUwinding_t@@QEAMMM@Z 000000014006c5e0 f   polylib.obj
 0001:0006ba20       ?WindingOnPlaneSide@@YAHPEAUwinding_t@@QEAMM@Z 000000014006ca20 f   polylib.obj
 0001:0006bb40       ?AddWindingToConvexHull@@YAXPEAUwinding_t@@PEAPEAU1@QEAM@Z 000000014006cb40 f   polylib.obj
 0001:0006c190       ?BaseDWindingForPlane@@YAPEAUdwinding_t@@QEAMMM@Z 000000014006d190 f   polylib.obj
 0001:0006c510       ?WindingFromDWinding@@YAPEAUwinding_t@@PEAUdwinding_t@@@Z 000000014006d510 f   polylib.obj
 0001:0006c640       ?ChopDWindingInPlace@@YAXPEAPEAUdwinding_t@@QEAMMM@Z 000000014006d640 f   polylib.obj
 0001:0006ca70       ?FixDWinding@@YA?AW4qboolean@@PEAUdwinding_t@@@Z 000000014006da70 f   polylib.obj
 0001:0006cbe0       ?AddScriptToStack@@YAXPEBDH@Z 000000014006dbe0 f   scriplib.obj
 0001:0006cce0       ?EndOfScript@@YA?AW4qboolean@@W41@@Z 000000014006dce0 f   scriplib.obj
 0001:0006cdc0       ?GetToken@@YA?AW4qboolean@@W41@@Z 000000014006ddc0 f   scriplib.obj
 0001:0006d0f0       ?TokenAvailable@@YA?AW4qboolean@@XZ 000000014006e0f0 f   scriplib.obj
 0001:0006d130       ?MatchToken@@YAXPEAD@Z     000000014006e130 f   scriplib.obj
 0001:0006d190       ?Parse1DMatrix@@YAXHPEAM@Z 000000014006e190 f   scriplib.obj
 0001:0006d280       ?Parse2DMatrix@@YAXHHPEAM@Z 000000014006e280 f   scriplib.obj
 0001:0006d350       ?GetThreadWork@@YAHXZ      000000014006e350 f   threads.obj
 0001:0006d490       ?RunThreadsOnIndividualThread@@YAXH@Z 000000014006e490 f   threads.obj
 0001:0006d4c0       ?RunThreadsOnIndividual@@YAXHW4qboolean@@P6AXH@Z@Z 000000014006e4c0 f   threads.obj
 0001:0006d550       ?RunThreadsOn@@YAXHW4qboolean@@P6AXH@Z@Z 000000014006e550 f   threads.obj
 0001:0006d5e0       ?RunSameThreadOn@@YAXHW4qboolean@@P6AXH@Z@Z 000000014006e5e0 f   threads.obj
 0001:0006d6f0       ?RunSameThreadOnIndividual@@YAXHW4qboolean@@P6AXH@Z@Z 000000014006e6f0 f   threads.obj
 0001:0006d810       ?_RunThreadsOn@@YAXHW4qboolean@@P6AXH@Z@Z 000000014006e810 f   threads.obj
 0001:0006d990       ?_ThreadMutexLock@@YAXPEAUThreadMutex_s@@PEADH@Z 000000014006e990 f   threads.obj
 0001:0006db90       ?unzOpen@@YAPEAXPEBD@Z     000000014006eb90 f   unzip.obj
 0001:0006e140       ?unzGoToFirstFile@@YAHPEAX@Z 000000014006f140 f   unzip.obj
 0001:0006e1a0       ?unzGoToNextFile@@YAHPEAX@Z 000000014006f1a0 f   unzip.obj
 0001:0006e420       ?unzOpenCurrentFile@@YAHPEAX@Z 000000014006f420 f   unzip.obj
 0001:0006e5a0       ?unzReadCurrentFile@@YAHPEAX0I@Z 000000014006f5a0 f   unzip.obj
 0001:0006e7d0       ?unzCloseCurrentFile@@YAHPEAX@Z 000000014006f7d0 f   unzip.obj
 0001:0006e880       ?crc32@@YAKKPEBEI@Z        000000014006f880 f   unzip.obj
 0001:0006e9d0       ?inflate_blocks_reset@@YAXPEAUinflate_blocks_state@@PEAUz_stream_s@@PEAK@Z 000000014006f9d0 f   unzip.obj
 0001:0006ea50       ?inflate_blocks_new@@YAPEAUinflate_blocks_state@@PEAUz_stream_s@@P6AKKPEBEI@ZI@Z 000000014006fa50 f   unzip.obj
 0001:0006eb30       ?inflate_blocks@@YAHPEAUinflate_blocks_state@@PEAUz_stream_s@@H@Z 000000014006fb30 f   unzip.obj
 0001:0006f710       ?inflate_blocks_free@@YAHPEAUinflate_blocks_state@@PEAUz_stream_s@@@Z 0000000140070710 f   unzip.obj
 0001:0006f7b0       ?inflate_flush@@YAHPEAUinflate_blocks_state@@PEAUz_stream_s@@H@Z 00000001400707b0 f   unzip.obj
 0001:0006fdd0       ?inflate_trees_bits@@YAHPEAI0PEAPEAUinflate_huft_s@@PEAU1@PEAUz_stream_s@@@Z 0000000140070dd0 f   unzip.obj
 0001:0006feb0       ?inflate_fast@@YAHIIPEAUinflate_huft_s@@0PEAUinflate_blocks_state@@PEAUz_stream_s@@@Z 0000000140070eb0 f   unzip.obj
 0001:00070240       ?inflate_codes_new@@YAPEAUinflate_codes_state@@IIPEAUinflate_huft_s@@0PEAUz_stream_s@@@Z 0000000140071240 f   unzip.obj
 0001:000702b0       ?inflate_codes@@YAHPEAUinflate_blocks_state@@PEAUz_stream_s@@H@Z 00000001400712b0 f   unzip.obj
 0001:000708b0       ?adler32@@YAKKPEBEI@Z      00000001400718b0 f   unzip.obj
 0001:00070a20       ?inflateReset@@YAHPEAUz_stream_s@@@Z 0000000140071a20 f   unzip.obj
 0001:00070ae0       ?inflateEnd@@YAHPEAUz_stream_s@@@Z 0000000140071ae0 f   unzip.obj
 0001:00070b40       ?inflateInit2_@@YAHPEAUz_stream_s@@HPEBDH@Z 0000000140071b40 f   unzip.obj
 0001:00070c30       ?inflate@@YAHPEAUz_stream_s@@H@Z 0000000140071c30 f   unzip.obj
 0001:000710b0       ?zcalloc@@YAPEAEPEAEII@Z   00000001400720b0 f   unzip.obj
 0001:000710d0       ?zcfree@@YAXPEAE0@Z        00000001400720d0 f   unzip.obj
 0001:00071270       ?vfsInitDirectory@@YAXPEBD@Z 0000000140072270 f   vfs.obj
 0001:00071440       ?vfsGetFileCount@@YAHPEBD@Z 0000000140072440 f   vfs.obj
 0001:000715c0       ?vfsLoadFile@@YAHPEBDPEAPEAXH@Z 00000001400725c0 f   vfs.obj
 0001:00071910       WinPrint                   0000000140072910 f   l_net:l_net.obj
 0001:00071920       Net_Send                   0000000140072920 f   l_net:l_net.obj
 0001:00071970       Net_AllocSocket            0000000140072970 f   l_net:l_net.obj
 0001:000719a0       Net_FreeSocket             00000001400729a0 f   l_net:l_net.obj
 0001:000719b0       Net_Connect                00000001400729b0 f   l_net:l_net.obj
 0001:00071a60       Net_Disconnect             0000000140072a60 f   l_net:l_net.obj
 0001:00071a90       Net_StringToAddress        0000000140072a90 f   l_net:l_net.obj
 0001:00071ab0       Net_Setup                  0000000140072ab0 f   l_net:l_net.obj
 0001:00071ae0       NMSG_Clear                 0000000140072ae0 f   l_net:l_net.obj
 0001:00071af0       NMSG_WriteLong             0000000140072af0 f   l_net:l_net.obj
 0001:00071b60       NMSG_WriteString           0000000140072b60 f   l_net:l_net.obj
 0001:00071bf0       WINS_ErrorMessage          0000000140072bf0 f   l_net:l_net_wins.obj
 0001:00071c50       WINS_Init                  0000000140072c50 f   l_net:l_net_wins.obj
 0001:00071dc0       WINS_MyAddress             0000000140072dc0 f   l_net:l_net_wins.obj
 0001:00071dd0       WINS_OpenSocket            0000000140072dd0 f   l_net:l_net_wins.obj
 0001:00071ec0       WINS_OpenReliableSocket    0000000140072ec0 f   l_net:l_net_wins.obj
 0001:00071fe0       WINS_CloseSocket           0000000140072fe0 f   l_net:l_net_wins.obj
 0001:00072020       WINS_Connect               0000000140073020 f   l_net:l_net_wins.obj
 0001:00072090       WINS_Write                 0000000140073090 f   l_net:l_net_wins.obj
 0001:00072140       WINS_AddrToString          0000000140073140 f   l_net:l_net_wins.obj
 0001:000721c0       WINS_StringToAddr          00000001400731c0 f   l_net:l_net_wins.obj
 0001:00072240       WINS_GetSocketAddr         0000000140073240 f   l_net:l_net_wins.obj
 0001:000722a0       ?MakeNormalVectors@@YAXQEAM00@Z 00000001400732a0 f   mathlib:mathlib.obj
 0001:00072360       ?VectorCompare@@YA?AW4qboolean@@QEBM0@Z 0000000140073360 f   mathlib:mathlib.obj
 0001:000723b0       ?VectorCompareExt@@YA?AW4qboolean@@QEBM0M@Z 00000001400733b0 f   mathlib:mathlib.obj
 0001:000723f0       ?VectorLength@@YAMQEBM@Z   00000001400733f0 f   mathlib:mathlib.obj
 0001:00072420       ?VectorMA@@YAXQEBMM0QEAM@Z 0000000140073420 f   mathlib:mathlib.obj
 0001:00072460       ?VectorNormalize@@YAMQEBMQEAM@Z 0000000140073460 f   mathlib:mathlib.obj
 0001:00072510       ?ColorNormalize@@YAMQEBMQEAM@Z 0000000140073510 f   mathlib:mathlib.obj
 0001:00072580       ?SnapWeldVector@@YAXQEAM00@Z 0000000140073580 f   mathlib:mathlib.obj
 0001:000726d0       ?ClearBounds@@YAXQEAM0@Z   00000001400736d0 f   mathlib:mathlib.obj
 0001:00072700       ?AddPointToBounds@@YAXQEAM00@Z 0000000140073700 f   mathlib:mathlib.obj
 0001:000727a0       ?PlaneFromPoints@@YA?AW4qboolean@@QEAMQEBM11@Z 00000001400737a0 f   mathlib:mathlib.obj
 0001:000728a0       ?NormalToLatLong@@YAXQEBMQEAE@Z 00000001400738a0 f   mathlib:mathlib.obj
 0001:00072960       ?PlaneTypeForNormal@@YAHQEAM@Z 0000000140073960 f   mathlib:mathlib.obj
 0001:000729c0       ?DVectorMA@@YAXQEBNN0QEAN@Z 00000001400739c0 f   mathlib:mathlib.obj
 0001:00072a00       ?DVectorNormalize@@YANQEAN0@Z 0000000140073a00 f   mathlib:mathlib.obj
 0001:00072a80       ?DVectorLength@@YANQEBN@Z  0000000140073a80 f   mathlib:mathlib.obj
 0001:00072ab0       ?SnapWeldDVector@@YAXQEAN00@Z 0000000140073ab0 f   mathlib:mathlib.obj
 0001:00072c40       ?m4x4_identity@@YAXQEAM@Z  0000000140073c40 f   mathlib:m4x4.obj
 0001:00072c90       ?m4x4_assign@@YAXQEAMQEBM@Z 0000000140073c90 f   mathlib:m4x4.obj
 0001:00072cf0       ?m4x4_translation_for_vec3@@YAXQEAMQEBM@Z 0000000140073cf0 f   mathlib:m4x4.obj
 0001:00072d40       ?m4x4_rotation_for_vec3@@YAXQEAMQEBMW4eulerOrder_t@@@Z 0000000140073d40 f   mathlib:m4x4.obj
 0001:00072f10       ?m4x4_scale_for_vec3@@YAXQEAMQEBM@Z 0000000140073f10 f   mathlib:m4x4.obj
 0001:00072f50       ?m4x4_translate_by_vec3@@YAXQEAMQEBM@Z 0000000140073f50 f   mathlib:m4x4.obj
 0001:00072f80       ?m4x4_rotate_by_vec3@@YAXQEAMQEBMW4eulerOrder_t@@@Z 0000000140073f80 f   mathlib:m4x4.obj
 0001:00072fb0       ?m4x4_scale_by_vec3@@YAXQEAMQEBM@Z 0000000140073fb0 f   mathlib:m4x4.obj
 0001:00072fe0       ?m4x4_pivoted_transform_by_vec3@@YAXQEAMQEBM1W4eulerOrder_t@@11@Z 0000000140073fe0 f   mathlib:m4x4.obj
 0001:00073090       ?m4x4_multiply_by_m4x4@@YAXQEAMQEBM@Z 0000000140074090 f   mathlib:m4x4.obj
 0001:00073490       ?m4x4_transform_point@@YAXQEBMQEAM@Z 0000000140074490 f   mathlib:m4x4.obj
 0001:00073530       ?m4x4_transform_normal@@YAXQEBMQEAM@Z 0000000140074530 f   mathlib:m4x4.obj
 0001:000735c0       ?m4x4_transpose@@YAXQEAM@Z 00000001400745c0 f   mathlib:m4x4.obj
 0001:000736c0       ?m3_det@@YAMQEAM@Z         00000001400746c0 f   mathlib:m4x4.obj
 0001:00073750       ?m4_submat@@YAXQEAM0HH@Z   0000000140074750 f   mathlib:m4x4.obj
 0001:000738a0       ?m4_det@@YAMQEAM@Z         00000001400748a0 f   mathlib:m4x4.obj
 0001:00073930       ?m4x4_invert@@YAHQEAM@Z    0000000140074930 f   mathlib:m4x4.obj
 0001:000739f8       g_free                     00000001400749f8 f   glib-2.0:libglib-2.0-0.dll
 0001:000739fe       g_locale_to_utf8           00000001400749fe f   glib-2.0:libglib-2.0-0.dll
 0001:00073a04       g_strdup                   0000000140074a04 f   glib-2.0:libglib-2.0-0.dll
 0001:00073a0a       g_strdown                  0000000140074a0a f   glib-2.0:libglib-2.0-0.dll
 0001:00073a10       g_dir_read_name_utf8       0000000140074a10 f   glib-2.0:libglib-2.0-0.dll
 0001:00073a16       g_dir_open_utf8            0000000140074a16 f   glib-2.0:libglib-2.0-0.dll
 0001:00073a1c       g_dir_close                0000000140074a1c f   glib-2.0:libglib-2.0-0.dll
 0001:00073a22       g_slist_append             0000000140074a22 f   glib-2.0:libglib-2.0-0.dll
 0001:00073a28       xmlNodeSetContent          0000000140074a28 f   libxml2:libxml2-2.dll
 0001:00073a2e       xmlNewNode                 0000000140074a2e f   libxml2:libxml2-2.dll
 0001:00073a34       xmlAddChild                0000000140074a34 f   libxml2:libxml2-2.dll
 0001:00073a3a       xmlSetProp                 0000000140074a3a f   libxml2:libxml2-2.dll
 0001:00073a40       xmlBufferFree              0000000140074a40 f   libxml2:libxml2-2.dll
 0001:00073a46       xmlNodeDump                0000000140074a46 f   libxml2:libxml2-2.dll
 0001:00073a4c       xmlBufferCreate            0000000140074a4c f   libxml2:libxml2-2.dll
 0001:00073a52       xmlNewDoc                  0000000140074a52 f   libxml2:libxml2-2.dll
 0001:00073a58       xmlNewDocRawNode           0000000140074a58 f   libxml2:libxml2-2.dll
 0001:00073a5e       png_get_IHDR               0000000140074a5e f   libpng:libpng14-14.dll
 0001:00073a64       png_read_image             0000000140074a64 f   libpng:libpng14-14.dll
 0001:00073a6a       png_write_info             0000000140074a6a f   libpng:libpng14-14.dll
 0001:00073a70       png_destroy_write_struct   0000000140074a70 f   libpng:libpng14-14.dll
 0001:00073a76       png_set_expand             0000000140074a76 f   libpng:libpng14-14.dll
 0001:00073a7c       png_set_write_fn           0000000140074a7c f   libpng:libpng14-14.dll
 0001:00073a82       png_read_info              0000000140074a82 f   libpng:libpng14-14.dll
 0001:00073a88       png_set_iCCP               0000000140074a88 f   libpng:libpng14-14.dll
 0001:00073a8e       png_set_strip_16           0000000140074a8e f   libpng:libpng14-14.dll
 0001:00073a94       png_set_packing            0000000140074a94 f   libpng:libpng14-14.dll
 0001:00073a9a       png_sig_cmp                0000000140074a9a f   libpng:libpng14-14.dll
 0001:00073aa0       png_create_read_struct     0000000140074aa0 f   libpng:libpng14-14.dll
 0001:00073aa6       png_write_end              0000000140074aa6 f   libpng:libpng14-14.dll
 0001:00073aac       png_get_io_ptr             0000000140074aac f   libpng:libpng14-14.dll
 0001:00073ab2       png_create_info_struct     0000000140074ab2 f   libpng:libpng14-14.dll
 0001:00073ab8       png_set_read_fn            0000000140074ab8 f   libpng:libpng14-14.dll
 0001:00073abe       png_write_row              0000000140074abe f   libpng:libpng14-14.dll
 0001:00073ac4       png_get_valid              0000000140074ac4 f   libpng:libpng14-14.dll
 0001:00073aca       png_set_sRGB               0000000140074aca f   libpng:libpng14-14.dll
 0001:00073ad0       png_create_write_struct    0000000140074ad0 f   libpng:libpng14-14.dll
 0001:00073ad6       png_set_filler             0000000140074ad6 f   libpng:libpng14-14.dll
 0001:00073adc       png_set_filter             0000000140074adc f   libpng:libpng14-14.dll
 0001:00073ae2       png_set_IHDR               0000000140074ae2 f   libpng:libpng14-14.dll
 0001:00073ae8       png_set_interlace_handling 0000000140074ae8 f   libpng:libpng14-14.dll
 0001:00073aee       png_get_channels           0000000140074aee f   libpng:libpng14-14.dll
 0001:00073af4       png_set_compression_level  0000000140074af4 f   libpng:libpng14-14.dll
 0001:00073afa       png_destroy_read_struct    0000000140074afa f   libpng:libpng14-14.dll
 0001:00073b00       DDSLittleLong              0000000140074b00 f   ddslib:ddslib.obj
 0001:00073b10       DDSLittleShort             0000000140074b10 f   ddslib:ddslib.obj
 0001:00073b80       DDSGetInfo                 0000000140074b80 f   ddslib:ddslib.obj
 0001:00074720       DDSDecompress              0000000140075720 f   ddslib:ddslib.obj
 0001:00074840       LoadJPGBuff                0000000140075840 f   jpeg6:jpgload.obj
 0001:00074a30       jpeg_create_decompress     0000000140075a30 f   jpeg6:jdapimin.obj
 0001:00074ae0       jpeg_destroy_decompress    0000000140075ae0 f   jpeg6:jdapimin.obj
 0001:00074cc0       jpeg_consume_input         0000000140075cc0 f   jpeg6:jdapimin.obj
 0001:00074db0       jpeg_finish_decompress     0000000140075db0 f   jpeg6:jdapimin.obj
 0001:00074e80       jpeg_read_header           0000000140075e80 f   jpeg6:jdapimin.obj
 0001:00074f90       jpeg_read_scanlines        0000000140075f90 f   jpeg6:jdapistd.obj
 0001:00075060       jpeg_start_decompress      0000000140076060 f   jpeg6:jdapistd.obj
 0001:000751d0       jpeg_stdio_src             00000001400761d0 f   jpeg6:jdatasrc.obj
 0001:00075420       jpeg_std_error             0000000140076420 f   jpeg6:jerror.obj
 0001:00075b30       jinit_input_controller     0000000140076b30 f   jpeg6:jdinput.obj
 0001:00077700       jpeg_resync_to_restart     0000000140078700 f   jpeg6:jdmarker.obj
 0001:00077860       jinit_marker_reader        0000000140078860 f   jpeg6:jdmarker.obj
 0001:000786b0       jinit_memory_mgr           00000001400796b0 f   jpeg6:jmemmgr.obj
 0001:00078820       jpeg_abort                 0000000140079820 f   jpeg6:jcomapi.obj
 0001:00078860       jpeg_destroy               0000000140079860 f   jpeg6:jcomapi.obj
 0001:000788a0       jpeg_alloc_quant_table     00000001400798a0 f   jpeg6:jcomapi.obj
 0001:000788c0       jpeg_alloc_huff_table      00000001400798c0 f   jpeg6:jcomapi.obj
 0001:000788f0       jpeg_calc_output_dimensions 00000001400798f0 f   jpeg6:jdmaster.obj
 0001:00078d80       jinit_master_decompress    0000000140079d80 f   jpeg6:jdmaster.obj
 0001:00078dd0       jdiv_round_up              0000000140079dd0 f   jpeg6:jutils.obj
 0001:00078de0       jround_up                  0000000140079de0 f   jpeg6:jutils.obj
 0001:00078e00       jcopy_sample_rows          0000000140079e00 f   jpeg6:jutils.obj
 0001:00078e70       jzero_far                  0000000140079e70 f   jpeg6:jutils.obj
 0001:00078e80       ?jpeg_get_small@@YAPEAXPEAUjpeg_common_struct@@_K@Z 0000000140079e80 f   jpeg6:jmemnobs.obj
 0001:00078e80       ?jpeg_get_large@@YAPEAXPEAUjpeg_common_struct@@_K@Z 0000000140079e80 f   jpeg6:jmemnobs.obj
 0001:00078e90       ?jpeg_free_small@@YAXPEAUjpeg_common_struct@@PEAX_K@Z 0000000140079e90 f   jpeg6:jmemnobs.obj
 0001:00078e90       ?jpeg_free_large@@YAXPEAUjpeg_common_struct@@PEAX_K@Z 0000000140079e90 f   jpeg6:jmemnobs.obj
 0001:00078ea0       ?jpeg_mem_available@@YAJPEAUjpeg_common_struct@@JJJ@Z 0000000140079ea0 f   jpeg6:jmemnobs.obj
 0001:00078eb0       ?jpeg_open_backing_store@@YAXPEAUjpeg_common_struct@@PEAUbacking_store_struct@@J@Z 0000000140079eb0 f   jpeg6:jmemnobs.obj
 0001:00079610       jinit_d_main_controller    000000014007a610 f   jpeg6:jdmainct.obj
 0001:00079a70       ?jpeg_mem_init@@YAJPEAUjpeg_common_struct@@@Z 000000014007aa70 f   jpeg6:jmemnobs.obj
 0001:00079a80       jinit_d_coef_controller    000000014007aa80 f   jpeg6:jdcoefct.obj
 0001:00079ba0       ?jpeg_make_d_derived_tbl@@YAXPEAUjpeg_decompress_struct@@PEAUJHUFF_TBL@@PEAPEAUd_derived_tbl@@@Z 000000014007aba0 f   jpeg6:jdhuff.obj
 0001:00079db0       ?jpeg_fill_bit_buffer@@YAEPEAUbitread_working_state@@HHH@Z 000000014007adb0 f   jpeg6:jdhuff.obj
 0001:00079ee0       ?jpeg_huff_decode@@YAHPEAUbitread_working_state@@HHPEAUd_derived_tbl@@H@Z 000000014007aee0 f   jpeg6:jdhuff.obj
 0001:0007a6d0       jinit_huff_decoder         000000014007b6d0 f   jpeg6:jdhuff.obj
 0001:0007aa40       jinit_inverse_dct          000000014007ba40 f   jpeg6:jddctmgr.obj
 0001:0007ac40       jinit_d_post_controller    000000014007bc40 f   jpeg6:jdpostct.obj
 0001:0007b370       jinit_upsampler            000000014007c370 f   jpeg6:jdsample.obj
 0001:0007bb30       jinit_color_deconverter    000000014007cb30 f   jpeg6:jdcolor.obj
 0001:0007bcd0       ?jpeg_idct_float@@YAXPEAUjpeg_decompress_struct@@PEAUjpeg_component_info@@PEAFPEAPEAEI@Z 000000014007ccd0 f   jpeg6:jidctflt.obj
 0001:0007c1e0       PicoInit                   000000014007d1e0 f   picomodel:picomodel.obj
 0001:0007c1f0       PicoSetMallocFunc          000000014007d1f0 f   picomodel:picomodel.obj
 0001:0007c210       PicoSetFreeFunc            000000014007d210 f   picomodel:picomodel.obj
 0001:0007c230       PicoSetLoadFileFunc        000000014007d230 f   picomodel:picomodel.obj
 0001:0007c250       PicoSetFreeFileFunc        000000014007d250 f   picomodel:picomodel.obj
 0001:0007c270       PicoSetPrintFunc           000000014007d270 f   picomodel:picomodel.obj
 0001:0007c290       PicoNewModel               000000014007d290 f   picomodel:picomodel.obj
 0001:0007c2e0       PicoAdjustModel            000000014007d2e0 f   picomodel:picomodel.obj
 0001:0007c410       PicoNewShader              000000014007d410 f   picomodel:picomodel.obj
 0001:0007c4f0       PicoFreeShader             000000014007d4f0 f   picomodel:picomodel.obj
 0001:0007c530       PicoFindShader             000000014007d530 f   picomodel:picomodel.obj
 0001:0007c620       PicoFreeSurface            000000014007d620 f   picomodel:picomodel.obj
 0001:0007c700       PicoAdjustSurface          000000014007d700 f   picomodel:picomodel.obj
 0001:0007ca40       PicoNewSkin                000000014007da40 f   picomodel:picomodel.obj
 0001:0007cac0       PicoAdjustSkin             000000014007dac0 f   picomodel:picomodel.obj
 0001:0007cb60       PicoNewSkinItem            000000014007db60 f   picomodel:picomodel.obj
 0001:0007cbd0       PicoFreeSkinItem           000000014007dbd0 f   picomodel:picomodel.obj
 0001:0007cc10       PicoSetShaderMapName       000000014007dc10 f   picomodel:picomodel.obj
 0001:0007cc10       PicoSetModelFileName       000000014007dc10 f   picomodel:picomodel.obj
 0001:0007cc50       PicoSetModelFrameNum       000000014007dc50 f   picomodel:picomodel.obj
 0001:0007cc60       PicoSetModelNumFrames      000000014007dc60 f   picomodel:picomodel.obj
 0001:0007cc70       PicoSetShaderAmbientColor  000000014007dc70 f   picomodel:picomodel.obj
 0001:0007cca0       PicoSetShaderDiffuseColor  000000014007dca0 f   picomodel:picomodel.obj
 0001:0007ccd0       PicoSetShaderSpecularColor 000000014007dcd0 f   picomodel:picomodel.obj
 0001:0007cd00       PicoSetShaderTransparency  000000014007dd00 f   picomodel:picomodel.obj
 0001:0007cd40       PicoSetShaderShininess     000000014007dd40 f   picomodel:picomodel.obj
 0001:0007cd80       PicoSetSurfaceType         000000014007dd80 f   picomodel:picomodel.obj
 0001:0007cd90       PicoSetSurfaceName         000000014007dd90 f   picomodel:picomodel.obj
 0001:0007cdd0       PicoSetSurfaceShader       000000014007ddd0 f   picomodel:picomodel.obj
 0001:0007cde0       PicoSetSurfaceXYZ          000000014007dde0 f   picomodel:picomodel.obj
 0001:0007ce70       PicoSetSurfaceNormal       000000014007de70 f   picomodel:picomodel.obj
 0001:0007cee0       PicoSetSurfaceST           000000014007dee0 f   picomodel:picomodel.obj
 0001:0007cf60       PicoSetSurfaceColor        000000014007df60 f   picomodel:picomodel.obj
 0001:0007d010       PicoSetSurfaceIndex        000000014007e010 f   picomodel:picomodel.obj
 0001:0007d070       PicoSetSurfaceSmoothingGroup 000000014007e070 f   picomodel:picomodel.obj
 0001:0007d0c0       PicoSetSkinNum             000000014007e0c0 f   picomodel:picomodel.obj
 0001:0007d0d0       PicoSetSkinItemObject      000000014007e0d0 f   picomodel:picomodel.obj
 0001:0007d110       PicoSetShaderName          000000014007e110 f   picomodel:picomodel.obj
 0001:0007d110       PicoSetSkinItemReplacement 000000014007e110 f   picomodel:picomodel.obj
 0001:0007d110       PicoSetModelName           000000014007e110 f   picomodel:picomodel.obj
 0001:0007d150       PicoGetModelName           000000014007e150 f   picomodel:picomodel.obj
 0001:0007d170       PicoGetModelFrameNum       000000014007e170 f   picomodel:picomodel.obj
 0001:0007d180       PicoGetModelShader         000000014007e180 f   picomodel:picomodel.obj
 0001:0007d1b0       PicoGetModelNumSurfaces    000000014007e1b0 f   picomodel:picomodel.obj
 0001:0007d1c0       PicoGetModelSurface        000000014007e1c0 f   picomodel:picomodel.obj
 0001:0007d1f0       PicoGetModelFileName       000000014007e1f0 f   picomodel:picomodel.obj
 0001:0007d1f0       PicoGetShaderMapName       000000014007e1f0 f   picomodel:picomodel.obj
 0001:0007d210       PicoGetSurfaceType         000000014007e210 f   picomodel:picomodel.obj
 0001:0007d220       PicoGetSurfaceNumVertexes  000000014007e220 f   picomodel:picomodel.obj
 0001:0007d230       PicoGetSurfaceXYZ          000000014007e230 f   picomodel:picomodel.obj
 0001:0007d260       PicoGetSurfaceNormal       000000014007e260 f   picomodel:picomodel.obj
 0001:0007d290       PicoGetSurfaceST           000000014007e290 f   picomodel:picomodel.obj
 0001:0007d2c0       PicoGetSurfaceColor        000000014007e2c0 f   picomodel:picomodel.obj
 0001:0007d2f0       PicoGetSurfaceNumIndexes   000000014007e2f0 f   picomodel:picomodel.obj
 0001:0007d300       PicoGetSurfaceIndexes      000000014007e300 f   picomodel:picomodel.obj
 0001:0007d320       PicoGetSurfaceShaderNameForSkin 000000014007e320 f   picomodel:picomodel.obj
 0001:0007d400       PicoVertexCoordGenerateHash 000000014007e400 f   picomodel:picomodel.obj
 0001:0007d520       PicoNewVertexCombinationHashTable 000000014007e520 f   picomodel:picomodel.obj
 0001:0007d550       PicoFreeVertexCombinationHashTable 000000014007e550 f   picomodel:picomodel.obj
 0001:0007d5d0       PicoFindVertexCombinationInHashTable 000000014007e5d0 f   picomodel:picomodel.obj
 0001:0007d790       PicoAddVertexCombinationToHashTable 000000014007e790 f   picomodel:picomodel.obj
 0001:0007d880       PicoFindSurfaceVertexNum   000000014007e880 f   picomodel:picomodel.obj
 0001:0007db80       indexarray_push_back       000000014007eb80 f   picomodel:picomodel.obj
 0001:0007db90       indexarray_reserve         000000014007eb90 f   picomodel:picomodel.obj
 0001:0007dbc0       binarytree_extend          000000014007ebc0 f   picomodel:picomodel.obj
 0001:0007dbe0       binarytree_size            000000014007ebe0 f   picomodel:picomodel.obj
 0001:0007dbf0       binarytree_reserve         000000014007ebf0 f   picomodel:picomodel.obj
 0001:0007dc20       binarytree_clear           000000014007ec20 f   picomodel:picomodel.obj
 0001:0007dc20       indexarray_clear           000000014007ec20 f   picomodel:picomodel.obj
 0001:0007dc30       UniqueIndices_size         000000014007ec30 f   picomodel:picomodel.obj
 0001:0007dc40       UniqueIndices_reserve      000000014007ec40 f   picomodel:picomodel.obj
 0001:0007dc70       UniqueIndices_init         000000014007ec70 f   picomodel:picomodel.obj
 0001:0007dc80       UniqueIndices_destroy      000000014007ec80 f   picomodel:picomodel.obj
 0001:0007dca0       UniqueIndices_find_or_insert 000000014007eca0 f   picomodel:picomodel.obj
 0001:0007dd70       UniqueIndices_insert       000000014007ed70 f   picomodel:picomodel.obj
 0001:0007ddb0       lessSmoothVertex           000000014007edb0 f   picomodel:picomodel.obj
 0001:0007de30       _pico_vertices_combine_shared_normals 000000014007ee30 f   picomodel:picomodel.obj
 0001:0007df80       _pico_triangles_generate_weighted_normals 000000014007ef80 f   picomodel:picomodel.obj
 0001:0007e060       _pico_normals_zero         000000014007f060 f   picomodel:picomodel.obj
 0001:0007e0a0       _pico_normals_normalize    000000014007f0a0 f   picomodel:picomodel.obj
 0001:0007e0e0       _pico_length_vec           000000014007f0e0 f   picomodel:picomodel.obj
 0001:0007e110       _pico_normal_is_unit_length 000000014007f110 f   picomodel:picomodel.obj
 0001:0007e150       _pico_normal_within_tolerance 000000014007f150 f   picomodel:picomodel.obj
 0001:0007e180       _pico_normals_assign_generated_normals 000000014007f180 f   picomodel:picomodel.obj
 0001:0007e1f0       PicoFixSurfaceNormals      000000014007f1f0 f   picomodel:picomodel.obj
 0001:0007e290       PicoRemapModel             000000014007f290 f   picomodel:picomodel.obj
 0001:0007e7e0       PicoParseToken             000000014007f7e0 f   picomodel:picomodel.obj
 0001:0007ea70       PicoLoadSkinFiles          000000014007fa70 f   picomodel:picomodel.obj
 0001:0007ed30       PicoModuleLoadModel        000000014007fd30 f   picomodel:picomodel.obj
 0001:0007ee30       PicoLoadModel              000000014007fe30 f   picomodel:picomodel.obj
 0001:0007ef40       PicoNewSurface             000000014007ff40 f   picomodel:picomodel.obj
 0001:0007eff0       PicoFreeSkin               000000014007fff0 f   picomodel:picomodel.obj
 0001:0007f050       PicoAddTriangleToModel     0000000140080050 f   picomodel:picomodel.obj
 0001:0007f2e0       PicoFreeModel              00000001400802e0 f   picomodel:picomodel.obj
 0001:0007f3d0       _pico_alloc                00000001400803d0 f   picomodel:picointernal.obj
 0001:0007f430       _pico_calloc               0000000140080430 f   picomodel:picointernal.obj
 0001:0007f4a0       _pico_clone_alloc          00000001400804a0 f   picomodel:picointernal.obj
 0001:0007f500       _pico_free                 0000000140080500 f   picomodel:picointernal.obj
 0001:0007f520       _pico_load_file            0000000140080520 f   picomodel:picointernal.obj
 0001:0007f540       _pico_free_file            0000000140080540 f   picomodel:picointernal.obj
 0001:0007f570       _pico_printf               0000000140080570 f   picomodel:picointernal.obj
 0001:0007f600       _pico_first_token          0000000140080600 f   picomodel:picointernal.obj
 0001:0007f630       _pico_strltrim             0000000140080630 f   picomodel:picointernal.obj
 0001:0007f6b0       _pico_strrtrim             00000001400806b0 f   picomodel:picointernal.obj
 0001:0007f770       _pico_strlwr               0000000140080770 f   picomodel:picointernal.obj
 0001:0007f7a0       _pico_strchcount           00000001400807a0 f   picomodel:picointernal.obj
 0001:0007f7d0       _pico_zero_bounds          00000001400807d0 f   picomodel:picointernal.obj
 0001:0007f800       _pico_expand_bounds        0000000140080800 f   picomodel:picointernal.obj
 0001:0007f860       _pico_zero_vec             0000000140080860 f   picomodel:picointernal.obj
 0001:0007f870       _pico_zero_vec2            0000000140080870 f   picomodel:picointernal.obj
 0001:0007f880       _pico_set_vec              0000000140080880 f   picomodel:picointernal.obj
 0001:0007f890       _pico_copy_vec             0000000140080890 f   picomodel:picointernal.obj
 0001:0007f8b0       _pico_copy_vec2            00000001400808b0 f   picomodel:picointernal.obj
 0001:0007f8c0       _pico_normalize_vec        00000001400808c0 f   picomodel:picointernal.obj
 0001:0007f950       _pico_add_vec              0000000140080950 f   picomodel:picointernal.obj
 0001:0007f980       _pico_subtract_vec         0000000140080980 f   picomodel:picointernal.obj
 0001:0007f9b0       _pico_scale_vec            00000001400809b0 f   picomodel:picointernal.obj
 0001:0007f9e0       _pico_set_color            00000001400809e0 f   picomodel:picointernal.obj
 0001:0007fa00       _pico_copy_color           0000000140080a00 f   picomodel:picointernal.obj
 0001:0007fa20       _pico_little_long          0000000140080a20 f   picomodel:picointernal.obj
 0001:0007fa30       _pico_little_short         0000000140080a30 f   picomodel:picointernal.obj
 0001:0007fa40       ?jpeg_mem_term@@YAXPEAUjpeg_common_struct@@@Z 0000000140080a40 f   jpeg6:jmemnobs.obj
 0001:0007fa40       ?DebugRawLightmap@@YAXH@Z  0000000140080a40 f   light_ydnar.obj
 0001:0007fa40       _pico_little_float         0000000140080a40 f   picomodel:picointernal.obj
 0001:0007fa50       _pico_stristr              0000000140080a50 f   picomodel:picointernal.obj
 0001:0007fad0       _pico_unixify              0000000140080ad0 f   picomodel:picointernal.obj
 0001:0007fb00       _pico_nopath               0000000140080b00 f   picomodel:picointernal.obj
 0001:0007fba0       _pico_setfext              0000000140080ba0 f   picomodel:picointernal.obj
 0001:0007fc70       _pico_new_parser           0000000140080c70 f   picomodel:picointernal.obj
 0001:0007fd40       _pico_free_parser          0000000140080d40 f   picomodel:picointernal.obj
 0001:0007fd70       _pico_parse_ex             0000000140080d70 f   picomodel:picointernal.obj
 0001:0007fed0       _pico_parse_first          0000000140080ed0 f   picomodel:picointernal.obj
 0001:0007ff10       _pico_parse                0000000140080f10 f   picomodel:picointernal.obj
 0001:0007ff40       _pico_parse_skip_rest      0000000140080f40 f   picomodel:picointernal.obj
 0001:0007ff70       _pico_parse_skip_braced    0000000140080f70 f   picomodel:picointernal.obj
 0001:00080020       _pico_parse_check          0000000140081020 f   picomodel:picointernal.obj
 0001:00080080       _pico_parse_int            0000000140081080 f   picomodel:picointernal.obj
 0001:000800d0       _pico_parse_float          00000001400810d0 f   picomodel:picointernal.obj
 0001:00080120       _pico_parse_vec            0000000140081120 f   picomodel:picointernal.obj
 0001:000801c0       _pico_parse_vec2           00000001400811c0 f   picomodel:picointernal.obj
 0001:00080260       _pico_new_memstream        0000000140081260 f   picomodel:picointernal.obj
 0001:000802c0       _pico_free_memstream       00000001400812c0 f   picomodel:picointernal.obj
 0001:000802e0       _pico_memstream_read       00000001400812e0 f   picomodel:picointernal.obj
 0001:00080370       _pico_memstream_getc       0000000140081370 f   picomodel:picointernal.obj
 0001:000803b0       _pico_memstream_seek       00000001400813b0 f   picomodel:picointernal.obj
 0001:00080440       _pico_memstream_tell       0000000140081440 f   picomodel:picointernal.obj
 0001:00080460       _pico_realloc              0000000140081460 f   picomodel:picointernal.obj
 0001:00080500       PicoModuleList             0000000140081500 f   picomodel:picomodules.obj
 0001:000811b0       _terrain_load_tga_buffer   00000001400821b0 f   picomodel:pm_terrain.obj
 0001:000850f0       _ase_get_submaterial_or_default 00000001400860f0 f   picomodel:pm_ase.obj
 0001:00088020       lwFreeLayer                0000000140089020 f   picomodel:lwo2.obj
 0001:00088070       lwFreeObject               0000000140089070 f   picomodel:lwo2.obj
 0001:000880e0       lwGetObject                00000001400890e0 f   picomodel:lwo2.obj
 0001:00088630       lwValidateObject           0000000140089630 f   picomodel:lwo2.obj
 0001:00088700       lwListFree                 0000000140089700 f   picomodel:list.obj
 0001:00088730       lwListAdd                  0000000140089730 f   picomodel:list.obj
 0001:00088760       lwListInsert               0000000140089760 f   picomodel:list.obj
 0001:00088800       lwFreeVMap                 0000000140089800 f   picomodel:vmap.obj
 0001:00088870       lwGetVMap                  0000000140089870 f   picomodel:vmap.obj
 0001:00088ad0       lwGetPointVMaps            0000000140089ad0 f   picomodel:vmap.obj
 0001:00088c30       lwGetPolyVMaps             0000000140089c30 f   picomodel:vmap.obj
 0001:00088e10       lwFreePoints               0000000140089e10 f   picomodel:pntspols.obj
 0001:00088ea0       lwFreePolygons             0000000140089ea0 f   picomodel:pntspols.obj
 0001:00088f80       lwGetPoints                0000000140089f80 f   picomodel:pntspols.obj
 0001:000891a0       lwGetBoundingBox           000000014008a1a0 f   picomodel:pntspols.obj
 0001:00089290       lwAllocPolygons            000000014008a290 f   picomodel:pntspols.obj
 0001:000893b0       lwGetPolygons              000000014008a3b0 f   picomodel:pntspols.obj
 0001:00089580       lwGetPolyNormals           000000014008a580 f   picomodel:pntspols.obj
 0001:000896f0       lwGetPointPolygons         000000014008a6f0 f   picomodel:pntspols.obj
 0001:00089850       lwResolvePolySurfaces      000000014008a850 f   picomodel:pntspols.obj
 0001:00089a20       lwGetVertNormals           000000014008aa20 f   picomodel:pntspols.obj
 0001:00089ca0       lwFreeTags                 000000014008aca0 f   picomodel:pntspols.obj
 0001:00089d20       lwGetTags                  000000014008ad20 f   picomodel:pntspols.obj
 0001:00089e70       lwGetPolygonTags           000000014008ae70 f   picomodel:pntspols.obj
 0001:00089fb0       lwFreePlugin               000000014008afb0 f   picomodel:surface.obj
 0001:0008a000       lwFreeTexture              000000014008b000 f   picomodel:surface.obj
 0001:0008a090       lwFreeSurface              000000014008b090 f   picomodel:surface.obj
 0001:0008a190       lwGetTHeader               000000014008b190 f   picomodel:surface.obj
 0001:0008a320       lwGetTMap                  000000014008b320 f   picomodel:surface.obj
 0001:0008a550       lwGetImageMap              000000014008b550 f   picomodel:surface.obj
 0001:0008a7d0       lwGetProcedural            000000014008b7d0 f   picomodel:surface.obj
 0001:0008a970       lwGetGradient              000000014008b970 f   picomodel:surface.obj
 0001:0008ac20       lwGetTexture               000000014008bc20 f   picomodel:surface.obj
 0001:0008ad60       lwGetShader                000000014008bd60 f   picomodel:surface.obj
 0001:0008b030       lwDefaultSurface           000000014008c030 f   picomodel:surface.obj
 0001:0008b0a0       lwGetSurface               000000014008c0a0 f   picomodel:surface.obj
 0001:0008b6e0       lwFreeClip                 000000014008c6e0 f   picomodel:clip.obj
 0001:0008b7b0       lwGetClip                  000000014008c7b0 f   picomodel:clip.obj
 0001:0008bc30       lwFreeEnvelope             000000014008cc30 f   picomodel:envelope.obj
 0001:0008bcb0       lwGetEnvelope              000000014008ccb0 f   picomodel:envelope.obj
 0001:0008bfe0       set_flen                   000000014008cfe0 f   picomodel:lwio.obj
 0001:0008bff0       get_flen                   000000014008cff0 f   picomodel:lwio.obj
 0001:0008c000       revbytes                   000000014008d000 f   picomodel:lwio.obj
 0001:0008c080       getbytes                   000000014008d080 f   picomodel:lwio.obj
 0001:0008c130       getI4                      000000014008d130 f   picomodel:lwio.obj
 0001:0008c130       getU4                      000000014008d130 f   picomodel:lwio.obj
 0001:0008c190       getU1                      000000014008d190 f   picomodel:lwio.obj
 0001:0008c1d0       getI2                      000000014008d1d0 f   picomodel:lwio.obj
 0001:0008c1d0       getU2                      000000014008d1d0 f   picomodel:lwio.obj
 0001:0008c230       getVX                      000000014008d230 f   picomodel:lwio.obj
 0001:0008c2e0       getF4                      000000014008d2e0 f   picomodel:lwio.obj
 0001:0008c340       getS0                      000000014008d340 f   picomodel:lwio.obj
 0001:0008c480       sgetI2                     000000014008d480 f   picomodel:lwio.obj
 0001:0008c4e0       sgetU2                     000000014008d4e0 f   picomodel:lwio.obj
 0001:0008c520       sgetU4                     000000014008d520 f   picomodel:lwio.obj
 0001:0008c580       sgetVX                     000000014008d580 f   picomodel:lwio.obj
 0001:0008c600       sgetF4                     000000014008d600 f   picomodel:lwio.obj
 0001:0008c660       sgetS0                     000000014008d660 f   picomodel:lwio.obj
 0001:0008cac0       lwGetSurface5              000000014008dac0 f   picomodel:lwob.obj
 0001:0008d4c0       lwGetPolygons5             000000014008e4c0 f   picomodel:lwob.obj
 0001:0008d680       lwGetObject5               000000014008e680 f   picomodel:lwob.obj
 0001:0008d900       lwValidateObject5          000000014008e900 f   picomodel:lwob.obj
 0001:0008d9b0       _pico_dot_vec              000000014008e9b0 f   picomodel:picointernal.obj
 0001:0008d9b0       dot                        000000014008e9b0 f   picomodel:vecmath.obj
 0001:0008d9e0       cross                      000000014008e9e0 f   picomodel:vecmath.obj
 0001:0008d9e0       _pico_cross_vec            000000014008e9e0 f   picomodel:picointernal.obj
 0001:0008da40       normalize                  000000014008ea40 f   picomodel:vecmath.obj
 0001:0008da8c       _stricmp                   000000014008ea8c f   MSVCRT:MSVCR90.dll
 0001:0008da92       rename                     000000014008ea92 f   MSVCRT:MSVCR90.dll
 0001:0008da98       sprintf                    000000014008ea98 f   MSVCRT:MSVCR90.dll
 0001:0008da9e       sscanf                     000000014008ea9e f   MSVCRT:MSVCR90.dll
 0001:0008daa4       strncmp                    000000014008eaa4 f   MSVCRT:MSVCR90.dll
 0001:0008daaa       free                       000000014008eaaa f   MSVCRT:MSVCR90.dll
 0001:0008dab0       atoi                       000000014008eab0 f   MSVCRT:MSVCR90.dll
 0001:0008dab6       remove                     000000014008eab6 f   MSVCRT:MSVCR90.dll
 0001:0008dabc       ftell                      000000014008eabc f   MSVCRT:MSVCR90.dll
 0001:0008dac2       realloc                    000000014008eac2 f   MSVCRT:MSVCR90.dll
 0001:0008dac8       atof                       000000014008eac8 f   MSVCRT:MSVCR90.dll
 0001:0008dace       _time64                    000000014008eace f   MSVCRT:MSVCR90.dll
 0001:0008dad4       asctime                    000000014008ead4 f   MSVCRT:MSVCR90.dll
 0001:0008dada       _localtime64               000000014008eada f   MSVCRT:MSVCR90.dll
 0001:0008dae0       fseek                      000000014008eae0 f   MSVCRT:MSVCR90.dll
 0001:0008dae6       fclose                     000000014008eae6 f   MSVCRT:MSVCR90.dll
 0001:0008daec       fopen                      000000014008eaec f   MSVCRT:MSVCR90.dll
 0001:0008daf2       fwrite                     000000014008eaf2 f   MSVCRT:MSVCR90.dll
 0001:0008daf8       strstr                     000000014008eaf8 f   MSVCRT:MSVCR90.dll
 0001:0008db00       _onexit                    000000014008eb00 f   MSVCRT:atonexit.obj
 0001:0008dbb0       atexit                     000000014008ebb0 f   MSVCRT:atonexit.obj
 0001:0008dbc8       rand                       000000014008ebc8 f   MSVCRT:MSVCR90.dll
 0001:0008dbce       srand                      000000014008ebce f   MSVCRT:MSVCR90.dll
 0001:0008dbd4       memmove                    000000014008ebd4 f   MSVCRT:MSVCR90.dll
 0001:0008dbda       _strnicmp                  000000014008ebda f   MSVCRT:MSVCR90.dll
 0001:0008dbe0       strchr                     000000014008ebe0 f   MSVCRT:MSVCR90.dll
 0001:0008dbe6       qsort                      000000014008ebe6 f   MSVCRT:MSVCR90.dll
 0001:0008dbec       strncpy                    000000014008ebec f   MSVCRT:MSVCR90.dll
 0001:0008dbf2       fprintf                    000000014008ebf2 f   MSVCRT:MSVCR90.dll
 0001:0008dbf8       exit                       000000014008ebf8 f   MSVCRT:MSVCR90.dll
 0001:0008dbfe       sscanf_s                   000000014008ebfe f   MSVCRT:MSVCR90.dll
 0001:0008dc04       fscanf                     000000014008ec04 f   MSVCRT:MSVCR90.dll
 0001:0008dc0a       __iob_func                 000000014008ec0a f   MSVCRT:MSVCR90.dll
 0001:0008dc10       malloc                     000000014008ec10 f   MSVCRT:MSVCR90.dll
[...]
 0001:0004dfd0       ?MapTriangle@@YA?AW4qboolean@@PEAUrawLightmap_s@@PEAUsurfaceInfo_s@@QEAPEAUbspDrawVert_t@@W41@@Z 000000014004efd0 f    CIL library: CIL module
 0001:0004e2e0       ?MapQuad_r@@YAXPEAUrawLightmap_s@@PEAUsurfaceInfo_s@@QEAPEAUbspDrawVert_t@@QEAMQEAY02M4@Z 000000014004f2e0 f    CIL library: CIL module
 0001:0004e620       ?MapQuad@@YA?AW4qboolean@@PEAUrawLightmap_s@@PEAUsurfaceInfo_s@@QEAPEAUbspDrawVert_t@@@Z 000000014004f620 f    CIL library: CIL module
 0001:000512f0       ?SubmapRawLuxel@@YA?AW4qboolean@@PEAUrawLightmap_s@@HHMMPEAHQEAM2@Z 00000001400522f0 f    CIL library: CIL module
 0001:00051670       ?SubsampleRawLuxel_r@@YAXPEAUrawLightmap_s@@PEAUtrace_t@@QEAMHHMPEAM@Z 0000000140052670 f    CIL library: CIL module
 0001:000573a0       ?CompareLightSurface@@YAHPEBX0@Z 00000001400583a0 f    CIL library: CIL module
 0001:00058b70       ?CompareSurfaceInfo@@YAHPEBX0@Z 0000000140059b70 f    CIL library: CIL module
 0001:0005a6f0       ?CompareBSPLuxels@@YA?AW4qboolean@@PEAUrawLightmap_s@@H0H@Z 000000014005b6f0 f    CIL library: CIL module
 0001:0005aaa0       ?MergeBSPLuxels@@YA?AW4qboolean@@PEAUrawLightmap_s@@H0H@Z 000000014005baa0 f    CIL library: CIL module
 0001:0005ad30       ?ApproximateLuxel@@YA?AW4qboolean@@PEAUrawLightmap_s@@PEAUbspDrawVert_t@@@Z 000000014005bd30 f    CIL library: CIL module
 0001:0005af30       ?ApproximateTriangle_r@@YA?AW4qboolean@@PEAUrawLightmap_s@@QEAPEAUbspDrawVert_t@@@Z 000000014005bf30 f    CIL library: CIL module
 0001:0005b140       ?ApproximateLightmap@@YA?AW4qboolean@@PEAUrawLightmap_s@@@Z 000000014005c140 f    CIL library: CIL module
 0001:0005b5d0       ?TestOutLightmapStamp@@YA?AW4qboolean@@PEAUrawLightmap_s@@HPEAUoutLightmap_s@@HH@Z 000000014005c5d0 f    CIL library: CIL module
 0001:0005b760       ?SetupOutLightmap@@YAXPEAUrawLightmap_s@@PEAUoutLightmap_s@@@Z 000000014005c760 f    CIL library: CIL module
 0001:0005b8c0       ?FindOutLightmaps@@YAXPEAUrawLightmap_s@@@Z 000000014005c8c0 f    CIL library: CIL module
 0001:0005c200       ?CompareRawLightmap@@YAHPEBX0@Z 000000014005d200 f    CIL library: CIL module
 0001:00065450       ?ConvertCollapsedSurface@@YAXPEAU_iobuf@@PEAUbspModel_t@@HHHQEAM@Z 0000000140066450 f    CIL library: CIL module
 0001:00066120       ?ConvertSurface@@YAXPEAU_iobuf@@PEAUbspModel_t@@HPEAUbspDrawSurface_t@@HQEAM@Z 0000000140067120 f    CIL library: CIL module
 0001:00066790       ?ConvertModel@@YAXPEAU_iobuf@@PEAUbspModel_t@@HQEAMH@Z 0000000140067790 f    CIL library: CIL module
 0001:000668b0       ?ConvertShader@@YAXPEAU_iobuf@@PEAUbspShader_t@@H@Z 00000001400678b0 f    CIL library: CIL module
 0001:00066fc0       ?ConvertBrush@@YAXPEAU_iobuf@@HPEAUbspBrush_t@@QEAM@Z 0000000140067fc0 f    CIL library: CIL module
 0001:00067340       ?ConvertPatch@@YAXPEAU_iobuf@@HPEAUbspDrawSurface_t@@QEAM@Z 0000000140068340 f    CIL library: CIL module
 0001:00067560       ?ConvertModel@@YAXPEAU_iobuf@@PEAUbspModel_t@@HQEAM@Z 0000000140068560 f    CIL library: CIL module
 0001:0006a3e0       ?MD4Transform@@YAXQEAKQEAE@Z 000000014006b3e0 f    CIL library: CIL module
 0001:0006da30       ?unzlocal_SearchCentralDir@@YAKPEAU_iobuf@@@Z 000000014006ea30 f    CIL library: CIL module
 0001:0006ddb0       ?unzlocal_GetCurrentFileInfoInternal@@YAHPEAXPEAUunz_file_info_s@@PEAUunz_file_info_internal_s@@PEADK0K3K@Z 000000014006edb0 f    CIL library: CIL module
 0001:0006e230       ?unzlocal_CheckCurrentFileCoherencyHeader@@YAHPEAUunz_s@@PEAIPEAK1@Z 000000014006f230 f    CIL library: CIL module
 0001:0006f8d0       ?huft_build@@YAHPEAIIIPEBI1PEAPEAUinflate_huft_s@@0PEAU1@00@Z 00000001400708d0 f    CIL library: CIL module
 0001:000710e0       ?vfsInitPakFile@@YAXPEBD@Z 00000001400720e0 f    CIL library: CIL module
 0001:00073b20       DDSDecodePixelFormat       0000000140074b20 f   ddslib:ddslib.obj
 0001:00073be0       DDSGetColorBlockColors     0000000140074be0 f   ddslib:ddslib.obj
 0001:00073db0       DDSDecodeColorBlock        0000000140074db0 f   ddslib:ddslib.obj
 0001:00073e90       DDSDecodeAlphaExplicit     0000000140074e90 f   ddslib:ddslib.obj
 0001:00073f90       DDSDecodeAlpha3BitLinear   0000000140074f90 f   ddslib:ddslib.obj
 0001:00074290       DDSDecompressDXT1          0000000140075290 f   ddslib:ddslib.obj
 0001:000743a0       DDSDecompressDXT3          00000001400753a0 f   ddslib:ddslib.obj
 0001:00074520       DDSDecompressDXT5          0000000140075520 f   ddslib:ddslib.obj
 0001:000746a0       DDSDecompressDXT2          00000001400756a0 f   ddslib:ddslib.obj
 0001:000746b0       DDSDecompressDXT4          00000001400756b0 f   ddslib:ddslib.obj
 0001:000746c0       DDSDecompressARGB8888      00000001400756c0 f   ddslib:ddslib.obj
 0001:00074af0       ?default_decompress_parms@@YAXPEAUjpeg_decompress_struct@@@Z 0000000140075af0 f   jpeg6:jdapimin.obj
 0001:00074f10       ?output_pass_setup@@YAEPEAUjpeg_decompress_struct@@@Z 0000000140075f10 f   jpeg6:jdapistd.obj
 0001:00075110       ?init_source@@YAXPEAUjpeg_decompress_struct@@@Z 0000000140076110 f   jpeg6:jdatasrc.obj
 0001:00075120       ?fill_input_buffer@@YAEPEAUjpeg_decompress_struct@@@Z 0000000140076120 f   jpeg6:jdatasrc.obj
 0001:00075180       ?skip_input_data@@YAXPEAUjpeg_decompress_struct@@J@Z 0000000140076180 f   jpeg6:jdatasrc.obj
 0001:00075280       ?error_exit@@YAXPEAUjpeg_common_struct@@@Z 0000000140076280 f   jpeg6:jerror.obj
 0001:000752b0       ?output_message@@YAXPEAUjpeg_common_struct@@@Z 00000001400762b0 f   jpeg6:jerror.obj
 0001:000752e0       ?emit_message@@YAXPEAUjpeg_common_struct@@H@Z 00000001400762e0 f   jpeg6:jerror.obj
 0001:00075320       ?format_message@@YAXPEAUjpeg_common_struct@@PEAD@Z 0000000140076320 f   jpeg6:jerror.obj
 0001:00075400       ?reset_error_mgr@@YAXPEAUjpeg_common_struct@@@Z 0000000140076400 f   jpeg6:jerror.obj
 0001:000754a0       ?initial_setup@@YAXPEAUjpeg_decompress_struct@@@Z 00000001400764a0 f   jpeg6:jdinput.obj
 0001:000756b0       ?per_scan_setup@@YAXPEAUjpeg_decompress_struct@@@Z 00000001400766b0 f   jpeg6:jdinput.obj
 0001:00075890       ?latch_quant_tables@@YAXPEAUjpeg_decompress_struct@@@Z 0000000140076890 f   jpeg6:jdinput.obj
 0001:00075960       ?start_input_pass@@YAXPEAUjpeg_decompress_struct@@@Z 0000000140076960 f   jpeg6:jdinput.obj
 0001:000759b0       ?consume_markers@@YAHPEAUjpeg_decompress_struct@@@Z 00000001400769b0 f   jpeg6:jdinput.obj
 0001:00075ac0       ?reset_input_controller@@YAXPEAUjpeg_decompress_struct@@@Z 0000000140076ac0 f   jpeg6:jdinput.obj
 0001:00075b10       ?finish_input_pass@@YAXPEAUjpeg_decompress_struct@@@Z 0000000140076b10 f   jpeg6:jdinput.obj
 0001:00075b90       ?get_soi@@YAEPEAUjpeg_decompress_struct@@@Z 0000000140076b90 f   jpeg6:jdmarker.obj
 0001:00075c50       ?get_sof@@YAEPEAUjpeg_decompress_struct@@EE@Z 0000000140076c50 f   jpeg6:jdmarker.obj
 0001:00075fa0       ?get_sos@@YAEPEAUjpeg_decompress_struct@@@Z 0000000140076fa0 f   jpeg6:jdmarker.obj
 0001:000762d0       ?get_app0@@YAEPEAUjpeg_decompress_struct@@@Z 00000001400772d0 f   jpeg6:jdmarker.obj
 0001:000765b0       ?get_app14@@YAEPEAUjpeg_decompress_struct@@@Z 00000001400775b0 f   jpeg6:jdmarker.obj
 0001:000767a0       ?get_dac@@YAEPEAUjpeg_decompress_struct@@@Z 00000001400777a0 f   jpeg6:jdmarker.obj
 0001:00076950       ?get_dht@@YAEPEAUjpeg_decompress_struct@@@Z 0000000140077950 f   jpeg6:jdmarker.obj
 0001:00076c80       ?get_dqt@@YAEPEAUjpeg_decompress_struct@@@Z 0000000140077c80 f   jpeg6:jdmarker.obj
 0001:00076f00       ?get_dri@@YAEPEAUjpeg_decompress_struct@@@Z 0000000140077f00 f   jpeg6:jdmarker.obj
 0001:00077020       ?skip_variable@@YAEPEAUjpeg_decompress_struct@@@Z 0000000140078020 f   jpeg6:jdmarker.obj
 0001:000770f0       ?next_marker@@YAEPEAUjpeg_decompress_struct@@@Z 00000001400780f0 f   jpeg6:jdmarker.obj
 0001:00077260       ?first_marker@@YAEPEAUjpeg_decompress_struct@@@Z 0000000140078260 f   jpeg6:jdmarker.obj
 0001:00077330       ?read_markers@@YAHPEAUjpeg_decompress_struct@@@Z 0000000140078330 f   jpeg6:jdmarker.obj
 0001:00077650       ?read_restart_marker@@YAEPEAUjpeg_decompress_struct@@@Z 0000000140078650 f   jpeg6:jdmarker.obj
 0001:00077820       ?reset_marker_reader@@YAXPEAUjpeg_decompress_struct@@@Z 0000000140078820 f   jpeg6:jdmarker.obj
 0001:00077910       ?out_of_memory@@YAXPEAUjpeg_common_struct@@H@Z 0000000140078910 f   jpeg6:jmemmgr.obj
 0001:00077930       ?alloc_small@@YAPEAXPEAUjpeg_common_struct@@H_K@Z 0000000140078930 f   jpeg6:jmemmgr.obj
 0001:00077ab0       ?alloc_large@@YAPEAXPEAUjpeg_common_struct@@H_K@Z 0000000140078ab0 f   jpeg6:jmemmgr.obj
 0001:00077b90       ?alloc_sarray@@YAPEAPEAEPEAUjpeg_common_struct@@HII@Z 0000000140078b90 f   jpeg6:jmemmgr.obj
 0001:00077c80       ?alloc_barray@@YAPEAPEAY0EA@FPEAUjpeg_common_struct@@HII@Z 0000000140078c80 f   jpeg6:jmemmgr.obj
 0001:00077d90       ?request_virt_sarray@@YAPEAUjvirt_sarray_control@@PEAUjpeg_common_struct@@HEIII@Z 0000000140078d90 f   jpeg6:jmemmgr.obj
 0001:00077e40       ?request_virt_barray@@YAPEAUjvirt_barray_control@@PEAUjpeg_common_struct@@HEIII@Z 0000000140078e40 f   jpeg6:jmemmgr.obj
 0001:00077ef0       ?realize_virt_arrays@@YAXPEAUjpeg_common_struct@@@Z 0000000140078ef0 f   jpeg6:jmemmgr.obj
 0001:000780d0       ?do_sarray_io@@YAXPEAUjpeg_common_struct@@PEAUjvirt_sarray_control@@E@Z 00000001400790d0 f   jpeg6:jmemmgr.obj
 0001:00078190       ?do_barray_io@@YAXPEAUjpeg_common_struct@@PEAUjvirt_barray_control@@E@Z 0000000140079190 f   jpeg6:jmemmgr.obj
 0001:00078250       ?access_virt_sarray@@YAPEAPEAEPEAUjpeg_common_struct@@PEAUjvirt_sarray_control@@IIE@Z 0000000140079250 f   jpeg6:jmemmgr.obj
 0001:000783b0       ?access_virt_barray@@YAPEAPEAY0EA@FPEAUjpeg_common_struct@@PEAUjvirt_barray_control@@IIE@Z 00000001400793b0 f   jpeg6:jmemmgr.obj
 0001:00078510       ?free_pool@@YAXPEAUjpeg_common_struct@@H@Z 0000000140079510 f   jpeg6:jmemmgr.obj
 0001:00078660       ?self_destruct@@YAXPEAUjpeg_common_struct@@@Z 0000000140079660 f   jpeg6:jmemmgr.obj
 0001:000788e0       ?use_merged_upsample@@YAEPEAUjpeg_decompress_struct@@@Z 00000001400798e0 f   jpeg6:jdmaster.obj
 0001:000789a0       ?prepare_range_limit_table@@YAXPEAUjpeg_decompress_struct@@@Z 00000001400799a0 f   jpeg6:jdmaster.obj
 0001:00078a50       ?master_selection@@YAXPEAUjpeg_decompress_struct@@@Z 0000000140079a50 f   jpeg6:jdmaster.obj
 0001:00078c00       ?prepare_for_output_pass@@YAXPEAUjpeg_decompress_struct@@@Z 0000000140079c00 f   jpeg6:jdmaster.obj
 0001:00078d50       ?finish_output_pass@@YAXPEAUjpeg_decompress_struct@@@Z 0000000140079d50 f   jpeg6:jdmaster.obj
 0001:00078ec0       ?alloc_funny_pointers@@YAXPEAUjpeg_decompress_struct@@@Z 0000000140079ec0 f   jpeg6:jdmainct.obj
 0001:00078fc0       ?make_funny_pointers@@YAXPEAUjpeg_decompress_struct@@@Z 0000000140079fc0 f   jpeg6:jdmainct.obj
 0001:00079160       ?set_wraparound_pointers@@YAXPEAUjpeg_decompress_struct@@@Z 000000014007a160 f   jpeg6:jdmainct.obj
 0001:00079270       ?set_bottom_pointers@@YAXPEAUjpeg_decompress_struct@@@Z 000000014007a270 f   jpeg6:jdmainct.obj
 0001:00079340       ?process_data_simple_main@@YAXPEAUjpeg_decompress_struct@@PEAPEAEPEAII@Z 000000014007a340 f   jpeg6:jdmainct.obj
 0001:000793f0       ?process_data_context_main@@YAXPEAUjpeg_decompress_struct@@PEAPEAEPEAII@Z 000000014007a3f0 f   jpeg6:jdmainct.obj
 0001:00079580       ?start_pass_main@@YAXPEAUjpeg_decompress_struct@@W4J_BUF_MODE@@@Z 000000014007a580 f   jpeg6:jdmainct.obj
 0001:00079730       ?start_iMCU_row@@YAXPEAUjpeg_decompress_struct@@@Z 000000014007a730 f   jpeg6:jdcoefct.obj
 0001:00079790       ?start_input_pass@@YAXPEAUjpeg_decompress_struct@@@Z 000000014007a790 f   jpeg6:jdcoefct.obj
 0001:000797a0       ?start_output_pass@@YAXPEAUjpeg_decompress_struct@@@Z 000000014007a7a0 f   jpeg6:jdcoefct.obj
 0001:000797b0       ?decompress_onepass@@YAHPEAUjpeg_decompress_struct@@PEAPEAPEAE@Z 000000014007a7b0 f   jpeg6:jdcoefct.obj
 0001:00079a70       ?dummy_consume_data@@YAHPEAUjpeg_decompress_struct@@@Z 000000014007aa70 f   jpeg6:jdcoefct.obj
 0001:0007a000       ?process_restart@@YAEPEAUjpeg_decompress_struct@@@Z 000000014007b000 f   jpeg6:jdhuff.obj
 0001:0007a0a0       ?decode_mcu@@YAEPEAUjpeg_decompress_struct@@PEAPEAY0EA@F@Z 000000014007b0a0 f   jpeg6:jdhuff.obj
 0001:0007a570       ?start_pass_huff_decoder@@YAXPEAUjpeg_decompress_struct@@@Z 000000014007b570 f   jpeg6:jdhuff.obj
 0001:0007a730       ?start_pass@@YAXPEAUjpeg_decompress_struct@@@Z 000000014007b730 f   jpeg6:jddctmgr.obj
 0001:0007aaf0       ?post_process_1pass@@YAXPEAUjpeg_decompress_struct@@PEAPEAPEAEPEAIIPEAPEAE2I@Z 000000014007baf0 f   jpeg6:jdpostct.obj
 0001:0007aba0       ?start_pass_dpost@@YAXPEAUjpeg_decompress_struct@@W4J_BUF_MODE@@@Z 000000014007bba0 f   jpeg6:jdpostct.obj
 0001:0007acf0       ?start_pass_upsample@@YAXPEAUjpeg_decompress_struct@@@Z 000000014007bcf0 f   jpeg6:jdsample.obj
 0001:0007ad10       ?sep_upsample@@YAXPEAUjpeg_decompress_struct@@PEAPEAPEAEPEAIIPEAPEAE2I@Z 000000014007bd10 f   jpeg6:jdsample.obj
 0001:0007ae60       ?fullsize_upsample@@YAXPEAUjpeg_decompress_struct@@PEAUjpeg_component_info@@PEAPEAEPEAPEAPEAE@Z 000000014007be60 f   jpeg6:jdsample.obj
 0001:0007ae70       ?noop_upsample@@YAXPEAUjpeg_decompress_struct@@PEAUjpeg_component_info@@PEAPEAEPEAPEAPEAE@Z 000000014007be70 f   jpeg6:jdsample.obj
 0001:0007ae80       ?int_upsample@@YAXPEAUjpeg_decompress_struct@@PEAUjpeg_component_info@@PEAPEAEPEAPEAPEAE@Z 000000014007be80 f   jpeg6:jdsample.obj
 0001:0007afe0       ?h2v1_upsample@@YAXPEAUjpeg_decompress_struct@@PEAUjpeg_component_info@@PEAPEAEPEAPEAPEAE@Z 000000014007bfe0 f   jpeg6:jdsample.obj
 0001:0007b050       ?h2v2_upsample@@YAXPEAUjpeg_decompress_struct@@PEAUjpeg_component_info@@PEAPEAEPEAPEAPEAE@Z 000000014007c050 f   jpeg6:jdsample.obj
 0001:0007b110       ?h2v1_fancy_upsample@@YAXPEAUjpeg_decompress_struct@@PEAUjpeg_component_info@@PEAPEAEPEAPEAPEAE@Z 000000014007c110 f   jpeg6:jdsample.obj
 0001:0007b200       ?h2v2_fancy_upsample@@YAXPEAUjpeg_decompress_struct@@PEAUjpeg_component_info@@PEAPEAEPEAPEAPEAE@Z 000000014007c200 f   jpeg6:jdsample.obj
 0001:0007b5c0       ?build_ycc_rgb_table@@YAXPEAUjpeg_decompress_struct@@@Z 000000014007c5c0 f   jpeg6:jdcolor.obj
 0001:0007b6c0       ?ycc_rgb_convert@@YAXPEAUjpeg_decompress_struct@@PEAPEAPEAEIPEAPEAEH@Z 000000014007c6c0 f   jpeg6:jdcolor.obj
 0001:0007b860       ?null_convert@@YAXPEAUjpeg_decompress_struct@@PEAPEAPEAEIPEAPEAEH@Z 000000014007c860 f   jpeg6:jdcolor.obj
 0001:0007b920       ?grayscale_convert@@YAXPEAUjpeg_decompress_struct@@PEAPEAPEAEIPEAPEAEH@Z 000000014007c920 f   jpeg6:jdcolor.obj
 0001:0007b960       ?ycck_cmyk_convert@@YAXPEAUjpeg_decompress_struct@@PEAPEAPEAEIPEAPEAEH@Z 000000014007c960 f   jpeg6:jdcolor.obj
 0001:0007fa40       ?start_pass_dcolor@@YAXPEAUjpeg_decompress_struct@@@Z 0000000140080a40 f   picomodel:picointernal.obj
 0001:0007fa40       ?term_source@@YAXPEAUjpeg_decompress_struct@@@Z 0000000140080a40 f   picomodel:picointernal.obj
 0001:0007fa40       ?PNGFlushData@@YAXPEAUpng_struct_def@@@Z 0000000140080a40 f   picomodel:picointernal.obj
 0001:00080530       _obj_canload               0000000140081530 f   picomodel:pm_obj.obj
 0001:00080690       SizeObjVertexData          0000000140081690 f   picomodel:pm_obj.obj
 0001:00080750       FreeObjVertexData          0000000140081750 f   picomodel:pm_obj.obj
 0001:00080770       _obj_load                  0000000140081770 f   picomodel:pm_obj.obj
 0001:00081680       _terrain_canload           0000000140082680 f   picomodel:pm_terrain.obj
 0001:000816f0       _terrain_load              00000001400826f0 f   picomodel:pm_terrain.obj
 0001:00081ed0       lwo_lwIDToStr              0000000140082ed0 f   picomodel:pm_lwo.obj
 0001:00081f20       _lwo_canload               0000000140082f20 f   picomodel:pm_lwo.obj
 0001:00081f90       _lwo_load                  0000000140082f90 f   picomodel:pm_lwo.obj
 0001:00082890       _fm_canload                0000000140083890 f   picomodel:pm_fm.obj
 0001:000829c0       _fm_load                   00000001400839c0 f   picomodel:pm_fm.obj
 0001:000834a0       _md2_canload               00000001400844a0 f   picomodel:pm_md2.obj
 0001:000834f0       _md2_load                  00000001400844f0 f   picomodel:pm_md2.obj
 0001:00083f60       _mdc_canload               0000000140084f60 f   picomodel:pm_mdc.obj
 0001:00083fb0       _mdc_load                  0000000140084fb0 f   picomodel:pm_mdc.obj
 0001:00084890       _ms3d_canload              0000000140085890 f   picomodel:pm_ms3d.obj
 0001:00084910       GetWord                    0000000140085910 f   picomodel:pm_ms3d.obj
 0001:00084950       _ms3d_load                 0000000140085950 f   picomodel:pm_ms3d.obj
 0001:00085080       _ase_get_material          0000000140086080 f   picomodel:pm_ase.obj
 0001:000850a0       _ase_get_submaterial       00000001400860a0 f   picomodel:pm_ase.obj
 0001:00085150       _ase_add_material          0000000140086150 f   picomodel:pm_ase.obj
 0001:00085190       _ase_add_submaterial       0000000140086190 f   picomodel:pm_ase.obj
 0001:00085210       _ase_free_materials        0000000140086210 f   picomodel:pm_ase.obj
 0001:00085290       _ase_canload               0000000140086290 f   picomodel:pm_ase.obj
 0001:00085320       _ase_submit_triangles      0000000140086320 f   picomodel:pm_ase.obj
 0001:00085890       _ase_load                  0000000140086890 f   picomodel:pm_ase.obj
 0001:00086ef0       _3ds_canload               0000000140087ef0 f   picomodel:pm_3ds.obj
 0001:00086f50       GetChunk                   0000000140087f50 f   picomodel:pm_3ds.obj
 0001:00086fb0       GetASCIIZ                  0000000140087fb0 f   picomodel:pm_3ds.obj
 0001:00087040       GetByte                    0000000140088040 f   picomodel:pm_3ds.obj
 0001:00087060       GetWord                    0000000140088060 f   picomodel:pm_3ds.obj
 0001:000870a0       GetFloat                   00000001400880a0 f   picomodel:pm_3ds.obj
 0001:000870d0       GetMeshVertices            00000001400880d0 f   picomodel:pm_3ds.obj
 0001:00087160       GetMeshFaces               0000000140088160 f   picomodel:pm_3ds.obj
 0001:00087220       GetMeshTexCoords           0000000140088220 f   picomodel:pm_3ds.obj
 0001:000872b0       GetMeshShader              00000001400882b0 f   picomodel:pm_3ds.obj
 0001:00087480       GetDiffuseColor            0000000140088480 f   picomodel:pm_3ds.obj
 0001:000874d0       DoNextEditorDataChunk      00000001400884d0 f   picomodel:pm_3ds.obj
 0001:00087750       DoNextChunk                0000000140088750 f   picomodel:pm_3ds.obj
 0001:00087810       _3ds_load                  0000000140088810 f   picomodel:pm_3ds.obj
 0001:00087920       _md3_canload               0000000140088920 f   picomodel:pm_md3.obj
 0001:00087970       _md3_load                  0000000140088970 f   picomodel:pm_md3.obj
 0001:0008af40       compare_textures           000000014008bf40 f   picomodel:surface.obj
 0001:0008af40       compare_shaders            000000014008bf40 f   picomodel:surface.obj
 0001:0008af70       add_texture                000000014008bf70 f   picomodel:surface.obj
 0001:0008bc80       compare_keys               000000014008cc80 f   picomodel:envelope.obj
 0001:0008c730       add_clip                   000000014008d730 f   picomodel:lwob.obj
 0001:0008c7e0       add_tvel                   000000014008d7e0 f   picomodel:lwob.obj
 0001:0008c960       get_texture                000000014008d960 f   picomodel:lwob.obj
 0001:0008dc60       pre_cpp_init               000000014008ec60 f   MSVCRT:crtexe.obj
 0001:0008dcc8       __tmainCRTStartup          000000014008ecc8 f   MSVCRT:crtexe.obj
 0001:0008de48       pre_c_init                 000000014008ee48 f   MSVCRT:crtexe.obj
 0001:0008e2f0       _onexit$fin$0              000000014008f2f0 f   MSVCRT:atonexit.obj
 0001:0008e309       __tmainCRTStartup$filt$0   000000014008f309 f   MSVCRT:crtexe.obj
 0001:0008e330       _IsNonwritableInCurrentImage$filt$0 000000014008f330 f   MSVCRT:pesect.obj
