 bloodmap

 Timestamp is 53374f29 (Sun Mar 30 02:54:33 2014)

 Preferred load address is 0000000140000000

 Start         Length     Name                   Class
 0001:00000000 00082108H .text                   CODE
 0001:00082110 0000005eH .text$00                CODE
 0001:00082170 00000061H .text$x                 CODE
 0002:00000000 000004d0H .idata$5                DATA
 0002:000004d0 00000008H .CRT$XCA                DATA
 0002:000004d8 00000008H .CRT$XCAA               DATA
 0002:000004e0 00000008H .CRT$XCZ                DATA
 0002:000004e8 00000008H .CRT$XIA                DATA
 0002:000004f0 00000008H .CRT$XIAA               DATA
 0002:000004f8 00000008H .CRT$XIY                DATA
 0002:00000500 00000008H .CRT$XIZ                DATA
 0002:00000510 0000fa90H .rdata                  DATA
 0002:0000ffa0 00000042H .rdata$debug            DATA
 0002:0000ffe8 00000008H .rtc$IAA                DATA
 0002:0000fff0 00000008H .rtc$IZZ                DATA
 0002:0000fff8 00000008H .rtc$TAA                DATA
 0002:00010000 00000008H .rtc$TZZ                DATA
 0002:00010008 00009684H .xdata                  DATA
 0002:0001968c 00000078H .idata$2                DATA
 0002:00019704 00000014H .idata$3                DATA
 0002:00019718 000004d0H .idata$4                DATA
 0002:00019be8 00000752H .idata$6                DATA
 0002:0001a33a 00000000H .edata                  DATA
 0003:00000000 00014528H .data                   DATA
 0003:00014540 0f5bcde0H .bss                    DATA
 0004:00000000 0000615cH .pdata                  DATA
 0005:00000000 00000250H .rsrc$01                DATA
 0005:00000250 000102f8H .rsrc$02                DATA

  Address         Publics by Value              Rva+Base               Lib:Object

 0000:00000000       ___safe_se_handler_count   0000000000000000     <absolute>
 0000:00000000       ___safe_se_handler_table   0000000000000000     <absolute>
 0000:00000000       __ImageBase                0000000140000000     <linker-defined>
 0001:00000000       ?IncDrawVerts@@YAXXZ       0000000140001000 f   bspfile_abstract.obj
 0001:000000d0       ?SetDrawVerts@@YAXH@Z      00000001400010d0 f   bspfile_abstract.obj
 0001:00000190       ?SetDrawSurfaces@@YAXH@Z   0000000140001190 f   bspfile_abstract.obj
 0001:00000250       ?SwapBSPFile@@YAXXZ        0000000140001250 f   bspfile_abstract.obj
 0001:00000420       ?WriteBSPFile@@YAXPEBD@Z   0000000140001420 f   bspfile_abstract.obj
 0001:000004c0       ?PrintBSPFileSizes@@YAXXZ  00000001400014c0 f   bspfile_abstract.obj
 0001:00000760       ?ParseEPair@@YAPEAUepair_s@@XZ 0000000140001760 f   bspfile_abstract.obj
 0001:000008d0       ?ParseEntity@@YA?AW4qboolean@@XZ 00000001400018d0 f   bspfile_abstract.obj
 0001:000009d0       ?ParseEntities@@YAXXZ      00000001400019d0 f   bspfile_abstract.obj
 0001:00000a70       ?UnparseEntities@@YAXW4qboolean@@@Z 0000000140001a70 f   bspfile_abstract.obj
 0001:00000db0       ?SetKeyValue@@YAXPEAUentity_t@@PEBD1@Z 0000000140001db0 f   bspfile_abstract.obj
 0001:00000f00       ?ValueForKey@@YAPEBDPEBUentity_t@@PEBD@Z 0000000140001f00 f   bspfile_abstract.obj
 0001:00000f70       ?IntForKey@@YAHPEBUentity_t@@PEBD@Z 0000000140001f70 f   bspfile_abstract.obj
 0001:00000ff0       ?FloatForKey@@YAMPEBUentity_t@@PEBD@Z 0000000140001ff0 f   bspfile_abstract.obj
 0001:00001060       ?GetVectorForKey@@YAXPEBUentity_t@@PEBDQEAM@Z 0000000140002060 f   bspfile_abstract.obj
 0001:00001120       ?FindTargetEntity@@YAPEAUentity_t@@PEBD@Z 0000000140002120 f   bspfile_abstract.obj
 0001:000011f0       ?GetEntityShadowFlags@@YAXPEBUentity_t@@0PEAD1@Z 00000001400021f0 f   bspfile_abstract.obj
 0001:00002610       ?LoadIBSPFile@@YAXPEBD@Z   0000000140003610 f   bspfile_ibsp.obj
 0001:00002be0       ?WriteIBSPFile@@YAXPEBD@Z  0000000140003be0 f   bspfile_ibsp.obj
 0001:00003610       ?LoadRBSPFile@@YAXPEBD@Z   0000000140004610 f   bspfile_rbsp.obj
 0001:00003dd0       ?WriteRBSPFile@@YAXPEBD@Z  0000000140004dd0 f   bspfile_rbsp.obj
 0001:000044a0       ?AllocateDiskPage@@YAXPEAUdiskCache_t@@HH@Z 00000001400054a0 f   diskcache.obj
 0001:00004590       ?SelectDiskPage@@YAPEAUcachePage_s@@PEAUdiskCache_t@@H@Z 0000000140005590 f   diskcache.obj
 0001:00004630       ?DeselectDiskPage@@YAXPEAUdiskCache_t@@H@Z 0000000140005630 f   diskcache.obj
 0001:000047c0       ?PNGReadData@@YAXPEAUpng_struct_def@@PEAE_K@Z 00000001400057c0 f   image.obj
 0001:00004c00       ?ImageFind@@YAPEAUimage_s@@PEBD@Z 0000000140005c00 f   image.obj
 0001:00004cf0       ?ImageLoad@@YAPEAUimage_s@@PEBD@Z 0000000140005cf0 f   image.obj
 0001:00005580       ?FixAAS@@YAHHPEAPEAD@Z     0000000140006580 f   main.obj
 0001:00005810       ?AnalyzeBSP@@YAHHPEAPEAD@Z 0000000140006810 f   main.obj
 0001:00005c00       ?BSPInfo@@YAHHPEAPEAD@Z    0000000140006c00 f   main.obj
 0001:00005f40       ?ScaleBSPMain@@YAHHPEAPEAD@Z 0000000140006f40 f   main.obj
 0001:00006f00       ?ConvertBSPMain@@YAHHPEAPEAD@Z 0000000140007f00 f   main.obj
 0001:00007250       main                       0000000140008250 f   main.obj
 0001:00007890       ?LerpDrawVert@@YAXPEAUbspDrawVert_t@@00@Z 0000000140008890 f   mesh.obj
 0001:00007a50       ?LerpDrawVertAmount@@YAXPEAUbspDrawVert_t@@0M0@Z 0000000140008a50 f   mesh.obj
 0001:00007cc0       ?CopyMesh@@YAPEAUmesh_t@@PEAU1@@Z 0000000140008cc0 f   mesh.obj
 0001:00007d40       ?TransposeMesh@@YAPEAUmesh_t@@PEAU1@@Z 0000000140008d40 f   mesh.obj
 0001:00007e40       ?InvertMesh@@YAXPEAUmesh_t@@@Z 0000000140008e40 f   mesh.obj
 0001:00007f80       ?MakeMeshNormals@@YAXUmesh_t@@@Z 0000000140008f80 f   mesh.obj
 0001:00008510       ?PutMeshOnCurve@@YAXUmesh_t@@@Z 0000000140009510 f   mesh.obj
 0001:00008950       ?SubdivideMesh@@YAPEAUmesh_t@@U1@MM@Z 0000000140009950 f   mesh.obj
 0001:00009280       ?IterationsForCurve@@YAHMH@Z 000000014000a280 f   mesh.obj
 0001:00009300       ?SubdivideMesh2@@YAPEAUmesh_t@@U1@H@Z 000000014000a300 f   mesh.obj
 0001:00009850       ?RemoveLinearMeshColumnsRows@@YAPEAUmesh_t@@PEAU1@@Z 000000014000a850 f   mesh.obj
 0001:00009e40       ?PicoPrintFunc@@YAXHPEBD@Z 000000014000ae40 f   model.obj
 0001:00009ec0       ?PicoLoadFileFunc@@YAXPEADPEAPEAEPEAH@Z 000000014000aec0 f   model.obj
 0001:00009ee0       ?FindModel@@YAPEAUpicoModel_s@@PEADH@Z 000000014000aee0 f   model.obj
 0001:00009fb0       ?LoadModel@@YAPEAUpicoModel_s@@PEADH@Z 000000014000afb0 f   model.obj
 0001:0000a0b0       ?InsertModel@@YAXPEADHQEAMMPEAUremap_s@@PEAUshaderInfo_s@@HDDHMHEHW4qboolean@@@Z 000000014000b0b0 f   model.obj
 0001:0000b290       ?LoadTriangleModels@@YAXXZ 000000014000c290 f   model.obj
 0001:0000b4c0       ?AddTriangleModels@@YAXPEAUentity_t@@@Z 000000014000c4c0 f   model.obj
 0001:0000c270       ?TidyShaders@@YAXXZ        000000014000d270 f   optimize.obj
 0001:0000c9d0       ?MergeDrawSurfaces@@YAXXZ  000000014000d9d0 f   optimize.obj
 0001:0000d600       ?MergeDrawVerts@@YAXXZ     000000014000e600 f   optimize.obj
 0001:0000e050       ?OptimizeBSPMain@@YAHHPEAPEAD@Z 000000014000f050 f   optimize.obj
 0001:0000e5e0       ?AllocateEntity@@YAPEAUentity_t@@PEAU1@@Z 000000014000f5e0 f   patchbsp.obj
 0001:0000e660       ?FindMapEntityByUniqueKey@@YAPEAUentity_t@@PEBD@Z 000000014000f660 f   patchbsp.obj
 0001:0000e770       ?PatchEntities@@YAXXZ      000000014000f770 f   patchbsp.obj
 0001:0000ecf0       ?PatchBSPMain@@YAHHPEAPEAD@Z 000000014000fcf0 f   patchbsp.obj
 0001:0000f2c0       ?GetGame@@YAPEAUgame_s@@PEAD@Z 00000001400102c0 f   path_init.obj
 0001:0000f410       ?AddBasePath@@YAXPEAD@Z    0000000140010410 f   path_init.obj
 0001:0000f4b0       ?AddGamePath@@YAXPEAD@Z    00000001400104b0 f   path_init.obj
 0001:0000f550       ?InitPaths@@YAXPEAHPEAPEAD@Z 0000000140010550 f   path_init.obj
 0001:0000fa30       ?ColorModBuildRandomMatrix@@YAXXZ 0000000140010a30 f   shaders.obj
 0001:0000fae0       ?ColorModRandom@@YAMQEAMM@Z 0000000140010ae0 f   shaders.obj
 0001:0000fdb0       ?ColorMod@@YAXPEAUmapDrawSurface_s@@PEAUcolorMod_s@@PEAUbrush_s@@HH@Z 0000000140010db0 f   shaders.obj
 0001:00010520       ?TCModMultiply@@YAXQEAY02M00@Z 0000000140011520 f   shaders.obj
 0001:000106a0       ?TCModRotate@@YAXQEAY02MM@Z 00000001400116a0 f   shaders.obj
 0001:00010790       ?ApplySurfaceParm@@YA?AW4qboolean@@PEADPEAH11@Z 0000000140011790 f   shaders.obj
 0001:000108e0       ?BeginMapShaderFile@@YAXPEBD@Z 00000001400118e0 f   shaders.obj
 0001:00010a30       ?WriteMapShaderFile@@YAXXZ 0000000140011a30 f   shaders.obj
 0001:00010bb0       ?CustomShader@@YAPEAUshaderInfo_s@@PEAU1@PEAD1@Z 0000000140011bb0 f   shaders.obj
 0001:00011260       ?FinishShader@@YAXPEAUshaderInfo_s@@@Z 0000000140012260 f   shaders.obj
 0001:000119a0       ?ShaderInfoForShader@@YAPEAUshaderInfo_s@@PEBD@Z 00000001400129a0 f   shaders.obj
 0001:00011ba0       ?GetTokenAppend@@YA?AW4qboolean@@PEADW41@@Z 0000000140012ba0 f   shaders.obj
 0001:00011ca0       ?Parse1DMatrixAppend@@YAXPEADHPEAM@Z 0000000140012ca0 f   shaders.obj
 0001:00014680       ?LoadShaderInfo@@YAXXZ     0000000140015680 f   shaders.obj
 0001:000149b0       ?SetSurfaceExtra@@YAXPEAUmapDrawSurface_s@@H@Z 00000001400159b0 f   surface_extra.obj
 0001:00014a60       ?WriteSurfaceExtraFile@@YAXPEBD@Z 0000000140015a60 f   surface_extra.obj
 0001:00014df0       ?LoadSurfaceExtraFile@@YAXPEBD@Z 0000000140015df0 f   surface_extra.obj
 0001:000152c0       ?safe_malloc_f@@YAPEAX_K@Z 00000001400162c0 f   cmdlib.obj
 0001:00015300       ?safe_malloc_log@@YAPEAX_KPEBDH@Z 0000000140016300 f   cmdlib.obj
 0001:00015450       ?safe_malloc_logend@@YAXXZ 0000000140016450 f   cmdlib.obj
 0001:000154f0       ?ExpandArg@@YAPEADPEBD@Z   00000001400164f0 f   cmdlib.obj
 0001:00015580       ?ExpandPath@@YAPEADPEBD@Z  0000000140016580 f   cmdlib.obj
 0001:000155f0       ?Q_getwd@@YAXPEAD@Z        00000001400165f0 f   cmdlib.obj
 0001:00015650       ?LoadFile@@YAHPEBDPEAPEAX@Z 0000000140016650 f   cmdlib.obj
 0001:00015740       ?DefaultExtension@@YAXPEADPEBD@Z 0000000140016740 f   cmdlib.obj
 0001:000157b0       ?LBMRLEDecompress@@YAPEAEPEAE0H@Z 00000001400167b0 f   imagelib.obj
 0001:00015880       ?LoadLBM@@YAXPEBDPEAPEAE1@Z 0000000140016880 f   imagelib.obj
 0001:00015c70       ?LoadPCX@@YAXPEBDPEAPEAE1PEAH2@Z 0000000140016c70 f   imagelib.obj
 0001:00015f10       ?LoadBMP@@YAXPEBDPEAPEAE1PEAH2@Z 0000000140016f10 f   imagelib.obj
 0001:00016530       ?Load256Image@@YAXPEBDPEAPEAE1PEAH2@Z 0000000140017530 f   imagelib.obj
 0001:00016740       ?TargaError@@YAXPEAU_TargaHeader@@PEBD@Z 0000000140017740 f   imagelib.obj
 0001:000167f0       ?LoadTGABuffer@@YAXPEBE0PEAPEAEPEAH2@Z 00000001400177f0 f   imagelib.obj
 0001:00016ec0       ?LoadTGA@@YAXPEBDPEAPEAEPEAH2@Z 0000000140017ec0 f   imagelib.obj
 0001:00016f50       ?WriteTGA@@YAXPEBDPEAEHH@Z 0000000140017f50 f   imagelib.obj
 0001:00017060       ?Load32BitImage@@YAXPEBDPEAPEAIPEAH2@Z 0000000140018060 f   imagelib.obj
 0001:00017210       ?xml_SendNode@@YAXPEAU_xmlNode@@@Z 0000000140018210 f   inout.obj
 0001:00017330       ?xml_Select@@YAXPEADHHW4qboolean@@@Z 0000000140018330 f   inout.obj
 0001:00017470       ?xml_Winding@@YAXPEADQEAY02MHW4qboolean@@@Z 0000000140018470 f   inout.obj
 0001:00017610       ?Broadcast_Shutdown@@YAXXZ 0000000140018610 f   inout.obj
 0001:00017650       ?Sys_FPrintf@@YAXHPEBDZZ   0000000140018650 f   inout.obj
 0001:00017780       ?Sys_Printf@@YAXPEBDZZ     0000000140018780 f   inout.obj
 0001:00017880       ?Error@@YAXPEBDZZ          0000000140018880 f   inout.obj
 0001:000179d0       ?MD4Update@@YAXPEAUMD4_CTX_s@@PEAEI@Z 00000001400189d0 f   md4.obj
 0001:00017aa0       ?MD4Final@@YAXQEAEPEAUMD4_CTX_s@@@Z 0000000140018aa0 f   md4.obj
 0001:00018150       ?AllocWinding@@YAPEAUwinding_t@@H@Z 0000000140019150 f   polylib.obj
 0001:000181f0       ?FreeWinding@@YAXPEAUwinding_t@@@Z 00000001400191f0 f   polylib.obj
 0001:00018230       ?WindingArea@@YAMPEAUwinding_t@@@Z 0000000140019230 f   polylib.obj
 0001:00018390       ?BaseWindingForPlane@@YAPEAUwinding_t@@QEAMM@Z 0000000140019390 f   polylib.obj
 0001:000186f0       ?ReverseWinding@@YAPEAUwinding_t@@PEAU1@@Z 00000001400196f0 f   polylib.obj
 0001:00018800       ?ClipWindingEpsilon@@YAXPEAUwinding_t@@QEAMMMPEAPEAU1@2@Z 0000000140019800 f   polylib.obj
 0001:00018c80       ?ChopWindingInPlace@@YAXPEAPEAUwinding_t@@QEAMMM@Z 0000000140019c80 f   polylib.obj
 0001:00019040       ?WindingOnPlaneSide@@YAHPEAUwinding_t@@QEAMM@Z 000000014001a040 f   polylib.obj
 0001:00019160       ?AddWindingToConvexHull@@YAXPEAUwinding_t@@PEAPEAU1@QEAM@Z 000000014001a160 f   polylib.obj
 0001:000197b0       ?AddScriptToStack@@YAXPEBDH@Z 000000014001a7b0 f   scriplib.obj
 0001:000198b0       ?EndOfScript@@YA?AW4qboolean@@W41@@Z 000000014001a8b0 f   scriplib.obj
 0001:00019990       ?GetToken@@YA?AW4qboolean@@W41@@Z 000000014001a990 f   scriplib.obj
 0001:00019cc0       ?TokenAvailable@@YA?AW4qboolean@@XZ 000000014001acc0 f   scriplib.obj
 0001:00019d00       ?MatchToken@@YAXPEAD@Z     000000014001ad00 f   scriplib.obj
 0001:00019d60       ?Parse1DMatrix@@YAXHPEAM@Z 000000014001ad60 f   scriplib.obj
 0001:00019e50       ?Parse2DMatrix@@YAXHHPEAM@Z 000000014001ae50 f   scriplib.obj
 0001:00019f20       ?GetThreadWork@@YAHXZ      000000014001af20 f   threads.obj
 0001:0001a060       ?ThreadWorkerFunction@@YAXH@Z 000000014001b060 f   threads.obj
 0001:0001a090       ?RunThreadsOnIndividual@@YAXHW4qboolean@@P6AXH@Z@Z 000000014001b090 f   threads.obj
 0001:0001a110       ?RunThreadsOn@@YAXHW4qboolean@@P6AXH@Z@Z 000000014001b110 f   threads.obj
 0001:0001a3d0       ?unzOpen@@YAPEAXPEBD@Z     000000014001b3d0 f   unzip.obj
 0001:0001a980       ?unzGoToFirstFile@@YAHPEAX@Z 000000014001b980 f   unzip.obj
 0001:0001a9e0       ?unzGoToNextFile@@YAHPEAX@Z 000000014001b9e0 f   unzip.obj
 0001:0001ac60       ?unzOpenCurrentFile@@YAHPEAX@Z 000000014001bc60 f   unzip.obj
 0001:0001ade0       ?unzReadCurrentFile@@YAHPEAX0I@Z 000000014001bde0 f   unzip.obj
 0001:0001b010       ?unzCloseCurrentFile@@YAHPEAX@Z 000000014001c010 f   unzip.obj
 0001:0001b0c0       ?crc32@@YAKKPEBEI@Z        000000014001c0c0 f   unzip.obj
 0001:0001b210       ?inflate_blocks_reset@@YAXPEAUinflate_blocks_state@@PEAUz_stream_s@@PEAK@Z 000000014001c210 f   unzip.obj
 0001:0001b290       ?inflate_blocks_new@@YAPEAUinflate_blocks_state@@PEAUz_stream_s@@P6AKKPEBEI@ZI@Z 000000014001c290 f   unzip.obj
 0001:0001b370       ?inflate_blocks@@YAHPEAUinflate_blocks_state@@PEAUz_stream_s@@H@Z 000000014001c370 f   unzip.obj
 0001:0001bf50       ?inflate_blocks_free@@YAHPEAUinflate_blocks_state@@PEAUz_stream_s@@@Z 000000014001cf50 f   unzip.obj
 0001:0001bff0       ?inflate_flush@@YAHPEAUinflate_blocks_state@@PEAUz_stream_s@@H@Z 000000014001cff0 f   unzip.obj
 0001:0001c610       ?inflate_trees_bits@@YAHPEAI0PEAPEAUinflate_huft_s@@PEAU1@PEAUz_stream_s@@@Z 000000014001d610 f   unzip.obj
 0001:0001c6f0       ?inflate_fast@@YAHIIPEAUinflate_huft_s@@0PEAUinflate_blocks_state@@PEAUz_stream_s@@@Z 000000014001d6f0 f   unzip.obj
 0001:0001ca80       ?inflate_codes_new@@YAPEAUinflate_codes_state@@IIPEAUinflate_huft_s@@0PEAUz_stream_s@@@Z 000000014001da80 f   unzip.obj
 0001:0001caf0       ?inflate_codes@@YAHPEAUinflate_blocks_state@@PEAUz_stream_s@@H@Z 000000014001daf0 f   unzip.obj
 0001:0001d0f0       ?adler32@@YAKKPEBEI@Z      000000014001e0f0 f   unzip.obj
 0001:0001d260       ?inflateReset@@YAHPEAUz_stream_s@@@Z 000000014001e260 f   unzip.obj
 0001:0001d320       ?inflateEnd@@YAHPEAUz_stream_s@@@Z 000000014001e320 f   unzip.obj
 0001:0001d380       ?inflateInit2_@@YAHPEAUz_stream_s@@HPEBDH@Z 000000014001e380 f   unzip.obj
 0001:0001d470       ?inflate@@YAHPEAUz_stream_s@@H@Z 000000014001e470 f   unzip.obj
 0001:0001d8f0       ?zcalloc@@YAPEAEPEAEII@Z   000000014001e8f0 f   unzip.obj
 0001:0001d910       ?zcfree@@YAXPEAE0@Z        000000014001e910 f   unzip.obj
 0001:0001dab0       ?vfsInitDirectory@@YAXPEBD@Z 000000014001eab0 f   vfs.obj
 0001:0001dc80       ?vfsGetFileCount@@YAHPEBD@Z 000000014001ec80 f   vfs.obj
 0001:0001de00       ?vfsLoadFile@@YAHPEBDPEAPEAXH@Z 000000014001ee00 f   vfs.obj
 0001:0001e150       ?AllocSideRef@@YAPEAUsideRef_s@@PEAUside_s@@PEAU1@@Z 000000014001f150 f   brush.obj
 0001:0001e1a0       ?AllocBrush@@YAPEAUbrush_s@@H@Z 000000014001f1a0 f   brush.obj
 0001:0001e220       ?FreeBrush@@YAXPEAUbrush_s@@@Z 000000014001f220 f   brush.obj
 0001:0001e310       ?CopyBrush@@YAPEAUbrush_s@@PEAU1@@Z 000000014001f310 f   brush.obj
 0001:0001e3e0       ?BoundBrush@@YA?AW4qboolean@@PEAUbrush_s@@@Z 000000014001f3e0 f   brush.obj
 0001:0001e4d0       ?SnapWeldVector@@YAXQEAM00@Z 000000014001f4d0 f   brush.obj
 0001:0001e610       ?FixWinding@@YA?AW4qboolean@@PEAUwinding_t@@@Z 000000014001f610 f   brush.obj
 0001:0001e780       ?CreateBrushWindings@@YA?AW4qboolean@@PEAUbrush_s@@@Z 000000014001f780 f   brush.obj
 0001:0001e8e0       ?BrushVolume@@YAMPEAUbrush_s@@@Z 000000014001f8e0 f   brush.obj
 0001:0001ea10       ?WriteBSPBrushMap@@YAXPEADPEAUbrush_s@@@Z 000000014001fa10 f   brush.obj
 0001:0001ebf0       ?FilterBrushIntoTree_r@@YAHPEAUbrush_s@@PEAUnode_s@@@Z 000000014001fbf0 f   brush.obj
 0001:0001ecc0       ?FilterDetailBrushesIntoTree@@YAXPEAUentity_t@@PEAUtree_t@@@Z 000000014001fcc0 f   brush.obj
 0001:0001ed90       ?FilterStructuralBrushesIntoTree@@YAXPEAUentity_t@@PEAUtree_t@@@Z 000000014001fd90 f   brush.obj
 0001:0001ee60       ?WindingIsTiny@@YA?AW4qboolean@@PEAUwinding_t@@@Z 000000014001fe60 f   brush.obj
 0001:0001ef40       ?BrushMostlyOnSide@@YAHPEAUbrush_s@@PEAUplane_s@@@Z 000000014001ff40 f   brush.obj
 0001:0001f1c0       ?SplitBrush@@YAXPEAUbrush_s@@HPEAPEAU1@1@Z 00000001400201c0 f   brush.obj
 0001:0001f970       ?ComputeAxisBase@@YAXQEAM00@Z 0000000140020970 f   brush_primit.obj
 0001:0001fad0       ?SetCloneModelNumbers@@YAXXZ 0000000140020ad0 f   bsp.obj
 0001:0001ff10       ?ProcessWorldModel@@YAXXZ  0000000140020f10 f   bsp.obj
 0001:00020ac0       ?ProcessSubModel@@YAXXZ    0000000140021ac0 f   bsp.obj
 0001:00020d50       ?ProcessModels@@YAXXZ      0000000140021d50 f   bsp.obj
 0001:00020f30       ?BSPMain@@YAHHPEAPEAD@Z    0000000140021f30 f   bsp.obj
 0001:00022f40       ?ProcessDecals@@YAXXZ      0000000140023f40 f   decals.obj
 0001:00024410       ?MakeEntityDecals@@YAXPEAUentity_t@@@Z 0000000140025410 f   decals.obj
 0001:000247c0       ?FreeNode@@YAXPEAUdnode_s@@@Z 00000001400257c0 f   decorations.obj
 0001:00024830       ?FreeNodesArray@@YAXPEAUdnode_s@@H@Z 0000000140025830 f   decorations.obj
 0001:00024930       ?EntityArrayAdd@@YAXPEAUdgroupents_s@@PEAUentity_t@@@Z 0000000140025930 f   decorations.obj
 0001:000249f0       ?NewDecoreGroup@@YAPEAUdgroup_s@@PEADW4decoreMatchParm_t@@@Z 00000001400259f0 f   decorations.obj
 0001:00024b10       ?PopulateDecoreGroup@@YA?AW4qboolean@@PEAUentity_t@@W4decoreMatchParm_t@@PEAD@Z 0000000140025b10 f   decorations.obj
 0001:00024c10       ?DecoreParseActions@@YAXPEAUdactions_s@@@Z 0000000140025c10 f   decorations.obj
 0001:00025250       ?EntityPopulateDecorationGroups@@YAXH@Z 0000000140026250 f   decorations.obj
 0001:000252c0       ?LoadDecorationScript@@YAXXZ 00000001400262c0 f   decorations.obj
 0001:00025ac0       ?EntityProcessActions@@YAXPEAUentity_t@@PEAUdactions_s@@@Z 0000000140026ac0 f   decorations.obj
 0001:00025c90       ?ImportRtlights@@YAXXZ     0000000140026c90 f   decorations.obj
 0001:00026650       ?ShuffleTestNode@@YAXH@Z   0000000140027650 f   decorations.obj
 0001:00026780       ?ProcessDecorationGroup@@YAXH@Z 0000000140027780 f   decorations.obj
 0001:00026d80       ?ProcessDecorations@@YAXXZ 0000000140027d80 f   decorations.obj
 0001:000272c0       ?BuildFaceTree_r@@YAXPEAUnode_s@@PEAUface_s@@@Z 00000001400282c0 f   facebsp.obj
 0001:00027690       ?FaceBSP@@YAPEAUtree_t@@PEAUface_s@@@Z 0000000140028690 f   facebsp.obj
 0001:00027830       ?MakeStructuralBSPFaceList@@YAPEAUface_s@@PEAUbrush_s@@@Z 0000000140028830 f   facebsp.obj
 0001:00027990       ?MakeVisibleBSPFaceList@@YAPEAUface_s@@PEAUbrush_s@@@Z 0000000140028990 f   facebsp.obj
 0001:00027af0       ?DrawSurfToMesh@@YAPEAUmesh_t@@PEAUmapDrawSurface_s@@@Z 0000000140028af0 f   fog.obj
 0001:00027b90       ?SplitMeshByPlane@@YAXPEAUmesh_t@@QEAMMPEAPEAU1@2@Z 0000000140028b90 f   fog.obj
 0001:00028330       ?ChopPatchSurfaceByBrush@@YA?AW4qboolean@@PEAUentity_t@@PEAUmapDrawSurface_s@@PEAUbrush_s@@@Z 0000000140029330 f   fog.obj
 0001:00028590       ?WindingFromDrawSurf@@YAPEAUwinding_t@@PEAUmapDrawSurface_s@@@Z 0000000140029590 f   fog.obj
 0001:000287d0       ?ChopFaceSurfaceByBrush@@YA?AW4qboolean@@PEAUentity_t@@PEAUmapDrawSurface_s@@PEAUbrush_s@@@Z 00000001400297d0 f   fog.obj
 0001:00028b30       ?FogDrawSurfaces@@YAXPEAUentity_t@@@Z 0000000140029b30 f   fog.obj
 0001:00028d40       ?FogForBounds@@YAHQEAM0M@Z 0000000140029d40 f   fog.obj
 0001:00028ec0       ?CreateMapFogs@@YAXXZ      0000000140029ec0 f   fog.obj
 0001:00029200       ?LeakFile@@YAPEAU_xmlNode@@PEAUtree_t@@@Z 000000014002a200 f   leakfile.obj
 0001:00029680       ?CreateNewFloatPlane@@YAHQEAMM@Z 000000014002a680 f   map.obj
 0001:00029880       ?SnapNormal@@YAXQEAM@Z     000000014002a880 f   map.obj
 0001:00029920       ?FindFloatPlane@@YAHQEAMMHPEAY02M@Z 000000014002a920 f   map.obj
 0001:00029c70       ?MapPlaneFromPoints@@YAHPEAY02M@Z 000000014002ac70 f   map.obj
 0001:00029d60       ?SetBrushContents@@YAXPEAUbrush_s@@@Z 000000014002ad60 f   map.obj
 0001:00029e50       ?AddBrushBevels@@YAXXZ     000000014002ae50 f   map.obj
 0001:0002aba0       ?FinishBrush@@YAPEAUbrush_s@@XZ 000000014002bba0 f   map.obj
 0001:0002adc0       ?TextureAxisFromPlane@@YAXPEAUplane_s@@QEAM1@Z 000000014002bdc0 f   map.obj
 0001:0002af90       ?QuakeTextureVecs@@YAXPEAUplane_s@@QEAMM1QEAY03M@Z 000000014002bf90 f   map.obj
 0001:0002b840       ?RemoveDuplicateBrushPlanes@@YA?AW4qboolean@@PEAUbrush_s@@@Z 000000014002c840 f   map.obj
 0001:0002bd60       ?MoveBrushesToWorld@@YAXPEAUentity_t@@@Z 000000014002cd60 f   map.obj
 0001:0002be60       ?AdjustBrushesForOrigin@@YAXPEAUentity_t@@@Z 000000014002ce60 f   map.obj
 0001:0002bfb0       ?SetEntityBounds@@YAXPEAUentity_t@@@Z 000000014002cfb0 f   map.obj
 0001:0002c340       ?LoadEntityIndexMap@@YAXPEAUentity_t@@@Z 000000014002d340 f   map.obj
 0001:0002d040       ?LoadMapFile@@YAXPEADW4qboolean@@1@Z 000000014002e040 f   map.obj
 0001:0002df50       ?ParsePatch@@YAXW4qboolean@@@Z 000000014002ef50 f   patch.obj
 0001:0002e730       ?PatchMapDrawSurfs@@YAXPEAUentity_t@@@Z 000000014002f730 f   patch.obj
 0001:0002ecf0       ?MakeHeadnodePortals@@YAXPEAUtree_t@@@Z 000000014002fcf0 f   portals.obj
 0001:0002eff0       ?BaseWindingForNode@@YAPEAUwinding_t@@PEAUnode_s@@@Z 000000014002fff0 f   portals.obj
 0001:0002f100       ?MakeNodePortal@@YAXPEAUnode_s@@@Z 0000000140030100 f   portals.obj
 0001:0002f340       ?SplitNodePortals@@YAXPEAUnode_s@@@Z 0000000140030340 f   portals.obj
 0001:0002fab0       ?CalcNodeBounds@@YAXPEAUnode_s@@@Z 0000000140030ab0 f   portals.obj
 0001:0002fb40       ?MakeTreePortals_r@@YAXPEAUnode_s@@@Z 0000000140030b40 f   portals.obj
 0001:0002fc60       ?FloodPortals_r@@YAXPEAUnode_s@@HW4qboolean@@@Z 0000000140030c60 f   portals.obj
 0001:0002fd00       ?FloodEntities@@YA?AW4qboolean@@PEAUtree_t@@@Z 0000000140030d00 f   portals.obj
 0001:000302d0       ?FloodAreas_r@@YAXPEAUnode_s@@@Z 00000001400312d0 f   portals.obj
 0001:00030410       ?FindAreas_r@@YAXPEAUnode_s@@@Z 0000000140031410 f   portals.obj
 0001:00030460       ?FloodSkyboxArea_r@@YAXPEAUnode_s@@@Z 0000000140031460 f   portals.obj
 0001:000304b0       ?FloodAreas@@YAXPEAUtree_t@@@Z 00000001400314b0 f   portals.obj
 0001:00030560       ?FillOutside_r@@YAXPEAUnode_s@@@Z 0000000140031560 f   portals.obj
 0001:000305c0       ?FillOutside@@YAXPEAUnode_s@@@Z 00000001400315c0 f   portals.obj
 0001:00030680       ?WriteFloat@@YAXPEAU_iobuf@@M@Z 0000000140031680 f   prtfile.obj
 0001:00030710       ?WritePortalFile_r@@YAXPEAUnode_s@@@Z 0000000140031710 f   prtfile.obj
 0001:00030a30       ?WriteFaceFile_r@@YAXPEAUnode_s@@@Z 0000000140031a30 f   prtfile.obj
 0001:00030c70       ?NumberLeafs_r@@YAXPEAUnode_s@@@Z 0000000140031c70 f   prtfile.obj
 0001:00030da0       ?NumberClusters@@YAXPEAUtree_t@@@Z 0000000140031da0 f   prtfile.obj
 0001:00030e20       ?WritePortalFile@@YAXPEAUtree_t@@@Z 0000000140031e20 f   prtfile.obj
 0001:00030f20       ?AllocDrawSurface@@YAPEAUmapDrawSurface_s@@W4surfaceType_t@@@Z 0000000140031f20 f   surface.obj
 0001:00030fd0       ?FinishSurface@@YAXPEAUmapDrawSurface_s@@@Z 0000000140031fd0 f   surface.obj
 0001:00031090       ?CloneSurface@@YAPEAUmapDrawSurface_s@@PEAU1@PEAUshaderInfo_s@@@Z 0000000140032090 f   surface.obj
 0001:00031190       ?MakeSkyboxSurface@@YAPEAUmapDrawSurface_s@@PEAU1@@Z 0000000140032190 f   surface.obj
 0001:00031210       ?IsTriangleDegenerate@@YA?AW4qboolean@@PEAUbspDrawVert_t@@HHH@Z 0000000140032210 f   surface.obj
 0001:00031300       ?ClearSurface@@YAXPEAUmapDrawSurface_s@@@Z 0000000140032300 f   surface.obj
 0001:00031360       ?TidyEntitySurfaces@@YAXPEAUentity_t@@@Z 0000000140032360 f   surface.obj
 0001:000314e0       ?CalcSurfaceTextureRange@@YA?AW4qboolean@@PEAUmapDrawSurface_s@@@Z 00000001400324e0 f   surface.obj
 0001:00031740       ?CalcLightmapAxis@@YA?AW4qboolean@@QEAM0@Z 0000000140032740 f   surface.obj
 0001:00031850       ?ClassifySurfaces@@YAXHPEAUmapDrawSurface_s@@@Z 0000000140032850 f   surface.obj
 0001:00031cf0       ?ClassifyEntitySurfaces@@YAXPEAUentity_t@@@Z 0000000140032cf0 f   surface.obj
 0001:00031d70       ?GetShaderIndexForPoint@@YAEPEAUindexMap_s@@QEAM11@Z 0000000140032d70 f   surface.obj
 0001:00031e60       ?GetIndexedShader@@YAPEAUshaderInfo_s@@PEAU1@PEAUindexMap_s@@HPEAE@Z 0000000140032e60 f   surface.obj
 0001:000320b0       ?DrawSurfaceForSide@@YAPEAUmapDrawSurface_s@@PEAUentity_t@@PEAUbrush_s@@PEAUside_s@@PEAUwinding_t@@@Z 00000001400330b0 f   surface.obj
 0001:00032ae0       ?DrawSurfaceForMesh@@YAPEAUmapDrawSurface_s@@PEAUentity_t@@PEAUparseMesh_s@@PEAUmesh_t@@@Z 0000000140033ae0 f   surface.obj
 0001:000335b0       ?DrawSurfaceForFlare@@YAPEAUmapDrawSurface_s@@HQEAM00PEADH@Z 00000001400345b0 f   surface.obj
 0001:00033b00       ?SubdivideFaceSurfaces@@YAXPEAUentity_t@@PEAUtree_t@@@Z 0000000140034b00 f   surface.obj
 0001:00033e60       ?ClipSideIntoTree_r@@YAXPEAUwinding_t@@PEAUside_s@@PEAUnode_s@@@Z 0000000140034e60 f   surface.obj
 0001:00033f70       ?SideInBrush@@YA?AW4qboolean@@PEAUside_s@@PEAUbrush_s@@@Z 0000000140034f70 f   surface.obj
 0001:00034060       ?CullSides@@YAXPEAUentity_t@@@Z 0000000140035060 f   surface.obj
 0001:00034680       ?ClipSidesIntoTree@@YAXPEAUentity_t@@PEAUtree_t@@@Z 0000000140035680 f   surface.obj
 0001:00034830       ?AddReferenceToLeaf@@YAHPEAUmapDrawSurface_s@@PEAUnode_s@@@Z 0000000140035830 f   surface.obj
 0001:000348e0       ?AddReferenceToTree_r@@YAHPEAUmapDrawSurface_s@@PEAUnode_s@@W4qboolean@@@Z 00000001400358e0 f   surface.obj
 0001:000349b0       ?FilterPointIntoTree_r@@YAHQEAMPEAUmapDrawSurface_s@@PEAUnode_s@@@Z 00000001400359b0 f   surface.obj
 0001:00034a90       ?FilterWindingIntoTree_r@@YAHPEAUwinding_t@@PEAUmapDrawSurface_s@@PEAUnode_s@@@Z 0000000140035a90 f   surface.obj
 0001:000358a0       ?EmitDrawVerts@@YAXPEAUmapDrawSurface_s@@PEAUbspDrawSurface_t@@@Z 00000001400368a0 f   surface.obj
 0001:00035aa0       ?FindDrawIndexes@@YAHHPEAH@Z 0000000140036aa0 f   surface.obj
 0001:00035c00       ?EmitDrawIndexes@@YAXPEAUmapDrawSurface_s@@PEAUbspDrawSurface_t@@@Z 0000000140036c00 f   surface.obj
 0001:00035ce0       ?EmitFlareSurface@@YAXPEAUmapDrawSurface_s@@@Z 0000000140036ce0 f   surface.obj
 0001:00035e20       ?EmitPatchSurface@@YAXPEAUentity_t@@PEAUmapDrawSurface_s@@@Z 0000000140036e20 f   surface.obj
 0001:000370a0       ?MakeFogHullSurfs@@YAXPEAUentity_t@@PEAUtree_t@@PEAD@Z 00000001400380a0 f   surface.obj
 0001:00037470       ?AddSurfaceModelsToTriangle_r@@YAHPEAUmapDrawSurface_s@@PEAUsurfaceModel_s@@PEAPEAUbspDrawVert_t@@@Z 0000000140038470 f   surface.obj
 0001:00037a40       ?AddSurfaceModels@@YAHPEAUmapDrawSurface_s@@@Z 0000000140038a40 f   surface.obj
 0001:00038470       ?FixDrawsurfVertexAlpha@@YAXH@Z 0000000140039470 f   surface.obj
 0001:00038af0       ?FixVertexAlpha@@YAXPEAUentity_t@@W4qboolean@@@Z 0000000140039af0 f   surface.obj
 0001:00038c60       ?ApplyVolumeMods@@YAXPEAUentity_t@@W4qboolean@@@Z 0000000140039c60 f   surface.obj
 0001:00038ea0       ?FilterDrawsurfsIntoTree@@YAXPEAUentity_t@@PEAUtree_t@@W4qboolean@@@Z 0000000140039ea0 f   surface.obj
 0001:00039460       ?EmitDrawsurfsStats@@YAXXZ 000000014003a460 f   surface.obj
 0001:000399a0       ?Foliage@@YAXPEAUmapDrawSurface_s@@@Z 000000014003a9a0 f   surface_foliage.obj
 0001:00039f90       ?Fur@@YAXPEAUmapDrawSurface_s@@@Z 000000014003af90 f   surface_fur.obj
 0001:0003a3a0       ?FindMetaTriangle@@YAHPEAUmetaTriangle_s@@PEAUbspDrawVert_t@@11H@Z 000000014003b3a0 f   surface_meta.obj
 0001:0003a880       ?TriangulatePatchSurface@@YAXPEAUentity_t@@PEAUmapDrawSurface_s@@@Z 000000014003b880 f   surface_meta.obj
 0001:0003ada0       ?FanFaceSurface@@YAXPEAUmapDrawSurface_s@@@Z 000000014003bda0 f   surface_meta.obj
 0001:0003b160       ?StripFaceSurface@@YAXPEAUmapDrawSurface_s@@@Z 000000014003c160 f   surface_meta.obj
 0001:0003b470       ?EmitMetaStats@@YAXXZ      000000014003c470 f   surface_meta.obj
 0001:0003b520       ?MakeEntityMetaTriangles@@YAXPEAUentity_t@@@Z 000000014003c520 f   surface_meta.obj
 0001:0003b730       ?SmoothMetaTriangles@@YAXXZ 000000014003c730 f   surface_meta.obj
 0001:0003c100       ?AddMetaVertToSurface@@YAHPEAUmapDrawSurface_s@@PEAUbspDrawVert_t@@PEAH@Z 000000014003d100 f   surface_meta.obj
 0001:0003cd80       ?MergeMetaTriangles@@YAXXZ 000000014003dd80 f   surface_meta.obj
 0001:0003cf20       ?InsertPointOnEdge@@YAXQEAMPEAUedgeLine_s@@@Z 000000014003df20 f   tjunction.obj
 0001:0003d050       ?AddEdge@@YAHQEAM0W4qboolean@@@Z 000000014003e050 f   tjunction.obj
 0001:0003d510       ?AddSurfaceEdges@@YAXPEAUmapDrawSurface_s@@@Z 000000014003e510 f   tjunction.obj
 0001:0003d5a0       ?ColinearEdge@@YA?AW4qboolean@@QEAM00@Z 000000014003e5a0 f   tjunction.obj
 0001:0003d6c0       ?AddPatchEdges@@YAXPEAUmapDrawSurface_s@@@Z 000000014003e6c0 f   tjunction.obj
 0001:0003d890       ?FixSurfaceJunctions@@YAXPEAUmapDrawSurface_s@@@Z 000000014003e890 f   tjunction.obj
 0001:0003de60       ?FixBrokenSurface@@YA?AW4qboolean@@PEAUmapDrawSurface_s@@@Z 000000014003ee60 f   tjunction.obj
 0001:0003e1b0       ?EdgeCompare@@YAHPEBX0@Z   000000014003f1b0 f   tjunction.obj
 0001:0003e1c0       ?FixTJunctions@@YAXPEAUentity_t@@@Z 000000014003f1c0 f   tjunction.obj
 0001:0003e480       ?FreeTreePortals_r@@YAXPEAUnode_s@@@Z 000000014003f480 f   tree.obj
 0001:0003e610       ?FreeTree_r@@YAXPEAUnode_s@@@Z 000000014003f610 f   tree.obj
 0001:0003e670       ?FreeTree@@YAXPEAUtree_t@@@Z 000000014003f670 f   tree.obj
 0001:0003e6f0       ?EmitShader@@YAHPEBDPEAH1@Z 000000014003f6f0 f   writebsp.obj
 0001:0003e860       ?EmitPlanes@@YAXXZ         000000014003f860 f   writebsp.obj
 0001:0003e9b0       ?EmitLeaf@@YAXPEAUnode_s@@@Z 000000014003f9b0 f   writebsp.obj
 0001:0003eb10       ?EmitDrawNode_r@@YAHPEAUnode_s@@@Z 000000014003fb10 f   writebsp.obj
 0001:0003ec40       ?SetModelNumbers@@YAXXZ    000000014003fc40 f   writebsp.obj
 0001:0003ece0       ?SetLightStyles@@YAXXZ     000000014003fce0 f   writebsp.obj
 0001:0003f030       ?EndBSPFile@@YAXXZ         0000000140040030 f   writebsp.obj
 0001:0003f120       ?EmitBrushes@@YAXPEAUbrush_s@@PEAH1@Z 0000000140040120 f   writebsp.obj
 0001:0003f410       ?EmitFogs@@YAXXZ           0000000140040410 f   writebsp.obj
 0001:0003f530       ?BeginModel@@YAXXZ         0000000140040530 f   writebsp.obj
 0001:0003f890       ?EndModel@@YAXPEAUentity_t@@PEAUnode_s@@@Z 0000000140040890 f   writebsp.obj
 0001:0003fe90       ?CreateEntityLights@@YAXXZ 0000000140040e90 f   light.obj
 0001:00040ca0       ?CreateSurfaceLights@@YAXXZ 0000000140041ca0 f   light.obj
 0001:00041010       ?SetEntityOrigins@@YAXXZ   0000000140042010 f   light.obj
 0001:00041290       ?PointToPolygonFormFactor@@YAMQEBM0PEBUwinding_t@@@Z 0000000140042290 f   light.obj
 0001:00041550       ?LightContribution@@YAHPEAUtrace_t@@HW4qboolean@@@Z 0000000140042550 f   light.obj
 0001:00041ce0       ?LightContributionAllStyles@@YAXPEAUtrace_t@@QEAEQEAY02MHW4qboolean@@@Z 0000000140042ce0 f   light.obj
 0001:00041f80       ?TraceGrid@@YAXH@Z         0000000140042f80 f   light.obj
 0001:000428a0       ?SetupGrid@@YAXXZ          00000001400438a0 f   light.obj
 0001:00042cf0       ?LightWorld@@YAXXZ         0000000140043cf0 f   light.obj
 0001:00043af0       ?LightMain@@YAHHPEAPEAD@Z  0000000140044af0 f   light.obj
 0001:00045db0       ?RadFreeLights@@YAXXZ      0000000140046db0 f   light_bounce.obj
 0001:000462b0       ?RadSampleImage@@YA?AW4qboolean@@PEAEHHQEAM1@Z 00000001400472b0 f   light_bounce.obj
 0001:00047480       ?RadLightForTriangles@@YAXHHPEAUrawLightmap_s@@PEAUshaderInfo_s@@MMPEAUclipWork_t@@@Z 0000000140048480 f   light_bounce.obj
 0001:000476d0       ?RadLightForPatch@@YAXHHPEAUrawLightmap_s@@PEAUshaderInfo_s@@MMPEAUclipWork_t@@@Z 00000001400486d0 f   light_bounce.obj
 0001:00047ca0       ?RadLight@@YAXH@Z          0000000140048ca0 f   light_bounce.obj
 0001:00047ed0       ?RadCreateDiffuseLights@@YAXXZ 0000000140048ed0 f   light_bounce.obj
 0001:000487a0       ?ClipTraceWinding@@YAXPEAUtraceWinding_s@@QEAM00@Z 00000001400497a0 f   light_trace.obj
 0001:0004a610       ?SetupTraceNodes@@YAXXZ    000000014004b610 f   light_trace.obj
 0001:0004a840       ?TraceTriangle@@YA?AW4qboolean@@PEAUtraceInfo_s@@PEAUtraceTriangle_s@@PEAUtrace_t@@@Z 000000014004b840 f   light_trace.obj
 0001:0004b1f0       ?TraceLine@@YAXPEAUtrace_t@@@Z 000000014004c1f0 f   light_trace.obj
 0001:0004b3d0       ?SetupTrace@@YAMPEAUtrace_t@@@Z 000000014004c3d0 f   light_trace.obj
 0001:0004b450       ?ColorToBytes@@YAXPEBMPEAEM@Z 000000014004c450 f   light_ydnar.obj
 0001:0004b680       ?SmoothNormals@@YAXXZ      000000014004c680 f   light_ydnar.obj
 0001:0004dba0       ?MapRawLightmap@@YAXH@Z    000000014004eba0 f   light_ydnar.obj
 0001:0004e990       ?EnableDirtForEntity@@YAXH@Z 000000014004f990 f   light_ydnar.obj
 0001:0004ea30       ?SetupDirtForEntity@@YAXH@Z 000000014004fa30 f   light_ydnar.obj
 0001:0004f1c0       ?SetupDirt@@YAXXZ          00000001400501c0 f   light_ydnar.obj
 0001:0004f470       ?DirtForSample@@YAMPEAUtrace_t@@H@Z 0000000140050470 f   light_ydnar.obj
 0001:0004fd70       ?DirtyRawLightmap@@YAXH@Z  0000000140050d70 f   light_ydnar.obj
 0001:00050400       ?ApplyDirt@@YAXPEAM000HMM@Z 0000000140051400 f   light_ydnar.obj
 0001:000509c0       ?SkyLightAmbientIlluminateLightmap@@YAXPEAUrawLightmap_s@@@Z 00000001400519c0 f   light_ydnar.obj
 0001:00051740       ?IlluminateRawLightmap@@YAXH@Z 0000000140052740 f   light_ydnar.obj
 0001:00053610       ?IlluminateVertexes@@YAXH@Z 0000000140054610 f   light_ydnar.obj
 0001:00054b50       ?SetupBrushes@@YAXXZ       0000000140055b50 f   light_ydnar.obj
 0001:00054d20       ?ClusterVisible@@YA?AW4qboolean@@HH@Z 0000000140055d20 f   light_ydnar.obj
 0001:00054db0       ?PointInLeafNum_r@@YAHQEAMH@Z 0000000140055db0 f   light_ydnar.obj
 0001:00054ec0       ?ClusterForPointExt@@YAHQEAMM@Z 0000000140055ec0 f   light_ydnar.obj
 0001:000551f0       ?ClusterForPointExtFilter@@YAHQEAMMHPEAH@Z 00000001400561f0 f   light_ydnar.obj
 0001:00055260       ?SetupEnvelopes@@YAXW4qboolean@@0@Z 0000000140056260 f   light_ydnar.obj
 0001:00055c50       ?CreateTraceLightsForBounds@@YAXQEAM00HPEAHHPEAUtrace_t@@@Z 0000000140056c50 f   light_ydnar.obj
 0001:00055ff0       ?CreateTraceLightsForSurface@@YAXHPEAUtrace_t@@@Z 0000000140056ff0 f   light_ydnar.obj
 0001:00056110       ?SetupFloodLight@@YAXXZ    0000000140057110 f   light_ydnar.obj
 0001:00056430       ?FloodLightForSample@@YAMPEAUtrace_t@@MW4qboolean@@@Z 0000000140057430 f   light_ydnar.obj
 0001:000568a0       ?FloodlightIlluminateLightmap@@YAXPEAUrawLightmap_s@@@Z 00000001400578a0 f   light_ydnar.obj
 0001:00056b20       ?WriteTGA24@@YAXPEADPEAEHHW4qboolean@@@Z 0000000140057b20 f   lightmaps_ydnar.obj
 0001:00056ca0       ?ExportLightmaps@@YAXXZ    0000000140057ca0 f   lightmaps_ydnar.obj
 0001:00056e40       ?ExportLightmapsMain@@YAHHPEAPEAD@Z 0000000140057e40 f   lightmaps_ydnar.obj
 0001:00056f70       ?ImportLightmapsMain@@YAHHPEAPEAD@Z 0000000140057f70 f   lightmaps_ydnar.obj
 0001:000574b0       ?LoadRawLightmap@@YAPEAUcachePage_s@@H@Z 00000001400584b0 f   lightmaps_ydnar.obj
 0001:00057670       ?FinishRawLightmap@@YAXH@Z 0000000140058670 f   lightmaps_ydnar.obj
 0001:00057d30       ?AddPatchToRawLightmap@@YA?AW4qboolean@@HPEAUrawLightmap_s@@@Z 0000000140058d30 f   lightmaps_ydnar.obj
 0001:00058300       ?AddSurfaceToRawLightmap@@YA?AW4qboolean@@HPEAUrawLightmap_s@@@Z 0000000140059300 f   lightmaps_ydnar.obj
 0001:00058e50       ?SetupSurfaceLightmaps@@YAXXZ 0000000140059e50 f   lightmaps_ydnar.obj
 0001:00059a40       ?AllocateSurfaceLightmaps@@YAXXZ 000000014005aa40 f   lightmaps_ydnar.obj
 0001:0005b840       ?StoreSurfaceLightmaps@@YAXXZ 000000014005c840 f   lightmaps_ydnar.obj
 0001:0005e4f0       ?PlaneFromWinding@@YAXPEAUfixedWinding_t@@PEAUvisPlane_t@@@Z 000000014005f4f0 f   vis.obj
 0001:0005e600       ?NewFixedWinding@@YAPEAUfixedWinding_t@@H@Z 000000014005f600 f   vis.obj
 0001:0005e670       ?PComp@@YAHPEBX0@Z         000000014005f670 f   vis.obj
 0001:0005e6a0       ?LeafVectorFromPortalVector@@YAHPEAE0@Z 000000014005f6a0 f   vis.obj
 0001:0005e800       ?ClusterMerge@@YAXH@Z      000000014005f800 f   vis.obj
 0001:0005ea00       ?CalcPortalVis@@YAXXZ      000000014005fa00 f   vis.obj
 0001:0005ea80       ?CalcPassageVis@@YAXXZ     000000014005fa80 f   vis.obj
 0001:0005eb90       ?CalcPassagePortalVis@@YAXXZ 000000014005fb90 f   vis.obj
 0001:0005eca0       ?CalcVis@@YAXXZ            000000014005fca0 f   vis.obj
 0001:0005ef60       ?SetPortalSphere@@YAXPEAUvportal_t@@@Z 000000014005ff60 f   vis.obj
 0001:0005f0c0       ?TryMergeLeaves@@YAHHH@Z   00000001400600c0 f   vis.obj
 0001:0005f420       ?MergeLeaves@@YAXXZ        0000000140060420 f   vis.obj
 0001:0005f580       ?TryMergeWinding@@YAPEAUfixedWinding_t@@PEAU1@0QEAM@Z 0000000140060580 f   vis.obj
 0001:0005fab0       ?MergeLeafPortals@@YAXXZ   0000000140060ab0 f   vis.obj
 0001:0005fcc0       ?LoadPortals@@YAXPEAD@Z    0000000140060cc0 f   vis.obj
 0001:000604f0       ?VisMain@@YAHHPEAPEAD@Z    00000001400614f0 f   vis.obj
 0001:00060980       ?FreeStackWinding@@YAXPEAUfixedWinding_t@@PEAUpstack_s@@@Z 0000000140061980 f   visflow.obj
 0001:000609e0       ?VisChopWinding@@YAPEAUfixedWinding_t@@PEAU1@PEAUpstack_s@@PEAUvisPlane_t@@@Z 00000001400619e0 f   visflow.obj
 0001:00060e90       ?ClipToSeperators@@YAPEAUfixedWinding_t@@PEAU1@00W4qboolean@@PEAUpstack_s@@@Z 0000000140061e90 f   visflow.obj
 0001:000614e0       ?RecursiveLeafFlow@@YAXHPEAUthreaddata_t@@PEAUpstack_s@@@Z 00000001400624e0 f   visflow.obj
 0001:00061ba0       ?PortalFlow@@YAXH@Z        0000000140062ba0 f   visflow.obj
 0001:00061d60       ?RecursivePassageFlow@@YAXPEAUvportal_t@@PEAUthreaddata_t@@PEAUpstack_s@@@Z 0000000140062d60 f   visflow.obj
 0001:00061fe0       ?PassageFlow@@YAXH@Z       0000000140062fe0 f   visflow.obj
 0001:000620b0       ?RecursivePassagePortalFlow@@YAXPEAUvportal_t@@PEAUthreaddata_t@@PEAUpstack_s@@@Z 00000001400630b0 f   visflow.obj
 0001:00062770       ?PassagePortalFlow@@YAXH@Z 0000000140063770 f   visflow.obj
 0001:00062840       ?PassageChopWinding@@YAPEAUfixedWinding_t@@PEAU1@0PEAUvisPlane_t@@@Z 0000000140063840 f   visflow.obj
 0001:00062b80       ?AddSeperators@@YAHPEAUfixedWinding_t@@0W4qboolean@@PEAUvisPlane_t@@H@Z 0000000140063b80 f   visflow.obj
 0001:00063170       ?CreatePassages@@YAXH@Z    0000000140064170 f   visflow.obj
 0001:00063780       ?PassageMemory@@YAXXZ      0000000140064780 f   visflow.obj
 0001:00063840       ?SimpleFlood@@YAXPEAUvportal_t@@H@Z 0000000140064840 f   visflow.obj
 0001:00063940       ?BasePortalVis@@YAXH@Z     0000000140064940 f   visflow.obj
 0001:00065530       ?ConvertBSPToASE@@YAHPEADH@Z 0000000140066530 f   convert_ase.obj
 0001:00066170       ?ConvertBSPToMap@@YAHPEADH@Z 0000000140067170 f   convert_map.obj
 0001:000665b0       WinPrint                   00000001400675b0 f   l_net:l_net.obj
 0001:000665c0       Net_Send                   00000001400675c0 f   l_net:l_net.obj
 0001:00066610       Net_AllocSocket            0000000140067610 f   l_net:l_net.obj
 0001:00066640       Net_FreeSocket             0000000140067640 f   l_net:l_net.obj
 0001:00066650       Net_Connect                0000000140067650 f   l_net:l_net.obj
 0001:00066700       Net_Disconnect             0000000140067700 f   l_net:l_net.obj
 0001:00066730       Net_StringToAddress        0000000140067730 f   l_net:l_net.obj
 0001:00066750       Net_Setup                  0000000140067750 f   l_net:l_net.obj
 0001:00066780       NMSG_Clear                 0000000140067780 f   l_net:l_net.obj
 0001:00066790       NMSG_WriteLong             0000000140067790 f   l_net:l_net.obj
 0001:00066800       NMSG_WriteString           0000000140067800 f   l_net:l_net.obj
 0001:00066890       WINS_ErrorMessage          0000000140067890 f   l_net:l_net_wins.obj
 0001:000668f0       WINS_Init                  00000001400678f0 f   l_net:l_net_wins.obj
 0001:00066a60       WINS_MyAddress             0000000140067a60 f   l_net:l_net_wins.obj
 0001:00066a70       WINS_OpenSocket            0000000140067a70 f   l_net:l_net_wins.obj
 0001:00066b60       WINS_OpenReliableSocket    0000000140067b60 f   l_net:l_net_wins.obj
 0001:00066c80       WINS_CloseSocket           0000000140067c80 f   l_net:l_net_wins.obj
 0001:00066cc0       WINS_Connect               0000000140067cc0 f   l_net:l_net_wins.obj
 0001:00066d30       WINS_Write                 0000000140067d30 f   l_net:l_net_wins.obj
 0001:00066de0       WINS_AddrToString          0000000140067de0 f   l_net:l_net_wins.obj
 0001:00066e60       WINS_StringToAddr          0000000140067e60 f   l_net:l_net_wins.obj
 0001:00066ee0       WINS_GetSocketAddr         0000000140067ee0 f   l_net:l_net_wins.obj
 0001:00066f40       MakeNormalVectors          0000000140067f40 f   mathlib:mathlib.obj
 0001:00067000       VectorCompare              0000000140068000 f   mathlib:mathlib.obj
 0001:00067050       VectorCompareExt           0000000140068050 f   mathlib:mathlib.obj
 0001:000670a0       VectorLength               00000001400680a0 f   mathlib:mathlib.obj
 0001:000670d0       VectorMA                   00000001400680d0 f   mathlib:mathlib.obj
 0001:00067110       VectorNormalize            0000000140068110 f   mathlib:mathlib.obj
 0001:000671c0       ColorNormalize             00000001400681c0 f   mathlib:mathlib.obj
 0001:00067230       ClearBounds                0000000140068230 f   mathlib:mathlib.obj
 0001:00067260       AddPointToBounds           0000000140068260 f   mathlib:mathlib.obj
 0001:00067300       PlaneFromPoints            0000000140068300 f   mathlib:mathlib.obj
 0001:00067400       NormalToLatLong            0000000140068400 f   mathlib:mathlib.obj
 0001:000674c0       PlaneTypeForNormal         00000001400684c0 f   mathlib:mathlib.obj
 0001:00067520       m4x4_identity              0000000140068520 f   mathlib:m4x4.obj
 0001:00067570       m4x4_assign                0000000140068570 f   mathlib:m4x4.obj
 0001:000675d0       m4x4_translation_for_vec3  00000001400685d0 f   mathlib:m4x4.obj
 0001:00067620       m4x4_rotation_for_vec3     0000000140068620 f   mathlib:m4x4.obj
 0001:000677f0       m4x4_scale_for_vec3        00000001400687f0 f   mathlib:m4x4.obj
 0001:00067830       m4x4_translate_by_vec3     0000000140068830 f   mathlib:m4x4.obj
 0001:00067860       m4x4_rotate_by_vec3        0000000140068860 f   mathlib:m4x4.obj
 0001:00067890       m4x4_scale_by_vec3         0000000140068890 f   mathlib:m4x4.obj
 0001:000678c0       m4x4_pivoted_transform_by_vec3 00000001400688c0 f   mathlib:m4x4.obj
 0001:00067970       m4x4_multiply_by_m4x4      0000000140068970 f   mathlib:m4x4.obj
 0001:00067d70       m4x4_transform_point       0000000140068d70 f   mathlib:m4x4.obj
 0001:00067e10       m4x4_transform_normal      0000000140068e10 f   mathlib:m4x4.obj
 0001:00067ea0       m4x4_transpose             0000000140068ea0 f   mathlib:m4x4.obj
 0001:00067fa0       ?m3_det@@YAMQEAM@Z         0000000140068fa0 f   mathlib:m4x4.obj
 0001:00068030       ?m4_submat@@YAXQEAM0HH@Z   0000000140069030 f   mathlib:m4x4.obj
 0001:00068180       ?m4_det@@YAMQEAM@Z         0000000140069180 f   mathlib:m4x4.obj
 0001:00068210       m4x4_invert                0000000140069210 f   mathlib:m4x4.obj
 0001:000682d8       g_free                     00000001400692d8 f   glib-2.0:libglib-2.0-0.dll
 0001:000682de       g_locale_to_utf8           00000001400692de f   glib-2.0:libglib-2.0-0.dll
 0001:000682e4       g_strdup                   00000001400692e4 f   glib-2.0:libglib-2.0-0.dll
 0001:000682ea       g_strdown                  00000001400692ea f   glib-2.0:libglib-2.0-0.dll
 0001:000682f0       g_dir_read_name_utf8       00000001400692f0 f   glib-2.0:libglib-2.0-0.dll
 0001:000682f6       g_dir_open_utf8            00000001400692f6 f   glib-2.0:libglib-2.0-0.dll
 0001:000682fc       g_dir_close                00000001400692fc f   glib-2.0:libglib-2.0-0.dll
 0001:00068302       g_slist_append             0000000140069302 f   glib-2.0:libglib-2.0-0.dll
 0001:00068308       xmlNodeSetContent          0000000140069308 f   libxml2:libxml2-2.dll
 0001:0006830e       xmlBufferFree              000000014006930e f   libxml2:libxml2-2.dll
 0001:00068314       xmlNodeDump                0000000140069314 f   libxml2:libxml2-2.dll
 0001:0006831a       xmlBufferCreate            000000014006931a f   libxml2:libxml2-2.dll
 0001:00068320       xmlNewNode                 0000000140069320 f   libxml2:libxml2-2.dll
 0001:00068326       xmlAddChild                0000000140069326 f   libxml2:libxml2-2.dll
 0001:0006832c       xmlNewDoc                  000000014006932c f   libxml2:libxml2-2.dll
 0001:00068332       xmlSetProp                 0000000140069332 f   libxml2:libxml2-2.dll
 0001:00068338       xmlNewDocRawNode           0000000140069338 f   libxml2:libxml2-2.dll
 0001:0006833e       png_get_IHDR               000000014006933e f   libpng:libpng14-14.dll
 0001:00068344       png_read_image             0000000140069344 f   libpng:libpng14-14.dll
 0001:0006834a       png_set_expand             000000014006934a f   libpng:libpng14-14.dll
 0001:00068350       png_read_info              0000000140069350 f   libpng:libpng14-14.dll
 0001:00068356       png_set_strip_16           0000000140069356 f   libpng:libpng14-14.dll
 0001:0006835c       png_sig_cmp                000000014006935c f   libpng:libpng14-14.dll
 0001:00068362       png_create_read_struct     0000000140069362 f   libpng:libpng14-14.dll
 0001:00068368       png_get_io_ptr             0000000140069368 f   libpng:libpng14-14.dll
 0001:0006836e       png_create_info_struct     000000014006936e f   libpng:libpng14-14.dll
 0001:00068374       png_set_read_fn            0000000140069374 f   libpng:libpng14-14.dll
 0001:0006837a       png_get_valid              000000014006937a f   libpng:libpng14-14.dll
 0001:00068380       png_set_filler             0000000140069380 f   libpng:libpng14-14.dll
 0001:00068386       png_get_channels           0000000140069386 f   libpng:libpng14-14.dll
 0001:0006838c       png_destroy_read_struct    000000014006938c f   libpng:libpng14-14.dll
 0001:000683a0       DDSLittleLong              00000001400693a0 f   ddslib:ddslib.obj
 0001:000683b0       DDSLittleShort             00000001400693b0 f   ddslib:ddslib.obj
 0001:00068420       DDSGetInfo                 0000000140069420 f   ddslib:ddslib.obj
 0001:00068fc0       DDSDecompress              0000000140069fc0 f   ddslib:ddslib.obj
 0001:000690e0       LoadJPGBuff                000000014006a0e0 f   jpeg6:jpgload.obj
 0001:000692d0       jpeg_create_decompress     000000014006a2d0 f   jpeg6:jdapimin.obj
 0001:00069380       jpeg_destroy_decompress    000000014006a380 f   jpeg6:jdapimin.obj
 0001:00069560       jpeg_consume_input         000000014006a560 f   jpeg6:jdapimin.obj
 0001:00069650       jpeg_finish_decompress     000000014006a650 f   jpeg6:jdapimin.obj
 0001:00069720       jpeg_read_header           000000014006a720 f   jpeg6:jdapimin.obj
 0001:00069830       jpeg_read_scanlines        000000014006a830 f   jpeg6:jdapistd.obj
 0001:00069900       jpeg_start_decompress      000000014006a900 f   jpeg6:jdapistd.obj
 0001:00069a70       jpeg_stdio_src             000000014006aa70 f   jpeg6:jdatasrc.obj
 0001:00069cc0       jpeg_std_error             000000014006acc0 f   jpeg6:jerror.obj
 0001:0006a3d0       jinit_input_controller     000000014006b3d0 f   jpeg6:jdinput.obj
 0001:0006bfa0       jpeg_resync_to_restart     000000014006cfa0 f   jpeg6:jdmarker.obj
 0001:0006c100       jinit_marker_reader        000000014006d100 f   jpeg6:jdmarker.obj
 0001:0006cf50       jinit_memory_mgr           000000014006df50 f   jpeg6:jmemmgr.obj
 0001:0006d0c0       jpeg_abort                 000000014006e0c0 f   jpeg6:jcomapi.obj
 0001:0006d100       jpeg_destroy               000000014006e100 f   jpeg6:jcomapi.obj
 0001:0006d140       jpeg_alloc_quant_table     000000014006e140 f   jpeg6:jcomapi.obj
 0001:0006d160       jpeg_alloc_huff_table      000000014006e160 f   jpeg6:jcomapi.obj
 0001:0006d190       jpeg_calc_output_dimensions 000000014006e190 f   jpeg6:jdmaster.obj
 0001:0006d620       jinit_master_decompress    000000014006e620 f   jpeg6:jdmaster.obj
 0001:0006d670       jdiv_round_up              000000014006e670 f   jpeg6:jutils.obj
 0001:0006d680       jround_up                  000000014006e680 f   jpeg6:jutils.obj
 0001:0006d6a0       jcopy_sample_rows          000000014006e6a0 f   jpeg6:jutils.obj
 0001:0006d710       jzero_far                  000000014006e710 f   jpeg6:jutils.obj
 0001:0006d720       ?jpeg_get_small@@YAPEAXPEAUjpeg_common_struct@@_K@Z 000000014006e720 f   jpeg6:jmemnobs.obj
 0001:0006d720       ?jpeg_get_large@@YAPEAXPEAUjpeg_common_struct@@_K@Z 000000014006e720 f   jpeg6:jmemnobs.obj
 0001:0006d730       ?jpeg_free_large@@YAXPEAUjpeg_common_struct@@PEAX_K@Z 000000014006e730 f   jpeg6:jmemnobs.obj
 0001:0006d730       ?jpeg_free_small@@YAXPEAUjpeg_common_struct@@PEAX_K@Z 000000014006e730 f   jpeg6:jmemnobs.obj
 0001:0006d740       ?jpeg_mem_available@@YAJPEAUjpeg_common_struct@@JJJ@Z 000000014006e740 f   jpeg6:jmemnobs.obj
 0001:0006d750       ?jpeg_open_backing_store@@YAXPEAUjpeg_common_struct@@PEAUbacking_store_struct@@J@Z 000000014006e750 f   jpeg6:jmemnobs.obj
 0001:0006d760       ?jpeg_mem_init@@YAJPEAUjpeg_common_struct@@@Z 000000014006e760 f   jpeg6:jmemnobs.obj
 0001:0006dec0       jinit_d_main_controller    000000014006eec0 f   jpeg6:jdmainct.obj
 0001:0006e320       jinit_d_coef_controller    000000014006f320 f   jpeg6:jdcoefct.obj
 0001:0006e440       ?jpeg_make_d_derived_tbl@@YAXPEAUjpeg_decompress_struct@@PEAUJHUFF_TBL@@PEAPEAUd_derived_tbl@@@Z 000000014006f440 f   jpeg6:jdhuff.obj
 0001:0006e650       ?jpeg_fill_bit_buffer@@YAEPEAUbitread_working_state@@HHH@Z 000000014006f650 f   jpeg6:jdhuff.obj
 0001:0006e780       ?jpeg_huff_decode@@YAHPEAUbitread_working_state@@HHPEAUd_derived_tbl@@H@Z 000000014006f780 f   jpeg6:jdhuff.obj
 0001:0006ef70       jinit_huff_decoder         000000014006ff70 f   jpeg6:jdhuff.obj
 0001:0006f2e0       jinit_inverse_dct          00000001400702e0 f   jpeg6:jddctmgr.obj
 0001:0006f4e0       jinit_d_post_controller    00000001400704e0 f   jpeg6:jdpostct.obj
 0001:0006fc10       jinit_upsampler            0000000140070c10 f   jpeg6:jdsample.obj
 0001:000703d0       jinit_color_deconverter    00000001400713d0 f   jpeg6:jdcolor.obj
 0001:00070570       ?jpeg_idct_float@@YAXPEAUjpeg_decompress_struct@@PEAUjpeg_component_info@@PEAFPEAPEAEI@Z 0000000140071570 f   jpeg6:jidctflt.obj
 0001:00070a80       PicoInit                   0000000140071a80 f   picomodel:picomodel.obj
 0001:00070a90       PicoSetMallocFunc          0000000140071a90 f   picomodel:picomodel.obj
 0001:00070ab0       PicoSetFreeFunc            0000000140071ab0 f   picomodel:picomodel.obj
 0001:00070ad0       PicoSetLoadFileFunc        0000000140071ad0 f   picomodel:picomodel.obj
 0001:00070af0       PicoSetFreeFileFunc        0000000140071af0 f   picomodel:picomodel.obj
 0001:00070b10       PicoSetPrintFunc           0000000140071b10 f   picomodel:picomodel.obj
 0001:00070b30       PicoNewModel               0000000140071b30 f   picomodel:picomodel.obj
 0001:00070b80       PicoAdjustModel            0000000140071b80 f   picomodel:picomodel.obj
 0001:00070c60       PicoNewShader              0000000140071c60 f   picomodel:picomodel.obj
 0001:00070d40       PicoFreeShader             0000000140071d40 f   picomodel:picomodel.obj
 0001:00070d80       PicoFindShader             0000000140071d80 f   picomodel:picomodel.obj
 0001:00070e70       PicoFreeSurface            0000000140071e70 f   picomodel:picomodel.obj
 0001:00070f50       PicoAdjustSurface          0000000140071f50 f   picomodel:picomodel.obj
 0001:00071290       PicoSetModelFileName       0000000140072290 f   picomodel:picomodel.obj
 0001:00071290       PicoSetShaderMapName       0000000140072290 f   picomodel:picomodel.obj
 0001:000712d0       PicoSetModelFrameNum       00000001400722d0 f   picomodel:picomodel.obj
 0001:000712e0       PicoSetModelNumFrames      00000001400722e0 f   picomodel:picomodel.obj
 0001:000712f0       PicoSetModelName           00000001400722f0 f   picomodel:picomodel.obj
 0001:000712f0       PicoSetShaderName          00000001400722f0 f   picomodel:picomodel.obj
 0001:00071330       PicoSetShaderAmbientColor  0000000140072330 f   picomodel:picomodel.obj
 0001:00071360       PicoSetShaderDiffuseColor  0000000140072360 f   picomodel:picomodel.obj
 0001:00071390       PicoSetShaderSpecularColor 0000000140072390 f   picomodel:picomodel.obj
 0001:000713c0       PicoSetShaderTransparency  00000001400723c0 f   picomodel:picomodel.obj
 0001:00071400       PicoSetShaderShininess     0000000140072400 f   picomodel:picomodel.obj
 0001:00071440       PicoSetSurfaceType         0000000140072440 f   picomodel:picomodel.obj
 0001:00071450       PicoSetSurfaceName         0000000140072450 f   picomodel:picomodel.obj
 0001:00071490       PicoSetSurfaceShader       0000000140072490 f   picomodel:picomodel.obj
 0001:000714a0       PicoSetSurfaceXYZ          00000001400724a0 f   picomodel:picomodel.obj
 0001:00071530       PicoSetSurfaceNormal       0000000140072530 f   picomodel:picomodel.obj
 0001:000715a0       PicoSetSurfaceST           00000001400725a0 f   picomodel:picomodel.obj
 0001:00071620       PicoSetSurfaceColor        0000000140072620 f   picomodel:picomodel.obj
 0001:000716d0       PicoSetSurfaceIndex        00000001400726d0 f   picomodel:picomodel.obj
 0001:00071730       PicoSetSurfaceSmoothingGroup 0000000140072730 f   picomodel:picomodel.obj
 0001:00071780       PicoGetShaderMapName       0000000140072780 f   picomodel:picomodel.obj
 0001:00071780       PicoGetModelFileName       0000000140072780 f   picomodel:picomodel.obj
 0001:000717a0       PicoGetModelFrameNum       00000001400727a0 f   picomodel:picomodel.obj
 0001:000717b0       PicoGetModelShader         00000001400727b0 f   picomodel:picomodel.obj
 0001:000717e0       PicoGetModelNumSurfaces    00000001400727e0 f   picomodel:picomodel.obj
 0001:000717f0       PicoGetModelSurface        00000001400727f0 f   picomodel:picomodel.obj
 0001:00071820       PicoGetModelName           0000000140072820 f   picomodel:picomodel.obj
 0001:00071820       PicoGetShaderName          0000000140072820 f   picomodel:picomodel.obj
 0001:00071840       PicoGetSurfaceType         0000000140072840 f   picomodel:picomodel.obj
 0001:00071850       PicoGetSurfaceShader       0000000140072850 f   picomodel:picomodel.obj
 0001:00071860       PicoGetSurfaceNumVertexes  0000000140072860 f   picomodel:picomodel.obj
 0001:00071870       PicoGetSurfaceXYZ          0000000140072870 f   picomodel:picomodel.obj
 0001:000718a0       PicoGetSurfaceNormal       00000001400728a0 f   picomodel:picomodel.obj
 0001:000718d0       PicoGetSurfaceST           00000001400728d0 f   picomodel:picomodel.obj
 0001:00071900       PicoGetSurfaceColor        0000000140072900 f   picomodel:picomodel.obj
 0001:00071930       PicoGetSurfaceNumIndexes   0000000140072930 f   picomodel:picomodel.obj
 0001:00071940       PicoGetSurfaceIndexes      0000000140072940 f   picomodel:picomodel.obj
 0001:00071960       PicoVertexCoordGenerateHash 0000000140072960 f   picomodel:picomodel.obj
 0001:00071a80       PicoNewVertexCombinationHashTable 0000000140072a80 f   picomodel:picomodel.obj
 0001:00071ab0       PicoFreeVertexCombinationHashTable 0000000140072ab0 f   picomodel:picomodel.obj
 0001:00071b30       PicoFindVertexCombinationInHashTable 0000000140072b30 f   picomodel:picomodel.obj
 0001:00071cf0       PicoAddVertexCombinationToHashTable 0000000140072cf0 f   picomodel:picomodel.obj
 0001:00071de0       PicoFindSurfaceVertexNum   0000000140072de0 f   picomodel:picomodel.obj
 0001:000720e0       indexarray_push_back       00000001400730e0 f   picomodel:picomodel.obj
 0001:000720f0       indexarray_reserve         00000001400730f0 f   picomodel:picomodel.obj
 0001:00072120       binarytree_clear           0000000140073120 f   picomodel:picomodel.obj
 0001:00072120       indexarray_clear           0000000140073120 f   picomodel:picomodel.obj
 0001:00072130       binarytree_extend          0000000140073130 f   picomodel:picomodel.obj
 0001:00072150       binarytree_size            0000000140073150 f   picomodel:picomodel.obj
 0001:00072160       binarytree_reserve         0000000140073160 f   picomodel:picomodel.obj
 0001:00072190       UniqueIndices_size         0000000140073190 f   picomodel:picomodel.obj
 0001:000721a0       UniqueIndices_reserve      00000001400731a0 f   picomodel:picomodel.obj
 0001:000721d0       UniqueIndices_init         00000001400731d0 f   picomodel:picomodel.obj
 0001:000721e0       UniqueIndices_destroy      00000001400731e0 f   picomodel:picomodel.obj
 0001:00072200       UniqueIndices_find_or_insert 0000000140073200 f   picomodel:picomodel.obj
 0001:000722d0       UniqueIndices_insert       00000001400732d0 f   picomodel:picomodel.obj
 0001:00072310       lessSmoothVertex           0000000140073310 f   picomodel:picomodel.obj
 0001:00072390       _pico_vertices_combine_shared_normals 0000000140073390 f   picomodel:picomodel.obj
 0001:000724e0       _pico_triangles_generate_weighted_normals 00000001400734e0 f   picomodel:picomodel.obj
 0001:000725c0       _pico_normals_zero         00000001400735c0 f   picomodel:picomodel.obj
 0001:00072600       _pico_normals_normalize    0000000140073600 f   picomodel:picomodel.obj
 0001:00072640       _pico_length_vec           0000000140073640 f   picomodel:picomodel.obj
 0001:00072670       _pico_normal_is_unit_length 0000000140073670 f   picomodel:picomodel.obj
 0001:000726b0       _pico_normal_within_tolerance 00000001400736b0 f   picomodel:picomodel.obj
 0001:000726e0       _pico_normals_assign_generated_normals 00000001400736e0 f   picomodel:picomodel.obj
 0001:00072750       PicoFixSurfaceNormals      0000000140073750 f   picomodel:picomodel.obj
 0001:000727f0       PicoRemapModel             00000001400737f0 f   picomodel:picomodel.obj
 0001:00072d40       PicoModuleLoadModel        0000000140073d40 f   picomodel:picomodel.obj
 0001:00072e20       PicoLoadModel              0000000140073e20 f   picomodel:picomodel.obj
 0001:00072f00       PicoFreeModel              0000000140073f00 f   picomodel:picomodel.obj
 0001:00072fc0       PicoNewSurface             0000000140073fc0 f   picomodel:picomodel.obj
 0001:00073060       PicoAddTriangleToModel     0000000140074060 f   picomodel:picomodel.obj
 0001:000732b0       _pico_alloc                00000001400742b0 f   picomodel:picointernal.obj
 0001:00073310       _pico_calloc               0000000140074310 f   picomodel:picointernal.obj
 0001:00073380       _pico_clone_alloc          0000000140074380 f   picomodel:picointernal.obj
 0001:000733e0       _pico_free                 00000001400743e0 f   picomodel:picointernal.obj
 0001:00073400       _pico_load_file            0000000140074400 f   picomodel:picointernal.obj
 0001:00073420       _pico_free_file            0000000140074420 f   picomodel:picointernal.obj
 0001:00073450       _pico_printf               0000000140074450 f   picomodel:picointernal.obj
 0001:000734e0       _pico_first_token          00000001400744e0 f   picomodel:picointernal.obj
 0001:00073510       _pico_strltrim             0000000140074510 f   picomodel:picointernal.obj
 0001:00073590       _pico_strrtrim             0000000140074590 f   picomodel:picointernal.obj
 0001:00073650       _pico_strlwr               0000000140074650 f   picomodel:picointernal.obj
 0001:00073680       _pico_strchcount           0000000140074680 f   picomodel:picointernal.obj
 0001:000736b0       _pico_zero_bounds          00000001400746b0 f   picomodel:picointernal.obj
 0001:000736e0       _pico_expand_bounds        00000001400746e0 f   picomodel:picointernal.obj
 0001:00073740       _pico_zero_vec             0000000140074740 f   picomodel:picointernal.obj
 0001:00073750       _pico_zero_vec2            0000000140074750 f   picomodel:picointernal.obj
 0001:00073760       _pico_set_vec              0000000140074760 f   picomodel:picointernal.obj
 0001:00073770       _pico_copy_vec             0000000140074770 f   picomodel:picointernal.obj
 0001:00073790       _pico_copy_vec2            0000000140074790 f   picomodel:picointernal.obj
 0001:000737a0       _pico_normalize_vec        00000001400747a0 f   picomodel:picointernal.obj
 0001:00073830       _pico_add_vec              0000000140074830 f   picomodel:picointernal.obj
 0001:00073860       _pico_subtract_vec         0000000140074860 f   picomodel:picointernal.obj
 0001:00073890       _pico_scale_vec            0000000140074890 f   picomodel:picointernal.obj
 0001:000738c0       cross                      00000001400748c0 f   picomodel:vecmath.obj
 0001:000738c0       _pico_cross_vec            00000001400748c0 f   picomodel:picointernal.obj
 0001:00073920       _pico_set_color            0000000140074920 f   picomodel:picointernal.obj
 0001:00073940       _pico_copy_color           0000000140074940 f   picomodel:picointernal.obj
 0001:00073960       _pico_little_long          0000000140074960 f   picomodel:picointernal.obj
 0001:00073970       _pico_little_short         0000000140074970 f   picomodel:picointernal.obj
 0001:00073980       _pico_little_float         0000000140074980 f   picomodel:picointernal.obj
 0001:00073980       ?jpeg_mem_term@@YAXPEAUjpeg_common_struct@@@Z 0000000140074980 f   jpeg6:jmemnobs.obj
 0001:00073990       _pico_stristr              0000000140074990 f   picomodel:picointernal.obj
 0001:00073a10       _pico_unixify              0000000140074a10 f   picomodel:picointernal.obj
 0001:00073a40       _pico_nopath               0000000140074a40 f   picomodel:picointernal.obj
 0001:00073ae0       _pico_setfext              0000000140074ae0 f   picomodel:picointernal.obj
 0001:00073bb0       _pico_new_parser           0000000140074bb0 f   picomodel:picointernal.obj
 0001:00073c80       _pico_free_parser          0000000140074c80 f   picomodel:picointernal.obj
 0001:00073cb0       _pico_parse_ex             0000000140074cb0 f   picomodel:picointernal.obj
 0001:00073e10       _pico_parse_first          0000000140074e10 f   picomodel:picointernal.obj
 0001:00073e50       _pico_parse                0000000140074e50 f   picomodel:picointernal.obj
 0001:00073e80       _pico_parse_skip_rest      0000000140074e80 f   picomodel:picointernal.obj
 0001:00073eb0       _pico_parse_skip_braced    0000000140074eb0 f   picomodel:picointernal.obj
 0001:00073f60       _pico_parse_check          0000000140074f60 f   picomodel:picointernal.obj
 0001:00073fc0       _pico_parse_int            0000000140074fc0 f   picomodel:picointernal.obj
 0001:00074010       _pico_parse_float          0000000140075010 f   picomodel:picointernal.obj
 0001:00074060       _pico_parse_vec            0000000140075060 f   picomodel:picointernal.obj
 0001:00074100       _pico_parse_vec2           0000000140075100 f   picomodel:picointernal.obj
 0001:000741a0       _pico_new_memstream        00000001400751a0 f   picomodel:picointernal.obj
 0001:00074200       _pico_free_memstream       0000000140075200 f   picomodel:picointernal.obj
 0001:00074220       _pico_memstream_read       0000000140075220 f   picomodel:picointernal.obj
 0001:000742b0       _pico_memstream_getc       00000001400752b0 f   picomodel:picointernal.obj
 0001:000742f0       _pico_memstream_seek       00000001400752f0 f   picomodel:picointernal.obj
 0001:00074380       _pico_memstream_tell       0000000140075380 f   picomodel:picointernal.obj
 0001:000743a0       _pico_realloc              00000001400753a0 f   picomodel:picointernal.obj
 0001:00074440       PicoModuleList             0000000140075440 f   picomodel:picomodules.obj
 0001:000750f0       _terrain_load_tga_buffer   00000001400760f0 f   picomodel:pm_terrain.obj
 0001:00079030       _ase_get_submaterial_or_default 000000014007a030 f   picomodel:pm_ase.obj
 0001:0007bf00       lwFreeLayer                000000014007cf00 f   picomodel:lwo2.obj
 0001:0007bf50       lwFreeObject               000000014007cf50 f   picomodel:lwo2.obj
 0001:0007bfc0       lwGetObject                000000014007cfc0 f   picomodel:lwo2.obj
 0001:0007c510       lwValidateObject           000000014007d510 f   picomodel:lwo2.obj
 0001:0007c5e0       lwListFree                 000000014007d5e0 f   picomodel:list.obj
 0001:0007c610       lwListAdd                  000000014007d610 f   picomodel:list.obj
 0001:0007c640       lwListInsert               000000014007d640 f   picomodel:list.obj
 0001:0007c6e0       lwFreeVMap                 000000014007d6e0 f   picomodel:vmap.obj
 0001:0007c750       lwGetVMap                  000000014007d750 f   picomodel:vmap.obj
 0001:0007c9b0       lwGetPointVMaps            000000014007d9b0 f   picomodel:vmap.obj
 0001:0007cb10       lwGetPolyVMaps             000000014007db10 f   picomodel:vmap.obj
 0001:0007ccf0       lwFreePoints               000000014007dcf0 f   picomodel:pntspols.obj
 0001:0007cd80       lwFreePolygons             000000014007dd80 f   picomodel:pntspols.obj
 0001:0007ce60       lwGetPoints                000000014007de60 f   picomodel:pntspols.obj
 0001:0007d080       lwGetBoundingBox           000000014007e080 f   picomodel:pntspols.obj
 0001:0007d170       lwAllocPolygons            000000014007e170 f   picomodel:pntspols.obj
 0001:0007d290       lwGetPolygons              000000014007e290 f   picomodel:pntspols.obj
 0001:0007d460       lwGetPolyNormals           000000014007e460 f   picomodel:pntspols.obj
 0001:0007d5d0       lwGetPointPolygons         000000014007e5d0 f   picomodel:pntspols.obj
 0001:0007d730       lwResolvePolySurfaces      000000014007e730 f   picomodel:pntspols.obj
 0001:0007d900       lwGetVertNormals           000000014007e900 f   picomodel:pntspols.obj
 0001:0007db80       lwFreeTags                 000000014007eb80 f   picomodel:pntspols.obj
 0001:0007dc00       lwGetTags                  000000014007ec00 f   picomodel:pntspols.obj
 0001:0007dd50       lwGetPolygonTags           000000014007ed50 f   picomodel:pntspols.obj
 0001:0007de90       lwFreePlugin               000000014007ee90 f   picomodel:surface.obj
 0001:0007dee0       lwFreeTexture              000000014007eee0 f   picomodel:surface.obj
 0001:0007df70       lwFreeSurface              000000014007ef70 f   picomodel:surface.obj
 0001:0007e070       lwGetTHeader               000000014007f070 f   picomodel:surface.obj
 0001:0007e200       lwGetTMap                  000000014007f200 f   picomodel:surface.obj
 0001:0007e430       lwGetImageMap              000000014007f430 f   picomodel:surface.obj
 0001:0007e6b0       lwGetProcedural            000000014007f6b0 f   picomodel:surface.obj
 0001:0007e850       lwGetGradient              000000014007f850 f   picomodel:surface.obj
 0001:0007eb00       lwGetTexture               000000014007fb00 f   picomodel:surface.obj
 0001:0007ec40       lwGetShader                000000014007fc40 f   picomodel:surface.obj
 0001:0007ef10       lwDefaultSurface           000000014007ff10 f   picomodel:surface.obj
 0001:0007ef80       lwGetSurface               000000014007ff80 f   picomodel:surface.obj
 0001:0007f5c0       lwFreeClip                 00000001400805c0 f   picomodel:clip.obj
 0001:0007f690       lwGetClip                  0000000140080690 f   picomodel:clip.obj
 0001:0007fb10       lwFreeEnvelope             0000000140080b10 f   picomodel:envelope.obj
 0001:0007fb90       lwGetEnvelope              0000000140080b90 f   picomodel:envelope.obj
 0001:0007fec0       set_flen                   0000000140080ec0 f   picomodel:lwio.obj
 0001:0007fed0       get_flen                   0000000140080ed0 f   picomodel:lwio.obj
 0001:0007fee0       revbytes                   0000000140080ee0 f   picomodel:lwio.obj
 0001:0007ff60       getbytes                   0000000140080f60 f   picomodel:lwio.obj
 0001:00080010       getU4                      0000000140081010 f   picomodel:lwio.obj
 0001:00080010       getI4                      0000000140081010 f   picomodel:lwio.obj
 0001:00080070       getU1                      0000000140081070 f   picomodel:lwio.obj
 0001:000800b0       getI2                      00000001400810b0 f   picomodel:lwio.obj
 0001:000800b0       getU2                      00000001400810b0 f   picomodel:lwio.obj
 0001:00080110       getVX                      0000000140081110 f   picomodel:lwio.obj
 0001:000801c0       getF4                      00000001400811c0 f   picomodel:lwio.obj
 0001:00080220       getS0                      0000000140081220 f   picomodel:lwio.obj
 0001:00080360       sgetI2                     0000000140081360 f   picomodel:lwio.obj
 0001:000803c0       sgetU2                     00000001400813c0 f   picomodel:lwio.obj
 0001:00080400       sgetU4                     0000000140081400 f   picomodel:lwio.obj
 0001:00080460       sgetVX                     0000000140081460 f   picomodel:lwio.obj
 0001:000804e0       sgetF4                     00000001400814e0 f   picomodel:lwio.obj
 0001:00080540       sgetS0                     0000000140081540 f   picomodel:lwio.obj
 0001:000809a0       lwGetSurface5              00000001400819a0 f   picomodel:lwob.obj
 0001:000813a0       lwGetPolygons5             00000001400823a0 f   picomodel:lwob.obj
 0001:00081560       lwGetObject5               0000000140082560 f   picomodel:lwob.obj
 0001:000817e0       lwValidateObject5          00000001400827e0 f   picomodel:lwob.obj
 0001:00081890       dot                        0000000140082890 f   picomodel:vecmath.obj
 0001:00081890       _pico_dot_vec              0000000140082890 f   picomodel:picointernal.obj
 0001:000818c0       normalize                  00000001400828c0 f   picomodel:vecmath.obj
 0001:0008190c       _stricmp                   000000014008290c f   MSVCRT:MSVCR90.dll
 0001:00081912       rename                     0000000140082912 f   MSVCRT:MSVCR90.dll
 0001:00081918       sprintf                    0000000140082918 f   MSVCRT:MSVCR90.dll
 0001:0008191e       sscanf                     000000014008291e f   MSVCRT:MSVCR90.dll
 0001:00081924       strncmp                    0000000140082924 f   MSVCRT:MSVCR90.dll
 0001:0008192a       free                       000000014008292a f   MSVCRT:MSVCR90.dll
 0001:00081930       atoi                       0000000140082930 f   MSVCRT:MSVCR90.dll
 0001:00081936       remove                     0000000140082936 f   MSVCRT:MSVCR90.dll
 0001:0008193c       ftell                      000000014008293c f   MSVCRT:MSVCR90.dll
 0001:00081942       realloc                    0000000140082942 f   MSVCRT:MSVCR90.dll
 0001:00081948       atof                       0000000140082948 f   MSVCRT:MSVCR90.dll
 0001:0008194e       _time64                    000000014008294e f   MSVCRT:MSVCR90.dll
 0001:00081954       asctime                    0000000140082954 f   MSVCRT:MSVCR90.dll
 0001:0008195a       _localtime64               000000014008295a f   MSVCRT:MSVCR90.dll
 0001:00081960       fseek                      0000000140082960 f   MSVCRT:MSVCR90.dll
 0001:00081966       fclose                     0000000140082966 f   MSVCRT:MSVCR90.dll
 0001:0008196c       tmpnam                     000000014008296c f   MSVCRT:MSVCR90.dll
 0001:00081972       strstr                     0000000140082972 f   MSVCRT:MSVCR90.dll
 0001:00081978       _onexit                    0000000140082978 f   MSVCRT:atonexit.obj
 0001:00081a28       atexit                     0000000140082a28 f   MSVCRT:atonexit.obj
 0001:00081a40       printf                     0000000140082a40 f   MSVCRT:MSVCR90.dll
 0001:00081a46       fopen                      0000000140082a46 f   MSVCRT:MSVCR90.dll
 0001:00081a4c       rand                       0000000140082a4c f   MSVCRT:MSVCR90.dll
 0001:00081a52       srand                      0000000140082a52 f   MSVCRT:MSVCR90.dll
 0001:00081a58       fwrite                     0000000140082a58 f   MSVCRT:MSVCR90.dll
 0001:00081a5e       memmove                    0000000140082a5e f   MSVCRT:MSVCR90.dll
 0001:00081a64       _strnicmp                  0000000140082a64 f   MSVCRT:MSVCR90.dll
 0001:00081a6a       strchr                     0000000140082a6a f   MSVCRT:MSVCR90.dll
 0001:00081a70       strncpy                    0000000140082a70 f   MSVCRT:MSVCR90.dll
 0001:00081a76       exit                       0000000140082a76 f   MSVCRT:MSVCR90.dll
 0001:00081a7c       fprintf                    0000000140082a7c f   MSVCRT:MSVCR90.dll
 0001:00081a82       malloc                     0000000140082a82 f   MSVCRT:MSVCR90.dll
 0001:00081a88       strerror                   0000000140082a88 f   MSVCRT:MSVCR90.dll
 0001:00081a8e       fputs                      0000000140082a8e f   MSVCRT:MSVCR90.dll
 0001:00081a94       _errno                     0000000140082a94 f   MSVCRT:MSVCR90.dll
 0001:00081a9a       _mkdir                     0000000140082a9a f   MSVCRT:MSVCR90.dll
 0001:00081aa0       fread                      0000000140082aa0 f   MSVCRT:MSVCR90.dll
 0001:00081aa6       _getcwd                    0000000140082aa6 f   MSVCRT:MSVCR90.dll
 0001:00081aac       vsprintf                   0000000140082aac f   MSVCRT:MSVCR90.dll
 0001:00081ab2       __iob_func                 0000000140082ab2 f   MSVCRT:MSVCR90.dll
 0001:00081ab8       fflush                     0000000140082ab8 f   MSVCRT:MSVCR90.dll
 0001:00081abe       rewind                     0000000140082abe f   MSVCRT:MSVCR90.dll
 0001:00081ac4       _access                    0000000140082ac4 f   MSVCRT:MSVCR90.dll
 0001:00081aca       _strdup                    0000000140082aca f   MSVCRT:MSVCR90.dll
 0001:00081ad0       strrchr                    0000000140082ad0 f   MSVCRT:MSVCR90.dll
 0001:00081ad6       sscanf_s                   0000000140082ad6 f   MSVCRT:MSVCR90.dll
 0001:00081adc       qsort                      0000000140082adc f   MSVCRT:MSVCR90.dll
 0001:00081ae2       fscanf                     0000000140082ae2 f   MSVCRT:MSVCR90.dll
 0001:00081db8       mainCRTStartup             0000000140082db8 f   MSVCRT:crtexe.obj
 0001:00081dca       memset                     0000000140082dca f   MSVCRT:MSVCR90.dll
 0001:00081dd0       _setjmp                    0000000140082dd0 f   MSVCRT:MSVCR90.dll
 0001:00081dd6       memcpy                     0000000140082dd6 f   MSVCRT:MSVCR90.dll
 0001:00081de0       sin                        0000000140082de0 f   MSVCRT:MSVCR90.dll
 0001:00081de6       cos                        0000000140082de6 f   MSVCRT:MSVCR90.dll
 0001:00081dec       acosf                      0000000140082dec f   MSVCRT:MSVCR90.dll
 0001:00081df2       log                        0000000140082df2 f   MSVCRT:MSVCR90.dll
 0001:00081df8       __C_specific_handler       0000000140082df8 f   MSVCRT:MSVCR90.dll
 0001:00081dfe       _unlock                    0000000140082dfe f   MSVCRT:MSVCR90.dll
 0001:00081e04       __dllonexit                0000000140082e04 f   MSVCRT:MSVCR90.dll
 0001:00081e0a       _lock                      0000000140082e0a f   MSVCRT:MSVCR90.dll
 0001:00081e10       ?__CxxUnhandledExceptionFilter@@YAJPEAU_EXCEPTION_POINTERS@@@Z 0000000140082e10 f   MSVCRT:unhandld.obj
 0001:00081e54       __CxxSetUnhandledExceptionFilter 0000000140082e54 f   MSVCRT:unhandld.obj
 0001:00081e6c       _amsg_exit                 0000000140082e6c f   MSVCRT:MSVCR90.dll
 0001:00081e74       _RTC_Initialize            0000000140082e74 f   MSVCRT:_initsect_.obj
 0001:00081eac       _RTC_Terminate             0000000140082eac f   MSVCRT:_initsect_.obj
 0001:00081ee4       _XcptFilter                0000000140082ee4 f   MSVCRT:MSVCR90.dll
 0001:00081ef0       _ValidateImageBase         0000000140082ef0 f   MSVCRT:pesect.obj
 0001:00081f20       _FindPESection             0000000140082f20 f   MSVCRT:pesect.obj
 0001:00081f70       _IsNonwritableInCurrentImage 0000000140082f70 f   MSVCRT:pesect.obj
 0001:00081fb2       _initterm                  0000000140082fb2 f   MSVCRT:MSVCR90.dll
 0001:00081fb8       _initterm_e                0000000140082fb8 f   MSVCRT:MSVCR90.dll
 0001:00081fc0       _setargv                   0000000140082fc0 f   MSVCRT:dllargv.obj
 0001:00081fc0       _matherr                   0000000140082fc0 f   MSVCRT:merr.obj
 0001:00081fc4       __security_init_cookie     0000000140082fc4 f   MSVCRT:gs_support.obj
 0001:00082078       ?terminate@@YAXXZ          0000000140083078 f   MSVCRT:MSVCR90.dll
 0001:0008207e       send                       000000014008307e f   wsock32:WSOCK32.dll
 0001:00082084       gethostbyname              0000000140083084 f   wsock32:WSOCK32.dll
 0001:0008208a       closesocket                000000014008308a f   wsock32:WSOCK32.dll
 0001:00082090       socket                     0000000140083090 f   wsock32:WSOCK32.dll
 0001:00082096       bind                       0000000140083096 f   wsock32:WSOCK32.dll
 0001:0008209c       setsockopt                 000000014008309c f   wsock32:WSOCK32.dll
 0001:000820a2       getsockname                00000001400830a2 f   wsock32:WSOCK32.dll
 0001:000820a8       ntohs                      00000001400830a8 f   wsock32:WSOCK32.dll
 0001:000820ae       htons                      00000001400830ae f   wsock32:WSOCK32.dll
 0001:000820b4       WSAGetLastError            00000001400830b4 f   wsock32:WSOCK32.dll
 0001:000820ba       htonl                      00000001400830ba f   wsock32:WSOCK32.dll
 0001:000820c0       inet_addr                  00000001400830c0 f   wsock32:WSOCK32.dll
 0001:000820c6       ntohl                      00000001400830c6 f   wsock32:WSOCK32.dll
 0001:000820cc       WSAStartup                 00000001400830cc f   wsock32:WSOCK32.dll
 0001:000820d2       connect                    00000001400830d2 f   wsock32:WSOCK32.dll
 0001:000820d8       gethostname                00000001400830d8 f   wsock32:WSOCK32.dll
 0001:000820de       ioctlsocket                00000001400830de f   wsock32:WSOCK32.dll
 0001:000820e4       expf                       00000001400830e4 f   MSVCRT:MSVCR90.dll
 0001:000820ea       atan2f                     00000001400830ea f   MSVCRT:MSVCR90.dll
 0001:000820f0       sinf                       00000001400830f0 f   MSVCRT:MSVCR90.dll
 0001:000820f6       powf                       00000001400830f6 f   MSVCRT:MSVCR90.dll
 0001:000820fc       cosf                       00000001400830fc f   MSVCRT:MSVCR90.dll
 0001:00082102       memcmp                     0000000140083102 f   MSVCRT:MSVCR90.dll
[...]
 0001:00049ff0       ?PopulateTraceNodes@@YAXXZ 000000014004aff0 f    CIL library: CIL module
 0001:0004af80       ?TraceLine_r@@YA?AW4qboolean@@HQEAM0PEAUtrace_t@@@Z 000000014004bf80 f    CIL library: CIL module
 0001:0004bfe0       ?CalcTangentVectors@@YA?AW4qboolean@@HPEAPEAUbspDrawVert_t@@PEAY02M1@Z 000000014004cfe0 f    CIL library: CIL module
 0001:0004c3b0       ?PerturbNormal@@YAXPEAUbspDrawVert_t@@PEAUshaderInfo_s@@QEAMQEAY02M3@Z 000000014004d3b0 f    CIL library: CIL module
 0001:0004c510       ?MapSingleLuxel@@YAHPEAUrawLightmap_s@@PEAUsurfaceInfo_s@@PEAUbspDrawVert_t@@QEAMMQEAY02M44@Z 000000014004d510 f    CIL library: CIL module
 0001:0004d0c0       ?MapTriangle_r@@YAXPEAUrawLightmap_s@@PEAUsurfaceInfo_s@@QEAPEAUbspDrawVert_t@@QEAMQEAY02M44@Z 000000014004e0c0 f    CIL library: CIL module
 0001:0004d330       ?MapTriangle@@YA?AW4qboolean@@PEAUrawLightmap_s@@PEAUsurfaceInfo_s@@QEAPEAUbspDrawVert_t@@W41@@Z 000000014004e330 f    CIL library: CIL module
 0001:0004d640       ?MapQuad_r@@YAXPEAUrawLightmap_s@@PEAUsurfaceInfo_s@@QEAPEAUbspDrawVert_t@@QEAMQEAY02M4@Z 000000014004e640 f    CIL library: CIL module
 0001:0004d980       ?MapQuad@@YA?AW4qboolean@@PEAUrawLightmap_s@@PEAUsurfaceInfo_s@@QEAPEAUbspDrawVert_t@@@Z 000000014004e980 f    CIL library: CIL module
 0001:00050ed0       ?SubmapRawLuxel@@YA?AW4qboolean@@PEAUrawLightmap_s@@HHMMPEAHQEAM2@Z 0000000140051ed0 f    CIL library: CIL module
 0001:00051250       ?SubsampleRawLuxel_r@@YAXPEAUrawLightmap_s@@PEAUtrace_t@@QEAMHHMPEAM@Z 0000000140052250 f    CIL library: CIL module
 0001:00057460       ?CompareLightSurface@@YAHPEBX0@Z 0000000140058460 f    CIL library: CIL module
 0001:00058d30       ?CompareSurfaceInfo@@YAHPEBX0@Z 0000000140059d30 f    CIL library: CIL module
 0001:00059c60       ?CompareBSPLuxels@@YA?AW4qboolean@@PEAUrawLightmap_s@@H0H@Z 000000014005ac60 f    CIL library: CIL module
 0001:0005a010       ?MergeBSPLuxels@@YA?AW4qboolean@@PEAUrawLightmap_s@@H0H@Z 000000014005b010 f    CIL library: CIL module
 0001:0005a290       ?ApproximateLuxel@@YA?AW4qboolean@@PEAUrawLightmap_s@@PEAUbspDrawVert_t@@@Z 000000014005b290 f    CIL library: CIL module
 0001:0005a490       ?ApproximateTriangle_r@@YA?AW4qboolean@@PEAUrawLightmap_s@@QEAPEAUbspDrawVert_t@@@Z 000000014005b490 f    CIL library: CIL module
 0001:0005a6a0       ?ApproximateLightmap@@YA?AW4qboolean@@PEAUrawLightmap_s@@@Z 000000014005b6a0 f    CIL library: CIL module
 0001:0005ab40       ?TestOutLightmapStamp@@YA?AW4qboolean@@PEAUrawLightmap_s@@HPEAUoutLightmap_s@@HH@Z 000000014005bb40 f    CIL library: CIL module
 0001:0005acd0       ?SetupOutLightmap@@YAXPEAUrawLightmap_s@@PEAUoutLightmap_s@@@Z 000000014005bcd0 f    CIL library: CIL module
 0001:0005ae30       ?FindOutLightmaps@@YAXPEAUrawLightmap_s@@@Z 000000014005be30 f    CIL library: CIL module
 0001:0005b720       ?CompareRawLightmap@@YAHPEBX0@Z 000000014005c720 f    CIL library: CIL module
 0001:00063ef0       ?ConvertCollapsedSurface@@YAXPEAU_iobuf@@PEAUbspModel_t@@HHHQEAM@Z 0000000140064ef0 f    CIL library: CIL module
 0001:00064bc0       ?ConvertSurface@@YAXPEAU_iobuf@@PEAUbspModel_t@@HPEAUbspDrawSurface_t@@HQEAM@Z 0000000140065bc0 f    CIL library: CIL module
 0001:00065230       ?ConvertModel@@YAXPEAU_iobuf@@PEAUbspModel_t@@HQEAMH@Z 0000000140066230 f    CIL library: CIL module
 0001:00065350       ?ConvertShader@@YAXPEAU_iobuf@@PEAUbspShader_t@@H@Z 0000000140066350 f    CIL library: CIL module
 0001:00065a60       ?ConvertBrush@@YAXPEAU_iobuf@@HPEAUbspBrush_t@@QEAM@Z 0000000140066a60 f    CIL library: CIL module
 0001:00065de0       ?ConvertPatch@@YAXPEAU_iobuf@@HPEAUbspDrawSurface_t@@QEAM@Z 0000000140066de0 f    CIL library: CIL module
 0001:00066000       ?ConvertModel@@YAXPEAU_iobuf@@PEAUbspModel_t@@HQEAM@Z 0000000140067000 f    CIL library: CIL module
 0001:000683c0       DDSDecodePixelFormat       00000001400693c0 f   ddslib:ddslib.obj
 0001:00068480       DDSGetColorBlockColors     0000000140069480 f   ddslib:ddslib.obj
 0001:00068650       DDSDecodeColorBlock        0000000140069650 f   ddslib:ddslib.obj
 0001:00068730       DDSDecodeAlphaExplicit     0000000140069730 f   ddslib:ddslib.obj
 0001:00068830       DDSDecodeAlpha3BitLinear   0000000140069830 f   ddslib:ddslib.obj
 0001:00068b30       DDSDecompressDXT1          0000000140069b30 f   ddslib:ddslib.obj
 0001:00068c40       DDSDecompressDXT3          0000000140069c40 f   ddslib:ddslib.obj
 0001:00068dc0       DDSDecompressDXT5          0000000140069dc0 f   ddslib:ddslib.obj
 0001:00068f40       DDSDecompressDXT2          0000000140069f40 f   ddslib:ddslib.obj
 0001:00068f50       DDSDecompressDXT4          0000000140069f50 f   ddslib:ddslib.obj
 0001:00068f60       DDSDecompressARGB8888      0000000140069f60 f   ddslib:ddslib.obj
 0001:00069390       ?default_decompress_parms@@YAXPEAUjpeg_decompress_struct@@@Z 000000014006a390 f   jpeg6:jdapimin.obj
 0001:000697b0       ?output_pass_setup@@YAEPEAUjpeg_decompress_struct@@@Z 000000014006a7b0 f   jpeg6:jdapistd.obj
 0001:000699b0       ?init_source@@YAXPEAUjpeg_decompress_struct@@@Z 000000014006a9b0 f   jpeg6:jdatasrc.obj
 0001:000699c0       ?fill_input_buffer@@YAEPEAUjpeg_decompress_struct@@@Z 000000014006a9c0 f   jpeg6:jdatasrc.obj
 0001:00069a20       ?skip_input_data@@YAXPEAUjpeg_decompress_struct@@J@Z 000000014006aa20 f   jpeg6:jdatasrc.obj
 0001:00069b20       ?error_exit@@YAXPEAUjpeg_common_struct@@@Z 000000014006ab20 f   jpeg6:jerror.obj
 0001:00069b50       ?output_message@@YAXPEAUjpeg_common_struct@@@Z 000000014006ab50 f   jpeg6:jerror.obj
 0001:00069b80       ?emit_message@@YAXPEAUjpeg_common_struct@@H@Z 000000014006ab80 f   jpeg6:jerror.obj
 0001:00069bc0       ?format_message@@YAXPEAUjpeg_common_struct@@PEAD@Z 000000014006abc0 f   jpeg6:jerror.obj
 0001:00069ca0       ?reset_error_mgr@@YAXPEAUjpeg_common_struct@@@Z 000000014006aca0 f   jpeg6:jerror.obj
 0001:00069d40       ?initial_setup@@YAXPEAUjpeg_decompress_struct@@@Z 000000014006ad40 f   jpeg6:jdinput.obj
 0001:00069f50       ?per_scan_setup@@YAXPEAUjpeg_decompress_struct@@@Z 000000014006af50 f   jpeg6:jdinput.obj
 0001:0006a130       ?latch_quant_tables@@YAXPEAUjpeg_decompress_struct@@@Z 000000014006b130 f   jpeg6:jdinput.obj
 0001:0006a200       ?start_input_pass@@YAXPEAUjpeg_decompress_struct@@@Z 000000014006b200 f   jpeg6:jdinput.obj
 0001:0006a250       ?consume_markers@@YAHPEAUjpeg_decompress_struct@@@Z 000000014006b250 f   jpeg6:jdinput.obj
 0001:0006a360       ?reset_input_controller@@YAXPEAUjpeg_decompress_struct@@@Z 000000014006b360 f   jpeg6:jdinput.obj
 0001:0006a3b0       ?finish_input_pass@@YAXPEAUjpeg_decompress_struct@@@Z 000000014006b3b0 f   jpeg6:jdinput.obj
 0001:0006a430       ?get_soi@@YAEPEAUjpeg_decompress_struct@@@Z 000000014006b430 f   jpeg6:jdmarker.obj
 0001:0006a4f0       ?get_sof@@YAEPEAUjpeg_decompress_struct@@EE@Z 000000014006b4f0 f   jpeg6:jdmarker.obj
 0001:0006a840       ?get_sos@@YAEPEAUjpeg_decompress_struct@@@Z 000000014006b840 f   jpeg6:jdmarker.obj
 0001:0006ab70       ?get_app0@@YAEPEAUjpeg_decompress_struct@@@Z 000000014006bb70 f   jpeg6:jdmarker.obj
 0001:0006ae50       ?get_app14@@YAEPEAUjpeg_decompress_struct@@@Z 000000014006be50 f   jpeg6:jdmarker.obj
 0001:0006b040       ?get_dac@@YAEPEAUjpeg_decompress_struct@@@Z 000000014006c040 f   jpeg6:jdmarker.obj
 0001:0006b1f0       ?get_dht@@YAEPEAUjpeg_decompress_struct@@@Z 000000014006c1f0 f   jpeg6:jdmarker.obj
 0001:0006b520       ?get_dqt@@YAEPEAUjpeg_decompress_struct@@@Z 000000014006c520 f   jpeg6:jdmarker.obj
 0001:0006b7a0       ?get_dri@@YAEPEAUjpeg_decompress_struct@@@Z 000000014006c7a0 f   jpeg6:jdmarker.obj
 0001:0006b8c0       ?skip_variable@@YAEPEAUjpeg_decompress_struct@@@Z 000000014006c8c0 f   jpeg6:jdmarker.obj
 0001:0006b990       ?next_marker@@YAEPEAUjpeg_decompress_struct@@@Z 000000014006c990 f   jpeg6:jdmarker.obj
 0001:0006bb00       ?first_marker@@YAEPEAUjpeg_decompress_struct@@@Z 000000014006cb00 f   jpeg6:jdmarker.obj
 0001:0006bbd0       ?read_markers@@YAHPEAUjpeg_decompress_struct@@@Z 000000014006cbd0 f   jpeg6:jdmarker.obj
 0001:0006bef0       ?read_restart_marker@@YAEPEAUjpeg_decompress_struct@@@Z 000000014006cef0 f   jpeg6:jdmarker.obj
 0001:0006c0c0       ?reset_marker_reader@@YAXPEAUjpeg_decompress_struct@@@Z 000000014006d0c0 f   jpeg6:jdmarker.obj
 0001:0006c1b0       ?out_of_memory@@YAXPEAUjpeg_common_struct@@H@Z 000000014006d1b0 f   jpeg6:jmemmgr.obj
 0001:0006c1d0       ?alloc_small@@YAPEAXPEAUjpeg_common_struct@@H_K@Z 000000014006d1d0 f   jpeg6:jmemmgr.obj
 0001:0006c350       ?alloc_large@@YAPEAXPEAUjpeg_common_struct@@H_K@Z 000000014006d350 f   jpeg6:jmemmgr.obj
 0001:0006c430       ?alloc_sarray@@YAPEAPEAEPEAUjpeg_common_struct@@HII@Z 000000014006d430 f   jpeg6:jmemmgr.obj
 0001:0006c520       ?alloc_barray@@YAPEAPEAY0EA@FPEAUjpeg_common_struct@@HII@Z 000000014006d520 f   jpeg6:jmemmgr.obj
 0001:0006c630       ?request_virt_sarray@@YAPEAUjvirt_sarray_control@@PEAUjpeg_common_struct@@HEIII@Z 000000014006d630 f   jpeg6:jmemmgr.obj
 0001:0006c6e0       ?request_virt_barray@@YAPEAUjvirt_barray_control@@PEAUjpeg_common_struct@@HEIII@Z 000000014006d6e0 f   jpeg6:jmemmgr.obj
 0001:0006c790       ?realize_virt_arrays@@YAXPEAUjpeg_common_struct@@@Z 000000014006d790 f   jpeg6:jmemmgr.obj
 0001:0006c970       ?do_sarray_io@@YAXPEAUjpeg_common_struct@@PEAUjvirt_sarray_control@@E@Z 000000014006d970 f   jpeg6:jmemmgr.obj
 0001:0006ca30       ?do_barray_io@@YAXPEAUjpeg_common_struct@@PEAUjvirt_barray_control@@E@Z 000000014006da30 f   jpeg6:jmemmgr.obj
 0001:0006caf0       ?access_virt_sarray@@YAPEAPEAEPEAUjpeg_common_struct@@PEAUjvirt_sarray_control@@IIE@Z 000000014006daf0 f   jpeg6:jmemmgr.obj
 0001:0006cc50       ?access_virt_barray@@YAPEAPEAY0EA@FPEAUjpeg_common_struct@@PEAUjvirt_barray_control@@IIE@Z 000000014006dc50 f   jpeg6:jmemmgr.obj
 0001:0006cdb0       ?free_pool@@YAXPEAUjpeg_common_struct@@H@Z 000000014006ddb0 f   jpeg6:jmemmgr.obj
 0001:0006cf00       ?self_destruct@@YAXPEAUjpeg_common_struct@@@Z 000000014006df00 f   jpeg6:jmemmgr.obj
 0001:0006d180       ?use_merged_upsample@@YAEPEAUjpeg_decompress_struct@@@Z 000000014006e180 f   jpeg6:jdmaster.obj
 0001:0006d240       ?prepare_range_limit_table@@YAXPEAUjpeg_decompress_struct@@@Z 000000014006e240 f   jpeg6:jdmaster.obj
 0001:0006d2f0       ?master_selection@@YAXPEAUjpeg_decompress_struct@@@Z 000000014006e2f0 f   jpeg6:jdmaster.obj
 0001:0006d4a0       ?prepare_for_output_pass@@YAXPEAUjpeg_decompress_struct@@@Z 000000014006e4a0 f   jpeg6:jdmaster.obj
 0001:0006d5f0       ?finish_output_pass@@YAXPEAUjpeg_decompress_struct@@@Z 000000014006e5f0 f   jpeg6:jdmaster.obj
 0001:0006d760       ?dummy_consume_data@@YAHPEAUjpeg_decompress_struct@@@Z 000000014006e760 f   jpeg6:jmemnobs.obj
 0001:0006d770       ?alloc_funny_pointers@@YAXPEAUjpeg_decompress_struct@@@Z 000000014006e770 f   jpeg6:jdmainct.obj
 0001:0006d870       ?make_funny_pointers@@YAXPEAUjpeg_decompress_struct@@@Z 000000014006e870 f   jpeg6:jdmainct.obj
 0001:0006da10       ?set_wraparound_pointers@@YAXPEAUjpeg_decompress_struct@@@Z 000000014006ea10 f   jpeg6:jdmainct.obj
 0001:0006db20       ?set_bottom_pointers@@YAXPEAUjpeg_decompress_struct@@@Z 000000014006eb20 f   jpeg6:jdmainct.obj
 0001:0006dbf0       ?process_data_simple_main@@YAXPEAUjpeg_decompress_struct@@PEAPEAEPEAII@Z 000000014006ebf0 f   jpeg6:jdmainct.obj
 0001:0006dca0       ?process_data_context_main@@YAXPEAUjpeg_decompress_struct@@PEAPEAEPEAII@Z 000000014006eca0 f   jpeg6:jdmainct.obj
 0001:0006de30       ?start_pass_main@@YAXPEAUjpeg_decompress_struct@@W4J_BUF_MODE@@@Z 000000014006ee30 f   jpeg6:jdmainct.obj
 0001:0006dfe0       ?start_iMCU_row@@YAXPEAUjpeg_decompress_struct@@@Z 000000014006efe0 f   jpeg6:jdcoefct.obj
 0001:0006e040       ?start_input_pass@@YAXPEAUjpeg_decompress_struct@@@Z 000000014006f040 f   jpeg6:jdcoefct.obj
 0001:0006e050       ?start_output_pass@@YAXPEAUjpeg_decompress_struct@@@Z 000000014006f050 f   jpeg6:jdcoefct.obj
 0001:0006e060       ?decompress_onepass@@YAHPEAUjpeg_decompress_struct@@PEAPEAPEAE@Z 000000014006f060 f   jpeg6:jdcoefct.obj
 0001:0006e8a0       ?process_restart@@YAEPEAUjpeg_decompress_struct@@@Z 000000014006f8a0 f   jpeg6:jdhuff.obj
 0001:0006e940       ?decode_mcu@@YAEPEAUjpeg_decompress_struct@@PEAPEAY0EA@F@Z 000000014006f940 f   jpeg6:jdhuff.obj
 0001:0006ee10       ?start_pass_huff_decoder@@YAXPEAUjpeg_decompress_struct@@@Z 000000014006fe10 f   jpeg6:jdhuff.obj
 0001:0006efd0       ?start_pass@@YAXPEAUjpeg_decompress_struct@@@Z 000000014006ffd0 f   jpeg6:jddctmgr.obj
 0001:0006f390       ?post_process_1pass@@YAXPEAUjpeg_decompress_struct@@PEAPEAPEAEPEAIIPEAPEAE2I@Z 0000000140070390 f   jpeg6:jdpostct.obj
 0001:0006f440       ?start_pass_dpost@@YAXPEAUjpeg_decompress_struct@@W4J_BUF_MODE@@@Z 0000000140070440 f   jpeg6:jdpostct.obj
 0001:0006f590       ?start_pass_upsample@@YAXPEAUjpeg_decompress_struct@@@Z 0000000140070590 f   jpeg6:jdsample.obj
 0001:0006f5b0       ?sep_upsample@@YAXPEAUjpeg_decompress_struct@@PEAPEAPEAEPEAIIPEAPEAE2I@Z 00000001400705b0 f   jpeg6:jdsample.obj
 0001:0006f700       ?fullsize_upsample@@YAXPEAUjpeg_decompress_struct@@PEAUjpeg_component_info@@PEAPEAEPEAPEAPEAE@Z 0000000140070700 f   jpeg6:jdsample.obj
 0001:0006f710       ?noop_upsample@@YAXPEAUjpeg_decompress_struct@@PEAUjpeg_component_info@@PEAPEAEPEAPEAPEAE@Z 0000000140070710 f   jpeg6:jdsample.obj
 0001:0006f720       ?int_upsample@@YAXPEAUjpeg_decompress_struct@@PEAUjpeg_component_info@@PEAPEAEPEAPEAPEAE@Z 0000000140070720 f   jpeg6:jdsample.obj
 0001:0006f880       ?h2v1_upsample@@YAXPEAUjpeg_decompress_struct@@PEAUjpeg_component_info@@PEAPEAEPEAPEAPEAE@Z 0000000140070880 f   jpeg6:jdsample.obj
 0001:0006f8f0       ?h2v2_upsample@@YAXPEAUjpeg_decompress_struct@@PEAUjpeg_component_info@@PEAPEAEPEAPEAPEAE@Z 00000001400708f0 f   jpeg6:jdsample.obj
 0001:0006f9b0       ?h2v1_fancy_upsample@@YAXPEAUjpeg_decompress_struct@@PEAUjpeg_component_info@@PEAPEAEPEAPEAPEAE@Z 00000001400709b0 f   jpeg6:jdsample.obj
 0001:0006faa0       ?h2v2_fancy_upsample@@YAXPEAUjpeg_decompress_struct@@PEAUjpeg_component_info@@PEAPEAEPEAPEAPEAE@Z 0000000140070aa0 f   jpeg6:jdsample.obj
 0001:0006fe60       ?build_ycc_rgb_table@@YAXPEAUjpeg_decompress_struct@@@Z 0000000140070e60 f   jpeg6:jdcolor.obj
 0001:0006ff60       ?ycc_rgb_convert@@YAXPEAUjpeg_decompress_struct@@PEAPEAPEAEIPEAPEAEH@Z 0000000140070f60 f   jpeg6:jdcolor.obj
 0001:00070100       ?null_convert@@YAXPEAUjpeg_decompress_struct@@PEAPEAPEAEIPEAPEAEH@Z 0000000140071100 f   jpeg6:jdcolor.obj
 0001:000701c0       ?grayscale_convert@@YAXPEAUjpeg_decompress_struct@@PEAPEAPEAEIPEAPEAEH@Z 00000001400711c0 f   jpeg6:jdcolor.obj
 0001:00070200       ?ycck_cmyk_convert@@YAXPEAUjpeg_decompress_struct@@PEAPEAPEAEIPEAPEAEH@Z 0000000140071200 f   jpeg6:jdcolor.obj
 0001:00073980       ?term_source@@YAXPEAUjpeg_decompress_struct@@@Z 0000000140074980 f   picomodel:picointernal.obj
 0001:00073980       ?start_pass_dcolor@@YAXPEAUjpeg_decompress_struct@@@Z 0000000140074980 f   picomodel:picointernal.obj
 0001:00074470       _obj_canload               0000000140075470 f   picomodel:pm_obj.obj
 0001:000745d0       SizeObjVertexData          00000001400755d0 f   picomodel:pm_obj.obj
 0001:00074690       FreeObjVertexData          0000000140075690 f   picomodel:pm_obj.obj
 0001:000746b0       _obj_load                  00000001400756b0 f   picomodel:pm_obj.obj
 0001:000755c0       _terrain_canload           00000001400765c0 f   picomodel:pm_terrain.obj
 0001:00075630       _terrain_load              0000000140076630 f   picomodel:pm_terrain.obj
 0001:00075e10       lwo_lwIDToStr              0000000140076e10 f   picomodel:pm_lwo.obj
 0001:00075e60       _lwo_canload               0000000140076e60 f   picomodel:pm_lwo.obj
 0001:00075ed0       _lwo_load                  0000000140076ed0 f   picomodel:pm_lwo.obj
 0001:000767d0       _fm_canload                00000001400777d0 f   picomodel:pm_fm.obj
 0001:00076900       _fm_load                   0000000140077900 f   picomodel:pm_fm.obj
 0001:000773e0       _md2_canload               00000001400783e0 f   picomodel:pm_md2.obj
 0001:00077430       _md2_load                  0000000140078430 f   picomodel:pm_md2.obj
 0001:00077ea0       _mdc_canload               0000000140078ea0 f   picomodel:pm_mdc.obj
 0001:00077ef0       _mdc_load                  0000000140078ef0 f   picomodel:pm_mdc.obj
 0001:000787d0       _ms3d_canload              00000001400797d0 f   picomodel:pm_ms3d.obj
 0001:00078850       GetWord                    0000000140079850 f   picomodel:pm_ms3d.obj
 0001:00078890       _ms3d_load                 0000000140079890 f   picomodel:pm_ms3d.obj
 0001:00078fc0       _ase_get_material          0000000140079fc0 f   picomodel:pm_ase.obj
 0001:00078fe0       _ase_get_submaterial       0000000140079fe0 f   picomodel:pm_ase.obj
 0001:00079090       _ase_add_material          000000014007a090 f   picomodel:pm_ase.obj
 0001:000790d0       _ase_add_submaterial       000000014007a0d0 f   picomodel:pm_ase.obj
 0001:00079150       _ase_free_materials        000000014007a150 f   picomodel:pm_ase.obj
 0001:000791d0       _ase_canload               000000014007a1d0 f   picomodel:pm_ase.obj
 0001:00079260       _ase_submit_triangles      000000014007a260 f   picomodel:pm_ase.obj
 0001:000797c0       _ase_load                  000000014007a7c0 f   picomodel:pm_ase.obj
 0001:0007add0       _3ds_canload               000000014007bdd0 f   picomodel:pm_3ds.obj
 0001:0007ae30       GetChunk                   000000014007be30 f   picomodel:pm_3ds.obj
 0001:0007ae90       GetASCIIZ                  000000014007be90 f   picomodel:pm_3ds.obj
 0001:0007af20       GetByte                    000000014007bf20 f   picomodel:pm_3ds.obj
 0001:0007af40       GetWord                    000000014007bf40 f   picomodel:pm_3ds.obj
 0001:0007af80       GetFloat                   000000014007bf80 f   picomodel:pm_3ds.obj
 0001:0007afb0       GetMeshVertices            000000014007bfb0 f   picomodel:pm_3ds.obj
 0001:0007b040       GetMeshFaces               000000014007c040 f   picomodel:pm_3ds.obj
 0001:0007b100       GetMeshTexCoords           000000014007c100 f   picomodel:pm_3ds.obj
 0001:0007b190       GetMeshShader              000000014007c190 f   picomodel:pm_3ds.obj
 0001:0007b360       GetDiffuseColor            000000014007c360 f   picomodel:pm_3ds.obj
 0001:0007b3b0       DoNextEditorDataChunk      000000014007c3b0 f   picomodel:pm_3ds.obj
 0001:0007b630       DoNextChunk                000000014007c630 f   picomodel:pm_3ds.obj
 0001:0007b6f0       _3ds_load                  000000014007c6f0 f   picomodel:pm_3ds.obj
 0001:0007b800       _md3_canload               000000014007c800 f   picomodel:pm_md3.obj
 0001:0007b850       _md3_load                  000000014007c850 f   picomodel:pm_md3.obj
 0001:0007ee20       compare_shaders            000000014007fe20 f   picomodel:surface.obj
 0001:0007ee20       compare_textures           000000014007fe20 f   picomodel:surface.obj
 0001:0007ee50       add_texture                000000014007fe50 f   picomodel:surface.obj
 0001:0007fb60       compare_keys               0000000140080b60 f   picomodel:envelope.obj
 0001:00080610       add_clip                   0000000140081610 f   picomodel:lwob.obj
 0001:000806c0       add_tvel                   00000001400816c0 f   picomodel:lwob.obj
 0001:00080840       get_texture                0000000140081840 f   picomodel:lwob.obj
 0001:00081ae8       pre_cpp_init               0000000140082ae8 f   MSVCRT:crtexe.obj
 0001:00081b50       __tmainCRTStartup          0000000140082b50 f   MSVCRT:crtexe.obj
 0001:00081cd0       pre_c_init                 0000000140082cd0 f   MSVCRT:crtexe.obj
 0001:00082170       _onexit$fin$0              0000000140083170 f   MSVCRT:atonexit.obj
 0001:00082189       __tmainCRTStartup$filt$0   0000000140083189 f   MSVCRT:crtexe.obj
 0001:000821b0       _IsNonwritableInCurrentImage$filt$0 00000001400831b0 f   MSVCRT:pesect.obj
