 bloodmap

 Timestamp is 53448415 (Wed Apr 09 03:19:49 2014)

 Preferred load address is 0000000140000000

 Start         Length     Name                   Class
 0001:00000000 000832a8H .text                   CODE
 0001:000832b0 0000005eH .text$00                CODE
 0001:00083310 00000061H .text$x                 CODE
 0002:00000000 000004d0H .idata$5                DATA
 0002:000004d0 00000008H .CRT$XCA                DATA
 0002:000004d8 00000008H .CRT$XCAA               DATA
 0002:000004e0 00000008H .CRT$XCZ                DATA
 0002:000004e8 00000008H .CRT$XIA                DATA
 0002:000004f0 00000008H .CRT$XIAA               DATA
 0002:000004f8 00000008H .CRT$XIY                DATA
 0002:00000500 00000008H .CRT$XIZ                DATA
 0002:00000510 0000fca0H .rdata                  DATA
 0002:000101b0 00000042H .rdata$debug            DATA
 0002:000101f8 00000008H .rtc$IAA                DATA
 0002:00010200 00000008H .rtc$IZZ                DATA
 0002:00010208 00000008H .rtc$TAA                DATA
 0002:00010210 00000008H .rtc$TZZ                DATA
 0002:00010218 00009740H .xdata                  DATA
 0002:00019958 00000078H .idata$2                DATA
 0002:000199d0 00000014H .idata$3                DATA
 0002:000199e8 000004d0H .idata$4                DATA
 0002:00019eb8 00000752H .idata$6                DATA
 0002:0001a60a 00000000H .edata                  DATA
 0003:00000000 00014528H .data                   DATA
 0003:00014540 0f5bcde0H .bss                    DATA
 0004:00000000 00006210H .pdata                  DATA
 0005:00000000 00000250H .rsrc$01                DATA
 0005:00000250 000102f8H .rsrc$02                DATA

  Address         Publics by Value              Rva+Base               Lib:Object

 0000:00000000       ___safe_se_handler_count   0000000000000000     <absolute>
 0000:00000000       ___safe_se_handler_table   0000000000000000     <absolute>
 0000:00000000       __ImageBase                0000000140000000     <linker-defined>
 0001:00000000       ?IncDrawVerts@@YAXXZ       0000000140001000 f   bspfile_abstract.obj
 0001:000000d0       ?SetDrawVerts@@YAXH@Z      00000001400010d0 f   bspfile_abstract.obj
 0001:00000190       ?SetDrawSurfaces@@YAXH@Z   0000000140001190 f   bspfile_abstract.obj
 0001:00000250       ?SwapBSPFile@@YAXXZ        0000000140001250 f   bspfile_abstract.obj
 0001:00000420       ?WriteBSPFile@@YAXPEBD@Z   0000000140001420 f   bspfile_abstract.obj
 0001:000004c0       ?PrintBSPFileSizes@@YAXXZ  00000001400014c0 f   bspfile_abstract.obj
 0001:00000760       ?ParseEPair@@YAPEAUepair_s@@XZ 0000000140001760 f   bspfile_abstract.obj
 0001:000008d0       ?ParseEntity@@YA?AW4qboolean@@XZ 00000001400018d0 f   bspfile_abstract.obj
 0001:000009d0       ?ParseEntities@@YAXXZ      00000001400019d0 f   bspfile_abstract.obj
 0001:00000a70       ?UnparseEntities@@YAXW4qboolean@@@Z 0000000140001a70 f   bspfile_abstract.obj
 0001:00000db0       ?SetKeyValue@@YAXPEAUentity_t@@PEBD1@Z 0000000140001db0 f   bspfile_abstract.obj
 0001:00000f00       ?ValueForKey@@YAPEBDPEBUentity_t@@PEBD@Z 0000000140001f00 f   bspfile_abstract.obj
 0001:00000f70       ?IntForKey@@YAHPEBUentity_t@@PEBD@Z 0000000140001f70 f   bspfile_abstract.obj
 0001:00000ff0       ?FloatForKey@@YAMPEBUentity_t@@PEBD@Z 0000000140001ff0 f   bspfile_abstract.obj
 0001:00001060       ?GetVectorForKey@@YAXPEBUentity_t@@PEBDQEAM@Z 0000000140002060 f   bspfile_abstract.obj
 0001:00001120       ?FindTargetEntity@@YAPEAUentity_t@@PEBD@Z 0000000140002120 f   bspfile_abstract.obj
 0001:000011f0       ?GetEntityShadowFlags@@YAXPEBUentity_t@@0PEAD1@Z 00000001400021f0 f   bspfile_abstract.obj
 0001:00002610       ?LoadIBSPFile@@YAXPEBD@Z   0000000140003610 f   bspfile_ibsp.obj
 0001:00002be0       ?WriteIBSPFile@@YAXPEBD@Z  0000000140003be0 f   bspfile_ibsp.obj
 0001:00003610       ?LoadRBSPFile@@YAXPEBD@Z   0000000140004610 f   bspfile_rbsp.obj
 0001:00003dd0       ?WriteRBSPFile@@YAXPEBD@Z  0000000140004dd0 f   bspfile_rbsp.obj
 0001:000044a0       ?AllocateDiskPage@@YAXPEAUdiskCache_t@@HH@Z 00000001400054a0 f   diskcache.obj
 0001:00004590       ?SelectDiskPage@@YAPEAUcachePage_s@@PEAUdiskCache_t@@H@Z 0000000140005590 f   diskcache.obj
 0001:00004630       ?DeselectDiskPage@@YAXPEAUdiskCache_t@@H@Z 0000000140005630 f   diskcache.obj
 0001:000047c0       ?PNGReadData@@YAXPEAUpng_struct_def@@PEAE_K@Z 00000001400057c0 f   image.obj
 0001:00004c00       ?ImageFind@@YAPEAUimage_s@@PEBD@Z 0000000140005c00 f   image.obj
 0001:00004cf0       ?ImageLoad@@YAPEAUimage_s@@PEBD@Z 0000000140005cf0 f   image.obj
 0001:00005580       ?FixAAS@@YAHHPEAPEAD@Z     0000000140006580 f   main.obj
 0001:00005810       ?AnalyzeBSP@@YAHHPEAPEAD@Z 0000000140006810 f   main.obj
 0001:00005c00       ?BSPInfo@@YAHHPEAPEAD@Z    0000000140006c00 f   main.obj
 0001:00005f40       ?ScaleBSPMain@@YAHHPEAPEAD@Z 0000000140006f40 f   main.obj
 0001:00006f00       ?ConvertBSPMain@@YAHHPEAPEAD@Z 0000000140007f00 f   main.obj
 0001:00007250       main                       0000000140008250 f   main.obj
 0001:00007890       ?LerpDrawVert@@YAXPEAUbspDrawVert_t@@00@Z 0000000140008890 f   mesh.obj
 0001:00007a50       ?LerpDrawVertAmount@@YAXPEAUbspDrawVert_t@@0M0@Z 0000000140008a50 f   mesh.obj
 0001:00007cc0       ?CopyMesh@@YAPEAUmesh_t@@PEAU1@@Z 0000000140008cc0 f   mesh.obj
 0001:00007d40       ?TransposeMesh@@YAPEAUmesh_t@@PEAU1@@Z 0000000140008d40 f   mesh.obj
 0001:00007e40       ?InvertMesh@@YAXPEAUmesh_t@@@Z 0000000140008e40 f   mesh.obj
 0001:00007f80       ?MakeMeshNormals@@YAXUmesh_t@@@Z 0000000140008f80 f   mesh.obj
 0001:00008510       ?PutMeshOnCurve@@YAXUmesh_t@@@Z 0000000140009510 f   mesh.obj
 0001:00008950       ?SubdivideMesh@@YAPEAUmesh_t@@U1@MM@Z 0000000140009950 f   mesh.obj
 0001:00009280       ?IterationsForCurve@@YAHMH@Z 000000014000a280 f   mesh.obj
 0001:00009300       ?SubdivideMesh2@@YAPEAUmesh_t@@U1@H@Z 000000014000a300 f   mesh.obj
 0001:00009850       ?RemoveLinearMeshColumnsRows@@YAPEAUmesh_t@@PEAU1@@Z 000000014000a850 f   mesh.obj
 0001:00009e40       ?PicoPrintFunc@@YAXHPEBD@Z 000000014000ae40 f   model.obj
 0001:00009ec0       ?PicoLoadFileFunc@@YAXPEADPEAPEAEPEAH@Z 000000014000aec0 f   model.obj
 0001:00009ee0       ?FindModel@@YAPEAUpicoModel_s@@PEBDH@Z 000000014000aee0 f   model.obj
 0001:00009fb0       ?LoadModel@@YAPEAUpicoModel_s@@PEBDH@Z 000000014000afb0 f   model.obj
 0001:0000a0b0       ?InsertModel@@YAXPEADHHQEAMMPEAUremap_s@@PEAUshaderInfo_s@@HDDHMHEHW4qboolean@@M@Z 000000014000b0b0 f   model.obj
 0001:0000b300       ?LoadTriangleModels@@YAXXZ 000000014000c300 f   model.obj
 0001:0000b530       ?AddTriangleModels@@YAXPEAUentity_t@@@Z 000000014000c530 f   model.obj
 0001:0000c6b0       ?TidyShaders@@YAXXZ        000000014000d6b0 f   optimize.obj
 0001:0000ce10       ?MergeDrawSurfaces@@YAXXZ  000000014000de10 f   optimize.obj
 0001:0000da40       ?MergeDrawVerts@@YAXXZ     000000014000ea40 f   optimize.obj
 0001:0000e490       ?OptimizeBSPMain@@YAHHPEAPEAD@Z 000000014000f490 f   optimize.obj
 0001:0000ea20       ?AllocateEntity@@YAPEAUentity_t@@PEAU1@@Z 000000014000fa20 f   patchbsp.obj
 0001:0000eaa0       ?FindMapEntityByUniqueKey@@YAPEAUentity_t@@PEBD@Z 000000014000faa0 f   patchbsp.obj
 0001:0000ebb0       ?PatchEntities@@YAXXZ      000000014000fbb0 f   patchbsp.obj
 0001:0000f130       ?PatchBSPMain@@YAHHPEAPEAD@Z 0000000140010130 f   patchbsp.obj
 0001:0000f700       ?GetGame@@YAPEAUgame_s@@PEAD@Z 0000000140010700 f   path_init.obj
 0001:0000f850       ?AddBasePath@@YAXPEAD@Z    0000000140010850 f   path_init.obj
 0001:0000f8f0       ?AddGamePath@@YAXPEAD@Z    00000001400108f0 f   path_init.obj
 0001:0000f990       ?InitPaths@@YAXPEAHPEAPEAD@Z 0000000140010990 f   path_init.obj
 0001:0000fe70       ?ColorModBuildRandomMatrix@@YAXXZ 0000000140010e70 f   shaders.obj
 0001:0000ff20       ?ColorModRandom@@YAMQEAMM@Z 0000000140010f20 f   shaders.obj
 0001:000101f0       ?ColorMod@@YAXPEAUmapDrawSurface_s@@PEAUcolorMod_s@@PEAUbrush_s@@HH@Z 00000001400111f0 f   shaders.obj
 0001:00010980       ?TCModMultiply@@YAXQEAY02M00@Z 0000000140011980 f   shaders.obj
 0001:00010b00       ?TCModRotate@@YAXQEAY02MM@Z 0000000140011b00 f   shaders.obj
 0001:00010bf0       ?ApplySurfaceParm@@YA?AW4qboolean@@PEADPEAH11@Z 0000000140011bf0 f   shaders.obj
 0001:00010d40       ?BeginMapShaderFile@@YAXPEBD@Z 0000000140011d40 f   shaders.obj
 0001:00010e90       ?WriteMapShaderFile@@YAXXZ 0000000140011e90 f   shaders.obj
 0001:00011010       ?CustomShader@@YAPEAUshaderInfo_s@@PEAU1@PEAD1@Z 0000000140012010 f   shaders.obj
 0001:000116c0       ?FinishShader@@YAXPEAUshaderInfo_s@@@Z 00000001400126c0 f   shaders.obj
 0001:00011e00       ?ShaderInfoForShader@@YAPEAUshaderInfo_s@@PEBD@Z 0000000140012e00 f   shaders.obj
 0001:00012000       ?GetTokenAppend@@YA?AW4qboolean@@PEADW41@@Z 0000000140013000 f   shaders.obj
 0001:00012100       ?Parse1DMatrixAppend@@YAXPEADHPEAM@Z 0000000140013100 f   shaders.obj
 0001:00014af0       ?LoadShaderInfo@@YAXXZ     0000000140015af0 f   shaders.obj
 0001:00014e20       ?SetSurfaceExtra@@YAXPEAUmapDrawSurface_s@@H@Z 0000000140015e20 f   surface_extra.obj
 0001:00014ed0       ?WriteSurfaceExtraFile@@YAXPEBD@Z 0000000140015ed0 f   surface_extra.obj
 0001:00015260       ?LoadSurfaceExtraFile@@YAXPEBD@Z 0000000140016260 f   surface_extra.obj
 0001:00015730       ?safe_malloc_f@@YAPEAX_K@Z 0000000140016730 f   cmdlib.obj
 0001:00015770       ?safe_malloc_log@@YAPEAX_KPEBDH@Z 0000000140016770 f   cmdlib.obj
 0001:000158c0       ?safe_malloc_logend@@YAXXZ 00000001400168c0 f   cmdlib.obj
 0001:00015960       ?ExpandArg@@YAPEADPEBD@Z   0000000140016960 f   cmdlib.obj
 0001:000159f0       ?ExpandPath@@YAPEADPEBD@Z  00000001400169f0 f   cmdlib.obj
 0001:00015a60       ?Q_getwd@@YAXPEAD@Z        0000000140016a60 f   cmdlib.obj
 0001:00015ac0       ?LoadFile@@YAHPEBDPEAPEAX@Z 0000000140016ac0 f   cmdlib.obj
 0001:00015bb0       ?DefaultExtension@@YAXPEADPEBD@Z 0000000140016bb0 f   cmdlib.obj
 0001:00015c20       ?LBMRLEDecompress@@YAPEAEPEAE0H@Z 0000000140016c20 f   imagelib.obj
 0001:00015cf0       ?LoadLBM@@YAXPEBDPEAPEAE1@Z 0000000140016cf0 f   imagelib.obj
 0001:000160e0       ?LoadPCX@@YAXPEBDPEAPEAE1PEAH2@Z 00000001400170e0 f   imagelib.obj
 0001:00016380       ?LoadBMP@@YAXPEBDPEAPEAE1PEAH2@Z 0000000140017380 f   imagelib.obj
 0001:000169a0       ?Load256Image@@YAXPEBDPEAPEAE1PEAH2@Z 00000001400179a0 f   imagelib.obj
 0001:00016bb0       ?TargaError@@YAXPEAU_TargaHeader@@PEBD@Z 0000000140017bb0 f   imagelib.obj
 0001:00016c60       ?LoadTGABuffer@@YAXPEBE0PEAPEAEPEAH2@Z 0000000140017c60 f   imagelib.obj
 0001:00017330       ?LoadTGA@@YAXPEBDPEAPEAEPEAH2@Z 0000000140018330 f   imagelib.obj
 0001:000173c0       ?WriteTGA@@YAXPEBDPEAEHH@Z 00000001400183c0 f   imagelib.obj
 0001:000174d0       ?Load32BitImage@@YAXPEBDPEAPEAIPEAH2@Z 00000001400184d0 f   imagelib.obj
 0001:00017680       ?xml_SendNode@@YAXPEAU_xmlNode@@@Z 0000000140018680 f   inout.obj
 0001:000177a0       ?xml_Select@@YAXPEADHHW4qboolean@@@Z 00000001400187a0 f   inout.obj
 0001:000178e0       ?xml_Winding@@YAXPEADQEAY02MHW4qboolean@@@Z 00000001400188e0 f   inout.obj
 0001:00017a80       ?Broadcast_Shutdown@@YAXXZ 0000000140018a80 f   inout.obj
 0001:00017ac0       ?Sys_FPrintf@@YAXHPEBDZZ   0000000140018ac0 f   inout.obj
 0001:00017bf0       ?Sys_Printf@@YAXPEBDZZ     0000000140018bf0 f   inout.obj
 0001:00017cf0       ?Error@@YAXPEBDZZ          0000000140018cf0 f   inout.obj
 0001:00017e40       ?MD4Update@@YAXPEAUMD4_CTX_s@@PEAEI@Z 0000000140018e40 f   md4.obj
 0001:00017f10       ?MD4Final@@YAXQEAEPEAUMD4_CTX_s@@@Z 0000000140018f10 f   md4.obj
 0001:000185c0       ?AllocWinding@@YAPEAUwinding_t@@H@Z 00000001400195c0 f   polylib.obj
 0001:00018660       ?FreeWinding@@YAXPEAUwinding_t@@@Z 0000000140019660 f   polylib.obj
 0001:000186a0       ?WindingArea@@YAMPEAUwinding_t@@@Z 00000001400196a0 f   polylib.obj
 0001:00018800       ?BaseWindingForPlane@@YAPEAUwinding_t@@QEAMM@Z 0000000140019800 f   polylib.obj
 0001:00018b60       ?ReverseWinding@@YAPEAUwinding_t@@PEAU1@@Z 0000000140019b60 f   polylib.obj
 0001:00018c70       ?ClipWindingEpsilon@@YAXPEAUwinding_t@@QEAMMMPEAPEAU1@2@Z 0000000140019c70 f   polylib.obj
 0001:000190f0       ?ChopWindingInPlace@@YAXPEAPEAUwinding_t@@QEAMMM@Z 000000014001a0f0 f   polylib.obj
 0001:000194b0       ?WindingOnPlaneSide@@YAHPEAUwinding_t@@QEAMM@Z 000000014001a4b0 f   polylib.obj
 0001:000195d0       ?AddWindingToConvexHull@@YAXPEAUwinding_t@@PEAPEAU1@QEAM@Z 000000014001a5d0 f   polylib.obj
 0001:00019c20       ?AddScriptToStack@@YAXPEBDH@Z 000000014001ac20 f   scriplib.obj
 0001:00019d20       ?EndOfScript@@YA?AW4qboolean@@W41@@Z 000000014001ad20 f   scriplib.obj
 0001:00019e00       ?GetToken@@YA?AW4qboolean@@W41@@Z 000000014001ae00 f   scriplib.obj
 0001:0001a130       ?TokenAvailable@@YA?AW4qboolean@@XZ 000000014001b130 f   scriplib.obj
 0001:0001a170       ?MatchToken@@YAXPEAD@Z     000000014001b170 f   scriplib.obj
 0001:0001a1d0       ?Parse1DMatrix@@YAXHPEAM@Z 000000014001b1d0 f   scriplib.obj
 0001:0001a2c0       ?Parse2DMatrix@@YAXHHPEAM@Z 000000014001b2c0 f   scriplib.obj
 0001:0001a390       ?GetThreadWork@@YAHXZ      000000014001b390 f   threads.obj
 0001:0001a4d0       ?ThreadWorkerFunction@@YAXH@Z 000000014001b4d0 f   threads.obj
 0001:0001a500       ?RunThreadsOnIndividual@@YAXHW4qboolean@@P6AXH@Z@Z 000000014001b500 f   threads.obj
 0001:0001a580       ?RunThreadsOn@@YAXHW4qboolean@@P6AXH@Z@Z 000000014001b580 f   threads.obj
 0001:0001a840       ?unzOpen@@YAPEAXPEBD@Z     000000014001b840 f   unzip.obj
 0001:0001adf0       ?unzGoToFirstFile@@YAHPEAX@Z 000000014001bdf0 f   unzip.obj
 0001:0001ae50       ?unzGoToNextFile@@YAHPEAX@Z 000000014001be50 f   unzip.obj
 0001:0001b0d0       ?unzOpenCurrentFile@@YAHPEAX@Z 000000014001c0d0 f   unzip.obj
 0001:0001b250       ?unzReadCurrentFile@@YAHPEAX0I@Z 000000014001c250 f   unzip.obj
 0001:0001b480       ?unzCloseCurrentFile@@YAHPEAX@Z 000000014001c480 f   unzip.obj
 0001:0001b530       ?crc32@@YAKKPEBEI@Z        000000014001c530 f   unzip.obj
 0001:0001b680       ?inflate_blocks_reset@@YAXPEAUinflate_blocks_state@@PEAUz_stream_s@@PEAK@Z 000000014001c680 f   unzip.obj
 0001:0001b700       ?inflate_blocks_new@@YAPEAUinflate_blocks_state@@PEAUz_stream_s@@P6AKKPEBEI@ZI@Z 000000014001c700 f   unzip.obj
 0001:0001b7e0       ?inflate_blocks@@YAHPEAUinflate_blocks_state@@PEAUz_stream_s@@H@Z 000000014001c7e0 f   unzip.obj
 0001:0001c3c0       ?inflate_blocks_free@@YAHPEAUinflate_blocks_state@@PEAUz_stream_s@@@Z 000000014001d3c0 f   unzip.obj
 0001:0001c460       ?inflate_flush@@YAHPEAUinflate_blocks_state@@PEAUz_stream_s@@H@Z 000000014001d460 f   unzip.obj
 0001:0001ca80       ?inflate_trees_bits@@YAHPEAI0PEAPEAUinflate_huft_s@@PEAU1@PEAUz_stream_s@@@Z 000000014001da80 f   unzip.obj
 0001:0001cb60       ?inflate_fast@@YAHIIPEAUinflate_huft_s@@0PEAUinflate_blocks_state@@PEAUz_stream_s@@@Z 000000014001db60 f   unzip.obj
 0001:0001cef0       ?inflate_codes_new@@YAPEAUinflate_codes_state@@IIPEAUinflate_huft_s@@0PEAUz_stream_s@@@Z 000000014001def0 f   unzip.obj
 0001:0001cf60       ?inflate_codes@@YAHPEAUinflate_blocks_state@@PEAUz_stream_s@@H@Z 000000014001df60 f   unzip.obj
 0001:0001d560       ?adler32@@YAKKPEBEI@Z      000000014001e560 f   unzip.obj
 0001:0001d6d0       ?inflateReset@@YAHPEAUz_stream_s@@@Z 000000014001e6d0 f   unzip.obj
 0001:0001d790       ?inflateEnd@@YAHPEAUz_stream_s@@@Z 000000014001e790 f   unzip.obj
 0001:0001d7f0       ?inflateInit2_@@YAHPEAUz_stream_s@@HPEBDH@Z 000000014001e7f0 f   unzip.obj
 0001:0001d8e0       ?inflate@@YAHPEAUz_stream_s@@H@Z 000000014001e8e0 f   unzip.obj
 0001:0001dd60       ?zcalloc@@YAPEAEPEAEII@Z   000000014001ed60 f   unzip.obj
 0001:0001dd80       ?zcfree@@YAXPEAE0@Z        000000014001ed80 f   unzip.obj
 0001:0001df20       ?vfsInitDirectory@@YAXPEBD@Z 000000014001ef20 f   vfs.obj
 0001:0001e0f0       ?vfsGetFileCount@@YAHPEBD@Z 000000014001f0f0 f   vfs.obj
 0001:0001e270       ?vfsLoadFile@@YAHPEBDPEAPEAXH@Z 000000014001f270 f   vfs.obj
 0001:0001e5c0       ?AllocSideRef@@YAPEAUsideRef_s@@PEAUside_s@@PEAU1@@Z 000000014001f5c0 f   brush.obj
 0001:0001e610       ?AllocBrush@@YAPEAUbrush_s@@H@Z 000000014001f610 f   brush.obj
 0001:0001e690       ?FreeBrush@@YAXPEAUbrush_s@@@Z 000000014001f690 f   brush.obj
 0001:0001e780       ?CopyBrush@@YAPEAUbrush_s@@PEAU1@@Z 000000014001f780 f   brush.obj
 0001:0001e850       ?BoundBrush@@YA?AW4qboolean@@PEAUbrush_s@@@Z 000000014001f850 f   brush.obj
 0001:0001e940       ?SnapWeldVector@@YAXQEAM00@Z 000000014001f940 f   brush.obj
 0001:0001ea80       ?FixWinding@@YA?AW4qboolean@@PEAUwinding_t@@@Z 000000014001fa80 f   brush.obj
 0001:0001ebf0       ?CreateBrushWindings@@YA?AW4qboolean@@PEAUbrush_s@@@Z 000000014001fbf0 f   brush.obj
 0001:0001ed50       ?BrushVolume@@YAMPEAUbrush_s@@@Z 000000014001fd50 f   brush.obj
 0001:0001ee80       ?WriteBSPBrushMap@@YAXPEADPEAUbrush_s@@@Z 000000014001fe80 f   brush.obj
 0001:0001f060       ?FilterBrushIntoTree_r@@YAHPEAUbrush_s@@PEAUnode_s@@@Z 0000000140020060 f   brush.obj
 0001:0001f130       ?FilterDetailBrushesIntoTree@@YAXPEAUentity_t@@PEAUtree_t@@@Z 0000000140020130 f   brush.obj
 0001:0001f200       ?FilterStructuralBrushesIntoTree@@YAXPEAUentity_t@@PEAUtree_t@@@Z 0000000140020200 f   brush.obj
 0001:0001f2d0       ?WindingIsTiny@@YA?AW4qboolean@@PEAUwinding_t@@@Z 00000001400202d0 f   brush.obj
 0001:0001f3b0       ?BrushMostlyOnSide@@YAHPEAUbrush_s@@PEAUplane_s@@@Z 00000001400203b0 f   brush.obj
 0001:0001f630       ?SplitBrush@@YAXPEAUbrush_s@@HPEAPEAU1@1@Z 0000000140020630 f   brush.obj
 0001:0001fde0       ?ComputeAxisBase@@YAXQEAM00@Z 0000000140020de0 f   brush_primit.obj
 0001:0001ff40       ?SetCloneModelNumbers@@YAXXZ 0000000140020f40 f   bsp.obj
 0001:00020380       ?ProcessWorldModel@@YAXXZ  0000000140021380 f   bsp.obj
 0001:00020f30       ?ProcessSubModel@@YAXXZ    0000000140021f30 f   bsp.obj
 0001:000211c0       ?ProcessModels@@YAXXZ      00000001400221c0 f   bsp.obj
 0001:000213a0       ?BSPMain@@YAHHPEAPEAD@Z    00000001400223a0 f   bsp.obj
 0001:00023390       ?ProcessDecals@@YAXXZ      0000000140024390 f   decals.obj
 0001:00024860       ?MakeEntityDecals@@YAXPEAUentity_t@@@Z 0000000140025860 f   decals.obj
 0001:00024c10       ?FreeNode@@YAXPEAUdnode_s@@@Z 0000000140025c10 f   decorations.obj
 0001:00024c80       ?FreeNodesArray@@YAXPEAUdnode_s@@H@Z 0000000140025c80 f   decorations.obj
 0001:00024d80       ?EntityArrayAdd@@YAXPEAUdgroupents_s@@PEAUentity_t@@@Z 0000000140025d80 f   decorations.obj
 0001:00024e40       ?NewDecoreGroup@@YAPEAUdgroup_s@@PEADW4decoreMatchParm_t@@@Z 0000000140025e40 f   decorations.obj
 0001:00024f60       ?PopulateDecoreGroup@@YA?AW4qboolean@@PEAUentity_t@@W4decoreMatchParm_t@@PEAD@Z 0000000140025f60 f   decorations.obj
 0001:00025060       ?DecoreParseActions@@YAXPEAUdactions_s@@@Z 0000000140026060 f   decorations.obj
 0001:000256a0       ?EntityPopulateDecorationGroups@@YAXH@Z 00000001400266a0 f   decorations.obj
 0001:00025710       ?LoadDecorationScript@@YAXXZ 0000000140026710 f   decorations.obj
 0001:00025f50       ?EntityProcessActions@@YAXPEAUentity_t@@PEAUdactions_s@@@Z 0000000140026f50 f   decorations.obj
 0001:00026120       ?ImportRtlights@@YAXXZ     0000000140027120 f   decorations.obj
 0001:00026ae0       ?ProcessDecorationGroup@@YAXH@Z 0000000140027ae0 f   decorations.obj
 0001:000273e0       ?ProcessDecorations@@YAXXZ 00000001400283e0 f   decorations.obj
 0001:00027820       ?BuildFaceTree_r@@YAXPEAUnode_s@@PEAUface_s@@@Z 0000000140028820 f   facebsp.obj
 0001:00027bf0       ?FaceBSP@@YAPEAUtree_t@@PEAUface_s@@@Z 0000000140028bf0 f   facebsp.obj
 0001:00027d90       ?MakeStructuralBSPFaceList@@YAPEAUface_s@@PEAUbrush_s@@@Z 0000000140028d90 f   facebsp.obj
 0001:00027ef0       ?MakeVisibleBSPFaceList@@YAPEAUface_s@@PEAUbrush_s@@@Z 0000000140028ef0 f   facebsp.obj
 0001:00028050       ?DrawSurfToMesh@@YAPEAUmesh_t@@PEAUmapDrawSurface_s@@@Z 0000000140029050 f   fog.obj
 0001:000280f0       ?SplitMeshByPlane@@YAXPEAUmesh_t@@QEAMMPEAPEAU1@2@Z 00000001400290f0 f   fog.obj
 0001:00028890       ?ChopPatchSurfaceByBrush@@YA?AW4qboolean@@PEAUentity_t@@PEAUmapDrawSurface_s@@PEAUbrush_s@@@Z 0000000140029890 f   fog.obj
 0001:00028af0       ?WindingFromDrawSurf@@YAPEAUwinding_t@@PEAUmapDrawSurface_s@@@Z 0000000140029af0 f   fog.obj
 0001:00028d30       ?ChopFaceSurfaceByBrush@@YA?AW4qboolean@@PEAUentity_t@@PEAUmapDrawSurface_s@@PEAUbrush_s@@@Z 0000000140029d30 f   fog.obj
 0001:00029090       ?FogDrawSurfaces@@YAXPEAUentity_t@@@Z 000000014002a090 f   fog.obj
 0001:000292a0       ?FogForBounds@@YAHQEAM0M@Z 000000014002a2a0 f   fog.obj
 0001:00029420       ?CreateMapFogs@@YAXXZ      000000014002a420 f   fog.obj
 0001:00029760       ?LeakFile@@YAPEAU_xmlNode@@PEAUtree_t@@@Z 000000014002a760 f   leakfile.obj
 0001:00029be0       ?CreateNewFloatPlane@@YAHQEAMM@Z 000000014002abe0 f   map.obj
 0001:00029de0       ?SnapNormal@@YAXQEAM@Z     000000014002ade0 f   map.obj
 0001:00029e80       ?FindFloatPlane@@YAHQEAMMHPEAY02M@Z 000000014002ae80 f   map.obj
 0001:0002a1d0       ?MapPlaneFromPoints@@YAHPEAY02M@Z 000000014002b1d0 f   map.obj
 0001:0002a2c0       ?SetBrushContents@@YAXPEAUbrush_s@@@Z 000000014002b2c0 f   map.obj
 0001:0002a3b0       ?AddBrushBevels@@YAXXZ     000000014002b3b0 f   map.obj
 0001:0002b100       ?FinishBrush@@YAPEAUbrush_s@@XZ 000000014002c100 f   map.obj
 0001:0002b320       ?TextureAxisFromPlane@@YAXPEAUplane_s@@QEAM1@Z 000000014002c320 f   map.obj
 0001:0002b4f0       ?QuakeTextureVecs@@YAXPEAUplane_s@@QEAMM1QEAY03M@Z 000000014002c4f0 f   map.obj
 0001:0002bda0       ?RemoveDuplicateBrushPlanes@@YA?AW4qboolean@@PEAUbrush_s@@@Z 000000014002cda0 f   map.obj
 0001:0002c2c0       ?MoveBrushesToWorld@@YAXPEAUentity_t@@@Z 000000014002d2c0 f   map.obj
 0001:0002c3c0       ?AdjustBrushesForOrigin@@YAXPEAUentity_t@@@Z 000000014002d3c0 f   map.obj
 0001:0002c510       ?SetEntityBounds@@YAXPEAUentity_t@@@Z 000000014002d510 f   map.obj
 0001:0002c8a0       ?LoadEntityIndexMap@@YAXPEAUentity_t@@@Z 000000014002d8a0 f   map.obj
 0001:0002d5a0       ?LoadMapFile@@YAXPEADW4qboolean@@1@Z 000000014002e5a0 f   map.obj
 0001:0002e4b0       ?ParsePatch@@YAXW4qboolean@@@Z 000000014002f4b0 f   patch.obj
 0001:0002ec90       ?PatchMapDrawSurfs@@YAXPEAUentity_t@@@Z 000000014002fc90 f   patch.obj
 0001:0002f250       ?MakeHeadnodePortals@@YAXPEAUtree_t@@@Z 0000000140030250 f   portals.obj
 0001:0002f550       ?BaseWindingForNode@@YAPEAUwinding_t@@PEAUnode_s@@@Z 0000000140030550 f   portals.obj
 0001:0002f660       ?MakeNodePortal@@YAXPEAUnode_s@@@Z 0000000140030660 f   portals.obj
 0001:0002f8a0       ?SplitNodePortals@@YAXPEAUnode_s@@@Z 00000001400308a0 f   portals.obj
 0001:00030010       ?CalcNodeBounds@@YAXPEAUnode_s@@@Z 0000000140031010 f   portals.obj
 0001:000300a0       ?MakeTreePortals_r@@YAXPEAUnode_s@@@Z 00000001400310a0 f   portals.obj
 0001:000301c0       ?FloodPortals_r@@YAXPEAUnode_s@@HW4qboolean@@@Z 00000001400311c0 f   portals.obj
 0001:00030260       ?FloodEntities@@YA?AW4qboolean@@PEAUtree_t@@@Z 0000000140031260 f   portals.obj
 0001:00030830       ?FloodAreas_r@@YAXPEAUnode_s@@@Z 0000000140031830 f   portals.obj
 0001:00030970       ?FindAreas_r@@YAXPEAUnode_s@@@Z 0000000140031970 f   portals.obj
 0001:000309c0       ?FloodSkyboxArea_r@@YAXPEAUnode_s@@@Z 00000001400319c0 f   portals.obj
 0001:00030a10       ?FloodAreas@@YAXPEAUtree_t@@@Z 0000000140031a10 f   portals.obj
 0001:00030ac0       ?FillOutside_r@@YAXPEAUnode_s@@@Z 0000000140031ac0 f   portals.obj
 0001:00030b20       ?FillOutside@@YAXPEAUnode_s@@@Z 0000000140031b20 f   portals.obj
 0001:00030be0       ?WriteFloat@@YAXPEAU_iobuf@@M@Z 0000000140031be0 f   prtfile.obj
 0001:00030c70       ?WritePortalFile_r@@YAXPEAUnode_s@@@Z 0000000140031c70 f   prtfile.obj
 0001:00030f90       ?WriteFaceFile_r@@YAXPEAUnode_s@@@Z 0000000140031f90 f   prtfile.obj
 0001:000311d0       ?NumberLeafs_r@@YAXPEAUnode_s@@@Z 00000001400321d0 f   prtfile.obj
 0001:00031300       ?NumberClusters@@YAXPEAUtree_t@@@Z 0000000140032300 f   prtfile.obj
 0001:00031380       ?WritePortalFile@@YAXPEAUtree_t@@@Z 0000000140032380 f   prtfile.obj
 0001:00031480       ?AllocDrawSurface@@YAPEAUmapDrawSurface_s@@W4surfaceType_t@@@Z 0000000140032480 f   surface.obj
 0001:00031530       ?FinishSurface@@YAXPEAUmapDrawSurface_s@@@Z 0000000140032530 f   surface.obj
 0001:000315f0       ?CloneSurface@@YAPEAUmapDrawSurface_s@@PEAU1@PEAUshaderInfo_s@@@Z 00000001400325f0 f   surface.obj
 0001:000316f0       ?MakeSkyboxSurface@@YAPEAUmapDrawSurface_s@@PEAU1@@Z 00000001400326f0 f   surface.obj
 0001:00031770       ?IsTriangleDegenerate@@YA?AW4qboolean@@PEAUbspDrawVert_t@@HHH@Z 0000000140032770 f   surface.obj
 0001:00031860       ?ClearSurface@@YAXPEAUmapDrawSurface_s@@@Z 0000000140032860 f   surface.obj
 0001:000318c0       ?TidyEntitySurfaces@@YAXPEAUentity_t@@@Z 00000001400328c0 f   surface.obj
 0001:00031a40       ?CalcSurfaceTextureRange@@YA?AW4qboolean@@PEAUmapDrawSurface_s@@@Z 0000000140032a40 f   surface.obj
 0001:00031ca0       ?CalcLightmapAxis@@YA?AW4qboolean@@QEAM0@Z 0000000140032ca0 f   surface.obj
 0001:00031db0       ?ClassifySurfaces@@YAXHPEAUmapDrawSurface_s@@@Z 0000000140032db0 f   surface.obj
 0001:00032250       ?ClassifyEntitySurfaces@@YAXPEAUentity_t@@@Z 0000000140033250 f   surface.obj
 0001:000322d0       ?GetShaderIndexForPoint@@YAEPEAUindexMap_s@@QEAM11@Z 00000001400332d0 f   surface.obj
 0001:000323c0       ?GetIndexedShader@@YAPEAUshaderInfo_s@@PEAU1@PEAUindexMap_s@@HPEAE@Z 00000001400333c0 f   surface.obj
 0001:00032610       ?DrawSurfaceForSide@@YAPEAUmapDrawSurface_s@@PEAUentity_t@@PEAUbrush_s@@PEAUside_s@@PEAUwinding_t@@@Z 0000000140033610 f   surface.obj
 0001:00033040       ?DrawSurfaceForMesh@@YAPEAUmapDrawSurface_s@@PEAUentity_t@@PEAUparseMesh_s@@PEAUmesh_t@@@Z 0000000140034040 f   surface.obj
 0001:00033b10       ?DrawSurfaceForFlare@@YAPEAUmapDrawSurface_s@@HQEAM00PEADH@Z 0000000140034b10 f   surface.obj
 0001:00034060       ?SubdivideFaceSurfaces@@YAXPEAUentity_t@@PEAUtree_t@@@Z 0000000140035060 f   surface.obj
 0001:000343c0       ?ClipSideIntoTree_r@@YAXPEAUwinding_t@@PEAUside_s@@PEAUnode_s@@@Z 00000001400353c0 f   surface.obj
 0001:000344d0       ?SideInBrush@@YA?AW4qboolean@@PEAUside_s@@PEAUbrush_s@@@Z 00000001400354d0 f   surface.obj
 0001:000345c0       ?CullSides@@YAXPEAUentity_t@@@Z 00000001400355c0 f   surface.obj
 0001:00034be0       ?ClipSidesIntoTree@@YAXPEAUentity_t@@PEAUtree_t@@@Z 0000000140035be0 f   surface.obj
 0001:00034d90       ?AddReferenceToLeaf@@YAHPEAUmapDrawSurface_s@@PEAUnode_s@@@Z 0000000140035d90 f   surface.obj
 0001:00034e40       ?AddReferenceToTree_r@@YAHPEAUmapDrawSurface_s@@PEAUnode_s@@W4qboolean@@@Z 0000000140035e40 f   surface.obj
 0001:00034f10       ?FilterPointIntoTree_r@@YAHQEAMPEAUmapDrawSurface_s@@PEAUnode_s@@@Z 0000000140035f10 f   surface.obj
 0001:00034ff0       ?FilterWindingIntoTree_r@@YAHPEAUwinding_t@@PEAUmapDrawSurface_s@@PEAUnode_s@@@Z 0000000140035ff0 f   surface.obj
 0001:00035e00       ?EmitDrawVerts@@YAXPEAUmapDrawSurface_s@@PEAUbspDrawSurface_t@@@Z 0000000140036e00 f   surface.obj
 0001:00036000       ?FindDrawIndexes@@YAHHPEAH@Z 0000000140037000 f   surface.obj
 0001:00036160       ?EmitDrawIndexes@@YAXPEAUmapDrawSurface_s@@PEAUbspDrawSurface_t@@@Z 0000000140037160 f   surface.obj
 0001:00036240       ?EmitFlareSurface@@YAXPEAUmapDrawSurface_s@@@Z 0000000140037240 f   surface.obj
 0001:00036380       ?EmitPatchSurface@@YAXPEAUentity_t@@PEAUmapDrawSurface_s@@@Z 0000000140037380 f   surface.obj
 0001:00037600       ?MakeFogHullSurfs@@YAXPEAUentity_t@@PEAUtree_t@@PEAD@Z 0000000140038600 f   surface.obj
 0001:000379d0       ?AddSurfaceModelsToTriangle_r@@YAHPEAUmapDrawSurface_s@@PEAUsurfaceModel_s@@PEAPEAUbspDrawVert_t@@@Z 00000001400389d0 f   surface.obj
 0001:00037fc0       ?AddSurfaceModels@@YAHPEAUmapDrawSurface_s@@@Z 0000000140038fc0 f   surface.obj
 0001:000389f0       ?FixDrawsurfVertexAlpha@@YAXH@Z 00000001400399f0 f   surface.obj
 0001:00039070       ?FixVertexAlpha@@YAXPEAUentity_t@@W4qboolean@@@Z 000000014003a070 f   surface.obj
 0001:000391e0       ?ApplyVertexMods@@YAXPEAUentity_t@@W4qboolean@@@Z 000000014003a1e0 f   surface.obj
 0001:00039420       ?FilterDrawsurfsIntoTree@@YAXPEAUentity_t@@PEAUtree_t@@W4qboolean@@@Z 000000014003a420 f   surface.obj
 0001:000399e0       ?EmitDrawsurfsStats@@YAXXZ 000000014003a9e0 f   surface.obj
 0001:00039f20       ?Foliage@@YAXPEAUmapDrawSurface_s@@@Z 000000014003af20 f   surface_foliage.obj
 0001:0003a520       ?Fur@@YAXPEAUmapDrawSurface_s@@@Z 000000014003b520 f   surface_fur.obj
 0001:0003a930       ?FindMetaTriangle@@YAHPEAUmetaTriangle_s@@PEAUbspDrawVert_t@@11H@Z 000000014003b930 f   surface_meta.obj
 0001:0003ae10       ?TriangulatePatchSurface@@YAXPEAUentity_t@@PEAUmapDrawSurface_s@@@Z 000000014003be10 f   surface_meta.obj
 0001:0003b330       ?FanFaceSurface@@YAXPEAUmapDrawSurface_s@@@Z 000000014003c330 f   surface_meta.obj
 0001:0003b6f0       ?StripFaceSurface@@YAXPEAUmapDrawSurface_s@@@Z 000000014003c6f0 f   surface_meta.obj
 0001:0003ba00       ?EmitMetaStats@@YAXXZ      000000014003ca00 f   surface_meta.obj
 0001:0003bab0       ?MakeEntityMetaTriangles@@YAXPEAUentity_t@@@Z 000000014003cab0 f   surface_meta.obj
 0001:0003bcc0       ?SmoothMetaTriangles@@YAXXZ 000000014003ccc0 f   surface_meta.obj
 0001:0003c690       ?AddMetaVertToSurface@@YAHPEAUmapDrawSurface_s@@PEAUbspDrawVert_t@@PEAH@Z 000000014003d690 f   surface_meta.obj
 0001:0003d310       ?MergeMetaTriangles@@YAXXZ 000000014003e310 f   surface_meta.obj
 0001:0003d4b0       ?InsertPointOnEdge@@YAXQEAMPEAUedgeLine_s@@@Z 000000014003e4b0 f   tjunction.obj
 0001:0003d5e0       ?AddEdge@@YAHQEAM0W4qboolean@@@Z 000000014003e5e0 f   tjunction.obj
 0001:0003daa0       ?AddSurfaceEdges@@YAXPEAUmapDrawSurface_s@@@Z 000000014003eaa0 f   tjunction.obj
 0001:0003db30       ?ColinearEdge@@YA?AW4qboolean@@QEAM00@Z 000000014003eb30 f   tjunction.obj
 0001:0003dc50       ?AddPatchEdges@@YAXPEAUmapDrawSurface_s@@@Z 000000014003ec50 f   tjunction.obj
 0001:0003de20       ?FixSurfaceJunctions@@YAXPEAUmapDrawSurface_s@@@Z 000000014003ee20 f   tjunction.obj
 0001:0003e3f0       ?FixBrokenSurface@@YA?AW4qboolean@@PEAUmapDrawSurface_s@@@Z 000000014003f3f0 f   tjunction.obj
 0001:0003e740       ?EdgeCompare@@YAHPEBX0@Z   000000014003f740 f   tjunction.obj
 0001:0003e750       ?FixTJunctions@@YAXPEAUentity_t@@@Z 000000014003f750 f   tjunction.obj
 0001:0003ea10       ?FreeTreePortals_r@@YAXPEAUnode_s@@@Z 000000014003fa10 f   tree.obj
 0001:0003eba0       ?FreeTree_r@@YAXPEAUnode_s@@@Z 000000014003fba0 f   tree.obj
 0001:0003ec00       ?FreeTree@@YAXPEAUtree_t@@@Z 000000014003fc00 f   tree.obj
 0001:0003ec80       ?EmitShader@@YAHPEBDPEAH1@Z 000000014003fc80 f   writebsp.obj
 0001:0003edf0       ?EmitPlanes@@YAXXZ         000000014003fdf0 f   writebsp.obj
 0001:0003ef40       ?EmitLeaf@@YAXPEAUnode_s@@@Z 000000014003ff40 f   writebsp.obj
 0001:0003f0a0       ?EmitDrawNode_r@@YAHPEAUnode_s@@@Z 00000001400400a0 f   writebsp.obj
 0001:0003f1d0       ?SetModelNumbers@@YAXXZ    00000001400401d0 f   writebsp.obj
 0001:0003f270       ?SetLightStyles@@YAXXZ     0000000140040270 f   writebsp.obj
 0001:0003f5c0       ?EndBSPFile@@YAXXZ         00000001400405c0 f   writebsp.obj
 0001:0003f6b0       ?EmitBrushes@@YAXPEAUbrush_s@@PEAH1@Z 00000001400406b0 f   writebsp.obj
 0001:0003f9a0       ?EmitFogs@@YAXXZ           00000001400409a0 f   writebsp.obj
 0001:0003fac0       ?BeginModel@@YAXXZ         0000000140040ac0 f   writebsp.obj
 0001:0003fe20       ?EndModel@@YAXPEAUentity_t@@PEAUnode_s@@@Z 0000000140040e20 f   writebsp.obj
 0001:00040420       ?CreateEntityLights@@YAXXZ 0000000140041420 f   light.obj
 0001:00041230       ?CreateSurfaceLights@@YAXXZ 0000000140042230 f   light.obj
 0001:000415a0       ?SetEntityOrigins@@YAXXZ   00000001400425a0 f   light.obj
 0001:00041820       ?PointToPolygonFormFactor@@YAMQEBM0PEBUwinding_t@@@Z 0000000140042820 f   light.obj
 0001:00041ae0       ?LightContribution@@YAHPEAUtrace_t@@HW4qboolean@@@Z 0000000140042ae0 f   light.obj
 0001:00042270       ?LightContributionAllStyles@@YAXPEAUtrace_t@@QEAEQEAY02MHW4qboolean@@@Z 0000000140043270 f   light.obj
 0001:00042510       ?TraceGrid@@YAXH@Z         0000000140043510 f   light.obj
 0001:00042e30       ?SetupGrid@@YAXXZ          0000000140043e30 f   light.obj
 0001:00043280       ?LightWorld@@YAXXZ         0000000140044280 f   light.obj
 0001:00044080       ?LightMain@@YAHHPEAPEAD@Z  0000000140045080 f   light.obj
 0001:00046340       ?RadFreeLights@@YAXXZ      0000000140047340 f   light_bounce.obj
 0001:00046840       ?RadSampleImage@@YA?AW4qboolean@@PEAEHHQEAM1@Z 0000000140047840 f   light_bounce.obj
 0001:00047a10       ?RadLightForTriangles@@YAXHHPEAUrawLightmap_s@@PEAUshaderInfo_s@@MMPEAUclipWork_t@@@Z 0000000140048a10 f   light_bounce.obj
 0001:00047c60       ?RadLightForPatch@@YAXHHPEAUrawLightmap_s@@PEAUshaderInfo_s@@MMPEAUclipWork_t@@@Z 0000000140048c60 f   light_bounce.obj
 0001:00048230       ?RadLight@@YAXH@Z          0000000140049230 f   light_bounce.obj
 0001:00048460       ?RadCreateDiffuseLights@@YAXXZ 0000000140049460 f   light_bounce.obj
 0001:00048d30       ?ClipTraceWinding@@YAXPEAUtraceWinding_s@@QEAM00@Z 0000000140049d30 f   light_trace.obj
 0001:0004add0       ?SetupTraceNodes@@YAXXZ    000000014004bdd0 f   light_trace.obj
 0001:0004b000       ?TraceTriangle@@YA?AW4qboolean@@PEAUtraceInfo_s@@PEAUtraceTriangle_s@@PEAUtrace_t@@@Z 000000014004c000 f   light_trace.obj
 0001:0004b9b0       ?TraceLine@@YAXPEAUtrace_t@@@Z 000000014004c9b0 f   light_trace.obj
 0001:0004bb90       ?SetupTrace@@YAMPEAUtrace_t@@@Z 000000014004cb90 f   light_trace.obj
 0001:0004bc10       ?ColorToBytes@@YAXPEBMPEAEM@Z 000000014004cc10 f   light_ydnar.obj
 0001:0004be40       ?SmoothNormals@@YAXXZ      000000014004ce40 f   light_ydnar.obj
 0001:0004e360       ?MapRawLightmap@@YAXH@Z    000000014004f360 f   light_ydnar.obj
 0001:0004f150       ?EnableDirtForEntity@@YAXH@Z 0000000140050150 f   light_ydnar.obj
 0001:0004f1f0       ?SetupDirtForEntity@@YAXH@Z 00000001400501f0 f   light_ydnar.obj
 0001:0004f980       ?SetupDirt@@YAXXZ          0000000140050980 f   light_ydnar.obj
 0001:0004fc30       ?DirtForSample@@YAMPEAUtrace_t@@H@Z 0000000140050c30 f   light_ydnar.obj
 0001:00050530       ?DirtyRawLightmap@@YAXH@Z  0000000140051530 f   light_ydnar.obj
 0001:00050bc0       ?ApplyDirt@@YAXPEAM000HMM@Z 0000000140051bc0 f   light_ydnar.obj
 0001:00051180       ?SkyLightAmbientIlluminateLightmap@@YAXPEAUrawLightmap_s@@@Z 0000000140052180 f   light_ydnar.obj
 0001:00051f00       ?IlluminateRawLightmap@@YAXH@Z 0000000140052f00 f   light_ydnar.obj
 0001:00053dd0       ?IlluminateVertexes@@YAXH@Z 0000000140054dd0 f   light_ydnar.obj
 0001:00055310       ?SetupBrushes@@YAXXZ       0000000140056310 f   light_ydnar.obj
 0001:000554e0       ?ClusterVisible@@YA?AW4qboolean@@HH@Z 00000001400564e0 f   light_ydnar.obj
 0001:00055570       ?PointInLeafNum_r@@YAHQEAMH@Z 0000000140056570 f   light_ydnar.obj
 0001:00055680       ?ClusterForPointExt@@YAHQEAMM@Z 0000000140056680 f   light_ydnar.obj
 0001:000559b0       ?ClusterForPointExtFilter@@YAHQEAMMHPEAH@Z 00000001400569b0 f   light_ydnar.obj
 0001:00055a20       ?SetupEnvelopes@@YAXW4qboolean@@0@Z 0000000140056a20 f   light_ydnar.obj
 0001:00056410       ?CreateTraceLightsForBounds@@YAXQEAM00HPEAHHPEAUtrace_t@@@Z 0000000140057410 f   light_ydnar.obj
 0001:000567b0       ?CreateTraceLightsForSurface@@YAXHPEAUtrace_t@@@Z 00000001400577b0 f   light_ydnar.obj
 0001:000568d0       ?SetupFloodLight@@YAXXZ    00000001400578d0 f   light_ydnar.obj
 0001:00056bf0       ?FloodLightForSample@@YAMPEAUtrace_t@@MW4qboolean@@@Z 0000000140057bf0 f   light_ydnar.obj
 0001:00057060       ?FloodlightIlluminateLightmap@@YAXPEAUrawLightmap_s@@@Z 0000000140058060 f   light_ydnar.obj
 0001:000572e0       ?WriteTGA24@@YAXPEADPEAEHHW4qboolean@@@Z 00000001400582e0 f   lightmaps_ydnar.obj
 0001:00057460       ?ExportLightmaps@@YAXXZ    0000000140058460 f   lightmaps_ydnar.obj
 0001:00057600       ?ExportLightmapsMain@@YAHHPEAPEAD@Z 0000000140058600 f   lightmaps_ydnar.obj
 0001:00057730       ?ImportLightmapsMain@@YAHHPEAPEAD@Z 0000000140058730 f   lightmaps_ydnar.obj
 0001:00057c70       ?LoadRawLightmap@@YAPEAUcachePage_s@@H@Z 0000000140058c70 f   lightmaps_ydnar.obj
 0001:00057e30       ?FinishRawLightmap@@YAXH@Z 0000000140058e30 f   lightmaps_ydnar.obj
 0001:000584f0       ?AddPatchToRawLightmap@@YA?AW4qboolean@@HPEAUrawLightmap_s@@@Z 00000001400594f0 f   lightmaps_ydnar.obj
 0001:00058ac0       ?AddSurfaceToRawLightmap@@YA?AW4qboolean@@HPEAUrawLightmap_s@@@Z 0000000140059ac0 f   lightmaps_ydnar.obj
 0001:00059610       ?SetupSurfaceLightmaps@@YAXXZ 000000014005a610 f   lightmaps_ydnar.obj
 0001:0005a200       ?AllocateSurfaceLightmaps@@YAXXZ 000000014005b200 f   lightmaps_ydnar.obj
 0001:0005c000       ?StoreSurfaceLightmaps@@YAXXZ 000000014005d000 f   lightmaps_ydnar.obj
 0001:0005ecb0       ?PlaneFromWinding@@YAXPEAUfixedWinding_t@@PEAUvisPlane_t@@@Z 000000014005fcb0 f   vis.obj
 0001:0005edc0       ?NewFixedWinding@@YAPEAUfixedWinding_t@@H@Z 000000014005fdc0 f   vis.obj
 0001:0005ee30       ?PComp@@YAHPEBX0@Z         000000014005fe30 f   vis.obj
 0001:0005ee60       ?LeafVectorFromPortalVector@@YAHPEAE0@Z 000000014005fe60 f   vis.obj
 0001:0005efc0       ?ClusterMerge@@YAXH@Z      000000014005ffc0 f   vis.obj
 0001:0005f1c0       ?CalcPortalVis@@YAXXZ      00000001400601c0 f   vis.obj
 0001:0005f240       ?CalcPassageVis@@YAXXZ     0000000140060240 f   vis.obj
 0001:0005f350       ?CalcPassagePortalVis@@YAXXZ 0000000140060350 f   vis.obj
 0001:0005f460       ?CalcVis@@YAXXZ            0000000140060460 f   vis.obj
 0001:0005f720       ?SetPortalSphere@@YAXPEAUvportal_t@@@Z 0000000140060720 f   vis.obj
 0001:0005f880       ?TryMergeLeaves@@YAHHH@Z   0000000140060880 f   vis.obj
 0001:0005fbe0       ?MergeLeaves@@YAXXZ        0000000140060be0 f   vis.obj
 0001:0005fd40       ?TryMergeWinding@@YAPEAUfixedWinding_t@@PEAU1@0QEAM@Z 0000000140060d40 f   vis.obj
 0001:00060270       ?MergeLeafPortals@@YAXXZ   0000000140061270 f   vis.obj
 0001:00060480       ?LoadPortals@@YAXPEAD@Z    0000000140061480 f   vis.obj
 0001:00060cb0       ?VisMain@@YAHHPEAPEAD@Z    0000000140061cb0 f   vis.obj
 0001:00061140       ?FreeStackWinding@@YAXPEAUfixedWinding_t@@PEAUpstack_s@@@Z 0000000140062140 f   visflow.obj
 0001:000611a0       ?VisChopWinding@@YAPEAUfixedWinding_t@@PEAU1@PEAUpstack_s@@PEAUvisPlane_t@@@Z 00000001400621a0 f   visflow.obj
 0001:00061650       ?ClipToSeperators@@YAPEAUfixedWinding_t@@PEAU1@00W4qboolean@@PEAUpstack_s@@@Z 0000000140062650 f   visflow.obj
 0001:00061ca0       ?RecursiveLeafFlow@@YAXHPEAUthreaddata_t@@PEAUpstack_s@@@Z 0000000140062ca0 f   visflow.obj
 0001:00062360       ?PortalFlow@@YAXH@Z        0000000140063360 f   visflow.obj
 0001:00062520       ?RecursivePassageFlow@@YAXPEAUvportal_t@@PEAUthreaddata_t@@PEAUpstack_s@@@Z 0000000140063520 f   visflow.obj
 0001:000627a0       ?PassageFlow@@YAXH@Z       00000001400637a0 f   visflow.obj
 0001:00062870       ?RecursivePassagePortalFlow@@YAXPEAUvportal_t@@PEAUthreaddata_t@@PEAUpstack_s@@@Z 0000000140063870 f   visflow.obj
 0001:00062f30       ?PassagePortalFlow@@YAXH@Z 0000000140063f30 f   visflow.obj
 0001:00063000       ?PassageChopWinding@@YAPEAUfixedWinding_t@@PEAU1@0PEAUvisPlane_t@@@Z 0000000140064000 f   visflow.obj
 0001:00063340       ?AddSeperators@@YAHPEAUfixedWinding_t@@0W4qboolean@@PEAUvisPlane_t@@H@Z 0000000140064340 f   visflow.obj
 0001:00063930       ?CreatePassages@@YAXH@Z    0000000140064930 f   visflow.obj
 0001:00063f40       ?PassageMemory@@YAXXZ      0000000140064f40 f   visflow.obj
 0001:00064000       ?SimpleFlood@@YAXPEAUvportal_t@@H@Z 0000000140065000 f   visflow.obj
 0001:00064100       ?BasePortalVis@@YAXH@Z     0000000140065100 f   visflow.obj
 0001:00065cf0       ?ConvertBSPToASE@@YAHPEADH@Z 0000000140066cf0 f   convert_ase.obj
 0001:00066930       ?ConvertBSPToMap@@YAHPEADH@Z 0000000140067930 f   convert_map.obj
 0001:00066d70       WinPrint                   0000000140067d70 f   l_net:l_net.obj
 0001:00066d80       Net_Send                   0000000140067d80 f   l_net:l_net.obj
 0001:00066dd0       Net_AllocSocket            0000000140067dd0 f   l_net:l_net.obj
 0001:00066e00       Net_FreeSocket             0000000140067e00 f   l_net:l_net.obj
 0001:00066e10       Net_Connect                0000000140067e10 f   l_net:l_net.obj
 0001:00066ec0       Net_Disconnect             0000000140067ec0 f   l_net:l_net.obj
 0001:00066ef0       Net_StringToAddress        0000000140067ef0 f   l_net:l_net.obj
 0001:00066f10       Net_Setup                  0000000140067f10 f   l_net:l_net.obj
 0001:00066f40       NMSG_Clear                 0000000140067f40 f   l_net:l_net.obj
 0001:00066f50       NMSG_WriteLong             0000000140067f50 f   l_net:l_net.obj
 0001:00066fc0       NMSG_WriteString           0000000140067fc0 f   l_net:l_net.obj
 0001:00067050       WINS_ErrorMessage          0000000140068050 f   l_net:l_net_wins.obj
 0001:000670b0       WINS_Init                  00000001400680b0 f   l_net:l_net_wins.obj
 0001:00067220       WINS_MyAddress             0000000140068220 f   l_net:l_net_wins.obj
 0001:00067230       WINS_OpenSocket            0000000140068230 f   l_net:l_net_wins.obj
 0001:00067320       WINS_OpenReliableSocket    0000000140068320 f   l_net:l_net_wins.obj
 0001:00067440       WINS_CloseSocket           0000000140068440 f   l_net:l_net_wins.obj
 0001:00067480       WINS_Connect               0000000140068480 f   l_net:l_net_wins.obj
 0001:000674f0       WINS_Write                 00000001400684f0 f   l_net:l_net_wins.obj
 0001:000675a0       WINS_AddrToString          00000001400685a0 f   l_net:l_net_wins.obj
 0001:00067620       WINS_StringToAddr          0000000140068620 f   l_net:l_net_wins.obj
 0001:000676a0       WINS_GetSocketAddr         00000001400686a0 f   l_net:l_net_wins.obj
 0001:00067700       MakeNormalVectors          0000000140068700 f   mathlib:mathlib.obj
 0001:000677c0       VectorCompare              00000001400687c0 f   mathlib:mathlib.obj
 0001:00067810       VectorCompareExt           0000000140068810 f   mathlib:mathlib.obj
 0001:00067860       VectorLength               0000000140068860 f   mathlib:mathlib.obj
 0001:00067890       VectorMA                   0000000140068890 f   mathlib:mathlib.obj
 0001:000678d0       VectorNormalize            00000001400688d0 f   mathlib:mathlib.obj
 0001:00067980       ColorNormalize             0000000140068980 f   mathlib:mathlib.obj
 0001:000679f0       ClearBounds                00000001400689f0 f   mathlib:mathlib.obj
 0001:00067a20       AddPointToBounds           0000000140068a20 f   mathlib:mathlib.obj
 0001:00067ac0       PlaneFromPoints            0000000140068ac0 f   mathlib:mathlib.obj
 0001:00067bc0       NormalToLatLong            0000000140068bc0 f   mathlib:mathlib.obj
 0001:00067c80       PlaneTypeForNormal         0000000140068c80 f   mathlib:mathlib.obj
 0001:00067ce0       m4x4_identity              0000000140068ce0 f   mathlib:m4x4.obj
 0001:00067d30       m4x4_assign                0000000140068d30 f   mathlib:m4x4.obj
 0001:00067d90       m4x4_translation_for_vec3  0000000140068d90 f   mathlib:m4x4.obj
 0001:00067de0       m4x4_rotation_for_vec3     0000000140068de0 f   mathlib:m4x4.obj
 0001:00067fb0       m4x4_scale_for_vec3        0000000140068fb0 f   mathlib:m4x4.obj
 0001:00067ff0       m4x4_translate_by_vec3     0000000140068ff0 f   mathlib:m4x4.obj
 0001:00068020       m4x4_rotate_by_vec3        0000000140069020 f   mathlib:m4x4.obj
 0001:00068050       m4x4_scale_by_vec3         0000000140069050 f   mathlib:m4x4.obj
 0001:00068080       m4x4_pivoted_transform_by_vec3 0000000140069080 f   mathlib:m4x4.obj
 0001:00068130       m4x4_multiply_by_m4x4      0000000140069130 f   mathlib:m4x4.obj
 0001:00068530       m4x4_transform_point       0000000140069530 f   mathlib:m4x4.obj
 0001:000685d0       m4x4_transform_normal      00000001400695d0 f   mathlib:m4x4.obj
 0001:00068660       m4x4_transpose             0000000140069660 f   mathlib:m4x4.obj
 0001:00068760       ?m3_det@@YAMQEAM@Z         0000000140069760 f   mathlib:m4x4.obj
 0001:000687f0       ?m4_submat@@YAXQEAM0HH@Z   00000001400697f0 f   mathlib:m4x4.obj
 0001:00068940       ?m4_det@@YAMQEAM@Z         0000000140069940 f   mathlib:m4x4.obj
 0001:000689d0       m4x4_invert                00000001400699d0 f   mathlib:m4x4.obj
 0001:00068a98       g_free                     0000000140069a98 f   glib-2.0:libglib-2.0-0.dll
 0001:00068a9e       g_locale_to_utf8           0000000140069a9e f   glib-2.0:libglib-2.0-0.dll
 0001:00068aa4       g_strdup                   0000000140069aa4 f   glib-2.0:libglib-2.0-0.dll
 0001:00068aaa       g_strdown                  0000000140069aaa f   glib-2.0:libglib-2.0-0.dll
 0001:00068ab0       g_dir_read_name_utf8       0000000140069ab0 f   glib-2.0:libglib-2.0-0.dll
 0001:00068ab6       g_dir_open_utf8            0000000140069ab6 f   glib-2.0:libglib-2.0-0.dll
 0001:00068abc       g_dir_close                0000000140069abc f   glib-2.0:libglib-2.0-0.dll
 0001:00068ac2       g_slist_append             0000000140069ac2 f   glib-2.0:libglib-2.0-0.dll
 0001:00068ac8       xmlNodeSetContent          0000000140069ac8 f   libxml2:libxml2-2.dll
 0001:00068ace       xmlBufferFree              0000000140069ace f   libxml2:libxml2-2.dll
 0001:00068ad4       xmlNodeDump                0000000140069ad4 f   libxml2:libxml2-2.dll
 0001:00068ada       xmlBufferCreate            0000000140069ada f   libxml2:libxml2-2.dll
 0001:00068ae0       xmlNewNode                 0000000140069ae0 f   libxml2:libxml2-2.dll
 0001:00068ae6       xmlAddChild                0000000140069ae6 f   libxml2:libxml2-2.dll
 0001:00068aec       xmlNewDoc                  0000000140069aec f   libxml2:libxml2-2.dll
 0001:00068af2       xmlSetProp                 0000000140069af2 f   libxml2:libxml2-2.dll
 0001:00068af8       xmlNewDocRawNode           0000000140069af8 f   libxml2:libxml2-2.dll
 0001:00068afe       png_get_IHDR               0000000140069afe f   libpng:libpng14-14.dll
 0001:00068b04       png_read_image             0000000140069b04 f   libpng:libpng14-14.dll
 0001:00068b0a       png_set_expand             0000000140069b0a f   libpng:libpng14-14.dll
 0001:00068b10       png_read_info              0000000140069b10 f   libpng:libpng14-14.dll
 0001:00068b16       png_set_strip_16           0000000140069b16 f   libpng:libpng14-14.dll
 0001:00068b1c       png_sig_cmp                0000000140069b1c f   libpng:libpng14-14.dll
 0001:00068b22       png_create_read_struct     0000000140069b22 f   libpng:libpng14-14.dll
 0001:00068b28       png_get_io_ptr             0000000140069b28 f   libpng:libpng14-14.dll
 0001:00068b2e       png_create_info_struct     0000000140069b2e f   libpng:libpng14-14.dll
 0001:00068b34       png_set_read_fn            0000000140069b34 f   libpng:libpng14-14.dll
 0001:00068b3a       png_get_valid              0000000140069b3a f   libpng:libpng14-14.dll
 0001:00068b40       png_set_filler             0000000140069b40 f   libpng:libpng14-14.dll
 0001:00068b46       png_get_channels           0000000140069b46 f   libpng:libpng14-14.dll
 0001:00068b4c       png_destroy_read_struct    0000000140069b4c f   libpng:libpng14-14.dll
 0001:00068b60       DDSLittleLong              0000000140069b60 f   ddslib:ddslib.obj
 0001:00068b70       DDSLittleShort             0000000140069b70 f   ddslib:ddslib.obj
 0001:00068be0       DDSGetInfo                 0000000140069be0 f   ddslib:ddslib.obj
 0001:00069780       DDSDecompress              000000014006a780 f   ddslib:ddslib.obj
 0001:000698a0       LoadJPGBuff                000000014006a8a0 f   jpeg6:jpgload.obj
 0001:00069a90       jpeg_create_decompress     000000014006aa90 f   jpeg6:jdapimin.obj
 0001:00069b40       jpeg_destroy_decompress    000000014006ab40 f   jpeg6:jdapimin.obj
 0001:00069d20       jpeg_consume_input         000000014006ad20 f   jpeg6:jdapimin.obj
 0001:00069e10       jpeg_finish_decompress     000000014006ae10 f   jpeg6:jdapimin.obj
 0001:00069ee0       jpeg_read_header           000000014006aee0 f   jpeg6:jdapimin.obj
 0001:00069ff0       jpeg_read_scanlines        000000014006aff0 f   jpeg6:jdapistd.obj
 0001:0006a0c0       jpeg_start_decompress      000000014006b0c0 f   jpeg6:jdapistd.obj
 0001:0006a230       _pico_little_float         000000014006b230 f   picomodel:picointernal.obj
 0001:0006a230       ?jpeg_mem_term@@YAXPEAUjpeg_common_struct@@@Z 000000014006b230 f   jpeg6:jmemnobs.obj
 0001:0006a240       jpeg_stdio_src             000000014006b240 f   jpeg6:jdatasrc.obj
 0001:0006a490       jpeg_std_error             000000014006b490 f   jpeg6:jerror.obj
 0001:0006aba0       jinit_input_controller     000000014006bba0 f   jpeg6:jdinput.obj
 0001:0006c770       jpeg_resync_to_restart     000000014006d770 f   jpeg6:jdmarker.obj
 0001:0006c8d0       jinit_marker_reader        000000014006d8d0 f   jpeg6:jdmarker.obj
 0001:0006d720       jinit_memory_mgr           000000014006e720 f   jpeg6:jmemmgr.obj
 0001:0006d890       jpeg_abort                 000000014006e890 f   jpeg6:jcomapi.obj
 0001:0006d8d0       jpeg_destroy               000000014006e8d0 f   jpeg6:jcomapi.obj
 0001:0006d910       jpeg_alloc_quant_table     000000014006e910 f   jpeg6:jcomapi.obj
 0001:0006d930       jpeg_alloc_huff_table      000000014006e930 f   jpeg6:jcomapi.obj
 0001:0006d960       jpeg_calc_output_dimensions 000000014006e960 f   jpeg6:jdmaster.obj
 0001:0006ddf0       jinit_master_decompress    000000014006edf0 f   jpeg6:jdmaster.obj
 0001:0006de40       jdiv_round_up              000000014006ee40 f   jpeg6:jutils.obj
 0001:0006de50       jround_up                  000000014006ee50 f   jpeg6:jutils.obj
 0001:0006de70       jcopy_sample_rows          000000014006ee70 f   jpeg6:jutils.obj
 0001:0006dee0       jzero_far                  000000014006eee0 f   jpeg6:jutils.obj
 0001:0006def0       ?jpeg_get_small@@YAPEAXPEAUjpeg_common_struct@@_K@Z 000000014006eef0 f   jpeg6:jmemnobs.obj
 0001:0006def0       ?jpeg_get_large@@YAPEAXPEAUjpeg_common_struct@@_K@Z 000000014006eef0 f   jpeg6:jmemnobs.obj
 0001:0006df00       ?jpeg_free_small@@YAXPEAUjpeg_common_struct@@PEAX_K@Z 000000014006ef00 f   jpeg6:jmemnobs.obj
 0001:0006df00       ?jpeg_free_large@@YAXPEAUjpeg_common_struct@@PEAX_K@Z 000000014006ef00 f   jpeg6:jmemnobs.obj
 0001:0006df10       ?jpeg_mem_available@@YAJPEAUjpeg_common_struct@@JJJ@Z 000000014006ef10 f   jpeg6:jmemnobs.obj
 0001:0006df20       ?jpeg_open_backing_store@@YAXPEAUjpeg_common_struct@@PEAUbacking_store_struct@@J@Z 000000014006ef20 f   jpeg6:jmemnobs.obj
 0001:0006e680       jinit_d_main_controller    000000014006f680 f   jpeg6:jdmainct.obj
 0001:0006eae0       ?jpeg_mem_init@@YAJPEAUjpeg_common_struct@@@Z 000000014006fae0 f   jpeg6:jmemnobs.obj
 0001:0006eaf0       jinit_d_coef_controller    000000014006faf0 f   jpeg6:jdcoefct.obj
 0001:0006ec10       ?jpeg_make_d_derived_tbl@@YAXPEAUjpeg_decompress_struct@@PEAUJHUFF_TBL@@PEAPEAUd_derived_tbl@@@Z 000000014006fc10 f   jpeg6:jdhuff.obj
 0001:0006ee20       ?jpeg_fill_bit_buffer@@YAEPEAUbitread_working_state@@HHH@Z 000000014006fe20 f   jpeg6:jdhuff.obj
 0001:0006ef50       ?jpeg_huff_decode@@YAHPEAUbitread_working_state@@HHPEAUd_derived_tbl@@H@Z 000000014006ff50 f   jpeg6:jdhuff.obj
 0001:0006f740       jinit_huff_decoder         0000000140070740 f   jpeg6:jdhuff.obj
 0001:0006fab0       jinit_inverse_dct          0000000140070ab0 f   jpeg6:jddctmgr.obj
 0001:0006fcb0       jinit_d_post_controller    0000000140070cb0 f   jpeg6:jdpostct.obj
 0001:000703e0       jinit_upsampler            00000001400713e0 f   jpeg6:jdsample.obj
 0001:00070ba0       jinit_color_deconverter    0000000140071ba0 f   jpeg6:jdcolor.obj
 0001:00070d40       ?jpeg_idct_float@@YAXPEAUjpeg_decompress_struct@@PEAUjpeg_component_info@@PEAFPEAPEAEI@Z 0000000140071d40 f   jpeg6:jidctflt.obj
 0001:00071250       PicoInit                   0000000140072250 f   picomodel:picomodel.obj
 0001:00071260       PicoSetMallocFunc          0000000140072260 f   picomodel:picomodel.obj
 0001:00071280       PicoSetFreeFunc            0000000140072280 f   picomodel:picomodel.obj
 0001:000712a0       PicoSetLoadFileFunc        00000001400722a0 f   picomodel:picomodel.obj
 0001:000712c0       PicoSetFreeFileFunc        00000001400722c0 f   picomodel:picomodel.obj
 0001:000712e0       PicoSetPrintFunc           00000001400722e0 f   picomodel:picomodel.obj
 0001:00071300       PicoNewModel               0000000140072300 f   picomodel:picomodel.obj
 0001:00071350       PicoAdjustModel            0000000140072350 f   picomodel:picomodel.obj
 0001:00071480       PicoNewShader              0000000140072480 f   picomodel:picomodel.obj
 0001:00071560       PicoFreeShader             0000000140072560 f   picomodel:picomodel.obj
 0001:000715a0       PicoFindShader             00000001400725a0 f   picomodel:picomodel.obj
 0001:00071690       PicoFreeSurface            0000000140072690 f   picomodel:picomodel.obj
 0001:00071770       PicoAdjustSurface          0000000140072770 f   picomodel:picomodel.obj
 0001:00071ab0       PicoNewSkin                0000000140072ab0 f   picomodel:picomodel.obj
 0001:00071b30       PicoAdjustSkin             0000000140072b30 f   picomodel:picomodel.obj
 0001:00071bd0       PicoNewSkinItem            0000000140072bd0 f   picomodel:picomodel.obj
 0001:00071c40       PicoFreeSkinItem           0000000140072c40 f   picomodel:picomodel.obj
 0001:00071c80       PicoSetModelFrameNum       0000000140072c80 f   picomodel:picomodel.obj
 0001:00071c90       PicoSetModelNumFrames      0000000140072c90 f   picomodel:picomodel.obj
 0001:00071ca0       PicoSetSkinItemReplacement 0000000140072ca0 f   picomodel:picomodel.obj
 0001:00071ca0       PicoSetModelName           0000000140072ca0 f   picomodel:picomodel.obj
 0001:00071ca0       PicoSetShaderName          0000000140072ca0 f   picomodel:picomodel.obj
 0001:00071ce0       PicoSetModelFileName       0000000140072ce0 f   picomodel:picomodel.obj
 0001:00071ce0       PicoSetShaderMapName       0000000140072ce0 f   picomodel:picomodel.obj
 0001:00071d20       PicoSetShaderAmbientColor  0000000140072d20 f   picomodel:picomodel.obj
 0001:00071d50       PicoSetShaderDiffuseColor  0000000140072d50 f   picomodel:picomodel.obj
 0001:00071d80       PicoSetShaderSpecularColor 0000000140072d80 f   picomodel:picomodel.obj
 0001:00071db0       PicoSetShaderTransparency  0000000140072db0 f   picomodel:picomodel.obj
 0001:00071df0       PicoSetShaderShininess     0000000140072df0 f   picomodel:picomodel.obj
 0001:00071e30       PicoSetSurfaceType         0000000140072e30 f   picomodel:picomodel.obj
 0001:00071e40       PicoSetSurfaceName         0000000140072e40 f   picomodel:picomodel.obj
 0001:00071e80       PicoSetSurfaceShader       0000000140072e80 f   picomodel:picomodel.obj
 0001:00071e90       PicoSetSurfaceXYZ          0000000140072e90 f   picomodel:picomodel.obj
 0001:00071f20       PicoSetSurfaceNormal       0000000140072f20 f   picomodel:picomodel.obj
 0001:00071f90       PicoSetSurfaceST           0000000140072f90 f   picomodel:picomodel.obj
 0001:00072010       PicoSetSurfaceColor        0000000140073010 f   picomodel:picomodel.obj
 0001:000720c0       PicoSetSurfaceIndex        00000001400730c0 f   picomodel:picomodel.obj
 0001:00072120       PicoSetSurfaceSmoothingGroup 0000000140073120 f   picomodel:picomodel.obj
 0001:00072170       PicoSetSkinNum             0000000140073170 f   picomodel:picomodel.obj
 0001:00072180       PicoSetSkinItemObject      0000000140073180 f   picomodel:picomodel.obj
 0001:000721c0       PicoGetModelName           00000001400731c0 f   picomodel:picomodel.obj
 0001:000721e0       PicoGetShaderMapName       00000001400731e0 f   picomodel:picomodel.obj
 0001:000721e0       PicoGetModelFileName       00000001400731e0 f   picomodel:picomodel.obj
 0001:00072200       PicoGetModelFrameNum       0000000140073200 f   picomodel:picomodel.obj
 0001:00072210       PicoGetModelShader         0000000140073210 f   picomodel:picomodel.obj
 0001:00072240       PicoGetModelNumSurfaces    0000000140073240 f   picomodel:picomodel.obj
 0001:00072250       PicoGetModelSurface        0000000140073250 f   picomodel:picomodel.obj
 0001:00072280       PicoGetSurfaceType         0000000140073280 f   picomodel:picomodel.obj
 0001:00072290       PicoGetSurfaceNumVertexes  0000000140073290 f   picomodel:picomodel.obj
 0001:000722a0       PicoGetSurfaceXYZ          00000001400732a0 f   picomodel:picomodel.obj
 0001:000722d0       PicoGetSurfaceNormal       00000001400732d0 f   picomodel:picomodel.obj
 0001:00072300       PicoGetSurfaceST           0000000140073300 f   picomodel:picomodel.obj
 0001:00072330       PicoGetSurfaceColor        0000000140073330 f   picomodel:picomodel.obj
 0001:00072360       PicoGetSurfaceNumIndexes   0000000140073360 f   picomodel:picomodel.obj
 0001:00072370       PicoGetSurfaceIndexes      0000000140073370 f   picomodel:picomodel.obj
 0001:00072390       PicoGetSurfaceShaderNameForSkin 0000000140073390 f   picomodel:picomodel.obj
 0001:00072470       PicoVertexCoordGenerateHash 0000000140073470 f   picomodel:picomodel.obj
 0001:00072590       PicoNewVertexCombinationHashTable 0000000140073590 f   picomodel:picomodel.obj
 0001:000725c0       PicoFreeVertexCombinationHashTable 00000001400735c0 f   picomodel:picomodel.obj
 0001:00072640       PicoFindVertexCombinationInHashTable 0000000140073640 f   picomodel:picomodel.obj
 0001:00072800       PicoAddVertexCombinationToHashTable 0000000140073800 f   picomodel:picomodel.obj
 0001:000728f0       PicoFindSurfaceVertexNum   00000001400738f0 f   picomodel:picomodel.obj
 0001:00072bf0       indexarray_push_back       0000000140073bf0 f   picomodel:picomodel.obj
 0001:00072c00       indexarray_reserve         0000000140073c00 f   picomodel:picomodel.obj
 0001:00072c30       binarytree_clear           0000000140073c30 f   picomodel:picomodel.obj
 0001:00072c30       indexarray_clear           0000000140073c30 f   picomodel:picomodel.obj
 0001:00072c40       binarytree_extend          0000000140073c40 f   picomodel:picomodel.obj
 0001:00072c60       binarytree_size            0000000140073c60 f   picomodel:picomodel.obj
 0001:00072c70       binarytree_reserve         0000000140073c70 f   picomodel:picomodel.obj
 0001:00072ca0       UniqueIndices_size         0000000140073ca0 f   picomodel:picomodel.obj
 0001:00072cb0       UniqueIndices_reserve      0000000140073cb0 f   picomodel:picomodel.obj
 0001:00072ce0       UniqueIndices_init         0000000140073ce0 f   picomodel:picomodel.obj
 0001:00072cf0       UniqueIndices_destroy      0000000140073cf0 f   picomodel:picomodel.obj
 0001:00072d10       UniqueIndices_find_or_insert 0000000140073d10 f   picomodel:picomodel.obj
 0001:00072de0       UniqueIndices_insert       0000000140073de0 f   picomodel:picomodel.obj
 0001:00072e20       lessSmoothVertex           0000000140073e20 f   picomodel:picomodel.obj
 0001:00072ea0       _pico_vertices_combine_shared_normals 0000000140073ea0 f   picomodel:picomodel.obj
 0001:00072ff0       _pico_triangles_generate_weighted_normals 0000000140073ff0 f   picomodel:picomodel.obj
 0001:000730d0       _pico_normals_zero         00000001400740d0 f   picomodel:picomodel.obj
 0001:00073110       _pico_normals_normalize    0000000140074110 f   picomodel:picomodel.obj
 0001:00073150       _pico_length_vec           0000000140074150 f   picomodel:picomodel.obj
 0001:00073180       _pico_normal_is_unit_length 0000000140074180 f   picomodel:picomodel.obj
 0001:000731c0       _pico_normal_within_tolerance 00000001400741c0 f   picomodel:picomodel.obj
 0001:000731f0       _pico_normals_assign_generated_normals 00000001400741f0 f   picomodel:picomodel.obj
 0001:00073260       PicoFixSurfaceNormals      0000000140074260 f   picomodel:picomodel.obj
 0001:00073300       PicoRemapModel             0000000140074300 f   picomodel:picomodel.obj
 0001:00073850       PicoParseToken             0000000140074850 f   picomodel:picomodel.obj
 0001:00073ae0       PicoLoadSkinFiles          0000000140074ae0 f   picomodel:picomodel.obj
 0001:00073da0       PicoModuleLoadModel        0000000140074da0 f   picomodel:picomodel.obj
 0001:00073e80       PicoLoadModel              0000000140074e80 f   picomodel:picomodel.obj
 0001:00073f70       PicoNewSurface             0000000140074f70 f   picomodel:picomodel.obj
 0001:00074020       PicoFreeSkin               0000000140075020 f   picomodel:picomodel.obj
 0001:00074080       PicoAddTriangleToModel     0000000140075080 f   picomodel:picomodel.obj
 0001:00074310       PicoFreeModel              0000000140075310 f   picomodel:picomodel.obj
 0001:00074400       _pico_alloc                0000000140075400 f   picomodel:picointernal.obj
 0001:00074460       _pico_calloc               0000000140075460 f   picomodel:picointernal.obj
 0001:000744d0       _pico_clone_alloc          00000001400754d0 f   picomodel:picointernal.obj
 0001:00074530       _pico_free                 0000000140075530 f   picomodel:picointernal.obj
 0001:00074550       _pico_load_file            0000000140075550 f   picomodel:picointernal.obj
 0001:00074570       _pico_free_file            0000000140075570 f   picomodel:picointernal.obj
 0001:000745a0       _pico_printf               00000001400755a0 f   picomodel:picointernal.obj
 0001:00074630       _pico_first_token          0000000140075630 f   picomodel:picointernal.obj
 0001:00074660       _pico_strltrim             0000000140075660 f   picomodel:picointernal.obj
 0001:000746e0       _pico_strrtrim             00000001400756e0 f   picomodel:picointernal.obj
 0001:000747a0       _pico_strlwr               00000001400757a0 f   picomodel:picointernal.obj
 0001:000747d0       _pico_strchcount           00000001400757d0 f   picomodel:picointernal.obj
 0001:00074800       _pico_zero_bounds          0000000140075800 f   picomodel:picointernal.obj
 0001:00074830       _pico_expand_bounds        0000000140075830 f   picomodel:picointernal.obj
 0001:00074890       _pico_zero_vec             0000000140075890 f   picomodel:picointernal.obj
 0001:000748a0       _pico_zero_vec2            00000001400758a0 f   picomodel:picointernal.obj
 0001:000748b0       _pico_set_vec              00000001400758b0 f   picomodel:picointernal.obj
 0001:000748c0       _pico_copy_vec             00000001400758c0 f   picomodel:picointernal.obj
 0001:000748e0       _pico_copy_vec2            00000001400758e0 f   picomodel:picointernal.obj
 0001:000748f0       _pico_normalize_vec        00000001400758f0 f   picomodel:picointernal.obj
 0001:00074980       _pico_add_vec              0000000140075980 f   picomodel:picointernal.obj
 0001:000749b0       _pico_subtract_vec         00000001400759b0 f   picomodel:picointernal.obj
 0001:000749e0       _pico_scale_vec            00000001400759e0 f   picomodel:picointernal.obj
 0001:00074a10       _pico_set_color            0000000140075a10 f   picomodel:picointernal.obj
 0001:00074a30       _pico_copy_color           0000000140075a30 f   picomodel:picointernal.obj
 0001:00074a50       _pico_little_long          0000000140075a50 f   picomodel:picointernal.obj
 0001:00074a60       _pico_little_short         0000000140075a60 f   picomodel:picointernal.obj
 0001:00074a70       _pico_stristr              0000000140075a70 f   picomodel:picointernal.obj
 0001:00074af0       _pico_unixify              0000000140075af0 f   picomodel:picointernal.obj
 0001:00074b20       _pico_nopath               0000000140075b20 f   picomodel:picointernal.obj
 0001:00074bc0       _pico_setfext              0000000140075bc0 f   picomodel:picointernal.obj
 0001:00074c90       _pico_new_parser           0000000140075c90 f   picomodel:picointernal.obj
 0001:00074d60       _pico_free_parser          0000000140075d60 f   picomodel:picointernal.obj
 0001:00074d90       _pico_parse_ex             0000000140075d90 f   picomodel:picointernal.obj
 0001:00074ef0       _pico_parse_first          0000000140075ef0 f   picomodel:picointernal.obj
 0001:00074f30       _pico_parse                0000000140075f30 f   picomodel:picointernal.obj
 0001:00074f60       _pico_parse_skip_rest      0000000140075f60 f   picomodel:picointernal.obj
 0001:00074f90       _pico_parse_skip_braced    0000000140075f90 f   picomodel:picointernal.obj
 0001:00075040       _pico_parse_check          0000000140076040 f   picomodel:picointernal.obj
 0001:000750a0       _pico_parse_int            00000001400760a0 f   picomodel:picointernal.obj
 0001:000750f0       _pico_parse_float          00000001400760f0 f   picomodel:picointernal.obj
 0001:00075140       _pico_parse_vec            0000000140076140 f   picomodel:picointernal.obj
 0001:000751e0       _pico_parse_vec2           00000001400761e0 f   picomodel:picointernal.obj
 0001:00075280       _pico_new_memstream        0000000140076280 f   picomodel:picointernal.obj
 0001:000752e0       _pico_free_memstream       00000001400762e0 f   picomodel:picointernal.obj
 0001:00075300       _pico_memstream_read       0000000140076300 f   picomodel:picointernal.obj
 0001:00075390       _pico_memstream_getc       0000000140076390 f   picomodel:picointernal.obj
 0001:000753d0       _pico_memstream_seek       00000001400763d0 f   picomodel:picointernal.obj
 0001:00075460       _pico_memstream_tell       0000000140076460 f   picomodel:picointernal.obj
 0001:00075480       _pico_realloc              0000000140076480 f   picomodel:picointernal.obj
 0001:00075520       PicoModuleList             0000000140076520 f   picomodel:picomodules.obj
 0001:000761d0       _terrain_load_tga_buffer   00000001400771d0 f   picomodel:pm_terrain.obj
 0001:0007a110       _ase_get_submaterial_or_default 000000014007b110 f   picomodel:pm_ase.obj
 0001:0007d040       lwFreeLayer                000000014007e040 f   picomodel:lwo2.obj
 0001:0007d090       lwFreeObject               000000014007e090 f   picomodel:lwo2.obj
 0001:0007d100       lwGetObject                000000014007e100 f   picomodel:lwo2.obj
 0001:0007d650       lwValidateObject           000000014007e650 f   picomodel:lwo2.obj
 0001:0007d720       lwListFree                 000000014007e720 f   picomodel:list.obj
 0001:0007d750       lwListAdd                  000000014007e750 f   picomodel:list.obj
 0001:0007d780       lwListInsert               000000014007e780 f   picomodel:list.obj
 0001:0007d820       lwFreeVMap                 000000014007e820 f   picomodel:vmap.obj
 0001:0007d890       lwGetVMap                  000000014007e890 f   picomodel:vmap.obj
 0001:0007daf0       lwGetPointVMaps            000000014007eaf0 f   picomodel:vmap.obj
 0001:0007dc50       lwGetPolyVMaps             000000014007ec50 f   picomodel:vmap.obj
 0001:0007de30       lwFreePoints               000000014007ee30 f   picomodel:pntspols.obj
 0001:0007dec0       lwFreePolygons             000000014007eec0 f   picomodel:pntspols.obj
 0001:0007dfa0       lwGetPoints                000000014007efa0 f   picomodel:pntspols.obj
 0001:0007e1c0       lwGetBoundingBox           000000014007f1c0 f   picomodel:pntspols.obj
 0001:0007e2b0       lwAllocPolygons            000000014007f2b0 f   picomodel:pntspols.obj
 0001:0007e3d0       lwGetPolygons              000000014007f3d0 f   picomodel:pntspols.obj
 0001:0007e5a0       lwGetPolyNormals           000000014007f5a0 f   picomodel:pntspols.obj
 0001:0007e710       lwGetPointPolygons         000000014007f710 f   picomodel:pntspols.obj
 0001:0007e870       lwResolvePolySurfaces      000000014007f870 f   picomodel:pntspols.obj
 0001:0007ea40       lwGetVertNormals           000000014007fa40 f   picomodel:pntspols.obj
 0001:0007ecc0       lwFreeTags                 000000014007fcc0 f   picomodel:pntspols.obj
 0001:0007ed40       lwGetTags                  000000014007fd40 f   picomodel:pntspols.obj
 0001:0007ee90       lwGetPolygonTags           000000014007fe90 f   picomodel:pntspols.obj
 0001:0007efd0       lwFreePlugin               000000014007ffd0 f   picomodel:surface.obj
 0001:0007f020       lwFreeTexture              0000000140080020 f   picomodel:surface.obj
 0001:0007f0b0       lwFreeSurface              00000001400800b0 f   picomodel:surface.obj
 0001:0007f1b0       lwGetTHeader               00000001400801b0 f   picomodel:surface.obj
 0001:0007f340       lwGetTMap                  0000000140080340 f   picomodel:surface.obj
 0001:0007f570       lwGetImageMap              0000000140080570 f   picomodel:surface.obj
 0001:0007f7f0       lwGetProcedural            00000001400807f0 f   picomodel:surface.obj
 0001:0007f990       lwGetGradient              0000000140080990 f   picomodel:surface.obj
 0001:0007fc40       lwGetTexture               0000000140080c40 f   picomodel:surface.obj
 0001:0007fd80       lwGetShader                0000000140080d80 f   picomodel:surface.obj
 0001:00080050       lwDefaultSurface           0000000140081050 f   picomodel:surface.obj
 0001:000800c0       lwGetSurface               00000001400810c0 f   picomodel:surface.obj
 0001:00080700       lwFreeClip                 0000000140081700 f   picomodel:clip.obj
 0001:000807d0       lwGetClip                  00000001400817d0 f   picomodel:clip.obj
 0001:00080c50       lwFreeEnvelope             0000000140081c50 f   picomodel:envelope.obj
 0001:00080cd0       lwGetEnvelope              0000000140081cd0 f   picomodel:envelope.obj
 0001:00081000       set_flen                   0000000140082000 f   picomodel:lwio.obj
 0001:00081010       get_flen                   0000000140082010 f   picomodel:lwio.obj
 0001:00081020       revbytes                   0000000140082020 f   picomodel:lwio.obj
 0001:000810a0       getbytes                   00000001400820a0 f   picomodel:lwio.obj
 0001:00081150       getI2                      0000000140082150 f   picomodel:lwio.obj
 0001:00081150       getU2                      0000000140082150 f   picomodel:lwio.obj
 0001:000811b0       getU4                      00000001400821b0 f   picomodel:lwio.obj
 0001:000811b0       getI4                      00000001400821b0 f   picomodel:lwio.obj
 0001:00081210       getU1                      0000000140082210 f   picomodel:lwio.obj
 0001:00081250       getVX                      0000000140082250 f   picomodel:lwio.obj
 0001:00081300       getF4                      0000000140082300 f   picomodel:lwio.obj
 0001:00081360       getS0                      0000000140082360 f   picomodel:lwio.obj
 0001:000814a0       sgetI2                     00000001400824a0 f   picomodel:lwio.obj
 0001:00081500       sgetU2                     0000000140082500 f   picomodel:lwio.obj
 0001:00081540       sgetU4                     0000000140082540 f   picomodel:lwio.obj
 0001:000815a0       sgetVX                     00000001400825a0 f   picomodel:lwio.obj
 0001:00081620       sgetF4                     0000000140082620 f   picomodel:lwio.obj
 0001:00081680       sgetS0                     0000000140082680 f   picomodel:lwio.obj
 0001:00081ae0       lwGetSurface5              0000000140082ae0 f   picomodel:lwob.obj
 0001:000824e0       lwGetPolygons5             00000001400834e0 f   picomodel:lwob.obj
 0001:000826a0       lwGetObject5               00000001400836a0 f   picomodel:lwob.obj
 0001:00082920       lwValidateObject5          0000000140083920 f   picomodel:lwob.obj
 0001:000829d0       _pico_dot_vec              00000001400839d0 f   picomodel:picointernal.obj
 0001:000829d0       dot                        00000001400839d0 f   picomodel:vecmath.obj
 0001:00082a00       _pico_cross_vec            0000000140083a00 f   picomodel:picointernal.obj
 0001:00082a00       cross                      0000000140083a00 f   picomodel:vecmath.obj
 0001:00082a60       normalize                  0000000140083a60 f   picomodel:vecmath.obj
 0001:00082aac       _stricmp                   0000000140083aac f   MSVCRT:MSVCR90.dll
 0001:00082ab2       rename                     0000000140083ab2 f   MSVCRT:MSVCR90.dll
 0001:00082ab8       sprintf                    0000000140083ab8 f   MSVCRT:MSVCR90.dll
 0001:00082abe       sscanf                     0000000140083abe f   MSVCRT:MSVCR90.dll
 0001:00082ac4       strncmp                    0000000140083ac4 f   MSVCRT:MSVCR90.dll
 0001:00082aca       free                       0000000140083aca f   MSVCRT:MSVCR90.dll
 0001:00082ad0       atoi                       0000000140083ad0 f   MSVCRT:MSVCR90.dll
 0001:00082ad6       remove                     0000000140083ad6 f   MSVCRT:MSVCR90.dll
 0001:00082adc       ftell                      0000000140083adc f   MSVCRT:MSVCR90.dll
 0001:00082ae2       realloc                    0000000140083ae2 f   MSVCRT:MSVCR90.dll
 0001:00082ae8       atof                       0000000140083ae8 f   MSVCRT:MSVCR90.dll
 0001:00082aee       _time64                    0000000140083aee f   MSVCRT:MSVCR90.dll
 0001:00082af4       asctime                    0000000140083af4 f   MSVCRT:MSVCR90.dll
 0001:00082afa       _localtime64               0000000140083afa f   MSVCRT:MSVCR90.dll
 0001:00082b00       fseek                      0000000140083b00 f   MSVCRT:MSVCR90.dll
 0001:00082b06       fclose                     0000000140083b06 f   MSVCRT:MSVCR90.dll
 0001:00082b0c       tmpnam                     0000000140083b0c f   MSVCRT:MSVCR90.dll
 0001:00082b12       strstr                     0000000140083b12 f   MSVCRT:MSVCR90.dll
 0001:00082b18       _onexit                    0000000140083b18 f   MSVCRT:atonexit.obj
 0001:00082bc8       atexit                     0000000140083bc8 f   MSVCRT:atonexit.obj
 0001:00082be0       printf                     0000000140083be0 f   MSVCRT:MSVCR90.dll
 0001:00082be6       fopen                      0000000140083be6 f   MSVCRT:MSVCR90.dll
 0001:00082bec       rand                       0000000140083bec f   MSVCRT:MSVCR90.dll
 0001:00082bf2       srand                      0000000140083bf2 f   MSVCRT:MSVCR90.dll
 0001:00082bf8       fwrite                     0000000140083bf8 f   MSVCRT:MSVCR90.dll
 0001:00082bfe       memmove                    0000000140083bfe f   MSVCRT:MSVCR90.dll
 0001:00082c04       _strnicmp                  0000000140083c04 f   MSVCRT:MSVCR90.dll
 0001:00082c0a       strchr                     0000000140083c0a f   MSVCRT:MSVCR90.dll
 0001:00082c10       strncpy                    0000000140083c10 f   MSVCRT:MSVCR90.dll
 0001:00082c16       exit                       0000000140083c16 f   MSVCRT:MSVCR90.dll
 0001:00082c1c       fprintf                    0000000140083c1c f   MSVCRT:MSVCR90.dll
 0001:00082c22       malloc                     0000000140083c22 f   MSVCRT:MSVCR90.dll
 0001:00082c28       strerror                   0000000140083c28 f   MSVCRT:MSVCR90.dll
 0001:00082c2e       fputs                      0000000140083c2e f   MSVCRT:MSVCR90.dll
 0001:00082c34       _errno                     0000000140083c34 f   MSVCRT:MSVCR90.dll
 0001:00082c3a       _mkdir                     0000000140083c3a f   MSVCRT:MSVCR90.dll
 0001:00082c40       fread                      0000000140083c40 f   MSVCRT:MSVCR90.dll
 0001:00082c46       _getcwd                    0000000140083c46 f   MSVCRT:MSVCR90.dll
 0001:00082c4c       vsprintf                   0000000140083c4c f   MSVCRT:MSVCR90.dll
 0001:00082c52       __iob_func                 0000000140083c52 f   MSVCRT:MSVCR90.dll
 0001:00082c58       fflush                     0000000140083c58 f   MSVCRT:MSVCR90.dll
 0001:00082c5e       rewind                     0000000140083c5e f   MSVCRT:MSVCR90.dll
 0001:00082c64       _access                    0000000140083c64 f   MSVCRT:MSVCR90.dll
 0001:00082c6a       _strdup                    0000000140083c6a f   MSVCRT:MSVCR90.dll
 0001:00082c70       strrchr                    0000000140083c70 f   MSVCRT:MSVCR90.dll
 0001:00082c76       sscanf_s                   0000000140083c76 f   MSVCRT:MSVCR90.dll
 0001:00082c7c       qsort                      0000000140083c7c f   MSVCRT:MSVCR90.dll
 0001:00082c82       fscanf                     0000000140083c82 f   MSVCRT:MSVCR90.dll
 0001:00082f58       mainCRTStartup             0000000140083f58 f   MSVCRT:crtexe.obj
 0001:00082f6a       memset                     0000000140083f6a f   MSVCRT:MSVCR90.dll
 0001:00082f70       _setjmp                    0000000140083f70 f   MSVCRT:MSVCR90.dll
 0001:00082f76       memcpy                     0000000140083f76 f   MSVCRT:MSVCR90.dll
 0001:00082f80       sin                        0000000140083f80 f   MSVCRT:MSVCR90.dll
 0001:00082f86       cos                        0000000140083f86 f   MSVCRT:MSVCR90.dll
 0001:00082f8c       acosf                      0000000140083f8c f   MSVCRT:MSVCR90.dll
 0001:00082f92       log                        0000000140083f92 f   MSVCRT:MSVCR90.dll
 0001:00082f98       __C_specific_handler       0000000140083f98 f   MSVCRT:MSVCR90.dll
 0001:00082f9e       _unlock                    0000000140083f9e f   MSVCRT:MSVCR90.dll
 0001:00082fa4       __dllonexit                0000000140083fa4 f   MSVCRT:MSVCR90.dll
 0001:00082faa       _lock                      0000000140083faa f   MSVCRT:MSVCR90.dll
 0001:00082fb0       ?__CxxUnhandledExceptionFilter@@YAJPEAU_EXCEPTION_POINTERS@@@Z 0000000140083fb0 f   MSVCRT:unhandld.obj
 0001:00082ff4       __CxxSetUnhandledExceptionFilter 0000000140083ff4 f   MSVCRT:unhandld.obj
 0001:0008300c       _amsg_exit                 000000014008400c f   MSVCRT:MSVCR90.dll
 0001:00083014       _RTC_Initialize            0000000140084014 f   MSVCRT:_initsect_.obj
 0001:0008304c       _RTC_Terminate             000000014008404c f   MSVCRT:_initsect_.obj
 0001:00083084       _XcptFilter                0000000140084084 f   MSVCRT:MSVCR90.dll
 0001:00083090       _ValidateImageBase         0000000140084090 f   MSVCRT:pesect.obj
 0001:000830c0       _FindPESection             00000001400840c0 f   MSVCRT:pesect.obj
 0001:00083110       _IsNonwritableInCurrentImage 0000000140084110 f   MSVCRT:pesect.obj
 0001:00083152       _initterm                  0000000140084152 f   MSVCRT:MSVCR90.dll
 0001:00083158       _initterm_e                0000000140084158 f   MSVCRT:MSVCR90.dll
 0001:00083160       _setargv                   0000000140084160 f   MSVCRT:dllargv.obj
 0001:00083160       _matherr                   0000000140084160 f   MSVCRT:merr.obj
 0001:00083164       __security_init_cookie     0000000140084164 f   MSVCRT:gs_support.obj
 0001:00083218       ?terminate@@YAXXZ          0000000140084218 f   MSVCRT:MSVCR90.dll
 0001:0008321e       send                       000000014008421e f   wsock32:WSOCK32.dll
 0001:00083224       gethostbyname              0000000140084224 f   wsock32:WSOCK32.dll
 0001:0008322a       closesocket                000000014008422a f   wsock32:WSOCK32.dll
 0001:00083230       socket                     0000000140084230 f   wsock32:WSOCK32.dll
 0001:00083236       bind                       0000000140084236 f   wsock32:WSOCK32.dll
 0001:0008323c       setsockopt                 000000014008423c f   wsock32:WSOCK32.dll
 0001:00083242       getsockname                0000000140084242 f   wsock32:WSOCK32.dll
 0001:00083248       ntohs                      0000000140084248 f   wsock32:WSOCK32.dll
 0001:0008324e       htons                      000000014008424e f   wsock32:WSOCK32.dll
 0001:00083254       WSAGetLastError            0000000140084254 f   wsock32:WSOCK32.dll
 0001:0008325a       htonl                      000000014008425a f   wsock32:WSOCK32.dll
 0001:00083260       inet_addr                  0000000140084260 f   wsock32:WSOCK32.dll
 0001:00083266       ntohl                      0000000140084266 f   wsock32:WSOCK32.dll
 0001:0008326c       WSAStartup                 000000014008426c f   wsock32:WSOCK32.dll
 0001:00083272       connect                    0000000140084272 f   wsock32:WSOCK32.dll
[...]
 0001:0004a560       ?PopulateTraceNodes@@YAXXZ 000000014004b560 f    CIL library: CIL module
 0001:0004b740       ?TraceLine_r@@YA?AW4qboolean@@HQEAM0PEAUtrace_t@@@Z 000000014004c740 f    CIL library: CIL module
 0001:0004c7a0       ?CalcTangentVectors@@YA?AW4qboolean@@HPEAPEAUbspDrawVert_t@@PEAY02M1@Z 000000014004d7a0 f    CIL library: CIL module
 0001:0004cb70       ?PerturbNormal@@YAXPEAUbspDrawVert_t@@PEAUshaderInfo_s@@QEAMQEAY02M3@Z 000000014004db70 f    CIL library: CIL module
 0001:0004ccd0       ?MapSingleLuxel@@YAHPEAUrawLightmap_s@@PEAUsurfaceInfo_s@@PEAUbspDrawVert_t@@QEAMMQEAY02M44@Z 000000014004dcd0 f    CIL library: CIL module
 0001:0004d880       ?MapTriangle_r@@YAXPEAUrawLightmap_s@@PEAUsurfaceInfo_s@@QEAPEAUbspDrawVert_t@@QEAMQEAY02M44@Z 000000014004e880 f    CIL library: CIL module
 0001:0004daf0       ?MapTriangle@@YA?AW4qboolean@@PEAUrawLightmap_s@@PEAUsurfaceInfo_s@@QEAPEAUbspDrawVert_t@@W41@@Z 000000014004eaf0 f    CIL library: CIL module
 0001:0004de00       ?MapQuad_r@@YAXPEAUrawLightmap_s@@PEAUsurfaceInfo_s@@QEAPEAUbspDrawVert_t@@QEAMQEAY02M4@Z 000000014004ee00 f    CIL library: CIL module
 0001:0004e140       ?MapQuad@@YA?AW4qboolean@@PEAUrawLightmap_s@@PEAUsurfaceInfo_s@@QEAPEAUbspDrawVert_t@@@Z 000000014004f140 f    CIL library: CIL module
 0001:00051690       ?SubmapRawLuxel@@YA?AW4qboolean@@PEAUrawLightmap_s@@HHMMPEAHQEAM2@Z 0000000140052690 f    CIL library: CIL module
 0001:00051a10       ?SubsampleRawLuxel_r@@YAXPEAUrawLightmap_s@@PEAUtrace_t@@QEAMHHMPEAM@Z 0000000140052a10 f    CIL library: CIL module
 0001:00057c20       ?CompareLightSurface@@YAHPEBX0@Z 0000000140058c20 f    CIL library: CIL module
 0001:000594f0       ?CompareSurfaceInfo@@YAHPEBX0@Z 000000014005a4f0 f    CIL library: CIL module
 0001:0005a420       ?CompareBSPLuxels@@YA?AW4qboolean@@PEAUrawLightmap_s@@H0H@Z 000000014005b420 f    CIL library: CIL module
 0001:0005a7d0       ?MergeBSPLuxels@@YA?AW4qboolean@@PEAUrawLightmap_s@@H0H@Z 000000014005b7d0 f    CIL library: CIL module
 0001:0005aa50       ?ApproximateLuxel@@YA?AW4qboolean@@PEAUrawLightmap_s@@PEAUbspDrawVert_t@@@Z 000000014005ba50 f    CIL library: CIL module
 0001:0005ac50       ?ApproximateTriangle_r@@YA?AW4qboolean@@PEAUrawLightmap_s@@QEAPEAUbspDrawVert_t@@@Z 000000014005bc50 f    CIL library: CIL module
 0001:0005ae60       ?ApproximateLightmap@@YA?AW4qboolean@@PEAUrawLightmap_s@@@Z 000000014005be60 f    CIL library: CIL module
 0001:0005b300       ?TestOutLightmapStamp@@YA?AW4qboolean@@PEAUrawLightmap_s@@HPEAUoutLightmap_s@@HH@Z 000000014005c300 f    CIL library: CIL module
 0001:0005b490       ?SetupOutLightmap@@YAXPEAUrawLightmap_s@@PEAUoutLightmap_s@@@Z 000000014005c490 f    CIL library: CIL module
 0001:0005b5f0       ?FindOutLightmaps@@YAXPEAUrawLightmap_s@@@Z 000000014005c5f0 f    CIL library: CIL module
 0001:0005bee0       ?CompareRawLightmap@@YAHPEBX0@Z 000000014005cee0 f    CIL library: CIL module
 0001:000646b0       ?ConvertCollapsedSurface@@YAXPEAU_iobuf@@PEAUbspModel_t@@HHHQEAM@Z 00000001400656b0 f    CIL library: CIL module
 0001:00065380       ?ConvertSurface@@YAXPEAU_iobuf@@PEAUbspModel_t@@HPEAUbspDrawSurface_t@@HQEAM@Z 0000000140066380 f    CIL library: CIL module
 0001:000659f0       ?ConvertModel@@YAXPEAU_iobuf@@PEAUbspModel_t@@HQEAMH@Z 00000001400669f0 f    CIL library: CIL module
 0001:00065b10       ?ConvertShader@@YAXPEAU_iobuf@@PEAUbspShader_t@@H@Z 0000000140066b10 f    CIL library: CIL module
 0001:00066220       ?ConvertBrush@@YAXPEAU_iobuf@@HPEAUbspBrush_t@@QEAM@Z 0000000140067220 f    CIL library: CIL module
 0001:000665a0       ?ConvertPatch@@YAXPEAU_iobuf@@HPEAUbspDrawSurface_t@@QEAM@Z 00000001400675a0 f    CIL library: CIL module
 0001:000667c0       ?ConvertModel@@YAXPEAU_iobuf@@PEAUbspModel_t@@HQEAM@Z 00000001400677c0 f    CIL library: CIL module
 0001:00068b80       DDSDecodePixelFormat       0000000140069b80 f   ddslib:ddslib.obj
 0001:00068c40       DDSGetColorBlockColors     0000000140069c40 f   ddslib:ddslib.obj
 0001:00068e10       DDSDecodeColorBlock        0000000140069e10 f   ddslib:ddslib.obj
 0001:00068ef0       DDSDecodeAlphaExplicit     0000000140069ef0 f   ddslib:ddslib.obj
 0001:00068ff0       DDSDecodeAlpha3BitLinear   0000000140069ff0 f   ddslib:ddslib.obj
 0001:000692f0       DDSDecompressDXT1          000000014006a2f0 f   ddslib:ddslib.obj
 0001:00069400       DDSDecompressDXT3          000000014006a400 f   ddslib:ddslib.obj
 0001:00069580       DDSDecompressDXT5          000000014006a580 f   ddslib:ddslib.obj
 0001:00069700       DDSDecompressDXT2          000000014006a700 f   ddslib:ddslib.obj
 0001:00069710       DDSDecompressDXT4          000000014006a710 f   ddslib:ddslib.obj
 0001:00069720       DDSDecompressARGB8888      000000014006a720 f   ddslib:ddslib.obj
 0001:00069b50       ?default_decompress_parms@@YAXPEAUjpeg_decompress_struct@@@Z 000000014006ab50 f   jpeg6:jdapimin.obj
 0001:00069f70       ?output_pass_setup@@YAEPEAUjpeg_decompress_struct@@@Z 000000014006af70 f   jpeg6:jdapistd.obj
 0001:0006a170       ?init_source@@YAXPEAUjpeg_decompress_struct@@@Z 000000014006b170 f   jpeg6:jdatasrc.obj
 0001:0006a180       ?fill_input_buffer@@YAEPEAUjpeg_decompress_struct@@@Z 000000014006b180 f   jpeg6:jdatasrc.obj
 0001:0006a1e0       ?skip_input_data@@YAXPEAUjpeg_decompress_struct@@J@Z 000000014006b1e0 f   jpeg6:jdatasrc.obj
 0001:0006a230       ?start_pass_dcolor@@YAXPEAUjpeg_decompress_struct@@@Z 000000014006b230 f   jpeg6:jdatasrc.obj
 0001:0006a230       ?term_source@@YAXPEAUjpeg_decompress_struct@@@Z 000000014006b230 f   jpeg6:jdatasrc.obj
 0001:0006a2f0       ?error_exit@@YAXPEAUjpeg_common_struct@@@Z 000000014006b2f0 f   jpeg6:jerror.obj
 0001:0006a320       ?output_message@@YAXPEAUjpeg_common_struct@@@Z 000000014006b320 f   jpeg6:jerror.obj
 0001:0006a350       ?emit_message@@YAXPEAUjpeg_common_struct@@H@Z 000000014006b350 f   jpeg6:jerror.obj
 0001:0006a390       ?format_message@@YAXPEAUjpeg_common_struct@@PEAD@Z 000000014006b390 f   jpeg6:jerror.obj
 0001:0006a470       ?reset_error_mgr@@YAXPEAUjpeg_common_struct@@@Z 000000014006b470 f   jpeg6:jerror.obj
 0001:0006a510       ?initial_setup@@YAXPEAUjpeg_decompress_struct@@@Z 000000014006b510 f   jpeg6:jdinput.obj
 0001:0006a720       ?per_scan_setup@@YAXPEAUjpeg_decompress_struct@@@Z 000000014006b720 f   jpeg6:jdinput.obj
 0001:0006a900       ?latch_quant_tables@@YAXPEAUjpeg_decompress_struct@@@Z 000000014006b900 f   jpeg6:jdinput.obj
 0001:0006a9d0       ?start_input_pass@@YAXPEAUjpeg_decompress_struct@@@Z 000000014006b9d0 f   jpeg6:jdinput.obj
 0001:0006aa20       ?consume_markers@@YAHPEAUjpeg_decompress_struct@@@Z 000000014006ba20 f   jpeg6:jdinput.obj
 0001:0006ab30       ?reset_input_controller@@YAXPEAUjpeg_decompress_struct@@@Z 000000014006bb30 f   jpeg6:jdinput.obj
 0001:0006ab80       ?finish_input_pass@@YAXPEAUjpeg_decompress_struct@@@Z 000000014006bb80 f   jpeg6:jdinput.obj
 0001:0006ac00       ?get_soi@@YAEPEAUjpeg_decompress_struct@@@Z 000000014006bc00 f   jpeg6:jdmarker.obj
 0001:0006acc0       ?get_sof@@YAEPEAUjpeg_decompress_struct@@EE@Z 000000014006bcc0 f   jpeg6:jdmarker.obj
 0001:0006b010       ?get_sos@@YAEPEAUjpeg_decompress_struct@@@Z 000000014006c010 f   jpeg6:jdmarker.obj
 0001:0006b340       ?get_app0@@YAEPEAUjpeg_decompress_struct@@@Z 000000014006c340 f   jpeg6:jdmarker.obj
 0001:0006b620       ?get_app14@@YAEPEAUjpeg_decompress_struct@@@Z 000000014006c620 f   jpeg6:jdmarker.obj
 0001:0006b810       ?get_dac@@YAEPEAUjpeg_decompress_struct@@@Z 000000014006c810 f   jpeg6:jdmarker.obj
 0001:0006b9c0       ?get_dht@@YAEPEAUjpeg_decompress_struct@@@Z 000000014006c9c0 f   jpeg6:jdmarker.obj
 0001:0006bcf0       ?get_dqt@@YAEPEAUjpeg_decompress_struct@@@Z 000000014006ccf0 f   jpeg6:jdmarker.obj
 0001:0006bf70       ?get_dri@@YAEPEAUjpeg_decompress_struct@@@Z 000000014006cf70 f   jpeg6:jdmarker.obj
 0001:0006c090       ?skip_variable@@YAEPEAUjpeg_decompress_struct@@@Z 000000014006d090 f   jpeg6:jdmarker.obj
 0001:0006c160       ?next_marker@@YAEPEAUjpeg_decompress_struct@@@Z 000000014006d160 f   jpeg6:jdmarker.obj
 0001:0006c2d0       ?first_marker@@YAEPEAUjpeg_decompress_struct@@@Z 000000014006d2d0 f   jpeg6:jdmarker.obj
 0001:0006c3a0       ?read_markers@@YAHPEAUjpeg_decompress_struct@@@Z 000000014006d3a0 f   jpeg6:jdmarker.obj
 0001:0006c6c0       ?read_restart_marker@@YAEPEAUjpeg_decompress_struct@@@Z 000000014006d6c0 f   jpeg6:jdmarker.obj
 0001:0006c890       ?reset_marker_reader@@YAXPEAUjpeg_decompress_struct@@@Z 000000014006d890 f   jpeg6:jdmarker.obj
 0001:0006c980       ?out_of_memory@@YAXPEAUjpeg_common_struct@@H@Z 000000014006d980 f   jpeg6:jmemmgr.obj
 0001:0006c9a0       ?alloc_small@@YAPEAXPEAUjpeg_common_struct@@H_K@Z 000000014006d9a0 f   jpeg6:jmemmgr.obj
 0001:0006cb20       ?alloc_large@@YAPEAXPEAUjpeg_common_struct@@H_K@Z 000000014006db20 f   jpeg6:jmemmgr.obj
 0001:0006cc00       ?alloc_sarray@@YAPEAPEAEPEAUjpeg_common_struct@@HII@Z 000000014006dc00 f   jpeg6:jmemmgr.obj
 0001:0006ccf0       ?alloc_barray@@YAPEAPEAY0EA@FPEAUjpeg_common_struct@@HII@Z 000000014006dcf0 f   jpeg6:jmemmgr.obj
 0001:0006ce00       ?request_virt_sarray@@YAPEAUjvirt_sarray_control@@PEAUjpeg_common_struct@@HEIII@Z 000000014006de00 f   jpeg6:jmemmgr.obj
 0001:0006ceb0       ?request_virt_barray@@YAPEAUjvirt_barray_control@@PEAUjpeg_common_struct@@HEIII@Z 000000014006deb0 f   jpeg6:jmemmgr.obj
 0001:0006cf60       ?realize_virt_arrays@@YAXPEAUjpeg_common_struct@@@Z 000000014006df60 f   jpeg6:jmemmgr.obj
 0001:0006d140       ?do_sarray_io@@YAXPEAUjpeg_common_struct@@PEAUjvirt_sarray_control@@E@Z 000000014006e140 f   jpeg6:jmemmgr.obj
 0001:0006d200       ?do_barray_io@@YAXPEAUjpeg_common_struct@@PEAUjvirt_barray_control@@E@Z 000000014006e200 f   jpeg6:jmemmgr.obj
 0001:0006d2c0       ?access_virt_sarray@@YAPEAPEAEPEAUjpeg_common_struct@@PEAUjvirt_sarray_control@@IIE@Z 000000014006e2c0 f   jpeg6:jmemmgr.obj
 0001:0006d420       ?access_virt_barray@@YAPEAPEAY0EA@FPEAUjpeg_common_struct@@PEAUjvirt_barray_control@@IIE@Z 000000014006e420 f   jpeg6:jmemmgr.obj
 0001:0006d580       ?free_pool@@YAXPEAUjpeg_common_struct@@H@Z 000000014006e580 f   jpeg6:jmemmgr.obj
 0001:0006d6d0       ?self_destruct@@YAXPEAUjpeg_common_struct@@@Z 000000014006e6d0 f   jpeg6:jmemmgr.obj
 0001:0006d950       ?use_merged_upsample@@YAEPEAUjpeg_decompress_struct@@@Z 000000014006e950 f   jpeg6:jdmaster.obj
 0001:0006da10       ?prepare_range_limit_table@@YAXPEAUjpeg_decompress_struct@@@Z 000000014006ea10 f   jpeg6:jdmaster.obj
 0001:0006dac0       ?master_selection@@YAXPEAUjpeg_decompress_struct@@@Z 000000014006eac0 f   jpeg6:jdmaster.obj
 0001:0006dc70       ?prepare_for_output_pass@@YAXPEAUjpeg_decompress_struct@@@Z 000000014006ec70 f   jpeg6:jdmaster.obj
 0001:0006ddc0       ?finish_output_pass@@YAXPEAUjpeg_decompress_struct@@@Z 000000014006edc0 f   jpeg6:jdmaster.obj
 0001:0006df30       ?alloc_funny_pointers@@YAXPEAUjpeg_decompress_struct@@@Z 000000014006ef30 f   jpeg6:jdmainct.obj
 0001:0006e030       ?make_funny_pointers@@YAXPEAUjpeg_decompress_struct@@@Z 000000014006f030 f   jpeg6:jdmainct.obj
 0001:0006e1d0       ?set_wraparound_pointers@@YAXPEAUjpeg_decompress_struct@@@Z 000000014006f1d0 f   jpeg6:jdmainct.obj
 0001:0006e2e0       ?set_bottom_pointers@@YAXPEAUjpeg_decompress_struct@@@Z 000000014006f2e0 f   jpeg6:jdmainct.obj
 0001:0006e3b0       ?process_data_simple_main@@YAXPEAUjpeg_decompress_struct@@PEAPEAEPEAII@Z 000000014006f3b0 f   jpeg6:jdmainct.obj
 0001:0006e460       ?process_data_context_main@@YAXPEAUjpeg_decompress_struct@@PEAPEAEPEAII@Z 000000014006f460 f   jpeg6:jdmainct.obj
 0001:0006e5f0       ?start_pass_main@@YAXPEAUjpeg_decompress_struct@@W4J_BUF_MODE@@@Z 000000014006f5f0 f   jpeg6:jdmainct.obj
 0001:0006e7a0       ?start_iMCU_row@@YAXPEAUjpeg_decompress_struct@@@Z 000000014006f7a0 f   jpeg6:jdcoefct.obj
 0001:0006e800       ?start_input_pass@@YAXPEAUjpeg_decompress_struct@@@Z 000000014006f800 f   jpeg6:jdcoefct.obj
 0001:0006e810       ?start_output_pass@@YAXPEAUjpeg_decompress_struct@@@Z 000000014006f810 f   jpeg6:jdcoefct.obj
 0001:0006e820       ?decompress_onepass@@YAHPEAUjpeg_decompress_struct@@PEAPEAPEAE@Z 000000014006f820 f   jpeg6:jdcoefct.obj
 0001:0006eae0       ?dummy_consume_data@@YAHPEAUjpeg_decompress_struct@@@Z 000000014006fae0 f   jpeg6:jdcoefct.obj
 0001:0006f070       ?process_restart@@YAEPEAUjpeg_decompress_struct@@@Z 0000000140070070 f   jpeg6:jdhuff.obj
 0001:0006f110       ?decode_mcu@@YAEPEAUjpeg_decompress_struct@@PEAPEAY0EA@F@Z 0000000140070110 f   jpeg6:jdhuff.obj
 0001:0006f5e0       ?start_pass_huff_decoder@@YAXPEAUjpeg_decompress_struct@@@Z 00000001400705e0 f   jpeg6:jdhuff.obj
 0001:0006f7a0       ?start_pass@@YAXPEAUjpeg_decompress_struct@@@Z 00000001400707a0 f   jpeg6:jddctmgr.obj
 0001:0006fb60       ?post_process_1pass@@YAXPEAUjpeg_decompress_struct@@PEAPEAPEAEPEAIIPEAPEAE2I@Z 0000000140070b60 f   jpeg6:jdpostct.obj
 0001:0006fc10       ?start_pass_dpost@@YAXPEAUjpeg_decompress_struct@@W4J_BUF_MODE@@@Z 0000000140070c10 f   jpeg6:jdpostct.obj
 0001:0006fd60       ?start_pass_upsample@@YAXPEAUjpeg_decompress_struct@@@Z 0000000140070d60 f   jpeg6:jdsample.obj
 0001:0006fd80       ?sep_upsample@@YAXPEAUjpeg_decompress_struct@@PEAPEAPEAEPEAIIPEAPEAE2I@Z 0000000140070d80 f   jpeg6:jdsample.obj
 0001:0006fed0       ?fullsize_upsample@@YAXPEAUjpeg_decompress_struct@@PEAUjpeg_component_info@@PEAPEAEPEAPEAPEAE@Z 0000000140070ed0 f   jpeg6:jdsample.obj
 0001:0006fee0       ?noop_upsample@@YAXPEAUjpeg_decompress_struct@@PEAUjpeg_component_info@@PEAPEAEPEAPEAPEAE@Z 0000000140070ee0 f   jpeg6:jdsample.obj
 0001:0006fef0       ?int_upsample@@YAXPEAUjpeg_decompress_struct@@PEAUjpeg_component_info@@PEAPEAEPEAPEAPEAE@Z 0000000140070ef0 f   jpeg6:jdsample.obj
 0001:00070050       ?h2v1_upsample@@YAXPEAUjpeg_decompress_struct@@PEAUjpeg_component_info@@PEAPEAEPEAPEAPEAE@Z 0000000140071050 f   jpeg6:jdsample.obj
 0001:000700c0       ?h2v2_upsample@@YAXPEAUjpeg_decompress_struct@@PEAUjpeg_component_info@@PEAPEAEPEAPEAPEAE@Z 00000001400710c0 f   jpeg6:jdsample.obj
 0001:00070180       ?h2v1_fancy_upsample@@YAXPEAUjpeg_decompress_struct@@PEAUjpeg_component_info@@PEAPEAEPEAPEAPEAE@Z 0000000140071180 f   jpeg6:jdsample.obj
 0001:00070270       ?h2v2_fancy_upsample@@YAXPEAUjpeg_decompress_struct@@PEAUjpeg_component_info@@PEAPEAEPEAPEAPEAE@Z 0000000140071270 f   jpeg6:jdsample.obj
 0001:00070630       ?build_ycc_rgb_table@@YAXPEAUjpeg_decompress_struct@@@Z 0000000140071630 f   jpeg6:jdcolor.obj
 0001:00070730       ?ycc_rgb_convert@@YAXPEAUjpeg_decompress_struct@@PEAPEAPEAEIPEAPEAEH@Z 0000000140071730 f   jpeg6:jdcolor.obj
 0001:000708d0       ?null_convert@@YAXPEAUjpeg_decompress_struct@@PEAPEAPEAEIPEAPEAEH@Z 00000001400718d0 f   jpeg6:jdcolor.obj
 0001:00070990       ?grayscale_convert@@YAXPEAUjpeg_decompress_struct@@PEAPEAPEAEIPEAPEAEH@Z 0000000140071990 f   jpeg6:jdcolor.obj
 0001:000709d0       ?ycck_cmyk_convert@@YAXPEAUjpeg_decompress_struct@@PEAPEAPEAEIPEAPEAEH@Z 00000001400719d0 f   jpeg6:jdcolor.obj
 0001:00075550       _obj_canload               0000000140076550 f   picomodel:pm_obj.obj
 0001:000756b0       SizeObjVertexData          00000001400766b0 f   picomodel:pm_obj.obj
 0001:00075770       FreeObjVertexData          0000000140076770 f   picomodel:pm_obj.obj
 0001:00075790       _obj_load                  0000000140076790 f   picomodel:pm_obj.obj
 0001:000766a0       _terrain_canload           00000001400776a0 f   picomodel:pm_terrain.obj
 0001:00076710       _terrain_load              0000000140077710 f   picomodel:pm_terrain.obj
 0001:00076ef0       lwo_lwIDToStr              0000000140077ef0 f   picomodel:pm_lwo.obj
 0001:00076f40       _lwo_canload               0000000140077f40 f   picomodel:pm_lwo.obj
 0001:00076fb0       _lwo_load                  0000000140077fb0 f   picomodel:pm_lwo.obj
 0001:000778b0       _fm_canload                00000001400788b0 f   picomodel:pm_fm.obj
 0001:000779e0       _fm_load                   00000001400789e0 f   picomodel:pm_fm.obj
 0001:000784c0       _md2_canload               00000001400794c0 f   picomodel:pm_md2.obj
 0001:00078510       _md2_load                  0000000140079510 f   picomodel:pm_md2.obj
 0001:00078f80       _mdc_canload               0000000140079f80 f   picomodel:pm_mdc.obj
 0001:00078fd0       _mdc_load                  0000000140079fd0 f   picomodel:pm_mdc.obj
 0001:000798b0       _ms3d_canload              000000014007a8b0 f   picomodel:pm_ms3d.obj
 0001:00079930       GetWord                    000000014007a930 f   picomodel:pm_ms3d.obj
 0001:00079970       _ms3d_load                 000000014007a970 f   picomodel:pm_ms3d.obj
 0001:0007a0a0       _ase_get_material          000000014007b0a0 f   picomodel:pm_ase.obj
 0001:0007a0c0       _ase_get_submaterial       000000014007b0c0 f   picomodel:pm_ase.obj
 0001:0007a170       _ase_add_material          000000014007b170 f   picomodel:pm_ase.obj
 0001:0007a1b0       _ase_add_submaterial       000000014007b1b0 f   picomodel:pm_ase.obj
 0001:0007a230       _ase_free_materials        000000014007b230 f   picomodel:pm_ase.obj
 0001:0007a2b0       _ase_canload               000000014007b2b0 f   picomodel:pm_ase.obj
 0001:0007a340       _ase_submit_triangles      000000014007b340 f   picomodel:pm_ase.obj
 0001:0007a8b0       _ase_load                  000000014007b8b0 f   picomodel:pm_ase.obj
 0001:0007bf10       _3ds_canload               000000014007cf10 f   picomodel:pm_3ds.obj
 0001:0007bf70       GetChunk                   000000014007cf70 f   picomodel:pm_3ds.obj
 0001:0007bfd0       GetASCIIZ                  000000014007cfd0 f   picomodel:pm_3ds.obj
 0001:0007c060       GetByte                    000000014007d060 f   picomodel:pm_3ds.obj
 0001:0007c080       GetWord                    000000014007d080 f   picomodel:pm_3ds.obj
 0001:0007c0c0       GetFloat                   000000014007d0c0 f   picomodel:pm_3ds.obj
 0001:0007c0f0       GetMeshVertices            000000014007d0f0 f   picomodel:pm_3ds.obj
 0001:0007c180       GetMeshFaces               000000014007d180 f   picomodel:pm_3ds.obj
 0001:0007c240       GetMeshTexCoords           000000014007d240 f   picomodel:pm_3ds.obj
 0001:0007c2d0       GetMeshShader              000000014007d2d0 f   picomodel:pm_3ds.obj
 0001:0007c4a0       GetDiffuseColor            000000014007d4a0 f   picomodel:pm_3ds.obj
 0001:0007c4f0       DoNextEditorDataChunk      000000014007d4f0 f   picomodel:pm_3ds.obj
 0001:0007c770       DoNextChunk                000000014007d770 f   picomodel:pm_3ds.obj
 0001:0007c830       _3ds_load                  000000014007d830 f   picomodel:pm_3ds.obj
 0001:0007c940       _md3_canload               000000014007d940 f   picomodel:pm_md3.obj
 0001:0007c990       _md3_load                  000000014007d990 f   picomodel:pm_md3.obj
 0001:0007ff60       compare_shaders            0000000140080f60 f   picomodel:surface.obj
 0001:0007ff60       compare_textures           0000000140080f60 f   picomodel:surface.obj
 0001:0007ff90       add_texture                0000000140080f90 f   picomodel:surface.obj
 0001:00080ca0       compare_keys               0000000140081ca0 f   picomodel:envelope.obj
 0001:00081750       add_clip                   0000000140082750 f   picomodel:lwob.obj
 0001:00081800       add_tvel                   0000000140082800 f   picomodel:lwob.obj
 0001:00081980       get_texture                0000000140082980 f   picomodel:lwob.obj
 0001:00082c88       pre_cpp_init               0000000140083c88 f   MSVCRT:crtexe.obj
 0001:00082cf0       __tmainCRTStartup          0000000140083cf0 f   MSVCRT:crtexe.obj
 0001:00082e70       pre_c_init                 0000000140083e70 f   MSVCRT:crtexe.obj
 0001:00083310       _onexit$fin$0              0000000140084310 f   MSVCRT:atonexit.obj
 0001:00083329       __tmainCRTStartup$filt$0   0000000140084329 f   MSVCRT:crtexe.obj
 0001:00083350       _IsNonwritableInCurrentImage$filt$0 0000000140084350 f   MSVCRT:pesect.obj
